.\zig-x86_64-windows-0.15.2\zig.exe : test
所在位置 行:1 字符: 1
+ .\zig-x86_64-windows-0.15.2\zig.exe build test 2>&1 > test_output.txt ...
+ ~~~~~~~~~~~~~~~~~~~~~~~~~~~~~~~~~~~~~~~~~~~~~~~~~~~~~~~~~~~~~~~~~~~~~
    + CategoryInfo          : NotSpecified: (test:String) [], RemoteException
    + FullyQualifiedErrorId : NativeCommandError
 
+- run test stderr
All test modules successfully imported via root test file
[Position] layoutAbsolute: start, position_left=50, position_top=100, containin
g_block=(800.0x600.0)
[Position] layoutAbsolute: no positioned ancestor found, using viewport (0, 0)
[Position] layoutAbsolute: set x = 0.0 + 50.0 = 50.0
[Position] layoutAbsolute: set y = 0.0 + 100.0 = 100.0
[Position] layoutAbsolute: final position = (50.0, 100.0)
[Position] layoutAbsolute: start, position_left=200, position_top=150, containi
ng_block=(800.0x600.0)
[Position] layoutAbsolute: no positioned ancestor found, using viewport (0, 0)
[Position] layoutAbsolute: set x = 0.0 + 200.0 = 200.0
[Position] layoutAbsolute: set y = 0.0 + 150.0 = 150.0
[Position] layoutAbsolute: final position = (200.0, 150.0)
[CPU Backend] fillRect: x=10.0, y=10.0, w=50.0, h=50.0, color=#ff0000
[CPU Backend] fillRect: x=0.0, y=0.0, w=100.0, h=100.0, color=#00ff00
[CPU Backend] fillRect: x=10.0, y=10.0, w=0.0, h=50.0, color=#ff0000
[CPU Backend] fillRect: x=50.0, y=50.0, w=100.0, h=100.0, color=#ff0000
[CPU Backend] strokeRect: x=10.0, y=10.0, w=50.0, h=50.0, width=2.0, color=#ff0
000
[CPU Backend] strokeRect: x=0.0, y=0.0, w=100.0, h=100.0, width=1.0, color=#00f
f00
[CPU Backend] strokeRect: x=10.0, y=10.0, w=50.0, h=50.0, width=0.0, color=#ff0
000
[CPU Backend] strokeRect: x=50.0, y=50.0, w=100.0, h=100.0, width=2.0, color=#f
f0000
[CPU Backend] fillRect: x=10.0, y=10.0, w=30.0, h=30.0, color=#ff0000
[CPU Backend] fillRect: x=0.0, y=0.0, w=20.0, h=20.0, color=#ff0000
[CPU Backend] fillRect: x=0.0, y=0.0, w=20.0, h=20.0, color=#00ff00
[CPU Backend] fillRect: x=10.0, y=10.0, w=20.0, h=20.0, color=#ff0000
[CPU Backend] fillRect: x=0.0, y=0.0, w=20.0, h=20.0, color=#ff0000
[CPU Backend] fillRect: x=0.0, y=0.0, w=100.0, h=100.0, color=#ff0000
[CPU Backend] fillRect: x=10.0, y=10.0, w=50.0, h=50.0, color=#ff0000
[Renderer] renderLayoutBox: node_type=html, content=(0.0, 0.0, 400.0x240.0)
[Renderer] renderBackground: bg_color=null, rect=(0.0, 0.0, 400.0x240.0)
[Renderer] renderLayoutBox: skipping metadata tag 'head'
[Renderer] renderLayoutBox: node_type=body, content=(0.0, 0.0, 400.0x240.0)
[Renderer] renderBackground: bg_color=.{ .r = 255, .g = 255, .b = 255, .a = 255
 }, rect=(0.0, 0.0, 400.0x240.0)
[CPU Backend] fillRect: x=0.0, y=0.0, w=400.0, h=240.0, color=#ffffff
[Renderer] renderLayoutBox: node_type=!DOCTYPE, content=(0.0, 0.0, 400.0x240.0)
[Renderer] renderBackground: bg_color=null, rect=(0.0, 0.0, 400.0x240.0)
[Renderer] renderLayoutBox: node_type=text, content=(0.0, 0.0, 400.0x24.0)
[Renderer] renderContent: text_node found, content="
", len=1
[Renderer] renderContent: text contains only whitespace, skipping
[Renderer] renderLayoutBox: node_type=html, content=(0.0, 24.0, 400.0x216.0)
[Renderer] renderBackground: bg_color=null, rect=(0.0, 24.0, 400.0x216.0)
[Renderer] renderLayoutBox: node_type=text, content=(0.0, 24.0, 400.0x24.0)
[Renderer] renderContent: text_node found, content="
", len=1
[Renderer] renderContent: text contains only whitespace, skipping
[Renderer] renderLayoutBox: skipping metadata tag 'head'
[Renderer] renderLayoutBox: node_type=text, content=(0.0, 72.0, 400.0x24.0)
[Renderer] renderContent: text_node found, content="
", len=1
[Renderer] renderContent: text contains only whitespace, skipping
[Renderer] renderLayoutBox: node_type=body, content=(0.0, 96.0, 400.0x120.0)
[Renderer] renderBackground: bg_color=.{ .r = 255, .g = 255, .b = 255, .a = 255
 }, rect=(0.0, 96.0, 400.0x120.0)
[CPU Backend] fillRect: x=0.0, y=96.0, w=400.0, h=120.0, color=#ffffff
[Renderer] renderLayoutBox: node_type=text, content=(0.0, 96.0, 400.0x24.0)
[Renderer] renderContent: text_node found, content="
  ", len=3
[Renderer] renderContent: text contains only whitespace, skipping
[Renderer] renderLayoutBox: node_type=h1, content=(0.0, 120.0, 400.0x24.0)
[Renderer] renderBackground: bg_color=null, rect=(0.0, 120.0, 400.0x24.0)
[Renderer] renderLayoutBox: node_type=text, content=(0.0, 120.0, 400.0x24.0)
[Renderer] renderContent: text_node found, content="Test Page", len=9
[Renderer] renderContent: text_color=.{ .r = 0, .g = 0, .b = 0, .a = 255 }, fon
t_size=24.0
[Renderer] renderContent: calling fillText at (0.0, 136.8), text="Test Page", r
ect=(0.0, 120.0, 400.0x24.0), font_size=24.0
[CPU Backend] fillText: text="Test Page", x=0.0, y=136.8, font_size=24.0, color
=#000000
[CPU Backend] Successfully loaded font from: C:\Windows\Fonts\arial.ttf
[Renderer] renderContent: not a text node (node_type=.element), skipping
[Renderer] renderLayoutBox: node_type=text, content=(0.0, 144.0, 400.0x24.0)
[Renderer] renderContent: text_node found, content="
  ", len=3
[Renderer] renderContent: text contains only whitespace, skipping
[Renderer] renderLayoutBox: node_type=p, content=(0.0, 168.0, 400.0x24.0)
[Renderer] renderBackground: bg_color=null, rect=(0.0, 168.0, 400.0x24.0)
[Renderer] renderLayoutBox: node_type=text, content=(0.0, 168.0, 400.0x24.0)
[Renderer] renderContent: text_node found, content="Hello, World!", len=13
[Renderer] renderContent: text_color=.{ .r = 51, .g = 51, .b = 51, .a = 255 }, 
font_size=16.0
[Renderer] renderContent: calling fillText at (0.0, 179.2), text="Hello, World!
", rect=(0.0, 168.0, 400.0x24.0), font_size=16.0
[CPU Backend] fillText: text="Hello, World!", x=0.0, y=179.2, font_size=16.0, c
olor=#333333
[Renderer] renderContent: not a text node (node_type=.element), skipping
[Renderer] renderLayoutBox: node_type=text, content=(0.0, 192.0, 400.0x24.0)
[Renderer] renderContent: text_node found, content="
", len=1
[Renderer] renderContent: text contains only whitespace, skipping
[Renderer] renderContent: not a text node (node_type=.element), skipping
[Renderer] renderLayoutBox: node_type=text, content=(0.0, 216.0, 400.0x24.0)
[Renderer] renderContent: text_node found, content="
", len=1
[Renderer] renderContent: text contains only whitespace, skipping
[Renderer] renderContent: not a text node (node_type=.element), skipping
[Renderer] renderContent: not a text node (node_type=.element), skipping
[Renderer] renderContent: not a text node (node_type=.element), skipping
[Renderer] renderContent: not a text node (node_type=.element), skipping
鉁?PNG file created successfully: test_output.png (480403 bytes)
[Cascade] parseInlineStyle: parsed keyword property 'background-color' = '#ff00
00'
[Cascade] computeStyle: inline style 'background-color' added to computed prope
rties
[Renderer] renderLayoutBox: node_type=html, content=(0.0, 0.0, 100.0x96.0)
[Renderer] renderBackground: bg_color=null, rect=(0.0, 0.0, 100.0x96.0)
[Renderer] renderLayoutBox: skipping metadata tag 'head'
[Renderer] renderLayoutBox: node_type=body, content=(0.0, 0.0, 100.0x96.0)
[Renderer] renderBackground: bg_color=null, rect=(0.0, 0.0, 100.0x96.0)
[Renderer] renderLayoutBox: node_type=!DOCTYPE, content=(0.0, 0.0, 100.0x96.0)
[Renderer] renderBackground: bg_color=null, rect=(0.0, 0.0, 100.0x96.0)
[Renderer] renderLayoutBox: node_type=text, content=(0.0, 0.0, 100.0x24.0)
[Renderer] renderContent: text_node found, content="
", len=1
[Renderer] renderContent: text contains only whitespace, skipping
[Renderer] renderLayoutBox: node_type=html, content=(0.0, 24.0, 100.0x72.0)
[Renderer] renderBackground: bg_color=null, rect=(0.0, 24.0, 100.0x72.0)
[Renderer] renderLayoutBox: node_type=text, content=(0.0, 24.0, 100.0x24.0)
[Renderer] renderContent: text_node found, content="
", len=1
[Renderer] renderContent: text contains only whitespace, skipping
[Renderer] renderLayoutBox: node_type=body, content=(0.0, 48.0, 100.0x24.0)
[Cascade] parseInlineStyle: parsed keyword property 'background-color' = '#ff00
00'
[Cascade] computeStyle: inline style 'background-color' added to computed prope
rties
[Renderer] renderBackground: bg_color=null, rect=(0.0, 48.0, 100.0x24.0)
[Renderer] renderLayoutBox: node_type=text, content=(0.0, 48.0, 100.0x24.0)
[Renderer] renderContent: text_node found, content="
", len=1
[Renderer] renderContent: text contains only whitespace, skipping
[Renderer] renderContent: not a text node (node_type=.element), skipping
[Renderer] renderLayoutBox: node_type=text, content=(0.0, 72.0, 100.0x24.0)
[Renderer] renderContent: text_node found, content="
", len=1
[Renderer] renderContent: text contains only whitespace, skipping
[Renderer] renderContent: not a text node (node_type=.element), skipping
[Renderer] renderContent: not a text node (node_type=.element), skipping
[Renderer] renderContent: not a text node (node_type=.element), skipping
[Renderer] renderContent: not a text node (node_type=.element), skipping
First pixel: R=255, G=255, B=255, A=255
Non-zero pixel at index 0: 255
Non-zero pixel at index 1: 255
Non-zero pixel at index 2: 255
Non-zero pixel at index 3: 255
Non-zero pixel at index 4: 255
Non-zero pixel at index 5: 255
Non-zero pixel at index 6: 255
Non-zero pixel at index 7: 255
Non-zero pixel at index 8: 255
Non-zero pixel at index 9: 255
Non-zero pixel at index 10: 255
Non-zero pixel at index 11: 255
Non-zero pixel at index 12: 255
Non-zero pixel at index 13: 255
Non-zero pixel at index 14: 255
Non-zero pixel at index 15: 255
Non-zero pixel at index 16: 255
Non-zero pixel at index 17: 255
Non-zero pixel at index 18: 255
Non-zero pixel at index 19: 255
鉁?Pixel data retrieved successfully (40000 bytes)
鉁?PNG signature verified
鉁?PNG file created: png_verify_test.png (40168 bytes)
鉁?Found IHDR chunk at offset 12
  Width: 100, Height: 100
鉁?PNG file verification complete
鉁?Solid color PNG created: png_verify_solid.png (10118 bytes)
鉁?Gradient PNG created: png_verify_gradient.png (80173 bytes)
