test
+- run test 653/653 passed
[LAYOUT] Element: div, is_root: true
  margin: top=0.0, right=0.0, bottom=0.0, left=0.0
  padding: top=0.0, right=0.0, bottom=0.0, left=0.0
  content: x=0.0, y=0.0, width=800.0, height=0.0
  containing_block: width=800.0, height=600.0
  [UPDATE Y] child: div, content_height=50.0, margin.bottom=0.0, total_height=50.0, y after=50.0
[LAYOUT] Element: div, is_root: true
  margin: top=0.0, right=0.0, bottom=0.0, left=0.0
  padding: top=0.0, right=0.0, bottom=0.0, left=0.0
  content: x=0.0, y=0.0, width=800.0, height=0.0
  containing_block: width=800.0, height=600.0
  [UPDATE Y] child: div, content_height=50.0, margin.bottom=0.0, total_height=50.0, y after=50.0
  [UPDATE Y] child: div, content_height=60.0, margin.bottom=0.0, total_height=60.0, y after=110.0
  [UPDATE Y] child: div, content_height=40.0, margin.bottom=0.0, total_height=40.0, y after=150.0
[LAYOUT] Element: div, is_root: true
  margin: top=0.0, right=0.0, bottom=0.0, left=0.0
  padding: top=0.0, right=0.0, bottom=0.0, left=0.0
  content: x=0.0, y=0.0, width=800.0, height=0.0
  containing_block: width=800.0, height=600.0
  [UPDATE Y] child: div, content_height=50.0, margin.bottom=20.0, total_height=70.0, y after=80.0
[LAYOUT] Element: div, is_root: true
  margin: top=0.0, right=0.0, bottom=0.0, left=0.0
  padding: top=0.0, right=0.0, bottom=0.0, left=0.0
  content: x=0.0, y=0.0, width=800.0, height=0.0
  containing_block: width=800.0, height=600.0
[LAYOUT] Element: div, is_root: true
  margin: top=0.0, right=0.0, bottom=0.0, left=0.0
  padding: top=10.0, right=0.0, bottom=20.0, left=0.0
  content: x=0.0, y=0.0, width=800.0, height=0.0
  containing_block: width=800.0, height=600.0
  [UPDATE Y] child: div, content_height=50.0, margin.bottom=0.0, total_height=50.0, y after=60.0
[LAYOUT] Element: div, is_root: true
  margin: top=0.0, right=0.0, bottom=0.0, left=0.0
  padding: top=0.0, right=0.0, bottom=0.0, left=0.0
  content: x=0.0, y=0.0, width=800.0, height=0.0
  containing_block: width=800.0, height=600.0
[LAYOUT] Element: div, is_root: true
  margin: top=0.0, right=0.0, bottom=0.0, left=0.0
  padding: top=0.0, right=0.0, bottom=0.0, left=0.0
  content: x=0.0, y=0.0, width=800.0, height=0.0
  containing_block: width=800.0, height=600.0
  [UPDATE Y] child: div, content_height=0.0, margin.bottom=0.0, total_height=0.0, y after=0.0
  [UPDATE Y] child: div, content_height=0.0, margin.bottom=0.0, total_height=0.0, y after=0.0
[LAYOUT] Element: div, is_root: true
  margin: top=0.0, right=0.0, bottom=0.0, left=0.0
  padding: top=0.0, right=0.0, bottom=0.0, left=0.0
  content: x=0.0, y=0.0, width=0.0, height=0.0
  containing_block: width=0.0, height=0.0
[LAYOUT] Element: div, is_root: true
  margin: top=0.0, right=0.0, bottom=0.0, left=0.0
  padding: top=0.0, right=0.0, bottom=0.0, left=0.0
  content: x=0.0, y=0.0, width=10000.0, height=0.0
  containing_block: width=10000.0, height=10000.0
[LAYOUT] Element: html, is_root: true
  margin: top=0.0, right=0.0, bottom=0.0, left=0.0
  padding: top=0.0, right=0.0, bottom=0.0, left=0.0
  content: x=0.0, y=0.0, width=400.0, height=0.0
  containing_block: width=400.0, height=300.0
[LAYOUT] Root element (html) position set to (0, 0)
[LAYOUT] Element: body, is_root: false
  margin: top=0.0, right=0.0, bottom=0.0, left=0.0
  padding: top=0.0, right=0.0, bottom=0.0, left=0.0
  content: x=0.0, y=0.0, width=400.0, height=0.0
  containing_block: width=400.0, height=300.0
[LAYOUT] Body element position set: x=0.0, y=0.0 (margin: left=0.0, top=0.0)
[LAYOUT] Element: html, is_root: false
  margin: top=0.0, right=0.0, bottom=0.0, left=0.0
  padding: top=0.0, right=0.0, bottom=0.0, left=0.0
  content: x=0.0, y=0.0, width=400.0, height=0.0
  containing_block: width=400.0, height=300.0
[LAYOUT] Element: body, is_root: false
  margin: top=0.0, right=0.0, bottom=0.0, left=0.0
  padding: top=0.0, right=0.0, bottom=0.0, left=0.0
  content: x=0.0, y=0.0, width=400.0, height=0.0
  containing_block: width=400.0, height=300.0
[LAYOUT] Body element position set: x=0.0, y=0.0 (margin: left=0.0, top=0.0)
[CONTAINING BLOCK] body.content.width=400.0, child_containing_block.width=400.0
[WIDTH DEBUG] h1: containing_block.width=400.0, available_width=400.0, calculated_width=400.0
  [TEXT HEIGHT] text: "Test Page...", font_size=32.0, line_height=46.0, height=46.0
[LAYOUT] Child element: h1 (parent: body)
  parent.content: x=0.0, y=0.0
  parent.padding: left=0.0, top=0.0
  child.margin: left=0.0, top=16.1
  y (accumulated): 16.1
  child.content: x=0.0 (was 0.0), y=16.1 (was 0.0)
  [UPDATE Y] child: h1, content_height=62.1, margin.bottom=16.1, total_height=78.2, y after=94.2
  [TEXT HEIGHT] text: "Hello, World!...", font_size=16.0, line_height=19.2, height=19.2
[LAYOUT] Child element: p (parent: body)
  parent.content: x=0.0, y=0.0
  parent.padding: left=0.0, top=0.0
  child.margin: left=0.0, top=16.0
  y (accumulated): 94.2
  child.content: x=0.0 (was 0.0), y=110.2 (was 0.0)
  [UPDATE Y] child: p, content_height=35.2, margin.bottom=16.0, total_height=51.2, y after=145.4
[LAYOUT] Child element: body (parent: html)
  parent.content: x=0.0, y=0.0
  parent.padding: left=0.0, top=0.0
  child.margin: left=0.0, top=0.0
  y (accumulated): 0.0
  child.content: x=0.0 (was 0.0), y=0.0 (was 0.0)
  [UPDATE Y] child: body, content_height=145.4, margin.bottom=0.0, total_height=145.4, y after=145.4
[LAYOUT] Child element: !DOCTYPE (parent: body)
  parent.content: x=0.0, y=0.0
  parent.padding: left=0.0, top=0.0
  child.margin: left=0.0, top=0.0
  y (accumulated): 0.0
  child.content: x=0.0 (was 0.0), y=0.0 (was 0.0)
  [UPDATE Y] child: !DOCTYPE, content_height=145.4, margin.bottom=0.0, total_height=145.4, y after=145.4
[LAYOUT] Child element: body (parent: html)
  parent.content: x=0.0, y=0.0
  parent.padding: left=0.0, top=0.0
  child.margin: left=0.0, top=0.0
  y (accumulated): 0.0
  child.content: x=0.0 (was 0.0), y=0.0 (was 0.0)
  [UPDATE Y] child: body, content_height=145.4, margin.bottom=0.0, total_height=145.4, y after=145.4
[LAYOUT] Element: body, is_root: false
  margin: top=0.0, right=0.0, bottom=0.0, left=0.0
  padding: top=0.0, right=0.0, bottom=0.0, left=0.0
  content: x=0.0, y=0.0, width=400.0, height=145.4
  containing_block: width=400.0, height=145.4
[LAYOUT] Body element position set: x=0.0, y=0.0 (margin: left=0.0, top=0.0)
[LAYOUT] Element: html, is_root: false
  margin: top=0.0, right=0.0, bottom=0.0, left=0.0
  padding: top=0.0, right=0.0, bottom=0.0, left=0.0
  content: x=0.0, y=0.0, width=400.0, height=145.4
  containing_block: width=400.0, height=145.4
[LAYOUT] Element: body, is_root: false
  margin: top=0.0, right=0.0, bottom=0.0, left=0.0
  padding: top=0.0, right=0.0, bottom=0.0, left=0.0
  content: x=0.0, y=0.0, width=400.0, height=145.4
  containing_block: width=400.0, height=145.4
[LAYOUT] Body element position set: x=0.0, y=0.0 (margin: left=0.0, top=0.0)
[CONTAINING BLOCK] body.content.width=400.0, child_containing_block.width=400.0
[WIDTH DEBUG] h1: containing_block.width=400.0, available_width=400.0, calculated_width=400.0
[LAYOUT] Child element: h1 (parent: body)
  parent.content: x=0.0, y=0.0
  parent.padding: left=0.0, top=0.0
  child.margin: left=0.0, top=16.1
  y (accumulated): 16.1
  child.content: x=0.0 (was 0.0), y=16.1 (was 16.1)
  [UPDATE Y] child: h1, content_height=62.1, margin.bottom=16.1, total_height=78.2, y after=94.2
[LAYOUT] Child element: p (parent: body)
  parent.content: x=0.0, y=0.0
  parent.padding: left=0.0, top=0.0
  child.margin: left=0.0, top=16.0
  y (accumulated): 94.2
  child.content: x=0.0 (was 0.0), y=110.2 (was 110.2)
  [UPDATE Y] child: p, content_height=35.2, margin.bottom=16.0, total_height=51.2, y after=145.4
[LAYOUT] Child element: body (parent: html)
  parent.content: x=0.0, y=0.0
  parent.padding: left=0.0, top=0.0
  child.margin: left=0.0, top=0.0
  y (accumulated): 0.0
  child.content: x=0.0 (was 0.0), y=0.0 (was 0.0)
  [UPDATE Y] child: body, content_height=145.4, margin.bottom=0.0, total_height=145.4, y after=145.4
[LAYOUT] Child element: !DOCTYPE (parent: body)
  parent.content: x=0.0, y=0.0
  parent.padding: left=0.0, top=0.0
  child.margin: left=0.0, top=0.0
  y (accumulated): 0.0
  child.content: x=0.0 (was 0.0), y=0.0 (was 0.0)
  [UPDATE Y] child: !DOCTYPE, content_height=145.4, margin.bottom=0.0, total_height=145.4, y after=145.4
[LAYOUT] Element: html, is_root: false
  margin: top=0.0, right=0.0, bottom=0.0, left=0.0
  padding: top=0.0, right=0.0, bottom=0.0, left=0.0
  content: x=0.0, y=0.0, width=400.0, height=145.4
  containing_block: width=400.0, height=145.4
[LAYOUT] Element: body, is_root: false
  margin: top=0.0, right=0.0, bottom=0.0, left=0.0
  padding: top=0.0, right=0.0, bottom=0.0, left=0.0
  content: x=0.0, y=0.0, width=400.0, height=145.4
  containing_block: width=400.0, height=145.4
[LAYOUT] Body element position set: x=0.0, y=0.0 (margin: left=0.0, top=0.0)
[CONTAINING BLOCK] body.content.width=400.0, child_containing_block.width=400.0
[WIDTH DEBUG] h1: containing_block.width=400.0, available_width=400.0, calculated_width=400.0
[LAYOUT] Child element: h1 (parent: body)
  parent.content: x=0.0, y=0.0
  parent.padding: left=0.0, top=0.0
  child.margin: left=0.0, top=16.1
  y (accumulated): 16.1
  child.content: x=0.0 (was 0.0), y=16.1 (was 16.1)
  [UPDATE Y] child: h1, content_height=62.1, margin.bottom=16.1, total_height=78.2, y after=94.2
[LAYOUT] Child element: p (parent: body)
  parent.content: x=0.0, y=0.0
  parent.padding: left=0.0, top=0.0
  child.margin: left=0.0, top=16.0
  y (accumulated): 94.2
  child.content: x=0.0 (was 0.0), y=110.2 (was 110.2)
  [UPDATE Y] child: p, content_height=35.2, margin.bottom=16.0, total_height=51.2, y after=145.4
[LAYOUT] Child element: body (parent: html)
  parent.content: x=0.0, y=0.0
  parent.padding: left=0.0, top=0.0
  child.margin: left=0.0, top=0.0
  y (accumulated): 0.0
  child.content: x=0.0 (was 0.0), y=0.0 (was 0.0)
  [UPDATE Y] child: body, content_height=145.4, margin.bottom=0.0, total_height=145.4, y after=145.4
[LAYOUT] Element: html, is_root: false
  margin: top=0.0, right=0.0, bottom=0.0, left=0.0
  padding: top=0.0, right=0.0, bottom=0.0, left=0.0
  content: x=0.0, y=0.0, width=400.0, height=145.4
  containing_block: width=400.0, height=145.4
[LAYOUT] Element: body, is_root: false
  margin: top=0.0, right=0.0, bottom=0.0, left=0.0
  padding: top=0.0, right=0.0, bottom=0.0, left=0.0
  content: x=0.0, y=0.0, width=400.0, height=145.4
  containing_block: width=400.0, height=145.4
[LAYOUT] Body element position set: x=0.0, y=0.0 (margin: left=0.0, top=0.0)
[CONTAINING BLOCK] body.content.width=400.0, child_containing_block.width=400.0
[WIDTH DEBUG] h1: containing_block.width=400.0, available_width=400.0, calculated_width=400.0
[LAYOUT] Child element: h1 (parent: body)
  parent.content: x=0.0, y=0.0
  parent.padding: left=0.0, top=0.0
  child.margin: left=0.0, top=16.1
  y (accumulated): 16.1
  child.content: x=0.0 (was 0.0), y=16.1 (was 16.1)
  [UPDATE Y] child: h1, content_height=62.1, margin.bottom=16.1, total_height=78.2, y after=94.2
[LAYOUT] Child element: p (parent: body)
  parent.content: x=0.0, y=0.0
  parent.padding: left=0.0, top=0.0
  child.margin: left=0.0, top=16.0
  y (accumulated): 94.2
  child.content: x=0.0 (was 0.0), y=110.2 (was 110.2)
  [UPDATE Y] child: p, content_height=35.2, margin.bottom=16.0, total_height=51.2, y after=145.4
[LAYOUT] Child element: body (parent: html)
  parent.content: x=0.0, y=0.0
  parent.padding: left=0.0, top=0.0
  child.margin: left=0.0, top=0.0
  y (accumulated): 0.0
  child.content: x=0.0 (was 0.0), y=0.0 (was 0.0)
  [UPDATE Y] child: body, content_height=145.4, margin.bottom=0.0, total_height=145.4, y after=145.4
[LAYOUT] Element: body, is_root: false
  margin: top=0.0, right=0.0, bottom=0.0, left=0.0
  padding: top=0.0, right=0.0, bottom=0.0, left=0.0
  content: x=0.0, y=0.0, width=400.0, height=145.4
  containing_block: width=400.0, height=145.4
[LAYOUT] Body element position set: x=0.0, y=0.0 (margin: left=0.0, top=0.0)
[CONTAINING BLOCK] body.content.width=400.0, child_containing_block.width=400.0
[WIDTH DEBUG] h1: containing_block.width=400.0, available_width=400.0, calculated_width=400.0
[LAYOUT] Child element: h1 (parent: body)
  parent.content: x=0.0, y=0.0
  parent.padding: left=0.0, top=0.0
  child.margin: left=0.0, top=16.1
  y (accumulated): 16.1
  child.content: x=0.0 (was 0.0), y=16.1 (was 16.1)
  [UPDATE Y] child: h1, content_height=62.1, margin.bottom=16.1, total_height=78.2, y after=94.2
[LAYOUT] Child element: p (parent: body)
  parent.content: x=0.0, y=0.0
  parent.padding: left=0.0, top=0.0
  child.margin: left=0.0, top=16.0
  y (accumulated): 94.2
  child.content: x=0.0 (was 0.0), y=110.2 (was 110.2)
  [UPDATE Y] child: p, content_height=35.2, margin.bottom=16.0, total_height=51.2, y after=145.4
[WIDTH DEBUG] h1: containing_block.width=400.0, available_width=400.0, calculated_width=400.0

=== Element Layout Info ===
Tag: html

Box Model:
  Margin: top=0.00, right=0.00, bottom=0.00, left=0.00
  Border: top=0.00, right=0.00, bottom=0.00, left=0.00
  Padding: top=0.00, right=0.00, bottom=0.00, left=0.00
  Content: x=0.00, y=0.00, width=400.00, height=145.44
  Total Size: width=400.00, height=145.44
  Actual Position (content box): x=0.00, y=0.00
  Position (with margin): x=0.00, y=0.00

Computed Styles:
  display: block
==========================


=== Element Layout Info ===
Tag: body

Box Model:
  Margin: top=0.00, right=0.00, bottom=0.00, left=0.00
  Border: top=0.00, right=0.00, bottom=0.00, left=0.00
  Padding: top=0.00, right=0.00, bottom=0.00, left=0.00
  Content: x=0.00, y=0.00, width=400.00, height=145.44
  Total Size: width=400.00, height=145.44
  Actual Position (content box): x=0.00, y=0.00
  Position (with margin): x=0.00, y=0.00

Computed Styles:
  display: block
==========================


=== Element Layout Info ===
Tag: h1

Box Model:
  Margin: top=16.08, right=0.00, bottom=16.08, left=0.00
  Border: top=0.00, right=0.00, bottom=0.00, left=0.00
  Padding: top=0.00, right=0.00, bottom=0.00, left=0.00
  Content: x=0.00, y=16.08, width=400.00, height=62.08
  Total Size: width=400.00, height=62.08
  Actual Position (content box): x=0.00, y=16.08
  Position (with margin): x=0.00, y=0.00

Computed Styles:
  display: block
==========================

[LAYOUT] Element: html, is_root: true
  margin: top=0.0, right=0.0, bottom=0.0, left=0.0
  padding: top=0.0, right=0.0, bottom=0.0, left=0.0
  content: x=0.0, y=0.0, width=100.0, height=0.0
  containing_block: width=100.0, height=100.0
[LAYOUT] Root element (html) position set to (0, 0)
[LAYOUT] Element: body, is_root: false
  margin: top=0.0, right=0.0, bottom=0.0, left=0.0
  padding: top=0.0, right=0.0, bottom=0.0, left=0.0
  content: x=0.0, y=0.0, width=100.0, height=0.0
  containing_block: width=100.0, height=100.0
[LAYOUT] Body element position set: x=0.0, y=0.0 (margin: left=0.0, top=0.0)
[LAYOUT] Element: html, is_root: false
  margin: top=0.0, right=0.0, bottom=0.0, left=0.0
  padding: top=0.0, right=0.0, bottom=0.0, left=0.0
  content: x=0.0, y=0.0, width=100.0, height=0.0
  containing_block: width=100.0, height=100.0
[LAYOUT] Element: body, is_root: false
  margin: top=0.0, right=0.0, bottom=0.0, left=0.0
  padding: top=0.0, right=0.0, bottom=0.0, left=0.0
  content: x=0.0, y=0.0, width=100.0, height=0.0
  containing_block: width=100.0, height=100.0
[LAYOUT] Body element position set: x=0.0, y=0.0 (margin: left=0.0, top=0.0)
[LAYOUT] Child element: body (parent: html)
  parent.content: x=0.0, y=0.0
  parent.padding: left=0.0, top=0.0
  child.margin: left=0.0, top=0.0
  y (accumulated): 0.0
  child.content: x=0.0 (was 0.0), y=0.0 (was 0.0)
  [UPDATE Y] child: body, content_height=0.0, margin.bottom=0.0, total_height=0.0, y after=0.0
[LAYOUT] Child element: !DOCTYPE (parent: body)
  parent.content: x=0.0, y=0.0
  parent.padding: left=0.0, top=0.0
  child.margin: left=0.0, top=0.0
  y (accumulated): 0.0
  child.content: x=0.0 (was 0.0), y=0.0 (was 0.0)
  [UPDATE Y] child: !DOCTYPE, content_height=0.0, margin.bottom=0.0, total_height=0.0, y after=0.0
[LAYOUT] Child element: body (parent: html)
  parent.content: x=0.0, y=0.0
  parent.padding: left=0.0, top=0.0
  child.margin: left=0.0, top=0.0
  y (accumulated): 0.0
  child.content: x=0.0 (was 0.0), y=0.0 (was 0.0)
  [UPDATE Y] child: body, content_height=0.0, margin.bottom=0.0, total_height=0.0, y after=0.0
[LAYOUT] Element: body, is_root: false
  margin: top=0.0, right=0.0, bottom=0.0, left=0.0
  padding: top=0.0, right=0.0, bottom=0.0, left=0.0
  content: x=0.0, y=0.0, width=100.0, height=0.0
  containing_block: width=100.0, height=0.0
[LAYOUT] Body element position set: x=0.0, y=0.0 (margin: left=0.0, top=0.0)
[LAYOUT] Element: html, is_root: false
  margin: top=0.0, right=0.0, bottom=0.0, left=0.0
  padding: top=0.0, right=0.0, bottom=0.0, left=0.0
  content: x=0.0, y=0.0, width=100.0, height=0.0
  containing_block: width=100.0, height=0.0
[LAYOUT] Element: body, is_root: false
  margin: top=0.0, right=0.0, bottom=0.0, left=0.0
  padding: top=0.0, right=0.0, bottom=0.0, left=0.0
  content: x=0.0, y=0.0, width=100.0, height=0.0
  containing_block: width=100.0, height=0.0
[LAYOUT] Body element position set: x=0.0, y=0.0 (margin: left=0.0, top=0.0)
[LAYOUT] Child element: body (parent: html)
  parent.content: x=0.0, y=0.0
  parent.padding: left=0.0, top=0.0
  child.margin: left=0.0, top=0.0
  y (accumulated): 0.0
  child.content: x=0.0 (was 0.0), y=0.0 (was 0.0)
  [UPDATE Y] child: body, content_height=0.0, margin.bottom=0.0, total_height=0.0, y after=0.0
[LAYOUT] Child element: !DOCTYPE (parent: body)
  parent.content: x=0.0, y=0.0
  parent.padding: left=0.0, top=0.0
  child.margin: left=0.0, top=0.0
  y (accumulated): 0.0
  child.content: x=0.0 (was 0.0), y=0.0 (was 0.0)
  [UPDATE Y] child: !DOCTYPE, content_height=0.0, margin.bottom=0.0, total_height=0.0, y after=0.0
[LAYOUT] Element: html, is_root: false
  margin: top=0.0, right=0.0, bottom=0.0, left=0.0
  padding: top=0.0, right=0.0, bottom=0.0, left=0.0
  content: x=0.0, y=0.0, width=100.0, height=0.0
  containing_block: width=100.0, height=0.0
[LAYOUT] Element: body, is_root: false
  margin: top=0.0, right=0.0, bottom=0.0, left=0.0
  padding: top=0.0, right=0.0, bottom=0.0, left=0.0
  content: x=0.0, y=0.0, width=100.0, height=0.0
  containing_block: width=100.0, height=0.0
[LAYOUT] Body element position set: x=0.0, y=0.0 (margin: left=0.0, top=0.0)
[LAYOUT] Child element: body (parent: html)
  parent.content: x=0.0, y=0.0
  parent.padding: left=0.0, top=0.0
  child.margin: left=0.0, top=0.0
  y (accumulated): 0.0
  child.content: x=0.0 (was 0.0), y=0.0 (was 0.0)
  [UPDATE Y] child: body, content_height=0.0, margin.bottom=0.0, total_height=0.0, y after=0.0
[LAYOUT] Element: html, is_root: false
  margin: top=0.0, right=0.0, bottom=0.0, left=0.0
  padding: top=0.0, right=0.0, bottom=0.0, left=0.0
  content: x=0.0, y=0.0, width=100.0, height=0.0
  containing_block: width=100.0, height=0.0
[LAYOUT] Element: body, is_root: false
  margin: top=0.0, right=0.0, bottom=0.0, left=0.0
  padding: top=0.0, right=0.0, bottom=0.0, left=0.0
  content: x=0.0, y=0.0, width=100.0, height=0.0
  containing_block: width=100.0, height=0.0
[LAYOUT] Body element position set: x=0.0, y=0.0 (margin: left=0.0, top=0.0)
[LAYOUT] Child element: body (parent: html)
  parent.content: x=0.0, y=0.0
  parent.padding: left=0.0, top=0.0
  child.margin: left=0.0, top=0.0
  y (accumulated): 0.0
  child.content: x=0.0 (was 0.0), y=0.0 (was 0.0)
  [UPDATE Y] child: body, content_height=0.0, margin.bottom=0.0, total_height=0.0, y after=0.0
[LAYOUT] Element: body, is_root: false
  margin: top=0.0, right=0.0, bottom=0.0, left=0.0
  padding: top=0.0, right=0.0, bottom=0.0, left=0.0
  content: x=0.0, y=0.0, width=100.0, height=0.0
  containing_block: width=100.0, height=0.0
[LAYOUT] Body element position set: x=0.0, y=0.0 (margin: left=0.0, top=0.0)

=== Element Layout Info ===
Tag: html

Box Model:
  Margin: top=0.00, right=0.00, bottom=0.00, left=0.00
  Border: top=0.00, right=0.00, bottom=0.00, left=0.00
  Padding: top=0.00, right=0.00, bottom=0.00, left=0.00
  Content: x=0.00, y=0.00, width=100.00, height=0.00
  Total Size: width=100.00, height=0.00
  Actual Position (content box): x=0.00, y=0.00
  Position (with margin): x=0.00, y=0.00

Computed Styles:
  display: block
==========================


=== Element Layout Info ===
Tag: body

Box Model:
  Margin: top=0.00, right=0.00, bottom=0.00, left=0.00
  Border: top=0.00, right=0.00, bottom=0.00, left=0.00
  Padding: top=0.00, right=0.00, bottom=0.00, left=0.00
  Content: x=0.00, y=0.00, width=100.00, height=0.00
  Total Size: width=100.00, height=0.00
  Actual Position (content box): x=0.00, y=0.00
  Position (with margin): x=0.00, y=0.00

Computed Styles:
  display: block
==========================

Warning: h1 element not found in body
error: 'tests.html.test_page_layout_verification_test.test.test_page layout - element relative positions' logged errors: [STYLE] h1 font-size parsed: 32.0px
[STYLE] p font-size parsed: 32.0px
[LAYOUT] Element: html, is_root: true
  margin: top=0.0, right=0.0, bottom=0.0, left=0.0
  padding: top=0.0, right=0.0, bottom=0.0, left=0.0
  content: x=0.0, y=0.0, width=1200.0, height=0.0
  containing_block: width=1200.0, height=800.0
[LAYOUT] Root element (html) position set to (0, 0)
[LAYOUT] Element: body, is_root: false
  margin: top=0.0, right=0.0, bottom=0.0, left=0.0
  padding: top=20.0, right=20.0, bottom=20.0, left=20.0
  content: x=0.0, y=0.0, width=1160.0, height=0.0
  containing_block: width=1200.0, height=800.0
[LAYOUT] Body element position set: x=0.0, y=0.0 (margin: left=0.0, top=0.0)
[LAYOUT] Element: html, is_root: false
  margin: top=0.0, right=0.0, bottom=0.0, left=0.0
  padding: top=0.0, right=0.0, bottom=0.0, left=0.0
  content: x=0.0, y=0.0, width=1160.0, height=0.0
  containing_block: width=1160.0, height=800.0
[LAYOUT] Element: body, is_root: false
  margin: top=0.0, right=0.0, bottom=0.0, left=0.0
  padding: top=20.0, right=20.0, bottom=20.0, left=20.0
  content: x=0.0, y=0.0, width=1120.0, height=0.0
  containing_block: width=1160.0, height=800.0
[LAYOUT] Body element position set: x=0.0, y=0.0 (margin: left=0.0, top=0.0)
[CONTAINING BLOCK] body.content.width=1120.0, child_containing_block.width=1120.0
[WIDTH DEBUG] h1: containing_block.width=1120.0, available_width=1120.0, calculated_width=1120.0
  [TEXT HEIGHT] text: "ZBrowser功能测试...", font_size=32.0, line_height=46.0, height=46.0
[LAYOUT] Child element: h1 (parent: body)
  parent.content: x=0.0, y=0.0
  parent.padding: left=20.0, top=20.0
  child.margin: left=0.0, top=21.4
  y (accumulated): 20.0
  child.content: x=20.0 (was 0.0), y=41.4 (was 0.0)
  [UPDATE Y] child: h1, content_height=50.0, margin.bottom=21.4, total_height=71.4, y after=91.4
[LAYOUT] Child element: text (parent: body)
  parent.content: x=0.0, y=0.0
  parent.padding: left=20.0, top=20.0
  child.margin: left=0.0, top=0.0
  y (accumulated): 91.4
  child.content: x=20.0 (was 0.0), y=91.4 (was 0.0)
  [UPDATE Y] child: text, content_height=0.0, margin.bottom=0.0, total_height=0.0, y after=91.4
[WIDTH DEBUG] h1: containing_block.width=1086.0, available_width=1086.0, calculated_width=1086.0
  [TEXT HEIGHT] text: "块级布局测试...", font_size=32.0, line_height=46.0, height=46.0
[LAYOUT] Child element: h1 (parent: div)
  parent.content: x=0.0, y=0.0
  parent.padding: left=15.0, top=15.0
  child.margin: left=0.0, top=16.1
  y (accumulated): 15.0
  child.content: x=15.0 (was 0.0), y=31.1 (was 0.0)
  [UPDATE Y] child: h1, content_height=62.1, margin.bottom=16.1, total_height=78.2, y after=93.2
  [TEXT HEIGHT] text: "这是一个块级�...", font_size=16.0, line_height=24.0, height=24.0
  [TEXT HEIGHT] text: "这是另一个段�...", font_size=16.0, line_height=24.0, height=24.0
  [TEXT HEIGHT] text: "嵌套的div块级�...", font_size=16.0, line_height=24.0, height=24.0
  [UPDATE Y] child: div, content_height=96.0, margin.bottom=0.0, total_height=96.0, y after=301.2
[LAYOUT] Child element: div (parent: body)
  parent.content: x=0.0, y=0.0
  parent.padding: left=20.0, top=20.0
  child.margin: left=0.0, top=0.0
  y (accumulated): 91.4
  child.content: x=20.0 (was 0.0), y=91.4 (was 0.0)
  [UPDATE Y] child: div, content_height=350.2, margin.bottom=0.0, total_height=350.2, y after=441.6
[LAYOUT] Child element: text (parent: body)
  parent.content: x=0.0, y=0.0
  parent.padding: left=20.0, top=20.0
  child.margin: left=0.0, top=0.0
  y (accumulated): 441.6
  child.content: x=20.0 (was 0.0), y=441.6 (was 0.0)
  [UPDATE Y] child: text, content_height=0.0, margin.bottom=0.0, total_height=0.0, y after=441.6
  [TEXT HEIGHT] text: "
      这是行内�...", font_size=16.0, line_height=19.2, height=19.2
  [TEXT HEIGHT] text: "行内元素不会�...", font_size=16.0, line_height=19.2, height=19.2
[LAYOUT] Child element: div (parent: body)
  parent.content: x=0.0, y=0.0
  parent.padding: left=20.0, top=20.0
  child.margin: left=0.0, top=0.0
  y (accumulated): 441.6
  child.content: x=20.0 (was 0.0), y=441.6 (was 0.0)
  [UPDATE Y] child: div, content_height=329.4, margin.bottom=0.0, total_height=329.4, y after=771.0
[LAYOUT] Child element: text (parent: body)
  parent.content: x=0.0, y=0.0
  parent.padding: left=20.0, top=20.0
  child.margin: left=0.0, top=0.0
  y (accumulated): 771.0
  child.content: x=20.0 (was 0.0), y=771.0 (was 0.0)
  [UPDATE Y] child: text, content_height=0.0, margin.bottom=0.0, total_height=0.0, y after=771.0
  [UPDATE Y] child: div, content_height=59.2, margin.bottom=5.0, total_height=64.2, y after=138.2
  [UPDATE Y] child: div, content_height=59.2, margin.bottom=5.0, total_height=64.2, y after=202.4
[LAYOUT] Child element: div (parent: body)
  parent.content: x=0.0, y=0.0
  parent.padding: left=20.0, top=20.0
  child.margin: left=0.0, top=0.0
  y (accumulated): 771.0
  child.content: x=20.0 (was 0.0), y=771.0 (was 0.0)
  [UPDATE Y] child: div, content_height=334.0, margin.bottom=0.0, total_height=334.0, y after=1105.0
[LAYOUT] Child element: text (parent: body)
  parent.content: x=0.0, y=0.0
  parent.padding: left=20.0, top=20.0
  child.margin: left=0.0, top=0.0
  y (accumulated): 1105.0
  child.content: x=20.0 (was 0.0), y=1105.0 (was 0.0)
  [UPDATE Y] child: text, content_height=0.0, margin.bottom=0.0, total_height=0.0, y after=1105.0
  [TEXT HEIGHT] text: "左浮动元素...", font_size=16.0, line_height=19.2, height=19.2
  [TEXT HEIGHT] text: "这个元素会浮�...", font_size=16.0, line_height=19.2, height=19.2
  [TEXT HEIGHT] text: "右浮动元素...", font_size=16.0, line_height=19.2, height=19.2
  [TEXT HEIGHT] text: "这个元素会浮�...", font_size=16.0, line_height=19.2, height=19.2
  [TEXT HEIGHT] text: "这是正常流中�...", font_size=16.0, line_height=19.2, height=19.2
  [UPDATE Y] child: div, content_height=59.2, margin.bottom=0.0, total_height=59.2, y after=287.8
[LAYOUT] Child element: div (parent: body)
  parent.content: x=0.0, y=0.0
  parent.padding: left=20.0, top=20.0
  child.margin: left=0.0, top=0.0
  y (accumulated): 1105.0
  child.content: x=20.0 (was 0.0), y=1105.0 (was 0.0)
  [UPDATE Y] child: div, content_height=336.8, margin.bottom=0.0, total_height=336.8, y after=1441.8
[LAYOUT] Child element: text (parent: body)
  parent.content: x=0.0, y=0.0
  parent.padding: left=20.0, top=20.0
  child.margin: left=0.0, top=0.0
  y (accumulated): 1441.8
  child.content: x=20.0 (was 0.0), y=1441.8 (was 0.0)
  [UPDATE Y] child: text, content_height=0.0, margin.bottom=0.0, total_height=0.0, y after=1441.8
  [UPDATE Y] child: div, content_height=99.2, margin.bottom=5.0, total_height=104.2, y after=119.2
  [UPDATE Y] child: div, content_height=99.2, margin.bottom=5.0, total_height=104.2, y after=223.4
  [UPDATE Y] child: div, content_height=99.2, margin.bottom=5.0, total_height=104.2, y after=327.6
  [UPDATE Y] child: div, content_height=99.2, margin.bottom=5.0, total_height=104.2, y after=431.8
  [UPDATE Y] child: div, content_height=99.2, margin.bottom=5.0, total_height=104.2, y after=536.0
  [UPDATE Y] child: div, content_height=585.0, margin.bottom=0.0, total_height=585.0, y after=697.1
  [UPDATE Y] child: div, content_height=99.2, margin.bottom=5.0, total_height=104.2, y after=119.2
  [UPDATE Y] child: div, content_height=99.2, margin.bottom=5.0, total_height=104.2, y after=223.4
  [UPDATE Y] child: div, content_height=99.2, margin.bottom=5.0, total_height=104.2, y after=327.6
  [UPDATE Y] child: div, content_height=334.0, margin.bottom=0.0, total_height=334.0, y after=1031.1
[LAYOUT] Child element: div (parent: body)
  parent.content: x=0.0, y=0.0
  parent.padding: left=20.0, top=20.0
  child.margin: left=0.0, top=0.0
  y (accumulated): 1441.8
  child.content: x=20.0 (was 0.0), y=1441.8 (was 0.0)
  [UPDATE Y] child: div, content_height=1031.1, margin.bottom=0.0, total_height=1031.1, y after=2472.8
[LAYOUT] Child element: text (parent: body)
  parent.content: x=0.0, y=0.0
  parent.padding: left=20.0, top=20.0
  child.margin: left=0.0, top=0.0
  y (accumulated): 2472.8
  child.content: x=20.0 (was 0.0), y=2472.8 (was 0.0)
  [UPDATE Y] child: text, content_height=0.0, margin.bottom=0.0, total_height=0.0, y after=2472.8
  [UPDATE Y] child: div, content_height=79.2, margin.bottom=0.0, total_height=79.2, y after=94.2
  [UPDATE Y] child: div, content_height=79.2, margin.bottom=0.0, total_height=79.2, y after=173.4
  [UPDATE Y] child: div, content_height=79.2, margin.bottom=0.0, total_height=79.2, y after=252.6
  [UPDATE Y] child: div, content_height=79.2, margin.bottom=0.0, total_height=79.2, y after=331.8
  [UPDATE Y] child: div, content_height=79.2, margin.bottom=0.0, total_height=79.2, y after=411.0
  [UPDATE Y] child: div, content_height=79.2, margin.bottom=0.0, total_height=79.2, y after=490.2
  [UPDATE Y] child: div, content_height=79.2, margin.bottom=0.0, total_height=79.2, y after=569.4
  [UPDATE Y] child: div, content_height=79.2, margin.bottom=0.0, total_height=79.2, y after=648.6
  [UPDATE Y] child: div, content_height=697.6, margin.bottom=0.0, total_height=697.6, y after=809.7
[LAYOUT] Child element: div (parent: body)
  parent.content: x=0.0, y=0.0
  parent.padding: left=20.0, top=20.0
  child.margin: left=0.0, top=0.0
  y (accumulated): 2472.8
  child.content: x=20.0 (was 0.0), y=2472.8 (was 0.0)
  [UPDATE Y] child: div, content_height=809.7, margin.bottom=0.0, total_height=809.7, y after=3282.5
[LAYOUT] Child element: text (parent: body)
  parent.content: x=0.0, y=0.0
  parent.padding: left=20.0, top=20.0
  child.margin: left=0.0, top=0.0
  y (accumulated): 3282.5
  child.content: x=20.0 (was 0.0), y=3282.5 (was 0.0)
  [UPDATE Y] child: text, content_height=0.0, margin.bottom=0.0, total_height=0.0, y after=3282.5
  [TEXT HEIGHT] text: "大号文本（32px�...", font_size=16.0, line_height=19.2, height=19.2
  [TEXT HEIGHT] text: "中等文本（20px�...", font_size=16.0, line_height=19.2, height=19.2
  [TEXT HEIGHT] text: "小号文本（12px�...", font_size=16.0, line_height=19.2, height=19.2
  [TEXT HEIGHT] text: "下划线文本...", font_size=16.0, line_height=19.2, height=19.2
  [TEXT HEIGHT] text: "删除线文本...", font_size=16.0, line_height=19.2, height=19.2
[LAYOUT] Child element: div (parent: body)
  parent.content: x=0.0, y=0.0
  parent.padding: left=20.0, top=20.0
  child.margin: left=0.0, top=0.0
  y (accumulated): 3282.5
  child.content: x=20.0 (was 0.0), y=3282.5 (was 0.0)
  [UPDATE Y] child: div, content_height=405.5, margin.bottom=0.0, total_height=405.5, y after=3688.0
[LAYOUT] Child element: text (parent: body)
  parent.content: x=0.0, y=0.0
  parent.padding: left=20.0, top=20.0
  child.margin: left=0.0, top=0.0
  y (accumulated): 3688.0
  child.content: x=20.0 (was 0.0), y=3688.0 (was 0.0)
  [UPDATE Y] child: text, content_height=0.0, margin.bottom=0.0, total_height=0.0, y after=3688.0
  [TEXT HEIGHT] text: "这是一个测试�...", font_size=16.0, line_height=25.6, height=25.6
  [TEXT HEIGHT] text: "這是一個測試�...", font_size=16.0, line_height=25.6, height=25.6
  [TEXT HEIGHT] text: "これはテスト�...", font_size=16.0, line_height=25.6, height=25.6
  [TEXT HEIGHT] text: "이것은 테스트 ...", font_size=16.0, line_height=25.6, height=25.6
  [TEXT HEIGHT] text: "This is a test page ...", font_size=16.0, line_height=25.6, height=25.6
  [TEXT HEIGHT] text: "混合文本 Mixed T...", font_size=16.0, line_height=25.6, height=25.6
[LAYOUT] Child element: div (parent: body)
  parent.content: x=0.0, y=0.0
  parent.padding: left=20.0, top=20.0
  child.margin: left=0.0, top=0.0
  y (accumulated): 3688.0
  child.content: x=20.0 (was 0.0), y=3688.0 (was 0.0)
  [UPDATE Y] child: div, content_height=610.3, margin.bottom=0.0, total_height=610.3, y after=4298.4
[LAYOUT] Child element: text (parent: body)
  parent.content: x=0.0, y=0.0
  parent.padding: left=20.0, top=20.0
  child.margin: left=0.0, top=0.0
  y (accumulated): 4298.4
  child.content: x=20.0 (was 0.0), y=4298.4 (was 0.0)
  [UPDATE Y] child: text, content_height=0.0, margin.bottom=0.0, total_height=0.0, y after=4298.4
  [TEXT HEIGHT] text: "这个区域有实�...", font_size=16.0, line_height=19.2, height=19.2
  [TEXT HEIGHT] text: "这个区域有虚�...", font_size=16.0, line_height=19.2, height=19.2
  [UPDATE Y] child: div, content_height=117.2, margin.bottom=0.0, total_height=117.2, y after=273.9
[LAYOUT] Child element: div (parent: body)
  parent.content: x=0.0, y=0.0
  parent.padding: left=20.0, top=20.0
  child.margin: left=0.0, top=0.0
  y (accumulated): 4298.4
  child.content: x=20.0 (was 0.0), y=4298.4 (was 0.0)
  [UPDATE Y] child: div, content_height=343.9, margin.bottom=0.0, total_height=343.9, y after=4642.3
[LAYOUT] Child element: text (parent: body)
  parent.content: x=0.0, y=0.0
  parent.padding: left=20.0, top=20.0
  child.margin: left=0.0, top=0.0
  y (accumulated): 4642.3
  child.content: x=20.0 (was 0.0), y=4642.3 (was 0.0)
  [UPDATE Y] child: text, content_height=0.0, margin.bottom=0.0, total_height=0.0, y after=4642.3
  [TEXT HEIGHT] text: "第一层嵌套...", font_size=16.0, line_height=19.2, height=19.2
  [TEXT HEIGHT] text: "第二层嵌套...", font_size=16.0, line_height=19.2, height=19.2
  [TEXT HEIGHT] text: "第三层嵌套...", font_size=16.0, line_height=19.2, height=19.2
  [UPDATE Y] child: div, content_height=71.2, margin.bottom=2.0, total_height=73.2, y after=132.4
  [UPDATE Y] child: div, content_height=160.4, margin.bottom=3.0, total_height=163.4, y after=224.6
  [UPDATE Y] child: div, content_height=258.6, margin.bottom=5.0, total_height=263.6, y after=364.1
[LAYOUT] Child element: div (parent: body)
  parent.content: x=0.0, y=0.0
  parent.padding: left=20.0, top=20.0
  child.margin: left=0.0, top=0.0
  y (accumulated): 4642.3
  child.content: x=20.0 (was 0.0), y=4642.3 (was 0.0)
  [UPDATE Y] child: div, content_height=413.1, margin.bottom=0.0, total_height=413.1, y after=5055.4
[LAYOUT] Child element: text (parent: body)
  parent.content: x=0.0, y=0.0
  parent.padding: left=20.0, top=20.0
  child.margin: left=0.0, top=0.0
  y (accumulated): 5055.4
  child.content: x=20.0 (was 0.0), y=5055.4 (was 0.0)
  [UPDATE Y] child: text, content_height=0.0, margin.bottom=0.0, total_height=0.0, y after=5055.4
  [TEXT HEIGHT] text: "HTML实体：<div> &...", font_size=16.0, line_height=19.2, height=19.2
  [TEXT HEIGHT] text: "Unicode字符：© �...", font_size=16.0, line_height=19.2, height=19.2
  [TEXT HEIGHT] text: "数学符号：∑ �...", font_size=16.0, line_height=19.2, height=19.2
  [TEXT HEIGHT] text: "箭头符号：← �...", font_size=16.0, line_height=19.2, height=19.2
  [TEXT HEIGHT] text: "Emoji：😀 😃 �...", font_size=16.0, line_height=19.2, height=19.2
[LAYOUT] Child element: div (parent: body)
  parent.content: x=0.0, y=0.0
  parent.padding: left=20.0, top=20.0
  child.margin: left=0.0, top=0.0
  y (accumulated): 5055.4
  child.content: x=20.0 (was 0.0), y=5055.4 (was 0.0)
  [UPDATE Y] child: div, content_height=405.5, margin.bottom=0.0, total_height=405.5, y after=5460.9
[LAYOUT] Child element: text (parent: body)
  parent.content: x=0.0, y=0.0
  parent.padding: left=20.0, top=20.0
  child.margin: left=0.0, top=0.0
  y (accumulated): 5460.9
  child.content: x=20.0 (was 0.0), y=5460.9 (was 0.0)
  [UPDATE Y] child: text, content_height=0.0, margin.bottom=0.0, total_height=0.0, y after=5460.9
  [TEXT HEIGHT] text: "包含块级和行�...", font_size=16.0, line_height=19.2, height=19.2
  [UPDATE Y] child: div, content_height=222.4, margin.bottom=0.0, total_height=222.4, y after=222.4
  [TEXT HEIGHT] text: "另一个Flex子项�...", font_size=16.0, line_height=19.2, height=19.2
  [TEXT HEIGHT] text: "嵌套的div...", font_size=16.0, line_height=19.2, height=19.2
  [UPDATE Y] child: div, content_height=91.2, margin.bottom=0.0, total_height=91.2, y after=245.4
  [UPDATE Y] child: div, content_height=294.4, margin.bottom=0.0, total_height=294.4, y after=516.8
  [UPDATE Y] child: div, content_height=516.8, margin.bottom=0.0, total_height=516.8, y after=622.3
  [TEXT HEIGHT] text: "相对定位容器...", font_size=16.0, line_height=19.2, height=19.2
  [UPDATE Y] child: div, content_height=115.2, margin.bottom=0.0, total_height=115.2, y after=737.5
[LAYOUT] Child element: div (parent: body)
  parent.content: x=0.0, y=0.0
  parent.padding: left=20.0, top=20.0
  child.margin: left=0.0, top=0.0
  y (accumulated): 5460.9
  child.content: x=20.0 (was 0.0), y=5460.9 (was 0.0)
  [UPDATE Y] child: div, content_height=803.5, margin.bottom=0.0, total_height=803.5, y after=6264.4
[LAYOUT] Child element: text (parent: body)
  parent.content: x=0.0, y=0.0
  parent.padding: left=20.0, top=20.0
  child.margin: left=0.0, top=0.0
  y (accumulated): 6264.4
  child.content: x=20.0 (was 0.0), y=6264.4 (was 0.0)
  [UPDATE Y] child: text, content_height=0.0, margin.bottom=0.0, total_height=0.0, y after=6264.4
  [TEXT HEIGHT] text: "ZBrowser功能测试...", font_size=16.0, line_height=19.2, height=19.2
  [TEXT HEIGHT] text: "包含：块级布�...", font_size=16.0, line_height=19.2, height=19.2
[LAYOUT] Child element: div (parent: body)
  parent.content: x=0.0, y=0.0
  parent.padding: left=20.0, top=20.0
  child.margin: left=0.0, top=30.0
  y (accumulated): 6264.4
  child.content: x=20.0 (was 0.0), y=6294.4 (was 0.0)
  [UPDATE Y] child: div, content_height=182.4, margin.bottom=0.0, total_height=182.4, y after=6446.8
[LAYOUT] Child element: body (parent: html)
  parent.content: x=0.0, y=0.0
  parent.padding: left=0.0, top=0.0
  child.margin: left=0.0, top=0.0
  y (accumulated): 0.0
  child.content: x=0.0 (was 0.0), y=0.0 (was 0.0)
  [UPDATE Y] child: body, content_height=6506.8, margin.bottom=0.0, total_height=6506.8, y after=6506.8
[LAYOUT] Child element: !DOCTYPE (parent: body)
  parent.content: x=0.0, y=0.0
  parent.padding: left=20.0, top=20.0
  child.margin: left=0.0, top=0.0
  y (accumulated): 20.0
  child.content: x=20.0 (was 0.0), y=20.0 (was 0.0)
  [UPDATE Y] child: !DOCTYPE, content_height=6506.8, margin.bottom=0.0, total_height=6506.8, y after=6526.8
[LAYOUT] Child element: body (parent: html)
  parent.content: x=0.0, y=0.0
  parent.padding: left=0.0, top=0.0
  child.margin: left=0.0, top=0.0
  y (accumulated): 0.0
  child.content: x=0.0 (was 0.0), y=0.0 (was 0.0)
  [UPDATE Y] child: body, content_height=6586.8, margin.bottom=0.0, total_height=6586.8, y after=6586.8
[LAYOUT] Element: body, is_root: false
  margin: top=0.0, right=0.0, bottom=0.0, left=0.0
  padding: top=20.0, right=20.0, bottom=20.0, left=20.0
  content: x=0.0, y=0.0, width=1160.0, height=6546.8
  containing_block: width=1200.0, height=6586.8
[LAYOUT] Body element position set: x=0.0, y=0.0 (margin: left=0.0, top=0.0)
[LAYOUT] Element: html, is_root: false
  margin: top=0.0, right=0.0, bottom=0.0, left=0.0
  padding: top=0.0, right=0.0, bottom=0.0, left=0.0
  content: x=0.0, y=0.0, width=1160.0, height=6506.8
  containing_block: width=1160.0, height=6586.8
[LAYOUT] Element: body, is_root: false
  margin: top=0.0, right=0.0, bottom=0.0, left=0.0
  padding: top=20.0, right=20.0, bottom=20.0, left=20.0
  content: x=0.0, y=0.0, width=1120.0, height=6466.8
  containing_block: width=1160.0, height=6586.8
[LAYOUT] Body element position set: x=0.0, y=0.0 (margin: left=0.0, top=0.0)
[CONTAINING BLOCK] body.content.width=1120.0, child_containing_block.width=1120.0
[WIDTH DEBUG] h1: containing_block.width=1120.0, available_width=1120.0, calculated_width=1116.0
[LAYOUT] Child element: h1 (parent: body)
  parent.content: x=0.0, y=0.0
  parent.padding: left=20.0, top=20.0
  child.margin: left=0.0, top=21.4
  y (accumulated): 20.0
  child.content: x=20.0 (was 20.0), y=41.4 (was 41.4)
  [UPDATE Y] child: h1, content_height=50.0, margin.bottom=21.4, total_height=71.4, y after=91.4
[LAYOUT] Child element: text (parent: body)
  parent.content: x=0.0, y=0.0
  parent.padding: left=20.0, top=20.0
  child.margin: left=0.0, top=0.0
  y (accumulated): 91.4
  child.content: x=20.0 (was 20.0), y=91.4 (was 91.4)
  [UPDATE Y] child: text, content_height=0.0, margin.bottom=0.0, total_height=0.0, y after=91.4
[WIDTH DEBUG] h1: containing_block.width=1086.0, available_width=1086.0, calculated_width=1086.0
[LAYOUT] Child element: h1 (parent: div)
  parent.content: x=20.0, y=91.4
  parent.padding: left=15.0, top=15.0
  child.margin: left=0.0, top=16.1
  y (accumulated): 15.0
  child.content: x=15.0 (was 15.0), y=122.5 (was 31.1)
  [UPDATE Y] child: h1, content_height=62.1, margin.bottom=16.1, total_height=78.2, y after=93.2
  [UPDATE Y] child: div, content_height=96.0, margin.bottom=0.0, total_height=96.0, y after=301.2
[LAYOUT] Child element: div (parent: body)
  parent.content: x=0.0, y=0.0
  parent.padding: left=20.0, top=20.0
  child.margin: left=0.0, top=0.0
  y (accumulated): 91.4
  child.content: x=20.0 (was 20.0), y=91.4 (was 91.4)
  [UPDATE Y] child: div, content_height=350.2, margin.bottom=0.0, total_height=350.2, y after=441.6
[LAYOUT] Child element: text (parent: body)
  parent.content: x=0.0, y=0.0
  parent.padding: left=20.0, top=20.0
  child.margin: left=0.0, top=0.0
  y (accumulated): 441.6
  child.content: x=20.0 (was 20.0), y=441.6 (was 441.6)
  [UPDATE Y] child: text, content_height=0.0, margin.bottom=0.0, total_height=0.0, y after=441.6
[LAYOUT] Child element: div (parent: body)
  parent.content: x=0.0, y=0.0
  parent.padding: left=20.0, top=20.0
  child.margin: left=0.0, top=0.0
  y (accumulated): 441.6
  child.content: x=20.0 (was 20.0), y=441.6 (was 441.6)
  [UPDATE Y] child: div, content_height=329.4, margin.bottom=0.0, total_height=329.4, y after=771.0
[LAYOUT] Child element: text (parent: body)
  parent.content: x=0.0, y=0.0
  parent.padding: left=20.0, top=20.0
  child.margin: left=0.0, top=0.0
  y (accumulated): 771.0
  child.content: x=20.0 (was 20.0), y=771.0 (was 771.0)
  [UPDATE Y] child: text, content_height=0.0, margin.bottom=0.0, total_height=0.0, y after=771.0
  [UPDATE Y] child: div, content_height=59.2, margin.bottom=5.0, total_height=64.2, y after=138.2
  [UPDATE Y] child: div, content_height=59.2, margin.bottom=5.0, total_height=64.2, y after=202.4
[LAYOUT] Child element: div (parent: body)
  parent.content: x=0.0, y=0.0
  parent.padding: left=20.0, top=20.0
  child.margin: left=0.0, top=0.0
  y (accumulated): 771.0
  child.content: x=20.0 (was 20.0), y=771.0 (was 771.0)
  [UPDATE Y] child: div, content_height=334.0, margin.bottom=0.0, total_height=334.0, y after=1105.0
[LAYOUT] Child element: text (parent: body)
  parent.content: x=0.0, y=0.0
  parent.padding: left=20.0, top=20.0
  child.margin: left=0.0, top=0.0
  y (accumulated): 1105.0
  child.content: x=20.0 (was 20.0), y=1105.0 (was 1105.0)
  [UPDATE Y] child: text, content_height=0.0, margin.bottom=0.0, total_height=0.0, y after=1105.0
  [UPDATE Y] child: div, content_height=59.2, margin.bottom=0.0, total_height=59.2, y after=287.8
[LAYOUT] Child element: div (parent: body)
  parent.content: x=0.0, y=0.0
  parent.padding: left=20.0, top=20.0
  child.margin: left=0.0, top=0.0
  y (accumulated): 1105.0
  child.content: x=20.0 (was 20.0), y=1105.0 (was 1105.0)
  [UPDATE Y] child: div, content_height=336.8, margin.bottom=0.0, total_height=336.8, y after=1441.8
[LAYOUT] Child element: text (parent: body)
  parent.content: x=0.0, y=0.0
  parent.padding: left=20.0, top=20.0
  child.margin: left=0.0, top=0.0
  y (accumulated): 1441.8
  child.content: x=20.0 (was 20.0), y=1441.8 (was 1441.8)
  [UPDATE Y] child: text, content_height=0.0, margin.bottom=0.0, total_height=0.0, y after=1441.8
  [UPDATE Y] child: div, content_height=99.2, margin.bottom=5.0, total_height=104.2, y after=119.2
  [UPDATE Y] child: div, content_height=99.2, margin.bottom=5.0, total_height=104.2, y after=223.4
  [UPDATE Y] child: div, content_height=99.2, margin.bottom=5.0, total_height=104.2, y after=327.6
  [UPDATE Y] child: div, content_height=99.2, margin.bottom=5.0, total_height=104.2, y after=431.8
  [UPDATE Y] child: div, content_height=99.2, margin.bottom=5.0, total_height=104.2, y after=536.0
  [UPDATE Y] child: div, content_height=585.0, margin.bottom=0.0, total_height=585.0, y after=697.1
  [UPDATE Y] child: div, content_height=99.2, margin.bottom=5.0, total_height=104.2, y after=119.2
  [UPDATE Y] child: div, content_height=99.2, margin.bottom=5.0, total_height=104.2, y after=223.4
  [UPDATE Y] child: div, content_height=99.2, margin.bottom=5.0, total_height=104.2, y after=327.6
  [UPDATE Y] child: div, content_height=334.0, margin.bottom=0.0, total_height=334.0, y after=1031.1
[LAYOUT] Child element: div (parent: body)
  parent.content: x=0.0, y=0.0
  parent.padding: left=20.0, top=20.0
  child.margin: left=0.0, top=0.0
  y (accumulated): 1441.8
  child.content: x=20.0 (was 20.0), y=1441.8 (was 1441.8)
  [UPDATE Y] child: div, content_height=1031.1, margin.bottom=0.0, total_height=1031.1, y after=2472.8
[LAYOUT] Child element: text (parent: body)
  parent.content: x=0.0, y=0.0
  parent.padding: left=20.0, top=20.0
  child.margin: left=0.0, top=0.0
  y (accumulated): 2472.8
  child.content: x=20.0 (was 20.0), y=2472.8 (was 2472.8)
  [UPDATE Y] child: text, content_height=0.0, margin.bottom=0.0, total_height=0.0, y after=2472.8
  [UPDATE Y] child: div, content_height=79.2, margin.bottom=0.0, total_height=79.2, y after=94.2
  [UPDATE Y] child: div, content_height=79.2, margin.bottom=0.0, total_height=79.2, y after=173.4
  [UPDATE Y] child: div, content_height=79.2, margin.bottom=0.0, total_height=79.2, y after=252.6
  [UPDATE Y] child: div, content_height=79.2, margin.bottom=0.0, total_height=79.2, y after=331.8
  [UPDATE Y] child: div, content_height=79.2, margin.bottom=0.0, total_height=79.2, y after=411.0
  [UPDATE Y] child: div, content_height=79.2, margin.bottom=0.0, total_height=79.2, y after=490.2
  [UPDATE Y] child: div, content_height=79.2, margin.bottom=0.0, total_height=79.2, y after=569.4
  [UPDATE Y] child: div, content_height=79.2, margin.bottom=0.0, total_height=79.2, y after=648.6
  [UPDATE Y] child: div, content_height=697.6, margin.bottom=0.0, total_height=697.6, y after=809.7
[LAYOUT] Child element: div (parent: body)
  parent.content: x=0.0, y=0.0
  parent.padding: left=20.0, top=20.0
  child.margin: left=0.0, top=0.0
  y (accumulated): 2472.8
  child.content: x=20.0 (was 20.0), y=2472.8 (was 2472.8)
  [UPDATE Y] child: div, content_height=809.7, margin.bottom=0.0, total_height=809.7, y after=3282.5
[LAYOUT] Child element: text (parent: body)
  parent.content: x=0.0, y=0.0
  parent.padding: left=20.0, top=20.0
  child.margin: left=0.0, top=0.0
  y (accumulated): 3282.5
  child.content: x=20.0 (was 20.0), y=3282.5 (was 3282.5)
  [UPDATE Y] child: text, content_height=0.0, margin.bottom=0.0, total_height=0.0, y after=3282.5
[LAYOUT] Child element: div (parent: body)
  parent.content: x=0.0, y=0.0
  parent.padding: left=20.0, top=20.0
  child.margin: left=0.0, top=0.0
  y (accumulated): 3282.5
  child.content: x=20.0 (was 20.0), y=3282.5 (was 3282.5)
  [UPDATE Y] child: div, content_height=405.5, margin.bottom=0.0, total_height=405.5, y after=3688.0
[LAYOUT] Child element: text (parent: body)
  parent.content: x=0.0, y=0.0
  parent.padding: left=20.0, top=20.0
  child.margin: left=0.0, top=0.0
  y (accumulated): 3688.0
  child.content: x=20.0 (was 20.0), y=3688.0 (was 3688.0)
  [UPDATE Y] child: text, content_height=0.0, margin.bottom=0.0, total_height=0.0, y after=3688.0
[LAYOUT] Child element: div (parent: body)
  parent.content: x=0.0, y=0.0
  parent.padding: left=20.0, top=20.0
  child.margin: left=0.0, top=0.0
  y (accumulated): 3688.0
  child.content: x=20.0 (was 20.0), y=3688.0 (was 3688.0)
  [UPDATE Y] child: div, content_height=610.3, margin.bottom=0.0, total_height=610.3, y after=4298.4
[LAYOUT] Child element: text (parent: body)
  parent.content: x=0.0, y=0.0
  parent.padding: left=20.0, top=20.0
  child.margin: left=0.0, top=0.0
  y (accumulated): 4298.4
  child.content: x=20.0 (was 20.0), y=4298.4 (was 4298.4)
  [UPDATE Y] child: text, content_height=0.0, margin.bottom=0.0, total_height=0.0, y after=4298.4
  [UPDATE Y] child: div, content_height=117.2, margin.bottom=0.0, total_height=117.2, y after=273.9
[LAYOUT] Child element: div (parent: body)
  parent.content: x=0.0, y=0.0
  parent.padding: left=20.0, top=20.0
  child.margin: left=0.0, top=0.0
  y (accumulated): 4298.4
  child.content: x=20.0 (was 20.0), y=4298.4 (was 4298.4)
  [UPDATE Y] child: div, content_height=343.9, margin.bottom=0.0, total_height=343.9, y after=4642.3
[LAYOUT] Child element: text (parent: body)
  parent.content: x=0.0, y=0.0
  parent.padding: left=20.0, top=20.0
  child.margin: left=0.0, top=0.0
  y (accumulated): 4642.3
  child.content: x=20.0 (was 20.0), y=4642.3 (was 4642.3)
  [UPDATE Y] child: text, content_height=0.0, margin.bottom=0.0, total_height=0.0, y after=4642.3
  [UPDATE Y] child: div, content_height=71.2, margin.bottom=2.0, total_height=73.2, y after=132.4
  [UPDATE Y] child: div, content_height=160.4, margin.bottom=3.0, total_height=163.4, y after=224.6
  [UPDATE Y] child: div, content_height=258.6, margin.bottom=5.0, total_height=263.6, y after=364.1
[LAYOUT] Child element: div (parent: body)
  parent.content: x=0.0, y=0.0
  parent.padding: left=20.0, top=20.0
  child.margin: left=0.0, top=0.0
  y (accumulated): 4642.3
  child.content: x=20.0 (was 20.0), y=4642.3 (was 4642.3)
  [UPDATE Y] child: div, content_height=413.1, margin.bottom=0.0, total_height=413.1, y after=5055.4
[LAYOUT] Child element: text (parent: body)
  parent.content: x=0.0, y=0.0
  parent.padding: left=20.0, top=20.0
  child.margin: left=0.0, top=0.0
  y (accumulated): 5055.4
  child.content: x=20.0 (was 20.0), y=5055.4 (was 5055.4)
  [UPDATE Y] child: text, content_height=0.0, margin.bottom=0.0, total_height=0.0, y after=5055.4
[LAYOUT] Child element: div (parent: body)
  parent.content: x=0.0, y=0.0
  parent.padding: left=20.0, top=20.0
  child.margin: left=0.0, top=0.0
  y (accumulated): 5055.4
  child.content: x=20.0 (was 20.0), y=5055.4 (was 5055.4)
  [UPDATE Y] child: div, content_height=405.5, margin.bottom=0.0, total_height=405.5, y after=5460.9
[LAYOUT] Child element: text (parent: body)
  parent.content: x=0.0, y=0.0
  parent.padding: left=20.0, top=20.0
  child.margin: left=0.0, top=0.0
  y (accumulated): 5460.9
  child.content: x=20.0 (was 20.0), y=5460.9 (was 5460.9)
  [UPDATE Y] child: text, content_height=0.0, margin.bottom=0.0, total_height=0.0, y after=5460.9
  [UPDATE Y] child: div, content_height=222.4, margin.bottom=0.0, total_height=222.4, y after=222.4
  [UPDATE Y] child: div, content_height=91.2, margin.bottom=0.0, total_height=91.2, y after=245.4
  [UPDATE Y] child: div, content_height=294.4, margin.bottom=0.0, total_height=294.4, y after=516.8
  [UPDATE Y] child: div, content_height=516.8, margin.bottom=0.0, total_height=516.8, y after=622.3
  [UPDATE Y] child: div, content_height=115.2, margin.bottom=0.0, total_height=115.2, y after=737.5
[LAYOUT] Child element: div (parent: body)
  parent.content: x=0.0, y=0.0
  parent.padding: left=20.0, top=20.0
  child.margin: left=0.0, top=0.0
  y (accumulated): 5460.9
  child.content: x=20.0 (was 20.0), y=5460.9 (was 5460.9)
  [UPDATE Y] child: div, content_height=803.5, margin.bottom=0.0, total_height=803.5, y after=6264.4
[LAYOUT] Child element: text (parent: body)
  parent.content: x=0.0, y=0.0
  parent.padding: left=20.0, top=20.0
  child.margin: left=0.0, top=0.0
  y (accumulated): 6264.4
  child.content: x=20.0 (was 20.0), y=6264.4 (was 6264.4)
  [UPDATE Y] child: text, content_height=0.0, margin.bottom=0.0, total_height=0.0, y after=6264.4
[LAYOUT] Child element: div (parent: body)
  parent.content: x=0.0, y=0.0
  parent.padding: left=20.0, top=20.0
  child.margin: left=0.0, top=30.0
  y (accumulated): 6264.4
  child.content: x=20.0 (was 20.0), y=6294.4 (was 6294.4)
  [UPDATE Y] child: div, content_height=182.4, margin.bottom=0.0, total_height=182.4, y after=6446.8
[LAYOUT] Child element: body (parent: html)
  parent.content: x=0.0, y=0.0
  parent.padding: left=0.0, top=0.0
  child.margin: left=0.0, top=0.0
  y (accumulated): 0.0
  child.content: x=0.0 (was 0.0), y=0.0 (was 0.0)
  [UPDATE Y] child: body, content_height=6506.8, margin.bottom=0.0, total_height=6506.8, y after=6506.8
[LAYOUT] Child element: !DOCTYPE (parent: body)
  parent.content: x=0.0, y=0.0
  parent.padding: left=20.0, top=20.0
  child.margin: left=0.0, top=0.0
  y (accumulated): 20.0
  child.content: x=20.0 (was 20.0), y=20.0 (was 20.0)
  [UPDATE Y] child: !DOCTYPE, content_height=6506.8, margin.bottom=0.0, total_height=6506.8, y after=6526.8
[LAYOUT] Element: html, is_root: false
  margin: top=0.0, right=0.0, bottom=0.0, left=0.0
  padding: top=0.0, right=0.0, bottom=0.0, left=0.0
  content: x=20.0, y=20.0, width=1160.0, height=6506.8
  containing_block: width=1160.0, height=6546.8
[LAYOUT] Element: body, is_root: false
  margin: top=0.0, right=0.0, bottom=0.0, left=0.0
  padding: top=20.0, right=20.0, bottom=20.0, left=20.0
  content: x=0.0, y=0.0, width=1120.0, height=6466.8
  containing_block: width=1160.0, height=6546.8
[LAYOUT WARNING] html.content is not (0, 0): x=20.0, y=20.0
[LAYOUT] Body element position set: x=0.0, y=0.0 (margin: left=0.0, top=0.0)
[CONTAINING BLOCK] body.content.width=1120.0, child_containing_block.width=1120.0
[WIDTH DEBUG] h1: containing_block.width=1120.0, available_width=1120.0, calculated_width=1116.0
[LAYOUT] Child element: h1 (parent: body)
  parent.content: x=0.0, y=0.0
  parent.padding: left=20.0, top=20.0
  child.margin: left=0.0, top=21.4
  y (accumulated): 20.0
  child.content: x=20.0 (was 20.0), y=41.4 (was 41.4)
  [UPDATE Y] child: h1, content_height=50.0, margin.bottom=21.4, total_height=71.4, y after=91.4
[LAYOUT] Child element: text (parent: body)
  parent.content: x=0.0, y=0.0
  parent.padding: left=20.0, top=20.0
  child.margin: left=0.0, top=0.0
  y (accumulated): 91.4
  child.content: x=20.0 (was 20.0), y=91.4 (was 91.4)
  [UPDATE Y] child: text, content_height=0.0, margin.bottom=0.0, total_height=0.0, y after=91.4
[WIDTH DEBUG] h1: containing_block.width=1086.0, available_width=1086.0, calculated_width=1086.0
[LAYOUT] Child element: h1 (parent: div)
  parent.content: x=20.0, y=91.4
  parent.padding: left=15.0, top=15.0
  child.margin: left=0.0, top=16.1
  y (accumulated): 15.0
  child.content: x=15.0 (was 15.0), y=122.5 (was 122.5)
  [UPDATE Y] child: h1, content_height=62.1, margin.bottom=16.1, total_height=78.2, y after=93.2
  [UPDATE Y] child: div, content_height=96.0, margin.bottom=0.0, total_height=96.0, y after=301.2
[LAYOUT] Child element: div (parent: body)
  parent.content: x=0.0, y=0.0
  parent.padding: left=20.0, top=20.0
  child.margin: left=0.0, top=0.0
  y (accumulated): 91.4
  child.content: x=20.0 (was 20.0), y=91.4 (was 91.4)
  [UPDATE Y] child: div, content_height=350.2, margin.bottom=0.0, total_height=350.2, y after=441.6
[LAYOUT] Child element: text (parent: body)
  parent.content: x=0.0, y=0.0
  parent.padding: left=20.0, top=20.0
  child.margin: left=0.0, top=0.0
  y (accumulated): 441.6
  child.content: x=20.0 (was 20.0), y=441.6 (was 441.6)
  [UPDATE Y] child: text, content_height=0.0, margin.bottom=0.0, total_height=0.0, y after=441.6
[LAYOUT] Child element: div (parent: body)
  parent.content: x=0.0, y=0.0
  parent.padding: left=20.0, top=20.0
  child.margin: left=0.0, top=0.0
  y (accumulated): 441.6
  child.content: x=20.0 (was 20.0), y=441.6 (was 441.6)
  [UPDATE Y] child: div, content_height=329.4, margin.bottom=0.0, total_height=329.4, y after=771.0
[LAYOUT] Child element: text (parent: body)
  parent.content: x=0.0, y=0.0
  parent.padding: left=20.0, top=20.0
  child.margin: left=0.0, top=0.0
  y (accumulated): 771.0
  child.content: x=20.0 (was 20.0), y=771.0 (was 771.0)
  [UPDATE Y] child: text, content_height=0.0, margin.bottom=0.0, total_height=0.0, y after=771.0
  [UPDATE Y] child: div, content_height=59.2, margin.bottom=5.0, total_height=64.2, y after=138.2
  [UPDATE Y] child: div, content_height=59.2, margin.bottom=5.0, total_height=64.2, y after=202.4
[LAYOUT] Child element: div (parent: body)
  parent.content: x=0.0, y=0.0
  parent.padding: left=20.0, top=20.0
  child.margin: left=0.0, top=0.0
  y (accumulated): 771.0
  child.content: x=20.0 (was 20.0), y=771.0 (was 771.0)
  [UPDATE Y] child: div, content_height=334.0, margin.bottom=0.0, total_height=334.0, y after=1105.0
[LAYOUT] Child element: text (parent: body)
  parent.content: x=0.0, y=0.0
  parent.padding: left=20.0, top=20.0
  child.margin: left=0.0, top=0.0
  y (accumulated): 1105.0
  child.content: x=20.0 (was 20.0), y=1105.0 (was 1105.0)
  [UPDATE Y] child: text, content_height=0.0, margin.bottom=0.0, total_height=0.0, y after=1105.0
  [UPDATE Y] child: div, content_height=59.2, margin.bottom=0.0, total_height=59.2, y after=287.8
[LAYOUT] Child element: div (parent: body)
  parent.content: x=0.0, y=0.0
  parent.padding: left=20.0, top=20.0
  child.margin: left=0.0, top=0.0
  y (accumulated): 1105.0
  child.content: x=20.0 (was 20.0), y=1105.0 (was 1105.0)
  [UPDATE Y] child: div, content_height=336.8, margin.bottom=0.0, total_height=336.8, y after=1441.8
[LAYOUT] Child element: text (parent: body)
  parent.content: x=0.0, y=0.0
  parent.padding: left=20.0, top=20.0
  child.margin: left=0.0, top=0.0
  y (accumulated): 1441.8
  child.content: x=20.0 (was 20.0), y=1441.8 (was 1441.8)
  [UPDATE Y] child: text, content_height=0.0, margin.bottom=0.0, total_height=0.0, y after=1441.8
  [UPDATE Y] child: div, content_height=99.2, margin.bottom=5.0, total_height=104.2, y after=119.2
  [UPDATE Y] child: div, content_height=99.2, margin.bottom=5.0, total_height=104.2, y after=223.4
  [UPDATE Y] child: div, content_height=99.2, margin.bottom=5.0, total_height=104.2, y after=327.6
  [UPDATE Y] child: div, content_height=99.2, margin.bottom=5.0, total_height=104.2, y after=431.8
  [UPDATE Y] child: div, content_height=99.2, margin.bottom=5.0, total_height=104.2, y after=536.0
  [UPDATE Y] child: div, content_height=585.0, margin.bottom=0.0, total_height=585.0, y after=697.1
  [UPDATE Y] child: div, content_height=99.2, margin.bottom=5.0, total_height=104.2, y after=119.2
  [UPDATE Y] child: div, content_height=99.2, margin.bottom=5.0, total_height=104.2, y after=223.4
  [UPDATE Y] child: div, content_height=99.2, margin.bottom=5.0, total_height=104.2, y after=327.6
  [UPDATE Y] child: div, content_height=334.0, margin.bottom=0.0, total_height=334.0, y after=1031.1
[LAYOUT] Child element: div (parent: body)
  parent.content: x=0.0, y=0.0
  parent.padding: left=20.0, top=20.0
  child.margin: left=0.0, top=0.0
  y (accumulated): 1441.8
  child.content: x=20.0 (was 20.0), y=1441.8 (was 1441.8)
  [UPDATE Y] child: div, content_height=1031.1, margin.bottom=0.0, total_height=1031.1, y after=2472.8
[LAYOUT] Child element: text (parent: body)
  parent.content: x=0.0, y=0.0
  parent.padding: left=20.0, top=20.0
  child.margin: left=0.0, top=0.0
  y (accumulated): 2472.8
  child.content: x=20.0 (was 20.0), y=2472.8 (was 2472.8)
  [UPDATE Y] child: text, content_height=0.0, margin.bottom=0.0, total_height=0.0, y after=2472.8
  [UPDATE Y] child: div, content_height=79.2, margin.bottom=0.0, total_height=79.2, y after=94.2
  [UPDATE Y] child: div, content_height=79.2, margin.bottom=0.0, total_height=79.2, y after=173.4
  [UPDATE Y] child: div, content_height=79.2, margin.bottom=0.0, total_height=79.2, y after=252.6
  [UPDATE Y] child: div, content_height=79.2, margin.bottom=0.0, total_height=79.2, y after=331.8
  [UPDATE Y] child: div, content_height=79.2, margin.bottom=0.0, total_height=79.2, y after=411.0
  [UPDATE Y] child: div, content_height=79.2, margin.bottom=0.0, total_height=79.2, y after=490.2
  [UPDATE Y] child: div, content_height=79.2, margin.bottom=0.0, total_height=79.2, y after=569.4
  [UPDATE Y] child: div, content_height=79.2, margin.bottom=0.0, total_height=79.2, y after=648.6
  [UPDATE Y] child: div, content_height=697.6, margin.bottom=0.0, total_height=697.6, y after=809.7
[LAYOUT] Child element: div (parent: body)
  parent.content: x=0.0, y=0.0
  parent.padding: left=20.0, top=20.0
  child.margin: left=0.0, top=0.0
  y (accumulated): 2472.8
  child.content: x=20.0 (was 20.0), y=2472.8 (was 2472.8)
  [UPDATE Y] child: div, content_height=809.7, margin.bottom=0.0, total_height=809.7, y after=3282.5
[LAYOUT] Child element: text (parent: body)
  parent.content: x=0.0, y=0.0
  parent.padding: left=20.0, top=20.0
  child.margin: left=0.0, top=0.0
  y (accumulated): 3282.5
  child.content: x=20.0 (was 20.0), y=3282.5 (was 3282.5)
  [UPDATE Y] child: text, content_height=0.0, margin.bottom=0.0, total_height=0.0, y after=3282.5
[LAYOUT] Child element: div (parent: body)
  parent.content: x=0.0, y=0.0
  parent.padding: left=20.0, top=20.0
  child.margin: left=0.0, top=0.0
  y (accumulated): 3282.5
  child.content: x=20.0 (was 20.0), y=3282.5 (was 3282.5)
  [UPDATE Y] child: div, content_height=405.5, margin.bottom=0.0, total_height=405.5, y after=3688.0
[LAYOUT] Child element: text (parent: body)
  parent.content: x=0.0, y=0.0
  parent.padding: left=20.0, top=20.0
  child.margin: left=0.0, top=0.0
  y (accumulated): 3688.0
  child.content: x=20.0 (was 20.0), y=3688.0 (was 3688.0)
  [UPDATE Y] child: text, content_height=0.0, margin.bottom=0.0, total_height=0.0, y after=3688.0
[LAYOUT] Child element: div (parent: body)
  parent.content: x=0.0, y=0.0
  parent.padding: left=20.0, top=20.0
  child.margin: left=0.0, top=0.0
  y (accumulated): 3688.0
  child.content: x=20.0 (was 20.0), y=3688.0 (was 3688.0)
  [UPDATE Y] child: div, content_height=610.3, margin.bottom=0.0, total_height=610.3, y after=4298.4
[LAYOUT] Child element: text (parent: body)
  parent.content: x=0.0, y=0.0
  parent.padding: left=20.0, top=20.0
  child.margin: left=0.0, top=0.0
  y (accumulated): 4298.4
  child.content: x=20.0 (was 20.0), y=4298.4 (was 4298.4)
  [UPDATE Y] child: text, content_height=0.0, margin.bottom=0.0, total_height=0.0, y after=4298.4
  [UPDATE Y] child: div, content_height=117.2, margin.bottom=0.0, total_height=117.2, y after=273.9
[LAYOUT] Child element: div (parent: body)
  parent.content: x=0.0, y=0.0
  parent.padding: left=20.0, top=20.0
  child.margin: left=0.0, top=0.0
  y (accumulated): 4298.4
  child.content: x=20.0 (was 20.0), y=4298.4 (was 4298.4)
  [UPDATE Y] child: div, content_height=343.9, margin.bottom=0.0, total_height=343.9, y after=4642.3
[LAYOUT] Child element: text (parent: body)
  parent.content: x=0.0, y=0.0
  parent.padding: left=20.0, top=20.0
  child.margin: left=0.0, top=0.0
  y (accumulated): 4642.3
  child.content: x=20.0 (was 20.0), y=4642.3 (was 4642.3)
  [UPDATE Y] child: text, content_height=0.0, margin.bottom=0.0, total_height=0.0, y after=4642.3
  [UPDATE Y] child: div, content_height=71.2, margin.bottom=2.0, total_height=73.2, y after=132.4
  [UPDATE Y] child: div, content_height=160.4, margin.bottom=3.0, total_height=163.4, y after=224.6
  [UPDATE Y] child: div, content_height=258.6, margin.bottom=5.0, total_height=263.6, y after=364.1
[LAYOUT] Child element: div (parent: body)
  parent.content: x=0.0, y=0.0
  parent.padding: left=20.0, top=20.0
  child.margin: left=0.0, top=0.0
  y (accumulated): 4642.3
  child.content: x=20.0 (was 20.0), y=4642.3 (was 4642.3)
  [UPDATE Y] child: div, content_height=413.1, margin.bottom=0.0, total_height=413.1, y after=5055.4
[LAYOUT] Child element: text (parent: body)
  parent.content: x=0.0, y=0.0
  parent.padding: left=20.0, top=20.0
  child.margin: left=0.0, top=0.0
  y (accumulated): 5055.4
  child.content: x=20.0 (was 20.0), y=5055.4 (was 5055.4)
  [UPDATE Y] child: text, content_height=0.0, margin.bottom=0.0, total_height=0.0, y after=5055.4
[LAYOUT] Child element: div (parent: body)
  parent.content: x=0.0, y=0.0
  parent.padding: left=20.0, top=20.0
  child.margin: left=0.0, top=0.0
  y (accumulated): 5055.4
  child.content: x=20.0 (was 20.0), y=5055.4 (was 5055.4)
  [UPDATE Y] child: div, content_height=405.5, margin.bottom=0.0, total_height=405.5, y after=5460.9
[LAYOUT] Child element: text (parent: body)
  parent.content: x=0.0, y=0.0
  parent.padding: left=20.0, top=20.0
  child.margin: left=0.0, top=0.0
  y (accumulated): 5460.9
  child.content: x=20.0 (was 20.0), y=5460.9 (was 5460.9)
  [UPDATE Y] child: text, content_height=0.0, margin.bottom=0.0, total_height=0.0, y after=5460.9
  [UPDATE Y] child: div, content_height=222.4, margin.bottom=0.0, total_height=222.4, y after=222.4
  [UPDATE Y] child: div, content_height=91.2, margin.bottom=0.0, total_height=91.2, y after=245.4
  [UPDATE Y] child: div, content_height=294.4, margin.bottom=0.0, total_height=294.4, y after=516.8
  [UPDATE Y] child: div, content_height=516.8, margin.bottom=0.0, total_height=516.8, y after=622.3
  [UPDATE Y] child: div, content_height=115.2, margin.bottom=0.0, total_height=115.2, y after=737.5
[LAYOUT] Child element: div (parent: body)
  parent.content: x=0.0, y=0.0
  parent.padding: left=20.0, top=20.0
  child.margin: left=0.0, top=0.0
  y (accumulated): 5460.9
  child.content: x=20.0 (was 20.0), y=5460.9 (was 5460.9)
  [UPDATE Y] child: div, content_height=803.5, margin.bottom=0.0, total_height=803.5, y after=6264.4
[LAYOUT] Child element: text (parent: body)
  parent.content: x=0.0, y=0.0
  parent.padding: left=20.0, top=20.0
  child.margin: left=0.0, top=0.0
  y (accumulated): 6264.4
  child.content: x=20.0 (was 20.0), y=6264.4 (was 6264.4)
  [UPDATE Y] child: text, content_height=0.0, margin.bottom=0.0, total_height=0.0, y after=6264.4
[LAYOUT] Child element: div (parent: body)
  parent.content: x=0.0, y=0.0
  parent.padding: left=20.0, top=20.0
  child.margin: left=0.0, top=30.0
  y (accumulated): 6264.4
  child.content: x=20.0 (was 20.0), y=6294.4 (was 6294.4)
  [UPDATE Y] child: div, content_height=182.4, margin.bottom=0.0, total_height=182.4, y after=6446.8
[LAYOUT] Child element: body (parent: html)
  parent.content: x=20.0, y=20.0
  parent.padding: left=0.0, top=0.0
  child.margin: left=0.0, top=0.0
  y (accumulated): 0.0
  child.content: x=20.0 (was 0.0), y=20.0 (was 0.0)
  [UPDATE Y] child: body, content_height=6506.8, margin.bottom=0.0, total_height=6506.8, y after=6506.8
[LAYOUT] Element: html, is_root: false
  margin: top=0.0, right=0.0, bottom=0.0, left=0.0
  padding: top=0.0, right=0.0, bottom=0.0, left=0.0
  content: x=20.0, y=20.0, width=1160.0, height=6506.8
  containing_block: width=1160.0, height=6506.8
[LAYOUT] Element: body, is_root: false
  margin: top=0.0, right=0.0, bottom=0.0, left=0.0
  padding: top=20.0, right=20.0, bottom=20.0, left=20.0
  content: x=20.0, y=20.0, width=1120.0, height=6466.8
  containing_block: width=1160.0, height=6506.8
[LAYOUT WARNING] html.content is not (0, 0): x=20.0, y=20.0
[CONTAINING BLOCK] body.content.width=1120.0, child_containing_block.width=1120.0
[WIDTH DEBUG] h1: containing_block.width=1120.0, available_width=1120.0, calculated_width=1116.0
[LAYOUT] Child element: h1 (parent: body)
  parent.content: x=20.0, y=20.0
  parent.padding: left=20.0, top=20.0
  child.margin: left=0.0, top=21.4
  y (accumulated): 20.0
  child.content: x=20.0 (was 20.0), y=61.4 (was 41.4)
  [UPDATE Y] child: h1, content_height=50.0, margin.bottom=21.4, total_height=71.4, y after=91.4
[LAYOUT] Child element: text (parent: body)
  parent.content: x=20.0, y=20.0
  parent.padding: left=20.0, top=20.0
  child.margin: left=0.0, top=0.0
  y (accumulated): 91.4
  child.content: x=20.0 (was 20.0), y=111.4 (was 91.4)
  [UPDATE Y] child: text, content_height=0.0, margin.bottom=0.0, total_height=0.0, y after=91.4
[WIDTH DEBUG] h1: containing_block.width=1086.0, available_width=1086.0, calculated_width=1086.0
[LAYOUT] Child element: h1 (parent: div)
  parent.content: x=20.0, y=91.4
  parent.padding: left=15.0, top=15.0
  child.margin: left=0.0, top=16.1
  y (accumulated): 15.0
  child.content: x=15.0 (was 15.0), y=122.5 (was 122.5)
  [UPDATE Y] child: h1, content_height=62.1, margin.bottom=16.1, total_height=78.2, y after=93.2
  [UPDATE Y] child: div, content_height=96.0, margin.bottom=0.0, total_height=96.0, y after=301.2
[LAYOUT] Child element: div (parent: body)
  parent.content: x=20.0, y=20.0
  parent.padding: left=20.0, top=20.0
  child.margin: left=0.0, top=0.0
  y (accumulated): 91.4
  child.content: x=20.0 (was 20.0), y=111.4 (was 91.4)
  [UPDATE Y] child: div, content_height=350.2, margin.bottom=0.0, total_height=350.2, y after=441.6
[LAYOUT] Child element: text (parent: body)
  parent.content: x=20.0, y=20.0
  parent.padding: left=20.0, top=20.0
  child.margin: left=0.0, top=0.0
  y (accumulated): 441.6
  child.content: x=20.0 (was 20.0), y=461.6 (was 441.6)
  [UPDATE Y] child: text, content_height=0.0, margin.bottom=0.0, total_height=0.0, y after=441.6
[LAYOUT] Child element: div (parent: body)
  parent.content: x=20.0, y=20.0
  parent.padding: left=20.0, top=20.0
  child.margin: left=0.0, top=0.0
  y (accumulated): 441.6
  child.content: x=20.0 (was 20.0), y=461.6 (was 441.6)
  [UPDATE Y] child: div, content_height=329.4, margin.bottom=0.0, total_height=329.4, y after=771.0
[LAYOUT] Child element: text (parent: body)
  parent.content: x=20.0, y=20.0
  parent.padding: left=20.0, top=20.0
  child.margin: left=0.0, top=0.0
  y (accumulated): 771.0
  child.content: x=20.0 (was 20.0), y=791.0 (was 771.0)
  [UPDATE Y] child: text, content_height=0.0, margin.bottom=0.0, total_height=0.0, y after=771.0
  [UPDATE Y] child: div, content_height=59.2, margin.bottom=5.0, total_height=64.2, y after=138.2
  [UPDATE Y] child: div, content_height=59.2, margin.bottom=5.0, total_height=64.2, y after=202.4
[LAYOUT] Child element: div (parent: body)
  parent.content: x=20.0, y=20.0
  parent.padding: left=20.0, top=20.0
  child.margin: left=0.0, top=0.0
  y (accumulated): 771.0
  child.content: x=20.0 (was 20.0), y=791.0 (was 771.0)
  [UPDATE Y] child: div, content_height=334.0, margin.bottom=0.0, total_height=334.0, y after=1105.0
[LAYOUT] Child element: text (parent: body)
  parent.content: x=20.0, y=20.0
  parent.padding: left=20.0, top=20.0
  child.margin: left=0.0, top=0.0
  y (accumulated): 1105.0
  child.content: x=20.0 (was 20.0), y=1125.0 (was 1105.0)
  [UPDATE Y] child: text, content_height=0.0, margin.bottom=0.0, total_height=0.0, y after=1105.0
  [UPDATE Y] child: div, content_height=59.2, margin.bottom=0.0, total_height=59.2, y after=287.8
[LAYOUT] Child element: div (parent: body)
  parent.content: x=20.0, y=20.0
  parent.padding: left=20.0, top=20.0
  child.margin: left=0.0, top=0.0
  y (accumulated): 1105.0
  child.content: x=20.0 (was 20.0), y=1125.0 (was 1105.0)
  [UPDATE Y] child: div, content_height=336.8, margin.bottom=0.0, total_height=336.8, y after=1441.8
[LAYOUT] Child element: text (parent: body)
  parent.content: x=20.0, y=20.0
  parent.padding: left=20.0, top=20.0
  child.margin: left=0.0, top=0.0
  y (accumulated): 1441.8
  child.content: x=20.0 (was 20.0), y=1461.8 (was 1441.8)
  [UPDATE Y] child: text, content_height=0.0, margin.bottom=0.0, total_height=0.0, y after=1441.8
  [UPDATE Y] child: div, content_height=99.2, margin.bottom=5.0, total_height=104.2, y after=119.2
  [UPDATE Y] child: div, content_height=99.2, margin.bottom=5.0, total_height=104.2, y after=223.4
  [UPDATE Y] child: div, content_height=99.2, margin.bottom=5.0, total_height=104.2, y after=327.6
  [UPDATE Y] child: div, content_height=99.2, margin.bottom=5.0, total_height=104.2, y after=431.8
  [UPDATE Y] child: div, content_height=99.2, margin.bottom=5.0, total_height=104.2, y after=536.0
  [UPDATE Y] child: div, content_height=585.0, margin.bottom=0.0, total_height=585.0, y after=697.1
  [UPDATE Y] child: div, content_height=99.2, margin.bottom=5.0, total_height=104.2, y after=119.2
  [UPDATE Y] child: div, content_height=99.2, margin.bottom=5.0, total_height=104.2, y after=223.4
  [UPDATE Y] child: div, content_height=99.2, margin.bottom=5.0, total_height=104.2, y after=327.6
  [UPDATE Y] child: div, content_height=334.0, margin.bottom=0.0, total_height=334.0, y after=1031.1
[LAYOUT] Child element: div (parent: body)
  parent.content: x=20.0, y=20.0
  parent.padding: left=20.0, top=20.0
  child.margin: left=0.0, top=0.0
  y (accumulated): 1441.8
  child.content: x=20.0 (was 20.0), y=1461.8 (was 1441.8)
  [UPDATE Y] child: div, content_height=1031.1, margin.bottom=0.0, total_height=1031.1, y after=2472.8
[LAYOUT] Child element: text (parent: body)
  parent.content: x=20.0, y=20.0
  parent.padding: left=20.0, top=20.0
  child.margin: left=0.0, top=0.0
  y (accumulated): 2472.8
  child.content: x=20.0 (was 20.0), y=2492.8 (was 2472.8)
  [UPDATE Y] child: text, content_height=0.0, margin.bottom=0.0, total_height=0.0, y after=2472.8
  [UPDATE Y] child: div, content_height=79.2, margin.bottom=0.0, total_height=79.2, y after=94.2
  [UPDATE Y] child: div, content_height=79.2, margin.bottom=0.0, total_height=79.2, y after=173.4
  [UPDATE Y] child: div, content_height=79.2, margin.bottom=0.0, total_height=79.2, y after=252.6
  [UPDATE Y] child: div, content_height=79.2, margin.bottom=0.0, total_height=79.2, y after=331.8
  [UPDATE Y] child: div, content_height=79.2, margin.bottom=0.0, total_height=79.2, y after=411.0
  [UPDATE Y] child: div, content_height=79.2, margin.bottom=0.0, total_height=79.2, y after=490.2
  [UPDATE Y] child: div, content_height=79.2, margin.bottom=0.0, total_height=79.2, y after=569.4
  [UPDATE Y] child: div, content_height=79.2, margin.bottom=0.0, total_height=79.2, y after=648.6
  [UPDATE Y] child: div, content_height=697.6, margin.bottom=0.0, total_height=697.6, y after=809.7
[LAYOUT] Child element: div (parent: body)
  parent.content: x=20.0, y=20.0
  parent.padding: left=20.0, top=20.0
  child.margin: left=0.0, top=0.0
  y (accumulated): 2472.8
  child.content: x=20.0 (was 20.0), y=2492.8 (was 2472.8)
  [UPDATE Y] child: div, content_height=809.7, margin.bottom=0.0, total_height=809.7, y after=3282.5
[LAYOUT] Child element: text (parent: body)
  parent.content: x=20.0, y=20.0
  parent.padding: left=20.0, top=20.0
  child.margin: left=0.0, top=0.0
  y (accumulated): 3282.5
  child.content: x=20.0 (was 20.0), y=3302.5 (was 3282.5)
  [UPDATE Y] child: text, content_height=0.0, margin.bottom=0.0, total_height=0.0, y after=3282.5
[LAYOUT] Child element: div (parent: body)
  parent.content: x=20.0, y=20.0
  parent.padding: left=20.0, top=20.0
  child.margin: left=0.0, top=0.0
  y (accumulated): 3282.5
  child.content: x=20.0 (was 20.0), y=3302.5 (was 3282.5)
  [UPDATE Y] child: div, content_height=405.5, margin.bottom=0.0, total_height=405.5, y after=3688.0
[LAYOUT] Child element: text (parent: body)
  parent.content: x=20.0, y=20.0
  parent.padding: left=20.0, top=20.0
  child.margin: left=0.0, top=0.0
  y (accumulated): 3688.0
  child.content: x=20.0 (was 20.0), y=3708.0 (was 3688.0)
  [UPDATE Y] child: text, content_height=0.0, margin.bottom=0.0, total_height=0.0, y after=3688.0
[LAYOUT] Child element: div (parent: body)
  parent.content: x=20.0, y=20.0
  parent.padding: left=20.0, top=20.0
  child.margin: left=0.0, top=0.0
  y (accumulated): 3688.0
  child.content: x=20.0 (was 20.0), y=3708.0 (was 3688.0)
  [UPDATE Y] child: div, content_height=610.3, margin.bottom=0.0, total_height=610.3, y after=4298.4
[LAYOUT] Child element: text (parent: body)
  parent.content: x=20.0, y=20.0
  parent.padding: left=20.0, top=20.0
  child.margin: left=0.0, top=0.0
  y (accumulated): 4298.4
  child.content: x=20.0 (was 20.0), y=4318.4 (was 4298.4)
  [UPDATE Y] child: text, content_height=0.0, margin.bottom=0.0, total_height=0.0, y after=4298.4
  [UPDATE Y] child: div, content_height=117.2, margin.bottom=0.0, total_height=117.2, y after=273.9
[LAYOUT] Child element: div (parent: body)
  parent.content: x=20.0, y=20.0
  parent.padding: left=20.0, top=20.0
  child.margin: left=0.0, top=0.0
  y (accumulated): 4298.4
  child.content: x=20.0 (was 20.0), y=4318.4 (was 4298.4)
  [UPDATE Y] child: div, content_height=343.9, margin.bottom=0.0, total_height=343.9, y after=4642.3
[LAYOUT] Child element: text (parent: body)
  parent.content: x=20.0, y=20.0
  parent.padding: left=20.0, top=20.0
  child.margin: left=0.0, top=0.0
  y (accumulated): 4642.3
  child.content: x=20.0 (was 20.0), y=4662.3 (was 4642.3)
  [UPDATE Y] child: text, content_height=0.0, margin.bottom=0.0, total_height=0.0, y after=4642.3
  [UPDATE Y] child: div, content_height=71.2, margin.bottom=2.0, total_height=73.2, y after=132.4
  [UPDATE Y] child: div, content_height=160.4, margin.bottom=3.0, total_height=163.4, y after=224.6
  [UPDATE Y] child: div, content_height=258.6, margin.bottom=5.0, total_height=263.6, y after=364.1
[LAYOUT] Child element: div (parent: body)
  parent.content: x=20.0, y=20.0
  parent.padding: left=20.0, top=20.0
  child.margin: left=0.0, top=0.0
  y (accumulated): 4642.3
  child.content: x=20.0 (was 20.0), y=4662.3 (was 4642.3)
  [UPDATE Y] child: div, content_height=413.1, margin.bottom=0.0, total_height=413.1, y after=5055.4
[LAYOUT] Child element: text (parent: body)
  parent.content: x=20.0, y=20.0
  parent.padding: left=20.0, top=20.0
  child.margin: left=0.0, top=0.0
  y (accumulated): 5055.4
  child.content: x=20.0 (was 20.0), y=5075.4 (was 5055.4)
  [UPDATE Y] child: text, content_height=0.0, margin.bottom=0.0, total_height=0.0, y after=5055.4
[LAYOUT] Child element: div (parent: body)
  parent.content: x=20.0, y=20.0
  parent.padding: left=20.0, top=20.0
  child.margin: left=0.0, top=0.0
  y (accumulated): 5055.4
  child.content: x=20.0 (was 20.0), y=5075.4 (was 5055.4)
  [UPDATE Y] child: div, content_height=405.5, margin.bottom=0.0, total_height=405.5, y after=5460.9
[LAYOUT] Child element: text (parent: body)
  parent.content: x=20.0, y=20.0
  parent.padding: left=20.0, top=20.0
  child.margin: left=0.0, top=0.0
  y (accumulated): 5460.9
  child.content: x=20.0 (was 20.0), y=5480.9 (was 5460.9)
  [UPDATE Y] child: text, content_height=0.0, margin.bottom=0.0, total_height=0.0, y after=5460.9
  [UPDATE Y] child: div, content_height=222.4, margin.bottom=0.0, total_height=222.4, y after=222.4
  [UPDATE Y] child: div, content_height=91.2, margin.bottom=0.0, total_height=91.2, y after=245.4
  [UPDATE Y] child: div, content_height=294.4, margin.bottom=0.0, total_height=294.4, y after=516.8
  [UPDATE Y] child: div, content_height=516.8, margin.bottom=0.0, total_height=516.8, y after=622.3
  [UPDATE Y] child: div, content_height=115.2, margin.bottom=0.0, total_height=115.2, y after=737.5
[LAYOUT] Child element: div (parent: body)
  parent.content: x=20.0, y=20.0
  parent.padding: left=20.0, top=20.0
  child.margin: left=0.0, top=0.0
  y (accumulated): 5460.9
  child.content: x=20.0 (was 20.0), y=5480.9 (was 5460.9)
  [UPDATE Y] child: div, content_height=803.5, margin.bottom=0.0, total_height=803.5, y after=6264.4
[LAYOUT] Child element: text (parent: body)
  parent.content: x=20.0, y=20.0
  parent.padding: left=20.0, top=20.0
  child.margin: left=0.0, top=0.0
  y (accumulated): 6264.4
  child.content: x=20.0 (was 20.0), y=6284.4 (was 6264.4)
  [UPDATE Y] child: text, content_height=0.0, margin.bottom=0.0, total_height=0.0, y after=6264.4
[LAYOUT] Child element: div (parent: body)
  parent.content: x=20.0, y=20.0
  parent.padding: left=20.0, top=20.0
  child.margin: left=0.0, top=30.0
  y (accumulated): 6264.4
  child.content: x=20.0 (was 20.0), y=6314.4 (was 6294.4)
  [UPDATE Y] child: div, content_height=182.4, margin.bottom=0.0, total_height=182.4, y after=6446.8
[LAYOUT] Child element: body (parent: html)
  parent.content: x=20.0, y=20.0
  parent.padding: left=0.0, top=0.0
  child.margin: left=0.0, top=0.0
  y (accumulated): 0.0
  child.content: x=20.0 (was 20.0), y=20.0 (was 20.0)
  [UPDATE Y] child: body, content_height=6506.8, margin.bottom=0.0, total_height=6506.8, y after=6506.8
[LAYOUT] Element: body, is_root: false
  margin: top=0.0, right=0.0, bottom=0.0, left=0.0
  padding: top=20.0, right=20.0, bottom=20.0, left=20.0
  content: x=20.0, y=20.0, width=1120.0, height=6466.8
  containing_block: width=1160.0, height=6506.8
[LAYOUT WARNING] html.content is not (0, 0): x=20.0, y=20.0
[CONTAINING BLOCK] body.content.width=1120.0, child_containing_block.width=1120.0
[WIDTH DEBUG] h1: containing_block.width=1120.0, available_width=1120.0, calculated_width=1116.0
[LAYOUT] Child element: h1 (parent: body)
  parent.content: x=20.0, y=20.0
  parent.padding: left=20.0, top=20.0
  child.margin: left=0.0, top=21.4
  y (accumulated): 20.0
  child.content: x=20.0 (was 20.0), y=61.4 (was 61.4)
  [UPDATE Y] child: h1, content_height=50.0, margin.bottom=21.4, total_height=71.4, y after=91.4
[LAYOUT] Child element: text (parent: body)
  parent.content: x=20.0, y=20.0
  parent.padding: left=20.0, top=20.0
  child.margin: left=0.0, top=0.0
  y (accumulated): 91.4
  child.content: x=20.0 (was 20.0), y=111.4 (was 111.4)
  [UPDATE Y] child: text, content_height=0.0, margin.bottom=0.0, total_height=0.0, y after=91.4
[WIDTH DEBUG] h1: containing_block.width=1086.0, available_width=1086.0, calculated_width=1086.0
[LAYOUT] Child element: h1 (parent: div)
  parent.content: x=20.0, y=111.4
  parent.padding: left=15.0, top=15.0
  child.margin: left=0.0, top=16.1
  y (accumulated): 15.0
  child.content: x=15.0 (was 15.0), y=142.5 (was 122.5)
  [UPDATE Y] child: h1, content_height=62.1, margin.bottom=16.1, total_height=78.2, y after=93.2
  [UPDATE Y] child: div, content_height=96.0, margin.bottom=0.0, total_height=96.0, y after=301.2
[LAYOUT] Child element: div (parent: body)
  parent.content: x=20.0, y=20.0
  parent.padding: left=20.0, top=20.0
  child.margin: left=0.0, top=0.0
  y (accumulated): 91.4
  child.content: x=20.0 (was 20.0), y=111.4 (was 111.4)
  [UPDATE Y] child: div, content_height=350.2, margin.bottom=0.0, total_height=350.2, y after=441.6
[LAYOUT] Child element: text (parent: body)
  parent.content: x=20.0, y=20.0
  parent.padding: left=20.0, top=20.0
  child.margin: left=0.0, top=0.0
  y (accumulated): 441.6
  child.content: x=20.0 (was 20.0), y=461.6 (was 461.6)
  [UPDATE Y] child: text, content_height=0.0, margin.bottom=0.0, total_height=0.0, y after=441.6
[LAYOUT] Child element: div (parent: body)
  parent.content: x=20.0, y=20.0
  parent.padding: left=20.0, top=20.0
  child.margin: left=0.0, top=0.0
  y (accumulated): 441.6
  child.content: x=20.0 (was 20.0), y=461.6 (was 461.6)
  [UPDATE Y] child: div, content_height=329.4, margin.bottom=0.0, total_height=329.4, y after=771.0
[LAYOUT] Child element: text (parent: body)
  parent.content: x=20.0, y=20.0
  parent.padding: left=20.0, top=20.0
  child.margin: left=0.0, top=0.0
  y (accumulated): 771.0
  child.content: x=20.0 (was 20.0), y=791.0 (was 791.0)
  [UPDATE Y] child: text, content_height=0.0, margin.bottom=0.0, total_height=0.0, y after=771.0
  [UPDATE Y] child: div, content_height=59.2, margin.bottom=5.0, total_height=64.2, y after=138.2
  [UPDATE Y] child: div, content_height=59.2, margin.bottom=5.0, total_height=64.2, y after=202.4
[LAYOUT] Child element: div (parent: body)
  parent.content: x=20.0, y=20.0
  parent.padding: left=20.0, top=20.0
  child.margin: left=0.0, top=0.0
  y (accumulated): 771.0
  child.content: x=20.0 (was 20.0), y=791.0 (was 791.0)
  [UPDATE Y] child: div, content_height=334.0, margin.bottom=0.0, total_height=334.0, y after=1105.0
[LAYOUT] Child element: text (parent: body)
  parent.content: x=20.0, y=20.0
  parent.padding: left=20.0, top=20.0
  child.margin: left=0.0, top=0.0
  y (accumulated): 1105.0
  child.content: x=20.0 (was 20.0), y=1125.0 (was 1125.0)
  [UPDATE Y] child: text, content_height=0.0, margin.bottom=0.0, total_height=0.0, y after=1105.0
  [UPDATE Y] child: div, content_height=59.2, margin.bottom=0.0, total_height=59.2, y after=267.8
[LAYOUT] Child element: div (parent: body)
  parent.content: x=20.0, y=20.0
  parent.padding: left=20.0, top=20.0
  child.margin: left=0.0, top=0.0
  y (accumulated): 1105.0
  child.content: x=20.0 (was 20.0), y=1125.0 (was 1125.0)
  [UPDATE Y] child: div, content_height=336.8, margin.bottom=0.0, total_height=336.8, y after=1441.8
[LAYOUT] Child element: text (parent: body)
  parent.content: x=20.0, y=20.0
  parent.padding: left=20.0, top=20.0
  child.margin: left=0.0, top=0.0
  y (accumulated): 1441.8
  child.content: x=20.0 (was 20.0), y=1461.8 (was 1461.8)
  [UPDATE Y] child: text, content_height=0.0, margin.bottom=0.0, total_height=0.0, y after=1441.8
  [UPDATE Y] child: div, content_height=99.2, margin.bottom=5.0, total_height=104.2, y after=119.2
  [UPDATE Y] child: div, content_height=99.2, margin.bottom=5.0, total_height=104.2, y after=223.4
  [UPDATE Y] child: div, content_height=99.2, margin.bottom=5.0, total_height=104.2, y after=327.6
  [UPDATE Y] child: div, content_height=99.2, margin.bottom=5.0, total_height=104.2, y after=431.8
  [UPDATE Y] child: div, content_height=99.2, margin.bottom=5.0, total_height=104.2, y after=536.0
  [UPDATE Y] child: div, content_height=585.0, margin.bottom=0.0, total_height=585.0, y after=697.1
  [UPDATE Y] child: div, content_height=99.2, margin.bottom=5.0, total_height=104.2, y after=119.2
  [UPDATE Y] child: div, content_height=99.2, margin.bottom=5.0, total_height=104.2, y after=223.4
  [UPDATE Y] child: div, content_height=99.2, margin.bottom=5.0, total_height=104.2, y after=327.6
  [UPDATE Y] child: div, content_height=334.0, margin.bottom=0.0, total_height=334.0, y after=1031.1
[LAYOUT] Child element: div (parent: body)
  parent.content: x=20.0, y=20.0
  parent.padding: left=20.0, top=20.0
  child.margin: left=0.0, top=0.0
  y (accumulated): 1441.8
  child.content: x=20.0 (was 20.0), y=1461.8 (was 1461.8)
  [UPDATE Y] child: div, content_height=1031.1, margin.bottom=0.0, total_height=1031.1, y after=2472.8
[LAYOUT] Child element: text (parent: body)
  parent.content: x=20.0, y=20.0
  parent.padding: left=20.0, top=20.0
  child.margin: left=0.0, top=0.0
  y (accumulated): 2472.8
  child.content: x=20.0 (was 20.0), y=2492.8 (was 2492.8)
  [UPDATE Y] child: text, content_height=0.0, margin.bottom=0.0, total_height=0.0, y after=2472.8
  [UPDATE Y] child: div, content_height=79.2, margin.bottom=0.0, total_height=79.2, y after=94.2
  [UPDATE Y] child: div, content_height=79.2, margin.bottom=0.0, total_height=79.2, y after=173.4
  [UPDATE Y] child: div, content_height=79.2, margin.bottom=0.0, total_height=79.2, y after=252.6
  [UPDATE Y] child: div, content_height=79.2, margin.bottom=0.0, total_height=79.2, y after=331.8
  [UPDATE Y] child: div, content_height=79.2, margin.bottom=0.0, total_height=79.2, y after=411.0
  [UPDATE Y] child: div, content_height=79.2, margin.bottom=0.0, total_height=79.2, y after=490.2
  [UPDATE Y] child: div, content_height=79.2, margin.bottom=0.0, total_height=79.2, y after=569.4
  [UPDATE Y] child: div, content_height=79.2, margin.bottom=0.0, total_height=79.2, y after=648.6
  [UPDATE Y] child: div, content_height=697.6, margin.bottom=0.0, total_height=697.6, y after=809.7
[LAYOUT] Child element: div (parent: body)
  parent.content: x=20.0, y=20.0
  parent.padding: left=20.0, top=20.0
  child.margin: left=0.0, top=0.0
  y (accumulated): 2472.8
  child.content: x=20.0 (was 20.0), y=2492.8 (was 2492.8)
  [UPDATE Y] child: div, content_height=809.7, margin.bottom=0.0, total_height=809.7, y after=3282.5
[LAYOUT] Child element: text (parent: body)
  parent.content: x=20.0, y=20.0
  parent.padding: left=20.0, top=20.0
  child.margin: left=0.0, top=0.0
  y (accumulated): 3282.5
  child.content: x=20.0 (was 20.0), y=3302.5 (was 3302.5)
  [UPDATE Y] child: text, content_height=0.0, margin.bottom=0.0, total_height=0.0, y after=3282.5
[LAYOUT] Child element: div (parent: body)
  parent.content: x=20.0, y=20.0
  parent.padding: left=20.0, top=20.0
  child.margin: left=0.0, top=0.0
  y (accumulated): 3282.5
  child.content: x=20.0 (was 20.0), y=3302.5 (was 3302.5)
  [UPDATE Y] child: div, content_height=405.5, margin.bottom=0.0, total_height=405.5, y after=3688.0
[LAYOUT] Child element: text (parent: body)
  parent.content: x=20.0, y=20.0
  parent.padding: left=20.0, top=20.0
  child.margin: left=0.0, top=0.0
  y (accumulated): 3688.0
  child.content: x=20.0 (was 20.0), y=3708.0 (was 3708.0)
  [UPDATE Y] child: text, content_height=0.0, margin.bottom=0.0, total_height=0.0, y after=3688.0
[LAYOUT] Child element: div (parent: body)
  parent.content: x=20.0, y=20.0
  parent.padding: left=20.0, top=20.0
  child.margin: left=0.0, top=0.0
  y (accumulated): 3688.0
  child.content: x=20.0 (was 20.0), y=3708.0 (was 3708.0)
  [UPDATE Y] child: div, content_height=610.3, margin.bottom=0.0, total_height=610.3, y after=4298.4
[LAYOUT] Child element: text (parent: body)
  parent.content: x=20.0, y=20.0
  parent.padding: left=20.0, top=20.0
  child.margin: left=0.0, top=0.0
  y (accumulated): 4298.4
  child.content: x=20.0 (was 20.0), y=4318.4 (was 4318.4)
  [UPDATE Y] child: text, content_height=0.0, margin.bottom=0.0, total_height=0.0, y after=4298.4
  [UPDATE Y] child: div, content_height=117.2, margin.bottom=0.0, total_height=117.2, y after=273.9
[LAYOUT] Child element: div (parent: body)
  parent.content: x=20.0, y=20.0
  parent.padding: left=20.0, top=20.0
  child.margin: left=0.0, top=0.0
  y (accumulated): 4298.4
  child.content: x=20.0 (was 20.0), y=4318.4 (was 4318.4)
  [UPDATE Y] child: div, content_height=343.9, margin.bottom=0.0, total_height=343.9, y after=4642.3
[LAYOUT] Child element: text (parent: body)
  parent.content: x=20.0, y=20.0
  parent.padding: left=20.0, top=20.0
  child.margin: left=0.0, top=0.0
  y (accumulated): 4642.3
  child.content: x=20.0 (was 20.0), y=4662.3 (was 4662.3)
  [UPDATE Y] child: text, content_height=0.0, margin.bottom=0.0, total_height=0.0, y after=4642.3
  [UPDATE Y] child: div, content_height=71.2, margin.bottom=2.0, total_height=73.2, y after=132.4
  [UPDATE Y] child: div, content_height=160.4, margin.bottom=3.0, total_height=163.4, y after=224.6
  [UPDATE Y] child: div, content_height=258.6, margin.bottom=5.0, total_height=263.6, y after=364.1
[LAYOUT] Child element: div (parent: body)
  parent.content: x=20.0, y=20.0
  parent.padding: left=20.0, top=20.0
  child.margin: left=0.0, top=0.0
  y (accumulated): 4642.3
  child.content: x=20.0 (was 20.0), y=4662.3 (was 4662.3)
  [UPDATE Y] child: div, content_height=413.1, margin.bottom=0.0, total_height=413.1, y after=5055.4
[LAYOUT] Child element: text (parent: body)
  parent.content: x=20.0, y=20.0
  parent.padding: left=20.0, top=20.0
  child.margin: left=0.0, top=0.0
  y (accumulated): 5055.4
  child.content: x=20.0 (was 20.0), y=5075.4 (was 5075.4)
  [UPDATE Y] child: text, content_height=0.0, margin.bottom=0.0, total_height=0.0, y after=5055.4
[LAYOUT] Child element: div (parent: body)
  parent.content: x=20.0, y=20.0
  parent.padding: left=20.0, top=20.0
  child.margin: left=0.0, top=0.0
  y (accumulated): 5055.4
  child.content: x=20.0 (was 20.0), y=5075.4 (was 5075.4)
  [UPDATE Y] child: div, content_height=405.5, margin.bottom=0.0, total_height=405.5, y after=5460.9
[LAYOUT] Child element: text (parent: body)
  parent.content: x=20.0, y=20.0
  parent.padding: left=20.0, top=20.0
  child.margin: left=0.0, top=0.0
  y (accumulated): 5460.9
  child.content: x=20.0 (was 20.0), y=5480.9 (was 5480.9)
  [UPDATE Y] child: text, content_height=0.0, margin.bottom=0.0, total_height=0.0, y after=5460.9
  [UPDATE Y] child: div, content_height=222.4, margin.bottom=0.0, total_height=222.4, y after=222.4
  [UPDATE Y] child: div, content_height=91.2, margin.bottom=0.0, total_height=91.2, y after=245.4
  [UPDATE Y] child: div, content_height=294.4, margin.bottom=0.0, total_height=294.4, y after=516.8
  [UPDATE Y] child: div, content_height=516.8, margin.bottom=0.0, total_height=516.8, y after=622.3
  [UPDATE Y] child: div, content_height=115.2, margin.bottom=0.0, total_height=115.2, y after=737.5
[LAYOUT] Child element: div (parent: body)
  parent.content: x=20.0, y=20.0
  parent.padding: left=20.0, top=20.0
  child.margin: left=0.0, top=0.0
  y (accumulated): 5460.9
  child.content: x=20.0 (was 20.0), y=5480.9 (was 5480.9)
  [UPDATE Y] child: div, content_height=803.5, margin.bottom=0.0, total_height=803.5, y after=6264.4
[LAYOUT] Child element: text (parent: body)
  parent.content: x=20.0, y=20.0
  parent.padding: left=20.0, top=20.0
  child.margin: left=0.0, top=0.0
  y (accumulated): 6264.4
  child.content: x=20.0 (was 20.0), y=6284.4 (was 6284.4)
  [UPDATE Y] child: text, content_height=0.0, margin.bottom=0.0, total_height=0.0, y after=6264.4
[LAYOUT] Child element: div (parent: body)
  parent.content: x=20.0, y=20.0
  parent.padding: left=20.0, top=20.0
  child.margin: left=0.0, top=30.0
  y (accumulated): 6264.4
  child.content: x=20.0 (was 20.0), y=6314.4 (was 6314.4)
  [UPDATE Y] child: div, content_height=182.4, margin.bottom=0.0, total_height=182.4, y after=6446.8
[WIDTH DEBUG] h1: containing_block.width=1120.0, available_width=1120.0, calculated_width=1116.0
[WIDTH DEBUG] h1: containing_block.width=1086.0, available_width=1086.0, calculated_width=1086.0
[LAYOUT] Child element: h1 (parent: div)
  parent.content: x=20.0, y=111.4
  parent.padding: left=15.0, top=15.0
  child.margin: left=0.0, top=16.1
  y (accumulated): 15.0
  child.content: x=15.0 (was 15.0), y=142.5 (was 142.5)
  [UPDATE Y] child: h1, content_height=62.1, margin.bottom=16.1, total_height=78.2, y after=93.2
  [UPDATE Y] child: div, content_height=96.0, margin.bottom=0.0, total_height=96.0, y after=301.2
[WIDTH DEBUG] h1: containing_block.width=1086.0, available_width=1086.0, calculated_width=1086.0
  [UPDATE Y] child: div, content_height=59.2, margin.bottom=5.0, total_height=64.2, y after=138.2
  [UPDATE Y] child: div, content_height=59.2, margin.bottom=5.0, total_height=64.2, y after=202.4
  [UPDATE Y] child: div, content_height=59.2, margin.bottom=0.0, total_height=59.2, y after=267.8
  [UPDATE Y] child: div, content_height=99.2, margin.bottom=5.0, total_height=104.2, y after=119.2
  [UPDATE Y] child: div, content_height=99.2, margin.bottom=5.0, total_height=104.2, y after=223.4
  [UPDATE Y] child: div, content_height=99.2, margin.bottom=5.0, total_height=104.2, y after=327.6
  [UPDATE Y] child: div, content_height=99.2, margin.bottom=5.0, total_height=104.2, y after=431.8
  [UPDATE Y] child: div, content_height=99.2, margin.bottom=5.0, total_height=104.2, y after=536.0
  [UPDATE Y] child: div, content_height=585.0, margin.bottom=0.0, total_height=585.0, y after=697.1
  [UPDATE Y] child: div, content_height=99.2, margin.bottom=5.0, total_height=104.2, y after=119.2
  [UPDATE Y] child: div, content_height=99.2, margin.bottom=5.0, total_height=104.2, y after=223.4
  [UPDATE Y] child: div, content_height=99.2, margin.bottom=5.0, total_height=104.2, y after=327.6
  [UPDATE Y] child: div, content_height=334.0, margin.bottom=0.0, total_height=334.0, y after=1031.1
  [UPDATE Y] child: div, content_height=79.2, margin.bottom=0.0, total_height=79.2, y after=94.2
  [UPDATE Y] child: div, content_height=79.2, margin.bottom=0.0, total_height=79.2, y after=173.4
  [UPDATE Y] child: div, content_height=79.2, margin.bottom=0.0, total_height=79.2, y after=252.6
  [UPDATE Y] child: div, content_height=79.2, margin.bottom=0.0, total_height=79.2, y after=331.8
  [UPDATE Y] child: div, content_height=79.2, margin.bottom=0.0, total_height=79.2, y after=411.0
  [UPDATE Y] child: div, content_height=79.2, margin.bottom=0.0, total_height=79.2, y after=490.2
  [UPDATE Y] child: div, content_height=79.2, margin.bottom=0.0, total_height=79.2, y after=569.4
  [UPDATE Y] child: div, content_height=79.2, margin.bottom=0.0, total_height=79.2, y after=648.6
  [UPDATE Y] child: div, content_height=697.6, margin.bottom=0.0, total_height=697.6, y after=809.7
  [UPDATE Y] child: div, content_height=117.2, margin.bottom=0.0, total_height=117.2, y after=273.9
  [UPDATE Y] child: div, content_height=71.2, margin.bottom=2.0, total_height=73.2, y after=132.4
  [UPDATE Y] child: div, content_height=160.4, margin.bottom=3.0, total_height=163.4, y after=224.6
  [UPDATE Y] child: div, content_height=258.6, margin.bottom=5.0, total_height=263.6, y after=364.1
  [UPDATE Y] child: div, content_height=71.2, margin.bottom=2.0, total_height=73.2, y after=132.4
  [UPDATE Y] child: div, content_height=160.4, margin.bottom=3.0, total_height=163.4, y after=224.6
  [UPDATE Y] child: div, content_height=71.2, margin.bottom=2.0, total_height=73.2, y after=132.4
  [UPDATE Y] child: div, content_height=222.4, margin.bottom=0.0, total_height=222.4, y after=222.4
  [UPDATE Y] child: div, content_height=91.2, margin.bottom=0.0, total_height=91.2, y after=245.4
  [UPDATE Y] child: div, content_height=294.4, margin.bottom=0.0, total_height=294.4, y after=516.8
  [UPDATE Y] child: div, content_height=516.8, margin.bottom=0.0, total_height=516.8, y after=622.3
  [UPDATE Y] child: div, content_height=115.2, margin.bottom=0.0, total_height=115.2, y after=737.5

=== Element Layout Info ===
Tag: html

Box Model:
  Margin: top=0.00, right=0.00, bottom=0.00, left=0.00
  Border: top=0.00, right=0.00, bottom=0.00, left=0.00
  Padding: top=0.00, right=0.00, bottom=0.00, left=0.00
  Content: x=0.00, y=0.00, width=1200.00, height=6586.84
  Total Size: width=1200.00, height=6586.84
  Actual Position (content box): x=0.00, y=0.00
  Position (with margin): x=0.00, y=0.00

Computed Styles:
  display: block
==========================


=== Element Layout Info ===
Tag: body

Box Model:
  Margin: top=0.00, right=0.00, bottom=0.00, left=0.00
  Border: top=0.00, right=0.00, bottom=0.00, left=0.00
  Padding: top=20.00, right=20.00, bottom=20.00, left=20.00
  Content: x=0.00, y=0.00, width=1160.00, height=6546.84
  Total Size: width=1200.00, height=6586.84
  Actual Position (content box): x=0.00, y=0.00
  Position (with margin): x=0.00, y=0.00

Computed Styles:
  display: block
==========================


=== Element Layout Info ===
Tag: h1

Box Model:
  Margin: top=21.44, right=0.00, bottom=21.44, left=0.00
  Border: top=2.00, right=2.00, bottom=2.00, left=2.00
  Padding: top=0.00, right=0.00, bottom=0.00, left=0.00
  Content: x=20.00, y=61.44, width=1116.00, height=46.00
  Total Size: width=1120.00, height=50.00
  Actual Position (content box): x=20.00, y=61.44
  Position (with margin): x=20.00, y=40.00

Computed Styles:
  display: block
==========================

[FONT] font-size parsed: 32.0px
[FONT] font-size parsed: 32.0px
[STYLE] h1 font-size parsed: 32.0px
[STYLE] p font-size parsed: 32.0px
[LAYOUT] Element: html, is_root: true
  margin: top=0.0, right=0.0, bottom=0.0, left=0.0
  padding: top=0.0, right=0.0, bottom=0.0, left=0.0
  content: x=0.0, y=0.0, width=1200.0, height=0.0
  containing_block: width=1200.0, height=800.0
[LAYOUT] Root element (html) position set to (0, 0)
[LAYOUT] Element: body, is_root: false
  margin: top=0.0, right=0.0, bottom=0.0, left=0.0
  padding: top=20.0, right=20.0, bottom=20.0, left=20.0
  content: x=0.0, y=0.0, width=1160.0, height=0.0
  containing_block: width=1200.0, height=800.0
[LAYOUT] Body element position set: x=0.0, y=0.0 (margin: left=0.0, top=0.0)
[LAYOUT] Element: html, is_root: false
  margin: top=0.0, right=0.0, bottom=0.0, left=0.0
  padding: top=0.0, right=0.0, bottom=0.0, left=0.0
  content: x=0.0, y=0.0, width=1160.0, height=0.0
  containing_block: width=1160.0, height=800.0
[LAYOUT] Element: body, is_root: false
  margin: top=0.0, right=0.0, bottom=0.0, left=0.0
  padding: top=20.0, right=20.0, bottom=20.0, left=20.0
  content: x=0.0, y=0.0, width=1120.0, height=0.0
  containing_block: width=1160.0, height=800.0
[LAYOUT] Body element position set: x=0.0, y=0.0 (margin: left=0.0, top=0.0)
[CONTAINING BLOCK] body.content.width=1120.0, child_containing_block.width=1120.0
[WIDTH DEBUG] h1: containing_block.width=1120.0, available_width=1120.0, calculated_width=1120.0
  [TEXT HEIGHT] text: "ZBrowser功能测试...", font_size=32.0, line_height=46.0, height=46.0
[LAYOUT] Child element: h1 (parent: body)
  parent.content: x=0.0, y=0.0
  parent.padding: left=20.0, top=20.0
  child.margin: left=0.0, top=21.4
  y (accumulated): 20.0
  child.content: x=20.0 (was 0.0), y=41.4 (was 0.0)
  [UPDATE Y] child: h1, content_height=50.0, margin.bottom=21.4, total_height=71.4, y after=91.4
[LAYOUT] Child element: text (parent: body)
  parent.content: x=0.0, y=0.0
  parent.padding: left=20.0, top=20.0
  child.margin: left=0.0, top=0.0
  y (accumulated): 91.4
  child.content: x=20.0 (was 0.0), y=91.4 (was 0.0)
  [UPDATE Y] child: text, content_height=0.0, margin.bottom=0.0, total_height=0.0, y after=91.4
[WIDTH DEBUG] h1: containing_block.width=1086.0, available_width=1086.0, calculated_width=1086.0
  [TEXT HEIGHT] text: "块级布局测试...", font_size=32.0, line_height=46.0, height=46.0
[LAYOUT] Child element: h1 (parent: div)
  parent.content: x=0.0, y=0.0
  parent.padding: left=15.0, top=15.0
  child.margin: left=0.0, top=16.1
  y (accumulated): 15.0
  child.content: x=15.0 (was 0.0), y=31.1 (was 0.0)
  [UPDATE Y] child: h1, content_height=62.1, margin.bottom=16.1, total_height=78.2, y after=93.2
  [TEXT HEIGHT] text: "这是一个块级�...", font_size=16.0, line_height=24.0, height=24.0
  [TEXT HEIGHT] text: "这是另一个段�...", font_size=16.0, line_height=24.0, height=24.0
  [TEXT HEIGHT] text: "嵌套的div块级�...", font_size=16.0, line_height=24.0, height=24.0
  [UPDATE Y] child: div, content_height=96.0, margin.bottom=0.0, total_height=96.0, y after=301.2
[LAYOUT] Child element: div (parent: body)
  parent.content: x=0.0, y=0.0
  parent.padding: left=20.0, top=20.0
  child.margin: left=0.0, top=0.0
  y (accumulated): 91.4
  child.content: x=20.0 (was 0.0), y=91.4 (was 0.0)
  [UPDATE Y] child: div, content_height=350.2, margin.bottom=0.0, total_height=350.2, y after=441.6
[LAYOUT] Child element: text (parent: body)
  parent.content: x=0.0, y=0.0
  parent.padding: left=20.0, top=20.0
  child.margin: left=0.0, top=0.0
  y (accumulated): 441.6
  child.content: x=20.0 (was 0.0), y=441.6 (was 0.0)
  [UPDATE Y] child: text, content_height=0.0, margin.bottom=0.0, total_height=0.0, y after=441.6
  [TEXT HEIGHT] text: "
      这是行内�...", font_size=16.0, line_height=19.2, height=19.2
  [TEXT HEIGHT] text: "行内元素不会�...", font_size=16.0, line_height=19.2, height=19.2
[LAYOUT] Child element: div (parent: body)
  parent.content: x=0.0, y=0.0
  parent.padding: left=20.0, top=20.0
  child.margin: left=0.0, top=0.0
  y (accumulated): 441.6
  child.content: x=20.0 (was 0.0), y=441.6 (was 0.0)
  [UPDATE Y] child: div, content_height=329.4, margin.bottom=0.0, total_height=329.4, y after=771.0
[LAYOUT] Child element: text (parent: body)
  parent.content: x=0.0, y=0.0
  parent.padding: left=20.0, top=20.0
  child.margin: left=0.0, top=0.0
  y (accumulated): 771.0
  child.content: x=20.0 (was 0.0), y=771.0 (was 0.0)
  [UPDATE Y] child: text, content_height=0.0, margin.bottom=0.0, total_height=0.0, y after=771.0
  [UPDATE Y] child: div, content_height=59.2, margin.bottom=5.0, total_height=64.2, y after=138.2
  [UPDATE Y] child: div, content_height=59.2, margin.bottom=5.0, total_height=64.2, y after=202.4
[LAYOUT] Child element: div (parent: body)
  parent.content: x=0.0, y=0.0
  parent.padding: left=20.0, top=20.0
  child.margin: left=0.0, top=0.0
  y (accumulated): 771.0
  child.content: x=20.0 (was 0.0), y=771.0 (was 0.0)
  [UPDATE Y] child: div, content_height=334.0, margin.bottom=0.0, total_height=334.0, y after=1105.0
[LAYOUT] Child element: text (parent: body)
  parent.content: x=0.0, y=0.0
  parent.padding: left=20.0, top=20.0
  child.margin: left=0.0, top=0.0
  y (accumulated): 1105.0
  child.content: x=20.0 (was 0.0), y=1105.0 (was 0.0)
  [UPDATE Y] child: text, content_height=0.0, margin.bottom=0.0, total_height=0.0, y after=1105.0
  [TEXT HEIGHT] text: "左浮动元素...", font_size=16.0, line_height=19.2, height=19.2
  [TEXT HEIGHT] text: "这个元素会浮�...", font_size=16.0, line_height=19.2, height=19.2
  [TEXT HEIGHT] text: "右浮动元素...", font_size=16.0, line_height=19.2, height=19.2
  [TEXT HEIGHT] text: "这个元素会浮�...", font_size=16.0, line_height=19.2, height=19.2
  [TEXT HEIGHT] text: "这是正常流中�...", font_size=16.0, line_height=19.2, height=19.2
  [UPDATE Y] child: div, content_height=59.2, margin.bottom=0.0, total_height=59.2, y after=287.8
[LAYOUT] Child element: div (parent: body)
  parent.content: x=0.0, y=0.0
  parent.padding: left=20.0, top=20.0
  child.margin: left=0.0, top=0.0
  y (accumulated): 1105.0
  child.content: x=20.0 (was 0.0), y=1105.0 (was 0.0)
  [UPDATE Y] child: div, content_height=336.8, margin.bottom=0.0, total_height=336.8, y after=1441.8
[LAYOUT] Child element: text (parent: body)
  parent.content: x=0.0, y=0.0
  parent.padding: left=20.0, top=20.0
  child.margin: left=0.0, top=0.0
  y (accumulated): 1441.8
  child.content: x=20.0 (was 0.0), y=1441.8 (was 0.0)
  [UPDATE Y] child: text, content_height=0.0, margin.bottom=0.0, total_height=0.0, y after=1441.8
  [UPDATE Y] child: div, content_height=99.2, margin.bottom=5.0, total_height=104.2, y after=119.2
  [UPDATE Y] child: div, content_height=99.2, margin.bottom=5.0, total_height=104.2, y after=223.4
  [UPDATE Y] child: div, content_height=99.2, margin.bottom=5.0, total_height=104.2, y after=327.6
  [UPDATE Y] child: div, content_height=99.2, margin.bottom=5.0, total_height=104.2, y after=431.8
  [UPDATE Y] child: div, content_height=99.2, margin.bottom=5.0, total_height=104.2, y after=536.0
  [UPDATE Y] child: div, content_height=585.0, margin.bottom=0.0, total_height=585.0, y after=697.1
  [UPDATE Y] child: div, content_height=99.2, margin.bottom=5.0, total_height=104.2, y after=119.2
  [UPDATE Y] child: div, content_height=99.2, margin.bottom=5.0, total_height=104.2, y after=223.4
  [UPDATE Y] child: div, content_height=99.2, margin.bottom=5.0, total_height=104.2, y after=327.6
  [UPDATE Y] child: div, content_height=334.0, margin.bottom=0.0, total_height=334.0, y after=1031.1
[LAYOUT] Child element: div (parent: body)
  parent.content: x=0.0, y=0.0
  parent.padding: left=20.0, top=20.0
  child.margin: left=0.0, top=0.0
  y (accumulated): 1441.8
  child.content: x=20.0 (was 0.0), y=1441.8 (was 0.0)
  [UPDATE Y] child: div, content_height=1031.1, margin.bottom=0.0, total_height=1031.1, y after=2472.8
[LAYOUT] Child element: text (parent: body)
  parent.content: x=0.0, y=0.0
  parent.padding: left=20.0, top=20.0
  child.margin: left=0.0, top=0.0
  y (accumulated): 2472.8
  child.content: x=20.0 (was 0.0), y=2472.8 (was 0.0)
  [UPDATE Y] child: text, content_height=0.0, margin.bottom=0.0, total_height=0.0, y after=2472.8
  [UPDATE Y] child: div, content_height=79.2, margin.bottom=0.0, total_height=79.2, y after=94.2
  [UPDATE Y] child: div, content_height=79.2, margin.bottom=0.0, total_height=79.2, y after=173.4
  [UPDATE Y] child: div, content_height=79.2, margin.bottom=0.0, total_height=79.2, y after=252.6
  [UPDATE Y] child: div, content_height=79.2, margin.bottom=0.0, total_height=79.2, y after=331.8
  [UPDATE Y] child: div, content_height=79.2, margin.bottom=0.0, total_height=79.2, y after=411.0
  [UPDATE Y] child: div, content_height=79.2, margin.bottom=0.0, total_height=79.2, y after=490.2
  [UPDATE Y] child: div, content_height=79.2, margin.bottom=0.0, total_height=79.2, y after=569.4
  [UPDATE Y] child: div, content_height=79.2, margin.bottom=0.0, total_height=79.2, y after=648.6
  [UPDATE Y] child: div, content_height=697.6, margin.bottom=0.0, total_height=697.6, y after=809.7
[LAYOUT] Child element: div (parent: body)
  parent.content: x=0.0, y=0.0
  parent.padding: left=20.0, top=20.0
  child.margin: left=0.0, top=0.0
  y (accumulated): 2472.8
  child.content: x=20.0 (was 0.0), y=2472.8 (was 0.0)
  [UPDATE Y] child: div, content_height=809.7, margin.bottom=0.0, total_height=809.7, y after=3282.5
[LAYOUT] Child element: text (parent: body)
  parent.content: x=0.0, y=0.0
  parent.padding: left=20.0, top=20.0
  child.margin: left=0.0, top=0.0
  y (accumulated): 3282.5
  child.content: x=20.0 (was 0.0), y=3282.5 (was 0.0)
  [UPDATE Y] child: text, content_height=0.0, margin.bottom=0.0, total_height=0.0, y after=3282.5
  [TEXT HEIGHT] text: "大号文本（32px�...", font_size=16.0, line_height=19.2, height=19.2
  [TEXT HEIGHT] text: "中等文本（20px�...", font_size=16.0, line_height=19.2, height=19.2
  [TEXT HEIGHT] text: "小号文本（12px�...", font_size=16.0, line_height=19.2, height=19.2
  [TEXT HEIGHT] text: "下划线文本...", font_size=16.0, line_height=19.2, height=19.2
  [TEXT HEIGHT] text: "删除线文本...", font_size=16.0, line_height=19.2, height=19.2
[LAYOUT] Child element: div (parent: body)
  parent.content: x=0.0, y=0.0
  parent.padding: left=20.0, top=20.0
  child.margin: left=0.0, top=0.0
  y (accumulated): 3282.5
  child.content: x=20.0 (was 0.0), y=3282.5 (was 0.0)
  [UPDATE Y] child: div, content_height=405.5, margin.bottom=0.0, total_height=405.5, y after=3688.0
[LAYOUT] Child element: text (parent: body)
  parent.content: x=0.0, y=0.0
  parent.padding: left=20.0, top=20.0
  child.margin: left=0.0, top=0.0
  y (accumulated): 3688.0
  child.content: x=20.0 (was 0.0), y=3688.0 (was 0.0)
  [UPDATE Y] child: text, content_height=0.0, margin.bottom=0.0, total_height=0.0, y after=3688.0
  [TEXT HEIGHT] text: "这是一个测试�...", font_size=16.0, line_height=25.6, height=25.6
  [TEXT HEIGHT] text: "這是一個測試�...", font_size=16.0, line_height=25.6, height=25.6
  [TEXT HEIGHT] text: "これはテスト�...", font_size=16.0, line_height=25.6, height=25.6
  [TEXT HEIGHT] text: "이것은 테스트 ...", font_size=16.0, line_height=25.6, height=25.6
  [TEXT HEIGHT] text: "This is a test page ...", font_size=16.0, line_height=25.6, height=25.6
  [TEXT HEIGHT] text: "混合文本 Mixed T...", font_size=16.0, line_height=25.6, height=25.6
[LAYOUT] Child element: div (parent: body)
  parent.content: x=0.0, y=0.0
  parent.padding: left=20.0, top=20.0
  child.margin: left=0.0, top=0.0
  y (accumulated): 3688.0
  child.content: x=20.0 (was 0.0), y=3688.0 (was 0.0)
  [UPDATE Y] child: div, content_height=610.3, margin.bottom=0.0, total_height=610.3, y after=4298.4
[LAYOUT] Child element: text (parent: body)
  parent.content: x=0.0, y=0.0
  parent.padding: left=20.0, top=20.0
  child.margin: left=0.0, top=0.0
  y (accumulated): 4298.4
  child.content: x=20.0 (was 0.0), y=4298.4 (was 0.0)
  [UPDATE Y] child: text, content_height=0.0, margin.bottom=0.0, total_height=0.0, y after=4298.4
  [TEXT HEIGHT] text: "这个区域有实�...", font_size=16.0, line_height=19.2, height=19.2
  [TEXT HEIGHT] text: "这个区域有虚�...", font_size=16.0, line_height=19.2, height=19.2
  [UPDATE Y] child: div, content_height=117.2, margin.bottom=0.0, total_height=117.2, y after=273.9
[LAYOUT] Child element: div (parent: body)
  parent.content: x=0.0, y=0.0
  parent.padding: left=20.0, top=20.0
  child.margin: left=0.0, top=0.0
  y (accumulated): 4298.4
  child.content: x=20.0 (was 0.0), y=4298.4 (was 0.0)
  [UPDATE Y] child: div, content_height=343.9, margin.bottom=0.0, total_height=343.9, y after=4642.3
[LAYOUT] Child element: text (parent: body)
  parent.content: x=0.0, y=0.0
  parent.padding: left=20.0, top=20.0
  child.margin: left=0.0, top=0.0
  y (accumulated): 4642.3
  child.content: x=20.0 (was 0.0), y=4642.3 (was 0.0)
  [UPDATE Y] child: text, content_height=0.0, margin.bottom=0.0, total_height=0.0, y after=4642.3
  [TEXT HEIGHT] text: "第一层嵌套...", font_size=16.0, line_height=19.2, height=19.2
  [TEXT HEIGHT] text: "第二层嵌套...", font_size=16.0, line_height=19.2, height=19.2
  [TEXT HEIGHT] text: "第三层嵌套...", font_size=16.0, line_height=19.2, height=19.2
  [UPDATE Y] child: div, content_height=71.2, margin.bottom=2.0, total_height=73.2, y after=132.4
  [UPDATE Y] child: div, content_height=160.4, margin.bottom=3.0, total_height=163.4, y after=224.6
  [UPDATE Y] child: div, content_height=258.6, margin.bottom=5.0, total_height=263.6, y after=364.1
[LAYOUT] Child element: div (parent: body)
  parent.content: x=0.0, y=0.0
  parent.padding: left=20.0, top=20.0
  child.margin: left=0.0, top=0.0
  y (accumulated): 4642.3
  child.content: x=20.0 (was 0.0), y=4642.3 (was 0.0)
  [UPDATE Y] child: div, content_height=413.1, margin.bottom=0.0, total_height=413.1, y after=5055.4
[LAYOUT] Child element: text (parent: body)
  parent.content: x=0.0, y=0.0
  parent.padding: left=20.0, top=20.0
  child.margin: left=0.0, top=0.0
  y (accumulated): 5055.4
  child.content: x=20.0 (was 0.0), y=5055.4 (was 0.0)
  [UPDATE Y] child: text, content_height=0.0, margin.bottom=0.0, total_height=0.0, y after=5055.4
  [TEXT HEIGHT] text: "HTML实体：<div> &...", font_size=16.0, line_height=19.2, height=19.2
  [TEXT HEIGHT] text: "Unicode字符：© �...", font_size=16.0, line_height=19.2, height=19.2
  [TEXT HEIGHT] text: "数学符号：∑ �...", font_size=16.0, line_height=19.2, height=19.2
  [TEXT HEIGHT] text: "箭头符号：← �...", font_size=16.0, line_height=19.2, height=19.2
  [TEXT HEIGHT] text: "Emoji：😀 😃 �...", font_size=16.0, line_height=19.2, height=19.2
[LAYOUT] Child element: div (parent: body)
  parent.content: x=0.0, y=0.0
  parent.padding: left=20.0, top=20.0
  child.margin: left=0.0, top=0.0
  y (accumulated): 5055.4
  child.content: x=20.0 (was 0.0), y=5055.4 (was 0.0)
  [UPDATE Y] child: div, content_height=405.5, margin.bottom=0.0, total_height=405.5, y after=5460.9
[LAYOUT] Child element: text (parent: body)
  parent.content: x=0.0, y=0.0
  parent.padding: left=20.0, top=20.0
  child.margin: left=0.0, top=0.0
  y (accumulated): 5460.9
  child.content: x=20.0 (was 0.0), y=5460.9 (was 0.0)
  [UPDATE Y] child: text, content_height=0.0, margin.bottom=0.0, total_height=0.0, y after=5460.9
  [TEXT HEIGHT] text: "包含块级和行�...", font_size=16.0, line_height=19.2, height=19.2
  [UPDATE Y] child: div, content_height=222.4, margin.bottom=0.0, total_height=222.4, y after=222.4
  [TEXT HEIGHT] text: "另一个Flex子项�...", font_size=16.0, line_height=19.2, height=19.2
  [TEXT HEIGHT] text: "嵌套的div...", font_size=16.0, line_height=19.2, height=19.2
  [UPDATE Y] child: div, content_height=91.2, margin.bottom=0.0, total_height=91.2, y after=245.4
  [UPDATE Y] child: div, content_height=294.4, margin.bottom=0.0, total_height=294.4, y after=516.8
  [UPDATE Y] child: div, content_height=516.8, margin.bottom=0.0, total_height=516.8, y after=622.3
  [TEXT HEIGHT] text: "相对定位容器...", font_size=16.0, line_height=19.2, height=19.2
  [UPDATE Y] child: div, content_height=115.2, margin.bottom=0.0, total_height=115.2, y after=737.5
[LAYOUT] Child element: div (parent: body)
  parent.content: x=0.0, y=0.0
  parent.padding: left=20.0, top=20.0
  child.margin: left=0.0, top=0.0
  y (accumulated): 5460.9
  child.content: x=20.0 (was 0.0), y=5460.9 (was 0.0)
  [UPDATE Y] child: div, content_height=803.5, margin.bottom=0.0, total_height=803.5, y after=6264.4
[LAYOUT] Child element: text (parent: body)
  parent.content: x=0.0, y=0.0
  parent.padding: left=20.0, top=20.0
  child.margin: left=0.0, top=0.0
  y (accumulated): 6264.4
  child.content: x=20.0 (was 0.0), y=6264.4 (was 0.0)
  [UPDATE Y] child: text, content_height=0.0, margin.bottom=0.0, total_height=0.0, y after=6264.4
  [TEXT HEIGHT] text: "ZBrowser功能测试...", font_size=16.0, line_height=19.2, height=19.2
  [TEXT HEIGHT] text: "包含：块级布�...", font_size=16.0, line_height=19.2, height=19.2
[LAYOUT] Child element: div (parent: body)
  parent.content: x=0.0, y=0.0
  parent.padding: left=20.0, top=20.0
  child.margin: left=0.0, top=30.0
  y (accumulated): 6264.4
  child.content: x=20.0 (was 0.0), y=6294.4 (was 0.0)
  [UPDATE Y] child: div, content_height=182.4, margin.bottom=0.0, total_height=182.4, y after=6446.8
[LAYOUT] Child element: body (parent: html)
  parent.content: x=0.0, y=0.0
  parent.padding: left=0.0, top=0.0
  child.margin: left=0.0, top=0.0
  y (accumulated): 0.0
  child.content: x=0.0 (was 0.0), y=0.0 (was 0.0)
  [UPDATE Y] child: body, content_height=6506.8, margin.bottom=0.0, total_height=6506.8, y after=6506.8
[LAYOUT] Child element: !DOCTYPE (parent: body)
  parent.content: x=0.0, y=0.0
  parent.padding: left=20.0, top=20.0
  child.margin: left=0.0, top=0.0
  y (accumulated): 20.0
  child.content: x=20.0 (was 0.0), y=20.0 (was 0.0)
  [UPDATE Y] child: !DOCTYPE, content_height=6506.8, margin.bottom=0.0, total_height=6506.8, y after=6526.8
[LAYOUT] Child element: body (parent: html)
  parent.content: x=0.0, y=0.0
  parent.padding: left=0.0, top=0.0
  child.margin: left=0.0, top=0.0
  y (accumulated): 0.0
  child.content: x=0.0 (was 0.0), y=0.0 (was 0.0)
  [UPDATE Y] child: body, content_height=6586.8, margin.bottom=0.0, total_height=6586.8, y after=6586.8
[LAYOUT] Element: body, is_root: false
  margin: top=0.0, right=0.0, bottom=0.0, left=0.0
  padding: top=20.0, right=20.0, bottom=20.0, left=20.0
  content: x=0.0, y=0.0, width=1160.0, height=6546.8
  containing_block: width=1200.0, height=6586.8
[LAYOUT] Body element position set: x=0.0, y=0.0 (margin: left=0.0, top=0.0)
[LAYOUT] Element: html, is_root: false
  margin: top=0.0, right=0.0, bottom=0.0, left=0.0
  padding: top=0.0, right=0.0, bottom=0.0, left=0.0
  content: x=0.0, y=0.0, width=1160.0, height=6506.8
  containing_block: width=1160.0, height=6586.8
[LAYOUT] Element: body, is_root: false
  margin: top=0.0, right=0.0, bottom=0.0, left=0.0
  padding: top=20.0, right=20.0, bottom=20.0, left=20.0
  content: x=0.0, y=0.0, width=1120.0, height=6466.8
  containing_block: width=1160.0, height=6586.8
[LAYOUT] Body element position set: x=0.0, y=0.0 (margin: left=0.0, top=0.0)
[CONTAINING BLOCK] body.content.width=1120.0, child_containing_block.width=1120.0
[WIDTH DEBUG] h1: containing_block.width=1120.0, available_width=1120.0, calculated_width=1116.0
[LAYOUT] Child element: h1 (parent: body)
  parent.content: x=0.0, y=0.0
  parent.padding: left=20.0, top=20.0
  child.margin: left=0.0, top=21.4
  y (accumulated): 20.0
  child.content: x=20.0 (was 20.0), y=41.4 (was 41.4)
  [UPDATE Y] child: h1, content_height=50.0, margin.bottom=21.4, total_height=71.4, y after=91.4
[LAYOUT] Child element: text (parent: body)
  parent.content: x=0.0, y=0.0
  parent.padding: left=20.0, top=20.0
  child.margin: left=0.0, top=0.0
  y (accumulated): 91.4
  child.content: x=20.0 (was 20.0), y=91.4 (was 91.4)
  [UPDATE Y] child: text, content_height=0.0, margin.bottom=0.0, total_height=0.0, y after=91.4
[WIDTH DEBUG] h1: containing_block.width=1086.0, available_width=1086.0, calculated_width=1086.0
[LAYOUT] Child element: h1 (parent: div)
  parent.content: x=20.0, y=91.4
  parent.padding: left=15.0, top=15.0
  child.margin: left=0.0, top=16.1
  y (accumulated): 15.0
  child.content: x=15.0 (was 15.0), y=122.5 (was 31.1)
  [UPDATE Y] child: h1, content_height=62.1, margin.bottom=16.1, total_height=78.2, y after=93.2
  [UPDATE Y] child: div, content_height=96.0, margin.bottom=0.0, total_height=96.0, y after=301.2
[LAYOUT] Child element: div (parent: body)
  parent.content: x=0.0, y=0.0
  parent.padding: left=20.0, top=20.0
  child.margin: left=0.0, top=0.0
  y (accumulated): 91.4
  child.content: x=20.0 (was 20.0), y=91.4 (was 91.4)
  [UPDATE Y] child: div, content_height=350.2, margin.bottom=0.0, total_height=350.2, y after=441.6
[LAYOUT] Child element: text (parent: body)
  parent.content: x=0.0, y=0.0
  parent.padding: left=20.0, top=20.0
  child.margin: left=0.0, top=0.0
  y (accumulated): 441.6
  child.content: x=20.0 (was 20.0), y=441.6 (was 441.6)
  [UPDATE Y] child: text, content_height=0.0, margin.bottom=0.0, total_height=0.0, y after=441.6
[LAYOUT] Child element: div (parent: body)
  parent.content: x=0.0, y=0.0
  parent.padding: left=20.0, top=20.0
  child.margin: left=0.0, top=0.0
  y (accumulated): 441.6
  child.content: x=20.0 (was 20.0), y=441.6 (was 441.6)
  [UPDATE Y] child: div, content_height=329.4, margin.bottom=0.0, total_height=329.4, y after=771.0
[LAYOUT] Child element: text (parent: body)
  parent.content: x=0.0, y=0.0
  parent.padding: left=20.0, top=20.0
  child.margin: left=0.0, top=0.0
  y (accumulated): 771.0
  child.content: x=20.0 (was 20.0), y=771.0 (was 771.0)
  [UPDATE Y] child: text, content_height=0.0, margin.bottom=0.0, total_height=0.0, y after=771.0
  [UPDATE Y] child: div, content_height=59.2, margin.bottom=5.0, total_height=64.2, y after=138.2
  [UPDATE Y] child: div, content_height=59.2, margin.bottom=5.0, total_height=64.2, y after=202.4
[LAYOUT] Child element: div (parent: body)
  parent.content: x=0.0, y=0.0
  parent.padding: left=20.0, top=20.0
  child.margin: left=0.0, top=0.0
  y (accumulated): 771.0
  child.content: x=20.0 (was 20.0), y=771.0 (was 771.0)
  [UPDATE Y] child: div, content_height=334.0, margin.bottom=0.0, total_height=334.0, y after=1105.0
[LAYOUT] Child element: text (parent: body)
  parent.content: x=0.0, y=0.0
  parent.padding: left=20.0, top=20.0
  child.margin: left=0.0, top=0.0
  y (accumulated): 1105.0
  child.content: x=20.0 (was 20.0), y=1105.0 (was 1105.0)
  [UPDATE Y] child: text, content_height=0.0, margin.bottom=0.0, total_height=0.0, y after=1105.0
  [UPDATE Y] child: div, content_height=59.2, margin.bottom=0.0, total_height=59.2, y after=287.8
[LAYOUT] Child element: div (parent: body)
  parent.content: x=0.0, y=0.0
  parent.padding: left=20.0, top=20.0
  child.margin: left=0.0, top=0.0
  y (accumulated): 1105.0
  child.content: x=20.0 (was 20.0), y=1105.0 (was 1105.0)
  [UPDATE Y] child: div, content_height=336.8, margin.bottom=0.0, total_height=336.8, y after=1441.8
[LAYOUT] Child element: text (parent: body)
  parent.content: x=0.0, y=0.0
  parent.padding: left=20.0, top=20.0
  child.margin: left=0.0, top=0.0
  y (accumulated): 1441.8
  child.content: x=20.0 (was 20.0), y=1441.8 (was 1441.8)
  [UPDATE Y] child: text, content_height=0.0, margin.bottom=0.0, total_height=0.0, y after=1441.8
  [UPDATE Y] child: div, content_height=99.2, margin.bottom=5.0, total_height=104.2, y after=119.2
  [UPDATE Y] child: div, content_height=99.2, margin.bottom=5.0, total_height=104.2, y after=223.4
  [UPDATE Y] child: div, content_height=99.2, margin.bottom=5.0, total_height=104.2, y after=327.6
  [UPDATE Y] child: div, content_height=99.2, margin.bottom=5.0, total_height=104.2, y after=431.8
  [UPDATE Y] child: div, content_height=99.2, margin.bottom=5.0, total_height=104.2, y after=536.0
  [UPDATE Y] child: div, content_height=585.0, margin.bottom=0.0, total_height=585.0, y after=697.1
  [UPDATE Y] child: div, content_height=99.2, margin.bottom=5.0, total_height=104.2, y after=119.2
  [UPDATE Y] child: div, content_height=99.2, margin.bottom=5.0, total_height=104.2, y after=223.4
  [UPDATE Y] child: div, content_height=99.2, margin.bottom=5.0, total_height=104.2, y after=327.6
  [UPDATE Y] child: div, content_height=334.0, margin.bottom=0.0, total_height=334.0, y after=1031.1
[LAYOUT] Child element: div (parent: body)
  parent.content: x=0.0, y=0.0
  parent.padding: left=20.0, top=20.0
  child.margin: left=0.0, top=0.0
  y (accumulated): 1441.8
  child.content: x=20.0 (was 20.0), y=1441.8 (was 1441.8)
  [UPDATE Y] child: div, content_height=1031.1, margin.bottom=0.0, total_height=1031.1, y after=2472.8
[LAYOUT] Child element: text (parent: body)
  parent.content: x=0.0, y=0.0
  parent.padding: left=20.0, top=20.0
  child.margin: left=0.0, top=0.0
  y (accumulated): 2472.8
  child.content: x=20.0 (was 20.0), y=2472.8 (was 2472.8)
  [UPDATE Y] child: text, content_height=0.0, margin.bottom=0.0, total_height=0.0, y after=2472.8
  [UPDATE Y] child: div, content_height=79.2, margin.bottom=0.0, total_height=79.2, y after=94.2
  [UPDATE Y] child: div, content_height=79.2, margin.bottom=0.0, total_height=79.2, y after=173.4
  [UPDATE Y] child: div, content_height=79.2, margin.bottom=0.0, total_height=79.2, y after=252.6
  [UPDATE Y] child: div, content_height=79.2, margin.bottom=0.0, total_height=79.2, y after=331.8
  [UPDATE Y] child: div, content_height=79.2, margin.bottom=0.0, total_height=79.2, y after=411.0
  [UPDATE Y] child: div, content_height=79.2, margin.bottom=0.0, total_height=79.2, y after=490.2
  [UPDATE Y] child: div, content_height=79.2, margin.bottom=0.0, total_height=79.2, y after=569.4
  [UPDATE Y] child: div, content_height=79.2, margin.bottom=0.0, total_height=79.2, y after=648.6
  [UPDATE Y] child: div, content_height=697.6, margin.bottom=0.0, total_height=697.6, y after=809.7
[LAYOUT] Child element: div (parent: body)
  parent.content: x=0.0, y=0.0
  parent.padding: left=20.0, top=20.0
  child.margin: left=0.0, top=0.0
  y (accumulated): 2472.8
  child.content: x=20.0 (was 20.0), y=2472.8 (was 2472.8)
  [UPDATE Y] child: div, content_height=809.7, margin.bottom=0.0, total_height=809.7, y after=3282.5
[LAYOUT] Child element: text (parent: body)
  parent.content: x=0.0, y=0.0
  parent.padding: left=20.0, top=20.0
  child.margin: left=0.0, top=0.0
  y (accumulated): 3282.5
  child.content: x=20.0 (was 20.0), y=3282.5 (was 3282.5)
  [UPDATE Y] child: text, content_height=0.0, margin.bottom=0.0, total_height=0.0, y after=3282.5
[LAYOUT] Child element: div (parent: body)
  parent.content: x=0.0, y=0.0
  parent.padding: left=20.0, top=20.0
  child.margin: left=0.0, top=0.0
  y (accumulated): 3282.5
  child.content: x=20.0 (was 20.0), y=3282.5 (was 3282.5)
  [UPDATE Y] child: div, content_height=405.5, margin.bottom=0.0, total_height=405.5, y after=3688.0
[LAYOUT] Child element: text (parent: body)
  parent.content: x=0.0, y=0.0
  parent.padding: left=20.0, top=20.0
  child.margin: left=0.0, top=0.0
  y (accumulated): 3688.0
  child.content: x=20.0 (was 20.0), y=3688.0 (was 3688.0)
  [UPDATE Y] child: text, content_height=0.0, margin.bottom=0.0, total_height=0.0, y after=3688.0
[LAYOUT] Child element: div (parent: body)
  parent.content: x=0.0, y=0.0
  parent.padding: left=20.0, top=20.0
  child.margin: left=0.0, top=0.0
  y (accumulated): 3688.0
  child.content: x=20.0 (was 20.0), y=3688.0 (was 3688.0)
  [UPDATE Y] child: div, content_height=610.3, margin.bottom=0.0, total_height=610.3, y after=4298.4
[LAYOUT] Child element: text (parent: body)
  parent.content: x=0.0, y=0.0
  parent.padding: left=20.0, top=20.0
  child.margin: left=0.0, top=0.0
  y (accumulated): 4298.4
  child.content: x=20.0 (was 20.0), y=4298.4 (was 4298.4)
  [UPDATE Y] child: text, content_height=0.0, margin.bottom=0.0, total_height=0.0, y after=4298.4
  [UPDATE Y] child: div, content_height=117.2, margin.bottom=0.0, total_height=117.2, y after=273.9
[LAYOUT] Child element: div (parent: body)
  parent.content: x=0.0, y=0.0
  parent.padding: left=20.0, top=20.0
  child.margin: left=0.0, top=0.0
  y (accumulated): 4298.4
  child.content: x=20.0 (was 20.0), y=4298.4 (was 4298.4)
  [UPDATE Y] child: div, content_height=343.9, margin.bottom=0.0, total_height=343.9, y after=4642.3
[LAYOUT] Child element: text (parent: body)
  parent.content: x=0.0, y=0.0
  parent.padding: left=20.0, top=20.0
  child.margin: left=0.0, top=0.0
  y (accumulated): 4642.3
  child.content: x=20.0 (was 20.0), y=4642.3 (was 4642.3)
  [UPDATE Y] child: text, content_height=0.0, margin.bottom=0.0, total_height=0.0, y after=4642.3
  [UPDATE Y] child: div, content_height=71.2, margin.bottom=2.0, total_height=73.2, y after=132.4
  [UPDATE Y] child: div, content_height=160.4, margin.bottom=3.0, total_height=163.4, y after=224.6
  [UPDATE Y] child: div, content_height=258.6, margin.bottom=5.0, total_height=263.6, y after=364.1
[LAYOUT] Child element: div (parent: body)
  parent.content: x=0.0, y=0.0
  parent.padding: left=20.0, top=20.0
  child.margin: left=0.0, top=0.0
  y (accumulated): 4642.3
  child.content: x=20.0 (was 20.0), y=4642.3 (was 4642.3)
  [UPDATE Y] child: div, content_height=413.1, margin.bottom=0.0, total_height=413.1, y after=5055.4
[LAYOUT] Child element: text (parent: body)
  parent.content: x=0.0, y=0.0
  parent.padding: left=20.0, top=20.0
  child.margin: left=0.0, top=0.0
  y (accumulated): 5055.4
  child.content: x=20.0 (was 20.0), y=5055.4 (was 5055.4)
  [UPDATE Y] child: text, content_height=0.0, margin.bottom=0.0, total_height=0.0, y after=5055.4
[LAYOUT] Child element: div (parent: body)
  parent.content: x=0.0, y=0.0
  parent.padding: left=20.0, top=20.0
  child.margin: left=0.0, top=0.0
  y (accumulated): 5055.4
  child.content: x=20.0 (was 20.0), y=5055.4 (was 5055.4)
  [UPDATE Y] child: div, content_height=405.5, margin.bottom=0.0, total_height=405.5, y after=5460.9
[LAYOUT] Child element: text (parent: body)
  parent.content: x=0.0, y=0.0
  parent.padding: left=20.0, top=20.0
  child.margin: left=0.0, top=0.0
  y (accumulated): 5460.9
  child.content: x=20.0 (was 20.0), y=5460.9 (was 5460.9)
  [UPDATE Y] child: text, content_height=0.0, margin.bottom=0.0, total_height=0.0, y after=5460.9
  [UPDATE Y] child: div, content_height=222.4, margin.bottom=0.0, total_height=222.4, y after=222.4
  [UPDATE Y] child: div, content_height=91.2, margin.bottom=0.0, total_height=91.2, y after=245.4
  [UPDATE Y] child: div, content_height=294.4, margin.bottom=0.0, total_height=294.4, y after=516.8
  [UPDATE Y] child: div, content_height=516.8, margin.bottom=0.0, total_height=516.8, y after=622.3
  [UPDATE Y] child: div, content_height=115.2, margin.bottom=0.0, total_height=115.2, y after=737.5
[LAYOUT] Child element: div (parent: body)
  parent.content: x=0.0, y=0.0
  parent.padding: left=20.0, top=20.0
  child.margin: left=0.0, top=0.0
  y (accumulated): 5460.9
  child.content: x=20.0 (was 20.0), y=5460.9 (was 5460.9)
  [UPDATE Y] child: div, content_height=803.5, margin.bottom=0.0, total_height=803.5, y after=6264.4
[LAYOUT] Child element: text (parent: body)
  parent.content: x=0.0, y=0.0
  parent.padding: left=20.0, top=20.0
  child.margin: left=0.0, top=0.0
  y (accumulated): 6264.4
  child.content: x=20.0 (was 20.0), y=6264.4 (was 6264.4)
  [UPDATE Y] child: text, content_height=0.0, margin.bottom=0.0, total_height=0.0, y after=6264.4
[LAYOUT] Child element: div (parent: body)
  parent.content: x=0.0, y=0.0
  parent.padding: left=20.0, top=20.0
  child.margin: left=0.0, top=30.0
  y (accumulated): 6264.4
  child.content: x=20.0 (was 20.0), y=6294.4 (was 6294.4)
  [UPDATE Y] child: div, content_height=182.4, margin.bottom=0.0, total_height=182.4, y after=6446.8
[LAYOUT] Child element: body (parent: html)
  parent.content: x=0.0, y=0.0
  parent.padding: left=0.0, top=0.0
  child.margin: left=0.0, top=0.0
  y (accumulated): 0.0
  child.content: x=0.0 (was 0.0), y=0.0 (was 0.0)
  [UPDATE Y] child: body, content_height=6506.8, margin.bottom=0.0, total_height=6506.8, y after=6506.8
[LAYOUT] Child element: !DOCTYPE (parent: body)
  parent.content: x=0.0, y=0.0
  parent.padding: left=20.0, top=20.0
  child.margin: left=0.0, top=0.0
  y (accumulated): 20.0
  child.content: x=20.0 (was 20.0), y=20.0 (was 20.0)
  [UPDATE Y] child: !DOCTYPE, content_height=6506.8, margin.bottom=0.0, total_height=6506.8, y after=6526.8
[LAYOUT] Element: html, is_root: false
  margin: top=0.0, right=0.0, bottom=0.0, left=0.0
  padding: top=0.0, right=0.0, bottom=0.0, left=0.0
  content: x=20.0, y=20.0, width=1160.0, height=6506.8
  containing_block: width=1160.0, height=6546.8
[LAYOUT] Element: body, is_root: false
  margin: top=0.0, right=0.0, bottom=0.0, left=0.0
  padding: top=20.0, right=20.0, bottom=20.0, left=20.0
  content: x=0.0, y=0.0, width=1120.0, height=6466.8
  containing_block: width=1160.0, height=6546.8
[LAYOUT WARNING] html.content is not (0, 0): x=20.0, y=20.0
[LAYOUT] Body element position set: x=0.0, y=0.0 (margin: left=0.0, top=0.0)
[CONTAINING BLOCK] body.content.width=1120.0, child_containing_block.width=1120.0
[WIDTH DEBUG] h1: containing_block.width=1120.0, available_width=1120.0, calculated_width=1116.0
[LAYOUT] Child element: h1 (parent: body)
  parent.content: x=0.0, y=0.0
  parent.padding: left=20.0, top=20.0
  child.margin: left=0.0, top=21.4
  y (accumulated): 20.0
  child.content: x=20.0 (was 20.0), y=41.4 (was 41.4)
  [UPDATE Y] child: h1, content_height=50.0, margin.bottom=21.4, total_height=71.4, y after=91.4
[LAYOUT] Child element: text (parent: body)
  parent.content: x=0.0, y=0.0
  parent.padding: left=20.0, top=20.0
  child.margin: left=0.0, top=0.0
  y (accumulated): 91.4
  child.content: x=20.0 (was 20.0), y=91.4 (was 91.4)
  [UPDATE Y] child: text, content_height=0.0, margin.bottom=0.0, total_height=0.0, y after=91.4
[WIDTH DEBUG] h1: containing_block.width=1086.0, available_width=1086.0, calculated_width=1086.0
[LAYOUT] Child element: h1 (parent: div)
  parent.content: x=20.0, y=91.4
  parent.padding: left=15.0, top=15.0
  child.margin: left=0.0, top=16.1
  y (accumulated): 15.0
  child.content: x=15.0 (was 15.0), y=122.5 (was 122.5)
  [UPDATE Y] child: h1, content_height=62.1, margin.bottom=16.1, total_height=78.2, y after=93.2
  [UPDATE Y] child: div, content_height=96.0, margin.bottom=0.0, total_height=96.0, y after=301.2
[LAYOUT] Child element: div (parent: body)
  parent.content: x=0.0, y=0.0
  parent.padding: left=20.0, top=20.0
  child.margin: left=0.0, top=0.0
  y (accumulated): 91.4
  child.content: x=20.0 (was 20.0), y=91.4 (was 91.4)
  [UPDATE Y] child: div, content_height=350.2, margin.bottom=0.0, total_height=350.2, y after=441.6
[LAYOUT] Child element: text (parent: body)
  parent.content: x=0.0, y=0.0
  parent.padding: left=20.0, top=20.0
  child.margin: left=0.0, top=0.0
  y (accumulated): 441.6
  child.content: x=20.0 (was 20.0), y=441.6 (was 441.6)
  [UPDATE Y] child: text, content_height=0.0, margin.bottom=0.0, total_height=0.0, y after=441.6
[LAYOUT] Child element: div (parent: body)
  parent.content: x=0.0, y=0.0
  parent.padding: left=20.0, top=20.0
  child.margin: left=0.0, top=0.0
  y (accumulated): 441.6
  child.content: x=20.0 (was 20.0), y=441.6 (was 441.6)
  [UPDATE Y] child: div, content_height=329.4, margin.bottom=0.0, total_height=329.4, y after=771.0
[LAYOUT] Child element: text (parent: body)
  parent.content: x=0.0, y=0.0
  parent.padding: left=20.0, top=20.0
  child.margin: left=0.0, top=0.0
  y (accumulated): 771.0
  child.content: x=20.0 (was 20.0), y=771.0 (was 771.0)
  [UPDATE Y] child: text, content_height=0.0, margin.bottom=0.0, total_height=0.0, y after=771.0
  [UPDATE Y] child: div, content_height=59.2, margin.bottom=5.0, total_height=64.2, y after=138.2
  [UPDATE Y] child: div, content_height=59.2, margin.bottom=5.0, total_height=64.2, y after=202.4
[LAYOUT] Child element: div (parent: body)
  parent.content: x=0.0, y=0.0
  parent.padding: left=20.0, top=20.0
  child.margin: left=0.0, top=0.0
  y (accumulated): 771.0
  child.content: x=20.0 (was 20.0), y=771.0 (was 771.0)
  [UPDATE Y] child: div, content_height=334.0, margin.bottom=0.0, total_height=334.0, y after=1105.0
[LAYOUT] Child element: text (parent: body)
  parent.content: x=0.0, y=0.0
  parent.padding: left=20.0, top=20.0
  child.margin: left=0.0, top=0.0
  y (accumulated): 1105.0
  child.content: x=20.0 (was 20.0), y=1105.0 (was 1105.0)
  [UPDATE Y] child: text, content_height=0.0, margin.bottom=0.0, total_height=0.0, y after=1105.0
  [UPDATE Y] child: div, content_height=59.2, margin.bottom=0.0, total_height=59.2, y after=287.8
[LAYOUT] Child element: div (parent: body)
  parent.content: x=0.0, y=0.0
  parent.padding: left=20.0, top=20.0
  child.margin: left=0.0, top=0.0
  y (accumulated): 1105.0
  child.content: x=20.0 (was 20.0), y=1105.0 (was 1105.0)
  [UPDATE Y] child: div, content_height=336.8, margin.bottom=0.0, total_height=336.8, y after=1441.8
[LAYOUT] Child element: text (parent: body)
  parent.content: x=0.0, y=0.0
  parent.padding: left=20.0, top=20.0
  child.margin: left=0.0, top=0.0
  y (accumulated): 1441.8
  child.content: x=20.0 (was 20.0), y=1441.8 (was 1441.8)
  [UPDATE Y] child: text, content_height=0.0, margin.bottom=0.0, total_height=0.0, y after=1441.8
  [UPDATE Y] child: div, content_height=99.2, margin.bottom=5.0, total_height=104.2, y after=119.2
  [UPDATE Y] child: div, content_height=99.2, margin.bottom=5.0, total_height=104.2, y after=223.4
  [UPDATE Y] child: div, content_height=99.2, margin.bottom=5.0, total_height=104.2, y after=327.6
  [UPDATE Y] child: div, content_height=99.2, margin.bottom=5.0, total_height=104.2, y after=431.8
  [UPDATE Y] child: div, content_height=99.2, margin.bottom=5.0, total_height=104.2, y after=536.0
  [UPDATE Y] child: div, content_height=585.0, margin.bottom=0.0, total_height=585.0, y after=697.1
  [UPDATE Y] child: div, content_height=99.2, margin.bottom=5.0, total_height=104.2, y after=119.2
  [UPDATE Y] child: div, content_height=99.2, margin.bottom=5.0, total_height=104.2, y after=223.4
  [UPDATE Y] child: div, content_height=99.2, margin.bottom=5.0, total_height=104.2, y after=327.6
  [UPDATE Y] child: div, content_height=334.0, margin.bottom=0.0, total_height=334.0, y after=1031.1
[LAYOUT] Child element: div (parent: body)
  parent.content: x=0.0, y=0.0
  parent.padding: left=20.0, top=20.0
  child.margin: left=0.0, top=0.0
  y (accumulated): 1441.8
  child.content: x=20.0 (was 20.0), y=1441.8 (was 1441.8)
  [UPDATE Y] child: div, content_height=1031.1, margin.bottom=0.0, total_height=1031.1, y after=2472.8
[LAYOUT] Child element: text (parent: body)
  parent.content: x=0.0, y=0.0
  parent.padding: left=20.0, top=20.0
  child.margin: left=0.0, top=0.0
  y (accumulated): 2472.8
  child.content: x=20.0 (was 20.0), y=2472.8 (was 2472.8)
  [UPDATE Y] child: text, content_height=0.0, margin.bottom=0.0, total_height=0.0, y after=2472.8
  [UPDATE Y] child: div, content_height=79.2, margin.bottom=0.0, total_height=79.2, y after=94.2
  [UPDATE Y] child: div, content_height=79.2, margin.bottom=0.0, total_height=79.2, y after=173.4
  [UPDATE Y] child: div, content_height=79.2, margin.bottom=0.0, total_height=79.2, y after=252.6
  [UPDATE Y] child: div, content_height=79.2, margin.bottom=0.0, total_height=79.2, y after=331.8
  [UPDATE Y] child: div, content_height=79.2, margin.bottom=0.0, total_height=79.2, y after=411.0
  [UPDATE Y] child: div, content_height=79.2, margin.bottom=0.0, total_height=79.2, y after=490.2
  [UPDATE Y] child: div, content_height=79.2, margin.bottom=0.0, total_height=79.2, y after=569.4
  [UPDATE Y] child: div, content_height=79.2, margin.bottom=0.0, total_height=79.2, y after=648.6
  [UPDATE Y] child: div, content_height=697.6, margin.bottom=0.0, total_height=697.6, y after=809.7
[LAYOUT] Child element: div (parent: body)
  parent.content: x=0.0, y=0.0
  parent.padding: left=20.0, top=20.0
  child.margin: left=0.0, top=0.0
  y (accumulated): 2472.8
  child.content: x=20.0 (was 20.0), y=2472.8 (was 2472.8)
  [UPDATE Y] child: div, content_height=809.7, margin.bottom=0.0, total_height=809.7, y after=3282.5
[LAYOUT] Child element: text (parent: body)
  parent.content: x=0.0, y=0.0
  parent.padding: left=20.0, top=20.0
  child.margin: left=0.0, top=0.0
  y (accumulated): 3282.5
  child.content: x=20.0 (was 20.0), y=3282.5 (was 3282.5)
  [UPDATE Y] child: text, content_height=0.0, margin.bottom=0.0, total_height=0.0, y after=3282.5
[LAYOUT] Child element: div (parent: body)
  parent.content: x=0.0, y=0.0
  parent.padding: left=20.0, top=20.0
  child.margin: left=0.0, top=0.0
  y (accumulated): 3282.5
  child.content: x=20.0 (was 20.0), y=3282.5 (was 3282.5)
  [UPDATE Y] child: div, content_height=405.5, margin.bottom=0.0, total_height=405.5, y after=3688.0
[LAYOUT] Child element: text (parent: body)
  parent.content: x=0.0, y=0.0
  parent.padding: left=20.0, top=20.0
  child.margin: left=0.0, top=0.0
  y (accumulated): 3688.0
  child.content: x=20.0 (was 20.0), y=3688.0 (was 3688.0)
  [UPDATE Y] child: text, content_height=0.0, margin.bottom=0.0, total_height=0.0, y after=3688.0
[LAYOUT] Child element: div (parent: body)
  parent.content: x=0.0, y=0.0
  parent.padding: left=20.0, top=20.0
  child.margin: left=0.0, top=0.0
  y (accumulated): 3688.0
  child.content: x=20.0 (was 20.0), y=3688.0 (was 3688.0)
  [UPDATE Y] child: div, content_height=610.3, margin.bottom=0.0, total_height=610.3, y after=4298.4
[LAYOUT] Child element: text (parent: body)
  parent.content: x=0.0, y=0.0
  parent.padding: left=20.0, top=20.0
  child.margin: left=0.0, top=0.0
  y (accumulated): 4298.4
  child.content: x=20.0 (was 20.0), y=4298.4 (was 4298.4)
  [UPDATE Y] child: text, content_height=0.0, margin.bottom=0.0, total_height=0.0, y after=4298.4
  [UPDATE Y] child: div, content_height=117.2, margin.bottom=0.0, total_height=117.2, y after=273.9
[LAYOUT] Child element: div (parent: body)
  parent.content: x=0.0, y=0.0
  parent.padding: left=20.0, top=20.0
  child.margin: left=0.0, top=0.0
  y (accumulated): 4298.4
  child.content: x=20.0 (was 20.0), y=4298.4 (was 4298.4)
  [UPDATE Y] child: div, content_height=343.9, margin.bottom=0.0, total_height=343.9, y after=4642.3
[LAYOUT] Child element: text (parent: body)
  parent.content: x=0.0, y=0.0
  parent.padding: left=20.0, top=20.0
  child.margin: left=0.0, top=0.0
  y (accumulated): 4642.3
  child.content: x=20.0 (was 20.0), y=4642.3 (was 4642.3)
  [UPDATE Y] child: text, content_height=0.0, margin.bottom=0.0, total_height=0.0, y after=4642.3
  [UPDATE Y] child: div, content_height=71.2, margin.bottom=2.0, total_height=73.2, y after=132.4
  [UPDATE Y] child: div, content_height=160.4, margin.bottom=3.0, total_height=163.4, y after=224.6
  [UPDATE Y] child: div, content_height=258.6, margin.bottom=5.0, total_height=263.6, y after=364.1
[LAYOUT] Child element: div (parent: body)
  parent.content: x=0.0, y=0.0
  parent.padding: left=20.0, top=20.0
  child.margin: left=0.0, top=0.0
  y (accumulated): 4642.3
  child.content: x=20.0 (was 20.0), y=4642.3 (was 4642.3)
  [UPDATE Y] child: div, content_height=413.1, margin.bottom=0.0, total_height=413.1, y after=5055.4
[LAYOUT] Child element: text (parent: body)
  parent.content: x=0.0, y=0.0
  parent.padding: left=20.0, top=20.0
  child.margin: left=0.0, top=0.0
  y (accumulated): 5055.4
  child.content: x=20.0 (was 20.0), y=5055.4 (was 5055.4)
  [UPDATE Y] child: text, content_height=0.0, margin.bottom=0.0, total_height=0.0, y after=5055.4
[LAYOUT] Child element: div (parent: body)
  parent.content: x=0.0, y=0.0
  parent.padding: left=20.0, top=20.0
  child.margin: left=0.0, top=0.0
  y (accumulated): 5055.4
  child.content: x=20.0 (was 20.0), y=5055.4 (was 5055.4)
  [UPDATE Y] child: div, content_height=405.5, margin.bottom=0.0, total_height=405.5, y after=5460.9
[LAYOUT] Child element: text (parent: body)
  parent.content: x=0.0, y=0.0
  parent.padding: left=20.0, top=20.0
  child.margin: left=0.0, top=0.0
  y (accumulated): 5460.9
  child.content: x=20.0 (was 20.0), y=5460.9 (was 5460.9)
  [UPDATE Y] child: text, content_height=0.0, margin.bottom=0.0, total_height=0.0, y after=5460.9
  [UPDATE Y] child: div, content_height=222.4, margin.bottom=0.0, total_height=222.4, y after=222.4
  [UPDATE Y] child: div, content_height=91.2, margin.bottom=0.0, total_height=91.2, y after=245.4
  [UPDATE Y] child: div, content_height=294.4, margin.bottom=0.0, total_height=294.4, y after=516.8
  [UPDATE Y] child: div, content_height=516.8, margin.bottom=0.0, total_height=516.8, y after=622.3
  [UPDATE Y] child: div, content_height=115.2, margin.bottom=0.0, total_height=115.2, y after=737.5
[LAYOUT] Child element: div (parent: body)
  parent.content: x=0.0, y=0.0
  parent.padding: left=20.0, top=20.0
  child.margin: left=0.0, top=0.0
  y (accumulated): 5460.9
  child.content: x=20.0 (was 20.0), y=5460.9 (was 5460.9)
  [UPDATE Y] child: div, content_height=803.5, margin.bottom=0.0, total_height=803.5, y after=6264.4
[LAYOUT] Child element: text (parent: body)
  parent.content: x=0.0, y=0.0
  parent.padding: left=20.0, top=20.0
  child.margin: left=0.0, top=0.0
  y (accumulated): 6264.4
  child.content: x=20.0 (was 20.0), y=6264.4 (was 6264.4)
  [UPDATE Y] child: text, content_height=0.0, margin.bottom=0.0, total_height=0.0, y after=6264.4
[LAYOUT] Child element: div (parent: body)
  parent.content: x=0.0, y=0.0
  parent.padding: left=20.0, top=20.0
  child.margin: left=0.0, top=30.0
  y (accumulated): 6264.4
  child.content: x=20.0 (was 20.0), y=6294.4 (was 6294.4)
  [UPDATE Y] child: div, content_height=182.4, margin.bottom=0.0, total_height=182.4, y after=6446.8
[LAYOUT] Child element: body (parent: html)
  parent.content: x=20.0, y=20.0
  parent.padding: left=0.0, top=0.0
  child.margin: left=0.0, top=0.0
  y (accumulated): 0.0
  child.content: x=20.0 (was 0.0), y=20.0 (was 0.0)
  [UPDATE Y] child: body, content_height=6506.8, margin.bottom=0.0, total_height=6506.8, y after=6506.8
[LAYOUT] Element: html, is_root: false
  margin: top=0.0, right=0.0, bottom=0.0, left=0.0
  padding: top=0.0, right=0.0, bottom=0.0, left=0.0
  content: x=20.0, y=20.0, width=1160.0, height=6506.8
  containing_block: width=1160.0, height=6506.8
[LAYOUT] Element: body, is_root: false
  margin: top=0.0, right=0.0, bottom=0.0, left=0.0
  padding: top=20.0, right=20.0, bottom=20.0, left=20.0
  content: x=20.0, y=20.0, width=1120.0, height=6466.8
  containing_block: width=1160.0, height=6506.8
[LAYOUT WARNING] html.content is not (0, 0): x=20.0, y=20.0
[CONTAINING BLOCK] body.content.width=1120.0, child_containing_block.width=1120.0
[WIDTH DEBUG] h1: containing_block.width=1120.0, available_width=1120.0, calculated_width=1116.0
[LAYOUT] Child element: h1 (parent: body)
  parent.content: x=20.0, y=20.0
  parent.padding: left=20.0, top=20.0
  child.margin: left=0.0, top=21.4
  y (accumulated): 20.0
  child.content: x=20.0 (was 20.0), y=61.4 (was 41.4)
  [UPDATE Y] child: h1, content_height=50.0, margin.bottom=21.4, total_height=71.4, y after=91.4
[LAYOUT] Child element: text (parent: body)
  parent.content: x=20.0, y=20.0
  parent.padding: left=20.0, top=20.0
  child.margin: left=0.0, top=0.0
  y (accumulated): 91.4
  child.content: x=20.0 (was 20.0), y=111.4 (was 91.4)
  [UPDATE Y] child: text, content_height=0.0, margin.bottom=0.0, total_height=0.0, y after=91.4
[WIDTH DEBUG] h1: containing_block.width=1086.0, available_width=1086.0, calculated_width=1086.0
[LAYOUT] Child element: h1 (parent: div)
  parent.content: x=20.0, y=91.4
  parent.padding: left=15.0, top=15.0
  child.margin: left=0.0, top=16.1
  y (accumulated): 15.0
  child.content: x=15.0 (was 15.0), y=122.5 (was 122.5)
  [UPDATE Y] child: h1, content_height=62.1, margin.bottom=16.1, total_height=78.2, y after=93.2
  [UPDATE Y] child: div, content_height=96.0, margin.bottom=0.0, total_height=96.0, y after=301.2
[LAYOUT] Child element: div (parent: body)
  parent.content: x=20.0, y=20.0
  parent.padding: left=20.0, top=20.0
  child.margin: left=0.0, top=0.0
  y (accumulated): 91.4
  child.content: x=20.0 (was 20.0), y=111.4 (was 91.4)
  [UPDATE Y] child: div, content_height=350.2, margin.bottom=0.0, total_height=350.2, y after=441.6
[LAYOUT] Child element: text (parent: body)
  parent.content: x=20.0, y=20.0
  parent.padding: left=20.0, top=20.0
  child.margin: left=0.0, top=0.0
  y (accumulated): 441.6
  child.content: x=20.0 (was 20.0), y=461.6 (was 441.6)
  [UPDATE Y] child: text, content_height=0.0, margin.bottom=0.0, total_height=0.0, y after=441.6
[LAYOUT] Child element: div (parent: body)
  parent.content: x=20.0, y=20.0
  parent.padding: left=20.0, top=20.0
  child.margin: left=0.0, top=0.0
  y (accumulated): 441.6
  child.content: x=20.0 (was 20.0), y=461.6 (was 441.6)
  [UPDATE Y] child: div, content_height=329.4, margin.bottom=0.0, total_height=329.4, y after=771.0
[LAYOUT] Child element: text (parent: body)
  parent.content: x=20.0, y=20.0
  parent.padding: left=20.0, top=20.0
  child.margin: left=0.0, top=0.0
  y (accumulated): 771.0
  child.content: x=20.0 (was 20.0), y=791.0 (was 771.0)
  [UPDATE Y] child: text, content_height=0.0, margin.bottom=0.0, total_height=0.0, y after=771.0
  [UPDATE Y] child: div, content_height=59.2, margin.bottom=5.0, total_height=64.2, y after=138.2
  [UPDATE Y] child: div, content_height=59.2, margin.bottom=5.0, total_height=64.2, y after=202.4
[LAYOUT] Child element: div (parent: body)
  parent.content: x=20.0, y=20.0
  parent.padding: left=20.0, top=20.0
  child.margin: left=0.0, top=0.0
  y (accumulated): 771.0
  child.content: x=20.0 (was 20.0), y=791.0 (was 771.0)
  [UPDATE Y] child: div, content_height=334.0, margin.bottom=0.0, total_height=334.0, y after=1105.0
[LAYOUT] Child element: text (parent: body)
  parent.content: x=20.0, y=20.0
  parent.padding: left=20.0, top=20.0
  child.margin: left=0.0, top=0.0
  y (accumulated): 1105.0
  child.content: x=20.0 (was 20.0), y=1125.0 (was 1105.0)
  [UPDATE Y] child: text, content_height=0.0, margin.bottom=0.0, total_height=0.0, y after=1105.0
  [UPDATE Y] child: div, content_height=59.2, margin.bottom=0.0, total_height=59.2, y after=287.8
[LAYOUT] Child element: div (parent: body)
  parent.content: x=20.0, y=20.0
  parent.padding: left=20.0, top=20.0
  child.margin: left=0.0, top=0.0
  y (accumulated): 1105.0
  child.content: x=20.0 (was 20.0), y=1125.0 (was 1105.0)
  [UPDATE Y] child: div, content_height=336.8, margin.bottom=0.0, total_height=336.8, y after=1441.8
[LAYOUT] Child element: text (parent: body)
  parent.content: x=20.0, y=20.0
  parent.padding: left=20.0, top=20.0
  child.margin: left=0.0, top=0.0
  y (accumulated): 1441.8
  child.content: x=20.0 (was 20.0), y=1461.8 (was 1441.8)
  [UPDATE Y] child: text, content_height=0.0, margin.bottom=0.0, total_height=0.0, y after=1441.8
  [UPDATE Y] child: div, content_height=99.2, margin.bottom=5.0, total_height=104.2, y after=119.2
  [UPDATE Y] child: div, content_height=99.2, margin.bottom=5.0, total_height=104.2, y after=223.4
  [UPDATE Y] child: div, content_height=99.2, margin.bottom=5.0, total_height=104.2, y after=327.6
  [UPDATE Y] child: div, content_height=99.2, margin.bottom=5.0, total_height=104.2, y after=431.8
  [UPDATE Y] child: div, content_height=99.2, margin.bottom=5.0, total_height=104.2, y after=536.0
  [UPDATE Y] child: div, content_height=585.0, margin.bottom=0.0, total_height=585.0, y after=697.1
  [UPDATE Y] child: div, content_height=99.2, margin.bottom=5.0, total_height=104.2, y after=119.2
  [UPDATE Y] child: div, content_height=99.2, margin.bottom=5.0, total_height=104.2, y after=223.4
  [UPDATE Y] child: div, content_height=99.2, margin.bottom=5.0, total_height=104.2, y after=327.6
  [UPDATE Y] child: div, content_height=334.0, margin.bottom=0.0, total_height=334.0, y after=1031.1
[LAYOUT] Child element: div (parent: body)
  parent.content: x=20.0, y=20.0
  parent.padding: left=20.0, top=20.0
  child.margin: left=0.0, top=0.0
  y (accumulated): 1441.8
  child.content: x=20.0 (was 20.0), y=1461.8 (was 1441.8)
  [UPDATE Y] child: div, content_height=1031.1, margin.bottom=0.0, total_height=1031.1, y after=2472.8
[LAYOUT] Child element: text (parent: body)
  parent.content: x=20.0, y=20.0
  parent.padding: left=20.0, top=20.0
  child.margin: left=0.0, top=0.0
  y (accumulated): 2472.8
  child.content: x=20.0 (was 20.0), y=2492.8 (was 2472.8)
  [UPDATE Y] child: text, content_height=0.0, margin.bottom=0.0, total_height=0.0, y after=2472.8
  [UPDATE Y] child: div, content_height=79.2, margin.bottom=0.0, total_height=79.2, y after=94.2
  [UPDATE Y] child: div, content_height=79.2, margin.bottom=0.0, total_height=79.2, y after=173.4
  [UPDATE Y] child: div, content_height=79.2, margin.bottom=0.0, total_height=79.2, y after=252.6
  [UPDATE Y] child: div, content_height=79.2, margin.bottom=0.0, total_height=79.2, y after=331.8
  [UPDATE Y] child: div, content_height=79.2, margin.bottom=0.0, total_height=79.2, y after=411.0
  [UPDATE Y] child: div, content_height=79.2, margin.bottom=0.0, total_height=79.2, y after=490.2
  [UPDATE Y] child: div, content_height=79.2, margin.bottom=0.0, total_height=79.2, y after=569.4
  [UPDATE Y] child: div, content_height=79.2, margin.bottom=0.0, total_height=79.2, y after=648.6
  [UPDATE Y] child: div, content_height=697.6, margin.bottom=0.0, total_height=697.6, y after=809.7
[LAYOUT] Child element: div (parent: body)
  parent.content: x=20.0, y=20.0
  parent.padding: left=20.0, top=20.0
  child.margin: left=0.0, top=0.0
  y (accumulated): 2472.8
  child.content: x=20.0 (was 20.0), y=2492.8 (was 2472.8)
  [UPDATE Y] child: div, content_height=809.7, margin.bottom=0.0, total_height=809.7, y after=3282.5
[LAYOUT] Child element: text (parent: body)
  parent.content: x=20.0, y=20.0
  parent.padding: left=20.0, top=20.0
  child.margin: left=0.0, top=0.0
  y (accumulated): 3282.5
  child.content: x=20.0 (was 20.0), y=3302.5 (was 3282.5)
  [UPDATE Y] child: text, content_height=0.0, margin.bottom=0.0, total_height=0.0, y after=3282.5
[LAYOUT] Child element: div (parent: body)
  parent.content: x=20.0, y=20.0
  parent.padding: left=20.0, top=20.0
  child.margin: left=0.0, top=0.0
  y (accumulated): 3282.5
  child.content: x=20.0 (was 20.0), y=3302.5 (was 3282.5)
  [UPDATE Y] child: div, content_height=405.5, margin.bottom=0.0, total_height=405.5, y after=3688.0
[LAYOUT] Child element: text (parent: body)
  parent.content: x=20.0, y=20.0
  parent.padding: left=20.0, top=20.0
  child.margin: left=0.0, top=0.0
  y (accumulated): 3688.0
  child.content: x=20.0 (was 20.0), y=3708.0 (was 3688.0)
  [UPDATE Y] child: text, content_height=0.0, margin.bottom=0.0, total_height=0.0, y after=3688.0
[LAYOUT] Child element: div (parent: body)
  parent.content: x=20.0, y=20.0
  parent.padding: left=20.0, top=20.0
  child.margin: left=0.0, top=0.0
  y (accumulated): 3688.0
  child.content: x=20.0 (was 20.0), y=3708.0 (was 3688.0)
  [UPDATE Y] child: div, content_height=610.3, margin.bottom=0.0, total_height=610.3, y after=4298.4
[LAYOUT] Child element: text (parent: body)
  parent.content: x=20.0, y=20.0
  parent.padding: left=20.0, top=20.0
  child.margin: left=0.0, top=0.0
  y (accumulated): 4298.4
  child.content: x=20.0 (was 20.0), y=4318.4 (was 4298.4)
  [UPDATE Y] child: text, content_height=0.0, margin.bottom=0.0, total_height=0.0, y after=4298.4
  [UPDATE Y] child: div, content_height=117.2, margin.bottom=0.0, total_height=117.2, y after=273.9
[LAYOUT] Child element: div (parent: body)
  parent.content: x=20.0, y=20.0
  parent.padding: left=20.0, top=20.0
  child.margin: left=0.0, top=0.0
  y (accumulated): 4298.4
  child.content: x=20.0 (was 20.0), y=4318.4 (was 4298.4)
  [UPDATE Y] child: div, content_height=343.9, margin.bottom=0.0, total_height=343.9, y after=4642.3
[LAYOUT] Child element: text (parent: body)
  parent.content: x=20.0, y=20.0
  parent.padding: left=20.0, top=20.0
  child.margin: left=0.0, top=0.0
  y (accumulated): 4642.3
  child.content: x=20.0 (was 20.0), y=4662.3 (was 4642.3)
  [UPDATE Y] child: text, content_height=0.0, margin.bottom=0.0, total_height=0.0, y after=4642.3
  [UPDATE Y] child: div, content_height=71.2, margin.bottom=2.0, total_height=73.2, y after=132.4
  [UPDATE Y] child: div, content_height=160.4, margin.bottom=3.0, total_height=163.4, y after=224.6
  [UPDATE Y] child: div, content_height=258.6, margin.bottom=5.0, total_height=263.6, y after=364.1
[LAYOUT] Child element: div (parent: body)
  parent.content: x=20.0, y=20.0
  parent.padding: left=20.0, top=20.0
  child.margin: left=0.0, top=0.0
  y (accumulated): 4642.3
  child.content: x=20.0 (was 20.0), y=4662.3 (was 4642.3)
  [UPDATE Y] child: div, content_height=413.1, margin.bottom=0.0, total_height=413.1, y after=5055.4
[LAYOUT] Child element: text (parent: body)
  parent.content: x=20.0, y=20.0
  parent.padding: left=20.0, top=20.0
  child.margin: left=0.0, top=0.0
  y (accumulated): 5055.4
  child.content: x=20.0 (was 20.0), y=5075.4 (was 5055.4)
  [UPDATE Y] child: text, content_height=0.0, margin.bottom=0.0, total_height=0.0, y after=5055.4
[LAYOUT] Child element: div (parent: body)
  parent.content: x=20.0, y=20.0
  parent.padding: left=20.0, top=20.0
  child.margin: left=0.0, top=0.0
  y (accumulated): 5055.4
  child.content: x=20.0 (was 20.0), y=5075.4 (was 5055.4)
  [UPDATE Y] child: div, content_height=405.5, margin.bottom=0.0, total_height=405.5, y after=5460.9
[LAYOUT] Child element: text (parent: body)
  parent.content: x=20.0, y=20.0
  parent.padding: left=20.0, top=20.0
  child.margin: left=0.0, top=0.0
  y (accumulated): 5460.9
  child.content: x=20.0 (was 20.0), y=5480.9 (was 5460.9)
  [UPDATE Y] child: text, content_height=0.0, margin.bottom=0.0, total_height=0.0, y after=5460.9
  [UPDATE Y] child: div, content_height=222.4, margin.bottom=0.0, total_height=222.4, y after=222.4
  [UPDATE Y] child: div, content_height=91.2, margin.bottom=0.0, total_height=91.2, y after=245.4
  [UPDATE Y] child: div, content_height=294.4, margin.bottom=0.0, total_height=294.4, y after=516.8
  [UPDATE Y] child: div, content_height=516.8, margin.bottom=0.0, total_height=516.8, y after=622.3
  [UPDATE Y] child: div, content_height=115.2, margin.bottom=0.0, total_height=115.2, y after=737.5
[LAYOUT] Child element: div (parent: body)
  parent.content: x=20.0, y=20.0
  parent.padding: left=20.0, top=20.0
  child.margin: left=0.0, top=0.0
  y (accumulated): 5460.9
  child.content: x=20.0 (was 20.0), y=5480.9 (was 5460.9)
  [UPDATE Y] child: div, content_height=803.5, margin.bottom=0.0, total_height=803.5, y after=6264.4
[LAYOUT] Child element: text (parent: body)
  parent.content: x=20.0, y=20.0
  parent.padding: left=20.0, top=20.0
  child.margin: left=0.0, top=0.0
  y (accumulated): 6264.4
  child.content: x=20.0 (was 20.0), y=6284.4 (was 6264.4)
  [UPDATE Y] child: text, content_height=0.0, margin.bottom=0.0, total_height=0.0, y after=6264.4
[LAYOUT] Child element: div (parent: body)
  parent.content: x=20.0, y=20.0
  parent.padding: left=20.0, top=20.0
  child.margin: left=0.0, top=30.0
  y (accumulated): 6264.4
  child.content: x=20.0 (was 20.0), y=6314.4 (was 6294.4)
  [UPDATE Y] child: div, content_height=182.4, margin.bottom=0.0, total_height=182.4, y after=6446.8
[LAYOUT] Child element: body (parent: html)
  parent.content: x=20.0, y=20.0
  parent.padding: left=0.0, top=0.0
  child.margin: left=0.0, top=0.0
  y (accumulated): 0.0
  child.content: x=20.0 (was 20.0), y=20.0 (was 20.0)
  [UPDATE Y] child: body, content_height=6506.8, margin.bottom=0.0, total_height=6506.8, y after=6506.8
[LAYOUT] Element: body, is_root: false
  margin: top=0.0, right=0.0, bottom=0.0, left=0.0
  padding: top=20.0, right=20.0, bottom=20.0, left=20.0
  content: x=20.0, y=20.0, width=1120.0, height=6466.8
  containing_block: width=1160.0, height=6506.8
[LAYOUT WARNING] html.content is not (0, 0): x=20.0, y=20.0
[CONTAINING BLOCK] body.content.width=1120.0, child_containing_block.width=1120.0
[WIDTH DEBUG] h1: containing_block.width=1120.0, available_width=1120.0, calculated_width=1116.0
[LAYOUT] Child element: h1 (parent: body)
  parent.content: x=20.0, y=20.0
  parent.padding: left=20.0, top=20.0
  child.margin: left=0.0, top=21.4
  y (accumulated): 20.0
  child.content: x=20.0 (was 20.0), y=61.4 (was 61.4)
  [UPDATE Y] child: h1, content_height=50.0, margin.bottom=21.4, total_height=71.4, y after=91.4
[LAYOUT] Child element: text (parent: body)
  parent.content: x=20.0, y=20.0
  parent.padding: left=20.0, top=20.0
  child.margin: left=0.0, top=0.0
  y (accumulated): 91.4
  child.content: x=20.0 (was 20.0), y=111.4 (was 111.4)
  [UPDATE Y] child: text, content_height=0.0, margin.bottom=0.0, total_height=0.0, y after=91.4
[WIDTH DEBUG] h1: containing_block.width=1086.0, available_width=1086.0, calculated_width=1086.0
[LAYOUT] Child element: h1 (parent: div)
  parent.content: x=20.0, y=111.4
  parent.padding: left=15.0, top=15.0
  child.margin: left=0.0, top=16.1
  y (accumulated): 15.0
  child.content: x=15.0 (was 15.0), y=142.5 (was 122.5)
  [UPDATE Y] child: h1, content_height=62.1, margin.bottom=16.1, total_height=78.2, y after=93.2
  [UPDATE Y] child: div, content_height=96.0, margin.bottom=0.0, total_height=96.0, y after=301.2
[LAYOUT] Child element: div (parent: body)
  parent.content: x=20.0, y=20.0
  parent.padding: left=20.0, top=20.0
  child.margin: left=0.0, top=0.0
  y (accumulated): 91.4
  child.content: x=20.0 (was 20.0), y=111.4 (was 111.4)
  [UPDATE Y] child: div, content_height=350.2, margin.bottom=0.0, total_height=350.2, y after=441.6
[LAYOUT] Child element: text (parent: body)
  parent.content: x=20.0, y=20.0
  parent.padding: left=20.0, top=20.0
  child.margin: left=0.0, top=0.0
  y (accumulated): 441.6
  child.content: x=20.0 (was 20.0), y=461.6 (was 461.6)
  [UPDATE Y] child: text, content_height=0.0, margin.bottom=0.0, total_height=0.0, y after=441.6
[LAYOUT] Child element: div (parent: body)
  parent.content: x=20.0, y=20.0
  parent.padding: left=20.0, top=20.0
  child.margin: left=0.0, top=0.0
  y (accumulated): 441.6
  child.content: x=20.0 (was 20.0), y=461.6 (was 461.6)
  [UPDATE Y] child: div, content_height=329.4, margin.bottom=0.0, total_height=329.4, y after=771.0
[LAYOUT] Child element: text (parent: body)
  parent.content: x=20.0, y=20.0
  parent.padding: left=20.0, top=20.0
  child.margin: left=0.0, top=0.0
  y (accumulated): 771.0
  child.content: x=20.0 (was 20.0), y=791.0 (was 791.0)
  [UPDATE Y] child: text, content_height=0.0, margin.bottom=0.0, total_height=0.0, y after=771.0
  [UPDATE Y] child: div, content_height=59.2, margin.bottom=5.0, total_height=64.2, y after=138.2
  [UPDATE Y] child: div, content_height=59.2, margin.bottom=5.0, total_height=64.2, y after=202.4
[LAYOUT] Child element: div (parent: body)
  parent.content: x=20.0, y=20.0
  parent.padding: left=20.0, top=20.0
  child.margin: left=0.0, top=0.0
  y (accumulated): 771.0
  child.content: x=20.0 (was 20.0), y=791.0 (was 791.0)
  [UPDATE Y] child: div, content_height=334.0, margin.bottom=0.0, total_height=334.0, y after=1105.0
[LAYOUT] Child element: text (parent: body)
  parent.content: x=20.0, y=20.0
  parent.padding: left=20.0, top=20.0
  child.margin: left=0.0, top=0.0
  y (accumulated): 1105.0
  child.content: x=20.0 (was 20.0), y=1125.0 (was 1125.0)
  [UPDATE Y] child: text, content_height=0.0, margin.bottom=0.0, total_height=0.0, y after=1105.0
  [UPDATE Y] child: div, content_height=59.2, margin.bottom=0.0, total_height=59.2, y after=267.8
[LAYOUT] Child element: div (parent: body)
  parent.content: x=20.0, y=20.0
  parent.padding: left=20.0, top=20.0
  child.margin: left=0.0, top=0.0
  y (accumulated): 1105.0
  child.content: x=20.0 (was 20.0), y=1125.0 (was 1125.0)
  [UPDATE Y] child: div, content_height=336.8, margin.bottom=0.0, total_height=336.8, y after=1441.8
[LAYOUT] Child element: text (parent: body)
  parent.content: x=20.0, y=20.0
  parent.padding: left=20.0, top=20.0
  child.margin: left=0.0, top=0.0
  y (accumulated): 1441.8
  child.content: x=20.0 (was 20.0), y=1461.8 (was 1461.8)
  [UPDATE Y] child: text, content_height=0.0, margin.bottom=0.0, total_height=0.0, y after=1441.8
  [UPDATE Y] child: div, content_height=99.2, margin.bottom=5.0, total_height=104.2, y after=119.2
  [UPDATE Y] child: div, content_height=99.2, margin.bottom=5.0, total_height=104.2, y after=223.4
  [UPDATE Y] child: div, content_height=99.2, margin.bottom=5.0, total_height=104.2, y after=327.6
  [UPDATE Y] child: div, content_height=99.2, margin.bottom=5.0, total_height=104.2, y after=431.8
  [UPDATE Y] child: div, content_height=99.2, margin.bottom=5.0, total_height=104.2, y after=536.0
  [UPDATE Y] child: div, content_height=585.0, margin.bottom=0.0, total_height=585.0, y after=697.1
  [UPDATE Y] child: div, content_height=99.2, margin.bottom=5.0, total_height=104.2, y after=119.2
  [UPDATE Y] child: div, content_height=99.2, margin.bottom=5.0, total_height=104.2, y after=223.4
  [UPDATE Y] child: div, content_height=99.2, margin.bottom=5.0, total_height=104.2, y after=327.6
  [UPDATE Y] child: div, content_height=334.0, margin.bottom=0.0, total_height=334.0, y after=1031.1
[LAYOUT] Child element: div (parent: body)
  parent.content: x=20.0, y=20.0
  parent.padding: left=20.0, top=20.0
  child.margin: left=0.0, top=0.0
  y (accumulated): 1441.8
  child.content: x=20.0 (was 20.0), y=1461.8 (was 1461.8)
  [UPDATE Y] child: div, content_height=1031.1, margin.bottom=0.0, total_height=1031.1, y after=2472.8
[LAYOUT] Child element: text (parent: body)
  parent.content: x=20.0, y=20.0
  parent.padding: left=20.0, top=20.0
  child.margin: left=0.0, top=0.0
  y (accumulated): 2472.8
  child.content: x=20.0 (was 20.0), y=2492.8 (was 2492.8)
  [UPDATE Y] child: text, content_height=0.0, margin.bottom=0.0, total_height=0.0, y after=2472.8
  [UPDATE Y] child: div, content_height=79.2, margin.bottom=0.0, total_height=79.2, y after=94.2
  [UPDATE Y] child: div, content_height=79.2, margin.bottom=0.0, total_height=79.2, y after=173.4
  [UPDATE Y] child: div, content_height=79.2, margin.bottom=0.0, total_height=79.2, y after=252.6
  [UPDATE Y] child: div, content_height=79.2, margin.bottom=0.0, total_height=79.2, y after=331.8
  [UPDATE Y] child: div, content_height=79.2, margin.bottom=0.0, total_height=79.2, y after=411.0
  [UPDATE Y] child: div, content_height=79.2, margin.bottom=0.0, total_height=79.2, y after=490.2
  [UPDATE Y] child: div, content_height=79.2, margin.bottom=0.0, total_height=79.2, y after=569.4
  [UPDATE Y] child: div, content_height=79.2, margin.bottom=0.0, total_height=79.2, y after=648.6
  [UPDATE Y] child: div, content_height=697.6, margin.bottom=0.0, total_height=697.6, y after=809.7
[LAYOUT] Child element: div (parent: body)
  parent.content: x=20.0, y=20.0
  parent.padding: left=20.0, top=20.0
  child.margin: left=0.0, top=0.0
  y (accumulated): 2472.8
  child.content: x=20.0 (was 20.0), y=2492.8 (was 2492.8)
  [UPDATE Y] child: div, content_height=809.7, margin.bottom=0.0, total_height=809.7, y after=3282.5
[LAYOUT] Child element: text (parent: body)
  parent.content: x=20.0, y=20.0
  parent.padding: left=20.0, top=20.0
  child.margin: left=0.0, top=0.0
  y (accumulated): 3282.5
  child.content: x=20.0 (was 20.0), y=3302.5 (was 3302.5)
  [UPDATE Y] child: text, content_height=0.0, margin.bottom=0.0, total_height=0.0, y after=3282.5
[LAYOUT] Child element: div (parent: body)
  parent.content: x=20.0, y=20.0
  parent.padding: left=20.0, top=20.0
  child.margin: left=0.0, top=0.0
  y (accumulated): 3282.5
  child.content: x=20.0 (was 20.0), y=3302.5 (was 3302.5)
  [UPDATE Y] child: div, content_height=405.5, margin.bottom=0.0, total_height=405.5, y after=3688.0
[LAYOUT] Child element: text (parent: body)
  parent.content: x=20.0, y=20.0
  parent.padding: left=20.0, top=20.0
  child.margin: left=0.0, top=0.0
  y (accumulated): 3688.0
  child.content: x=20.0 (was 20.0), y=3708.0 (was 3708.0)
  [UPDATE Y] child: text, content_height=0.0, margin.bottom=0.0, total_height=0.0, y after=3688.0
[LAYOUT] Child element: div (parent: body)
  parent.content: x=20.0, y=20.0
  parent.padding: left=20.0, top=20.0
  child.margin: left=0.0, top=0.0
  y (accumulated): 3688.0
  child.content: x=20.0 (was 20.0), y=3708.0 (was 3708.0)
  [UPDATE Y] child: div, content_height=610.3, margin.bottom=0.0, total_height=610.3, y after=4298.4
[LAYOUT] Child element: text (parent: body)
  parent.content: x=20.0, y=20.0
  parent.padding: left=20.0, top=20.0
  child.margin: left=0.0, top=0.0
  y (accumulated): 4298.4
  child.content: x=20.0 (was 20.0), y=4318.4 (was 4318.4)
  [UPDATE Y] child: text, content_height=0.0, margin.bottom=0.0, total_height=0.0, y after=4298.4
  [UPDATE Y] child: div, content_height=117.2, margin.bottom=0.0, total_height=117.2, y after=273.9
[LAYOUT] Child element: div (parent: body)
  parent.content: x=20.0, y=20.0
  parent.padding: left=20.0, top=20.0
  child.margin: left=0.0, top=0.0
  y (accumulated): 4298.4
  child.content: x=20.0 (was 20.0), y=4318.4 (was 4318.4)
  [UPDATE Y] child: div, content_height=343.9, margin.bottom=0.0, total_height=343.9, y after=4642.3
[LAYOUT] Child element: text (parent: body)
  parent.content: x=20.0, y=20.0
  parent.padding: left=20.0, top=20.0
  child.margin: left=0.0, top=0.0
  y (accumulated): 4642.3
  child.content: x=20.0 (was 20.0), y=4662.3 (was 4662.3)
  [UPDATE Y] child: text, content_height=0.0, margin.bottom=0.0, total_height=0.0, y after=4642.3
  [UPDATE Y] child: div, content_height=71.2, margin.bottom=2.0, total_height=73.2, y after=132.4
  [UPDATE Y] child: div, content_height=160.4, margin.bottom=3.0, total_height=163.4, y after=224.6
  [UPDATE Y] child: div, content_height=258.6, margin.bottom=5.0, total_height=263.6, y after=364.1
[LAYOUT] Child element: div (parent: body)
  parent.content: x=20.0, y=20.0
  parent.padding: left=20.0, top=20.0
  child.margin: left=0.0, top=0.0
  y (accumulated): 4642.3
  child.content: x=20.0 (was 20.0), y=4662.3 (was 4662.3)
  [UPDATE Y] child: div, content_height=413.1, margin.bottom=0.0, total_height=413.1, y after=5055.4
[LAYOUT] Child element: text (parent: body)
  parent.content: x=20.0, y=20.0
  parent.padding: left=20.0, top=20.0
  child.margin: left=0.0, top=0.0
  y (accumulated): 5055.4
  child.content: x=20.0 (was 20.0), y=5075.4 (was 5075.4)
  [UPDATE Y] child: text, content_height=0.0, margin.bottom=0.0, total_height=0.0, y after=5055.4
[LAYOUT] Child element: div (parent: body)
  parent.content: x=20.0, y=20.0
  parent.padding: left=20.0, top=20.0
  child.margin: left=0.0, top=0.0
  y (accumulated): 5055.4
  child.content: x=20.0 (was 20.0), y=5075.4 (was 5075.4)
  [UPDATE Y] child: div, content_height=405.5, margin.bottom=0.0, total_height=405.5, y after=5460.9
[LAYOUT] Child element: text (parent: body)
  parent.content: x=20.0, y=20.0
  parent.padding: left=20.0, top=20.0
  child.margin: left=0.0, top=0.0
  y (accumulated): 5460.9
  child.content: x=20.0 (was 20.0), y=5480.9 (was 5480.9)
  [UPDATE Y] child: text, content_height=0.0, margin.bottom=0.0, total_height=0.0, y after=5460.9
  [UPDATE Y] child: div, content_height=222.4, margin.bottom=0.0, total_height=222.4, y after=222.4
  [UPDATE Y] child: div, content_height=91.2, margin.bottom=0.0, total_height=91.2, y after=245.4
  [UPDATE Y] child: div, content_height=294.4, margin.bottom=0.0, total_height=294.4, y after=516.8
  [UPDATE Y] child: div, content_height=516.8, margin.bottom=0.0, total_height=516.8, y after=622.3
  [UPDATE Y] child: div, content_height=115.2, margin.bottom=0.0, total_height=115.2, y after=737.5
[LAYOUT] Child element: div (parent: body)
  parent.content: x=20.0, y=20.0
  parent.padding: left=20.0, top=20.0
  child.margin: left=0.0, top=0.0
  y (accumulated): 5460.9
  child.content: x=20.0 (was 20.0), y=5480.9 (was 5480.9)
  [UPDATE Y] child: div, content_height=803.5, margin.bottom=0.0, total_height=803.5, y after=6264.4
[LAYOUT] Child element: text (parent: body)
  parent.content: x=20.0, y=20.0
  parent.padding: left=20.0, top=20.0
  child.margin: left=0.0, top=0.0
  y (accumulated): 6264.4
  child.content: x=20.0 (was 20.0), y=6284.4 (was 6284.4)
  [UPDATE Y] child: text, content_height=0.0, margin.bottom=0.0, total_height=0.0, y after=6264.4
[LAYOUT] Child element: div (parent: body)
  parent.content: x=20.0, y=20.0
  parent.padding: left=20.0, top=20.0
  child.margin: left=0.0, top=30.0
  y (accumulated): 6264.4
  child.content: x=20.0 (was 20.0), y=6314.4 (was 6314.4)
  [UPDATE Y] child: div, content_height=182.4, margin.bottom=0.0, total_height=182.4, y after=6446.8
[WIDTH DEBUG] h1: containing_block.width=1120.0, available_width=1120.0, calculated_width=1116.0
[WIDTH DEBUG] h1: containing_block.width=1086.0, available_width=1086.0, calculated_width=1086.0
[LAYOUT] Child element: h1 (parent: div)
  parent.content: x=20.0, y=111.4
  parent.padding: left=15.0, top=15.0
  child.margin: left=0.0, top=16.1
  y (accumulated): 15.0
  child.content: x=15.0 (was 15.0), y=142.5 (was 142.5)
  [UPDATE Y] child: h1, content_height=62.1, margin.bottom=16.1, total_height=78.2, y after=93.2
  [UPDATE Y] child: div, content_height=96.0, margin.bottom=0.0, total_height=96.0, y after=301.2
[WIDTH DEBUG] h1: containing_block.width=1086.0, available_width=1086.0, calculated_width=1086.0
  [UPDATE Y] child: div, content_height=59.2, margin.bottom=5.0, total_height=64.2, y after=138.2
  [UPDATE Y] child: div, content_height=59.2, margin.bottom=5.0, total_height=64.2, y after=202.4
  [UPDATE Y] child: div, content_height=59.2, margin.bottom=0.0, total_height=59.2, y after=267.8
  [UPDATE Y] child: div, content_height=99.2, margin.bottom=5.0, total_height=104.2, y after=119.2
  [UPDATE Y] child: div, content_height=99.2, margin.bottom=5.0, total_height=104.2, y after=223.4
  [UPDATE Y] child: div, content_height=99.2, margin.bottom=5.0, total_height=104.2, y after=327.6
  [UPDATE Y] child: div, content_height=99.2, margin.bottom=5.0, total_height=104.2, y after=431.8
  [UPDATE Y] child: div, content_height=99.2, margin.bottom=5.0, total_height=104.2, y after=536.0
  [UPDATE Y] child: div, content_height=585.0, margin.bottom=0.0, total_height=585.0, y after=697.1
  [UPDATE Y] child: div, content_height=99.2, margin.bottom=5.0, total_height=104.2, y after=119.2
  [UPDATE Y] child: div, content_height=99.2, margin.bottom=5.0, total_height=104.2, y after=223.4
  [UPDATE Y] child: div, content_height=99.2, margin.bottom=5.0, total_height=104.2, y after=327.6
  [UPDATE Y] child: div, content_height=334.0, margin.bottom=0.0, total_height=334.0, y after=1031.1
  [UPDATE Y] child: div, content_height=79.2, margin.bottom=0.0, total_height=79.2, y after=94.2
  [UPDATE Y] child: div, content_height=79.2, margin.bottom=0.0, total_height=79.2, y after=173.4
  [UPDATE Y] child: div, content_height=79.2, margin.bottom=0.0, total_height=79.2, y after=252.6
  [UPDATE Y] child: div, content_height=79.2, margin.bottom=0.0, total_height=79.2, y after=331.8
  [UPDATE Y] child: div, content_height=79.2, margin.bottom=0.0, total_height=79.2, y after=411.0
  [UPDATE Y] child: div, content_height=79.2, margin.bottom=0.0, total_height=79.2, y after=490.2
  [UPDATE Y] child: div, content_height=79.2, margin.bottom=0.0, total_height=79.2, y after=569.4
  [UPDATE Y] child: div, content_height=79.2, margin.bottom=0.0, total_height=79.2, y after=648.6
  [UPDATE Y] child: div, content_height=697.6, margin.bottom=0.0, total_height=697.6, y after=809.7
  [UPDATE Y] child: div, content_height=117.2, margin.bottom=0.0, total_height=117.2, y after=273.9
  [UPDATE Y] child: div, content_height=71.2, margin.bottom=2.0, total_height=73.2, y after=132.4
  [UPDATE Y] child: div, content_height=160.4, margin.bottom=3.0, total_height=163.4, y after=224.6
  [UPDATE Y] child: div, content_height=258.6, margin.bottom=5.0, total_height=263.6, y after=364.1
  [UPDATE Y] child: div, content_height=71.2, margin.bottom=2.0, total_height=73.2, y after=132.4
  [UPDATE Y] child: div, content_height=160.4, margin.bottom=3.0, total_height=163.4, y after=224.6
  [UPDATE Y] child: div, content_height=71.2, margin.bottom=2.0, total_height=73.2, y after=132.4
  [UPDATE Y] child: div, content_height=222.4, margin.bottom=0.0, total_height=222.4, y after=222.4
  [UPDATE Y] child: div, content_height=91.2, margin.bottom=0.0, total_height=91.2, y after=245.4
  [UPDATE Y] child: div, content_height=294.4, margin.bottom=0.0, total_height=294.4, y after=516.8
  [UPDATE Y] child: div, content_height=516.8, margin.bottom=0.0, total_height=516.8, y after=622.3
  [UPDATE Y] child: div, content_height=115.2, margin.bottom=0.0, total_height=115.2, y after=737.5

=== Element Layout Info ===
Tag: html

Box Model:
  Margin: top=0.00, right=0.00, bottom=0.00, left=0.00
  Border: top=0.00, right=0.00, bottom=0.00, left=0.00
  Padding: top=0.00, right=0.00, bottom=0.00, left=0.00
  Content: x=0.00, y=0.00, width=1200.00, height=6586.84
  Total Size: width=1200.00, height=6586.84
  Actual Position (content box): x=0.00, y=0.00
  Position (with margin): x=0.00, y=0.00

Computed Styles:
  display: block
==========================


=== Element Layout Info ===
Tag: body

Box Model:
  Margin: top=0.00, right=0.00, bottom=0.00, left=0.00
  Border: top=0.00, right=0.00, bottom=0.00, left=0.00
  Padding: top=20.00, right=20.00, bottom=20.00, left=20.00
  Content: x=0.00, y=0.00, width=1160.00, height=6546.84
  Total Size: width=1200.00, height=6586.84
  Actual Position (content box): x=0.00, y=0.00
  Position (with margin): x=0.00, y=0.00

Computed Styles:
  display: block
==========================


=== Element Layout Info ===
Tag: h1

Box Model:
  Margin: top=21.44, right=0.00, bottom=21.44, left=0.00
  Border: top=2.00, right=2.00, bottom=2.00, left=2.00
  Padding: top=0.00, right=0.00, bottom=0.00, left=0.00
  Content: x=20.00, y=61.44, width=1116.00, height=46.00
  Total Size: width=1120.00, height=50.00
  Actual Position (content box): x=20.00, y=61.44
  Position (with margin): x=20.00, y=40.00

Computed Styles:
  display: block
==========================

[FONT] font-size parsed: 32.0px
[FONT] font-size parsed: 32.0px
[STYLE] h1 font-size parsed: 32.0px
[STYLE] p font-size parsed: 32.0px
[LAYOUT] Element: html, is_root: true
  margin: top=0.0, right=0.0, bottom=0.0, left=0.0
  padding: top=0.0, right=0.0, bottom=0.0, left=0.0
  content: x=0.0, y=0.0, width=1200.0, height=0.0
  containing_block: width=1200.0, height=800.0
[LAYOUT] Root element (html) position set to (0, 0)
[LAYOUT] Element: body, is_root: false
  margin: top=0.0, right=0.0, bottom=0.0, left=0.0
  padding: top=20.0, right=20.0, bottom=20.0, left=20.0
  content: x=0.0, y=0.0, width=1160.0, height=0.0
  containing_block: width=1200.0, height=800.0
[LAYOUT] Body element position set: x=0.0, y=0.0 (margin: left=0.0, top=0.0)
[LAYOUT] Element: html, is_root: false
  margin: top=0.0, right=0.0, bottom=0.0, left=0.0
  padding: top=0.0, right=0.0, bottom=0.0, left=0.0
  content: x=0.0, y=0.0, width=1160.0, height=0.0
  containing_block: width=1160.0, height=800.0
[LAYOUT] Element: body, is_root: false
  margin: top=0.0, right=0.0, bottom=0.0, left=0.0
  padding: top=20.0, right=20.0, bottom=20.0, left=20.0
  content: x=0.0, y=0.0, width=1120.0, height=0.0
  containing_block: width=1160.0, height=800.0
[LAYOUT] Body element position set: x=0.0, y=0.0 (margin: left=0.0, top=0.0)
[CONTAINING BLOCK] body.content.width=1120.0, child_containing_block.width=1120.0
[WIDTH DEBUG] h1: containing_block.width=1120.0, available_width=1120.0, calculated_width=1120.0
  [TEXT HEIGHT] text: "ZBrowser功能测试...", font_size=32.0, line_height=46.0, height=46.0
[LAYOUT] Child element: h1 (parent: body)
  parent.content: x=0.0, y=0.0
  parent.padding: left=20.0, top=20.0
  child.margin: left=0.0, top=21.4
  y (accumulated): 20.0
  child.content: x=20.0 (was 0.0), y=41.4 (was 0.0)
  [UPDATE Y] child: h1, content_height=50.0, margin.bottom=21.4, total_height=71.4, y after=91.4
[LAYOUT] Child element: text (parent: body)
  parent.content: x=0.0, y=0.0
  parent.padding: left=20.0, top=20.0
  child.margin: left=0.0, top=0.0
  y (accumulated): 91.4
  child.content: x=20.0 (was 0.0), y=91.4 (was 0.0)
  [UPDATE Y] child: text, content_height=0.0, margin.bottom=0.0, total_height=0.0, y after=91.4
[WIDTH DEBUG] h1: containing_block.width=1086.0, available_width=1086.0, calculated_width=1086.0
  [TEXT HEIGHT] text: "块级布局测试...", font_size=32.0, line_height=46.0, height=46.0
[LAYOUT] Child element: h1 (parent: div)
  parent.content: x=0.0, y=0.0
  parent.padding: left=15.0, top=15.0
  child.margin: left=0.0, top=16.1
  y (accumulated): 15.0
  child.content: x=15.0 (was 0.0), y=31.1 (was 0.0)
  [UPDATE Y] child: h1, content_height=62.1, margin.bottom=16.1, total_height=78.2, y after=93.2
  [TEXT HEIGHT] text: "这是一个块级�...", font_size=16.0, line_height=24.0, height=24.0
  [TEXT HEIGHT] text: "这是另一个段�...", font_size=16.0, line_height=24.0, height=24.0
  [TEXT HEIGHT] text: "嵌套的div块级�...", font_size=16.0, line_height=24.0, height=24.0
  [UPDATE Y] child: div, content_height=96.0, margin.bottom=0.0, total_height=96.0, y after=301.2
[LAYOUT] Child element: div (parent: body)
  parent.content: x=0.0, y=0.0
  parent.padding: left=20.0, top=20.0
  child.margin: left=0.0, top=0.0
  y (accumulated): 91.4
  child.content: x=20.0 (was 0.0), y=91.4 (was 0.0)
  [UPDATE Y] child: div, content_height=350.2, margin.bottom=0.0, total_height=350.2, y after=441.6
[LAYOUT] Child element: text (parent: body)
  parent.content: x=0.0, y=0.0
  parent.padding: left=20.0, top=20.0
  child.margin: left=0.0, top=0.0
  y (accumulated): 441.6
  child.content: x=20.0 (was 0.0), y=441.6 (was 0.0)
  [UPDATE Y] child: text, content_height=0.0, margin.bottom=0.0, total_height=0.0, y after=441.6
  [TEXT HEIGHT] text: "
      这是行内�...", font_size=16.0, line_height=19.2, height=19.2
  [TEXT HEIGHT] text: "行内元素不会�...", font_size=16.0, line_height=19.2, height=19.2
[LAYOUT] Child element: div (parent: body)
  parent.content: x=0.0, y=0.0
  parent.padding: left=20.0, top=20.0
  child.margin: left=0.0, top=0.0
  y (accumulated): 441.6
  child.content: x=20.0 (was 0.0), y=441.6 (was 0.0)
  [UPDATE Y] child: div, content_height=329.4, margin.bottom=0.0, total_height=329.4, y after=771.0
[LAYOUT] Child element: text (parent: body)
  parent.content: x=0.0, y=0.0
  parent.padding: left=20.0, top=20.0
  child.margin: left=0.0, top=0.0
  y (accumulated): 771.0
  child.content: x=20.0 (was 0.0), y=771.0 (was 0.0)
  [UPDATE Y] child: text, content_height=0.0, margin.bottom=0.0, total_height=0.0, y after=771.0
  [UPDATE Y] child: div, content_height=59.2, margin.bottom=5.0, total_height=64.2, y after=138.2
  [UPDATE Y] child: div, content_height=59.2, margin.bottom=5.0, total_height=64.2, y after=202.4
[LAYOUT] Child element: div (parent: body)
  parent.content: x=0.0, y=0.0
  parent.padding: left=20.0, top=20.0
  child.margin: left=0.0, top=0.0
  y (accumulated): 771.0
  child.content: x=20.0 (was 0.0), y=771.0 (was 0.0)
  [UPDATE Y] child: div, content_height=334.0, margin.bottom=0.0, total_height=334.0, y after=1105.0
[LAYOUT] Child element: text (parent: body)
  parent.content: x=0.0, y=0.0
  parent.padding: left=20.0, top=20.0
  child.margin: left=0.0, top=0.0
  y (accumulated): 1105.0
  child.content: x=20.0 (was 0.0), y=1105.0 (was 0.0)
  [UPDATE Y] child: text, content_height=0.0, margin.bottom=0.0, total_height=0.0, y after=1105.0
  [TEXT HEIGHT] text: "左浮动元素...", font_size=16.0, line_height=19.2, height=19.2
  [TEXT HEIGHT] text: "这个元素会浮�...", font_size=16.0, line_height=19.2, height=19.2
  [TEXT HEIGHT] text: "右浮动元素...", font_size=16.0, line_height=19.2, height=19.2
  [TEXT HEIGHT] text: "这个元素会浮�...", font_size=16.0, line_height=19.2, height=19.2
  [TEXT HEIGHT] text: "这是正常流中�...", font_size=16.0, line_height=19.2, height=19.2
  [UPDATE Y] child: div, content_height=59.2, margin.bottom=0.0, total_height=59.2, y after=287.8
[LAYOUT] Child element: div (parent: body)
  parent.content: x=0.0, y=0.0
  parent.padding: left=20.0, top=20.0
  child.margin: left=0.0, top=0.0
  y (accumulated): 1105.0
  child.content: x=20.0 (was 0.0), y=1105.0 (was 0.0)
  [UPDATE Y] child: div, content_height=336.8, margin.bottom=0.0, total_height=336.8, y after=1441.8
[LAYOUT] Child element: text (parent: body)
  parent.content: x=0.0, y=0.0
  parent.padding: left=20.0, top=20.0
  child.margin: left=0.0, top=0.0
  y (accumulated): 1441.8
  child.content: x=20.0 (was 0.0), y=1441.8 (was 0.0)
  [UPDATE Y] child: text, content_height=0.0, margin.bottom=0.0, total_height=0.0, y after=1441.8
  [UPDATE Y] child: div, content_height=99.2, margin.bottom=5.0, total_height=104.2, y after=119.2
  [UPDATE Y] child: div, content_height=99.2, margin.bottom=5.0, total_height=104.2, y after=223.4
  [UPDATE Y] child: div, content_height=99.2, margin.bottom=5.0, total_height=104.2, y after=327.6
  [UPDATE Y] child: div, content_height=99.2, margin.bottom=5.0, total_height=104.2, y after=431.8
  [UPDATE Y] child: div, content_height=99.2, margin.bottom=5.0, total_height=104.2, y after=536.0
  [UPDATE Y] child: div, content_height=585.0, margin.bottom=0.0, total_height=585.0, y after=697.1
  [UPDATE Y] child: div, content_height=99.2, margin.bottom=5.0, total_height=104.2, y after=119.2
  [UPDATE Y] child: div, content_height=99.2, margin.bottom=5.0, total_height=104.2, y after=223.4
  [UPDATE Y] child: div, content_height=99.2, margin.bottom=5.0, total_height=104.2, y after=327.6
  [UPDATE Y] child: div, content_height=334.0, margin.bottom=0.0, total_height=334.0, y after=1031.1
[LAYOUT] Child element: div (parent: body)
  parent.content: x=0.0, y=0.0
  parent.padding: left=20.0, top=20.0
  child.margin: left=0.0, top=0.0
  y (accumulated): 1441.8
  child.content: x=20.0 (was 0.0), y=1441.8 (was 0.0)
  [UPDATE Y] child: div, content_height=1031.1, margin.bottom=0.0, total_height=1031.1, y after=2472.8
[LAYOUT] Child element: text (parent: body)
  parent.content: x=0.0, y=0.0
  parent.padding: left=20.0, top=20.0
  child.margin: left=0.0, top=0.0
  y (accumulated): 2472.8
  child.content: x=20.0 (was 0.0), y=2472.8 (was 0.0)
  [UPDATE Y] child: text, content_height=0.0, margin.bottom=0.0, total_height=0.0, y after=2472.8
  [UPDATE Y] child: div, content_height=79.2, margin.bottom=0.0, total_height=79.2, y after=94.2
  [UPDATE Y] child: div, content_height=79.2, margin.bottom=0.0, total_height=79.2, y after=173.4
  [UPDATE Y] child: div, content_height=79.2, margin.bottom=0.0, total_height=79.2, y after=252.6
  [UPDATE Y] child: div, content_height=79.2, margin.bottom=0.0, total_height=79.2, y after=331.8
  [UPDATE Y] child: div, content_height=79.2, margin.bottom=0.0, total_height=79.2, y after=411.0
  [UPDATE Y] child: div, content_height=79.2, margin.bottom=0.0, total_height=79.2, y after=490.2
  [UPDATE Y] child: div, content_height=79.2, margin.bottom=0.0, total_height=79.2, y after=569.4
  [UPDATE Y] child: div, content_height=79.2, margin.bottom=0.0, total_height=79.2, y after=648.6
  [UPDATE Y] child: div, content_height=697.6, margin.bottom=0.0, total_height=697.6, y after=809.7
[LAYOUT] Child element: div (parent: body)
  parent.content: x=0.0, y=0.0
  parent.padding: left=20.0, top=20.0
  child.margin: left=0.0, top=0.0
  y (accumulated): 2472.8
  child.content: x=20.0 (was 0.0), y=2472.8 (was 0.0)
  [UPDATE Y] child: div, content_height=809.7, margin.bottom=0.0, total_height=809.7, y after=3282.5
[LAYOUT] Child element: text (parent: body)
  parent.content: x=0.0, y=0.0
  parent.padding: left=20.0, top=20.0
  child.margin: left=0.0, top=0.0
  y (accumulated): 3282.5
  child.content: x=20.0 (was 0.0), y=3282.5 (was 0.0)
  [UPDATE Y] child: text, content_height=0.0, margin.bottom=0.0, total_height=0.0, y after=3282.5
  [TEXT HEIGHT] text: "大号文本（32px�...", font_size=16.0, line_height=19.2, height=19.2
  [TEXT HEIGHT] text: "中等文本（20px�...", font_size=16.0, line_height=19.2, height=19.2
  [TEXT HEIGHT] text: "小号文本（12px�...", font_size=16.0, line_height=19.2, height=19.2
  [TEXT HEIGHT] text: "下划线文本...", font_size=16.0, line_height=19.2, height=19.2
  [TEXT HEIGHT] text: "删除线文本...", font_size=16.0, line_height=19.2, height=19.2
[LAYOUT] Child element: div (parent: body)
  parent.content: x=0.0, y=0.0
  parent.padding: left=20.0, top=20.0
  child.margin: left=0.0, top=0.0
  y (accumulated): 3282.5
  child.content: x=20.0 (was 0.0), y=3282.5 (was 0.0)
  [UPDATE Y] child: div, content_height=405.5, margin.bottom=0.0, total_height=405.5, y after=3688.0
[LAYOUT] Child element: text (parent: body)
  parent.content: x=0.0, y=0.0
  parent.padding: left=20.0, top=20.0
  child.margin: left=0.0, top=0.0
  y (accumulated): 3688.0
  child.content: x=20.0 (was 0.0), y=3688.0 (was 0.0)
  [UPDATE Y] child: text, content_height=0.0, margin.bottom=0.0, total_height=0.0, y after=3688.0
  [TEXT HEIGHT] text: "这是一个测试�...", font_size=16.0, line_height=25.6, height=25.6
  [TEXT HEIGHT] text: "這是一個測試�...", font_size=16.0, line_height=25.6, height=25.6
  [TEXT HEIGHT] text: "これはテスト�...", font_size=16.0, line_height=25.6, height=25.6
  [TEXT HEIGHT] text: "이것은 테스트 ...", font_size=16.0, line_height=25.6, height=25.6
  [TEXT HEIGHT] text: "This is a test page ...", font_size=16.0, line_height=25.6, height=25.6
  [TEXT HEIGHT] text: "混合文本 Mixed T...", font_size=16.0, line_height=25.6, height=25.6
[LAYOUT] Child element: div (parent: body)
  parent.content: x=0.0, y=0.0
  parent.padding: left=20.0, top=20.0
  child.margin: left=0.0, top=0.0
  y (accumulated): 3688.0
  child.content: x=20.0 (was 0.0), y=3688.0 (was 0.0)
  [UPDATE Y] child: div, content_height=610.3, margin.bottom=0.0, total_height=610.3, y after=4298.4
[LAYOUT] Child element: text (parent: body)
  parent.content: x=0.0, y=0.0
  parent.padding: left=20.0, top=20.0
  child.margin: left=0.0, top=0.0
  y (accumulated): 4298.4
  child.content: x=20.0 (was 0.0), y=4298.4 (was 0.0)
  [UPDATE Y] child: text, content_height=0.0, margin.bottom=0.0, total_height=0.0, y after=4298.4
  [TEXT HEIGHT] text: "这个区域有实�...", font_size=16.0, line_height=19.2, height=19.2
  [TEXT HEIGHT] text: "这个区域有虚�...", font_size=16.0, line_height=19.2, height=19.2
  [UPDATE Y] child: div, content_height=117.2, margin.bottom=0.0, total_height=117.2, y after=273.9
[LAYOUT] Child element: div (parent: body)
  parent.content: x=0.0, y=0.0
  parent.padding: left=20.0, top=20.0
  child.margin: left=0.0, top=0.0
  y (accumulated): 4298.4
  child.content: x=20.0 (was 0.0), y=4298.4 (was 0.0)
  [UPDATE Y] child: div, content_height=343.9, margin.bottom=0.0, total_height=343.9, y after=4642.3
[LAYOUT] Child element: text (parent: body)
  parent.content: x=0.0, y=0.0
  parent.padding: left=20.0, top=20.0
  child.margin: left=0.0, top=0.0
  y (accumulated): 4642.3
  child.content: x=20.0 (was 0.0), y=4642.3 (was 0.0)
  [UPDATE Y] child: text, content_height=0.0, margin.bottom=0.0, total_height=0.0, y after=4642.3
  [TEXT HEIGHT] text: "第一层嵌套...", font_size=16.0, line_height=19.2, height=19.2
  [TEXT HEIGHT] text: "第二层嵌套...", font_size=16.0, line_height=19.2, height=19.2
  [TEXT HEIGHT] text: "第三层嵌套...", font_size=16.0, line_height=19.2, height=19.2
  [UPDATE Y] child: div, content_height=71.2, margin.bottom=2.0, total_height=73.2, y after=132.4
  [UPDATE Y] child: div, content_height=160.4, margin.bottom=3.0, total_height=163.4, y after=224.6
  [UPDATE Y] child: div, content_height=258.6, margin.bottom=5.0, total_height=263.6, y after=364.1
[LAYOUT] Child element: div (parent: body)
  parent.content: x=0.0, y=0.0
  parent.padding: left=20.0, top=20.0
  child.margin: left=0.0, top=0.0
  y (accumulated): 4642.3
  child.content: x=20.0 (was 0.0), y=4642.3 (was 0.0)
  [UPDATE Y] child: div, content_height=413.1, margin.bottom=0.0, total_height=413.1, y after=5055.4
[LAYOUT] Child element: text (parent: body)
  parent.content: x=0.0, y=0.0
  parent.padding: left=20.0, top=20.0
  child.margin: left=0.0, top=0.0
  y (accumulated): 5055.4
  child.content: x=20.0 (was 0.0), y=5055.4 (was 0.0)
  [UPDATE Y] child: text, content_height=0.0, margin.bottom=0.0, total_height=0.0, y after=5055.4
  [TEXT HEIGHT] text: "HTML实体：<div> &...", font_size=16.0, line_height=19.2, height=19.2
  [TEXT HEIGHT] text: "Unicode字符：© �...", font_size=16.0, line_height=19.2, height=19.2
  [TEXT HEIGHT] text: "数学符号：∑ �...", font_size=16.0, line_height=19.2, height=19.2
  [TEXT HEIGHT] text: "箭头符号：← �...", font_size=16.0, line_height=19.2, height=19.2
  [TEXT HEIGHT] text: "Emoji：😀 😃 �...", font_size=16.0, line_height=19.2, height=19.2
[LAYOUT] Child element: div (parent: body)
  parent.content: x=0.0, y=0.0
  parent.padding: left=20.0, top=20.0
  child.margin: left=0.0, top=0.0
  y (accumulated): 5055.4
  child.content: x=20.0 (was 0.0), y=5055.4 (was 0.0)
  [UPDATE Y] child: div, content_height=405.5, margin.bottom=0.0, total_height=405.5, y after=5460.9
[LAYOUT] Child element: text (parent: body)
  parent.content: x=0.0, y=0.0
  parent.padding: left=20.0, top=20.0
  child.margin: left=0.0, top=0.0
  y (accumulated): 5460.9
  child.content: x=20.0 (was 0.0), y=5460.9 (was 0.0)
  [UPDATE Y] child: text, content_height=0.0, margin.bottom=0.0, total_height=0.0, y after=5460.9
  [TEXT HEIGHT] text: "包含块级和行�...", font_size=16.0, line_height=19.2, height=19.2
  [UPDATE Y] child: div, content_height=222.4, margin.bottom=0.0, total_height=222.4, y after=222.4
  [TEXT HEIGHT] text: "另一个Flex子项�...", font_size=16.0, line_height=19.2, height=19.2
  [TEXT HEIGHT] text: "嵌套的div...", font_size=16.0, line_height=19.2, height=19.2
  [UPDATE Y] child: div, content_height=91.2, margin.bottom=0.0, total_height=91.2, y after=245.4
  [UPDATE Y] child: div, content_height=294.4, margin.bottom=0.0, total_height=294.4, y after=516.8
  [UPDATE Y] child: div, content_height=516.8, margin.bottom=0.0, total_height=516.8, y after=622.3
  [TEXT HEIGHT] text: "相对定位容器...", font_size=16.0, line_height=19.2, height=19.2
  [UPDATE Y] child: div, content_height=115.2, margin.bottom=0.0, total_height=115.2, y after=737.5
[LAYOUT] Child element: div (parent: body)
  parent.content: x=0.0, y=0.0
  parent.padding: left=20.0, top=20.0
  child.margin: left=0.0, top=0.0
  y (accumulated): 5460.9
  child.content: x=20.0 (was 0.0), y=5460.9 (was 0.0)
  [UPDATE Y] child: div, content_height=803.5, margin.bottom=0.0, total_height=803.5, y after=6264.4
[LAYOUT] Child element: text (parent: body)
  parent.content: x=0.0, y=0.0
  parent.padding: left=20.0, top=20.0
  child.margin: left=0.0, top=0.0
  y (accumulated): 6264.4
  child.content: x=20.0 (was 0.0), y=6264.4 (was 0.0)
  [UPDATE Y] child: text, content_height=0.0, margin.bottom=0.0, total_height=0.0, y after=6264.4
  [TEXT HEIGHT] text: "ZBrowser功能测试...", font_size=16.0, line_height=19.2, height=19.2
  [TEXT HEIGHT] text: "包含：块级布�...", font_size=16.0, line_height=19.2, height=19.2
[LAYOUT] Child element: div (parent: body)
  parent.content: x=0.0, y=0.0
  parent.padding: left=20.0, top=20.0
  child.margin: left=0.0, top=30.0
  y (accumulated): 6264.4
  child.content: x=20.0 (was 0.0), y=6294.4 (was 0.0)
  [UPDATE Y] child: div, content_height=182.4, margin.bottom=0.0, total_height=182.4, y after=6446.8
[LAYOUT] Child element: body (parent: html)
  parent.content: x=0.0, y=0.0
  parent.padding: left=0.0, top=0.0
  child.margin: left=0.0, top=0.0
  y (accumulated): 0.0
  child.content: x=0.0 (was 0.0), y=0.0 (was 0.0)
  [UPDATE Y] child: body, content_height=6506.8, margin.bottom=0.0, total_height=6506.8, y after=6506.8
[LAYOUT] Child element: !DOCTYPE (parent: body)
  parent.content: x=0.0, y=0.0
  parent.padding: left=20.0, top=20.0
  child.margin: left=0.0, top=0.0
  y (accumulated): 20.0
  child.content: x=20.0 (was 0.0), y=20.0 (was 0.0)
  [UPDATE Y] child: !DOCTYPE, content_height=6506.8, margin.bottom=0.0, total_height=6506.8, y after=6526.8
[LAYOUT] Child element: body (parent: html)
  parent.content: x=0.0, y=0.0
  parent.padding: left=0.0, top=0.0
  child.margin: left=0.0, top=0.0
  y (accumulated): 0.0
  child.content: x=0.0 (was 0.0), y=0.0 (was 0.0)
  [UPDATE Y] child: body, content_height=6586.8, margin.bottom=0.0, total_height=6586.8, y after=6586.8
[LAYOUT] Element: body, is_root: false
  margin: top=0.0, right=0.0, bottom=0.0, left=0.0
  padding: top=20.0, right=20.0, bottom=20.0, left=20.0
  content: x=0.0, y=0.0, width=1160.0, height=6546.8
  containing_block: width=1200.0, height=6586.8
[LAYOUT] Body element position set: x=0.0, y=0.0 (margin: left=0.0, top=0.0)
[LAYOUT] Element: html, is_root: false
  margin: top=0.0, right=0.0, bottom=0.0, left=0.0
  padding: top=0.0, right=0.0, bottom=0.0, left=0.0
  content: x=0.0, y=0.0, width=1160.0, height=6506.8
  containing_block: width=1160.0, height=6586.8
[LAYOUT] Element: body, is_root: false
  margin: top=0.0, right=0.0, bottom=0.0, left=0.0
  padding: top=20.0, right=20.0, bottom=20.0, left=20.0
  content: x=0.0, y=0.0, width=1120.0, height=6466.8
  containing_block: width=1160.0, height=6586.8
[LAYOUT] Body element position set: x=0.0, y=0.0 (margin: left=0.0, top=0.0)
[CONTAINING BLOCK] body.content.width=1120.0, child_containing_block.width=1120.0
[WIDTH DEBUG] h1: containing_block.width=1120.0, available_width=1120.0, calculated_width=1116.0
[LAYOUT] Child element: h1 (parent: body)
  parent.content: x=0.0, y=0.0
  parent.padding: left=20.0, top=20.0
  child.margin: left=0.0, top=21.4
  y (accumulated): 20.0
  child.content: x=20.0 (was 20.0), y=41.4 (was 41.4)
  [UPDATE Y] child: h1, content_height=50.0, margin.bottom=21.4, total_height=71.4, y after=91.4
[LAYOUT] Child element: text (parent: body)
  parent.content: x=0.0, y=0.0
  parent.padding: left=20.0, top=20.0
  child.margin: left=0.0, top=0.0
  y (accumulated): 91.4
  child.content: x=20.0 (was 20.0), y=91.4 (was 91.4)
  [UPDATE Y] child: text, content_height=0.0, margin.bottom=0.0, total_height=0.0, y after=91.4
[WIDTH DEBUG] h1: containing_block.width=1086.0, available_width=1086.0, calculated_width=1086.0
[LAYOUT] Child element: h1 (parent: div)
  parent.content: x=20.0, y=91.4
  parent.padding: left=15.0, top=15.0
  child.margin: left=0.0, top=16.1
  y (accumulated): 15.0
  child.content: x=15.0 (was 15.0), y=122.5 (was 31.1)
  [UPDATE Y] child: h1, content_height=62.1, margin.bottom=16.1, total_height=78.2, y after=93.2
  [UPDATE Y] child: div, content_height=96.0, margin.bottom=0.0, total_height=96.0, y after=301.2
[LAYOUT] Child element: div (parent: body)
  parent.content: x=0.0, y=0.0
  parent.padding: left=20.0, top=20.0
  child.margin: left=0.0, top=0.0
  y (accumulated): 91.4
  child.content: x=20.0 (was 20.0), y=91.4 (was 91.4)
  [UPDATE Y] child: div, content_height=350.2, margin.bottom=0.0, total_height=350.2, y after=441.6
[LAYOUT] Child element: text (parent: body)
  parent.content: x=0.0, y=0.0
  parent.padding: left=20.0, top=20.0
  child.margin: left=0.0, top=0.0
  y (accumulated): 441.6
  child.content: x=20.0 (was 20.0), y=441.6 (was 441.6)
  [UPDATE Y] child: text, content_height=0.0, margin.bottom=0.0, total_height=0.0, y after=441.6
[LAYOUT] Child element: div (parent: body)
  parent.content: x=0.0, y=0.0
  parent.padding: left=20.0, top=20.0
  child.margin: left=0.0, top=0.0
  y (accumulated): 441.6
  child.content: x=20.0 (was 20.0), y=441.6 (was 441.6)
  [UPDATE Y] child: div, content_height=329.4, margin.bottom=0.0, total_height=329.4, y after=771.0
[LAYOUT] Child element: text (parent: body)
  parent.content: x=0.0, y=0.0
  parent.padding: left=20.0, top=20.0
  child.margin: left=0.0, top=0.0
  y (accumulated): 771.0
  child.content: x=20.0 (was 20.0), y=771.0 (was 771.0)
  [UPDATE Y] child: text, content_height=0.0, margin.bottom=0.0, total_height=0.0, y after=771.0
  [UPDATE Y] child: div, content_height=59.2, margin.bottom=5.0, total_height=64.2, y after=138.2
  [UPDATE Y] child: div, content_height=59.2, margin.bottom=5.0, total_height=64.2, y after=202.4
[LAYOUT] Child element: div (parent: body)
  parent.content: x=0.0, y=0.0
  parent.padding: left=20.0, top=20.0
  child.margin: left=0.0, top=0.0
  y (accumulated): 771.0
  child.content: x=20.0 (was 20.0), y=771.0 (was 771.0)
  [UPDATE Y] child: div, content_height=334.0, margin.bottom=0.0, total_height=334.0, y after=1105.0
[LAYOUT] Child element: text (parent: body)
  parent.content: x=0.0, y=0.0
  parent.padding: left=20.0, top=20.0
  child.margin: left=0.0, top=0.0
  y (accumulated): 1105.0
  child.content: x=20.0 (was 20.0), y=1105.0 (was 1105.0)
  [UPDATE Y] child: text, content_height=0.0, margin.bottom=0.0, total_height=0.0, y after=1105.0
  [UPDATE Y] child: div, content_height=59.2, margin.bottom=0.0, total_height=59.2, y after=287.8
[LAYOUT] Child element: div (parent: body)
  parent.content: x=0.0, y=0.0
  parent.padding: left=20.0, top=20.0
  child.margin: left=0.0, top=0.0
  y (accumulated): 1105.0
  child.content: x=20.0 (was 20.0), y=1105.0 (was 1105.0)
  [UPDATE Y] child: div, content_height=336.8, margin.bottom=0.0, total_height=336.8, y after=1441.8
[LAYOUT] Child element: text (parent: body)
  parent.content: x=0.0, y=0.0
  parent.padding: left=20.0, top=20.0
  child.margin: left=0.0, top=0.0
  y (accumulated): 1441.8
  child.content: x=20.0 (was 20.0), y=1441.8 (was 1441.8)
  [UPDATE Y] child: text, content_height=0.0, margin.bottom=0.0, total_height=0.0, y after=1441.8
  [UPDATE Y] child: div, content_height=99.2, margin.bottom=5.0, total_height=104.2, y after=119.2
  [UPDATE Y] child: div, content_height=99.2, margin.bottom=5.0, total_height=104.2, y after=223.4
  [UPDATE Y] child: div, content_height=99.2, margin.bottom=5.0, total_height=104.2, y after=327.6
  [UPDATE Y] child: div, content_height=99.2, margin.bottom=5.0, total_height=104.2, y after=431.8
  [UPDATE Y] child: div, content_height=99.2, margin.bottom=5.0, total_height=104.2, y after=536.0
  [UPDATE Y] child: div, content_height=585.0, margin.bottom=0.0, total_height=585.0, y after=697.1
  [UPDATE Y] child: div, content_height=99.2, margin.bottom=5.0, total_height=104.2, y after=119.2
  [UPDATE Y] child: div, content_height=99.2, margin.bottom=5.0, total_height=104.2, y after=223.4
  [UPDATE Y] child: div, content_height=99.2, margin.bottom=5.0, total_height=104.2, y after=327.6
  [UPDATE Y] child: div, content_height=334.0, margin.bottom=0.0, total_height=334.0, y after=1031.1
[LAYOUT] Child element: div (parent: body)
  parent.content: x=0.0, y=0.0
  parent.padding: left=20.0, top=20.0
  child.margin: left=0.0, top=0.0
  y (accumulated): 1441.8
  child.content: x=20.0 (was 20.0), y=1441.8 (was 1441.8)
  [UPDATE Y] child: div, content_height=1031.1, margin.bottom=0.0, total_height=1031.1, y after=2472.8
[LAYOUT] Child element: text (parent: body)
  parent.content: x=0.0, y=0.0
  parent.padding: left=20.0, top=20.0
  child.margin: left=0.0, top=0.0
  y (accumulated): 2472.8
  child.content: x=20.0 (was 20.0), y=2472.8 (was 2472.8)
  [UPDATE Y] child: text, content_height=0.0, margin.bottom=0.0, total_height=0.0, y after=2472.8
  [UPDATE Y] child: div, content_height=79.2, margin.bottom=0.0, total_height=79.2, y after=94.2
  [UPDATE Y] child: div, content_height=79.2, margin.bottom=0.0, total_height=79.2, y after=173.4
  [UPDATE Y] child: div, content_height=79.2, margin.bottom=0.0, total_height=79.2, y after=252.6
  [UPDATE Y] child: div, content_height=79.2, margin.bottom=0.0, total_height=79.2, y after=331.8
  [UPDATE Y] child: div, content_height=79.2, margin.bottom=0.0, total_height=79.2, y after=411.0
  [UPDATE Y] child: div, content_height=79.2, margin.bottom=0.0, total_height=79.2, y after=490.2
  [UPDATE Y] child: div, content_height=79.2, margin.bottom=0.0, total_height=79.2, y after=569.4
  [UPDATE Y] child: div, content_height=79.2, margin.bottom=0.0, total_height=79.2, y after=648.6
  [UPDATE Y] child: div, content_height=697.6, margin.bottom=0.0, total_height=697.6, y after=809.7
[LAYOUT] Child element: div (parent: body)
  parent.content: x=0.0, y=0.0
  parent.padding: left=20.0, top=20.0
  child.margin: left=0.0, top=0.0
  y (accumulated): 2472.8
  child.content: x=20.0 (was 20.0), y=2472.8 (was 2472.8)
  [UPDATE Y] child: div, content_height=809.7, margin.bottom=0.0, total_height=809.7, y after=3282.5
[LAYOUT] Child element: text (parent: body)
  parent.content: x=0.0, y=0.0
  parent.padding: left=20.0, top=20.0
  child.margin: left=0.0, top=0.0
  y (accumulated): 3282.5
  child.content: x=20.0 (was 20.0), y=3282.5 (was 3282.5)
  [UPDATE Y] child: text, content_height=0.0, margin.bottom=0.0, total_height=0.0, y after=3282.5
[LAYOUT] Child element: div (parent: body)
  parent.content: x=0.0, y=0.0
  parent.padding: left=20.0, top=20.0
  child.margin: left=0.0, top=0.0
  y (accumulated): 3282.5
  child.content: x=20.0 (was 20.0), y=3282.5 (was 3282.5)
  [UPDATE Y] child: div, content_height=405.5, margin.bottom=0.0, total_height=405.5, y after=3688.0
[LAYOUT] Child element: text (parent: body)
  parent.content: x=0.0, y=0.0
  parent.padding: left=20.0, top=20.0
  child.margin: left=0.0, top=0.0
  y (accumulated): 3688.0
  child.content: x=20.0 (was 20.0), y=3688.0 (was 3688.0)
  [UPDATE Y] child: text, content_height=0.0, margin.bottom=0.0, total_height=0.0, y after=3688.0
[LAYOUT] Child element: div (parent: body)
  parent.content: x=0.0, y=0.0
  parent.padding: left=20.0, top=20.0
  child.margin: left=0.0, top=0.0
  y (accumulated): 3688.0
  child.content: x=20.0 (was 20.0), y=3688.0 (was 3688.0)
  [UPDATE Y] child: div, content_height=610.3, margin.bottom=0.0, total_height=610.3, y after=4298.4
[LAYOUT] Child element: text (parent: body)
  parent.content: x=0.0, y=0.0
  parent.padding: left=20.0, top=20.0
  child.margin: left=0.0, top=0.0
  y (accumulated): 4298.4
  child.content: x=20.0 (was 20.0), y=4298.4 (was 4298.4)
  [UPDATE Y] child: text, content_height=0.0, margin.bottom=0.0, total_height=0.0, y after=4298.4
  [UPDATE Y] child: div, content_height=117.2, margin.bottom=0.0, total_height=117.2, y after=273.9
[LAYOUT] Child element: div (parent: body)
  parent.content: x=0.0, y=0.0
  parent.padding: left=20.0, top=20.0
  child.margin: left=0.0, top=0.0
  y (accumulated): 4298.4
  child.content: x=20.0 (was 20.0), y=4298.4 (was 4298.4)
  [UPDATE Y] child: div, content_height=343.9, margin.bottom=0.0, total_height=343.9, y after=4642.3
[LAYOUT] Child element: text (parent: body)
  parent.content: x=0.0, y=0.0
  parent.padding: left=20.0, top=20.0
  child.margin: left=0.0, top=0.0
  y (accumulated): 4642.3
  child.content: x=20.0 (was 20.0), y=4642.3 (was 4642.3)
  [UPDATE Y] child: text, content_height=0.0, margin.bottom=0.0, total_height=0.0, y after=4642.3
  [UPDATE Y] child: div, content_height=71.2, margin.bottom=2.0, total_height=73.2, y after=132.4
  [UPDATE Y] child: div, content_height=160.4, margin.bottom=3.0, total_height=163.4, y after=224.6
  [UPDATE Y] child: div, content_height=258.6, margin.bottom=5.0, total_height=263.6, y after=364.1
[LAYOUT] Child element: div (parent: body)
  parent.content: x=0.0, y=0.0
  parent.padding: left=20.0, top=20.0
  child.margin: left=0.0, top=0.0
  y (accumulated): 4642.3
  child.content: x=20.0 (was 20.0), y=4642.3 (was 4642.3)
  [UPDATE Y] child: div, content_height=413.1, margin.bottom=0.0, total_height=413.1, y after=5055.4
[LAYOUT] Child element: text (parent: body)
  parent.content: x=0.0, y=0.0
  parent.padding: left=20.0, top=20.0
  child.margin: left=0.0, top=0.0
  y (accumulated): 5055.4
  child.content: x=20.0 (was 20.0), y=5055.4 (was 5055.4)
  [UPDATE Y] child: text, content_height=0.0, margin.bottom=0.0, total_height=0.0, y after=5055.4
[LAYOUT] Child element: div (parent: body)
  parent.content: x=0.0, y=0.0
  parent.padding: left=20.0, top=20.0
  child.margin: left=0.0, top=0.0
  y (accumulated): 5055.4
  child.content: x=20.0 (was 20.0), y=5055.4 (was 5055.4)
  [UPDATE Y] child: div, content_height=405.5, margin.bottom=0.0, total_height=405.5, y after=5460.9
[LAYOUT] Child element: text (parent: body)
  parent.content: x=0.0, y=0.0
  parent.padding: left=20.0, top=20.0
  child.margin: left=0.0, top=0.0
  y (accumulated): 5460.9
  child.content: x=20.0 (was 20.0), y=5460.9 (was 5460.9)
  [UPDATE Y] child: text, content_height=0.0, margin.bottom=0.0, total_height=0.0, y after=5460.9
  [UPDATE Y] child: div, content_height=222.4, margin.bottom=0.0, total_height=222.4, y after=222.4
  [UPDATE Y] child: div, content_height=91.2, margin.bottom=0.0, total_height=91.2, y after=245.4
  [UPDATE Y] child: div, content_height=294.4, margin.bottom=0.0, total_height=294.4, y after=516.8
  [UPDATE Y] child: div, content_height=516.8, margin.bottom=0.0, total_height=516.8, y after=622.3
  [UPDATE Y] child: div, content_height=115.2, margin.bottom=0.0, total_height=115.2, y after=737.5
[LAYOUT] Child element: div (parent: body)
  parent.content: x=0.0, y=0.0
  parent.padding: left=20.0, top=20.0
  child.margin: left=0.0, top=0.0
  y (accumulated): 5460.9
  child.content: x=20.0 (was 20.0), y=5460.9 (was 5460.9)
  [UPDATE Y] child: div, content_height=803.5, margin.bottom=0.0, total_height=803.5, y after=6264.4
[LAYOUT] Child element: text (parent: body)
  parent.content: x=0.0, y=0.0
  parent.padding: left=20.0, top=20.0
  child.margin: left=0.0, top=0.0
  y (accumulated): 6264.4
  child.content: x=20.0 (was 20.0), y=6264.4 (was 6264.4)
  [UPDATE Y] child: text, content_height=0.0, margin.bottom=0.0, total_height=0.0, y after=6264.4
[LAYOUT] Child element: div (parent: body)
  parent.content: x=0.0, y=0.0
  parent.padding: left=20.0, top=20.0
  child.margin: left=0.0, top=30.0
  y (accumulated): 6264.4
  child.content: x=20.0 (was 20.0), y=6294.4 (was 6294.4)
  [UPDATE Y] child: div, content_height=182.4, margin.bottom=0.0, total_height=182.4, y after=6446.8
[LAYOUT] Child element: body (parent: html)
  parent.content: x=0.0, y=0.0
  parent.padding: left=0.0, top=0.0
  child.margin: left=0.0, top=0.0
  y (accumulated): 0.0
  child.content: x=0.0 (was 0.0), y=0.0 (was 0.0)
  [UPDATE Y] child: body, content_height=6506.8, margin.bottom=0.0, total_height=6506.8, y after=6506.8
[LAYOUT] Child element: !DOCTYPE (parent: body)
  parent.content: x=0.0, y=0.0
  parent.padding: left=20.0, top=20.0
  child.margin: left=0.0, top=0.0
  y (accumulated): 20.0
  child.content: x=20.0 (was 20.0), y=20.0 (was 20.0)
  [UPDATE Y] child: !DOCTYPE, content_height=6506.8, margin.bottom=0.0, total_height=6506.8, y after=6526.8
[LAYOUT] Element: html, is_root: false
  margin: top=0.0, right=0.0, bottom=0.0, left=0.0
  padding: top=0.0, right=0.0, bottom=0.0, left=0.0
  content: x=20.0, y=20.0, width=1160.0, height=6506.8
  containing_block: width=1160.0, height=6546.8
[LAYOUT] Element: body, is_root: false
  margin: top=0.0, right=0.0, bottom=0.0, left=0.0
  padding: top=20.0, right=20.0, bottom=20.0, left=20.0
  content: x=0.0, y=0.0, width=1120.0, height=6466.8
  containing_block: width=1160.0, height=6546.8
[LAYOUT WARNING] html.content is not (0, 0): x=20.0, y=20.0
[LAYOUT] Body element position set: x=0.0, y=0.0 (margin: left=0.0, top=0.0)
[CONTAINING BLOCK] body.content.width=1120.0, child_containing_block.width=1120.0
[WIDTH DEBUG] h1: containing_block.width=1120.0, available_width=1120.0, calculated_width=1116.0
[LAYOUT] Child element: h1 (parent: body)
  parent.content: x=0.0, y=0.0
  parent.padding: left=20.0, top=20.0
  child.margin: left=0.0, top=21.4
  y (accumulated): 20.0
  child.content: x=20.0 (was 20.0), y=41.4 (was 41.4)
  [UPDATE Y] child: h1, content_height=50.0, margin.bottom=21.4, total_height=71.4, y after=91.4
[LAYOUT] Child element: text (parent: body)
  parent.content: x=0.0, y=0.0
  parent.padding: left=20.0, top=20.0
  child.margin: left=0.0, top=0.0
  y (accumulated): 91.4
  child.content: x=20.0 (was 20.0), y=91.4 (was 91.4)
  [UPDATE Y] child: text, content_height=0.0, margin.bottom=0.0, total_height=0.0, y after=91.4
[WIDTH DEBUG] h1: containing_block.width=1086.0, available_width=1086.0, calculated_width=1086.0
[LAYOUT] Child element: h1 (parent: div)
  parent.content: x=20.0, y=91.4
  parent.padding: left=15.0, top=15.0
  child.margin: left=0.0, top=16.1
  y (accumulated): 15.0
  child.content: x=15.0 (was 15.0), y=122.5 (was 122.5)
  [UPDATE Y] child: h1, content_height=62.1, margin.bottom=16.1, total_height=78.2, y after=93.2
  [UPDATE Y] child: div, content_height=96.0, margin.bottom=0.0, total_height=96.0, y after=301.2
[LAYOUT] Child element: div (parent: body)
  parent.content: x=0.0, y=0.0
  parent.padding: left=20.0, top=20.0
  child.margin: left=0.0, top=0.0
  y (accumulated): 91.4
  child.content: x=20.0 (was 20.0), y=91.4 (was 91.4)
  [UPDATE Y] child: div, content_height=350.2, margin.bottom=0.0, total_height=350.2, y after=441.6
[LAYOUT] Child element: text (parent: body)
  parent.content: x=0.0, y=0.0
  parent.padding: left=20.0, top=20.0
  child.margin: left=0.0, top=0.0
  y (accumulated): 441.6
  child.content: x=20.0 (was 20.0), y=441.6 (was 441.6)
  [UPDATE Y] child: text, content_height=0.0, margin.bottom=0.0, total_height=0.0, y after=441.6
[LAYOUT] Child element: div (parent: body)
  parent.content: x=0.0, y=0.0
  parent.padding: left=20.0, top=20.0
  child.margin: left=0.0, top=0.0
  y (accumulated): 441.6
  child.content: x=20.0 (was 20.0), y=441.6 (was 441.6)
  [UPDATE Y] child: div, content_height=329.4, margin.bottom=0.0, total_height=329.4, y after=771.0
[LAYOUT] Child element: text (parent: body)
  parent.content: x=0.0, y=0.0
  parent.padding: left=20.0, top=20.0
  child.margin: left=0.0, top=0.0
  y (accumulated): 771.0
  child.content: x=20.0 (was 20.0), y=771.0 (was 771.0)
  [UPDATE Y] child: text, content_height=0.0, margin.bottom=0.0, total_height=0.0, y after=771.0
  [UPDATE Y] child: div, content_height=59.2, margin.bottom=5.0, total_height=64.2, y after=138.2
  [UPDATE Y] child: div, content_height=59.2, margin.bottom=5.0, total_height=64.2, y after=202.4
[LAYOUT] Child element: div (parent: body)
  parent.content: x=0.0, y=0.0
  parent.padding: left=20.0, top=20.0
  child.margin: left=0.0, top=0.0
  y (accumulated): 771.0
  child.content: x=20.0 (was 20.0), y=771.0 (was 771.0)
  [UPDATE Y] child: div, content_height=334.0, margin.bottom=0.0, total_height=334.0, y after=1105.0
[LAYOUT] Child element: text (parent: body)
  parent.content: x=0.0, y=0.0
  parent.padding: left=20.0, top=20.0
  child.margin: left=0.0, top=0.0
  y (accumulated): 1105.0
  child.content: x=20.0 (was 20.0), y=1105.0 (was 1105.0)
  [UPDATE Y] child: text, content_height=0.0, margin.bottom=0.0, total_height=0.0, y after=1105.0
  [UPDATE Y] child: div, content_height=59.2, margin.bottom=0.0, total_height=59.2, y after=287.8
[LAYOUT] Child element: div (parent: body)
  parent.content: x=0.0, y=0.0
  parent.padding: left=20.0, top=20.0
  child.margin: left=0.0, top=0.0
  y (accumulated): 1105.0
  child.content: x=20.0 (was 20.0), y=1105.0 (was 1105.0)
  [UPDATE Y] child: div, content_height=336.8, margin.bottom=0.0, total_height=336.8, y after=1441.8
[LAYOUT] Child element: text (parent: body)
  parent.content: x=0.0, y=0.0
  parent.padding: left=20.0, top=20.0
  child.margin: left=0.0, top=0.0
  y (accumulated): 1441.8
  child.content: x=20.0 (was 20.0), y=1441.8 (was 1441.8)
  [UPDATE Y] child: text, content_height=0.0, margin.bottom=0.0, total_height=0.0, y after=1441.8
  [UPDATE Y] child: div, content_height=99.2, margin.bottom=5.0, total_height=104.2, y after=119.2
  [UPDATE Y] child: div, content_height=99.2, margin.bottom=5.0, total_height=104.2, y after=223.4
  [UPDATE Y] child: div, content_height=99.2, margin.bottom=5.0, total_height=104.2, y after=327.6
  [UPDATE Y] child: div, content_height=99.2, margin.bottom=5.0, total_height=104.2, y after=431.8
  [UPDATE Y] child: div, content_height=99.2, margin.bottom=5.0, total_height=104.2, y after=536.0
  [UPDATE Y] child: div, content_height=585.0, margin.bottom=0.0, total_height=585.0, y after=697.1
  [UPDATE Y] child: div, content_height=99.2, margin.bottom=5.0, total_height=104.2, y after=119.2
  [UPDATE Y] child: div, content_height=99.2, margin.bottom=5.0, total_height=104.2, y after=223.4
  [UPDATE Y] child: div, content_height=99.2, margin.bottom=5.0, total_height=104.2, y after=327.6
  [UPDATE Y] child: div, content_height=334.0, margin.bottom=0.0, total_height=334.0, y after=1031.1
[LAYOUT] Child element: div (parent: body)
  parent.content: x=0.0, y=0.0
  parent.padding: left=20.0, top=20.0
  child.margin: left=0.0, top=0.0
  y (accumulated): 1441.8
  child.content: x=20.0 (was 20.0), y=1441.8 (was 1441.8)
  [UPDATE Y] child: div, content_height=1031.1, margin.bottom=0.0, total_height=1031.1, y after=2472.8
[LAYOUT] Child element: text (parent: body)
  parent.content: x=0.0, y=0.0
  parent.padding: left=20.0, top=20.0
  child.margin: left=0.0, top=0.0
  y (accumulated): 2472.8
  child.content: x=20.0 (was 20.0), y=2472.8 (was 2472.8)
  [UPDATE Y] child: text, content_height=0.0, margin.bottom=0.0, total_height=0.0, y after=2472.8
  [UPDATE Y] child: div, content_height=79.2, margin.bottom=0.0, total_height=79.2, y after=94.2
  [UPDATE Y] child: div, content_height=79.2, margin.bottom=0.0, total_height=79.2, y after=173.4
  [UPDATE Y] child: div, content_height=79.2, margin.bottom=0.0, total_height=79.2, y after=252.6
  [UPDATE Y] child: div, content_height=79.2, margin.bottom=0.0, total_height=79.2, y after=331.8
  [UPDATE Y] child: div, content_height=79.2, margin.bottom=0.0, total_height=79.2, y after=411.0
  [UPDATE Y] child: div, content_height=79.2, margin.bottom=0.0, total_height=79.2, y after=490.2
  [UPDATE Y] child: div, content_height=79.2, margin.bottom=0.0, total_height=79.2, y after=569.4
  [UPDATE Y] child: div, content_height=79.2, margin.bottom=0.0, total_height=79.2, y after=648.6
  [UPDATE Y] child: div, content_height=697.6, margin.bottom=0.0, total_height=697.6, y after=809.7
[LAYOUT] Child element: div (parent: body)
  parent.content: x=0.0, y=0.0
  parent.padding: left=20.0, top=20.0
  child.margin: left=0.0, top=0.0
  y (accumulated): 2472.8
  child.content: x=20.0 (was 20.0), y=2472.8 (was 2472.8)
  [UPDATE Y] child: div, content_height=809.7, margin.bottom=0.0, total_height=809.7, y after=3282.5
[LAYOUT] Child element: text (parent: body)
  parent.content: x=0.0, y=0.0
  parent.padding: left=20.0, top=20.0
  child.margin: left=0.0, top=0.0
  y (accumulated): 3282.5
  child.content: x=20.0 (was 20.0), y=3282.5 (was 3282.5)
  [UPDATE Y] child: text, content_height=0.0, margin.bottom=0.0, total_height=0.0, y after=3282.5
[LAYOUT] Child element: div (parent: body)
  parent.content: x=0.0, y=0.0
  parent.padding: left=20.0, top=20.0
  child.margin: left=0.0, top=0.0
  y (accumulated): 3282.5
  child.content: x=20.0 (was 20.0), y=3282.5 (was 3282.5)
  [UPDATE Y] child: div, content_height=405.5, margin.bottom=0.0, total_height=405.5, y after=3688.0
[LAYOUT] Child element: text (parent: body)
  parent.content: x=0.0, y=0.0
  parent.padding: left=20.0, top=20.0
  child.margin: left=0.0, top=0.0
  y (accumulated): 3688.0
  child.content: x=20.0 (was 20.0), y=3688.0 (was 3688.0)
  [UPDATE Y] child: text, content_height=0.0, margin.bottom=0.0, total_height=0.0, y after=3688.0
[LAYOUT] Child element: div (parent: body)
  parent.content: x=0.0, y=0.0
  parent.padding: left=20.0, top=20.0
  child.margin: left=0.0, top=0.0
  y (accumulated): 3688.0
  child.content: x=20.0 (was 20.0), y=3688.0 (was 3688.0)
  [UPDATE Y] child: div, content_height=610.3, margin.bottom=0.0, total_height=610.3, y after=4298.4
[LAYOUT] Child element: text (parent: body)
  parent.content: x=0.0, y=0.0
  parent.padding: left=20.0, top=20.0
  child.margin: left=0.0, top=0.0
  y (accumulated): 4298.4
  child.content: x=20.0 (was 20.0), y=4298.4 (was 4298.4)
  [UPDATE Y] child: text, content_height=0.0, margin.bottom=0.0, total_height=0.0, y after=4298.4
  [UPDATE Y] child: div, content_height=117.2, margin.bottom=0.0, total_height=117.2, y after=273.9
[LAYOUT] Child element: div (parent: body)
  parent.content: x=0.0, y=0.0
  parent.padding: left=20.0, top=20.0
  child.margin: left=0.0, top=0.0
  y (accumulated): 4298.4
  child.content: x=20.0 (was 20.0), y=4298.4 (was 4298.4)
  [UPDATE Y] child: div, content_height=343.9, margin.bottom=0.0, total_height=343.9, y after=4642.3
[LAYOUT] Child element: text (parent: body)
  parent.content: x=0.0, y=0.0
  parent.padding: left=20.0, top=20.0
  child.margin: left=0.0, top=0.0
  y (accumulated): 4642.3
  child.content: x=20.0 (was 20.0), y=4642.3 (was 4642.3)
  [UPDATE Y] child: text, content_height=0.0, margin.bottom=0.0, total_height=0.0, y after=4642.3
  [UPDATE Y] child: div, content_height=71.2, margin.bottom=2.0, total_height=73.2, y after=132.4
  [UPDATE Y] child: div, content_height=160.4, margin.bottom=3.0, total_height=163.4, y after=224.6
  [UPDATE Y] child: div, content_height=258.6, margin.bottom=5.0, total_height=263.6, y after=364.1
[LAYOUT] Child element: div (parent: body)
  parent.content: x=0.0, y=0.0
  parent.padding: left=20.0, top=20.0
  child.margin: left=0.0, top=0.0
  y (accumulated): 4642.3
  child.content: x=20.0 (was 20.0), y=4642.3 (was 4642.3)
  [UPDATE Y] child: div, content_height=413.1, margin.bottom=0.0, total_height=413.1, y after=5055.4
[LAYOUT] Child element: text (parent: body)
  parent.content: x=0.0, y=0.0
  parent.padding: left=20.0, top=20.0
  child.margin: left=0.0, top=0.0
  y (accumulated): 5055.4
  child.content: x=20.0 (was 20.0), y=5055.4 (was 5055.4)
  [UPDATE Y] child: text, content_height=0.0, margin.bottom=0.0, total_height=0.0, y after=5055.4
[LAYOUT] Child element: div (parent: body)
  parent.content: x=0.0, y=0.0
  parent.padding: left=20.0, top=20.0
  child.margin: left=0.0, top=0.0
  y (accumulated): 5055.4
  child.content: x=20.0 (was 20.0), y=5055.4 (was 5055.4)
  [UPDATE Y] child: div, content_height=405.5, margin.bottom=0.0, total_height=405.5, y after=5460.9
[LAYOUT] Child element: text (parent: body)
  parent.content: x=0.0, y=0.0
  parent.padding: left=20.0, top=20.0
  child.margin: left=0.0, top=0.0
  y (accumulated): 5460.9
  child.content: x=20.0 (was 20.0), y=5460.9 (was 5460.9)
  [UPDATE Y] child: text, content_height=0.0, margin.bottom=0.0, total_height=0.0, y after=5460.9
  [UPDATE Y] child: div, content_height=222.4, margin.bottom=0.0, total_height=222.4, y after=222.4
  [UPDATE Y] child: div, content_height=91.2, margin.bottom=0.0, total_height=91.2, y after=245.4
  [UPDATE Y] child: div, content_height=294.4, margin.bottom=0.0, total_height=294.4, y after=516.8
  [UPDATE Y] child: div, content_height=516.8, margin.bottom=0.0, total_height=516.8, y after=622.3
  [UPDATE Y] child: div, content_height=115.2, margin.bottom=0.0, total_height=115.2, y after=737.5
[LAYOUT] Child element: div (parent: body)
  parent.content: x=0.0, y=0.0
  parent.padding: left=20.0, top=20.0
  child.margin: left=0.0, top=0.0
  y (accumulated): 5460.9
  child.content: x=20.0 (was 20.0), y=5460.9 (was 5460.9)
  [UPDATE Y] child: div, content_height=803.5, margin.bottom=0.0, total_height=803.5, y after=6264.4
[LAYOUT] Child element: text (parent: body)
  parent.content: x=0.0, y=0.0
  parent.padding: left=20.0, top=20.0
  child.margin: left=0.0, top=0.0
  y (accumulated): 6264.4
  child.content: x=20.0 (was 20.0), y=6264.4 (was 6264.4)
  [UPDATE Y] child: text, content_height=0.0, margin.bottom=0.0, total_height=0.0, y after=6264.4
[LAYOUT] Child element: div (parent: body)
  parent.content: x=0.0, y=0.0
  parent.padding: left=20.0, top=20.0
  child.margin: left=0.0, top=30.0
  y (accumulated): 6264.4
  child.content: x=20.0 (was 20.0), y=6294.4 (was 6294.4)
  [UPDATE Y] child: div, content_height=182.4, margin.bottom=0.0, total_height=182.4, y after=6446.8
[LAYOUT] Child element: body (parent: html)
  parent.content: x=20.0, y=20.0
  parent.padding: left=0.0, top=0.0
  child.margin: left=0.0, top=0.0
  y (accumulated): 0.0
  child.content: x=20.0 (was 0.0), y=20.0 (was 0.0)
  [UPDATE Y] child: body, content_height=6506.8, margin.bottom=0.0, total_height=6506.8, y after=6506.8
[LAYOUT] Element: html, is_root: false
  margin: top=0.0, right=0.0, bottom=0.0, left=0.0
  padding: top=0.0, right=0.0, bottom=0.0, left=0.0
  content: x=20.0, y=20.0, width=1160.0, height=6506.8
  containing_block: width=1160.0, height=6506.8
[LAYOUT] Element: body, is_root: false
  margin: top=0.0, right=0.0, bottom=0.0, left=0.0
  padding: top=20.0, right=20.0, bottom=20.0, left=20.0
  content: x=20.0, y=20.0, width=1120.0, height=6466.8
  containing_block: width=1160.0, height=6506.8
[LAYOUT WARNING] html.content is not (0, 0): x=20.0, y=20.0
[CONTAINING BLOCK] body.content.width=1120.0, child_containing_block.width=1120.0
[WIDTH DEBUG] h1: containing_block.width=1120.0, available_width=1120.0, calculated_width=1116.0
[LAYOUT] Child element: h1 (parent: body)
  parent.content: x=20.0, y=20.0
  parent.padding: left=20.0, top=20.0
  child.margin: left=0.0, top=21.4
  y (accumulated): 20.0
  child.content: x=20.0 (was 20.0), y=61.4 (was 41.4)
  [UPDATE Y] child: h1, content_height=50.0, margin.bottom=21.4, total_height=71.4, y after=91.4
[LAYOUT] Child element: text (parent: body)
  parent.content: x=20.0, y=20.0
  parent.padding: left=20.0, top=20.0
  child.margin: left=0.0, top=0.0
  y (accumulated): 91.4
  child.content: x=20.0 (was 20.0), y=111.4 (was 91.4)
  [UPDATE Y] child: text, content_height=0.0, margin.bottom=0.0, total_height=0.0, y after=91.4
[WIDTH DEBUG] h1: containing_block.width=1086.0, available_width=1086.0, calculated_width=1086.0
[LAYOUT] Child element: h1 (parent: div)
  parent.content: x=20.0, y=91.4
  parent.padding: left=15.0, top=15.0
  child.margin: left=0.0, top=16.1
  y (accumulated): 15.0
  child.content: x=15.0 (was 15.0), y=122.5 (was 122.5)
  [UPDATE Y] child: h1, content_height=62.1, margin.bottom=16.1, total_height=78.2, y after=93.2
  [UPDATE Y] child: div, content_height=96.0, margin.bottom=0.0, total_height=96.0, y after=301.2
[LAYOUT] Child element: div (parent: body)
  parent.content: x=20.0, y=20.0
  parent.padding: left=20.0, top=20.0
  child.margin: left=0.0, top=0.0
  y (accumulated): 91.4
  child.content: x=20.0 (was 20.0), y=111.4 (was 91.4)
  [UPDATE Y] child: div, content_height=350.2, margin.bottom=0.0, total_height=350.2, y after=441.6
[LAYOUT] Child element: text (parent: body)
  parent.content: x=20.0, y=20.0
  parent.padding: left=20.0, top=20.0
  child.margin: left=0.0, top=0.0
  y (accumulated): 441.6
  child.content: x=20.0 (was 20.0), y=461.6 (was 441.6)
  [UPDATE Y] child: text, content_height=0.0, margin.bottom=0.0, total_height=0.0, y after=441.6
[LAYOUT] Child element: div (parent: body)
  parent.content: x=20.0, y=20.0
  parent.padding: left=20.0, top=20.0
  child.margin: left=0.0, top=0.0
  y (accumulated): 441.6
  child.content: x=20.0 (was 20.0), y=461.6 (was 441.6)
  [UPDATE Y] child: div, content_height=329.4, margin.bottom=0.0, total_height=329.4, y after=771.0
[LAYOUT] Child element: text (parent: body)
  parent.content: x=20.0, y=20.0
  parent.padding: left=20.0, top=20.0
  child.margin: left=0.0, top=0.0
  y (accumulated): 771.0
  child.content: x=20.0 (was 20.0), y=791.0 (was 771.0)
  [UPDATE Y] child: text, content_height=0.0, margin.bottom=0.0, total_height=0.0, y after=771.0
  [UPDATE Y] child: div, content_height=59.2, margin.bottom=5.0, total_height=64.2, y after=138.2
  [UPDATE Y] child: div, content_height=59.2, margin.bottom=5.0, total_height=64.2, y after=202.4
[LAYOUT] Child element: div (parent: body)
  parent.content: x=20.0, y=20.0
  parent.padding: left=20.0, top=20.0
  child.margin: left=0.0, top=0.0
  y (accumulated): 771.0
  child.content: x=20.0 (was 20.0), y=791.0 (was 771.0)
  [UPDATE Y] child: div, content_height=334.0, margin.bottom=0.0, total_height=334.0, y after=1105.0
[LAYOUT] Child element: text (parent: body)
  parent.content: x=20.0, y=20.0
  parent.padding: left=20.0, top=20.0
  child.margin: left=0.0, top=0.0
  y (accumulated): 1105.0
  child.content: x=20.0 (was 20.0), y=1125.0 (was 1105.0)
  [UPDATE Y] child: text, content_height=0.0, margin.bottom=0.0, total_height=0.0, y after=1105.0
  [UPDATE Y] child: div, content_height=59.2, margin.bottom=0.0, total_height=59.2, y after=287.8
[LAYOUT] Child element: div (parent: body)
  parent.content: x=20.0, y=20.0
  parent.padding: left=20.0, top=20.0
  child.margin: left=0.0, top=0.0
  y (accumulated): 1105.0
  child.content: x=20.0 (was 20.0), y=1125.0 (was 1105.0)
  [UPDATE Y] child: div, content_height=336.8, margin.bottom=0.0, total_height=336.8, y after=1441.8
[LAYOUT] Child element: text (parent: body)
  parent.content: x=20.0, y=20.0
  parent.padding: left=20.0, top=20.0
  child.margin: left=0.0, top=0.0
  y (accumulated): 1441.8
  child.content: x=20.0 (was 20.0), y=1461.8 (was 1441.8)
  [UPDATE Y] child: text, content_height=0.0, margin.bottom=0.0, total_height=0.0, y after=1441.8
  [UPDATE Y] child: div, content_height=99.2, margin.bottom=5.0, total_height=104.2, y after=119.2
  [UPDATE Y] child: div, content_height=99.2, margin.bottom=5.0, total_height=104.2, y after=223.4
  [UPDATE Y] child: div, content_height=99.2, margin.bottom=5.0, total_height=104.2, y after=327.6
  [UPDATE Y] child: div, content_height=99.2, margin.bottom=5.0, total_height=104.2, y after=431.8
  [UPDATE Y] child: div, content_height=99.2, margin.bottom=5.0, total_height=104.2, y after=536.0
  [UPDATE Y] child: div, content_height=585.0, margin.bottom=0.0, total_height=585.0, y after=697.1
  [UPDATE Y] child: div, content_height=99.2, margin.bottom=5.0, total_height=104.2, y after=119.2
  [UPDATE Y] child: div, content_height=99.2, margin.bottom=5.0, total_height=104.2, y after=223.4
  [UPDATE Y] child: div, content_height=99.2, margin.bottom=5.0, total_height=104.2, y after=327.6
  [UPDATE Y] child: div, content_height=334.0, margin.bottom=0.0, total_height=334.0, y after=1031.1
[LAYOUT] Child element: div (parent: body)
  parent.content: x=20.0, y=20.0
  parent.padding: left=20.0, top=20.0
  child.margin: left=0.0, top=0.0
  y (accumulated): 1441.8
  child.content: x=20.0 (was 20.0), y=1461.8 (was 1441.8)
  [UPDATE Y] child: div, content_height=1031.1, margin.bottom=0.0, total_height=1031.1, y after=2472.8
[LAYOUT] Child element: text (parent: body)
  parent.content: x=20.0, y=20.0
  parent.padding: left=20.0, top=20.0
  child.margin: left=0.0, top=0.0
  y (accumulated): 2472.8
  child.content: x=20.0 (was 20.0), y=2492.8 (was 2472.8)
  [UPDATE Y] child: text, content_height=0.0, margin.bottom=0.0, total_height=0.0, y after=2472.8
  [UPDATE Y] child: div, content_height=79.2, margin.bottom=0.0, total_height=79.2, y after=94.2
  [UPDATE Y] child: div, content_height=79.2, margin.bottom=0.0, total_height=79.2, y after=173.4
  [UPDATE Y] child: div, content_height=79.2, margin.bottom=0.0, total_height=79.2, y after=252.6
  [UPDATE Y] child: div, content_height=79.2, margin.bottom=0.0, total_height=79.2, y after=331.8
  [UPDATE Y] child: div, content_height=79.2, margin.bottom=0.0, total_height=79.2, y after=411.0
  [UPDATE Y] child: div, content_height=79.2, margin.bottom=0.0, total_height=79.2, y after=490.2
  [UPDATE Y] child: div, content_height=79.2, margin.bottom=0.0, total_height=79.2, y after=569.4
  [UPDATE Y] child: div, content_height=79.2, margin.bottom=0.0, total_height=79.2, y after=648.6
  [UPDATE Y] child: div, content_height=697.6, margin.bottom=0.0, total_height=697.6, y after=809.7
[LAYOUT] Child element: div (parent: body)
  parent.content: x=20.0, y=20.0
  parent.padding: left=20.0, top=20.0
  child.margin: left=0.0, top=0.0
  y (accumulated): 2472.8
  child.content: x=20.0 (was 20.0), y=2492.8 (was 2472.8)
  [UPDATE Y] child: div, content_height=809.7, margin.bottom=0.0, total_height=809.7, y after=3282.5
[LAYOUT] Child element: text (parent: body)
  parent.content: x=20.0, y=20.0
  parent.padding: left=20.0, top=20.0
  child.margin: left=0.0, top=0.0
  y (accumulated): 3282.5
  child.content: x=20.0 (was 20.0), y=3302.5 (was 3282.5)
  [UPDATE Y] child: text, content_height=0.0, margin.bottom=0.0, total_height=0.0, y after=3282.5
[LAYOUT] Child element: div (parent: body)
  parent.content: x=20.0, y=20.0
  parent.padding: left=20.0, top=20.0
  child.margin: left=0.0, top=0.0
  y (accumulated): 3282.5
  child.content: x=20.0 (was 20.0), y=3302.5 (was 3282.5)
  [UPDATE Y] child: div, content_height=405.5, margin.bottom=0.0, total_height=405.5, y after=3688.0
[LAYOUT] Child element: text (parent: body)
  parent.content: x=20.0, y=20.0
  parent.padding: left=20.0, top=20.0
  child.margin: left=0.0, top=0.0
  y (accumulated): 3688.0
  child.content: x=20.0 (was 20.0), y=3708.0 (was 3688.0)
  [UPDATE Y] child: text, content_height=0.0, margin.bottom=0.0, total_height=0.0, y after=3688.0
[LAYOUT] Child element: div (parent: body)
  parent.content: x=20.0, y=20.0
  parent.padding: left=20.0, top=20.0
  child.margin: left=0.0, top=0.0
  y (accumulated): 3688.0
  child.content: x=20.0 (was 20.0), y=3708.0 (was 3688.0)
  [UPDATE Y] child: div, content_height=610.3, margin.bottom=0.0, total_height=610.3, y after=4298.4
[LAYOUT] Child element: text (parent: body)
  parent.content: x=20.0, y=20.0
  parent.padding: left=20.0, top=20.0
  child.margin: left=0.0, top=0.0
  y (accumulated): 4298.4
  child.content: x=20.0 (was 20.0), y=4318.4 (was 4298.4)
  [UPDATE Y] child: text, content_height=0.0, margin.bottom=0.0, total_height=0.0, y after=4298.4
  [UPDATE Y] child: div, content_height=117.2, margin.bottom=0.0, total_height=117.2, y after=273.9
[LAYOUT] Child element: div (parent: body)
  parent.content: x=20.0, y=20.0
  parent.padding: left=20.0, top=20.0
  child.margin: left=0.0, top=0.0
  y (accumulated): 4298.4
  child.content: x=20.0 (was 20.0), y=4318.4 (was 4298.4)
  [UPDATE Y] child: div, content_height=343.9, margin.bottom=0.0, total_height=343.9, y after=4642.3
[LAYOUT] Child element: text (parent: body)
  parent.content: x=20.0, y=20.0
  parent.padding: left=20.0, top=20.0
  child.margin: left=0.0, top=0.0
  y (accumulated): 4642.3
  child.content: x=20.0 (was 20.0), y=4662.3 (was 4642.3)
  [UPDATE Y] child: text, content_height=0.0, margin.bottom=0.0, total_height=0.0, y after=4642.3
  [UPDATE Y] child: div, content_height=71.2, margin.bottom=2.0, total_height=73.2, y after=132.4
  [UPDATE Y] child: div, content_height=160.4, margin.bottom=3.0, total_height=163.4, y after=224.6
  [UPDATE Y] child: div, content_height=258.6, margin.bottom=5.0, total_height=263.6, y after=364.1
[LAYOUT] Child element: div (parent: body)
  parent.content: x=20.0, y=20.0
  parent.padding: left=20.0, top=20.0
  child.margin: left=0.0, top=0.0
  y (accumulated): 4642.3
  child.content: x=20.0 (was 20.0), y=4662.3 (was 4642.3)
  [UPDATE Y] child: div, content_height=413.1, margin.bottom=0.0, total_height=413.1, y after=5055.4
[LAYOUT] Child element: text (parent: body)
  parent.content: x=20.0, y=20.0
  parent.padding: left=20.0, top=20.0
  child.margin: left=0.0, top=0.0
  y (accumulated): 5055.4
  child.content: x=20.0 (was 20.0), y=5075.4 (was 5055.4)
  [UPDATE Y] child: text, content_height=0.0, margin.bottom=0.0, total_height=0.0, y after=5055.4
[LAYOUT] Child element: div (parent: body)
  parent.content: x=20.0, y=20.0
  parent.padding: left=20.0, top=20.0
  child.margin: left=0.0, top=0.0
  y (accumulated): 5055.4
  child.content: x=20.0 (was 20.0), y=5075.4 (was 5055.4)
  [UPDATE Y] child: div, content_height=405.5, margin.bottom=0.0, total_height=405.5, y after=5460.9
[LAYOUT] Child element: text (parent: body)
  parent.content: x=20.0, y=20.0
  parent.padding: left=20.0, top=20.0
  child.margin: left=0.0, top=0.0
  y (accumulated): 5460.9
  child.content: x=20.0 (was 20.0), y=5480.9 (was 5460.9)
  [UPDATE Y] child: text, content_height=0.0, margin.bottom=0.0, total_height=0.0, y after=5460.9
  [UPDATE Y] child: div, content_height=222.4, margin.bottom=0.0, total_height=222.4, y after=222.4
  [UPDATE Y] child: div, content_height=91.2, margin.bottom=0.0, total_height=91.2, y after=245.4
  [UPDATE Y] child: div, content_height=294.4, margin.bottom=0.0, total_height=294.4, y after=516.8
  [UPDATE Y] child: div, content_height=516.8, margin.bottom=0.0, total_height=516.8, y after=622.3
  [UPDATE Y] child: div, content_height=115.2, margin.bottom=0.0, total_height=115.2, y after=737.5
[LAYOUT] Child element: div (parent: body)
  parent.content: x=20.0, y=20.0
  parent.padding: left=20.0, top=20.0
  child.margin: left=0.0, top=0.0
  y (accumulated): 5460.9
  child.content: x=20.0 (was 20.0), y=5480.9 (was 5460.9)
  [UPDATE Y] child: div, content_height=803.5, margin.bottom=0.0, total_height=803.5, y after=6264.4
[LAYOUT] Child element: text (parent: body)
  parent.content: x=20.0, y=20.0
  parent.padding: left=20.0, top=20.0
  child.margin: left=0.0, top=0.0
  y (accumulated): 6264.4
  child.content: x=20.0 (was 20.0), y=6284.4 (was 6264.4)
  [UPDATE Y] child: text, content_height=0.0, margin.bottom=0.0, total_height=0.0, y after=6264.4
[LAYOUT] Child element: div (parent: body)
  parent.content: x=20.0, y=20.0
  parent.padding: left=20.0, top=20.0
  child.margin: left=0.0, top=30.0
  y (accumulated): 6264.4
  child.content: x=20.0 (was 20.0), y=6314.4 (was 6294.4)
  [UPDATE Y] child: div, content_height=182.4, margin.bottom=0.0, total_height=182.4, y after=6446.8
[LAYOUT] Child element: body (parent: html)
  parent.content: x=20.0, y=20.0
  parent.padding: left=0.0, top=0.0
  child.margin: left=0.0, top=0.0
  y (accumulated): 0.0
  child.content: x=20.0 (was 20.0), y=20.0 (was 20.0)
  [UPDATE Y] child: body, content_height=6506.8, margin.bottom=0.0, total_height=6506.8, y after=6506.8
[LAYOUT] Element: body, is_root: false
  margin: top=0.0, right=0.0, bottom=0.0, left=0.0
  padding: top=20.0, right=20.0, bottom=20.0, left=20.0
  content: x=20.0, y=20.0, width=1120.0, height=6466.8
  containing_block: width=1160.0, height=6506.8
[LAYOUT WARNING] html.content is not (0, 0): x=20.0, y=20.0
[CONTAINING BLOCK] body.content.width=1120.0, child_containing_block.width=1120.0
[WIDTH DEBUG] h1: containing_block.width=1120.0, available_width=1120.0, calculated_width=1116.0
[LAYOUT] Child element: h1 (parent: body)
  parent.content: x=20.0, y=20.0
  parent.padding: left=20.0, top=20.0
  child.margin: left=0.0, top=21.4
  y (accumulated): 20.0
  child.content: x=20.0 (was 20.0), y=61.4 (was 61.4)
  [UPDATE Y] child: h1, content_height=50.0, margin.bottom=21.4, total_height=71.4, y after=91.4
[LAYOUT] Child element: text (parent: body)
  parent.content: x=20.0, y=20.0
  parent.padding: left=20.0, top=20.0
  child.margin: left=0.0, top=0.0
  y (accumulated): 91.4
  child.content: x=20.0 (was 20.0), y=111.4 (was 111.4)
  [UPDATE Y] child: text, content_height=0.0, margin.bottom=0.0, total_height=0.0, y after=91.4
[WIDTH DEBUG] h1: containing_block.width=1086.0, available_width=1086.0, calculated_width=1086.0
[LAYOUT] Child element: h1 (parent: div)
  parent.content: x=20.0, y=111.4
  parent.padding: left=15.0, top=15.0
  child.margin: left=0.0, top=16.1
  y (accumulated): 15.0
  child.content: x=15.0 (was 15.0), y=142.5 (was 122.5)
  [UPDATE Y] child: h1, content_height=62.1, margin.bottom=16.1, total_height=78.2, y after=93.2
  [UPDATE Y] child: div, content_height=96.0, margin.bottom=0.0, total_height=96.0, y after=301.2
[LAYOUT] Child element: div (parent: body)
  parent.content: x=20.0, y=20.0
  parent.padding: left=20.0, top=20.0
  child.margin: left=0.0, top=0.0
  y (accumulated): 91.4
  child.content: x=20.0 (was 20.0), y=111.4 (was 111.4)
  [UPDATE Y] child: div, content_height=350.2, margin.bottom=0.0, total_height=350.2, y after=441.6
[LAYOUT] Child element: text (parent: body)
  parent.content: x=20.0, y=20.0
  parent.padding: left=20.0, top=20.0
  child.margin: left=0.0, top=0.0
  y (accumulated): 441.6
  child.content: x=20.0 (was 20.0), y=461.6 (was 461.6)
  [UPDATE Y] child: text, content_height=0.0, margin.bottom=0.0, total_height=0.0, y after=441.6
[LAYOUT] Child element: div (parent: body)
  parent.content: x=20.0, y=20.0
  parent.padding: left=20.0, top=20.0
  child.margin: left=0.0, top=0.0
  y (accumulated): 441.6
  child.content: x=20.0 (was 20.0), y=461.6 (was 461.6)
  [UPDATE Y] child: div, content_height=329.4, margin.bottom=0.0, total_height=329.4, y after=771.0
[LAYOUT] Child element: text (parent: body)
  parent.content: x=20.0, y=20.0
  parent.padding: left=20.0, top=20.0
  child.margin: left=0.0, top=0.0
  y (accumulated): 771.0
  child.content: x=20.0 (was 20.0), y=791.0 (was 791.0)
  [UPDATE Y] child: text, content_height=0.0, margin.bottom=0.0, total_height=0.0, y after=771.0
  [UPDATE Y] child: div, content_height=59.2, margin.bottom=5.0, total_height=64.2, y after=138.2
  [UPDATE Y] child: div, content_height=59.2, margin.bottom=5.0, total_height=64.2, y after=202.4
[LAYOUT] Child element: div (parent: body)
  parent.content: x=20.0, y=20.0
  parent.padding: left=20.0, top=20.0
  child.margin: left=0.0, top=0.0
  y (accumulated): 771.0
  child.content: x=20.0 (was 20.0), y=791.0 (was 791.0)
  [UPDATE Y] child: div, content_height=334.0, margin.bottom=0.0, total_height=334.0, y after=1105.0
[LAYOUT] Child element: text (parent: body)
  parent.content: x=20.0, y=20.0
  parent.padding: left=20.0, top=20.0
  child.margin: left=0.0, top=0.0
  y (accumulated): 1105.0
  child.content: x=20.0 (was 20.0), y=1125.0 (was 1125.0)
  [UPDATE Y] child: text, content_height=0.0, margin.bottom=0.0, total_height=0.0, y after=1105.0
  [UPDATE Y] child: div, content_height=59.2, margin.bottom=0.0, total_height=59.2, y after=267.8
[LAYOUT] Child element: div (parent: body)
  parent.content: x=20.0, y=20.0
  parent.padding: left=20.0, top=20.0
  child.margin: left=0.0, top=0.0
  y (accumulated): 1105.0
  child.content: x=20.0 (was 20.0), y=1125.0 (was 1125.0)
  [UPDATE Y] child: div, content_height=336.8, margin.bottom=0.0, total_height=336.8, y after=1441.8
[LAYOUT] Child element: text (parent: body)
  parent.content: x=20.0, y=20.0
  parent.padding: left=20.0, top=20.0
  child.margin: left=0.0, top=0.0
  y (accumulated): 1441.8
  child.content: x=20.0 (was 20.0), y=1461.8 (was 1461.8)
  [UPDATE Y] child: text, content_height=0.0, margin.bottom=0.0, total_height=0.0, y after=1441.8
  [UPDATE Y] child: div, content_height=99.2, margin.bottom=5.0, total_height=104.2, y after=119.2
  [UPDATE Y] child: div, content_height=99.2, margin.bottom=5.0, total_height=104.2, y after=223.4
  [UPDATE Y] child: div, content_height=99.2, margin.bottom=5.0, total_height=104.2, y after=327.6
  [UPDATE Y] child: div, content_height=99.2, margin.bottom=5.0, total_height=104.2, y after=431.8
  [UPDATE Y] child: div, content_height=99.2, margin.bottom=5.0, total_height=104.2, y after=536.0
  [UPDATE Y] child: div, content_height=585.0, margin.bottom=0.0, total_height=585.0, y after=697.1
  [UPDATE Y] child: div, content_height=99.2, margin.bottom=5.0, total_height=104.2, y after=119.2
  [UPDATE Y] child: div, content_height=99.2, margin.bottom=5.0, total_height=104.2, y after=223.4
  [UPDATE Y] child: div, content_height=99.2, margin.bottom=5.0, total_height=104.2, y after=327.6
  [UPDATE Y] child: div, content_height=334.0, margin.bottom=0.0, total_height=334.0, y after=1031.1
[LAYOUT] Child element: div (parent: body)
  parent.content: x=20.0, y=20.0
  parent.padding: left=20.0, top=20.0
  child.margin: left=0.0, top=0.0
  y (accumulated): 1441.8
  child.content: x=20.0 (was 20.0), y=1461.8 (was 1461.8)
  [UPDATE Y] child: div, content_height=1031.1, margin.bottom=0.0, total_height=1031.1, y after=2472.8
[LAYOUT] Child element: text (parent: body)
  parent.content: x=20.0, y=20.0
  parent.padding: left=20.0, top=20.0
  child.margin: left=0.0, top=0.0
  y (accumulated): 2472.8
  child.content: x=20.0 (was 20.0), y=2492.8 (was 2492.8)
  [UPDATE Y] child: text, content_height=0.0, margin.bottom=0.0, total_height=0.0, y after=2472.8
  [UPDATE Y] child: div, content_height=79.2, margin.bottom=0.0, total_height=79.2, y after=94.2
  [UPDATE Y] child: div, content_height=79.2, margin.bottom=0.0, total_height=79.2, y after=173.4
  [UPDATE Y] child: div, content_height=79.2, margin.bottom=0.0, total_height=79.2, y after=252.6
  [UPDATE Y] child: div, content_height=79.2, margin.bottom=0.0, total_height=79.2, y after=331.8
  [UPDATE Y] child: div, content_height=79.2, margin.bottom=0.0, total_height=79.2, y after=411.0
  [UPDATE Y] child: div, content_height=79.2, margin.bottom=0.0, total_height=79.2, y after=490.2
  [UPDATE Y] child: div, content_height=79.2, margin.bottom=0.0, total_height=79.2, y after=569.4
  [UPDATE Y] child: div, content_height=79.2, margin.bottom=0.0, total_height=79.2, y after=648.6
  [UPDATE Y] child: div, content_height=697.6, margin.bottom=0.0, total_height=697.6, y after=809.7
[LAYOUT] Child element: div (parent: body)
  parent.content: x=20.0, y=20.0
  parent.padding: left=20.0, top=20.0
  child.margin: left=0.0, top=0.0
  y (accumulated): 2472.8
  child.content: x=20.0 (was 20.0), y=2492.8 (was 2492.8)
  [UPDATE Y] child: div, content_height=809.7, margin.bottom=0.0, total_height=809.7, y after=3282.5
[LAYOUT] Child element: text (parent: body)
  parent.content: x=20.0, y=20.0
  parent.padding: left=20.0, top=20.0
  child.margin: left=0.0, top=0.0
  y (accumulated): 3282.5
  child.content: x=20.0 (was 20.0), y=3302.5 (was 3302.5)
  [UPDATE Y] child: text, content_height=0.0, margin.bottom=0.0, total_height=0.0, y after=3282.5
[LAYOUT] Child element: div (parent: body)
  parent.content: x=20.0, y=20.0
  parent.padding: left=20.0, top=20.0
  child.margin: left=0.0, top=0.0
  y (accumulated): 3282.5
  child.content: x=20.0 (was 20.0), y=3302.5 (was 3302.5)
  [UPDATE Y] child: div, content_height=405.5, margin.bottom=0.0, total_height=405.5, y after=3688.0
[LAYOUT] Child element: text (parent: body)
  parent.content: x=20.0, y=20.0
  parent.padding: left=20.0, top=20.0
  child.margin: left=0.0, top=0.0
  y (accumulated): 3688.0
  child.content: x=20.0 (was 20.0), y=3708.0 (was 3708.0)
  [UPDATE Y] child: text, content_height=0.0, margin.bottom=0.0, total_height=0.0, y after=3688.0
[LAYOUT] Child element: div (parent: body)
  parent.content: x=20.0, y=20.0
  parent.padding: left=20.0, top=20.0
  child.margin: left=0.0, top=0.0
  y (accumulated): 3688.0
  child.content: x=20.0 (was 20.0), y=3708.0 (was 3708.0)
  [UPDATE Y] child: div, content_height=610.3, margin.bottom=0.0, total_height=610.3, y after=4298.4
[LAYOUT] Child element: text (parent: body)
  parent.content: x=20.0, y=20.0
  parent.padding: left=20.0, top=20.0
  child.margin: left=0.0, top=0.0
  y (accumulated): 4298.4
  child.content: x=20.0 (was 20.0), y=4318.4 (was 4318.4)
  [UPDATE Y] child: text, content_height=0.0, margin.bottom=0.0, total_height=0.0, y after=4298.4
  [UPDATE Y] child: div, content_height=117.2, margin.bottom=0.0, total_height=117.2, y after=273.9
[LAYOUT] Child element: div (parent: body)
  parent.content: x=20.0, y=20.0
  parent.padding: left=20.0, top=20.0
  child.margin: left=0.0, top=0.0
  y (accumulated): 4298.4
  child.content: x=20.0 (was 20.0), y=4318.4 (was 4318.4)
  [UPDATE Y] child: div, content_height=343.9, margin.bottom=0.0, total_height=343.9, y after=4642.3
[LAYOUT] Child element: text (parent: body)
  parent.content: x=20.0, y=20.0
  parent.padding: left=20.0, top=20.0
  child.margin: left=0.0, top=0.0
  y (accumulated): 4642.3
  child.content: x=20.0 (was 20.0), y=4662.3 (was 4662.3)
  [UPDATE Y] child: text, content_height=0.0, margin.bottom=0.0, total_height=0.0, y after=4642.3
  [UPDATE Y] child: div, content_height=71.2, margin.bottom=2.0, total_height=73.2, y after=132.4
  [UPDATE Y] child: div, content_height=160.4, margin.bottom=3.0, total_height=163.4, y after=224.6
  [UPDATE Y] child: div, content_height=258.6, margin.bottom=5.0, total_height=263.6, y after=364.1
[LAYOUT] Child element: div (parent: body)
  parent.content: x=20.0, y=20.0
  parent.padding: left=20.0, top=20.0
  child.margin: left=0.0, top=0.0
  y (accumulated): 4642.3
  child.content: x=20.0 (was 20.0), y=4662.3 (was 4662.3)
  [UPDATE Y] child: div, content_height=413.1, margin.bottom=0.0, total_height=413.1, y after=5055.4
[LAYOUT] Child element: text (parent: body)
  parent.content: x=20.0, y=20.0
  parent.padding: left=20.0, top=20.0
  child.margin: left=0.0, top=0.0
  y (accumulated): 5055.4
  child.content: x=20.0 (was 20.0), y=5075.4 (was 5075.4)
  [UPDATE Y] child: text, content_height=0.0, margin.bottom=0.0, total_height=0.0, y after=5055.4
[LAYOUT] Child element: div (parent: body)
  parent.content: x=20.0, y=20.0
  parent.padding: left=20.0, top=20.0
  child.margin: left=0.0, top=0.0
  y (accumulated): 5055.4
  child.content: x=20.0 (was 20.0), y=5075.4 (was 5075.4)
  [UPDATE Y] child: div, content_height=405.5, margin.bottom=0.0, total_height=405.5, y after=5460.9
[LAYOUT] Child element: text (parent: body)
  parent.content: x=20.0, y=20.0
  parent.padding: left=20.0, top=20.0
  child.margin: left=0.0, top=0.0
  y (accumulated): 5460.9
  child.content: x=20.0 (was 20.0), y=5480.9 (was 5480.9)
  [UPDATE Y] child: text, content_height=0.0, margin.bottom=0.0, total_height=0.0, y after=5460.9
  [UPDATE Y] child: div, content_height=222.4, margin.bottom=0.0, total_height=222.4, y after=222.4
  [UPDATE Y] child: div, content_height=91.2, margin.bottom=0.0, total_height=91.2, y after=245.4
  [UPDATE Y] child: div, content_height=294.4, margin.bottom=0.0, total_height=294.4, y after=516.8
  [UPDATE Y] child: div, content_height=516.8, margin.bottom=0.0, total_height=516.8, y after=622.3
  [UPDATE Y] child: div, content_height=115.2, margin.bottom=0.0, total_height=115.2, y after=737.5
[LAYOUT] Child element: div (parent: body)
  parent.content: x=20.0, y=20.0
  parent.padding: left=20.0, top=20.0
  child.margin: left=0.0, top=0.0
  y (accumulated): 5460.9
  child.content: x=20.0 (was 20.0), y=5480.9 (was 5480.9)
  [UPDATE Y] child: div, content_height=803.5, margin.bottom=0.0, total_height=803.5, y after=6264.4
[LAYOUT] Child element: text (parent: body)
  parent.content: x=20.0, y=20.0
  parent.padding: left=20.0, top=20.0
  child.margin: left=0.0, top=0.0
  y (accumulated): 6264.4
  child.content: x=20.0 (was 20.0), y=6284.4 (was 6284.4)
  [UPDATE Y] child: text, content_height=0.0, margin.bottom=0.0, total_height=0.0, y after=6264.4
[LAYOUT] Child element: div (parent: body)
  parent.content: x=20.0, y=20.0
  parent.padding: left=20.0, top=20.0
  child.margin: left=0.0, top=30.0
  y (accumulated): 6264.4
  child.content: x=20.0 (was 20.0), y=6314.4 (was 6314.4)
  [UPDATE Y] child: div, content_height=182.4, margin.bottom=0.0, total_height=182.4, y after=6446.8
[WIDTH DEBUG] h1: containing_block.width=1120.0, available_width=1120.0, calculated_width=1116.0
[WIDTH DEBUG] h1: containing_block.width=1086.0, available_width=1086.0, calculated_width=1086.0
[LAYOUT] Child element: h1 (parent: div)
  parent.content: x=20.0, y=111.4
  parent.padding: left=15.0, top=15.0
  child.margin: left=0.0, top=16.1
  y (accumulated): 15.0
  child.content: x=15.0 (was 15.0), y=142.5 (was 142.5)
  [UPDATE Y] child: h1, content_height=62.1, margin.bottom=16.1, total_height=78.2, y after=93.2
  [UPDATE Y] child: div, content_height=96.0, margin.bottom=0.0, total_height=96.0, y after=301.2
[WIDTH DEBUG] h1: containing_block.width=1086.0, available_width=1086.0, calculated_width=1086.0
  [UPDATE Y] child: div, content_height=59.2, margin.bottom=5.0, total_height=64.2, y after=138.2
  [UPDATE Y] child: div, content_height=59.2, margin.bottom=5.0, total_height=64.2, y after=202.4
  [UPDATE Y] child: div, content_height=59.2, margin.bottom=0.0, total_height=59.2, y after=267.8
  [UPDATE Y] child: div, content_height=99.2, margin.bottom=5.0, total_height=104.2, y after=119.2
  [UPDATE Y] child: div, content_height=99.2, margin.bottom=5.0, total_height=104.2, y after=223.4
  [UPDATE Y] child: div, content_height=99.2, margin.bottom=5.0, total_height=104.2, y after=327.6
  [UPDATE Y] child: div, content_height=99.2, margin.bottom=5.0, total_height=104.2, y after=431.8
  [UPDATE Y] child: div, content_height=99.2, margin.bottom=5.0, total_height=104.2, y after=536.0
  [UPDATE Y] child: div, content_height=585.0, margin.bottom=0.0, total_height=585.0, y after=697.1
  [UPDATE Y] child: div, content_height=99.2, margin.bottom=5.0, total_height=104.2, y after=119.2
  [UPDATE Y] child: div, content_height=99.2, margin.bottom=5.0, total_height=104.2, y after=223.4
  [UPDATE Y] child: div, content_height=99.2, margin.bottom=5.0, total_height=104.2, y after=327.6
  [UPDATE Y] child: div, content_height=334.0, margin.bottom=0.0, total_height=334.0, y after=1031.1
  [UPDATE Y] child: div, content_height=79.2, margin.bottom=0.0, total_height=79.2, y after=94.2
  [UPDATE Y] child: div, content_height=79.2, margin.bottom=0.0, total_height=79.2, y after=173.4
  [UPDATE Y] child: div, content_height=79.2, margin.bottom=0.0, total_height=79.2, y after=252.6
  [UPDATE Y] child: div, content_height=79.2, margin.bottom=0.0, total_height=79.2, y after=331.8
  [UPDATE Y] child: div, content_height=79.2, margin.bottom=0.0, total_height=79.2, y after=411.0
  [UPDATE Y] child: div, content_height=79.2, margin.bottom=0.0, total_height=79.2, y after=490.2
  [UPDATE Y] child: div, content_height=79.2, margin.bottom=0.0, total_height=79.2, y after=569.4
  [UPDATE Y] child: div, content_height=79.2, margin.bottom=0.0, total_height=79.2, y after=648.6
  [UPDATE Y] child: div, content_height=697.6, margin.bottom=0.0, total_height=697.6, y after=809.7
  [UPDATE Y] child: div, content_height=117.2, margin.bottom=0.0, total_height=117.2, y after=273.9
  [UPDATE Y] child: div, content_height=71.2, margin.bottom=2.0, total_height=73.2, y after=132.4
  [UPDATE Y] child: div, content_height=160.4, margin.bottom=3.0, total_height=163.4, y after=224.6
  [UPDATE Y] child: div, content_height=258.6, margin.bottom=5.0, total_height=263.6, y after=364.1
  [UPDATE Y] child: div, content_height=71.2, margin.bottom=2.0, total_height=73.2, y after=132.4
  [UPDATE Y] child: div, content_height=160.4, margin.bottom=3.0, total_height=163.4, y after=224.6
  [UPDATE Y] child: div, content_height=71.2, margin.bottom=2.0, total_height=73.2, y after=132.4
  [UPDATE Y] child: div, content_height=222.4, margin.bottom=0.0, total_height=222.4, y after=222.4
  [UPDATE Y] child: div, content_height=91.2, margin.bottom=0.0, total_height=91.2, y after=245.4
  [UPDATE Y] child: div, content_height=294.4, margin.bottom=0.0, total_height=294.4, y after=516.8
  [UPDATE Y] child: div, content_height=516.8, margin.bottom=0.0, total_height=516.8, y after=622.3
  [UPDATE Y] child: div, content_height=115.2, margin.bottom=0.0, total_height=115.2, y after=737.5

=== Element Layout Info ===
Tag: html

Box Model:
  Margin: top=0.00, right=0.00, bottom=0.00, left=0.00
  Border: top=0.00, right=0.00, bottom=0.00, left=0.00
  Padding: top=0.00, right=0.00, bottom=0.00, left=0.00
  Content: x=0.00, y=0.00, width=1200.00, height=6586.84
  Total Size: width=1200.00, height=6586.84
  Actual Position (content box): x=0.00, y=0.00
  Position (with margin): x=0.00, y=0.00

Computed Styles:
  display: block
==========================


=== Element Layout Info ===
Tag: body

Box Model:
  Margin: top=0.00, right=0.00, bottom=0.00, left=0.00
  Border: top=0.00, right=0.00, bottom=0.00, left=0.00
  Padding: top=20.00, right=20.00, bottom=20.00, left=20.00
  Content: x=0.00, y=0.00, width=1160.00, height=6546.84
  Total Size: width=1200.00, height=6586.84
  Actual Position (content box): x=0.00, y=0.00
  Position (with margin): x=0.00, y=0.00

Computed Styles:
  display: block
==========================


=== Element Layout Info ===
Tag: h1

Box Model:
  Margin: top=21.44, right=0.00, bottom=21.44, left=0.00
  Border: top=2.00, right=2.00, bottom=2.00, left=2.00
  Padding: top=0.00, right=0.00, bottom=0.00, left=0.00
  Content: x=20.00, y=61.44, width=1116.00, height=46.00
  Total Size: width=1120.00, height=50.00
  Actual Position (content box): x=20.00, y=61.44
  Position (with margin): x=20.00, y=40.00

Computed Styles:
  display: block
==========================

[FONT] font-size parsed: 32.0px
[FONT] font-size parsed: 32.0px
[STYLE] h1 font-size parsed: 32.0px
[STYLE] p font-size parsed: 32.0px
[LAYOUT] Element: html, is_root: true
  margin: top=0.0, right=0.0, bottom=0.0, left=0.0
  padding: top=0.0, right=0.0, bottom=0.0, left=0.0
  content: x=0.0, y=0.0, width=1200.0, height=0.0
  containing_block: width=1200.0, height=800.0
[LAYOUT] Root element (html) position set to (0, 0)
[LAYOUT] Element: body, is_root: false
  margin: top=0.0, right=0.0, bottom=0.0, left=0.0
  padding: top=20.0, right=20.0, bottom=20.0, left=20.0
  content: x=0.0, y=0.0, width=1160.0, height=0.0
  containing_block: width=1200.0, height=800.0
[LAYOUT] Body element position set: x=0.0, y=0.0 (margin: left=0.0, top=0.0)
[LAYOUT] Element: html, is_root: false
  margin: top=0.0, right=0.0, bottom=0.0, left=0.0
  padding: top=0.0, right=0.0, bottom=0.0, left=0.0
  content: x=0.0, y=0.0, width=1160.0, height=0.0
  containing_block: width=1160.0, height=800.0
[LAYOUT] Element: body, is_root: false
  margin: top=0.0, right=0.0, bottom=0.0, left=0.0
  padding: top=20.0, right=20.0, bottom=20.0, left=20.0
  content: x=0.0, y=0.0, width=1120.0, height=0.0
  containing_block: width=1160.0, height=800.0
[LAYOUT] Body element position set: x=0.0, y=0.0 (margin: left=0.0, top=0.0)
[CONTAINING BLOCK] body.content.width=1120.0, child_containing_block.width=1120.0
[WIDTH DEBUG] h1: containing_block.width=1120.0, available_width=1120.0, calculated_width=1120.0
  [TEXT HEIGHT] text: "ZBrowser功能测试...", font_size=32.0, line_height=46.0, height=46.0
[LAYOUT] Child element: h1 (parent: body)
  parent.content: x=0.0, y=0.0
  parent.padding: left=20.0, top=20.0
  child.margin: left=0.0, top=21.4
  y (accumulated): 20.0
  child.content: x=20.0 (was 0.0), y=41.4 (was 0.0)
  [UPDATE Y] child: h1, content_height=50.0, margin.bottom=21.4, total_height=71.4, y after=91.4
[LAYOUT] Child element: text (parent: body)
  parent.content: x=0.0, y=0.0
  parent.padding: left=20.0, top=20.0
  child.margin: left=0.0, top=0.0
  y (accumulated): 91.4
  child.content: x=20.0 (was 0.0), y=91.4 (was 0.0)
  [UPDATE Y] child: text, content_height=0.0, margin.bottom=0.0, total_height=0.0, y after=91.4
[WIDTH DEBUG] h1: containing_block.width=1086.0, available_width=1086.0, calculated_width=1086.0
  [TEXT HEIGHT] text: "块级布局测试...", font_size=32.0, line_height=46.0, height=46.0
[LAYOUT] Child element: h1 (parent: div)
  parent.content: x=0.0, y=0.0
  parent.padding: left=15.0, top=15.0
  child.margin: left=0.0, top=16.1
  y (accumulated): 15.0
  child.content: x=15.0 (was 0.0), y=31.1 (was 0.0)
  [UPDATE Y] child: h1, content_height=62.1, margin.bottom=16.1, total_height=78.2, y after=93.2
  [TEXT HEIGHT] text: "这是一个块级�...", font_size=16.0, line_height=24.0, height=24.0
  [TEXT HEIGHT] text: "这是另一个段�...", font_size=16.0, line_height=24.0, height=24.0
  [TEXT HEIGHT] text: "嵌套的div块级�...", font_size=16.0, line_height=24.0, height=24.0
  [UPDATE Y] child: div, content_height=96.0, margin.bottom=0.0, total_height=96.0, y after=301.2
[LAYOUT] Child element: div (parent: body)
  parent.content: x=0.0, y=0.0
  parent.padding: left=20.0, top=20.0
  child.margin: left=0.0, top=0.0
  y (accumulated): 91.4
  child.content: x=20.0 (was 0.0), y=91.4 (was 0.0)
  [UPDATE Y] child: div, content_height=350.2, margin.bottom=0.0, total_height=350.2, y after=441.6
[LAYOUT] Child element: text (parent: body)
  parent.content: x=0.0, y=0.0
  parent.padding: left=20.0, top=20.0
  child.margin: left=0.0, top=0.0
  y (accumulated): 441.6
  child.content: x=20.0 (was 0.0), y=441.6 (was 0.0)
  [UPDATE Y] child: text, content_height=0.0, margin.bottom=0.0, total_height=0.0, y after=441.6
  [TEXT HEIGHT] text: "
      这是行内�...", font_size=16.0, line_height=19.2, height=19.2
  [TEXT HEIGHT] text: "行内元素不会�...", font_size=16.0, line_height=19.2, height=19.2
[LAYOUT] Child element: div (parent: body)
  parent.content: x=0.0, y=0.0
  parent.padding: left=20.0, top=20.0
  child.margin: left=0.0, top=0.0
  y (accumulated): 441.6
  child.content: x=20.0 (was 0.0), y=441.6 (was 0.0)
  [UPDATE Y] child: div, content_height=329.4, margin.bottom=0.0, total_height=329.4, y after=771.0
[LAYOUT] Child element: text (parent: body)
  parent.content: x=0.0, y=0.0
  parent.padding: left=20.0, top=20.0
  child.margin: left=0.0, top=0.0
  y (accumulated): 771.0
  child.content: x=20.0 (was 0.0), y=771.0 (was 0.0)
  [UPDATE Y] child: text, content_height=0.0, margin.bottom=0.0, total_height=0.0, y after=771.0
  [UPDATE Y] child: div, content_height=59.2, margin.bottom=5.0, total_height=64.2, y after=138.2
  [UPDATE Y] child: div, content_height=59.2, margin.bottom=5.0, total_height=64.2, y after=202.4
[LAYOUT] Child element: div (parent: body)
  parent.content: x=0.0, y=0.0
  parent.padding: left=20.0, top=20.0
  child.margin: left=0.0, top=0.0
  y (accumulated): 771.0
  child.content: x=20.0 (was 0.0), y=771.0 (was 0.0)
  [UPDATE Y] child: div, content_height=334.0, margin.bottom=0.0, total_height=334.0, y after=1105.0
[LAYOUT] Child element: text (parent: body)
  parent.content: x=0.0, y=0.0
  parent.padding: left=20.0, top=20.0
  child.margin: left=0.0, top=0.0
  y (accumulated): 1105.0
  child.content: x=20.0 (was 0.0), y=1105.0 (was 0.0)
  [UPDATE Y] child: text, content_height=0.0, margin.bottom=0.0, total_height=0.0, y after=1105.0
  [TEXT HEIGHT] text: "左浮动元素...", font_size=16.0, line_height=19.2, height=19.2
  [TEXT HEIGHT] text: "这个元素会浮�...", font_size=16.0, line_height=19.2, height=19.2
  [TEXT HEIGHT] text: "右浮动元素...", font_size=16.0, line_height=19.2, height=19.2
  [TEXT HEIGHT] text: "这个元素会浮�...", font_size=16.0, line_height=19.2, height=19.2
  [TEXT HEIGHT] text: "这是正常流中�...", font_size=16.0, line_height=19.2, height=19.2
  [UPDATE Y] child: div, content_height=59.2, margin.bottom=0.0, total_height=59.2, y after=287.8
[LAYOUT] Child element: div (parent: body)
  parent.content: x=0.0, y=0.0
  parent.padding: left=20.0, top=20.0
  child.margin: left=0.0, top=0.0
  y (accumulated): 1105.0
  child.content: x=20.0 (was 0.0), y=1105.0 (was 0.0)
  [UPDATE Y] child: div, content_height=336.8, margin.bottom=0.0, total_height=336.8, y after=1441.8
[LAYOUT] Child element: text (parent: body)
  parent.content: x=0.0, y=0.0
  parent.padding: left=20.0, top=20.0
  child.margin: left=0.0, top=0.0
  y (accumulated): 1441.8
  child.content: x=20.0 (was 0.0), y=1441.8 (was 0.0)
  [UPDATE Y] child: text, content_height=0.0, margin.bottom=0.0, total_height=0.0, y after=1441.8
  [UPDATE Y] child: div, content_height=99.2, margin.bottom=5.0, total_height=104.2, y after=119.2
  [UPDATE Y] child: div, content_height=99.2, margin.bottom=5.0, total_height=104.2, y after=223.4
  [UPDATE Y] child: div, content_height=99.2, margin.bottom=5.0, total_height=104.2, y after=327.6
  [UPDATE Y] child: div, content_height=99.2, margin.bottom=5.0, total_height=104.2, y after=431.8
  [UPDATE Y] child: div, content_height=99.2, margin.bottom=5.0, total_height=104.2, y after=536.0
  [UPDATE Y] child: div, content_height=585.0, margin.bottom=0.0, total_height=585.0, y after=697.1
  [UPDATE Y] child: div, content_height=99.2, margin.bottom=5.0, total_height=104.2, y after=119.2
  [UPDATE Y] child: div, content_height=99.2, margin.bottom=5.0, total_height=104.2, y after=223.4
  [UPDATE Y] child: div, content_height=99.2, margin.bottom=5.0, total_height=104.2, y after=327.6
  [UPDATE Y] child: div, content_height=334.0, margin.bottom=0.0, total_height=334.0, y after=1031.1
[LAYOUT] Child element: div (parent: body)
  parent.content: x=0.0, y=0.0
  parent.padding: left=20.0, top=20.0
  child.margin: left=0.0, top=0.0
  y (accumulated): 1441.8
  child.content: x=20.0 (was 0.0), y=1441.8 (was 0.0)
  [UPDATE Y] child: div, content_height=1031.1, margin.bottom=0.0, total_height=1031.1, y after=2472.8
[LAYOUT] Child element: text (parent: body)
  parent.content: x=0.0, y=0.0
  parent.padding: left=20.0, top=20.0
  child.margin: left=0.0, top=0.0
  y (accumulated): 2472.8
  child.content: x=20.0 (was 0.0), y=2472.8 (was 0.0)
  [UPDATE Y] child: text, content_height=0.0, margin.bottom=0.0, total_height=0.0, y after=2472.8
  [UPDATE Y] child: div, content_height=79.2, margin.bottom=0.0, total_height=79.2, y after=94.2
  [UPDATE Y] child: div, content_height=79.2, margin.bottom=0.0, total_height=79.2, y after=173.4
  [UPDATE Y] child: div, content_height=79.2, margin.bottom=0.0, total_height=79.2, y after=252.6
  [UPDATE Y] child: div, content_height=79.2, margin.bottom=0.0, total_height=79.2, y after=331.8
  [UPDATE Y] child: div, content_height=79.2, margin.bottom=0.0, total_height=79.2, y after=411.0
  [UPDATE Y] child: div, content_height=79.2, margin.bottom=0.0, total_height=79.2, y after=490.2
  [UPDATE Y] child: div, content_height=79.2, margin.bottom=0.0, total_height=79.2, y after=569.4
  [UPDATE Y] child: div, content_height=79.2, margin.bottom=0.0, total_height=79.2, y after=648.6
  [UPDATE Y] child: div, content_height=697.6, margin.bottom=0.0, total_height=697.6, y after=809.7
[LAYOUT] Child element: div (parent: body)
  parent.content: x=0.0, y=0.0
  parent.padding: left=20.0, top=20.0
  child.margin: left=0.0, top=0.0
  y (accumulated): 2472.8
  child.content: x=20.0 (was 0.0), y=2472.8 (was 0.0)
  [UPDATE Y] child: div, content_height=809.7, margin.bottom=0.0, total_height=809.7, y after=3282.5
[LAYOUT] Child element: text (parent: body)
  parent.content: x=0.0, y=0.0
  parent.padding: left=20.0, top=20.0
  child.margin: left=0.0, top=0.0
  y (accumulated): 3282.5
  child.content: x=20.0 (was 0.0), y=3282.5 (was 0.0)
  [UPDATE Y] child: text, content_height=0.0, margin.bottom=0.0, total_height=0.0, y after=3282.5
  [TEXT HEIGHT] text: "大号文本（32px�...", font_size=16.0, line_height=19.2, height=19.2
  [TEXT HEIGHT] text: "中等文本（20px�...", font_size=16.0, line_height=19.2, height=19.2
  [TEXT HEIGHT] text: "小号文本（12px�...", font_size=16.0, line_height=19.2, height=19.2
  [TEXT HEIGHT] text: "下划线文本...", font_size=16.0, line_height=19.2, height=19.2
  [TEXT HEIGHT] text: "删除线文本...", font_size=16.0, line_height=19.2, height=19.2
[LAYOUT] Child element: div (parent: body)
  parent.content: x=0.0, y=0.0
  parent.padding: left=20.0, top=20.0
  child.margin: left=0.0, top=0.0
  y (accumulated): 3282.5
  child.content: x=20.0 (was 0.0), y=3282.5 (was 0.0)
  [UPDATE Y] child: div, content_height=405.5, margin.bottom=0.0, total_height=405.5, y after=3688.0
[LAYOUT] Child element: text (parent: body)
  parent.content: x=0.0, y=0.0
  parent.padding: left=20.0, top=20.0
  child.margin: left=0.0, top=0.0
  y (accumulated): 3688.0
  child.content: x=20.0 (was 0.0), y=3688.0 (was 0.0)
  [UPDATE Y] child: text, content_height=0.0, margin.bottom=0.0, total_height=0.0, y after=3688.0
  [TEXT HEIGHT] text: "这是一个测试�...", font_size=16.0, line_height=25.6, height=25.6
  [TEXT HEIGHT] text: "這是一個測試�...", font_size=16.0, line_height=25.6, height=25.6
  [TEXT HEIGHT] text: "これはテスト�...", font_size=16.0, line_height=25.6, height=25.6
  [TEXT HEIGHT] text: "이것은 테스트 ...", font_size=16.0, line_height=25.6, height=25.6
  [TEXT HEIGHT] text: "This is a test page ...", font_size=16.0, line_height=25.6, height=25.6
  [TEXT HEIGHT] text: "混合文本 Mixed T...", font_size=16.0, line_height=25.6, height=25.6
[LAYOUT] Child element: div (parent: body)
  parent.content: x=0.0, y=0.0
  parent.padding: left=20.0, top=20.0
  child.margin: left=0.0, top=0.0
  y (accumulated): 3688.0
  child.content: x=20.0 (was 0.0), y=3688.0 (was 0.0)
  [UPDATE Y] child: div, content_height=610.3, margin.bottom=0.0, total_height=610.3, y after=4298.4
[LAYOUT] Child element: text (parent: body)
  parent.content: x=0.0, y=0.0
  parent.padding: left=20.0, top=20.0
  child.margin: left=0.0, top=0.0
  y (accumulated): 4298.4
  child.content: x=20.0 (was 0.0), y=4298.4 (was 0.0)
  [UPDATE Y] child: text, content_height=0.0, margin.bottom=0.0, total_height=0.0, y after=4298.4
  [TEXT HEIGHT] text: "这个区域有实�...", font_size=16.0, line_height=19.2, height=19.2
  [TEXT HEIGHT] text: "这个区域有虚�...", font_size=16.0, line_height=19.2, height=19.2
  [UPDATE Y] child: div, content_height=117.2, margin.bottom=0.0, total_height=117.2, y after=273.9
[LAYOUT] Child element: div (parent: body)
  parent.content: x=0.0, y=0.0
  parent.padding: left=20.0, top=20.0
  child.margin: left=0.0, top=0.0
  y (accumulated): 4298.4
  child.content: x=20.0 (was 0.0), y=4298.4 (was 0.0)
  [UPDATE Y] child: div, content_height=343.9, margin.bottom=0.0, total_height=343.9, y after=4642.3
[LAYOUT] Child element: text (parent: body)
  parent.content: x=0.0, y=0.0
  parent.padding: left=20.0, top=20.0
  child.margin: left=0.0, top=0.0
  y (accumulated): 4642.3
  child.content: x=20.0 (was 0.0), y=4642.3 (was 0.0)
  [UPDATE Y] child: text, content_height=0.0, margin.bottom=0.0, total_height=0.0, y after=4642.3
  [TEXT HEIGHT] text: "第一层嵌套...", font_size=16.0, line_height=19.2, height=19.2
  [TEXT HEIGHT] text: "第二层嵌套...", font_size=16.0, line_height=19.2, height=19.2
  [TEXT HEIGHT] text: "第三层嵌套...", font_size=16.0, line_height=19.2, height=19.2
  [UPDATE Y] child: div, content_height=71.2, margin.bottom=2.0, total_height=73.2, y after=132.4
  [UPDATE Y] child: div, content_height=160.4, margin.bottom=3.0, total_height=163.4, y after=224.6
  [UPDATE Y] child: div, content_height=258.6, margin.bottom=5.0, total_height=263.6, y after=364.1
[LAYOUT] Child element: div (parent: body)
  parent.content: x=0.0, y=0.0
  parent.padding: left=20.0, top=20.0
  child.margin: left=0.0, top=0.0
  y (accumulated): 4642.3
  child.content: x=20.0 (was 0.0), y=4642.3 (was 0.0)
  [UPDATE Y] child: div, content_height=413.1, margin.bottom=0.0, total_height=413.1, y after=5055.4
[LAYOUT] Child element: text (parent: body)
  parent.content: x=0.0, y=0.0
  parent.padding: left=20.0, top=20.0
  child.margin: left=0.0, top=0.0
  y (accumulated): 5055.4
  child.content: x=20.0 (was 0.0), y=5055.4 (was 0.0)
  [UPDATE Y] child: text, content_height=0.0, margin.bottom=0.0, total_height=0.0, y after=5055.4
  [TEXT HEIGHT] text: "HTML实体：<div> &...", font_size=16.0, line_height=19.2, height=19.2
  [TEXT HEIGHT] text: "Unicode字符：© �...", font_size=16.0, line_height=19.2, height=19.2
  [TEXT HEIGHT] text: "数学符号：∑ �...", font_size=16.0, line_height=19.2, height=19.2
  [TEXT HEIGHT] text: "箭头符号：← �...", font_size=16.0, line_height=19.2, height=19.2
  [TEXT HEIGHT] text: "Emoji：😀 😃 �...", font_size=16.0, line_height=19.2, height=19.2
[LAYOUT] Child element: div (parent: body)
  parent.content: x=0.0, y=0.0
  parent.padding: left=20.0, top=20.0
  child.margin: left=0.0, top=0.0
  y (accumulated): 5055.4
  child.content: x=20.0 (was 0.0), y=5055.4 (was 0.0)
  [UPDATE Y] child: div, content_height=405.5, margin.bottom=0.0, total_height=405.5, y after=5460.9
[LAYOUT] Child element: text (parent: body)
  parent.content: x=0.0, y=0.0
  parent.padding: left=20.0, top=20.0
  child.margin: left=0.0, top=0.0
  y (accumulated): 5460.9
  child.content: x=20.0 (was 0.0), y=5460.9 (was 0.0)
  [UPDATE Y] child: text, content_height=0.0, margin.bottom=0.0, total_height=0.0, y after=5460.9
  [TEXT HEIGHT] text: "包含块级和行�...", font_size=16.0, line_height=19.2, height=19.2
  [UPDATE Y] child: div, content_height=222.4, margin.bottom=0.0, total_height=222.4, y after=222.4
  [TEXT HEIGHT] text: "另一个Flex子项�...", font_size=16.0, line_height=19.2, height=19.2
  [TEXT HEIGHT] text: "嵌套的div...", font_size=16.0, line_height=19.2, height=19.2
  [UPDATE Y] child: div, content_height=91.2, margin.bottom=0.0, total_height=91.2, y after=245.4
  [UPDATE Y] child: div, content_height=294.4, margin.bottom=0.0, total_height=294.4, y after=516.8
  [UPDATE Y] child: div, content_height=516.8, margin.bottom=0.0, total_height=516.8, y after=622.3
  [TEXT HEIGHT] text: "相对定位容器...", font_size=16.0, line_height=19.2, height=19.2
  [UPDATE Y] child: div, content_height=115.2, margin.bottom=0.0, total_height=115.2, y after=737.5
[LAYOUT] Child element: div (parent: body)
  parent.content: x=0.0, y=0.0
  parent.padding: left=20.0, top=20.0
  child.margin: left=0.0, top=0.0
  y (accumulated): 5460.9
  child.content: x=20.0 (was 0.0), y=5460.9 (was 0.0)
  [UPDATE Y] child: div, content_height=803.5, margin.bottom=0.0, total_height=803.5, y after=6264.4
[LAYOUT] Child element: text (parent: body)
  parent.content: x=0.0, y=0.0
  parent.padding: left=20.0, top=20.0
  child.margin: left=0.0, top=0.0
  y (accumulated): 6264.4
  child.content: x=20.0 (was 0.0), y=6264.4 (was 0.0)
  [UPDATE Y] child: text, content_height=0.0, margin.bottom=0.0, total_height=0.0, y after=6264.4
  [TEXT HEIGHT] text: "ZBrowser功能测试...", font_size=16.0, line_height=19.2, height=19.2
  [TEXT HEIGHT] text: "包含：块级布�...", font_size=16.0, line_height=19.2, height=19.2
[LAYOUT] Child element: div (parent: body)
  parent.content: x=0.0, y=0.0
  parent.padding: left=20.0, top=20.0
  child.margin: left=0.0, top=30.0
  y (accumulated): 6264.4
  child.content: x=20.0 (was 0.0), y=6294.4 (was 0.0)
  [UPDATE Y] child: div, content_height=182.4, margin.bottom=0.0, total_height=182.4, y after=6446.8
[LAYOUT] Child element: body (parent: html)
  parent.content: x=0.0, y=0.0
  parent.padding: left=0.0, top=0.0
  child.margin: left=0.0, top=0.0
  y (accumulated): 0.0
  child.content: x=0.0 (was 0.0), y=0.0 (was 0.0)
  [UPDATE Y] child: body, content_height=6506.8, margin.bottom=0.0, total_height=6506.8, y after=6506.8
[LAYOUT] Child element: !DOCTYPE (parent: body)
  parent.content: x=0.0, y=0.0
  parent.padding: left=20.0, top=20.0
  child.margin: left=0.0, top=0.0
  y (accumulated): 20.0
  child.content: x=20.0 (was 0.0), y=20.0 (was 0.0)
  [UPDATE Y] child: !DOCTYPE, content_height=6506.8, margin.bottom=0.0, total_height=6506.8, y after=6526.8
[LAYOUT] Child element: body (parent: html)
  parent.content: x=0.0, y=0.0
  parent.padding: left=0.0, top=0.0
  child.margin: left=0.0, top=0.0
  y (accumulated): 0.0
  child.content: x=0.0 (was 0.0), y=0.0 (was 0.0)
  [UPDATE Y] child: body, content_height=6586.8, margin.bottom=0.0, total_height=6586.8, y after=6586.8
[LAYOUT] Element: body, is_root: false
  margin: top=0.0, right=0.0, bottom=0.0, left=0.0
  padding: top=20.0, right=20.0, bottom=20.0, left=20.0
  content: x=0.0, y=0.0, width=1160.0, height=6546.8
  containing_block: width=1200.0, height=6586.8
[LAYOUT] Body element position set: x=0.0, y=0.0 (margin: left=0.0, top=0.0)
[LAYOUT] Element: html, is_root: false
  margin: top=0.0, right=0.0, bottom=0.0, left=0.0
  padding: top=0.0, right=0.0, bottom=0.0, left=0.0
  content: x=0.0, y=0.0, width=1160.0, height=6506.8
  containing_block: width=1160.0, height=6586.8
[LAYOUT] Element: body, is_root: false
  margin: top=0.0, right=0.0, bottom=0.0, left=0.0
  padding: top=20.0, right=20.0, bottom=20.0, left=20.0
  content: x=0.0, y=0.0, width=1120.0, height=6466.8
  containing_block: width=1160.0, height=6586.8
[LAYOUT] Body element position set: x=0.0, y=0.0 (margin: left=0.0, top=0.0)
[CONTAINING BLOCK] body.content.width=1120.0, child_containing_block.width=1120.0
[WIDTH DEBUG] h1: containing_block.width=1120.0, available_width=1120.0, calculated_width=1116.0
[LAYOUT] Child element: h1 (parent: body)
  parent.content: x=0.0, y=0.0
  parent.padding: left=20.0, top=20.0
  child.margin: left=0.0, top=21.4
  y (accumulated): 20.0
  child.content: x=20.0 (was 20.0), y=41.4 (was 41.4)
  [UPDATE Y] child: h1, content_height=50.0, margin.bottom=21.4, total_height=71.4, y after=91.4
[LAYOUT] Child element: text (parent: body)
  parent.content: x=0.0, y=0.0
  parent.padding: left=20.0, top=20.0
  child.margin: left=0.0, top=0.0
  y (accumulated): 91.4
  child.content: x=20.0 (was 20.0), y=91.4 (was 91.4)
  [UPDATE Y] child: text, content_height=0.0, margin.bottom=0.0, total_height=0.0, y after=91.4
[WIDTH DEBUG] h1: containing_block.width=1086.0, available_width=1086.0, calculated_width=1086.0
[LAYOUT] Child element: h1 (parent: div)
  parent.content: x=20.0, y=91.4
  parent.padding: left=15.0, top=15.0
  child.margin: left=0.0, top=16.1
  y (accumulated): 15.0
  child.content: x=15.0 (was 15.0), y=122.5 (was 31.1)
  [UPDATE Y] child: h1, content_height=62.1, margin.bottom=16.1, total_height=78.2, y after=93.2
  [UPDATE Y] child: div, content_height=96.0, margin.bottom=0.0, total_height=96.0, y after=301.2
[LAYOUT] Child element: div (parent: body)
  parent.content: x=0.0, y=0.0
  parent.padding: left=20.0, top=20.0
  child.margin: left=0.0, top=0.0
  y (accumulated): 91.4
  child.content: x=20.0 (was 20.0), y=91.4 (was 91.4)
  [UPDATE Y] child: div, content_height=350.2, margin.bottom=0.0, total_height=350.2, y after=441.6
[LAYOUT] Child element: text (parent: body)
  parent.content: x=0.0, y=0.0
  parent.padding: left=20.0, top=20.0
  child.margin: left=0.0, top=0.0
  y (accumulated): 441.6
  child.content: x=20.0 (was 20.0), y=441.6 (was 441.6)
  [UPDATE Y] child: text, content_height=0.0, margin.bottom=0.0, total_height=0.0, y after=441.6
[LAYOUT] Child element: div (parent: body)
  parent.content: x=0.0, y=0.0
  parent.padding: left=20.0, top=20.0
  child.margin: left=0.0, top=0.0
  y (accumulated): 441.6
  child.content: x=20.0 (was 20.0), y=441.6 (was 441.6)
  [UPDATE Y] child: div, content_height=329.4, margin.bottom=0.0, total_height=329.4, y after=771.0
[LAYOUT] Child element: text (parent: body)
  parent.content: x=0.0, y=0.0
  parent.padding: left=20.0, top=20.0
  child.margin: left=0.0, top=0.0
  y (accumulated): 771.0
  child.content: x=20.0 (was 20.0), y=771.0 (was 771.0)
  [UPDATE Y] child: text, content_height=0.0, margin.bottom=0.0, total_height=0.0, y after=771.0
  [UPDATE Y] child: div, content_height=59.2, margin.bottom=5.0, total_height=64.2, y after=138.2
  [UPDATE Y] child: div, content_height=59.2, margin.bottom=5.0, total_height=64.2, y after=202.4
[LAYOUT] Child element: div (parent: body)
  parent.content: x=0.0, y=0.0
  parent.padding: left=20.0, top=20.0
  child.margin: left=0.0, top=0.0
  y (accumulated): 771.0
  child.content: x=20.0 (was 20.0), y=771.0 (was 771.0)
  [UPDATE Y] child: div, content_height=334.0, margin.bottom=0.0, total_height=334.0, y after=1105.0
[LAYOUT] Child element: text (parent: body)
  parent.content: x=0.0, y=0.0
  parent.padding: left=20.0, top=20.0
  child.margin: left=0.0, top=0.0
  y (accumulated): 1105.0
  child.content: x=20.0 (was 20.0), y=1105.0 (was 1105.0)
  [UPDATE Y] child: text, content_height=0.0, margin.bottom=0.0, total_height=0.0, y after=1105.0
  [UPDATE Y] child: div, content_height=59.2, margin.bottom=0.0, total_height=59.2, y after=287.8
[LAYOUT] Child element: div (parent: body)
  parent.content: x=0.0, y=0.0
  parent.padding: left=20.0, top=20.0
  child.margin: left=0.0, top=0.0
  y (accumulated): 1105.0
  child.content: x=20.0 (was 20.0), y=1105.0 (was 1105.0)
  [UPDATE Y] child: div, content_height=336.8, margin.bottom=0.0, total_height=336.8, y after=1441.8
[LAYOUT] Child element: text (parent: body)
  parent.content: x=0.0, y=0.0
  parent.padding: left=20.0, top=20.0
  child.margin: left=0.0, top=0.0
  y (accumulated): 1441.8
  child.content: x=20.0 (was 20.0), y=1441.8 (was 1441.8)
  [UPDATE Y] child: text, content_height=0.0, margin.bottom=0.0, total_height=0.0, y after=1441.8
  [UPDATE Y] child: div, content_height=99.2, margin.bottom=5.0, total_height=104.2, y after=119.2
  [UPDATE Y] child: div, content_height=99.2, margin.bottom=5.0, total_height=104.2, y after=223.4
  [UPDATE Y] child: div, content_height=99.2, margin.bottom=5.0, total_height=104.2, y after=327.6
  [UPDATE Y] child: div, content_height=99.2, margin.bottom=5.0, total_height=104.2, y after=431.8
  [UPDATE Y] child: div, content_height=99.2, margin.bottom=5.0, total_height=104.2, y after=536.0
  [UPDATE Y] child: div, content_height=585.0, margin.bottom=0.0, total_height=585.0, y after=697.1
  [UPDATE Y] child: div, content_height=99.2, margin.bottom=5.0, total_height=104.2, y after=119.2
  [UPDATE Y] child: div, content_height=99.2, margin.bottom=5.0, total_height=104.2, y after=223.4
  [UPDATE Y] child: div, content_height=99.2, margin.bottom=5.0, total_height=104.2, y after=327.6
  [UPDATE Y] child: div, content_height=334.0, margin.bottom=0.0, total_height=334.0, y after=1031.1
[LAYOUT] Child element: div (parent: body)
  parent.content: x=0.0, y=0.0
  parent.padding: left=20.0, top=20.0
  child.margin: left=0.0, top=0.0
  y (accumulated): 1441.8
  child.content: x=20.0 (was 20.0), y=1441.8 (was 1441.8)
  [UPDATE Y] child: div, content_height=1031.1, margin.bottom=0.0, total_height=1031.1, y after=2472.8
[LAYOUT] Child element: text (parent: body)
  parent.content: x=0.0, y=0.0
  parent.padding: left=20.0, top=20.0
  child.margin: left=0.0, top=0.0
  y (accumulated): 2472.8
  child.content: x=20.0 (was 20.0), y=2472.8 (was 2472.8)
  [UPDATE Y] child: text, content_height=0.0, margin.bottom=0.0, total_height=0.0, y after=2472.8
  [UPDATE Y] child: div, content_height=79.2, margin.bottom=0.0, total_height=79.2, y after=94.2
  [UPDATE Y] child: div, content_height=79.2, margin.bottom=0.0, total_height=79.2, y after=173.4
  [UPDATE Y] child: div, content_height=79.2, margin.bottom=0.0, total_height=79.2, y after=252.6
  [UPDATE Y] child: div, content_height=79.2, margin.bottom=0.0, total_height=79.2, y after=331.8
  [UPDATE Y] child: div, content_height=79.2, margin.bottom=0.0, total_height=79.2, y after=411.0
  [UPDATE Y] child: div, content_height=79.2, margin.bottom=0.0, total_height=79.2, y after=490.2
  [UPDATE Y] child: div, content_height=79.2, margin.bottom=0.0, total_height=79.2, y after=569.4
  [UPDATE Y] child: div, content_height=79.2, margin.bottom=0.0, total_height=79.2, y after=648.6
  [UPDATE Y] child: div, content_height=697.6, margin.bottom=0.0, total_height=697.6, y after=809.7
[LAYOUT] Child element: div (parent: body)
  parent.content: x=0.0, y=0.0
  parent.padding: left=20.0, top=20.0
  child.margin: left=0.0, top=0.0
  y (accumulated): 2472.8
  child.content: x=20.0 (was 20.0), y=2472.8 (was 2472.8)
  [UPDATE Y] child: div, content_height=809.7, margin.bottom=0.0, total_height=809.7, y after=3282.5
[LAYOUT] Child element: text (parent: body)
  parent.content: x=0.0, y=0.0
  parent.padding: left=20.0, top=20.0
  child.margin: left=0.0, top=0.0
  y (accumulated): 3282.5
  child.content: x=20.0 (was 20.0), y=3282.5 (was 3282.5)
  [UPDATE Y] child: text, content_height=0.0, margin.bottom=0.0, total_height=0.0, y after=3282.5
[LAYOUT] Child element: div (parent: body)
  parent.content: x=0.0, y=0.0
  parent.padding: left=20.0, top=20.0
  child.margin: left=0.0, top=0.0
  y (accumulated): 3282.5
  child.content: x=20.0 (was 20.0), y=3282.5 (was 3282.5)
  [UPDATE Y] child: div, content_height=405.5, margin.bottom=0.0, total_height=405.5, y after=3688.0
[LAYOUT] Child element: text (parent: body)
  parent.content: x=0.0, y=0.0
  parent.padding: left=20.0, top=20.0
  child.margin: left=0.0, top=0.0
  y (accumulated): 3688.0
  child.content: x=20.0 (was 20.0), y=3688.0 (was 3688.0)
  [UPDATE Y] child: text, content_height=0.0, margin.bottom=0.0, total_height=0.0, y after=3688.0
[LAYOUT] Child element: div (parent: body)
  parent.content: x=0.0, y=0.0
  parent.padding: left=20.0, top=20.0
  child.margin: left=0.0, top=0.0
  y (accumulated): 3688.0
  child.content: x=20.0 (was 20.0), y=3688.0 (was 3688.0)
  [UPDATE Y] child: div, content_height=610.3, margin.bottom=0.0, total_height=610.3, y after=4298.4
[LAYOUT] Child element: text (parent: body)
  parent.content: x=0.0, y=0.0
  parent.padding: left=20.0, top=20.0
  child.margin: left=0.0, top=0.0
  y (accumulated): 4298.4
  child.content: x=20.0 (was 20.0), y=4298.4 (was 4298.4)
  [UPDATE Y] child: text, content_height=0.0, margin.bottom=0.0, total_height=0.0, y after=4298.4
  [UPDATE Y] child: div, content_height=117.2, margin.bottom=0.0, total_height=117.2, y after=273.9
[LAYOUT] Child element: div (parent: body)
  parent.content: x=0.0, y=0.0
  parent.padding: left=20.0, top=20.0
  child.margin: left=0.0, top=0.0
  y (accumulated): 4298.4
  child.content: x=20.0 (was 20.0), y=4298.4 (was 4298.4)
  [UPDATE Y] child: div, content_height=343.9, margin.bottom=0.0, total_height=343.9, y after=4642.3
[LAYOUT] Child element: text (parent: body)
  parent.content: x=0.0, y=0.0
  parent.padding: left=20.0, top=20.0
  child.margin: left=0.0, top=0.0
  y (accumulated): 4642.3
  child.content: x=20.0 (was 20.0), y=4642.3 (was 4642.3)
  [UPDATE Y] child: text, content_height=0.0, margin.bottom=0.0, total_height=0.0, y after=4642.3
  [UPDATE Y] child: div, content_height=71.2, margin.bottom=2.0, total_height=73.2, y after=132.4
  [UPDATE Y] child: div, content_height=160.4, margin.bottom=3.0, total_height=163.4, y after=224.6
  [UPDATE Y] child: div, content_height=258.6, margin.bottom=5.0, total_height=263.6, y after=364.1
[LAYOUT] Child element: div (parent: body)
  parent.content: x=0.0, y=0.0
  parent.padding: left=20.0, top=20.0
  child.margin: left=0.0, top=0.0
  y (accumulated): 4642.3
  child.content: x=20.0 (was 20.0), y=4642.3 (was 4642.3)
  [UPDATE Y] child: div, content_height=413.1, margin.bottom=0.0, total_height=413.1, y after=5055.4
[LAYOUT] Child element: text (parent: body)
  parent.content: x=0.0, y=0.0
  parent.padding: left=20.0, top=20.0
  child.margin: left=0.0, top=0.0
  y (accumulated): 5055.4
  child.content: x=20.0 (was 20.0), y=5055.4 (was 5055.4)
  [UPDATE Y] child: text, content_height=0.0, margin.bottom=0.0, total_height=0.0, y after=5055.4
[LAYOUT] Child element: div (parent: body)
  parent.content: x=0.0, y=0.0
  parent.padding: left=20.0, top=20.0
  child.margin: left=0.0, top=0.0
  y (accumulated): 5055.4
  child.content: x=20.0 (was 20.0), y=5055.4 (was 5055.4)
  [UPDATE Y] child: div, content_height=405.5, margin.bottom=0.0, total_height=405.5, y after=5460.9
[LAYOUT] Child element: text (parent: body)
  parent.content: x=0.0, y=0.0
  parent.padding: left=20.0, top=20.0
  child.margin: left=0.0, top=0.0
  y (accumulated): 5460.9
  child.content: x=20.0 (was 20.0), y=5460.9 (was 5460.9)
  [UPDATE Y] child: text, content_height=0.0, margin.bottom=0.0, total_height=0.0, y after=5460.9
  [UPDATE Y] child: div, content_height=222.4, margin.bottom=0.0, total_height=222.4, y after=222.4
  [UPDATE Y] child: div, content_height=91.2, margin.bottom=0.0, total_height=91.2, y after=245.4
  [UPDATE Y] child: div, content_height=294.4, margin.bottom=0.0, total_height=294.4, y after=516.8
  [UPDATE Y] child: div, content_height=516.8, margin.bottom=0.0, total_height=516.8, y after=622.3
  [UPDATE Y] child: div, content_height=115.2, margin.bottom=0.0, total_height=115.2, y after=737.5
[LAYOUT] Child element: div (parent: body)
  parent.content: x=0.0, y=0.0
  parent.padding: left=20.0, top=20.0
  child.margin: left=0.0, top=0.0
  y (accumulated): 5460.9
  child.content: x=20.0 (was 20.0), y=5460.9 (was 5460.9)
  [UPDATE Y] child: div, content_height=803.5, margin.bottom=0.0, total_height=803.5, y after=6264.4
[LAYOUT] Child element: text (parent: body)
  parent.content: x=0.0, y=0.0
  parent.padding: left=20.0, top=20.0
  child.margin: left=0.0, top=0.0
  y (accumulated): 6264.4
  child.content: x=20.0 (was 20.0), y=6264.4 (was 6264.4)
  [UPDATE Y] child: text, content_height=0.0, margin.bottom=0.0, total_height=0.0, y after=6264.4
[LAYOUT] Child element: div (parent: body)
  parent.content: x=0.0, y=0.0
  parent.padding: left=20.0, top=20.0
  child.margin: left=0.0, top=30.0
  y (accumulated): 6264.4
  child.content: x=20.0 (was 20.0), y=6294.4 (was 6294.4)
  [UPDATE Y] child: div, content_height=182.4, margin.bottom=0.0, total_height=182.4, y after=6446.8
[LAYOUT] Child element: body (parent: html)
  parent.content: x=0.0, y=0.0
  parent.padding: left=0.0, top=0.0
  child.margin: left=0.0, top=0.0
  y (accumulated): 0.0
  child.content: x=0.0 (was 0.0), y=0.0 (was 0.0)
  [UPDATE Y] child: body, content_height=6506.8, margin.bottom=0.0, total_height=6506.8, y after=6506.8
[LAYOUT] Child element: !DOCTYPE (parent: body)
  parent.content: x=0.0, y=0.0
  parent.padding: left=20.0, top=20.0
  child.margin: left=0.0, top=0.0
  y (accumulated): 20.0
  child.content: x=20.0 (was 20.0), y=20.0 (was 20.0)
  [UPDATE Y] child: !DOCTYPE, content_height=6506.8, margin.bottom=0.0, total_height=6506.8, y after=6526.8
[LAYOUT] Element: html, is_root: false
  margin: top=0.0, right=0.0, bottom=0.0, left=0.0
  padding: top=0.0, right=0.0, bottom=0.0, left=0.0
  content: x=20.0, y=20.0, width=1160.0, height=6506.8
  containing_block: width=1160.0, height=6546.8
[LAYOUT] Element: body, is_root: false
  margin: top=0.0, right=0.0, bottom=0.0, left=0.0
  padding: top=20.0, right=20.0, bottom=20.0, left=20.0
  content: x=0.0, y=0.0, width=1120.0, height=6466.8
  containing_block: width=1160.0, height=6546.8
[LAYOUT WARNING] html.content is not (0, 0): x=20.0, y=20.0
[LAYOUT] Body element position set: x=0.0, y=0.0 (margin: left=0.0, top=0.0)
[CONTAINING BLOCK] body.content.width=1120.0, child_containing_block.width=1120.0
[WIDTH DEBUG] h1: containing_block.width=1120.0, available_width=1120.0, calculated_width=1116.0
[LAYOUT] Child element: h1 (parent: body)
  parent.content: x=0.0, y=0.0
  parent.padding: left=20.0, top=20.0
  child.margin: left=0.0, top=21.4
  y (accumulated): 20.0
  child.content: x=20.0 (was 20.0), y=41.4 (was 41.4)
  [UPDATE Y] child: h1, content_height=50.0, margin.bottom=21.4, total_height=71.4, y after=91.4
[LAYOUT] Child element: text (parent: body)
  parent.content: x=0.0, y=0.0
  parent.padding: left=20.0, top=20.0
  child.margin: left=0.0, top=0.0
  y (accumulated): 91.4
  child.content: x=20.0 (was 20.0), y=91.4 (was 91.4)
  [UPDATE Y] child: text, content_height=0.0, margin.bottom=0.0, total_height=0.0, y after=91.4
[WIDTH DEBUG] h1: containing_block.width=1086.0, available_width=1086.0, calculated_width=1086.0
[LAYOUT] Child element: h1 (parent: div)
  parent.content: x=20.0, y=91.4
  parent.padding: left=15.0, top=15.0
  child.margin: left=0.0, top=16.1
  y (accumulated): 15.0
  child.content: x=15.0 (was 15.0), y=122.5 (was 122.5)
  [UPDATE Y] child: h1, content_height=62.1, margin.bottom=16.1, total_height=78.2, y after=93.2
  [UPDATE Y] child: div, content_height=96.0, margin.bottom=0.0, total_height=96.0, y after=301.2
[LAYOUT] Child element: div (parent: body)
  parent.content: x=0.0, y=0.0
  parent.padding: left=20.0, top=20.0
  child.margin: left=0.0, top=0.0
  y (accumulated): 91.4
  child.content: x=20.0 (was 20.0), y=91.4 (was 91.4)
  [UPDATE Y] child: div, content_height=350.2, margin.bottom=0.0, total_height=350.2, y after=441.6
[LAYOUT] Child element: text (parent: body)
  parent.content: x=0.0, y=0.0
  parent.padding: left=20.0, top=20.0
  child.margin: left=0.0, top=0.0
  y (accumulated): 441.6
  child.content: x=20.0 (was 20.0), y=441.6 (was 441.6)
  [UPDATE Y] child: text, content_height=0.0, margin.bottom=0.0, total_height=0.0, y after=441.6
[LAYOUT] Child element: div (parent: body)
  parent.content: x=0.0, y=0.0
  parent.padding: left=20.0, top=20.0
  child.margin: left=0.0, top=0.0
  y (accumulated): 441.6
  child.content: x=20.0 (was 20.0), y=441.6 (was 441.6)
  [UPDATE Y] child: div, content_height=329.4, margin.bottom=0.0, total_height=329.4, y after=771.0
[LAYOUT] Child element: text (parent: body)
  parent.content: x=0.0, y=0.0
  parent.padding: left=20.0, top=20.0
  child.margin: left=0.0, top=0.0
  y (accumulated): 771.0
  child.content: x=20.0 (was 20.0), y=771.0 (was 771.0)
  [UPDATE Y] child: text, content_height=0.0, margin.bottom=0.0, total_height=0.0, y after=771.0
  [UPDATE Y] child: div, content_height=59.2, margin.bottom=5.0, total_height=64.2, y after=138.2
  [UPDATE Y] child: div, content_height=59.2, margin.bottom=5.0, total_height=64.2, y after=202.4
[LAYOUT] Child element: div (parent: body)
  parent.content: x=0.0, y=0.0
  parent.padding: left=20.0, top=20.0
  child.margin: left=0.0, top=0.0
  y (accumulated): 771.0
  child.content: x=20.0 (was 20.0), y=771.0 (was 771.0)
  [UPDATE Y] child: div, content_height=334.0, margin.bottom=0.0, total_height=334.0, y after=1105.0
[LAYOUT] Child element: text (parent: body)
  parent.content: x=0.0, y=0.0
  parent.padding: left=20.0, top=20.0
  child.margin: left=0.0, top=0.0
  y (accumulated): 1105.0
  child.content: x=20.0 (was 20.0), y=1105.0 (was 1105.0)
  [UPDATE Y] child: text, content_height=0.0, margin.bottom=0.0, total_height=0.0, y after=1105.0
  [UPDATE Y] child: div, content_height=59.2, margin.bottom=0.0, total_height=59.2, y after=287.8
[LAYOUT] Child element: div (parent: body)
  parent.content: x=0.0, y=0.0
  parent.padding: left=20.0, top=20.0
  child.margin: left=0.0, top=0.0
  y (accumulated): 1105.0
  child.content: x=20.0 (was 20.0), y=1105.0 (was 1105.0)
  [UPDATE Y] child: div, content_height=336.8, margin.bottom=0.0, total_height=336.8, y after=1441.8
[LAYOUT] Child element: text (parent: body)
  parent.content: x=0.0, y=0.0
  parent.padding: left=20.0, top=20.0
  child.margin: left=0.0, top=0.0
  y (accumulated): 1441.8
  child.content: x=20.0 (was 20.0), y=1441.8 (was 1441.8)
  [UPDATE Y] child: text, content_height=0.0, margin.bottom=0.0, total_height=0.0, y after=1441.8
  [UPDATE Y] child: div, content_height=99.2, margin.bottom=5.0, total_height=104.2, y after=119.2
  [UPDATE Y] child: div, content_height=99.2, margin.bottom=5.0, total_height=104.2, y after=223.4
  [UPDATE Y] child: div, content_height=99.2, margin.bottom=5.0, total_height=104.2, y after=327.6
  [UPDATE Y] child: div, content_height=99.2, margin.bottom=5.0, total_height=104.2, y after=431.8
  [UPDATE Y] child: div, content_height=99.2, margin.bottom=5.0, total_height=104.2, y after=536.0
  [UPDATE Y] child: div, content_height=585.0, margin.bottom=0.0, total_height=585.0, y after=697.1
  [UPDATE Y] child: div, content_height=99.2, margin.bottom=5.0, total_height=104.2, y after=119.2
  [UPDATE Y] child: div, content_height=99.2, margin.bottom=5.0, total_height=104.2, y after=223.4
  [UPDATE Y] child: div, content_height=99.2, margin.bottom=5.0, total_height=104.2, y after=327.6
  [UPDATE Y] child: div, content_height=334.0, margin.bottom=0.0, total_height=334.0, y after=1031.1
[LAYOUT] Child element: div (parent: body)
  parent.content: x=0.0, y=0.0
  parent.padding: left=20.0, top=20.0
  child.margin: left=0.0, top=0.0
  y (accumulated): 1441.8
  child.content: x=20.0 (was 20.0), y=1441.8 (was 1441.8)
  [UPDATE Y] child: div, content_height=1031.1, margin.bottom=0.0, total_height=1031.1, y after=2472.8
[LAYOUT] Child element: text (parent: body)
  parent.content: x=0.0, y=0.0
  parent.padding: left=20.0, top=20.0
  child.margin: left=0.0, top=0.0
  y (accumulated): 2472.8
  child.content: x=20.0 (was 20.0), y=2472.8 (was 2472.8)
  [UPDATE Y] child: text, content_height=0.0, margin.bottom=0.0, total_height=0.0, y after=2472.8
  [UPDATE Y] child: div, content_height=79.2, margin.bottom=0.0, total_height=79.2, y after=94.2
  [UPDATE Y] child: div, content_height=79.2, margin.bottom=0.0, total_height=79.2, y after=173.4
  [UPDATE Y] child: div, content_height=79.2, margin.bottom=0.0, total_height=79.2, y after=252.6
  [UPDATE Y] child: div, content_height=79.2, margin.bottom=0.0, total_height=79.2, y after=331.8
  [UPDATE Y] child: div, content_height=79.2, margin.bottom=0.0, total_height=79.2, y after=411.0
  [UPDATE Y] child: div, content_height=79.2, margin.bottom=0.0, total_height=79.2, y after=490.2
  [UPDATE Y] child: div, content_height=79.2, margin.bottom=0.0, total_height=79.2, y after=569.4
  [UPDATE Y] child: div, content_height=79.2, margin.bottom=0.0, total_height=79.2, y after=648.6
  [UPDATE Y] child: div, content_height=697.6, margin.bottom=0.0, total_height=697.6, y after=809.7
[LAYOUT] Child element: div (parent: body)
  parent.content: x=0.0, y=0.0
  parent.padding: left=20.0, top=20.0
  child.margin: left=0.0, top=0.0
  y (accumulated): 2472.8
  child.content: x=20.0 (was 20.0), y=2472.8 (was 2472.8)
  [UPDATE Y] child: div, content_height=809.7, margin.bottom=0.0, total_height=809.7, y after=3282.5
[LAYOUT] Child element: text (parent: body)
  parent.content: x=0.0, y=0.0
  parent.padding: left=20.0, top=20.0
  child.margin: left=0.0, top=0.0
  y (accumulated): 3282.5
  child.content: x=20.0 (was 20.0), y=3282.5 (was 3282.5)
  [UPDATE Y] child: text, content_height=0.0, margin.bottom=0.0, total_height=0.0, y after=3282.5
[LAYOUT] Child element: div (parent: body)
  parent.content: x=0.0, y=0.0
  parent.padding: left=20.0, top=20.0
  child.margin: left=0.0, top=0.0
  y (accumulated): 3282.5
  child.content: x=20.0 (was 20.0), y=3282.5 (was 3282.5)
  [UPDATE Y] child: div, content_height=405.5, margin.bottom=0.0, total_height=405.5, y after=3688.0
[LAYOUT] Child element: text (parent: body)
  parent.content: x=0.0, y=0.0
  parent.padding: left=20.0, top=20.0
  child.margin: left=0.0, top=0.0
  y (accumulated): 3688.0
  child.content: x=20.0 (was 20.0), y=3688.0 (was 3688.0)
  [UPDATE Y] child: text, content_height=0.0, margin.bottom=0.0, total_height=0.0, y after=3688.0
[LAYOUT] Child element: div (parent: body)
  parent.content: x=0.0, y=0.0
  parent.padding: left=20.0, top=20.0
  child.margin: left=0.0, top=0.0
  y (accumulated): 3688.0
  child.content: x=20.0 (was 20.0), y=3688.0 (was 3688.0)
  [UPDATE Y] child: div, content_height=610.3, margin.bottom=0.0, total_height=610.3, y after=4298.4
[LAYOUT] Child element: text (parent: body)
  parent.content: x=0.0, y=0.0
  parent.padding: left=20.0, top=20.0
  child.margin: left=0.0, top=0.0
  y (accumulated): 4298.4
  child.content: x=20.0 (was 20.0), y=4298.4 (was 4298.4)
  [UPDATE Y] child: text, content_height=0.0, margin.bottom=0.0, total_height=0.0, y after=4298.4
  [UPDATE Y] child: div, content_height=117.2, margin.bottom=0.0, total_height=117.2, y after=273.9
[LAYOUT] Child element: div (parent: body)
  parent.content: x=0.0, y=0.0
  parent.padding: left=20.0, top=20.0
  child.margin: left=0.0, top=0.0
  y (accumulated): 4298.4
  child.content: x=20.0 (was 20.0), y=4298.4 (was 4298.4)
  [UPDATE Y] child: div, content_height=343.9, margin.bottom=0.0, total_height=343.9, y after=4642.3
[LAYOUT] Child element: text (parent: body)
  parent.content: x=0.0, y=0.0
  parent.padding: left=20.0, top=20.0
  child.margin: left=0.0, top=0.0
  y (accumulated): 4642.3
  child.content: x=20.0 (was 20.0), y=4642.3 (was 4642.3)
  [UPDATE Y] child: text, content_height=0.0, margin.bottom=0.0, total_height=0.0, y after=4642.3
  [UPDATE Y] child: div, content_height=71.2, margin.bottom=2.0, total_height=73.2, y after=132.4
  [UPDATE Y] child: div, content_height=160.4, margin.bottom=3.0, total_height=163.4, y after=224.6
  [UPDATE Y] child: div, content_height=258.6, margin.bottom=5.0, total_height=263.6, y after=364.1
[LAYOUT] Child element: div (parent: body)
  parent.content: x=0.0, y=0.0
  parent.padding: left=20.0, top=20.0
  child.margin: left=0.0, top=0.0
  y (accumulated): 4642.3
  child.content: x=20.0 (was 20.0), y=4642.3 (was 4642.3)
  [UPDATE Y] child: div, content_height=413.1, margin.bottom=0.0, total_height=413.1, y after=5055.4
[LAYOUT] Child element: text (parent: body)
  parent.content: x=0.0, y=0.0
  parent.padding: left=20.0, top=20.0
  child.margin: left=0.0, top=0.0
  y (accumulated): 5055.4
  child.content: x=20.0 (was 20.0), y=5055.4 (was 5055.4)
  [UPDATE Y] child: text, content_height=0.0, margin.bottom=0.0, total_height=0.0, y after=5055.4
[LAYOUT] Child element: div (parent: body)
  parent.content: x=0.0, y=0.0
  parent.padding: left=20.0, top=20.0
  child.margin: left=0.0, top=0.0
  y (accumulated): 5055.4
  child.content: x=20.0 (was 20.0), y=5055.4 (was 5055.4)
  [UPDATE Y] child: div, content_height=405.5, margin.bottom=0.0, total_height=405.5, y after=5460.9
[LAYOUT] Child element: text (parent: body)
  parent.content: x=0.0, y=0.0
  parent.padding: left=20.0, top=20.0
  child.margin: left=0.0, top=0.0
  y (accumulated): 5460.9
  child.content: x=20.0 (was 20.0), y=5460.9 (was 5460.9)
  [UPDATE Y] child: text, content_height=0.0, margin.bottom=0.0, total_height=0.0, y after=5460.9
  [UPDATE Y] child: div, content_height=222.4, margin.bottom=0.0, total_height=222.4, y after=222.4
  [UPDATE Y] child: div, content_height=91.2, margin.bottom=0.0, total_height=91.2, y after=245.4
  [UPDATE Y] child: div, content_height=294.4, margin.bottom=0.0, total_height=294.4, y after=516.8
  [UPDATE Y] child: div, content_height=516.8, margin.bottom=0.0, total_height=516.8, y after=622.3
  [UPDATE Y] child: div, content_height=115.2, margin.bottom=0.0, total_height=115.2, y after=737.5
[LAYOUT] Child element: div (parent: body)
  parent.content: x=0.0, y=0.0
  parent.padding: left=20.0, top=20.0
  child.margin: left=0.0, top=0.0
  y (accumulated): 5460.9
  child.content: x=20.0 (was 20.0), y=5460.9 (was 5460.9)
  [UPDATE Y] child: div, content_height=803.5, margin.bottom=0.0, total_height=803.5, y after=6264.4
[LAYOUT] Child element: text (parent: body)
  parent.content: x=0.0, y=0.0
  parent.padding: left=20.0, top=20.0
  child.margin: left=0.0, top=0.0
  y (accumulated): 6264.4
  child.content: x=20.0 (was 20.0), y=6264.4 (was 6264.4)
  [UPDATE Y] child: text, content_height=0.0, margin.bottom=0.0, total_height=0.0, y after=6264.4
[LAYOUT] Child element: div (parent: body)
  parent.content: x=0.0, y=0.0
  parent.padding: left=20.0, top=20.0
  child.margin: left=0.0, top=30.0
  y (accumulated): 6264.4
  child.content: x=20.0 (was 20.0), y=6294.4 (was 6294.4)
  [UPDATE Y] child: div, content_height=182.4, margin.bottom=0.0, total_height=182.4, y after=6446.8
[LAYOUT] Child element: body (parent: html)
  parent.content: x=20.0, y=20.0
  parent.padding: left=0.0, top=0.0
  child.margin: left=0.0, top=0.0
  y (accumulated): 0.0
  child.content: x=20.0 (was 0.0), y=20.0 (was 0.0)
  [UPDATE Y] child: body, content_height=6506.8, margin.bottom=0.0, total_height=6506.8, y after=6506.8
[LAYOUT] Element: html, is_root: false
  margin: top=0.0, right=0.0, bottom=0.0, left=0.0
  padding: top=0.0, right=0.0, bottom=0.0, left=0.0
  content: x=20.0, y=20.0, width=1160.0, height=6506.8
  containing_block: width=1160.0, height=6506.8
[LAYOUT] Element: body, is_root: false
  margin: top=0.0, right=0.0, bottom=0.0, left=0.0
  padding: top=20.0, right=20.0, bottom=20.0, left=20.0
  content: x=20.0, y=20.0, width=1120.0, height=6466.8
  containing_block: width=1160.0, height=6506.8
[LAYOUT WARNING] html.content is not (0, 0): x=20.0, y=20.0
[CONTAINING BLOCK] body.content.width=1120.0, child_containing_block.width=1120.0
[WIDTH DEBUG] h1: containing_block.width=1120.0, available_width=1120.0, calculated_width=1116.0
[LAYOUT] Child element: h1 (parent: body)
  parent.content: x=20.0, y=20.0
  parent.padding: left=20.0, top=20.0
  child.margin: left=0.0, top=21.4
  y (accumulated): 20.0
  child.content: x=20.0 (was 20.0), y=61.4 (was 41.4)
  [UPDATE Y] child: h1, content_height=50.0, margin.bottom=21.4, total_height=71.4, y after=91.4
[LAYOUT] Child element: text (parent: body)
  parent.content: x=20.0, y=20.0
  parent.padding: left=20.0, top=20.0
  child.margin: left=0.0, top=0.0
  y (accumulated): 91.4
  child.content: x=20.0 (was 20.0), y=111.4 (was 91.4)
  [UPDATE Y] child: text, content_height=0.0, margin.bottom=0.0, total_height=0.0, y after=91.4
[WIDTH DEBUG] h1: containing_block.width=1086.0, available_width=1086.0, calculated_width=1086.0
[LAYOUT] Child element: h1 (parent: div)
  parent.content: x=20.0, y=91.4
  parent.padding: left=15.0, top=15.0
  child.margin: left=0.0, top=16.1
  y (accumulated): 15.0
  child.content: x=15.0 (was 15.0), y=122.5 (was 122.5)
  [UPDATE Y] child: h1, content_height=62.1, margin.bottom=16.1, total_height=78.2, y after=93.2
  [UPDATE Y] child: div, content_height=96.0, margin.bottom=0.0, total_height=96.0, y after=301.2
[LAYOUT] Child element: div (parent: body)
  parent.content: x=20.0, y=20.0
  parent.padding: left=20.0, top=20.0
  child.margin: left=0.0, top=0.0
  y (accumulated): 91.4
  child.content: x=20.0 (was 20.0), y=111.4 (was 91.4)
  [UPDATE Y] child: div, content_height=350.2, margin.bottom=0.0, total_height=350.2, y after=441.6
[LAYOUT] Child element: text (parent: body)
  parent.content: x=20.0, y=20.0
  parent.padding: left=20.0, top=20.0
  child.margin: left=0.0, top=0.0
  y (accumulated): 441.6
  child.content: x=20.0 (was 20.0), y=461.6 (was 441.6)
  [UPDATE Y] child: text, content_height=0.0, margin.bottom=0.0, total_height=0.0, y after=441.6
[LAYOUT] Child element: div (parent: body)
  parent.content: x=20.0, y=20.0
  parent.padding: left=20.0, top=20.0
  child.margin: left=0.0, top=0.0
  y (accumulated): 441.6
  child.content: x=20.0 (was 20.0), y=461.6 (was 441.6)
  [UPDATE Y] child: div, content_height=329.4, margin.bottom=0.0, total_height=329.4, y after=771.0
[LAYOUT] Child element: text (parent: body)
  parent.content: x=20.0, y=20.0
  parent.padding: left=20.0, top=20.0
  child.margin: left=0.0, top=0.0
  y (accumulated): 771.0
  child.content: x=20.0 (was 20.0), y=791.0 (was 771.0)
  [UPDATE Y] child: text, content_height=0.0, margin.bottom=0.0, total_height=0.0, y after=771.0
  [UPDATE Y] child: div, content_height=59.2, margin.bottom=5.0, total_height=64.2, y after=138.2
  [UPDATE Y] child: div, content_height=59.2, margin.bottom=5.0, total_height=64.2, y after=202.4
[LAYOUT] Child element: div (parent: body)
  parent.content: x=20.0, y=20.0
  parent.padding: left=20.0, top=20.0
  child.margin: left=0.0, top=0.0
  y (accumulated): 771.0
  child.content: x=20.0 (was 20.0), y=791.0 (was 771.0)
  [UPDATE Y] child: div, content_height=334.0, margin.bottom=0.0, total_height=334.0, y after=1105.0
[LAYOUT] Child element: text (parent: body)
  parent.content: x=20.0, y=20.0
  parent.padding: left=20.0, top=20.0
  child.margin: left=0.0, top=0.0
  y (accumulated): 1105.0
  child.content: x=20.0 (was 20.0), y=1125.0 (was 1105.0)
  [UPDATE Y] child: text, content_height=0.0, margin.bottom=0.0, total_height=0.0, y after=1105.0
  [UPDATE Y] child: div, content_height=59.2, margin.bottom=0.0, total_height=59.2, y after=287.8
[LAYOUT] Child element: div (parent: body)
  parent.content: x=20.0, y=20.0
  parent.padding: left=20.0, top=20.0
  child.margin: left=0.0, top=0.0
  y (accumulated): 1105.0
  child.content: x=20.0 (was 20.0), y=1125.0 (was 1105.0)
  [UPDATE Y] child: div, content_height=336.8, margin.bottom=0.0, total_height=336.8, y after=1441.8
[LAYOUT] Child element: text (parent: body)
  parent.content: x=20.0, y=20.0
  parent.padding: left=20.0, top=20.0
  child.margin: left=0.0, top=0.0
  y (accumulated): 1441.8
  child.content: x=20.0 (was 20.0), y=1461.8 (was 1441.8)
  [UPDATE Y] child: text, content_height=0.0, margin.bottom=0.0, total_height=0.0, y after=1441.8
  [UPDATE Y] child: div, content_height=99.2, margin.bottom=5.0, total_height=104.2, y after=119.2
  [UPDATE Y] child: div, content_height=99.2, margin.bottom=5.0, total_height=104.2, y after=223.4
  [UPDATE Y] child: div, content_height=99.2, margin.bottom=5.0, total_height=104.2, y after=327.6
  [UPDATE Y] child: div, content_height=99.2, margin.bottom=5.0, total_height=104.2, y after=431.8
  [UPDATE Y] child: div, content_height=99.2, margin.bottom=5.0, total_height=104.2, y after=536.0
  [UPDATE Y] child: div, content_height=585.0, margin.bottom=0.0, total_height=585.0, y after=697.1
  [UPDATE Y] child: div, content_height=99.2, margin.bottom=5.0, total_height=104.2, y after=119.2
  [UPDATE Y] child: div, content_height=99.2, margin.bottom=5.0, total_height=104.2, y after=223.4
  [UPDATE Y] child: div, content_height=99.2, margin.bottom=5.0, total_height=104.2, y after=327.6
  [UPDATE Y] child: div, content_height=334.0, margin.bottom=0.0, total_height=334.0, y after=1031.1
[LAYOUT] Child element: div (parent: body)
  parent.content: x=20.0, y=20.0
  parent.padding: left=20.0, top=20.0
  child.margin: left=0.0, top=0.0
  y (accumulated): 1441.8
  child.content: x=20.0 (was 20.0), y=1461.8 (was 1441.8)
  [UPDATE Y] child: div, content_height=1031.1, margin.bottom=0.0, total_height=1031.1, y after=2472.8
[LAYOUT] Child element: text (parent: body)
  parent.content: x=20.0, y=20.0
  parent.padding: left=20.0, top=20.0
  child.margin: left=0.0, top=0.0
  y (accumulated): 2472.8
  child.content: x=20.0 (was 20.0), y=2492.8 (was 2472.8)
  [UPDATE Y] child: text, content_height=0.0, margin.bottom=0.0, total_height=0.0, y after=2472.8
  [UPDATE Y] child: div, content_height=79.2, margin.bottom=0.0, total_height=79.2, y after=94.2
  [UPDATE Y] child: div, content_height=79.2, margin.bottom=0.0, total_height=79.2, y after=173.4
  [UPDATE Y] child: div, content_height=79.2, margin.bottom=0.0, total_height=79.2, y after=252.6
  [UPDATE Y] child: div, content_height=79.2, margin.bottom=0.0, total_height=79.2, y after=331.8
  [UPDATE Y] child: div, content_height=79.2, margin.bottom=0.0, total_height=79.2, y after=411.0
  [UPDATE Y] child: div, content_height=79.2, margin.bottom=0.0, total_height=79.2, y after=490.2
  [UPDATE Y] child: div, content_height=79.2, margin.bottom=0.0, total_height=79.2, y after=569.4
  [UPDATE Y] child: div, content_height=79.2, margin.bottom=0.0, total_height=79.2, y after=648.6
  [UPDATE Y] child: div, content_height=697.6, margin.bottom=0.0, total_height=697.6, y after=809.7
[LAYOUT] Child element: div (parent: body)
  parent.content: x=20.0, y=20.0
  parent.padding: left=20.0, top=20.0
  child.margin: left=0.0, top=0.0
  y (accumulated): 2472.8
  child.content: x=20.0 (was 20.0), y=2492.8 (was 2472.8)
  [UPDATE Y] child: div, content_height=809.7, margin.bottom=0.0, total_height=809.7, y after=3282.5
[LAYOUT] Child element: text (parent: body)
  parent.content: x=20.0, y=20.0
  parent.padding: left=20.0, top=20.0
  child.margin: left=0.0, top=0.0
  y (accumulated): 3282.5
  child.content: x=20.0 (was 20.0), y=3302.5 (was 3282.5)
  [UPDATE Y] child: text, content_height=0.0, margin.bottom=0.0, total_height=0.0, y after=3282.5
[LAYOUT] Child element: div (parent: body)
  parent.content: x=20.0, y=20.0
  parent.padding: left=20.0, top=20.0
  child.margin: left=0.0, top=0.0
  y (accumulated): 3282.5
  child.content: x=20.0 (was 20.0), y=3302.5 (was 3282.5)
  [UPDATE Y] child: div, content_height=405.5, margin.bottom=0.0, total_height=405.5, y after=3688.0
[LAYOUT] Child element: text (parent: body)
  parent.content: x=20.0, y=20.0
  parent.padding: left=20.0, top=20.0
  child.margin: left=0.0, top=0.0
  y (accumulated): 3688.0
  child.content: x=20.0 (was 20.0), y=3708.0 (was 3688.0)
  [UPDATE Y] child: text, content_height=0.0, margin.bottom=0.0, total_height=0.0, y after=3688.0
[LAYOUT] Child element: div (parent: body)
  parent.content: x=20.0, y=20.0
  parent.padding: left=20.0, top=20.0
  child.margin: left=0.0, top=0.0
  y (accumulated): 3688.0
  child.content: x=20.0 (was 20.0), y=3708.0 (was 3688.0)
  [UPDATE Y] child: div, content_height=610.3, margin.bottom=0.0, total_height=610.3, y after=4298.4
[LAYOUT] Child element: text (parent: body)
  parent.content: x=20.0, y=20.0
  parent.padding: left=20.0, top=20.0
  child.margin: left=0.0, top=0.0
  y (accumulated): 4298.4
  child.content: x=20.0 (was 20.0), y=4318.4 (was 4298.4)
  [UPDATE Y] child: text, content_height=0.0, margin.bottom=0.0, total_height=0.0, y after=4298.4
  [UPDATE Y] child: div, content_height=117.2, margin.bottom=0.0, total_height=117.2, y after=273.9
[LAYOUT] Child element: div (parent: body)
  parent.content: x=20.0, y=20.0
  parent.padding: left=20.0, top=20.0
  child.margin: left=0.0, top=0.0
  y (accumulated): 4298.4
  child.content: x=20.0 (was 20.0), y=4318.4 (was 4298.4)
  [UPDATE Y] child: div, content_height=343.9, margin.bottom=0.0, total_height=343.9, y after=4642.3
[LAYOUT] Child element: text (parent: body)
  parent.content: x=20.0, y=20.0
  parent.padding: left=20.0, top=20.0
  child.margin: left=0.0, top=0.0
  y (accumulated): 4642.3
  child.content: x=20.0 (was 20.0), y=4662.3 (was 4642.3)
  [UPDATE Y] child: text, content_height=0.0, margin.bottom=0.0, total_height=0.0, y after=4642.3
  [UPDATE Y] child: div, content_height=71.2, margin.bottom=2.0, total_height=73.2, y after=132.4
  [UPDATE Y] child: div, content_height=160.4, margin.bottom=3.0, total_height=163.4, y after=224.6
  [UPDATE Y] child: div, content_height=258.6, margin.bottom=5.0, total_height=263.6, y after=364.1
[LAYOUT] Child element: div (parent: body)
  parent.content: x=20.0, y=20.0
  parent.padding: left=20.0, top=20.0
  child.margin: left=0.0, top=0.0
  y (accumulated): 4642.3
  child.content: x=20.0 (was 20.0), y=4662.3 (was 4642.3)
  [UPDATE Y] child: div, content_height=413.1, margin.bottom=0.0, total_height=413.1, y after=5055.4
[LAYOUT] Child element: text (parent: body)
  parent.content: x=20.0, y=20.0
  parent.padding: left=20.0, top=20.0
  child.margin: left=0.0, top=0.0
  y (accumulated): 5055.4
  child.content: x=20.0 (was 20.0), y=5075.4 (was 5055.4)
  [UPDATE Y] child: text, content_height=0.0, margin.bottom=0.0, total_height=0.0, y after=5055.4
[LAYOUT] Child element: div (parent: body)
  parent.content: x=20.0, y=20.0
  parent.padding: left=20.0, top=20.0
  child.margin: left=0.0, top=0.0
  y (accumulated): 5055.4
  child.content: x=20.0 (was 20.0), y=5075.4 (was 5055.4)
  [UPDATE Y] child: div, content_height=405.5, margin.bottom=0.0, total_height=405.5, y after=5460.9
[LAYOUT] Child element: text (parent: body)
  parent.content: x=20.0, y=20.0
  parent.padding: left=20.0, top=20.0
  child.margin: left=0.0, top=0.0
  y (accumulated): 5460.9
  child.content: x=20.0 (was 20.0), y=5480.9 (was 5460.9)
  [UPDATE Y] child: text, content_height=0.0, margin.bottom=0.0, total_height=0.0, y after=5460.9
  [UPDATE Y] child: div, content_height=222.4, margin.bottom=0.0, total_height=222.4, y after=222.4
  [UPDATE Y] child: div, content_height=91.2, margin.bottom=0.0, total_height=91.2, y after=245.4
  [UPDATE Y] child: div, content_height=294.4, margin.bottom=0.0, total_height=294.4, y after=516.8
  [UPDATE Y] child: div, content_height=516.8, margin.bottom=0.0, total_height=516.8, y after=622.3
  [UPDATE Y] child: div, content_height=115.2, margin.bottom=0.0, total_height=115.2, y after=737.5
[LAYOUT] Child element: div (parent: body)
  parent.content: x=20.0, y=20.0
  parent.padding: left=20.0, top=20.0
  child.margin: left=0.0, top=0.0
  y (accumulated): 5460.9
  child.content: x=20.0 (was 20.0), y=5480.9 (was 5460.9)
  [UPDATE Y] child: div, content_height=803.5, margin.bottom=0.0, total_height=803.5, y after=6264.4
[LAYOUT] Child element: text (parent: body)
  parent.content: x=20.0, y=20.0
  parent.padding: left=20.0, top=20.0
  child.margin: left=0.0, top=0.0
  y (accumulated): 6264.4
  child.content: x=20.0 (was 20.0), y=6284.4 (was 6264.4)
  [UPDATE Y] child: text, content_height=0.0, margin.bottom=0.0, total_height=0.0, y after=6264.4
[LAYOUT] Child element: div (parent: body)
  parent.content: x=20.0, y=20.0
  parent.padding: left=20.0, top=20.0
  child.margin: left=0.0, top=30.0
  y (accumulated): 6264.4
  child.content: x=20.0 (was 20.0), y=6314.4 (was 6294.4)
  [UPDATE Y] child: div, content_height=182.4, margin.bottom=0.0, total_height=182.4, y after=6446.8
[LAYOUT] Child element: body (parent: html)
  parent.content: x=20.0, y=20.0
  parent.padding: left=0.0, top=0.0
  child.margin: left=0.0, top=0.0
  y (accumulated): 0.0
  child.content: x=20.0 (was 20.0), y=20.0 (was 20.0)
  [UPDATE Y] child: body, content_height=6506.8, margin.bottom=0.0, total_height=6506.8, y after=6506.8
[LAYOUT] Element: body, is_root: false
  margin: top=0.0, right=0.0, bottom=0.0, left=0.0
  padding: top=20.0, right=20.0, bottom=20.0, left=20.0
  content: x=20.0, y=20.0, width=1120.0, height=6466.8
  containing_block: width=1160.0, height=6506.8
[LAYOUT WARNING] html.content is not (0, 0): x=20.0, y=20.0
[CONTAINING BLOCK] body.content.width=1120.0, child_containing_block.width=1120.0
[WIDTH DEBUG] h1: containing_block.width=1120.0, available_width=1120.0, calculated_width=1116.0
[LAYOUT] Child element: h1 (parent: body)
  parent.content: x=20.0, y=20.0
  parent.padding: left=20.0, top=20.0
  child.margin: left=0.0, top=21.4
  y (accumulated): 20.0
  child.content: x=20.0 (was 20.0), y=61.4 (was 61.4)
  [UPDATE Y] child: h1, content_height=50.0, margin.bottom=21.4, total_height=71.4, y after=91.4
[LAYOUT] Child element: text (parent: body)
  parent.content: x=20.0, y=20.0
  parent.padding: left=20.0, top=20.0
  child.margin: left=0.0, top=0.0
  y (accumulated): 91.4
  child.content: x=20.0 (was 20.0), y=111.4 (was 111.4)
  [UPDATE Y] child: text, content_height=0.0, margin.bottom=0.0, total_height=0.0, y after=91.4
[WIDTH DEBUG] h1: containing_block.width=1086.0, available_width=1086.0, calculated_width=1086.0
[LAYOUT] Child element: h1 (parent: div)
  parent.content: x=20.0, y=111.4
  parent.padding: left=15.0, top=15.0
  child.margin: left=0.0, top=16.1
  y (accumulated): 15.0
  child.content: x=15.0 (was 15.0), y=142.5 (was 122.5)
  [UPDATE Y] child: h1, content_height=62.1, margin.bottom=16.1, total_height=78.2, y after=93.2
  [UPDATE Y] child: div, content_height=96.0, margin.bottom=0.0, total_height=96.0, y after=301.2
[LAYOUT] Child element: div (parent: body)
  parent.content: x=20.0, y=20.0
  parent.padding: left=20.0, top=20.0
  child.margin: left=0.0, top=0.0
  y (accumulated): 91.4
  child.content: x=20.0 (was 20.0), y=111.4 (was 111.4)
  [UPDATE Y] child: div, content_height=350.2, margin.bottom=0.0, total_height=350.2, y after=441.6
[LAYOUT] Child element: text (parent: body)
  parent.content: x=20.0, y=20.0
  parent.padding: left=20.0, top=20.0
  child.margin: left=0.0, top=0.0
  y (accumulated): 441.6
  child.content: x=20.0 (was 20.0), y=461.6 (was 461.6)
  [UPDATE Y] child: text, content_height=0.0, margin.bottom=0.0, total_height=0.0, y after=441.6
[LAYOUT] Child element: div (parent: body)
  parent.content: x=20.0, y=20.0
  parent.padding: left=20.0, top=20.0
  child.margin: left=0.0, top=0.0
  y (accumulated): 441.6
  child.content: x=20.0 (was 20.0), y=461.6 (was 461.6)
  [UPDATE Y] child: div, content_height=329.4, margin.bottom=0.0, total_height=329.4, y after=771.0
[LAYOUT] Child element: text (parent: body)
  parent.content: x=20.0, y=20.0
  parent.padding: left=20.0, top=20.0
  child.margin: left=0.0, top=0.0
  y (accumulated): 771.0
  child.content: x=20.0 (was 20.0), y=791.0 (was 791.0)
  [UPDATE Y] child: text, content_height=0.0, margin.bottom=0.0, total_height=0.0, y after=771.0
  [UPDATE Y] child: div, content_height=59.2, margin.bottom=5.0, total_height=64.2, y after=138.2
  [UPDATE Y] child: div, content_height=59.2, margin.bottom=5.0, total_height=64.2, y after=202.4
[LAYOUT] Child element: div (parent: body)
  parent.content: x=20.0, y=20.0
  parent.padding: left=20.0, top=20.0
  child.margin: left=0.0, top=0.0
  y (accumulated): 771.0
  child.content: x=20.0 (was 20.0), y=791.0 (was 791.0)
  [UPDATE Y] child: div, content_height=334.0, margin.bottom=0.0, total_height=334.0, y after=1105.0
[LAYOUT] Child element: text (parent: body)
  parent.content: x=20.0, y=20.0
  parent.padding: left=20.0, top=20.0
  child.margin: left=0.0, top=0.0
  y (accumulated): 1105.0
  child.content: x=20.0 (was 20.0), y=1125.0 (was 1125.0)
  [UPDATE Y] child: text, content_height=0.0, margin.bottom=0.0, total_height=0.0, y after=1105.0
  [UPDATE Y] child: div, content_height=59.2, margin.bottom=0.0, total_height=59.2, y after=267.8
[LAYOUT] Child element: div (parent: body)
  parent.content: x=20.0, y=20.0
  parent.padding: left=20.0, top=20.0
  child.margin: left=0.0, top=0.0
  y (accumulated): 1105.0
  child.content: x=20.0 (was 20.0), y=1125.0 (was 1125.0)
  [UPDATE Y] child: div, content_height=336.8, margin.bottom=0.0, total_height=336.8, y after=1441.8
[LAYOUT] Child element: text (parent: body)
  parent.content: x=20.0, y=20.0
  parent.padding: left=20.0, top=20.0
  child.margin: left=0.0, top=0.0
  y (accumulated): 1441.8
  child.content: x=20.0 (was 20.0), y=1461.8 (was 1461.8)
  [UPDATE Y] child: text, content_height=0.0, margin.bottom=0.0, total_height=0.0, y after=1441.8
  [UPDATE Y] child: div, content_height=99.2, margin.bottom=5.0, total_height=104.2, y after=119.2
  [UPDATE Y] child: div, content_height=99.2, margin.bottom=5.0, total_height=104.2, y after=223.4
  [UPDATE Y] child: div, content_height=99.2, margin.bottom=5.0, total_height=104.2, y after=327.6
  [UPDATE Y] child: div, content_height=99.2, margin.bottom=5.0, total_height=104.2, y after=431.8
  [UPDATE Y] child: div, content_height=99.2, margin.bottom=5.0, total_height=104.2, y after=536.0
  [UPDATE Y] child: div, content_height=585.0, margin.bottom=0.0, total_height=585.0, y after=697.1
  [UPDATE Y] child: div, content_height=99.2, margin.bottom=5.0, total_height=104.2, y after=119.2
  [UPDATE Y] child: div, content_height=99.2, margin.bottom=5.0, total_height=104.2, y after=223.4
  [UPDATE Y] child: div, content_height=99.2, margin.bottom=5.0, total_height=104.2, y after=327.6
  [UPDATE Y] child: div, content_height=334.0, margin.bottom=0.0, total_height=334.0, y after=1031.1
[LAYOUT] Child element: div (parent: body)
  parent.content: x=20.0, y=20.0
  parent.padding: left=20.0, top=20.0
  child.margin: left=0.0, top=0.0
  y (accumulated): 1441.8
  child.content: x=20.0 (was 20.0), y=1461.8 (was 1461.8)
  [UPDATE Y] child: div, content_height=1031.1, margin.bottom=0.0, total_height=1031.1, y after=2472.8
[LAYOUT] Child element: text (parent: body)
  parent.content: x=20.0, y=20.0
  parent.padding: left=20.0, top=20.0
  child.margin: left=0.0, top=0.0
  y (accumulated): 2472.8
  child.content: x=20.0 (was 20.0), y=2492.8 (was 2492.8)
  [UPDATE Y] child: text, content_height=0.0, margin.bottom=0.0, total_height=0.0, y after=2472.8
  [UPDATE Y] child: div, content_height=79.2, margin.bottom=0.0, total_height=79.2, y after=94.2
  [UPDATE Y] child: div, content_height=79.2, margin.bottom=0.0, total_height=79.2, y after=173.4
  [UPDATE Y] child: div, content_height=79.2, margin.bottom=0.0, total_height=79.2, y after=252.6
  [UPDATE Y] child: div, content_height=79.2, margin.bottom=0.0, total_height=79.2, y after=331.8
  [UPDATE Y] child: div, content_height=79.2, margin.bottom=0.0, total_height=79.2, y after=411.0
  [UPDATE Y] child: div, content_height=79.2, margin.bottom=0.0, total_height=79.2, y after=490.2
  [UPDATE Y] child: div, content_height=79.2, margin.bottom=0.0, total_height=79.2, y after=569.4
  [UPDATE Y] child: div, content_height=79.2, margin.bottom=0.0, total_height=79.2, y after=648.6
  [UPDATE Y] child: div, content_height=697.6, margin.bottom=0.0, total_height=697.6, y after=809.7
[LAYOUT] Child element: div (parent: body)
  parent.content: x=20.0, y=20.0
  parent.padding: left=20.0, top=20.0
  child.margin: left=0.0, top=0.0
  y (accumulated): 2472.8
  child.content: x=20.0 (was 20.0), y=2492.8 (was 2492.8)
  [UPDATE Y] child: div, content_height=809.7, margin.bottom=0.0, total_height=809.7, y after=3282.5
[LAYOUT] Child element: text (parent: body)
  parent.content: x=20.0, y=20.0
  parent.padding: left=20.0, top=20.0
  child.margin: left=0.0, top=0.0
  y (accumulated): 3282.5
  child.content: x=20.0 (was 20.0), y=3302.5 (was 3302.5)
  [UPDATE Y] child: text, content_height=0.0, margin.bottom=0.0, total_height=0.0, y after=3282.5
[LAYOUT] Child element: div (parent: body)
  parent.content: x=20.0, y=20.0
  parent.padding: left=20.0, top=20.0
  child.margin: left=0.0, top=0.0
  y (accumulated): 3282.5
  child.content: x=20.0 (was 20.0), y=3302.5 (was 3302.5)
  [UPDATE Y] child: div, content_height=405.5, margin.bottom=0.0, total_height=405.5, y after=3688.0
[LAYOUT] Child element: text (parent: body)
  parent.content: x=20.0, y=20.0
  parent.padding: left=20.0, top=20.0
  child.margin: left=0.0, top=0.0
  y (accumulated): 3688.0
  child.content: x=20.0 (was 20.0), y=3708.0 (was 3708.0)
  [UPDATE Y] child: text, content_height=0.0, margin.bottom=0.0, total_height=0.0, y after=3688.0
[LAYOUT] Child element: div (parent: body)
  parent.content: x=20.0, y=20.0
  parent.padding: left=20.0, top=20.0
  child.margin: left=0.0, top=0.0
  y (accumulated): 3688.0
  child.content: x=20.0 (was 20.0), y=3708.0 (was 3708.0)
  [UPDATE Y] child: div, content_height=610.3, margin.bottom=0.0, total_height=610.3, y after=4298.4
[LAYOUT] Child element: text (parent: body)
  parent.content: x=20.0, y=20.0
  parent.padding: left=20.0, top=20.0
  child.margin: left=0.0, top=0.0
  y (accumulated): 4298.4
  child.content: x=20.0 (was 20.0), y=4318.4 (was 4318.4)
  [UPDATE Y] child: text, content_height=0.0, margin.bottom=0.0, total_height=0.0, y after=4298.4
  [UPDATE Y] child: div, content_height=117.2, margin.bottom=0.0, total_height=117.2, y after=273.9
[LAYOUT] Child element: div (parent: body)
  parent.content: x=20.0, y=20.0
  parent.padding: left=20.0, top=20.0
  child.margin: left=0.0, top=0.0
  y (accumulated): 4298.4
  child.content: x=20.0 (was 20.0), y=4318.4 (was 4318.4)
  [UPDATE Y] child: div, content_height=343.9, margin.bottom=0.0, total_height=343.9, y after=4642.3
[LAYOUT] Child element: text (parent: body)
  parent.content: x=20.0, y=20.0
  parent.padding: left=20.0, top=20.0
  child.margin: left=0.0, top=0.0
  y (accumulated): 4642.3
  child.content: x=20.0 (was 20.0), y=4662.3 (was 4662.3)
  [UPDATE Y] child: text, content_height=0.0, margin.bottom=0.0, total_height=0.0, y after=4642.3
  [UPDATE Y] child: div, content_height=71.2, margin.bottom=2.0, total_height=73.2, y after=132.4
  [UPDATE Y] child: div, content_height=160.4, margin.bottom=3.0, total_height=163.4, y after=224.6
  [UPDATE Y] child: div, content_height=258.6, margin.bottom=5.0, total_height=263.6, y after=364.1
[LAYOUT] Child element: div (parent: body)
  parent.content: x=20.0, y=20.0
  parent.padding: left=20.0, top=20.0
  child.margin: left=0.0, top=0.0
  y (accumulated): 4642.3
  child.content: x=20.0 (was 20.0), y=4662.3 (was 4662.3)
  [UPDATE Y] child: div, content_height=413.1, margin.bottom=0.0, total_height=413.1, y after=5055.4
[LAYOUT] Child element: text (parent: body)
  parent.content: x=20.0, y=20.0
  parent.padding: left=20.0, top=20.0
  child.margin: left=0.0, top=0.0
  y (accumulated): 5055.4
  child.content: x=20.0 (was 20.0), y=5075.4 (was 5075.4)
  [UPDATE Y] child: text, content_height=0.0, margin.bottom=0.0, total_height=0.0, y after=5055.4
[LAYOUT] Child element: div (parent: body)
  parent.content: x=20.0, y=20.0
  parent.padding: left=20.0, top=20.0
  child.margin: left=0.0, top=0.0
  y (accumulated): 5055.4
  child.content: x=20.0 (was 20.0), y=5075.4 (was 5075.4)
  [UPDATE Y] child: div, content_height=405.5, margin.bottom=0.0, total_height=405.5, y after=5460.9
[LAYOUT] Child element: text (parent: body)
  parent.content: x=20.0, y=20.0
  parent.padding: left=20.0, top=20.0
  child.margin: left=0.0, top=0.0
  y (accumulated): 5460.9
  child.content: x=20.0 (was 20.0), y=5480.9 (was 5480.9)
  [UPDATE Y] child: text, content_height=0.0, margin.bottom=0.0, total_height=0.0, y after=5460.9
  [UPDATE Y] child: div, content_height=222.4, margin.bottom=0.0, total_height=222.4, y after=222.4
  [UPDATE Y] child: div, content_height=91.2, margin.bottom=0.0, total_height=91.2, y after=245.4
  [UPDATE Y] child: div, content_height=294.4, margin.bottom=0.0, total_height=294.4, y after=516.8
  [UPDATE Y] child: div, content_height=516.8, margin.bottom=0.0, total_height=516.8, y after=622.3
  [UPDATE Y] child: div, content_height=115.2, margin.bottom=0.0, total_height=115.2, y after=737.5
[LAYOUT] Child element: div (parent: body)
  parent.content: x=20.0, y=20.0
  parent.padding: left=20.0, top=20.0
  child.margin: left=0.0, top=0.0
  y (accumulated): 5460.9
  child.content: x=20.0 (was 20.0), y=5480.9 (was 5480.9)
  [UPDATE Y] child: div, content_height=803.5, margin.bottom=0.0, total_height=803.5, y after=6264.4
[LAYOUT] Child element: text (parent: body)
  parent.content: x=20.0, y=20.0
  parent.padding: left=20.0, top=20.0
  child.margin: left=0.0, top=0.0
  y (accumulated): 6264.4
  child.content: x=20.0 (was 20.0), y=6284.4 (was 6284.4)
  [UPDATE Y] child: text, content_height=0.0, margin.bottom=0.0, total_height=0.0, y after=6264.4
[LAYOUT] Child element: div (parent: body)
  parent.content: x=20.0, y=20.0
  parent.padding: left=20.0, top=20.0
  child.margin: left=0.0, top=30.0
  y (accumulated): 6264.4
  child.content: x=20.0 (was 20.0), y=6314.4 (was 6314.4)
  [UPDATE Y] child: div, content_height=182.4, margin.bottom=0.0, total_height=182.4, y after=6446.8
[WIDTH DEBUG] h1: containing_block.width=1120.0, available_width=1120.0, calculated_width=1116.0
[WIDTH DEBUG] h1: containing_block.width=1086.0, available_width=1086.0, calculated_width=1086.0
[LAYOUT] Child element: h1 (parent: div)
  parent.content: x=20.0, y=111.4
  parent.padding: left=15.0, top=15.0
  child.margin: left=0.0, top=16.1
  y (accumulated): 15.0
  child.content: x=15.0 (was 15.0), y=142.5 (was 142.5)
  [UPDATE Y] child: h1, content_height=62.1, margin.bottom=16.1, total_height=78.2, y after=93.2
  [UPDATE Y] child: div, content_height=96.0, margin.bottom=0.0, total_height=96.0, y after=301.2
[WIDTH DEBUG] h1: containing_block.width=1086.0, available_width=1086.0, calculated_width=1086.0
  [UPDATE Y] child: div, content_height=59.2, margin.bottom=5.0, total_height=64.2, y after=138.2
  [UPDATE Y] child: div, content_height=59.2, margin.bottom=5.0, total_height=64.2, y after=202.4
  [UPDATE Y] child: div, content_height=59.2, margin.bottom=0.0, total_height=59.2, y after=267.8
  [UPDATE Y] child: div, content_height=99.2, margin.bottom=5.0, total_height=104.2, y after=119.2
  [UPDATE Y] child: div, content_height=99.2, margin.bottom=5.0, total_height=104.2, y after=223.4
  [UPDATE Y] child: div, content_height=99.2, margin.bottom=5.0, total_height=104.2, y after=327.6
  [UPDATE Y] child: div, content_height=99.2, margin.bottom=5.0, total_height=104.2, y after=431.8
  [UPDATE Y] child: div, content_height=99.2, margin.bottom=5.0, total_height=104.2, y after=536.0
  [UPDATE Y] child: div, content_height=585.0, margin.bottom=0.0, total_height=585.0, y after=697.1
  [UPDATE Y] child: div, content_height=99.2, margin.bottom=5.0, total_height=104.2, y after=119.2
  [UPDATE Y] child: div, content_height=99.2, margin.bottom=5.0, total_height=104.2, y after=223.4
  [UPDATE Y] child: div, content_height=99.2, margin.bottom=5.0, total_height=104.2, y after=327.6
  [UPDATE Y] child: div, content_height=334.0, margin.bottom=0.0, total_height=334.0, y after=1031.1
  [UPDATE Y] child: div, content_height=79.2, margin.bottom=0.0, total_height=79.2, y after=94.2
  [UPDATE Y] child: div, content_height=79.2, margin.bottom=0.0, total_height=79.2, y after=173.4
  [UPDATE Y] child: div, content_height=79.2, margin.bottom=0.0, total_height=79.2, y after=252.6
  [UPDATE Y] child: div, content_height=79.2, margin.bottom=0.0, total_height=79.2, y after=331.8
  [UPDATE Y] child: div, content_height=79.2, margin.bottom=0.0, total_height=79.2, y after=411.0
  [UPDATE Y] child: div, content_height=79.2, margin.bottom=0.0, total_height=79.2, y after=490.2
  [UPDATE Y] child: div, content_height=79.2, margin.bottom=0.0, total_height=79.2, y after=569.4
  [UPDATE Y] child: div, content_height=79.2, margin.bottom=0.0, total_height=79.2, y after=648.6
  [UPDATE Y] child: div, content_height=697.6, margin.bottom=0.0, total_height=697.6, y after=809.7
  [UPDATE Y] child: div, content_height=117.2, margin.bottom=0.0, total_height=117.2, y after=273.9
  [UPDATE Y] child: div, content_height=71.2, margin.bottom=2.0, total_height=73.2, y after=132.4
  [UPDATE Y] child: div, content_height=160.4, margin.bottom=3.0, total_height=163.4, y after=224.6
  [UPDATE Y] child: div, content_height=258.6, margin.bottom=5.0, total_height=263.6, y after=364.1
  [UPDATE Y] child: div, content_height=71.2, margin.bottom=2.0, total_height=73.2, y after=132.4
  [UPDATE Y] child: div, content_height=160.4, margin.bottom=3.0, total_height=163.4, y after=224.6
  [UPDATE Y] child: div, content_height=71.2, margin.bottom=2.0, total_height=73.2, y after=132.4
  [UPDATE Y] child: div, content_height=222.4, margin.bottom=0.0, total_height=222.4, y after=222.4
  [UPDATE Y] child: div, content_height=91.2, margin.bottom=0.0, total_height=91.2, y after=245.4
  [UPDATE Y] child: div, content_height=294.4, margin.bottom=0.0, total_height=294.4, y after=516.8
  [UPDATE Y] child: div, content_height=516.8, margin.bottom=0.0, total_height=516.8, y after=622.3
  [UPDATE Y] child: div, content_height=115.2, margin.bottom=0.0, total_height=115.2, y after=737.5

=== Element Layout Info ===
Tag: html

Box Model:
  Margin: top=0.00, right=0.00, bottom=0.00, left=0.00
  Border: top=0.00, right=0.00, bottom=0.00, left=0.00
  Padding: top=0.00, right=0.00, bottom=0.00, left=0.00
  Content: x=0.00, y=0.00, width=1200.00, height=6586.84
  Total Size: width=1200.00, height=6586.84
  Actual Position (content box): x=0.00, y=0.00
  Position (with margin): x=0.00, y=0.00

Computed Styles:
  display: block
==========================


=== Element Layout Info ===
Tag: body

Box Model:
  Margin: top=0.00, right=0.00, bottom=0.00, left=0.00
  Border: top=0.00, right=0.00, bottom=0.00, left=0.00
  Padding: top=20.00, right=20.00, bottom=20.00, left=20.00
  Content: x=0.00, y=0.00, width=1160.00, height=6546.84
  Total Size: width=1200.00, height=6586.84
  Actual Position (content box): x=0.00, y=0.00
  Position (with margin): x=0.00, y=0.00

Computed Styles:
  display: block
==========================


=== Element Layout Info ===
Tag: h1

Box Model:
  Margin: top=21.44, right=0.00, bottom=21.44, left=0.00
  Border: top=2.00, right=2.00, bottom=2.00, left=2.00
  Padding: top=0.00, right=0.00, bottom=0.00, left=0.00
  Content: x=20.00, y=61.44, width=1116.00, height=46.00
  Total Size: width=1120.00, height=50.00
  Actual Position (content box): x=20.00, y=61.44
  Position (with margin): x=20.00, y=40.00

Computed Styles:
  display: block
==========================

[FONT] font-size parsed: 32.0px
[FONT] font-size parsed: 32.0px
[STYLE] h1 font-size parsed: 32.0px
[STYLE] p font-size parsed: 32.0px
[LAYOUT] Element: html, is_root: true
  margin: top=0.0, right=0.0, bottom=0.0, left=0.0
  padding: top=0.0, right=0.0, bottom=0.0, left=0.0
  content: x=0.0, y=0.0, width=1200.0, height=0.0
  containing_block: width=1200.0, height=800.0
[LAYOUT] Root element (html) position set to (0, 0)
[LAYOUT] Element: body, is_root: false
  margin: top=0.0, right=0.0, bottom=0.0, left=0.0
  padding: top=20.0, right=20.0, bottom=20.0, left=20.0
  content: x=0.0, y=0.0, width=1160.0, height=0.0
  containing_block: width=1200.0, height=800.0
[LAYOUT] Body element position set: x=0.0, y=0.0 (margin: left=0.0, top=0.0)
[LAYOUT] Element: html, is_root: false
  margin: top=0.0, right=0.0, bottom=0.0, left=0.0
  padding: top=0.0, right=0.0, bottom=0.0, left=0.0
  content: x=0.0, y=0.0, width=1160.0, height=0.0
  containing_block: width=1160.0, height=800.0
[LAYOUT] Element: body, is_root: false
  margin: top=0.0, right=0.0, bottom=0.0, left=0.0
  padding: top=20.0, right=20.0, bottom=20.0, left=20.0
  content: x=0.0, y=0.0, width=1120.0, height=0.0
  containing_block: width=1160.0, height=800.0
[LAYOUT] Body element position set: x=0.0, y=0.0 (margin: left=0.0, top=0.0)
[CONTAINING BLOCK] body.content.width=1120.0, child_containing_block.width=1120.0
[WIDTH DEBUG] h1: containing_block.width=1120.0, available_width=1120.0, calculated_width=1120.0
  [TEXT HEIGHT] text: "ZBrowser功能测试...", font_size=32.0, line_height=46.0, height=46.0
[LAYOUT] Child element: h1 (parent: body)
  parent.content: x=0.0, y=0.0
  parent.padding: left=20.0, top=20.0
  child.margin: left=0.0, top=21.4
  y (accumulated): 20.0
  child.content: x=20.0 (was 0.0), y=41.4 (was 0.0)
  [UPDATE Y] child: h1, content_height=50.0, margin.bottom=21.4, total_height=71.4, y after=91.4
[LAYOUT] Child element: text (parent: body)
  parent.content: x=0.0, y=0.0
  parent.padding: left=20.0, top=20.0
  child.margin: left=0.0, top=0.0
  y (accumulated): 91.4
  child.content: x=20.0 (was 0.0), y=91.4 (was 0.0)
  [UPDATE Y] child: text, content_height=0.0, margin.bottom=0.0, total_height=0.0, y after=91.4
[WIDTH DEBUG] h1: containing_block.width=1086.0, available_width=1086.0, calculated_width=1086.0
  [TEXT HEIGHT] text: "块级布局测试...", font_size=32.0, line_height=46.0, height=46.0
[LAYOUT] Child element: h1 (parent: div)
  parent.content: x=0.0, y=0.0
  parent.padding: left=15.0, top=15.0
  child.margin: left=0.0, top=16.1
  y (accumulated): 15.0
  child.content: x=15.0 (was 0.0), y=31.1 (was 0.0)
  [UPDATE Y] child: h1, content_height=62.1, margin.bottom=16.1, total_height=78.2, y after=93.2
  [TEXT HEIGHT] text: "这是一个块级�...", font_size=16.0, line_height=24.0, height=24.0
  [TEXT HEIGHT] text: "这是另一个段�...", font_size=16.0, line_height=24.0, height=24.0
  [TEXT HEIGHT] text: "嵌套的div块级�...", font_size=16.0, line_height=24.0, height=24.0
  [UPDATE Y] child: div, content_height=96.0, margin.bottom=0.0, total_height=96.0, y after=301.2
[LAYOUT] Child element: div (parent: body)
  parent.content: x=0.0, y=0.0
  parent.padding: left=20.0, top=20.0
  child.margin: left=0.0, top=0.0
  y (accumulated): 91.4
  child.content: x=20.0 (was 0.0), y=91.4 (was 0.0)
  [UPDATE Y] child: div, content_height=350.2, margin.bottom=0.0, total_height=350.2, y after=441.6
[LAYOUT] Child element: text (parent: body)
  parent.content: x=0.0, y=0.0
  parent.padding: left=20.0, top=20.0
  child.margin: left=0.0, top=0.0
  y (accumulated): 441.6
  child.content: x=20.0 (was 0.0), y=441.6 (was 0.0)
  [UPDATE Y] child: text, content_height=0.0, margin.bottom=0.0, total_height=0.0, y after=441.6
  [TEXT HEIGHT] text: "
      这是行内�...", font_size=16.0, line_height=19.2, height=19.2
  [TEXT HEIGHT] text: "行内元素不会�...", font_size=16.0, line_height=19.2, height=19.2
[LAYOUT] Child element: div (parent: body)
  parent.content: x=0.0, y=0.0
  parent.padding: left=20.0, top=20.0
  child.margin: left=0.0, top=0.0
  y (accumulated): 441.6
  child.content: x=20.0 (was 0.0), y=441.6 (was 0.0)
  [UPDATE Y] child: div, content_height=329.4, margin.bottom=0.0, total_height=329.4, y after=771.0
[LAYOUT] Child element: text (parent: body)
  parent.content: x=0.0, y=0.0
  parent.padding: left=20.0, top=20.0
  child.margin: left=0.0, top=0.0
  y (accumulated): 771.0
  child.content: x=20.0 (was 0.0), y=771.0 (was 0.0)
  [UPDATE Y] child: text, content_height=0.0, margin.bottom=0.0, total_height=0.0, y after=771.0
  [UPDATE Y] child: div, content_height=59.2, margin.bottom=5.0, total_height=64.2, y after=138.2
  [UPDATE Y] child: div, content_height=59.2, margin.bottom=5.0, total_height=64.2, y after=202.4
[LAYOUT] Child element: div (parent: body)
  parent.content: x=0.0, y=0.0
  parent.padding: left=20.0, top=20.0
  child.margin: left=0.0, top=0.0
  y (accumulated): 771.0
  child.content: x=20.0 (was 0.0), y=771.0 (was 0.0)
  [UPDATE Y] child: div, content_height=334.0, margin.bottom=0.0, total_height=334.0, y after=1105.0
[LAYOUT] Child element: text (parent: body)
  parent.content: x=0.0, y=0.0
  parent.padding: left=20.0, top=20.0
  child.margin: left=0.0, top=0.0
  y (accumulated): 1105.0
  child.content: x=20.0 (was 0.0), y=1105.0 (was 0.0)
  [UPDATE Y] child: text, content_height=0.0, margin.bottom=0.0, total_height=0.0, y after=1105.0
  [TEXT HEIGHT] text: "左浮动元素...", font_size=16.0, line_height=19.2, height=19.2
  [TEXT HEIGHT] text: "这个元素会浮�...", font_size=16.0, line_height=19.2, height=19.2
  [TEXT HEIGHT] text: "右浮动元素...", font_size=16.0, line_height=19.2, height=19.2
  [TEXT HEIGHT] text: "这个元素会浮�...", font_size=16.0, line_height=19.2, height=19.2
  [TEXT HEIGHT] text: "这是正常流中�...", font_size=16.0, line_height=19.2, height=19.2
  [UPDATE Y] child: div, content_height=59.2, margin.bottom=0.0, total_height=59.2, y after=287.8
[LAYOUT] Child element: div (parent: body)
  parent.content: x=0.0, y=0.0
  parent.padding: left=20.0, top=20.0
  child.margin: left=0.0, top=0.0
  y (accumulated): 1105.0
  child.content: x=20.0 (was 0.0), y=1105.0 (was 0.0)
  [UPDATE Y] child: div, content_height=336.8, margin.bottom=0.0, total_height=336.8, y after=1441.8
[LAYOUT] Child element: text (parent: body)
  parent.content: x=0.0, y=0.0
  parent.padding: left=20.0, top=20.0
  child.margin: left=0.0, top=0.0
  y (accumulated): 1441.8
  child.content: x=20.0 (was 0.0), y=1441.8 (was 0.0)
  [UPDATE Y] child: text, content_height=0.0, margin.bottom=0.0, total_height=0.0, y after=1441.8
  [UPDATE Y] child: div, content_height=99.2, margin.bottom=5.0, total_height=104.2, y after=119.2
  [UPDATE Y] child: div, content_height=99.2, margin.bottom=5.0, total_height=104.2, y after=223.4
  [UPDATE Y] child: div, content_height=99.2, margin.bottom=5.0, total_height=104.2, y after=327.6
  [UPDATE Y] child: div, content_height=99.2, margin.bottom=5.0, total_height=104.2, y after=431.8
  [UPDATE Y] child: div, content_height=99.2, margin.bottom=5.0, total_height=104.2, y after=536.0
  [UPDATE Y] child: div, content_height=585.0, margin.bottom=0.0, total_height=585.0, y after=697.1
  [UPDATE Y] child: div, content_height=99.2, margin.bottom=5.0, total_height=104.2, y after=119.2
  [UPDATE Y] child: div, content_height=99.2, margin.bottom=5.0, total_height=104.2, y after=223.4
  [UPDATE Y] child: div, content_height=99.2, margin.bottom=5.0, total_height=104.2, y after=327.6
  [UPDATE Y] child: div, content_height=334.0, margin.bottom=0.0, total_height=334.0, y after=1031.1
[LAYOUT] Child element: div (parent: body)
  parent.content: x=0.0, y=0.0
  parent.padding: left=20.0, top=20.0
  child.margin: left=0.0, top=0.0
  y (accumulated): 1441.8
  child.content: x=20.0 (was 0.0), y=1441.8 (was 0.0)
  [UPDATE Y] child: div, content_height=1031.1, margin.bottom=0.0, total_height=1031.1, y after=2472.8
[LAYOUT] Child element: text (parent: body)
  parent.content: x=0.0, y=0.0
  parent.padding: left=20.0, top=20.0
  child.margin: left=0.0, top=0.0
  y (accumulated): 2472.8
  child.content: x=20.0 (was 0.0), y=2472.8 (was 0.0)
  [UPDATE Y] child: text, content_height=0.0, margin.bottom=0.0, total_height=0.0, y after=2472.8
  [UPDATE Y] child: div, content_height=79.2, margin.bottom=0.0, total_height=79.2, y after=94.2
  [UPDATE Y] child: div, content_height=79.2, margin.bottom=0.0, total_height=79.2, y after=173.4
  [UPDATE Y] child: div, content_height=79.2, margin.bottom=0.0, total_height=79.2, y after=252.6
  [UPDATE Y] child: div, content_height=79.2, margin.bottom=0.0, total_height=79.2, y after=331.8
  [UPDATE Y] child: div, content_height=79.2, margin.bottom=0.0, total_height=79.2, y after=411.0
  [UPDATE Y] child: div, content_height=79.2, margin.bottom=0.0, total_height=79.2, y after=490.2
  [UPDATE Y] child: div, content_height=79.2, margin.bottom=0.0, total_height=79.2, y after=569.4
  [UPDATE Y] child: div, content_height=79.2, margin.bottom=0.0, total_height=79.2, y after=648.6
  [UPDATE Y] child: div, content_height=697.6, margin.bottom=0.0, total_height=697.6, y after=809.7
[LAYOUT] Child element: div (parent: body)
  parent.content: x=0.0, y=0.0
  parent.padding: left=20.0, top=20.0
  child.margin: left=0.0, top=0.0
  y (accumulated): 2472.8
  child.content: x=20.0 (was 0.0), y=2472.8 (was 0.0)
  [UPDATE Y] child: div, content_height=809.7, margin.bottom=0.0, total_height=809.7, y after=3282.5
[LAYOUT] Child element: text (parent: body)
  parent.content: x=0.0, y=0.0
  parent.padding: left=20.0, top=20.0
  child.margin: left=0.0, top=0.0
  y (accumulated): 3282.5
  child.content: x=20.0 (was 0.0), y=3282.5 (was 0.0)
  [UPDATE Y] child: text, content_height=0.0, margin.bottom=0.0, total_height=0.0, y after=3282.5
  [TEXT HEIGHT] text: "大号文本（32px�...", font_size=16.0, line_height=19.2, height=19.2
  [TEXT HEIGHT] text: "中等文本（20px�...", font_size=16.0, line_height=19.2, height=19.2
  [TEXT HEIGHT] text: "小号文本（12px�...", font_size=16.0, line_height=19.2, height=19.2
  [TEXT HEIGHT] text: "下划线文本...", font_size=16.0, line_height=19.2, height=19.2
  [TEXT HEIGHT] text: "删除线文本...", font_size=16.0, line_height=19.2, height=19.2
[LAYOUT] Child element: div (parent: body)
  parent.content: x=0.0, y=0.0
  parent.padding: left=20.0, top=20.0
  child.margin: left=0.0, top=0.0
  y (accumulated): 3282.5
  child.content: x=20.0 (was 0.0), y=3282.5 (was 0.0)
  [UPDATE Y] child: div, content_height=405.5, margin.bottom=0.0, total_height=405.5, y after=3688.0
[LAYOUT] Child element: text (parent: body)
  parent.content: x=0.0, y=0.0
  parent.padding: left=20.0, top=20.0
  child.margin: left=0.0, top=0.0
  y (accumulated): 3688.0
  child.content: x=20.0 (was 0.0), y=3688.0 (was 0.0)
  [UPDATE Y] child: text, content_height=0.0, margin.bottom=0.0, total_height=0.0, y after=3688.0
  [TEXT HEIGHT] text: "这是一个测试�...", font_size=16.0, line_height=25.6, height=25.6
  [TEXT HEIGHT] text: "這是一個測試�...", font_size=16.0, line_height=25.6, height=25.6
  [TEXT HEIGHT] text: "これはテスト�...", font_size=16.0, line_height=25.6, height=25.6
  [TEXT HEIGHT] text: "이것은 테스트 ...", font_size=16.0, line_height=25.6, height=25.6
  [TEXT HEIGHT] text: "This is a test page ...", font_size=16.0, line_height=25.6, height=25.6
  [TEXT HEIGHT] text: "混合文本 Mixed T...", font_size=16.0, line_height=25.6, height=25.6
[LAYOUT] Child element: div (parent: body)
  parent.content: x=0.0, y=0.0
  parent.padding: left=20.0, top=20.0
  child.margin: left=0.0, top=0.0
  y (accumulated): 3688.0
  child.content: x=20.0 (was 0.0), y=3688.0 (was 0.0)
  [UPDATE Y] child: div, content_height=610.3, margin.bottom=0.0, total_height=610.3, y after=4298.4
[LAYOUT] Child element: text (parent: body)
  parent.content: x=0.0, y=0.0
  parent.padding: left=20.0, top=20.0
  child.margin: left=0.0, top=0.0
  y (accumulated): 4298.4
  child.content: x=20.0 (was 0.0), y=4298.4 (was 0.0)
  [UPDATE Y] child: text, content_height=0.0, margin.bottom=0.0, total_height=0.0, y after=4298.4
  [TEXT HEIGHT] text: "这个区域有实�...", font_size=16.0, line_height=19.2, height=19.2
  [TEXT HEIGHT] text: "这个区域有虚�...", font_size=16.0, line_height=19.2, height=19.2
  [UPDATE Y] child: div, content_height=117.2, margin.bottom=0.0, total_height=117.2, y after=273.9
[LAYOUT] Child element: div (parent: body)
  parent.content: x=0.0, y=0.0
  parent.padding: left=20.0, top=20.0
  child.margin: left=0.0, top=0.0
  y (accumulated): 4298.4
  child.content: x=20.0 (was 0.0), y=4298.4 (was 0.0)
  [UPDATE Y] child: div, content_height=343.9, margin.bottom=0.0, total_height=343.9, y after=4642.3
[LAYOUT] Child element: text (parent: body)
  parent.content: x=0.0, y=0.0
  parent.padding: left=20.0, top=20.0
  child.margin: left=0.0, top=0.0
  y (accumulated): 4642.3
  child.content: x=20.0 (was 0.0), y=4642.3 (was 0.0)
  [UPDATE Y] child: text, content_height=0.0, margin.bottom=0.0, total_height=0.0, y after=4642.3
  [TEXT HEIGHT] text: "第一层嵌套...", font_size=16.0, line_height=19.2, height=19.2
  [TEXT HEIGHT] text: "第二层嵌套...", font_size=16.0, line_height=19.2, height=19.2
  [TEXT HEIGHT] text: "第三层嵌套...", font_size=16.0, line_height=19.2, height=19.2
  [UPDATE Y] child: div, content_height=71.2, margin.bottom=2.0, total_height=73.2, y after=132.4
  [UPDATE Y] child: div, content_height=160.4, margin.bottom=3.0, total_height=163.4, y after=224.6
  [UPDATE Y] child: div, content_height=258.6, margin.bottom=5.0, total_height=263.6, y after=364.1
[LAYOUT] Child element: div (parent: body)
  parent.content: x=0.0, y=0.0
  parent.padding: left=20.0, top=20.0
  child.margin: left=0.0, top=0.0
  y (accumulated): 4642.3
  child.content: x=20.0 (was 0.0), y=4642.3 (was 0.0)
  [UPDATE Y] child: div, content_height=413.1, margin.bottom=0.0, total_height=413.1, y after=5055.4
[LAYOUT] Child element: text (parent: body)
  parent.content: x=0.0, y=0.0
  parent.padding: left=20.0, top=20.0
  child.margin: left=0.0, top=0.0
  y (accumulated): 5055.4
  child.content: x=20.0 (was 0.0), y=5055.4 (was 0.0)
  [UPDATE Y] child: text, content_height=0.0, margin.bottom=0.0, total_height=0.0, y after=5055.4
  [TEXT HEIGHT] text: "HTML实体：<div> &...", font_size=16.0, line_height=19.2, height=19.2
  [TEXT HEIGHT] text: "Unicode字符：© �...", font_size=16.0, line_height=19.2, height=19.2
  [TEXT HEIGHT] text: "数学符号：∑ �...", font_size=16.0, line_height=19.2, height=19.2
  [TEXT HEIGHT] text: "箭头符号：← �...", font_size=16.0, line_height=19.2, height=19.2
  [TEXT HEIGHT] text: "Emoji：😀 😃 �...", font_size=16.0, line_height=19.2, height=19.2
[LAYOUT] Child element: div (parent: body)
  parent.content: x=0.0, y=0.0
  parent.padding: left=20.0, top=20.0
  child.margin: left=0.0, top=0.0
  y (accumulated): 5055.4
  child.content: x=20.0 (was 0.0), y=5055.4 (was 0.0)
  [UPDATE Y] child: div, content_height=405.5, margin.bottom=0.0, total_height=405.5, y after=5460.9
[LAYOUT] Child element: text (parent: body)
  parent.content: x=0.0, y=0.0
  parent.padding: left=20.0, top=20.0
  child.margin: left=0.0, top=0.0
  y (accumulated): 5460.9
  child.content: x=20.0 (was 0.0), y=5460.9 (was 0.0)
  [UPDATE Y] child: text, content_height=0.0, margin.bottom=0.0, total_height=0.0, y after=5460.9
  [TEXT HEIGHT] text: "包含块级和行�...", font_size=16.0, line_height=19.2, height=19.2
  [UPDATE Y] child: div, content_height=222.4, margin.bottom=0.0, total_height=222.4, y after=222.4
  [TEXT HEIGHT] text: "另一个Flex子项�...", font_size=16.0, line_height=19.2, height=19.2
  [TEXT HEIGHT] text: "嵌套的div...", font_size=16.0, line_height=19.2, height=19.2
  [UPDATE Y] child: div, content_height=91.2, margin.bottom=0.0, total_height=91.2, y after=245.4
  [UPDATE Y] child: div, content_height=294.4, margin.bottom=0.0, total_height=294.4, y after=516.8
  [UPDATE Y] child: div, content_height=516.8, margin.bottom=0.0, total_height=516.8, y after=622.3
  [TEXT HEIGHT] text: "相对定位容器...", font_size=16.0, line_height=19.2, height=19.2
  [UPDATE Y] child: div, content_height=115.2, margin.bottom=0.0, total_height=115.2, y after=737.5
[LAYOUT] Child element: div (parent: body)
  parent.content: x=0.0, y=0.0
  parent.padding: left=20.0, top=20.0
  child.margin: left=0.0, top=0.0
  y (accumulated): 5460.9
  child.content: x=20.0 (was 0.0), y=5460.9 (was 0.0)
  [UPDATE Y] child: div, content_height=803.5, margin.bottom=0.0, total_height=803.5, y after=6264.4
[LAYOUT] Child element: text (parent: body)
  parent.content: x=0.0, y=0.0
  parent.padding: left=20.0, top=20.0
  child.margin: left=0.0, top=0.0
  y (accumulated): 6264.4
  child.content: x=20.0 (was 0.0), y=6264.4 (was 0.0)
  [UPDATE Y] child: text, content_height=0.0, margin.bottom=0.0, total_height=0.0, y after=6264.4
  [TEXT HEIGHT] text: "ZBrowser功能测试...", font_size=16.0, line_height=19.2, height=19.2
  [TEXT HEIGHT] text: "包含：块级布�...", font_size=16.0, line_height=19.2, height=19.2
[LAYOUT] Child element: div (parent: body)
  parent.content: x=0.0, y=0.0
  parent.padding: left=20.0, top=20.0
  child.margin: left=0.0, top=30.0
  y (accumulated): 6264.4
  child.content: x=20.0 (was 0.0), y=6294.4 (was 0.0)
  [UPDATE Y] child: div, content_height=182.4, margin.bottom=0.0, total_height=182.4, y after=6446.8
[LAYOUT] Child element: body (parent: html)
  parent.content: x=0.0, y=0.0
  parent.padding: left=0.0, top=0.0
  child.margin: left=0.0, top=0.0
  y (accumulated): 0.0
  child.content: x=0.0 (was 0.0), y=0.0 (was 0.0)
  [UPDATE Y] child: body, content_height=6506.8, margin.bottom=0.0, total_height=6506.8, y after=6506.8
[LAYOUT] Child element: !DOCTYPE (parent: body)
  parent.content: x=0.0, y=0.0
  parent.padding: left=20.0, top=20.0
  child.margin: left=0.0, top=0.0
  y (accumulated): 20.0
  child.content: x=20.0 (was 0.0), y=20.0 (was 0.0)
  [UPDATE Y] child: !DOCTYPE, content_height=6506.8, margin.bottom=0.0, total_height=6506.8, y after=6526.8
[LAYOUT] Child element: body (parent: html)
  parent.content: x=0.0, y=0.0
  parent.padding: left=0.0, top=0.0
  child.margin: left=0.0, top=0.0
  y (accumulated): 0.0
  child.content: x=0.0 (was 0.0), y=0.0 (was 0.0)
  [UPDATE Y] child: body, content_height=6586.8, margin.bottom=0.0, total_height=6586.8, y after=6586.8
[LAYOUT] Element: body, is_root: false
  margin: top=0.0, right=0.0, bottom=0.0, left=0.0
  padding: top=20.0, right=20.0, bottom=20.0, left=20.0
  content: x=0.0, y=0.0, width=1160.0, height=6546.8
  containing_block: width=1200.0, height=6586.8
[LAYOUT] Body element position set: x=0.0, y=0.0 (margin: left=0.0, top=0.0)
[LAYOUT] Element: html, is_root: false
  margin: top=0.0, right=0.0, bottom=0.0, left=0.0
  padding: top=0.0, right=0.0, bottom=0.0, left=0.0
  content: x=0.0, y=0.0, width=1160.0, height=6506.8
  containing_block: width=1160.0, height=6586.8
[LAYOUT] Element: body, is_root: false
  margin: top=0.0, right=0.0, bottom=0.0, left=0.0
  padding: top=20.0, right=20.0, bottom=20.0, left=20.0
  content: x=0.0, y=0.0, width=1120.0, height=6466.8
  containing_block: width=1160.0, height=6586.8
[LAYOUT] Body element position set: x=0.0, y=0.0 (margin: left=0.0, top=0.0)
[CONTAINING BLOCK] body.content.width=1120.0, child_containing_block.width=1120.0
[WIDTH DEBUG] h1: containing_block.width=1120.0, available_width=1120.0, calculated_width=1116.0
[LAYOUT] Child element: h1 (parent: body)
  parent.content: x=0.0, y=0.0
  parent.padding: left=20.0, top=20.0
  child.margin: left=0.0, top=21.4
  y (accumulated): 20.0
  child.content: x=20.0 (was 20.0), y=41.4 (was 41.4)
  [UPDATE Y] child: h1, content_height=50.0, margin.bottom=21.4, total_height=71.4, y after=91.4
[LAYOUT] Child element: text (parent: body)
  parent.content: x=0.0, y=0.0
  parent.padding: left=20.0, top=20.0
  child.margin: left=0.0, top=0.0
  y (accumulated): 91.4
  child.content: x=20.0 (was 20.0), y=91.4 (was 91.4)
  [UPDATE Y] child: text, content_height=0.0, margin.bottom=0.0, total_height=0.0, y after=91.4
[WIDTH DEBUG] h1: containing_block.width=1086.0, available_width=1086.0, calculated_width=1086.0
[LAYOUT] Child element: h1 (parent: div)
  parent.content: x=20.0, y=91.4
  parent.padding: left=15.0, top=15.0
  child.margin: left=0.0, top=16.1
  y (accumulated): 15.0
  child.content: x=15.0 (was 15.0), y=122.5 (was 31.1)
  [UPDATE Y] child: h1, content_height=62.1, margin.bottom=16.1, total_height=78.2, y after=93.2
  [UPDATE Y] child: div, content_height=96.0, margin.bottom=0.0, total_height=96.0, y after=301.2
[LAYOUT] Child element: div (parent: body)
  parent.content: x=0.0, y=0.0
  parent.padding: left=20.0, top=20.0
  child.margin: left=0.0, top=0.0
  y (accumulated): 91.4
  child.content: x=20.0 (was 20.0), y=91.4 (was 91.4)
  [UPDATE Y] child: div, content_height=350.2, margin.bottom=0.0, total_height=350.2, y after=441.6
[LAYOUT] Child element: text (parent: body)
  parent.content: x=0.0, y=0.0
  parent.padding: left=20.0, top=20.0
  child.margin: left=0.0, top=0.0
  y (accumulated): 441.6
  child.content: x=20.0 (was 20.0), y=441.6 (was 441.6)
  [UPDATE Y] child: text, content_height=0.0, margin.bottom=0.0, total_height=0.0, y after=441.6
[LAYOUT] Child element: div (parent: body)
  parent.content: x=0.0, y=0.0
  parent.padding: left=20.0, top=20.0
  child.margin: left=0.0, top=0.0
  y (accumulated): 441.6
  child.content: x=20.0 (was 20.0), y=441.6 (was 441.6)
  [UPDATE Y] child: div, content_height=329.4, margin.bottom=0.0, total_height=329.4, y after=771.0
[LAYOUT] Child element: text (parent: body)
  parent.content: x=0.0, y=0.0
  parent.padding: left=20.0, top=20.0
  child.margin: left=0.0, top=0.0
  y (accumulated): 771.0
  child.content: x=20.0 (was 20.0), y=771.0 (was 771.0)
  [UPDATE Y] child: text, content_height=0.0, margin.bottom=0.0, total_height=0.0, y after=771.0
  [UPDATE Y] child: div, content_height=59.2, margin.bottom=5.0, total_height=64.2, y after=138.2
  [UPDATE Y] child: div, content_height=59.2, margin.bottom=5.0, total_height=64.2, y after=202.4
[LAYOUT] Child element: div (parent: body)
  parent.content: x=0.0, y=0.0
  parent.padding: left=20.0, top=20.0
  child.margin: left=0.0, top=0.0
  y (accumulated): 771.0
  child.content: x=20.0 (was 20.0), y=771.0 (was 771.0)
  [UPDATE Y] child: div, content_height=334.0, margin.bottom=0.0, total_height=334.0, y after=1105.0
[LAYOUT] Child element: text (parent: body)
  parent.content: x=0.0, y=0.0
  parent.padding: left=20.0, top=20.0
  child.margin: left=0.0, top=0.0
  y (accumulated): 1105.0
  child.content: x=20.0 (was 20.0), y=1105.0 (was 1105.0)
  [UPDATE Y] child: text, content_height=0.0, margin.bottom=0.0, total_height=0.0, y after=1105.0
  [UPDATE Y] child: div, content_height=59.2, margin.bottom=0.0, total_height=59.2, y after=287.8
[LAYOUT] Child element: div (parent: body)
  parent.content: x=0.0, y=0.0
  parent.padding: left=20.0, top=20.0
  child.margin: left=0.0, top=0.0
  y (accumulated): 1105.0
  child.content: x=20.0 (was 20.0), y=1105.0 (was 1105.0)
  [UPDATE Y] child: div, content_height=336.8, margin.bottom=0.0, total_height=336.8, y after=1441.8
[LAYOUT] Child element: text (parent: body)
  parent.content: x=0.0, y=0.0
  parent.padding: left=20.0, top=20.0
  child.margin: left=0.0, top=0.0
  y (accumulated): 1441.8
  child.content: x=20.0 (was 20.0), y=1441.8 (was 1441.8)
  [UPDATE Y] child: text, content_height=0.0, margin.bottom=0.0, total_height=0.0, y after=1441.8
  [UPDATE Y] child: div, content_height=99.2, margin.bottom=5.0, total_height=104.2, y after=119.2
  [UPDATE Y] child: div, content_height=99.2, margin.bottom=5.0, total_height=104.2, y after=223.4
  [UPDATE Y] child: div, content_height=99.2, margin.bottom=5.0, total_height=104.2, y after=327.6
  [UPDATE Y] child: div, content_height=99.2, margin.bottom=5.0, total_height=104.2, y after=431.8
  [UPDATE Y] child: div, content_height=99.2, margin.bottom=5.0, total_height=104.2, y after=536.0
  [UPDATE Y] child: div, content_height=585.0, margin.bottom=0.0, total_height=585.0, y after=697.1
  [UPDATE Y] child: div, content_height=99.2, margin.bottom=5.0, total_height=104.2, y after=119.2
  [UPDATE Y] child: div, content_height=99.2, margin.bottom=5.0, total_height=104.2, y after=223.4
  [UPDATE Y] child: div, content_height=99.2, margin.bottom=5.0, total_height=104.2, y after=327.6
  [UPDATE Y] child: div, content_height=334.0, margin.bottom=0.0, total_height=334.0, y after=1031.1
[LAYOUT] Child element: div (parent: body)
  parent.content: x=0.0, y=0.0
  parent.padding: left=20.0, top=20.0
  child.margin: left=0.0, top=0.0
  y (accumulated): 1441.8
  child.content: x=20.0 (was 20.0), y=1441.8 (was 1441.8)
  [UPDATE Y] child: div, content_height=1031.1, margin.bottom=0.0, total_height=1031.1, y after=2472.8
[LAYOUT] Child element: text (parent: body)
  parent.content: x=0.0, y=0.0
  parent.padding: left=20.0, top=20.0
  child.margin: left=0.0, top=0.0
  y (accumulated): 2472.8
  child.content: x=20.0 (was 20.0), y=2472.8 (was 2472.8)
  [UPDATE Y] child: text, content_height=0.0, margin.bottom=0.0, total_height=0.0, y after=2472.8
  [UPDATE Y] child: div, content_height=79.2, margin.bottom=0.0, total_height=79.2, y after=94.2
  [UPDATE Y] child: div, content_height=79.2, margin.bottom=0.0, total_height=79.2, y after=173.4
  [UPDATE Y] child: div, content_height=79.2, margin.bottom=0.0, total_height=79.2, y after=252.6
  [UPDATE Y] child: div, content_height=79.2, margin.bottom=0.0, total_height=79.2, y after=331.8
  [UPDATE Y] child: div, content_height=79.2, margin.bottom=0.0, total_height=79.2, y after=411.0
  [UPDATE Y] child: div, content_height=79.2, margin.bottom=0.0, total_height=79.2, y after=490.2
  [UPDATE Y] child: div, content_height=79.2, margin.bottom=0.0, total_height=79.2, y after=569.4
  [UPDATE Y] child: div, content_height=79.2, margin.bottom=0.0, total_height=79.2, y after=648.6
  [UPDATE Y] child: div, content_height=697.6, margin.bottom=0.0, total_height=697.6, y after=809.7
[LAYOUT] Child element: div (parent: body)
  parent.content: x=0.0, y=0.0
  parent.padding: left=20.0, top=20.0
  child.margin: left=0.0, top=0.0
  y (accumulated): 2472.8
  child.content: x=20.0 (was 20.0), y=2472.8 (was 2472.8)
  [UPDATE Y] child: div, content_height=809.7, margin.bottom=0.0, total_height=809.7, y after=3282.5
[LAYOUT] Child element: text (parent: body)
  parent.content: x=0.0, y=0.0
  parent.padding: left=20.0, top=20.0
  child.margin: left=0.0, top=0.0
  y (accumulated): 3282.5
  child.content: x=20.0 (was 20.0), y=3282.5 (was 3282.5)
  [UPDATE Y] child: text, content_height=0.0, margin.bottom=0.0, total_height=0.0, y after=3282.5
[LAYOUT] Child element: div (parent: body)
  parent.content: x=0.0, y=0.0
  parent.padding: left=20.0, top=20.0
  child.margin: left=0.0, top=0.0
  y (accumulated): 3282.5
  child.content: x=20.0 (was 20.0), y=3282.5 (was 3282.5)
  [UPDATE Y] child: div, content_height=405.5, margin.bottom=0.0, total_height=405.5, y after=3688.0
[LAYOUT] Child element: text (parent: body)
  parent.content: x=0.0, y=0.0
  parent.padding: left=20.0, top=20.0
  child.margin: left=0.0, top=0.0
  y (accumulated): 3688.0
  child.content: x=20.0 (was 20.0), y=3688.0 (was 3688.0)
  [UPDATE Y] child: text, content_height=0.0, margin.bottom=0.0, total_height=0.0, y after=3688.0
[LAYOUT] Child element: div (parent: body)
  parent.content: x=0.0, y=0.0
  parent.padding: left=20.0, top=20.0
  child.margin: left=0.0, top=0.0
  y (accumulated): 3688.0
  child.content: x=20.0 (was 20.0), y=3688.0 (was 3688.0)
  [UPDATE Y] child: div, content_height=610.3, margin.bottom=0.0, total_height=610.3, y after=4298.4
[LAYOUT] Child element: text (parent: body)
  parent.content: x=0.0, y=0.0
  parent.padding: left=20.0, top=20.0
  child.margin: left=0.0, top=0.0
  y (accumulated): 4298.4
  child.content: x=20.0 (was 20.0), y=4298.4 (was 4298.4)
  [UPDATE Y] child: text, content_height=0.0, margin.bottom=0.0, total_height=0.0, y after=4298.4
  [UPDATE Y] child: div, content_height=117.2, margin.bottom=0.0, total_height=117.2, y after=273.9
[LAYOUT] Child element: div (parent: body)
  parent.content: x=0.0, y=0.0
  parent.padding: left=20.0, top=20.0
  child.margin: left=0.0, top=0.0
  y (accumulated): 4298.4
  child.content: x=20.0 (was 20.0), y=4298.4 (was 4298.4)
  [UPDATE Y] child: div, content_height=343.9, margin.bottom=0.0, total_height=343.9, y after=4642.3
[LAYOUT] Child element: text (parent: body)
  parent.content: x=0.0, y=0.0
  parent.padding: left=20.0, top=20.0
  child.margin: left=0.0, top=0.0
  y (accumulated): 4642.3
  child.content: x=20.0 (was 20.0), y=4642.3 (was 4642.3)
  [UPDATE Y] child: text, content_height=0.0, margin.bottom=0.0, total_height=0.0, y after=4642.3
  [UPDATE Y] child: div, content_height=71.2, margin.bottom=2.0, total_height=73.2, y after=132.4
  [UPDATE Y] child: div, content_height=160.4, margin.bottom=3.0, total_height=163.4, y after=224.6
  [UPDATE Y] child: div, content_height=258.6, margin.bottom=5.0, total_height=263.6, y after=364.1
[LAYOUT] Child element: div (parent: body)
  parent.content: x=0.0, y=0.0
  parent.padding: left=20.0, top=20.0
  child.margin: left=0.0, top=0.0
  y (accumulated): 4642.3
  child.content: x=20.0 (was 20.0), y=4642.3 (was 4642.3)
  [UPDATE Y] child: div, content_height=413.1, margin.bottom=0.0, total_height=413.1, y after=5055.4
[LAYOUT] Child element: text (parent: body)
  parent.content: x=0.0, y=0.0
  parent.padding: left=20.0, top=20.0
  child.margin: left=0.0, top=0.0
  y (accumulated): 5055.4
  child.content: x=20.0 (was 20.0), y=5055.4 (was 5055.4)
  [UPDATE Y] child: text, content_height=0.0, margin.bottom=0.0, total_height=0.0, y after=5055.4
[LAYOUT] Child element: div (parent: body)
  parent.content: x=0.0, y=0.0
  parent.padding: left=20.0, top=20.0
  child.margin: left=0.0, top=0.0
  y (accumulated): 5055.4
  child.content: x=20.0 (was 20.0), y=5055.4 (was 5055.4)
  [UPDATE Y] child: div, content_height=405.5, margin.bottom=0.0, total_height=405.5, y after=5460.9
[LAYOUT] Child element: text (parent: body)
  parent.content: x=0.0, y=0.0
  parent.padding: left=20.0, top=20.0
  child.margin: left=0.0, top=0.0
  y (accumulated): 5460.9
  child.content: x=20.0 (was 20.0), y=5460.9 (was 5460.9)
  [UPDATE Y] child: text, content_height=0.0, margin.bottom=0.0, total_height=0.0, y after=5460.9
  [UPDATE Y] child: div, content_height=222.4, margin.bottom=0.0, total_height=222.4, y after=222.4
  [UPDATE Y] child: div, content_height=91.2, margin.bottom=0.0, total_height=91.2, y after=245.4
  [UPDATE Y] child: div, content_height=294.4, margin.bottom=0.0, total_height=294.4, y after=516.8
  [UPDATE Y] child: div, content_height=516.8, margin.bottom=0.0, total_height=516.8, y after=622.3
  [UPDATE Y] child: div, content_height=115.2, margin.bottom=0.0, total_height=115.2, y after=737.5
[LAYOUT] Child element: div (parent: body)
  parent.content: x=0.0, y=0.0
  parent.padding: left=20.0, top=20.0
  child.margin: left=0.0, top=0.0
  y (accumulated): 5460.9
  child.content: x=20.0 (was 20.0), y=5460.9 (was 5460.9)
  [UPDATE Y] child: div, content_height=803.5, margin.bottom=0.0, total_height=803.5, y after=6264.4
[LAYOUT] Child element: text (parent: body)
  parent.content: x=0.0, y=0.0
  parent.padding: left=20.0, top=20.0
  child.margin: left=0.0, top=0.0
  y (accumulated): 6264.4
  child.content: x=20.0 (was 20.0), y=6264.4 (was 6264.4)
  [UPDATE Y] child: text, content_height=0.0, margin.bottom=0.0, total_height=0.0, y after=6264.4
[LAYOUT] Child element: div (parent: body)
  parent.content: x=0.0, y=0.0
  parent.padding: left=20.0, top=20.0
  child.margin: left=0.0, top=30.0
  y (accumulated): 6264.4
  child.content: x=20.0 (was 20.0), y=6294.4 (was 6294.4)
  [UPDATE Y] child: div, content_height=182.4, margin.bottom=0.0, total_height=182.4, y after=6446.8
[LAYOUT] Child element: body (parent: html)
  parent.content: x=0.0, y=0.0
  parent.padding: left=0.0, top=0.0
  child.margin: left=0.0, top=0.0
  y (accumulated): 0.0
  child.content: x=0.0 (was 0.0), y=0.0 (was 0.0)
  [UPDATE Y] child: body, content_height=6506.8, margin.bottom=0.0, total_height=6506.8, y after=6506.8
[LAYOUT] Child element: !DOCTYPE (parent: body)
  parent.content: x=0.0, y=0.0
  parent.padding: left=20.0, top=20.0
  child.margin: left=0.0, top=0.0
  y (accumulated): 20.0
  child.content: x=20.0 (was 20.0), y=20.0 (was 20.0)
  [UPDATE Y] child: !DOCTYPE, content_height=6506.8, margin.bottom=0.0, total_height=6506.8, y after=6526.8
[LAYOUT] Element: html, is_root: false
  margin: top=0.0, right=0.0, bottom=0.0, left=0.0
  padding: top=0.0, right=0.0, bottom=0.0, left=0.0
  content: x=20.0, y=20.0, width=1160.0, height=6506.8
  containing_block: width=1160.0, height=6546.8
[LAYOUT] Element: body, is_root: false
  margin: top=0.0, right=0.0, bottom=0.0, left=0.0
  padding: top=20.0, right=20.0, bottom=20.0, left=20.0
  content: x=0.0, y=0.0, width=1120.0, height=6466.8
  containing_block: width=1160.0, height=6546.8
[LAYOUT WARNING] html.content is not (0, 0): x=20.0, y=20.0
[LAYOUT] Body element position set: x=0.0, y=0.0 (margin: left=0.0, top=0.0)
[CONTAINING BLOCK] body.content.width=1120.0, child_containing_block.width=1120.0
[WIDTH DEBUG] h1: containing_block.width=1120.0, available_width=1120.0, calculated_width=1116.0
[LAYOUT] Child element: h1 (parent: body)
  parent.content: x=0.0, y=0.0
  parent.padding: left=20.0, top=20.0
  child.margin: left=0.0, top=21.4
  y (accumulated): 20.0
  child.content: x=20.0 (was 20.0), y=41.4 (was 41.4)
  [UPDATE Y] child: h1, content_height=50.0, margin.bottom=21.4, total_height=71.4, y after=91.4
[LAYOUT] Child element: text (parent: body)
  parent.content: x=0.0, y=0.0
  parent.padding: left=20.0, top=20.0
  child.margin: left=0.0, top=0.0
  y (accumulated): 91.4
  child.content: x=20.0 (was 20.0), y=91.4 (was 91.4)
  [UPDATE Y] child: text, content_height=0.0, margin.bottom=0.0, total_height=0.0, y after=91.4
[WIDTH DEBUG] h1: containing_block.width=1086.0, available_width=1086.0, calculated_width=1086.0
[LAYOUT] Child element: h1 (parent: div)
  parent.content: x=20.0, y=91.4
  parent.padding: left=15.0, top=15.0
  child.margin: left=0.0, top=16.1
  y (accumulated): 15.0
  child.content: x=15.0 (was 15.0), y=122.5 (was 122.5)
  [UPDATE Y] child: h1, content_height=62.1, margin.bottom=16.1, total_height=78.2, y after=93.2
  [UPDATE Y] child: div, content_height=96.0, margin.bottom=0.0, total_height=96.0, y after=301.2
[LAYOUT] Child element: div (parent: body)
  parent.content: x=0.0, y=0.0
  parent.padding: left=20.0, top=20.0
  child.margin: left=0.0, top=0.0
  y (accumulated): 91.4
  child.content: x=20.0 (was 20.0), y=91.4 (was 91.4)
  [UPDATE Y] child: div, content_height=350.2, margin.bottom=0.0, total_height=350.2, y after=441.6
[LAYOUT] Child element: text (parent: body)
  parent.content: x=0.0, y=0.0
  parent.padding: left=20.0, top=20.0
  child.margin: left=0.0, top=0.0
  y (accumulated): 441.6
  child.content: x=20.0 (was 20.0), y=441.6 (was 441.6)
  [UPDATE Y] child: text, content_height=0.0, margin.bottom=0.0, total_height=0.0, y after=441.6
[LAYOUT] Child element: div (parent: body)
  parent.content: x=0.0, y=0.0
  parent.padding: left=20.0, top=20.0
  child.margin: left=0.0, top=0.0
  y (accumulated): 441.6
  child.content: x=20.0 (was 20.0), y=441.6 (was 441.6)
  [UPDATE Y] child: div, content_height=329.4, margin.bottom=0.0, total_height=329.4, y after=771.0
[LAYOUT] Child element: text (parent: body)
  parent.content: x=0.0, y=0.0
  parent.padding: left=20.0, top=20.0
  child.margin: left=0.0, top=0.0
  y (accumulated): 771.0
  child.content: x=20.0 (was 20.0), y=771.0 (was 771.0)
  [UPDATE Y] child: text, content_height=0.0, margin.bottom=0.0, total_height=0.0, y after=771.0
  [UPDATE Y] child: div, content_height=59.2, margin.bottom=5.0, total_height=64.2, y after=138.2
  [UPDATE Y] child: div, content_height=59.2, margin.bottom=5.0, total_height=64.2, y after=202.4
[LAYOUT] Child element: div (parent: body)
  parent.content: x=0.0, y=0.0
  parent.padding: left=20.0, top=20.0
  child.margin: left=0.0, top=0.0
  y (accumulated): 771.0
  child.content: x=20.0 (was 20.0), y=771.0 (was 771.0)
  [UPDATE Y] child: div, content_height=334.0, margin.bottom=0.0, total_height=334.0, y after=1105.0
[LAYOUT] Child element: text (parent: body)
  parent.content: x=0.0, y=0.0
  parent.padding: left=20.0, top=20.0
  child.margin: left=0.0, top=0.0
  y (accumulated): 1105.0
  child.content: x=20.0 (was 20.0), y=1105.0 (was 1105.0)
  [UPDATE Y] child: text, content_height=0.0, margin.bottom=0.0, total_height=0.0, y after=1105.0
  [UPDATE Y] child: div, content_height=59.2, margin.bottom=0.0, total_height=59.2, y after=287.8
[LAYOUT] Child element: div (parent: body)
  parent.content: x=0.0, y=0.0
  parent.padding: left=20.0, top=20.0
  child.margin: left=0.0, top=0.0
  y (accumulated): 1105.0
  child.content: x=20.0 (was 20.0), y=1105.0 (was 1105.0)
  [UPDATE Y] child: div, content_height=336.8, margin.bottom=0.0, total_height=336.8, y after=1441.8
[LAYOUT] Child element: text (parent: body)
  parent.content: x=0.0, y=0.0
  parent.padding: left=20.0, top=20.0
  child.margin: left=0.0, top=0.0
  y (accumulated): 1441.8
  child.content: x=20.0 (was 20.0), y=1441.8 (was 1441.8)
  [UPDATE Y] child: text, content_height=0.0, margin.bottom=0.0, total_height=0.0, y after=1441.8
  [UPDATE Y] child: div, content_height=99.2, margin.bottom=5.0, total_height=104.2, y after=119.2
  [UPDATE Y] child: div, content_height=99.2, margin.bottom=5.0, total_height=104.2, y after=223.4
  [UPDATE Y] child: div, content_height=99.2, margin.bottom=5.0, total_height=104.2, y after=327.6
  [UPDATE Y] child: div, content_height=99.2, margin.bottom=5.0, total_height=104.2, y after=431.8
  [UPDATE Y] child: div, content_height=99.2, margin.bottom=5.0, total_height=104.2, y after=536.0
  [UPDATE Y] child: div, content_height=585.0, margin.bottom=0.0, total_height=585.0, y after=697.1
  [UPDATE Y] child: div, content_height=99.2, margin.bottom=5.0, total_height=104.2, y after=119.2
  [UPDATE Y] child: div, content_height=99.2, margin.bottom=5.0, total_height=104.2, y after=223.4
  [UPDATE Y] child: div, content_height=99.2, margin.bottom=5.0, total_height=104.2, y after=327.6
  [UPDATE Y] child: div, content_height=334.0, margin.bottom=0.0, total_height=334.0, y after=1031.1
[LAYOUT] Child element: div (parent: body)
  parent.content: x=0.0, y=0.0
  parent.padding: left=20.0, top=20.0
  child.margin: left=0.0, top=0.0
  y (accumulated): 1441.8
  child.content: x=20.0 (was 20.0), y=1441.8 (was 1441.8)
  [UPDATE Y] child: div, content_height=1031.1, margin.bottom=0.0, total_height=1031.1, y after=2472.8
[LAYOUT] Child element: text (parent: body)
  parent.content: x=0.0, y=0.0
  parent.padding: left=20.0, top=20.0
  child.margin: left=0.0, top=0.0
  y (accumulated): 2472.8
  child.content: x=20.0 (was 20.0), y=2472.8 (was 2472.8)
  [UPDATE Y] child: text, content_height=0.0, margin.bottom=0.0, total_height=0.0, y after=2472.8
  [UPDATE Y] child: div, content_height=79.2, margin.bottom=0.0, total_height=79.2, y after=94.2
  [UPDATE Y] child: div, content_height=79.2, margin.bottom=0.0, total_height=79.2, y after=173.4
  [UPDATE Y] child: div, content_height=79.2, margin.bottom=0.0, total_height=79.2, y after=252.6
  [UPDATE Y] child: div, content_height=79.2, margin.bottom=0.0, total_height=79.2, y after=331.8
  [UPDATE Y] child: div, content_height=79.2, margin.bottom=0.0, total_height=79.2, y after=411.0
  [UPDATE Y] child: div, content_height=79.2, margin.bottom=0.0, total_height=79.2, y after=490.2
  [UPDATE Y] child: div, content_height=79.2, margin.bottom=0.0, total_height=79.2, y after=569.4
  [UPDATE Y] child: div, content_height=79.2, margin.bottom=0.0, total_height=79.2, y after=648.6
  [UPDATE Y] child: div, content_height=697.6, margin.bottom=0.0, total_height=697.6, y after=809.7
[LAYOUT] Child element: div (parent: body)
  parent.content: x=0.0, y=0.0
  parent.padding: left=20.0, top=20.0
  child.margin: left=0.0, top=0.0
  y (accumulated): 2472.8
  child.content: x=20.0 (was 20.0), y=2472.8 (was 2472.8)
  [UPDATE Y] child: div, content_height=809.7, margin.bottom=0.0, total_height=809.7, y after=3282.5
[LAYOUT] Child element: text (parent: body)
  parent.content: x=0.0, y=0.0
  parent.padding: left=20.0, top=20.0
  child.margin: left=0.0, top=0.0
  y (accumulated): 3282.5
  child.content: x=20.0 (was 20.0), y=3282.5 (was 3282.5)
  [UPDATE Y] child: text, content_height=0.0, margin.bottom=0.0, total_height=0.0, y after=3282.5
[LAYOUT] Child element: div (parent: body)
  parent.content: x=0.0, y=0.0
  parent.padding: left=20.0, top=20.0
  child.margin: left=0.0, top=0.0
  y (accumulated): 3282.5
  child.content: x=20.0 (was 20.0), y=3282.5 (was 3282.5)
  [UPDATE Y] child: div, content_height=405.5, margin.bottom=0.0, total_height=405.5, y after=3688.0
[LAYOUT] Child element: text (parent: body)
  parent.content: x=0.0, y=0.0
  parent.padding: left=20.0, top=20.0
  child.margin: left=0.0, top=0.0
  y (accumulated): 3688.0
  child.content: x=20.0 (was 20.0), y=3688.0 (was 3688.0)
  [UPDATE Y] child: text, content_height=0.0, margin.bottom=0.0, total_height=0.0, y after=3688.0
[LAYOUT] Child element: div (parent: body)
  parent.content: x=0.0, y=0.0
  parent.padding: left=20.0, top=20.0
  child.margin: left=0.0, top=0.0
  y (accumulated): 3688.0
  child.content: x=20.0 (was 20.0), y=3688.0 (was 3688.0)
  [UPDATE Y] child: div, content_height=610.3, margin.bottom=0.0, total_height=610.3, y after=4298.4
[LAYOUT] Child element: text (parent: body)
  parent.content: x=0.0, y=0.0
  parent.padding: left=20.0, top=20.0
  child.margin: left=0.0, top=0.0
  y (accumulated): 4298.4
  child.content: x=20.0 (was 20.0), y=4298.4 (was 4298.4)
  [UPDATE Y] child: text, content_height=0.0, margin.bottom=0.0, total_height=0.0, y after=4298.4
  [UPDATE Y] child: div, content_height=117.2, margin.bottom=0.0, total_height=117.2, y after=273.9
[LAYOUT] Child element: div (parent: body)
  parent.content: x=0.0, y=0.0
  parent.padding: left=20.0, top=20.0
  child.margin: left=0.0, top=0.0
  y (accumulated): 4298.4
  child.content: x=20.0 (was 20.0), y=4298.4 (was 4298.4)
  [UPDATE Y] child: div, content_height=343.9, margin.bottom=0.0, total_height=343.9, y after=4642.3
[LAYOUT] Child element: text (parent: body)
  parent.content: x=0.0, y=0.0
  parent.padding: left=20.0, top=20.0
  child.margin: left=0.0, top=0.0
  y (accumulated): 4642.3
  child.content: x=20.0 (was 20.0), y=4642.3 (was 4642.3)
  [UPDATE Y] child: text, content_height=0.0, margin.bottom=0.0, total_height=0.0, y after=4642.3
  [UPDATE Y] child: div, content_height=71.2, margin.bottom=2.0, total_height=73.2, y after=132.4
  [UPDATE Y] child: div, content_height=160.4, margin.bottom=3.0, total_height=163.4, y after=224.6
  [UPDATE Y] child: div, content_height=258.6, margin.bottom=5.0, total_height=263.6, y after=364.1
[LAYOUT] Child element: div (parent: body)
  parent.content: x=0.0, y=0.0
  parent.padding: left=20.0, top=20.0
  child.margin: left=0.0, top=0.0
  y (accumulated): 4642.3
  child.content: x=20.0 (was 20.0), y=4642.3 (was 4642.3)
  [UPDATE Y] child: div, content_height=413.1, margin.bottom=0.0, total_height=413.1, y after=5055.4
[LAYOUT] Child element: text (parent: body)
  parent.content: x=0.0, y=0.0
  parent.padding: left=20.0, top=20.0
  child.margin: left=0.0, top=0.0
  y (accumulated): 5055.4
  child.content: x=20.0 (was 20.0), y=5055.4 (was 5055.4)
  [UPDATE Y] child: text, content_height=0.0, margin.bottom=0.0, total_height=0.0, y after=5055.4
[LAYOUT] Child element: div (parent: body)
  parent.content: x=0.0, y=0.0
  parent.padding: left=20.0, top=20.0
  child.margin: left=0.0, top=0.0
  y (accumulated): 5055.4
  child.content: x=20.0 (was 20.0), y=5055.4 (was 5055.4)
  [UPDATE Y] child: div, content_height=405.5, margin.bottom=0.0, total_height=405.5, y after=5460.9
[LAYOUT] Child element: text (parent: body)
  parent.content: x=0.0, y=0.0
  parent.padding: left=20.0, top=20.0
  child.margin: left=0.0, top=0.0
  y (accumulated): 5460.9
  child.content: x=20.0 (was 20.0), y=5460.9 (was 5460.9)
  [UPDATE Y] child: text, content_height=0.0, margin.bottom=0.0, total_height=0.0, y after=5460.9
  [UPDATE Y] child: div, content_height=222.4, margin.bottom=0.0, total_height=222.4, y after=222.4
  [UPDATE Y] child: div, content_height=91.2, margin.bottom=0.0, total_height=91.2, y after=245.4
  [UPDATE Y] child: div, content_height=294.4, margin.bottom=0.0, total_height=294.4, y after=516.8
  [UPDATE Y] child: div, content_height=516.8, margin.bottom=0.0, total_height=516.8, y after=622.3
  [UPDATE Y] child: div, content_height=115.2, margin.bottom=0.0, total_height=115.2, y after=737.5
[LAYOUT] Child element: div (parent: body)
  parent.content: x=0.0, y=0.0
  parent.padding: left=20.0, top=20.0
  child.margin: left=0.0, top=0.0
  y (accumulated): 5460.9
  child.content: x=20.0 (was 20.0), y=5460.9 (was 5460.9)
  [UPDATE Y] child: div, content_height=803.5, margin.bottom=0.0, total_height=803.5, y after=6264.4
[LAYOUT] Child element: text (parent: body)
  parent.content: x=0.0, y=0.0
  parent.padding: left=20.0, top=20.0
  child.margin: left=0.0, top=0.0
  y (accumulated): 6264.4
  child.content: x=20.0 (was 20.0), y=6264.4 (was 6264.4)
  [UPDATE Y] child: text, content_height=0.0, margin.bottom=0.0, total_height=0.0, y after=6264.4
[LAYOUT] Child element: div (parent: body)
  parent.content: x=0.0, y=0.0
  parent.padding: left=20.0, top=20.0
  child.margin: left=0.0, top=30.0
  y (accumulated): 6264.4
  child.content: x=20.0 (was 20.0), y=6294.4 (was 6294.4)
  [UPDATE Y] child: div, content_height=182.4, margin.bottom=0.0, total_height=182.4, y after=6446.8
[LAYOUT] Child element: body (parent: html)
  parent.content: x=20.0, y=20.0
  parent.padding: left=0.0, top=0.0
  child.margin: left=0.0, top=0.0
  y (accumulated): 0.0
  child.content: x=20.0 (was 0.0), y=20.0 (was 0.0)
  [UPDATE Y] child: body, content_height=6506.8, margin.bottom=0.0, total_height=6506.8, y after=6506.8
[LAYOUT] Element: html, is_root: false
  margin: top=0.0, right=0.0, bottom=0.0, left=0.0
  padding: top=0.0, right=0.0, bottom=0.0, left=0.0
  content: x=20.0, y=20.0, width=1160.0, height=6506.8
  containing_block: width=1160.0, height=6506.8
[LAYOUT] Element: body, is_root: false
  margin: top=0.0, right=0.0, bottom=0.0, left=0.0
  padding: top=20.0, right=20.0, bottom=20.0, left=20.0
  content: x=20.0, y=20.0, width=1120.0, height=6466.8
  containing_block: width=1160.0, height=6506.8
[LAYOUT WARNING] html.content is not (0, 0): x=20.0, y=20.0
[CONTAINING BLOCK] body.content.width=1120.0, child_containing_block.width=1120.0
[WIDTH DEBUG] h1: containing_block.width=1120.0, available_width=1120.0, calculated_width=1116.0
[LAYOUT] Child element: h1 (parent: body)
  parent.content: x=20.0, y=20.0
  parent.padding: left=20.0, top=20.0
  child.margin: left=0.0, top=21.4
  y (accumulated): 20.0
  child.content: x=20.0 (was 20.0), y=61.4 (was 41.4)
  [UPDATE Y] child: h1, content_height=50.0, margin.bottom=21.4, total_height=71.4, y after=91.4
[LAYOUT] Child element: text (parent: body)
  parent.content: x=20.0, y=20.0
  parent.padding: left=20.0, top=20.0
  child.margin: left=0.0, top=0.0
  y (accumulated): 91.4
  child.content: x=20.0 (was 20.0), y=111.4 (was 91.4)
  [UPDATE Y] child: text, content_height=0.0, margin.bottom=0.0, total_height=0.0, y after=91.4
[WIDTH DEBUG] h1: containing_block.width=1086.0, available_width=1086.0, calculated_width=1086.0
[LAYOUT] Child element: h1 (parent: div)
  parent.content: x=20.0, y=91.4
  parent.padding: left=15.0, top=15.0
  child.margin: left=0.0, top=16.1
  y (accumulated): 15.0
  child.content: x=15.0 (was 15.0), y=122.5 (was 122.5)
  [UPDATE Y] child: h1, content_height=62.1, margin.bottom=16.1, total_height=78.2, y after=93.2
  [UPDATE Y] child: div, content_height=96.0, margin.bottom=0.0, total_height=96.0, y after=301.2
[LAYOUT] Child element: div (parent: body)
  parent.content: x=20.0, y=20.0
  parent.padding: left=20.0, top=20.0
  child.margin: left=0.0, top=0.0
  y (accumulated): 91.4
  child.content: x=20.0 (was 20.0), y=111.4 (was 91.4)
  [UPDATE Y] child: div, content_height=350.2, margin.bottom=0.0, total_height=350.2, y after=441.6
[LAYOUT] Child element: text (parent: body)
  parent.content: x=20.0, y=20.0
  parent.padding: left=20.0, top=20.0
  child.margin: left=0.0, top=0.0
  y (accumulated): 441.6
  child.content: x=20.0 (was 20.0), y=461.6 (was 441.6)
  [UPDATE Y] child: text, content_height=0.0, margin.bottom=0.0, total_height=0.0, y after=441.6
[LAYOUT] Child element: div (parent: body)
  parent.content: x=20.0, y=20.0
  parent.padding: left=20.0, top=20.0
  child.margin: left=0.0, top=0.0
  y (accumulated): 441.6
  child.content: x=20.0 (was 20.0), y=461.6 (was 441.6)
  [UPDATE Y] child: div, content_height=329.4, margin.bottom=0.0, total_height=329.4, y after=771.0
[LAYOUT] Child element: text (parent: body)
  parent.content: x=20.0, y=20.0
  parent.padding: left=20.0, top=20.0
  child.margin: left=0.0, top=0.0
  y (accumulated): 771.0
  child.content: x=20.0 (was 20.0), y=791.0 (was 771.0)
  [UPDATE Y] child: text, content_height=0.0, margin.bottom=0.0, total_height=0.0, y after=771.0
  [UPDATE Y] child: div, content_height=59.2, margin.bottom=5.0, total_height=64.2, y after=138.2
  [UPDATE Y] child: div, content_height=59.2, margin.bottom=5.0, total_height=64.2, y after=202.4
[LAYOUT] Child element: div (parent: body)
  parent.content: x=20.0, y=20.0
  parent.padding: left=20.0, top=20.0
  child.margin: left=0.0, top=0.0
  y (accumulated): 771.0
  child.content: x=20.0 (was 20.0), y=791.0 (was 771.0)
  [UPDATE Y] child: div, content_height=334.0, margin.bottom=0.0, total_height=334.0, y after=1105.0
[LAYOUT] Child element: text (parent: body)
  parent.content: x=20.0, y=20.0
  parent.padding: left=20.0, top=20.0
  child.margin: left=0.0, top=0.0
  y (accumulated): 1105.0
  child.content: x=20.0 (was 20.0), y=1125.0 (was 1105.0)
  [UPDATE Y] child: text, content_height=0.0, margin.bottom=0.0, total_height=0.0, y after=1105.0
  [UPDATE Y] child: div, content_height=59.2, margin.bottom=0.0, total_height=59.2, y after=287.8
[LAYOUT] Child element: div (parent: body)
  parent.content: x=20.0, y=20.0
  parent.padding: left=20.0, top=20.0
  child.margin: left=0.0, top=0.0
  y (accumulated): 1105.0
  child.content: x=20.0 (was 20.0), y=1125.0 (was 1105.0)
  [UPDATE Y] child: div, content_height=336.8, margin.bottom=0.0, total_height=336.8, y after=1441.8
[LAYOUT] Child element: text (parent: body)
  parent.content: x=20.0, y=20.0
  parent.padding: left=20.0, top=20.0
  child.margin: left=0.0, top=0.0
  y (accumulated): 1441.8
  child.content: x=20.0 (was 20.0), y=1461.8 (was 1441.8)
  [UPDATE Y] child: text, content_height=0.0, margin.bottom=0.0, total_height=0.0, y after=1441.8
  [UPDATE Y] child: div, content_height=99.2, margin.bottom=5.0, total_height=104.2, y after=119.2
  [UPDATE Y] child: div, content_height=99.2, margin.bottom=5.0, total_height=104.2, y after=223.4
  [UPDATE Y] child: div, content_height=99.2, margin.bottom=5.0, total_height=104.2, y after=327.6
  [UPDATE Y] child: div, content_height=99.2, margin.bottom=5.0, total_height=104.2, y after=431.8
  [UPDATE Y] child: div, content_height=99.2, margin.bottom=5.0, total_height=104.2, y after=536.0
  [UPDATE Y] child: div, content_height=585.0, margin.bottom=0.0, total_height=585.0, y after=697.1
  [UPDATE Y] child: div, content_height=99.2, margin.bottom=5.0, total_height=104.2, y after=119.2
  [UPDATE Y] child: div, content_height=99.2, margin.bottom=5.0, total_height=104.2, y after=223.4
  [UPDATE Y] child: div, content_height=99.2, margin.bottom=5.0, total_height=104.2, y after=327.6
  [UPDATE Y] child: div, content_height=334.0, margin.bottom=0.0, total_height=334.0, y after=1031.1
[LAYOUT] Child element: div (parent: body)
  parent.content: x=20.0, y=20.0
  parent.padding: left=20.0, top=20.0
  child.margin: left=0.0, top=0.0
  y (accumulated): 1441.8
  child.content: x=20.0 (was 20.0), y=1461.8 (was 1441.8)
  [UPDATE Y] child: div, content_height=1031.1, margin.bottom=0.0, total_height=1031.1, y after=2472.8
[LAYOUT] Child element: text (parent: body)
  parent.content: x=20.0, y=20.0
  parent.padding: left=20.0, top=20.0
  child.margin: left=0.0, top=0.0
  y (accumulated): 2472.8
  child.content: x=20.0 (was 20.0), y=2492.8 (was 2472.8)
  [UPDATE Y] child: text, content_height=0.0, margin.bottom=0.0, total_height=0.0, y after=2472.8
  [UPDATE Y] child: div, content_height=79.2, margin.bottom=0.0, total_height=79.2, y after=94.2
  [UPDATE Y] child: div, content_height=79.2, margin.bottom=0.0, total_height=79.2, y after=173.4
  [UPDATE Y] child: div, content_height=79.2, margin.bottom=0.0, total_height=79.2, y after=252.6
  [UPDATE Y] child: div, content_height=79.2, margin.bottom=0.0, total_height=79.2, y after=331.8
  [UPDATE Y] child: div, content_height=79.2, margin.bottom=0.0, total_height=79.2, y after=411.0
  [UPDATE Y] child: div, content_height=79.2, margin.bottom=0.0, total_height=79.2, y after=490.2
  [UPDATE Y] child: div, content_height=79.2, margin.bottom=0.0, total_height=79.2, y after=569.4
  [UPDATE Y] child: div, content_height=79.2, margin.bottom=0.0, total_height=79.2, y after=648.6
  [UPDATE Y] child: div, content_height=697.6, margin.bottom=0.0, total_height=697.6, y after=809.7
[LAYOUT] Child element: div (parent: body)
  parent.content: x=20.0, y=20.0
  parent.padding: left=20.0, top=20.0
  child.margin: left=0.0, top=0.0
  y (accumulated): 2472.8
  child.content: x=20.0 (was 20.0), y=2492.8 (was 2472.8)
  [UPDATE Y] child: div, content_height=809.7, margin.bottom=0.0, total_height=809.7, y after=3282.5
[LAYOUT] Child element: text (parent: body)
  parent.content: x=20.0, y=20.0
  parent.padding: left=20.0, top=20.0
  child.margin: left=0.0, top=0.0
  y (accumulated): 3282.5
  child.content: x=20.0 (was 20.0), y=3302.5 (was 3282.5)
  [UPDATE Y] child: text, content_height=0.0, margin.bottom=0.0, total_height=0.0, y after=3282.5
[LAYOUT] Child element: div (parent: body)
  parent.content: x=20.0, y=20.0
  parent.padding: left=20.0, top=20.0
  child.margin: left=0.0, top=0.0
  y (accumulated): 3282.5
  child.content: x=20.0 (was 20.0), y=3302.5 (was 3282.5)
  [UPDATE Y] child: div, content_height=405.5, margin.bottom=0.0, total_height=405.5, y after=3688.0
[LAYOUT] Child element: text (parent: body)
  parent.content: x=20.0, y=20.0
  parent.padding: left=20.0, top=20.0
  child.margin: left=0.0, top=0.0
  y (accumulated): 3688.0
  child.content: x=20.0 (was 20.0), y=3708.0 (was 3688.0)
  [UPDATE Y] child: text, content_height=0.0, margin.bottom=0.0, total_height=0.0, y after=3688.0
[LAYOUT] Child element: div (parent: body)
  parent.content: x=20.0, y=20.0
  parent.padding: left=20.0, top=20.0
  child.margin: left=0.0, top=0.0
  y (accumulated): 3688.0
  child.content: x=20.0 (was 20.0), y=3708.0 (was 3688.0)
  [UPDATE Y] child: div, content_height=610.3, margin.bottom=0.0, total_height=610.3, y after=4298.4
[LAYOUT] Child element: text (parent: body)
  parent.content: x=20.0, y=20.0
  parent.padding: left=20.0, top=20.0
  child.margin: left=0.0, top=0.0
  y (accumulated): 4298.4
  child.content: x=20.0 (was 20.0), y=4318.4 (was 4298.4)
  [UPDATE Y] child: text, content_height=0.0, margin.bottom=0.0, total_height=0.0, y after=4298.4
  [UPDATE Y] child: div, content_height=117.2, margin.bottom=0.0, total_height=117.2, y after=273.9
[LAYOUT] Child element: div (parent: body)
  parent.content: x=20.0, y=20.0
  parent.padding: left=20.0, top=20.0
  child.margin: left=0.0, top=0.0
  y (accumulated): 4298.4
  child.content: x=20.0 (was 20.0), y=4318.4 (was 4298.4)
  [UPDATE Y] child: div, content_height=343.9, margin.bottom=0.0, total_height=343.9, y after=4642.3
[LAYOUT] Child element: text (parent: body)
  parent.content: x=20.0, y=20.0
  parent.padding: left=20.0, top=20.0
  child.margin: left=0.0, top=0.0
  y (accumulated): 4642.3
  child.content: x=20.0 (was 20.0), y=4662.3 (was 4642.3)
  [UPDATE Y] child: text, content_height=0.0, margin.bottom=0.0, total_height=0.0, y after=4642.3
  [UPDATE Y] child: div, content_height=71.2, margin.bottom=2.0, total_height=73.2, y after=132.4
  [UPDATE Y] child: div, content_height=160.4, margin.bottom=3.0, total_height=163.4, y after=224.6
  [UPDATE Y] child: div, content_height=258.6, margin.bottom=5.0, total_height=263.6, y after=364.1
[LAYOUT] Child element: div (parent: body)
  parent.content: x=20.0, y=20.0
  parent.padding: left=20.0, top=20.0
  child.margin: left=0.0, top=0.0
  y (accumulated): 4642.3
  child.content: x=20.0 (was 20.0), y=4662.3 (was 4642.3)
  [UPDATE Y] child: div, content_height=413.1, margin.bottom=0.0, total_height=413.1, y after=5055.4
[LAYOUT] Child element: text (parent: body)
  parent.content: x=20.0, y=20.0
  parent.padding: left=20.0, top=20.0
  child.margin: left=0.0, top=0.0
  y (accumulated): 5055.4
  child.content: x=20.0 (was 20.0), y=5075.4 (was 5055.4)
  [UPDATE Y] child: text, content_height=0.0, margin.bottom=0.0, total_height=0.0, y after=5055.4
[LAYOUT] Child element: div (parent: body)
  parent.content: x=20.0, y=20.0
  parent.padding: left=20.0, top=20.0
  child.margin: left=0.0, top=0.0
  y (accumulated): 5055.4
  child.content: x=20.0 (was 20.0), y=5075.4 (was 5055.4)
  [UPDATE Y] child: div, content_height=405.5, margin.bottom=0.0, total_height=405.5, y after=5460.9
[LAYOUT] Child element: text (parent: body)
  parent.content: x=20.0, y=20.0
  parent.padding: left=20.0, top=20.0
  child.margin: left=0.0, top=0.0
  y (accumulated): 5460.9
  child.content: x=20.0 (was 20.0), y=5480.9 (was 5460.9)
  [UPDATE Y] child: text, content_height=0.0, margin.bottom=0.0, total_height=0.0, y after=5460.9
  [UPDATE Y] child: div, content_height=222.4, margin.bottom=0.0, total_height=222.4, y after=222.4
  [UPDATE Y] child: div, content_height=91.2, margin.bottom=0.0, total_height=91.2, y after=245.4
  [UPDATE Y] child: div, content_height=294.4, margin.bottom=0.0, total_height=294.4, y after=516.8
  [UPDATE Y] child: div, content_height=516.8, margin.bottom=0.0, total_height=516.8, y after=622.3
  [UPDATE Y] child: div, content_height=115.2, margin.bottom=0.0, total_height=115.2, y after=737.5
[LAYOUT] Child element: div (parent: body)
  parent.content: x=20.0, y=20.0
  parent.padding: left=20.0, top=20.0
  child.margin: left=0.0, top=0.0
  y (accumulated): 5460.9
  child.content: x=20.0 (was 20.0), y=5480.9 (was 5460.9)
  [UPDATE Y] child: div, content_height=803.5, margin.bottom=0.0, total_height=803.5, y after=6264.4
[LAYOUT] Child element: text (parent: body)
  parent.content: x=20.0, y=20.0
  parent.padding: left=20.0, top=20.0
  child.margin: left=0.0, top=0.0
  y (accumulated): 6264.4
  child.content: x=20.0 (was 20.0), y=6284.4 (was 6264.4)
  [UPDATE Y] child: text, content_height=0.0, margin.bottom=0.0, total_height=0.0, y after=6264.4
[LAYOUT] Child element: div (parent: body)
  parent.content: x=20.0, y=20.0
  parent.padding: left=20.0, top=20.0
  child.margin: left=0.0, top=30.0
  y (accumulated): 6264.4
  child.content: x=20.0 (was 20.0), y=6314.4 (was 6294.4)
  [UPDATE Y] child: div, content_height=182.4, margin.bottom=0.0, total_height=182.4, y after=6446.8
[LAYOUT] Child element: body (parent: html)
  parent.content: x=20.0, y=20.0
  parent.padding: left=0.0, top=0.0
  child.margin: left=0.0, top=0.0
  y (accumulated): 0.0
  child.content: x=20.0 (was 20.0), y=20.0 (was 20.0)
  [UPDATE Y] child: body, content_height=6506.8, margin.bottom=0.0, total_height=6506.8, y after=6506.8
[LAYOUT] Element: body, is_root: false
  margin: top=0.0, right=0.0, bottom=0.0, left=0.0
  padding: top=20.0, right=20.0, bottom=20.0, left=20.0
  content: x=20.0, y=20.0, width=1120.0, height=6466.8
  containing_block: width=1160.0, height=6506.8
[LAYOUT WARNING] html.content is not (0, 0): x=20.0, y=20.0
[CONTAINING BLOCK] body.content.width=1120.0, child_containing_block.width=1120.0
[WIDTH DEBUG] h1: containing_block.width=1120.0, available_width=1120.0, calculated_width=1116.0
[LAYOUT] Child element: h1 (parent: body)
  parent.content: x=20.0, y=20.0
  parent.padding: left=20.0, top=20.0
  child.margin: left=0.0, top=21.4
  y (accumulated): 20.0
  child.content: x=20.0 (was 20.0), y=61.4 (was 61.4)
  [UPDATE Y] child: h1, content_height=50.0, margin.bottom=21.4, total_height=71.4, y after=91.4
[LAYOUT] Child element: text (parent: body)
  parent.content: x=20.0, y=20.0
  parent.padding: left=20.0, top=20.0
  child.margin: left=0.0, top=0.0
  y (accumulated): 91.4
  child.content: x=20.0 (was 20.0), y=111.4 (was 111.4)
  [UPDATE Y] child: text, content_height=0.0, margin.bottom=0.0, total_height=0.0, y after=91.4
[WIDTH DEBUG] h1: containing_block.width=1086.0, available_width=1086.0, calculated_width=1086.0
[LAYOUT] Child element: h1 (parent: div)
  parent.content: x=20.0, y=111.4
  parent.padding: left=15.0, top=15.0
  child.margin: left=0.0, top=16.1
  y (accumulated): 15.0
  child.content: x=15.0 (was 15.0), y=142.5 (was 122.5)
  [UPDATE Y] child: h1, content_height=62.1, margin.bottom=16.1, total_height=78.2, y after=93.2
  [UPDATE Y] child: div, content_height=96.0, margin.bottom=0.0, total_height=96.0, y after=301.2
[LAYOUT] Child element: div (parent: body)
  parent.content: x=20.0, y=20.0
  parent.padding: left=20.0, top=20.0
  child.margin: left=0.0, top=0.0
  y (accumulated): 91.4
  child.content: x=20.0 (was 20.0), y=111.4 (was 111.4)
  [UPDATE Y] child: div, content_height=350.2, margin.bottom=0.0, total_height=350.2, y after=441.6
[LAYOUT] Child element: text (parent: body)
  parent.content: x=20.0, y=20.0
  parent.padding: left=20.0, top=20.0
  child.margin: left=0.0, top=0.0
  y (accumulated): 441.6
  child.content: x=20.0 (was 20.0), y=461.6 (was 461.6)
  [UPDATE Y] child: text, content_height=0.0, margin.bottom=0.0, total_height=0.0, y after=441.6
[LAYOUT] Child element: div (parent: body)
  parent.content: x=20.0, y=20.0
  parent.padding: left=20.0, top=20.0
  child.margin: left=0.0, top=0.0
  y (accumulated): 441.6
  child.content: x=20.0 (was 20.0), y=461.6 (was 461.6)
  [UPDATE Y] child: div, content_height=329.4, margin.bottom=0.0, total_height=329.4, y after=771.0
[LAYOUT] Child element: text (parent: body)
  parent.content: x=20.0, y=20.0
  parent.padding: left=20.0, top=20.0
  child.margin: left=0.0, top=0.0
  y (accumulated): 771.0
  child.content: x=20.0 (was 20.0), y=791.0 (was 791.0)
  [UPDATE Y] child: text, content_height=0.0, margin.bottom=0.0, total_height=0.0, y after=771.0
  [UPDATE Y] child: div, content_height=59.2, margin.bottom=5.0, total_height=64.2, y after=138.2
  [UPDATE Y] child: div, content_height=59.2, margin.bottom=5.0, total_height=64.2, y after=202.4
[LAYOUT] Child element: div (parent: body)
  parent.content: x=20.0, y=20.0
  parent.padding: left=20.0, top=20.0
  child.margin: left=0.0, top=0.0
  y (accumulated): 771.0
  child.content: x=20.0 (was 20.0), y=791.0 (was 791.0)
  [UPDATE Y] child: div, content_height=334.0, margin.bottom=0.0, total_height=334.0, y after=1105.0
[LAYOUT] Child element: text (parent: body)
  parent.content: x=20.0, y=20.0
  parent.padding: left=20.0, top=20.0
  child.margin: left=0.0, top=0.0
  y (accumulated): 1105.0
  child.content: x=20.0 (was 20.0), y=1125.0 (was 1125.0)
  [UPDATE Y] child: text, content_height=0.0, margin.bottom=0.0, total_height=0.0, y after=1105.0
  [UPDATE Y] child: div, content_height=59.2, margin.bottom=0.0, total_height=59.2, y after=267.8
[LAYOUT] Child element: div (parent: body)
  parent.content: x=20.0, y=20.0
  parent.padding: left=20.0, top=20.0
  child.margin: left=0.0, top=0.0
  y (accumulated): 1105.0
  child.content: x=20.0 (was 20.0), y=1125.0 (was 1125.0)
  [UPDATE Y] child: div, content_height=336.8, margin.bottom=0.0, total_height=336.8, y after=1441.8
[LAYOUT] Child element: text (parent: body)
  parent.content: x=20.0, y=20.0
  parent.padding: left=20.0, top=20.0
  child.margin: left=0.0, top=0.0
  y (accumulated): 1441.8
  child.content: x=20.0 (was 20.0), y=1461.8 (was 1461.8)
  [UPDATE Y] child: text, content_height=0.0, margin.bottom=0.0, total_height=0.0, y after=1441.8
  [UPDATE Y] child: div, content_height=99.2, margin.bottom=5.0, total_height=104.2, y after=119.2
  [UPDATE Y] child: div, content_height=99.2, margin.bottom=5.0, total_height=104.2, y after=223.4
  [UPDATE Y] child: div, content_height=99.2, margin.bottom=5.0, total_height=104.2, y after=327.6
  [UPDATE Y] child: div, content_height=99.2, margin.bottom=5.0, total_height=104.2, y after=431.8
  [UPDATE Y] child: div, content_height=99.2, margin.bottom=5.0, total_height=104.2, y after=536.0
  [UPDATE Y] child: div, content_height=585.0, margin.bottom=0.0, total_height=585.0, y after=697.1
  [UPDATE Y] child: div, content_height=99.2, margin.bottom=5.0, total_height=104.2, y after=119.2
  [UPDATE Y] child: div, content_height=99.2, margin.bottom=5.0, total_height=104.2, y after=223.4
  [UPDATE Y] child: div, content_height=99.2, margin.bottom=5.0, total_height=104.2, y after=327.6
  [UPDATE Y] child: div, content_height=334.0, margin.bottom=0.0, total_height=334.0, y after=1031.1
[LAYOUT] Child element: div (parent: body)
  parent.content: x=20.0, y=20.0
  parent.padding: left=20.0, top=20.0
  child.margin: left=0.0, top=0.0
  y (accumulated): 1441.8
  child.content: x=20.0 (was 20.0), y=1461.8 (was 1461.8)
  [UPDATE Y] child: div, content_height=1031.1, margin.bottom=0.0, total_height=1031.1, y after=2472.8
[LAYOUT] Child element: text (parent: body)
  parent.content: x=20.0, y=20.0
  parent.padding: left=20.0, top=20.0
  child.margin: left=0.0, top=0.0
  y (accumulated): 2472.8
  child.content: x=20.0 (was 20.0), y=2492.8 (was 2492.8)
  [UPDATE Y] child: text, content_height=0.0, margin.bottom=0.0, total_height=0.0, y after=2472.8
  [UPDATE Y] child: div, content_height=79.2, margin.bottom=0.0, total_height=79.2, y after=94.2
  [UPDATE Y] child: div, content_height=79.2, margin.bottom=0.0, total_height=79.2, y after=173.4
  [UPDATE Y] child: div, content_height=79.2, margin.bottom=0.0, total_height=79.2, y after=252.6
  [UPDATE Y] child: div, content_height=79.2, margin.bottom=0.0, total_height=79.2, y after=331.8
  [UPDATE Y] child: div, content_height=79.2, margin.bottom=0.0, total_height=79.2, y after=411.0
  [UPDATE Y] child: div, content_height=79.2, margin.bottom=0.0, total_height=79.2, y after=490.2
  [UPDATE Y] child: div, content_height=79.2, margin.bottom=0.0, total_height=79.2, y after=569.4
  [UPDATE Y] child: div, content_height=79.2, margin.bottom=0.0, total_height=79.2, y after=648.6
  [UPDATE Y] child: div, content_height=697.6, margin.bottom=0.0, total_height=697.6, y after=809.7
[LAYOUT] Child element: div (parent: body)
  parent.content: x=20.0, y=20.0
  parent.padding: left=20.0, top=20.0
  child.margin: left=0.0, top=0.0
  y (accumulated): 2472.8
  child.content: x=20.0 (was 20.0), y=2492.8 (was 2492.8)
  [UPDATE Y] child: div, content_height=809.7, margin.bottom=0.0, total_height=809.7, y after=3282.5
[LAYOUT] Child element: text (parent: body)
  parent.content: x=20.0, y=20.0
  parent.padding: left=20.0, top=20.0
  child.margin: left=0.0, top=0.0
  y (accumulated): 3282.5
  child.content: x=20.0 (was 20.0), y=3302.5 (was 3302.5)
  [UPDATE Y] child: text, content_height=0.0, margin.bottom=0.0, total_height=0.0, y after=3282.5
[LAYOUT] Child element: div (parent: body)
  parent.content: x=20.0, y=20.0
  parent.padding: left=20.0, top=20.0
  child.margin: left=0.0, top=0.0
  y (accumulated): 3282.5
  child.content: x=20.0 (was 20.0), y=3302.5 (was 3302.5)
  [UPDATE Y] child: div, content_height=405.5, margin.bottom=0.0, total_height=405.5, y after=3688.0
[LAYOUT] Child element: text (parent: body)
  parent.content: x=20.0, y=20.0
  parent.padding: left=20.0, top=20.0
  child.margin: left=0.0, top=0.0
  y (accumulated): 3688.0
  child.content: x=20.0 (was 20.0), y=3708.0 (was 3708.0)
  [UPDATE Y] child: text, content_height=0.0, margin.bottom=0.0, total_height=0.0, y after=3688.0
[LAYOUT] Child element: div (parent: body)
  parent.content: x=20.0, y=20.0
  parent.padding: left=20.0, top=20.0
  child.margin: left=0.0, top=0.0
  y (accumulated): 3688.0
  child.content: x=20.0 (was 20.0), y=3708.0 (was 3708.0)
  [UPDATE Y] child: div, content_height=610.3, margin.bottom=0.0, total_height=610.3, y after=4298.4
[LAYOUT] Child element: text (parent: body)
  parent.content: x=20.0, y=20.0
  parent.padding: left=20.0, top=20.0
  child.margin: left=0.0, top=0.0
  y (accumulated): 4298.4
  child.content: x=20.0 (was 20.0), y=4318.4 (was 4318.4)
  [UPDATE Y] child: text, content_height=0.0, margin.bottom=0.0, total_height=0.0, y after=4298.4
  [UPDATE Y] child: div, content_height=117.2, margin.bottom=0.0, total_height=117.2, y after=273.9
[LAYOUT] Child element: div (parent: body)
  parent.content: x=20.0, y=20.0
  parent.padding: left=20.0, top=20.0
  child.margin: left=0.0, top=0.0
  y (accumulated): 4298.4
  child.content: x=20.0 (was 20.0), y=4318.4 (was 4318.4)
  [UPDATE Y] child: div, content_height=343.9, margin.bottom=0.0, total_height=343.9, y after=4642.3
[LAYOUT] Child element: text (parent: body)
  parent.content: x=20.0, y=20.0
  parent.padding: left=20.0, top=20.0
  child.margin: left=0.0, top=0.0
  y (accumulated): 4642.3
  child.content: x=20.0 (was 20.0), y=4662.3 (was 4662.3)
  [UPDATE Y] child: text, content_height=0.0, margin.bottom=0.0, total_height=0.0, y after=4642.3
  [UPDATE Y] child: div, content_height=71.2, margin.bottom=2.0, total_height=73.2, y after=132.4
  [UPDATE Y] child: div, content_height=160.4, margin.bottom=3.0, total_height=163.4, y after=224.6
  [UPDATE Y] child: div, content_height=258.6, margin.bottom=5.0, total_height=263.6, y after=364.1
[LAYOUT] Child element: div (parent: body)
  parent.content: x=20.0, y=20.0
  parent.padding: left=20.0, top=20.0
  child.margin: left=0.0, top=0.0
  y (accumulated): 4642.3
  child.content: x=20.0 (was 20.0), y=4662.3 (was 4662.3)
  [UPDATE Y] child: div, content_height=413.1, margin.bottom=0.0, total_height=413.1, y after=5055.4
[LAYOUT] Child element: text (parent: body)
  parent.content: x=20.0, y=20.0
  parent.padding: left=20.0, top=20.0
  child.margin: left=0.0, top=0.0
  y (accumulated): 5055.4
  child.content: x=20.0 (was 20.0), y=5075.4 (was 5075.4)
  [UPDATE Y] child: text, content_height=0.0, margin.bottom=0.0, total_height=0.0, y after=5055.4
[LAYOUT] Child element: div (parent: body)
  parent.content: x=20.0, y=20.0
  parent.padding: left=20.0, top=20.0
  child.margin: left=0.0, top=0.0
  y (accumulated): 5055.4
  child.content: x=20.0 (was 20.0), y=5075.4 (was 5075.4)
  [UPDATE Y] child: div, content_height=405.5, margin.bottom=0.0, total_height=405.5, y after=5460.9
[LAYOUT] Child element: text (parent: body)
  parent.content: x=20.0, y=20.0
  parent.padding: left=20.0, top=20.0
  child.margin: left=0.0, top=0.0
  y (accumulated): 5460.9
  child.content: x=20.0 (was 20.0), y=5480.9 (was 5480.9)
  [UPDATE Y] child: text, content_height=0.0, margin.bottom=0.0, total_height=0.0, y after=5460.9
  [UPDATE Y] child: div, content_height=222.4, margin.bottom=0.0, total_height=222.4, y after=222.4
  [UPDATE Y] child: div, content_height=91.2, margin.bottom=0.0, total_height=91.2, y after=245.4
  [UPDATE Y] child: div, content_height=294.4, margin.bottom=0.0, total_height=294.4, y after=516.8
  [UPDATE Y] child: div, content_height=516.8, margin.bottom=0.0, total_height=516.8, y after=622.3
  [UPDATE Y] child: div, content_height=115.2, margin.bottom=0.0, total_height=115.2, y after=737.5
[LAYOUT] Child element: div (parent: body)
  parent.content: x=20.0, y=20.0
  parent.padding: left=20.0, top=20.0
  child.margin: left=0.0, top=0.0
  y (accumulated): 5460.9
  child.content: x=20.0 (was 20.0), y=5480.9 (was 5480.9)
  [UPDATE Y] child: div, content_height=803.5, margin.bottom=0.0, total_height=803.5, y after=6264.4
[LAYOUT] Child element: text (parent: body)
  parent.content: x=20.0, y=20.0
  parent.padding: left=20.0, top=20.0
  child.margin: left=0.0, top=0.0
  y (accumulated): 6264.4
  child.content: x=20.0 (was 20.0), y=6284.4 (was 6284.4)
  [UPDATE Y] child: text, content_height=0.0, margin.bottom=0.0, total_height=0.0, y after=6264.4
[LAYOUT] Child element: div (parent: body)
  parent.content: x=20.0, y=20.0
  parent.padding: left=20.0, top=20.0
  child.margin: left=0.0, top=30.0
  y (accumulated): 6264.4
  child.content: x=20.0 (was 20.0), y=6314.4 (was 6314.4)
  [UPDATE Y] child: div, content_height=182.4, margin.bottom=0.0, total_height=182.4, y after=6446.8
[WIDTH DEBUG] h1: containing_block.width=1120.0, available_width=1120.0, calculated_width=1116.0
[WIDTH DEBUG] h1: containing_block.width=1086.0, available_width=1086.0, calculated_width=1086.0
[LAYOUT] Child element: h1 (parent: div)
  parent.content: x=20.0, y=111.4
  parent.padding: left=15.0, top=15.0
  child.margin: left=0.0, top=16.1
  y (accumulated): 15.0
  child.content: x=15.0 (was 15.0), y=142.5 (was 142.5)
  [UPDATE Y] child: h1, content_height=62.1, margin.bottom=16.1, total_height=78.2, y after=93.2
  [UPDATE Y] child: div, content_height=96.0, margin.bottom=0.0, total_height=96.0, y after=301.2
[WIDTH DEBUG] h1: containing_block.width=1086.0, available_width=1086.0, calculated_width=1086.0
  [UPDATE Y] child: div, content_height=59.2, margin.bottom=5.0, total_height=64.2, y after=138.2
  [UPDATE Y] child: div, content_height=59.2, margin.bottom=5.0, total_height=64.2, y after=202.4
  [UPDATE Y] child: div, content_height=59.2, margin.bottom=0.0, total_height=59.2, y after=267.8
  [UPDATE Y] child: div, content_height=99.2, margin.bottom=5.0, total_height=104.2, y after=119.2
  [UPDATE Y] child: div, content_height=99.2, margin.bottom=5.0, total_height=104.2, y after=223.4
  [UPDATE Y] child: div, content_height=99.2, margin.bottom=5.0, total_height=104.2, y after=327.6
  [UPDATE Y] child: div, content_height=99.2, margin.bottom=5.0, total_height=104.2, y after=431.8
  [UPDATE Y] child: div, content_height=99.2, margin.bottom=5.0, total_height=104.2, y after=536.0
  [UPDATE Y] child: div, content_height=585.0, margin.bottom=0.0, total_height=585.0, y after=697.1
  [UPDATE Y] child: div, content_height=99.2, margin.bottom=5.0, total_height=104.2, y after=119.2
  [UPDATE Y] child: div, content_height=99.2, margin.bottom=5.0, total_height=104.2, y after=223.4
  [UPDATE Y] child: div, content_height=99.2, margin.bottom=5.0, total_height=104.2, y after=327.6
  [UPDATE Y] child: div, content_height=334.0, margin.bottom=0.0, total_height=334.0, y after=1031.1
  [UPDATE Y] child: div, content_height=79.2, margin.bottom=0.0, total_height=79.2, y after=94.2
  [UPDATE Y] child: div, content_height=79.2, margin.bottom=0.0, total_height=79.2, y after=173.4
  [UPDATE Y] child: div, content_height=79.2, margin.bottom=0.0, total_height=79.2, y after=252.6
  [UPDATE Y] child: div, content_height=79.2, margin.bottom=0.0, total_height=79.2, y after=331.8
  [UPDATE Y] child: div, content_height=79.2, margin.bottom=0.0, total_height=79.2, y after=411.0
  [UPDATE Y] child: div, content_height=79.2, margin.bottom=0.0, total_height=79.2, y after=490.2
  [UPDATE Y] child: div, content_height=79.2, margin.bottom=0.0, total_height=79.2, y after=569.4
  [UPDATE Y] child: div, content_height=79.2, margin.bottom=0.0, total_height=79.2, y after=648.6
  [UPDATE Y] child: div, content_height=697.6, margin.bottom=0.0, total_height=697.6, y after=809.7
  [UPDATE Y] child: div, content_height=117.2, margin.bottom=0.0, total_height=117.2, y after=273.9
  [UPDATE Y] child: div, content_height=71.2, margin.bottom=2.0, total_height=73.2, y after=132.4
  [UPDATE Y] child: div, content_height=160.4, margin.bottom=3.0, total_height=163.4, y after=224.6
  [UPDATE Y] child: div, content_height=258.6, margin.bottom=5.0, total_height=263.6, y after=364.1
  [UPDATE Y] child: div, content_height=71.2, margin.bottom=2.0, total_height=73.2, y after=132.4
  [UPDATE Y] child: div, content_height=160.4, margin.bottom=3.0, total_height=163.4, y after=224.6
  [UPDATE Y] child: div, content_height=71.2, margin.bottom=2.0, total_height=73.2, y after=132.4
  [UPDATE Y] child: div, content_height=222.4, margin.bottom=0.0, total_height=222.4, y after=222.4
  [UPDATE Y] child: div, content_height=91.2, margin.bottom=0.0, total_height=91.2, y after=245.4
  [UPDATE Y] child: div, content_height=294.4, margin.bottom=0.0, total_height=294.4, y after=516.8
  [UPDATE Y] child: div, content_height=516.8, margin.bottom=0.0, total_height=516.8, y after=622.3
  [UPDATE Y] child: div, content_height=115.2, margin.bottom=0.0, total_height=115.2, y after=737.5

=== Element Layout Info ===
Tag: html

Box Model:
  Margin: top=0.00, right=0.00, bottom=0.00, left=0.00
  Border: top=0.00, right=0.00, bottom=0.00, left=0.00
  Padding: top=0.00, right=0.00, bottom=0.00, left=0.00
  Content: x=0.00, y=0.00, width=1200.00, height=6586.84
  Total Size: width=1200.00, height=6586.84
  Actual Position (content box): x=0.00, y=0.00
  Position (with margin): x=0.00, y=0.00

Computed Styles:
  display: block
==========================


=== Element Layout Info ===
Tag: body

Box Model:
  Margin: top=0.00, right=0.00, bottom=0.00, left=0.00
  Border: top=0.00, right=0.00, bottom=0.00, left=0.00
  Padding: top=20.00, right=20.00, bottom=20.00, left=20.00
  Content: x=0.00, y=0.00, width=1160.00, height=6546.84
  Total Size: width=1200.00, height=6586.84
  Actual Position (content box): x=0.00, y=0.00
  Position (with margin): x=0.00, y=0.00

Computed Styles:
  display: block
==========================


=== Element Layout Info ===
Tag: h1

Box Model:
  Margin: top=21.44, right=0.00, bottom=21.44, left=0.00
  Border: top=2.00, right=2.00, bottom=2.00, left=2.00
  Padding: top=0.00, right=0.00, bottom=0.00, left=0.00
  Content: x=20.00, y=61.44, width=1116.00, height=46.00
  Total Size: width=1120.00, height=50.00
  Actual Position (content box): x=20.00, y=61.44
  Position (with margin): x=20.00, y=40.00

Computed Styles:
  display: block
==========================

[FONT] font-size parsed: 32.0px
[FONT] font-size parsed: 32.0px
[STYLE] h1 font-size parsed: 32.0px
[STYLE] p font-size parsed: 32.0px
[LAYOUT] Element: html, is_root: true
  margin: top=0.0, right=0.0, bottom=0.0, left=0.0
  padding: top=0.0, right=0.0, bottom=0.0, left=0.0
  content: x=0.0, y=0.0, width=1200.0, height=0.0
  containing_block: width=1200.0, height=800.0
[LAYOUT] Root element (html) position set to (0, 0)
[LAYOUT] Element: body, is_root: false
  margin: top=0.0, right=0.0, bottom=0.0, left=0.0
  padding: top=20.0, right=20.0, bottom=20.0, left=20.0
  content: x=0.0, y=0.0, width=1160.0, height=0.0
  containing_block: width=1200.0, height=800.0
[LAYOUT] Body element position set: x=0.0, y=0.0 (margin: left=0.0, top=0.0)
[LAYOUT] Element: html, is_root: false
  margin: top=0.0, right=0.0, bottom=0.0, left=0.0
  padding: top=0.0, right=0.0, bottom=0.0, left=0.0
  content: x=0.0, y=0.0, width=1160.0, height=0.0
  containing_block: width=1160.0, height=800.0
[LAYOUT] Element: body, is_root: false
  margin: top=0.0, right=0.0, bottom=0.0, left=0.0
  padding: top=20.0, right=20.0, bottom=20.0, left=20.0
  content: x=0.0, y=0.0, width=1120.0, height=0.0
  containing_block: width=1160.0, height=800.0
[LAYOUT] Body element position set: x=0.0, y=0.0 (margin: left=0.0, top=0.0)
[CONTAINING BLOCK] body.content.width=1120.0, child_containing_block.width=1120.0
[WIDTH DEBUG] h1: containing_block.width=1120.0, available_width=1120.0, calculated_width=1120.0
  [TEXT HEIGHT] text: "ZBrowser功能测试...", font_size=32.0, line_height=46.0, height=46.0
[LAYOUT] Child element: h1 (parent: body)
  parent.content: x=0.0, y=0.0
  parent.padding: left=20.0, top=20.0
  child.margin: left=0.0, top=21.4
  y (accumulated): 20.0
  child.content: x=20.0 (was 0.0), y=41.4 (was 0.0)
  [UPDATE Y] child: h1, content_height=50.0, margin.bottom=21.4, total_height=71.4, y after=91.4
[LAYOUT] Child element: text (parent: body)
  parent.content: x=0.0, y=0.0
  parent.padding: left=20.0, top=20.0
  child.margin: left=0.0, top=0.0
  y (accumulated): 91.4
  child.content: x=20.0 (was 0.0), y=91.4 (was 0.0)
  [UPDATE Y] child: text, content_height=0.0, margin.bottom=0.0, total_height=0.0, y after=91.4
[WIDTH DEBUG] h1: containing_block.width=1086.0, available_width=1086.0, calculated_width=1086.0
  [TEXT HEIGHT] text: "块级布局测试...", font_size=32.0, line_height=46.0, height=46.0
[LAYOUT] Child element: h1 (parent: div)
  parent.content: x=0.0, y=0.0
  parent.padding: left=15.0, top=15.0
  child.margin: left=0.0, top=16.1
  y (accumulated): 15.0
  child.content: x=15.0 (was 0.0), y=31.1 (was 0.0)
  [UPDATE Y] child: h1, content_height=62.1, margin.bottom=16.1, total_height=78.2, y after=93.2
  [TEXT HEIGHT] text: "这是一个块级�...", font_size=16.0, line_height=24.0, height=24.0
  [TEXT HEIGHT] text: "这是另一个段�...", font_size=16.0, line_height=24.0, height=24.0
  [TEXT HEIGHT] text: "嵌套的div块级�...", font_size=16.0, line_height=24.0, height=24.0
  [UPDATE Y] child: div, content_height=96.0, margin.bottom=0.0, total_height=96.0, y after=301.2
[LAYOUT] Child element: div (parent: body)
  parent.content: x=0.0, y=0.0
  parent.padding: left=20.0, top=20.0
  child.margin: left=0.0, top=0.0
  y (accumulated): 91.4
  child.content: x=20.0 (was 0.0), y=91.4 (was 0.0)
  [UPDATE Y] child: div, content_height=350.2, margin.bottom=0.0, total_height=350.2, y after=441.6
[LAYOUT] Child element: text (parent: body)
  parent.content: x=0.0, y=0.0
  parent.padding: left=20.0, top=20.0
  child.margin: left=0.0, top=0.0
  y (accumulated): 441.6
  child.content: x=20.0 (was 0.0), y=441.6 (was 0.0)
  [UPDATE Y] child: text, content_height=0.0, margin.bottom=0.0, total_height=0.0, y after=441.6
  [TEXT HEIGHT] text: "
      这是行内�...", font_size=16.0, line_height=19.2, height=19.2
  [TEXT HEIGHT] text: "行内元素不会�...", font_size=16.0, line_height=19.2, height=19.2
[LAYOUT] Child element: div (parent: body)
  parent.content: x=0.0, y=0.0
  parent.padding: left=20.0, top=20.0
  child.margin: left=0.0, top=0.0
  y (accumulated): 441.6
  child.content: x=20.0 (was 0.0), y=441.6 (was 0.0)
  [UPDATE Y] child: div, content_height=329.4, margin.bottom=0.0, total_height=329.4, y after=771.0
[LAYOUT] Child element: text (parent: body)
  parent.content: x=0.0, y=0.0
  parent.padding: left=20.0, top=20.0
  child.margin: left=0.0, top=0.0
  y (accumulated): 771.0
  child.content: x=20.0 (was 0.0), y=771.0 (was 0.0)
  [UPDATE Y] child: text, content_height=0.0, margin.bottom=0.0, total_height=0.0, y after=771.0
  [UPDATE Y] child: div, content_height=59.2, margin.bottom=5.0, total_height=64.2, y after=138.2
  [UPDATE Y] child: div, content_height=59.2, margin.bottom=5.0, total_height=64.2, y after=202.4
[LAYOUT] Child element: div (parent: body)
  parent.content: x=0.0, y=0.0
  parent.padding: left=20.0, top=20.0
  child.margin: left=0.0, top=0.0
  y (accumulated): 771.0
  child.content: x=20.0 (was 0.0), y=771.0 (was 0.0)
  [UPDATE Y] child: div, content_height=334.0, margin.bottom=0.0, total_height=334.0, y after=1105.0
[LAYOUT] Child element: text (parent: body)
  parent.content: x=0.0, y=0.0
  parent.padding: left=20.0, top=20.0
  child.margin: left=0.0, top=0.0
  y (accumulated): 1105.0
  child.content: x=20.0 (was 0.0), y=1105.0 (was 0.0)
  [UPDATE Y] child: text, content_height=0.0, margin.bottom=0.0, total_height=0.0, y after=1105.0
  [TEXT HEIGHT] text: "左浮动元素...", font_size=16.0, line_height=19.2, height=19.2
  [TEXT HEIGHT] text: "这个元素会浮�...", font_size=16.0, line_height=19.2, height=19.2
  [TEXT HEIGHT] text: "右浮动元素...", font_size=16.0, line_height=19.2, height=19.2
  [TEXT HEIGHT] text: "这个元素会浮�...", font_size=16.0, line_height=19.2, height=19.2
  [TEXT HEIGHT] text: "这是正常流中�...", font_size=16.0, line_height=19.2, height=19.2
  [UPDATE Y] child: div, content_height=59.2, margin.bottom=0.0, total_height=59.2, y after=287.8
[LAYOUT] Child element: div (parent: body)
  parent.content: x=0.0, y=0.0
  parent.padding: left=20.0, top=20.0
  child.margin: left=0.0, top=0.0
  y (accumulated): 1105.0
  child.content: x=20.0 (was 0.0), y=1105.0 (was 0.0)
  [UPDATE Y] child: div, content_height=336.8, margin.bottom=0.0, total_height=336.8, y after=1441.8
[LAYOUT] Child element: text (parent: body)
  parent.content: x=0.0, y=0.0
  parent.padding: left=20.0, top=20.0
  child.margin: left=0.0, top=0.0
  y (accumulated): 1441.8
  child.content: x=20.0 (was 0.0), y=1441.8 (was 0.0)
  [UPDATE Y] child: text, content_height=0.0, margin.bottom=0.0, total_height=0.0, y after=1441.8
  [UPDATE Y] child: div, content_height=99.2, margin.bottom=5.0, total_height=104.2, y after=119.2
  [UPDATE Y] child: div, content_height=99.2, margin.bottom=5.0, total_height=104.2, y after=223.4
  [UPDATE Y] child: div, content_height=99.2, margin.bottom=5.0, total_height=104.2, y after=327.6
  [UPDATE Y] child: div, content_height=99.2, margin.bottom=5.0, total_height=104.2, y after=431.8
  [UPDATE Y] child: div, content_height=99.2, margin.bottom=5.0, total_height=104.2, y after=536.0
  [UPDATE Y] child: div, content_height=585.0, margin.bottom=0.0, total_height=585.0, y after=697.1
  [UPDATE Y] child: div, content_height=99.2, margin.bottom=5.0, total_height=104.2, y after=119.2
  [UPDATE Y] child: div, content_height=99.2, margin.bottom=5.0, total_height=104.2, y after=223.4
  [UPDATE Y] child: div, content_height=99.2, margin.bottom=5.0, total_height=104.2, y after=327.6
  [UPDATE Y] child: div, content_height=334.0, margin.bottom=0.0, total_height=334.0, y after=1031.1
[LAYOUT] Child element: div (parent: body)
  parent.content: x=0.0, y=0.0
  parent.padding: left=20.0, top=20.0
  child.margin: left=0.0, top=0.0
  y (accumulated): 1441.8
  child.content: x=20.0 (was 0.0), y=1441.8 (was 0.0)
  [UPDATE Y] child: div, content_height=1031.1, margin.bottom=0.0, total_height=1031.1, y after=2472.8
[LAYOUT] Child element: text (parent: body)
  parent.content: x=0.0, y=0.0
  parent.padding: left=20.0, top=20.0
  child.margin: left=0.0, top=0.0
  y (accumulated): 2472.8
  child.content: x=20.0 (was 0.0), y=2472.8 (was 0.0)
  [UPDATE Y] child: text, content_height=0.0, margin.bottom=0.0, total_height=0.0, y after=2472.8
  [UPDATE Y] child: div, content_height=79.2, margin.bottom=0.0, total_height=79.2, y after=94.2
  [UPDATE Y] child: div, content_height=79.2, margin.bottom=0.0, total_height=79.2, y after=173.4
  [UPDATE Y] child: div, content_height=79.2, margin.bottom=0.0, total_height=79.2, y after=252.6
  [UPDATE Y] child: div, content_height=79.2, margin.bottom=0.0, total_height=79.2, y after=331.8
  [UPDATE Y] child: div, content_height=79.2, margin.bottom=0.0, total_height=79.2, y after=411.0
  [UPDATE Y] child: div, content_height=79.2, margin.bottom=0.0, total_height=79.2, y after=490.2
  [UPDATE Y] child: div, content_height=79.2, margin.bottom=0.0, total_height=79.2, y after=569.4
  [UPDATE Y] child: div, content_height=79.2, margin.bottom=0.0, total_height=79.2, y after=648.6
  [UPDATE Y] child: div, content_height=697.6, margin.bottom=0.0, total_height=697.6, y after=809.7
[LAYOUT] Child element: div (parent: body)
  parent.content: x=0.0, y=0.0
  parent.padding: left=20.0, top=20.0
  child.margin: left=0.0, top=0.0
  y (accumulated): 2472.8
  child.content: x=20.0 (was 0.0), y=2472.8 (was 0.0)
  [UPDATE Y] child: div, content_height=809.7, margin.bottom=0.0, total_height=809.7, y after=3282.5
[LAYOUT] Child element: text (parent: body)
  parent.content: x=0.0, y=0.0
  parent.padding: left=20.0, top=20.0
  child.margin: left=0.0, top=0.0
  y (accumulated): 3282.5
  child.content: x=20.0 (was 0.0), y=3282.5 (was 0.0)
  [UPDATE Y] child: text, content_height=0.0, margin.bottom=0.0, total_height=0.0, y after=3282.5
  [TEXT HEIGHT] text: "大号文本（32px�...", font_size=16.0, line_height=19.2, height=19.2
  [TEXT HEIGHT] text: "中等文本（20px�...", font_size=16.0, line_height=19.2, height=19.2
  [TEXT HEIGHT] text: "小号文本（12px�...", font_size=16.0, line_height=19.2, height=19.2
  [TEXT HEIGHT] text: "下划线文本...", font_size=16.0, line_height=19.2, height=19.2
  [TEXT HEIGHT] text: "删除线文本...", font_size=16.0, line_height=19.2, height=19.2
[LAYOUT] Child element: div (parent: body)
  parent.content: x=0.0, y=0.0
  parent.padding: left=20.0, top=20.0
  child.margin: left=0.0, top=0.0
  y (accumulated): 3282.5
  child.content: x=20.0 (was 0.0), y=3282.5 (was 0.0)
  [UPDATE Y] child: div, content_height=405.5, margin.bottom=0.0, total_height=405.5, y after=3688.0
[LAYOUT] Child element: text (parent: body)
  parent.content: x=0.0, y=0.0
  parent.padding: left=20.0, top=20.0
  child.margin: left=0.0, top=0.0
  y (accumulated): 3688.0
  child.content: x=20.0 (was 0.0), y=3688.0 (was 0.0)
  [UPDATE Y] child: text, content_height=0.0, margin.bottom=0.0, total_height=0.0, y after=3688.0
  [TEXT HEIGHT] text: "这是一个测试�...", font_size=16.0, line_height=25.6, height=25.6
  [TEXT HEIGHT] text: "這是一個測試�...", font_size=16.0, line_height=25.6, height=25.6
  [TEXT HEIGHT] text: "これはテスト�...", font_size=16.0, line_height=25.6, height=25.6
  [TEXT HEIGHT] text: "이것은 테스트 ...", font_size=16.0, line_height=25.6, height=25.6
  [TEXT HEIGHT] text: "This is a test page ...", font_size=16.0, line_height=25.6, height=25.6
  [TEXT HEIGHT] text: "混合文本 Mixed T...", font_size=16.0, line_height=25.6, height=25.6
[LAYOUT] Child element: div (parent: body)
  parent.content: x=0.0, y=0.0
  parent.padding: left=20.0, top=20.0
  child.margin: left=0.0, top=0.0
  y (accumulated): 3688.0
  child.content: x=20.0 (was 0.0), y=3688.0 (was 0.0)
  [UPDATE Y] child: div, content_height=610.3, margin.bottom=0.0, total_height=610.3, y after=4298.4
[LAYOUT] Child element: text (parent: body)
  parent.content: x=0.0, y=0.0
  parent.padding: left=20.0, top=20.0
  child.margin: left=0.0, top=0.0
  y (accumulated): 4298.4
  child.content: x=20.0 (was 0.0), y=4298.4 (was 0.0)
  [UPDATE Y] child: text, content_height=0.0, margin.bottom=0.0, total_height=0.0, y after=4298.4
  [TEXT HEIGHT] text: "这个区域有实�...", font_size=16.0, line_height=19.2, height=19.2
  [TEXT HEIGHT] text: "这个区域有虚�...", font_size=16.0, line_height=19.2, height=19.2
  [UPDATE Y] child: div, content_height=117.2, margin.bottom=0.0, total_height=117.2, y after=273.9
[LAYOUT] Child element: div (parent: body)
  parent.content: x=0.0, y=0.0
  parent.padding: left=20.0, top=20.0
  child.margin: left=0.0, top=0.0
  y (accumulated): 4298.4
  child.content: x=20.0 (was 0.0), y=4298.4 (was 0.0)
  [UPDATE Y] child: div, content_height=343.9, margin.bottom=0.0, total_height=343.9, y after=4642.3
[LAYOUT] Child element: text (parent: body)
  parent.content: x=0.0, y=0.0
  parent.padding: left=20.0, top=20.0
  child.margin: left=0.0, top=0.0
  y (accumulated): 4642.3
  child.content: x=20.0 (was 0.0), y=4642.3 (was 0.0)
  [UPDATE Y] child: text, content_height=0.0, margin.bottom=0.0, total_height=0.0, y after=4642.3
  [TEXT HEIGHT] text: "第一层嵌套...", font_size=16.0, line_height=19.2, height=19.2
  [TEXT HEIGHT] text: "第二层嵌套...", font_size=16.0, line_height=19.2, height=19.2
  [TEXT HEIGHT] text: "第三层嵌套...", font_size=16.0, line_height=19.2, height=19.2
  [UPDATE Y] child: div, content_height=71.2, margin.bottom=2.0, total_height=73.2, y after=132.4
  [UPDATE Y] child: div, content_height=160.4, margin.bottom=3.0, total_height=163.4, y after=224.6
  [UPDATE Y] child: div, content_height=258.6, margin.bottom=5.0, total_height=263.6, y after=364.1
[LAYOUT] Child element: div (parent: body)
  parent.content: x=0.0, y=0.0
  parent.padding: left=20.0, top=20.0
  child.margin: left=0.0, top=0.0
  y (accumulated): 4642.3
  child.content: x=20.0 (was 0.0), y=4642.3 (was 0.0)
  [UPDATE Y] child: div, content_height=413.1, margin.bottom=0.0, total_height=413.1, y after=5055.4
[LAYOUT] Child element: text (parent: body)
  parent.content: x=0.0, y=0.0
  parent.padding: left=20.0, top=20.0
  child.margin: left=0.0, top=0.0
  y (accumulated): 5055.4
  child.content: x=20.0 (was 0.0), y=5055.4 (was 0.0)
  [UPDATE Y] child: text, content_height=0.0, margin.bottom=0.0, total_height=0.0, y after=5055.4
  [TEXT HEIGHT] text: "HTML实体：<div> &...", font_size=16.0, line_height=19.2, height=19.2
  [TEXT HEIGHT] text: "Unicode字符：© �...", font_size=16.0, line_height=19.2, height=19.2
  [TEXT HEIGHT] text: "数学符号：∑ �...", font_size=16.0, line_height=19.2, height=19.2
  [TEXT HEIGHT] text: "箭头符号：← �...", font_size=16.0, line_height=19.2, height=19.2
  [TEXT HEIGHT] text: "Emoji：😀 😃 �...", font_size=16.0, line_height=19.2, height=19.2
[LAYOUT] Child element: div (parent: body)
  parent.content: x=0.0, y=0.0
  parent.padding: left=20.0, top=20.0
  child.margin: left=0.0, top=0.0
  y (accumulated): 5055.4
  child.content: x=20.0 (was 0.0), y=5055.4 (was 0.0)
  [UPDATE Y] child: div, content_height=405.5, margin.bottom=0.0, total_height=405.5, y after=5460.9
[LAYOUT] Child element: text (parent: body)
  parent.content: x=0.0, y=0.0
  parent.padding: left=20.0, top=20.0
  child.margin: left=0.0, top=0.0
  y (accumulated): 5460.9
  child.content: x=20.0 (was 0.0), y=5460.9 (was 0.0)
  [UPDATE Y] child: text, content_height=0.0, margin.bottom=0.0, total_height=0.0, y after=5460.9
  [TEXT HEIGHT] text: "包含块级和行�...", font_size=16.0, line_height=19.2, height=19.2
  [UPDATE Y] child: div, content_height=222.4, margin.bottom=0.0, total_height=222.4, y after=222.4
  [TEXT HEIGHT] text: "另一个Flex子项�...", font_size=16.0, line_height=19.2, height=19.2
  [TEXT HEIGHT] text: "嵌套的div...", font_size=16.0, line_height=19.2, height=19.2
  [UPDATE Y] child: div, content_height=91.2, margin.bottom=0.0, total_height=91.2, y after=245.4
  [UPDATE Y] child: div, content_height=294.4, margin.bottom=0.0, total_height=294.4, y after=516.8
  [UPDATE Y] child: div, content_height=516.8, margin.bottom=0.0, total_height=516.8, y after=622.3
  [TEXT HEIGHT] text: "相对定位容器...", font_size=16.0, line_height=19.2, height=19.2
  [UPDATE Y] child: div, content_height=115.2, margin.bottom=0.0, total_height=115.2, y after=737.5
[LAYOUT] Child element: div (parent: body)
  parent.content: x=0.0, y=0.0
  parent.padding: left=20.0, top=20.0
  child.margin: left=0.0, top=0.0
  y (accumulated): 5460.9
  child.content: x=20.0 (was 0.0), y=5460.9 (was 0.0)
  [UPDATE Y] child: div, content_height=803.5, margin.bottom=0.0, total_height=803.5, y after=6264.4
[LAYOUT] Child element: text (parent: body)
  parent.content: x=0.0, y=0.0
  parent.padding: left=20.0, top=20.0
  child.margin: left=0.0, top=0.0
  y (accumulated): 6264.4
  child.content: x=20.0 (was 0.0), y=6264.4 (was 0.0)
  [UPDATE Y] child: text, content_height=0.0, margin.bottom=0.0, total_height=0.0, y after=6264.4
  [TEXT HEIGHT] text: "ZBrowser功能测试...", font_size=16.0, line_height=19.2, height=19.2
  [TEXT HEIGHT] text: "包含：块级布�...", font_size=16.0, line_height=19.2, height=19.2
[LAYOUT] Child element: div (parent: body)
  parent.content: x=0.0, y=0.0
  parent.padding: left=20.0, top=20.0
  child.margin: left=0.0, top=30.0
  y (accumulated): 6264.4
  child.content: x=20.0 (was 0.0), y=6294.4 (was 0.0)
  [UPDATE Y] child: div, content_height=182.4, margin.bottom=0.0, total_height=182.4, y after=6446.8
[LAYOUT] Child element: body (parent: html)
  parent.content: x=0.0, y=0.0
  parent.padding: left=0.0, top=0.0
  child.margin: left=0.0, top=0.0
  y (accumulated): 0.0
  child.content: x=0.0 (was 0.0), y=0.0 (was 0.0)
  [UPDATE Y] child: body, content_height=6506.8, margin.bottom=0.0, total_height=6506.8, y after=6506.8
[LAYOUT] Child element: !DOCTYPE (parent: body)
  parent.content: x=0.0, y=0.0
  parent.padding: left=20.0, top=20.0
  child.margin: left=0.0, top=0.0
  y (accumulated): 20.0
  child.content: x=20.0 (was 0.0), y=20.0 (was 0.0)
  [UPDATE Y] child: !DOCTYPE, content_height=6506.8, margin.bottom=0.0, total_height=6506.8, y after=6526.8
[LAYOUT] Child element: body (parent: html)
  parent.content: x=0.0, y=0.0
  parent.padding: left=0.0, top=0.0
  child.margin: left=0.0, top=0.0
  y (accumulated): 0.0
  child.content: x=0.0 (was 0.0), y=0.0 (was 0.0)
  [UPDATE Y] child: body, content_height=6586.8, margin.bottom=0.0, total_height=6586.8, y after=6586.8
[LAYOUT] Element: body, is_root: false
  margin: top=0.0, right=0.0, bottom=0.0, left=0.0
  padding: top=20.0, right=20.0, bottom=20.0, left=20.0
  content: x=0.0, y=0.0, width=1160.0, height=6546.8
  containing_block: width=1200.0, height=6586.8
[LAYOUT] Body element position set: x=0.0, y=0.0 (margin: left=0.0, top=0.0)
[LAYOUT] Element: html, is_root: false
  margin: top=0.0, right=0.0, bottom=0.0, left=0.0
  padding: top=0.0, right=0.0, bottom=0.0, left=0.0
  content: x=0.0, y=0.0, width=1160.0, height=6506.8
  containing_block: width=1160.0, height=6586.8
[LAYOUT] Element: body, is_root: false
  margin: top=0.0, right=0.0, bottom=0.0, left=0.0
  padding: top=20.0, right=20.0, bottom=20.0, left=20.0
  content: x=0.0, y=0.0, width=1120.0, height=6466.8
  containing_block: width=1160.0, height=6586.8
[LAYOUT] Body element position set: x=0.0, y=0.0 (margin: left=0.0, top=0.0)
[CONTAINING BLOCK] body.content.width=1120.0, child_containing_block.width=1120.0
[WIDTH DEBUG] h1: containing_block.width=1120.0, available_width=1120.0, calculated_width=1116.0
[LAYOUT] Child element: h1 (parent: body)
  parent.content: x=0.0, y=0.0
  parent.padding: left=20.0, top=20.0
  child.margin: left=0.0, top=21.4
  y (accumulated): 20.0
  child.content: x=20.0 (was 20.0), y=41.4 (was 41.4)
  [UPDATE Y] child: h1, content_height=50.0, margin.bottom=21.4, total_height=71.4, y after=91.4
[LAYOUT] Child element: text (parent: body)
  parent.content: x=0.0, y=0.0
  parent.padding: left=20.0, top=20.0
  child.margin: left=0.0, top=0.0
  y (accumulated): 91.4
  child.content: x=20.0 (was 20.0), y=91.4 (was 91.4)
  [UPDATE Y] child: text, content_height=0.0, margin.bottom=0.0, total_height=0.0, y after=91.4
[WIDTH DEBUG] h1: containing_block.width=1086.0, available_width=1086.0, calculated_width=1086.0
[LAYOUT] Child element: h1 (parent: div)
  parent.content: x=20.0, y=91.4
  parent.padding: left=15.0, top=15.0
  child.margin: left=0.0, top=16.1
  y (accumulated): 15.0
  child.content: x=15.0 (was 15.0), y=122.5 (was 31.1)
  [UPDATE Y] child: h1, content_height=62.1, margin.bottom=16.1, total_height=78.2, y after=93.2
  [UPDATE Y] child: div, content_height=96.0, margin.bottom=0.0, total_height=96.0, y after=301.2
[LAYOUT] Child element: div (parent: body)
  parent.content: x=0.0, y=0.0
  parent.padding: left=20.0, top=20.0
  child.margin: left=0.0, top=0.0
  y (accumulated): 91.4
  child.content: x=20.0 (was 20.0), y=91.4 (was 91.4)
  [UPDATE Y] child: div, content_height=350.2, margin.bottom=0.0, total_height=350.2, y after=441.6
[LAYOUT] Child element: text (parent: body)
  parent.content: x=0.0, y=0.0
  parent.padding: left=20.0, top=20.0
  child.margin: left=0.0, top=0.0
  y (accumulated): 441.6
  child.content: x=20.0 (was 20.0), y=441.6 (was 441.6)
  [UPDATE Y] child: text, content_height=0.0, margin.bottom=0.0, total_height=0.0, y after=441.6
[LAYOUT] Child element: div (parent: body)
  parent.content: x=0.0, y=0.0
  parent.padding: left=20.0, top=20.0
  child.margin: left=0.0, top=0.0
  y (accumulated): 441.6
  child.content: x=20.0 (was 20.0), y=441.6 (was 441.6)
  [UPDATE Y] child: div, content_height=329.4, margin.bottom=0.0, total_height=329.4, y after=771.0
[LAYOUT] Child element: text (parent: body)
  parent.content: x=0.0, y=0.0
  parent.padding: left=20.0, top=20.0
  child.margin: left=0.0, top=0.0
  y (accumulated): 771.0
  child.content: x=20.0 (was 20.0), y=771.0 (was 771.0)
  [UPDATE Y] child: text, content_height=0.0, margin.bottom=0.0, total_height=0.0, y after=771.0
  [UPDATE Y] child: div, content_height=59.2, margin.bottom=5.0, total_height=64.2, y after=138.2
  [UPDATE Y] child: div, content_height=59.2, margin.bottom=5.0, total_height=64.2, y after=202.4
[LAYOUT] Child element: div (parent: body)
  parent.content: x=0.0, y=0.0
  parent.padding: left=20.0, top=20.0
  child.margin: left=0.0, top=0.0
  y (accumulated): 771.0
  child.content: x=20.0 (was 20.0), y=771.0 (was 771.0)
  [UPDATE Y] child: div, content_height=334.0, margin.bottom=0.0, total_height=334.0, y after=1105.0
[LAYOUT] Child element: text (parent: body)
  parent.content: x=0.0, y=0.0
  parent.padding: left=20.0, top=20.0
  child.margin: left=0.0, top=0.0
  y (accumulated): 1105.0
  child.content: x=20.0 (was 20.0), y=1105.0 (was 1105.0)
  [UPDATE Y] child: text, content_height=0.0, margin.bottom=0.0, total_height=0.0, y after=1105.0
  [UPDATE Y] child: div, content_height=59.2, margin.bottom=0.0, total_height=59.2, y after=287.8
[LAYOUT] Child element: div (parent: body)
  parent.content: x=0.0, y=0.0
  parent.padding: left=20.0, top=20.0
  child.margin: left=0.0, top=0.0
  y (accumulated): 1105.0
  child.content: x=20.0 (was 20.0), y=1105.0 (was 1105.0)
  [UPDATE Y] child: div, content_height=336.8, margin.bottom=0.0, total_height=336.8, y after=1441.8
[LAYOUT] Child element: text (parent: body)
  parent.content: x=0.0, y=0.0
  parent.padding: left=20.0, top=20.0
  child.margin: left=0.0, top=0.0
  y (accumulated): 1441.8
  child.content: x=20.0 (was 20.0), y=1441.8 (was 1441.8)
  [UPDATE Y] child: text, content_height=0.0, margin.bottom=0.0, total_height=0.0, y after=1441.8
  [UPDATE Y] child: div, content_height=99.2, margin.bottom=5.0, total_height=104.2, y after=119.2
  [UPDATE Y] child: div, content_height=99.2, margin.bottom=5.0, total_height=104.2, y after=223.4
  [UPDATE Y] child: div, content_height=99.2, margin.bottom=5.0, total_height=104.2, y after=327.6
  [UPDATE Y] child: div, content_height=99.2, margin.bottom=5.0, total_height=104.2, y after=431.8
  [UPDATE Y] child: div, content_height=99.2, margin.bottom=5.0, total_height=104.2, y after=536.0
  [UPDATE Y] child: div, content_height=585.0, margin.bottom=0.0, total_height=585.0, y after=697.1
  [UPDATE Y] child: div, content_height=99.2, margin.bottom=5.0, total_height=104.2, y after=119.2
  [UPDATE Y] child: div, content_height=99.2, margin.bottom=5.0, total_height=104.2, y after=223.4
  [UPDATE Y] child: div, content_height=99.2, margin.bottom=5.0, total_height=104.2, y after=327.6
  [UPDATE Y] child: div, content_height=334.0, margin.bottom=0.0, total_height=334.0, y after=1031.1
[LAYOUT] Child element: div (parent: body)
  parent.content: x=0.0, y=0.0
  parent.padding: left=20.0, top=20.0
  child.margin: left=0.0, top=0.0
  y (accumulated): 1441.8
  child.content: x=20.0 (was 20.0), y=1441.8 (was 1441.8)
  [UPDATE Y] child: div, content_height=1031.1, margin.bottom=0.0, total_height=1031.1, y after=2472.8
[LAYOUT] Child element: text (parent: body)
  parent.content: x=0.0, y=0.0
  parent.padding: left=20.0, top=20.0
  child.margin: left=0.0, top=0.0
  y (accumulated): 2472.8
  child.content: x=20.0 (was 20.0), y=2472.8 (was 2472.8)
  [UPDATE Y] child: text, content_height=0.0, margin.bottom=0.0, total_height=0.0, y after=2472.8
  [UPDATE Y] child: div, content_height=79.2, margin.bottom=0.0, total_height=79.2, y after=94.2
  [UPDATE Y] child: div, content_height=79.2, margin.bottom=0.0, total_height=79.2, y after=173.4
  [UPDATE Y] child: div, content_height=79.2, margin.bottom=0.0, total_height=79.2, y after=252.6
  [UPDATE Y] child: div, content_height=79.2, margin.bottom=0.0, total_height=79.2, y after=331.8
  [UPDATE Y] child: div, content_height=79.2, margin.bottom=0.0, total_height=79.2, y after=411.0
  [UPDATE Y] child: div, content_height=79.2, margin.bottom=0.0, total_height=79.2, y after=490.2
  [UPDATE Y] child: div, content_height=79.2, margin.bottom=0.0, total_height=79.2, y after=569.4
  [UPDATE Y] child: div, content_height=79.2, margin.bottom=0.0, total_height=79.2, y after=648.6
  [UPDATE Y] child: div, content_height=697.6, margin.bottom=0.0, total_height=697.6, y after=809.7
[LAYOUT] Child element: div (parent: body)
  parent.content: x=0.0, y=0.0
  parent.padding: left=20.0, top=20.0
  child.margin: left=0.0, top=0.0
  y (accumulated): 2472.8
  child.content: x=20.0 (was 20.0), y=2472.8 (was 2472.8)
  [UPDATE Y] child: div, content_height=809.7, margin.bottom=0.0, total_height=809.7, y after=3282.5
[LAYOUT] Child element: text (parent: body)
  parent.content: x=0.0, y=0.0
  parent.padding: left=20.0, top=20.0
  child.margin: left=0.0, top=0.0
  y (accumulated): 3282.5
  child.content: x=20.0 (was 20.0), y=3282.5 (was 3282.5)
  [UPDATE Y] child: text, content_height=0.0, margin.bottom=0.0, total_height=0.0, y after=3282.5
[LAYOUT] Child element: div (parent: body)
  parent.content: x=0.0, y=0.0
  parent.padding: left=20.0, top=20.0
  child.margin: left=0.0, top=0.0
  y (accumulated): 3282.5
  child.content: x=20.0 (was 20.0), y=3282.5 (was 3282.5)
  [UPDATE Y] child: div, content_height=405.5, margin.bottom=0.0, total_height=405.5, y after=3688.0
[LAYOUT] Child element: text (parent: body)
  parent.content: x=0.0, y=0.0
  parent.padding: left=20.0, top=20.0
  child.margin: left=0.0, top=0.0
  y (accumulated): 3688.0
  child.content: x=20.0 (was 20.0), y=3688.0 (was 3688.0)
  [UPDATE Y] child: text, content_height=0.0, margin.bottom=0.0, total_height=0.0, y after=3688.0
[LAYOUT] Child element: div (parent: body)
  parent.content: x=0.0, y=0.0
  parent.padding: left=20.0, top=20.0
  child.margin: left=0.0, top=0.0
  y (accumulated): 3688.0
  child.content: x=20.0 (was 20.0), y=3688.0 (was 3688.0)
  [UPDATE Y] child: div, content_height=610.3, margin.bottom=0.0, total_height=610.3, y after=4298.4
[LAYOUT] Child element: text (parent: body)
  parent.content: x=0.0, y=0.0
  parent.padding: left=20.0, top=20.0
  child.margin: left=0.0, top=0.0
  y (accumulated): 4298.4
  child.content: x=20.0 (was 20.0), y=4298.4 (was 4298.4)
  [UPDATE Y] child: text, content_height=0.0, margin.bottom=0.0, total_height=0.0, y after=4298.4
  [UPDATE Y] child: div, content_height=117.2, margin.bottom=0.0, total_height=117.2, y after=273.9
[LAYOUT] Child element: div (parent: body)
  parent.content: x=0.0, y=0.0
  parent.padding: left=20.0, top=20.0
  child.margin: left=0.0, top=0.0
  y (accumulated): 4298.4
  child.content: x=20.0 (was 20.0), y=4298.4 (was 4298.4)
  [UPDATE Y] child: div, content_height=343.9, margin.bottom=0.0, total_height=343.9, y after=4642.3
[LAYOUT] Child element: text (parent: body)
  parent.content: x=0.0, y=0.0
  parent.padding: left=20.0, top=20.0
  child.margin: left=0.0, top=0.0
  y (accumulated): 4642.3
  child.content: x=20.0 (was 20.0), y=4642.3 (was 4642.3)
  [UPDATE Y] child: text, content_height=0.0, margin.bottom=0.0, total_height=0.0, y after=4642.3
  [UPDATE Y] child: div, content_height=71.2, margin.bottom=2.0, total_height=73.2, y after=132.4
  [UPDATE Y] child: div, content_height=160.4, margin.bottom=3.0, total_height=163.4, y after=224.6
  [UPDATE Y] child: div, content_height=258.6, margin.bottom=5.0, total_height=263.6, y after=364.1
[LAYOUT] Child element: div (parent: body)
  parent.content: x=0.0, y=0.0
  parent.padding: left=20.0, top=20.0
  child.margin: left=0.0, top=0.0
  y (accumulated): 4642.3
  child.content: x=20.0 (was 20.0), y=4642.3 (was 4642.3)
  [UPDATE Y] child: div, content_height=413.1, margin.bottom=0.0, total_height=413.1, y after=5055.4
[LAYOUT] Child element: text (parent: body)
  parent.content: x=0.0, y=0.0
  parent.padding: left=20.0, top=20.0
  child.margin: left=0.0, top=0.0
  y (accumulated): 5055.4
  child.content: x=20.0 (was 20.0), y=5055.4 (was 5055.4)
  [UPDATE Y] child: text, content_height=0.0, margin.bottom=0.0, total_height=0.0, y after=5055.4
[LAYOUT] Child element: div (parent: body)
  parent.content: x=0.0, y=0.0
  parent.padding: left=20.0, top=20.0
  child.margin: left=0.0, top=0.0
  y (accumulated): 5055.4
  child.content: x=20.0 (was 20.0), y=5055.4 (was 5055.4)
  [UPDATE Y] child: div, content_height=405.5, margin.bottom=0.0, total_height=405.5, y after=5460.9
[LAYOUT] Child element: text (parent: body)
  parent.content: x=0.0, y=0.0
  parent.padding: left=20.0, top=20.0
  child.margin: left=0.0, top=0.0
  y (accumulated): 5460.9
  child.content: x=20.0 (was 20.0), y=5460.9 (was 5460.9)
  [UPDATE Y] child: text, content_height=0.0, margin.bottom=0.0, total_height=0.0, y after=5460.9
  [UPDATE Y] child: div, content_height=222.4, margin.bottom=0.0, total_height=222.4, y after=222.4
  [UPDATE Y] child: div, content_height=91.2, margin.bottom=0.0, total_height=91.2, y after=245.4
  [UPDATE Y] child: div, content_height=294.4, margin.bottom=0.0, total_height=294.4, y after=516.8
  [UPDATE Y] child: div, content_height=516.8, margin.bottom=0.0, total_height=516.8, y after=622.3
  [UPDATE Y] child: div, content_height=115.2, margin.bottom=0.0, total_height=115.2, y after=737.5
[LAYOUT] Child element: div (parent: body)
  parent.content: x=0.0, y=0.0
  parent.padding: left=20.0, top=20.0
  child.margin: left=0.0, top=0.0
  y (accumulated): 5460.9
  child.content: x=20.0 (was 20.0), y=5460.9 (was 5460.9)
  [UPDATE Y] child: div, content_height=803.5, margin.bottom=0.0, total_height=803.5, y after=6264.4
[LAYOUT] Child element: text (parent: body)
  parent.content: x=0.0, y=0.0
  parent.padding: left=20.0, top=20.0
  child.margin: left=0.0, top=0.0
  y (accumulated): 6264.4
  child.content: x=20.0 (was 20.0), y=6264.4 (was 6264.4)
  [UPDATE Y] child: text, content_height=0.0, margin.bottom=0.0, total_height=0.0, y after=6264.4
[LAYOUT] Child element: div (parent: body)
  parent.content: x=0.0, y=0.0
  parent.padding: left=20.0, top=20.0
  child.margin: left=0.0, top=30.0
  y (accumulated): 6264.4
  child.content: x=20.0 (was 20.0), y=6294.4 (was 6294.4)
  [UPDATE Y] child: div, content_height=182.4, margin.bottom=0.0, total_height=182.4, y after=6446.8
[LAYOUT] Child element: body (parent: html)
  parent.content: x=0.0, y=0.0
  parent.padding: left=0.0, top=0.0
  child.margin: left=0.0, top=0.0
  y (accumulated): 0.0
  child.content: x=0.0 (was 0.0), y=0.0 (was 0.0)
  [UPDATE Y] child: body, content_height=6506.8, margin.bottom=0.0, total_height=6506.8, y after=6506.8
[LAYOUT] Child element: !DOCTYPE (parent: body)
  parent.content: x=0.0, y=0.0
  parent.padding: left=20.0, top=20.0
  child.margin: left=0.0, top=0.0
  y (accumulated): 20.0
  child.content: x=20.0 (was 20.0), y=20.0 (was 20.0)
  [UPDATE Y] child: !DOCTYPE, content_height=6506.8, margin.bottom=0.0, total_height=6506.8, y after=6526.8
[LAYOUT] Element: html, is_root: false
  margin: top=0.0, right=0.0, bottom=0.0, left=0.0
  padding: top=0.0, right=0.0, bottom=0.0, left=0.0
  content: x=20.0, y=20.0, width=1160.0, height=6506.8
  containing_block: width=1160.0, height=6546.8
[LAYOUT] Element: body, is_root: false
  margin: top=0.0, right=0.0, bottom=0.0, left=0.0
  padding: top=20.0, right=20.0, bottom=20.0, left=20.0
  content: x=0.0, y=0.0, width=1120.0, height=6466.8
  containing_block: width=1160.0, height=6546.8
[LAYOUT WARNING] html.content is not (0, 0): x=20.0, y=20.0
[LAYOUT] Body element position set: x=0.0, y=0.0 (margin: left=0.0, top=0.0)
[CONTAINING BLOCK] body.content.width=1120.0, child_containing_block.width=1120.0
[WIDTH DEBUG] h1: containing_block.width=1120.0, available_width=1120.0, calculated_width=1116.0
[LAYOUT] Child element: h1 (parent: body)
  parent.content: x=0.0, y=0.0
  parent.padding: left=20.0, top=20.0
  child.margin: left=0.0, top=21.4
  y (accumulated): 20.0
  child.content: x=20.0 (was 20.0), y=41.4 (was 41.4)
  [UPDATE Y] child: h1, content_height=50.0, margin.bottom=21.4, total_height=71.4, y after=91.4
[LAYOUT] Child element: text (parent: body)
  parent.content: x=0.0, y=0.0
  parent.padding: left=20.0, top=20.0
  child.margin: left=0.0, top=0.0
  y (accumulated): 91.4
  child.content: x=20.0 (was 20.0), y=91.4 (was 91.4)
  [UPDATE Y] child: text, content_height=0.0, margin.bottom=0.0, total_height=0.0, y after=91.4
[WIDTH DEBUG] h1: containing_block.width=1086.0, available_width=1086.0, calculated_width=1086.0
[LAYOUT] Child element: h1 (parent: div)
  parent.content: x=20.0, y=91.4
  parent.padding: left=15.0, top=15.0
  child.margin: left=0.0, top=16.1
  y (accumulated): 15.0
  child.content: x=15.0 (was 15.0), y=122.5 (was 122.5)
  [UPDATE Y] child: h1, content_height=62.1, margin.bottom=16.1, total_height=78.2, y after=93.2
  [UPDATE Y] child: div, content_height=96.0, margin.bottom=0.0, total_height=96.0, y after=301.2
[LAYOUT] Child element: div (parent: body)
  parent.content: x=0.0, y=0.0
  parent.padding: left=20.0, top=20.0
  child.margin: left=0.0, top=0.0
  y (accumulated): 91.4
  child.content: x=20.0 (was 20.0), y=91.4 (was 91.4)
  [UPDATE Y] child: div, content_height=350.2, margin.bottom=0.0, total_height=350.2, y after=441.6
[LAYOUT] Child element: text (parent: body)
  parent.content: x=0.0, y=0.0
  parent.padding: left=20.0, top=20.0
  child.margin: left=0.0, top=0.0
  y (accumulated): 441.6
  child.content: x=20.0 (was 20.0), y=441.6 (was 441.6)
  [UPDATE Y] child: text, content_height=0.0, margin.bottom=0.0, total_height=0.0, y after=441.6
[LAYOUT] Child element: div (parent: body)
  parent.content: x=0.0, y=0.0
  parent.padding: left=20.0, top=20.0
  child.margin: left=0.0, top=0.0
  y (accumulated): 441.6
  child.content: x=20.0 (was 20.0), y=441.6 (was 441.6)
  [UPDATE Y] child: div, content_height=329.4, margin.bottom=0.0, total_height=329.4, y after=771.0
[LAYOUT] Child element: text (parent: body)
  parent.content: x=0.0, y=0.0
  parent.padding: left=20.0, top=20.0
  child.margin: left=0.0, top=0.0
  y (accumulated): 771.0
  child.content: x=20.0 (was 20.0), y=771.0 (was 771.0)
  [UPDATE Y] child: text, content_height=0.0, margin.bottom=0.0, total_height=0.0, y after=771.0
  [UPDATE Y] child: div, content_height=59.2, margin.bottom=5.0, total_height=64.2, y after=138.2
  [UPDATE Y] child: div, content_height=59.2, margin.bottom=5.0, total_height=64.2, y after=202.4
[LAYOUT] Child element: div (parent: body)
  parent.content: x=0.0, y=0.0
  parent.padding: left=20.0, top=20.0
  child.margin: left=0.0, top=0.0
  y (accumulated): 771.0
  child.content: x=20.0 (was 20.0), y=771.0 (was 771.0)
  [UPDATE Y] child: div, content_height=334.0, margin.bottom=0.0, total_height=334.0, y after=1105.0
[LAYOUT] Child element: text (parent: body)
  parent.content: x=0.0, y=0.0
  parent.padding: left=20.0, top=20.0
  child.margin: left=0.0, top=0.0
  y (accumulated): 1105.0
  child.content: x=20.0 (was 20.0), y=1105.0 (was 1105.0)
  [UPDATE Y] child: text, content_height=0.0, margin.bottom=0.0, total_height=0.0, y after=1105.0
  [UPDATE Y] child: div, content_height=59.2, margin.bottom=0.0, total_height=59.2, y after=287.8
[LAYOUT] Child element: div (parent: body)
  parent.content: x=0.0, y=0.0
  parent.padding: left=20.0, top=20.0
  child.margin: left=0.0, top=0.0
  y (accumulated): 1105.0
  child.content: x=20.0 (was 20.0), y=1105.0 (was 1105.0)
  [UPDATE Y] child: div, content_height=336.8, margin.bottom=0.0, total_height=336.8, y after=1441.8
[LAYOUT] Child element: text (parent: body)
  parent.content: x=0.0, y=0.0
  parent.padding: left=20.0, top=20.0
  child.margin: left=0.0, top=0.0
  y (accumulated): 1441.8
  child.content: x=20.0 (was 20.0), y=1441.8 (was 1441.8)
  [UPDATE Y] child: text, content_height=0.0, margin.bottom=0.0, total_height=0.0, y after=1441.8
  [UPDATE Y] child: div, content_height=99.2, margin.bottom=5.0, total_height=104.2, y after=119.2
  [UPDATE Y] child: div, content_height=99.2, margin.bottom=5.0, total_height=104.2, y after=223.4
  [UPDATE Y] child: div, content_height=99.2, margin.bottom=5.0, total_height=104.2, y after=327.6
  [UPDATE Y] child: div, content_height=99.2, margin.bottom=5.0, total_height=104.2, y after=431.8
  [UPDATE Y] child: div, content_height=99.2, margin.bottom=5.0, total_height=104.2, y after=536.0
  [UPDATE Y] child: div, content_height=585.0, margin.bottom=0.0, total_height=585.0, y after=697.1
  [UPDATE Y] child: div, content_height=99.2, margin.bottom=5.0, total_height=104.2, y after=119.2
  [UPDATE Y] child: div, content_height=99.2, margin.bottom=5.0, total_height=104.2, y after=223.4
  [UPDATE Y] child: div, content_height=99.2, margin.bottom=5.0, total_height=104.2, y after=327.6
  [UPDATE Y] child: div, content_height=334.0, margin.bottom=0.0, total_height=334.0, y after=1031.1
[LAYOUT] Child element: div (parent: body)
  parent.content: x=0.0, y=0.0
  parent.padding: left=20.0, top=20.0
  child.margin: left=0.0, top=0.0
  y (accumulated): 1441.8
  child.content: x=20.0 (was 20.0), y=1441.8 (was 1441.8)
  [UPDATE Y] child: div, content_height=1031.1, margin.bottom=0.0, total_height=1031.1, y after=2472.8
[LAYOUT] Child element: text (parent: body)
  parent.content: x=0.0, y=0.0
  parent.padding: left=20.0, top=20.0
  child.margin: left=0.0, top=0.0
  y (accumulated): 2472.8
  child.content: x=20.0 (was 20.0), y=2472.8 (was 2472.8)
  [UPDATE Y] child: text, content_height=0.0, margin.bottom=0.0, total_height=0.0, y after=2472.8
  [UPDATE Y] child: div, content_height=79.2, margin.bottom=0.0, total_height=79.2, y after=94.2
  [UPDATE Y] child: div, content_height=79.2, margin.bottom=0.0, total_height=79.2, y after=173.4
  [UPDATE Y] child: div, content_height=79.2, margin.bottom=0.0, total_height=79.2, y after=252.6
  [UPDATE Y] child: div, content_height=79.2, margin.bottom=0.0, total_height=79.2, y after=331.8
  [UPDATE Y] child: div, content_height=79.2, margin.bottom=0.0, total_height=79.2, y after=411.0
  [UPDATE Y] child: div, content_height=79.2, margin.bottom=0.0, total_height=79.2, y after=490.2
  [UPDATE Y] child: div, content_height=79.2, margin.bottom=0.0, total_height=79.2, y after=569.4
  [UPDATE Y] child: div, content_height=79.2, margin.bottom=0.0, total_height=79.2, y after=648.6
  [UPDATE Y] child: div, content_height=697.6, margin.bottom=0.0, total_height=697.6, y after=809.7
[LAYOUT] Child element: div (parent: body)
  parent.content: x=0.0, y=0.0
  parent.padding: left=20.0, top=20.0
  child.margin: left=0.0, top=0.0
  y (accumulated): 2472.8
  child.content: x=20.0 (was 20.0), y=2472.8 (was 2472.8)
  [UPDATE Y] child: div, content_height=809.7, margin.bottom=0.0, total_height=809.7, y after=3282.5
[LAYOUT] Child element: text (parent: body)
  parent.content: x=0.0, y=0.0
  parent.padding: left=20.0, top=20.0
  child.margin: left=0.0, top=0.0
  y (accumulated): 3282.5
  child.content: x=20.0 (was 20.0), y=3282.5 (was 3282.5)
  [UPDATE Y] child: text, content_height=0.0, margin.bottom=0.0, total_height=0.0, y after=3282.5
[LAYOUT] Child element: div (parent: body)
  parent.content: x=0.0, y=0.0
  parent.padding: left=20.0, top=20.0
  child.margin: left=0.0, top=0.0
  y (accumulated): 3282.5
  child.content: x=20.0 (was 20.0), y=3282.5 (was 3282.5)
  [UPDATE Y] child: div, content_height=405.5, margin.bottom=0.0, total_height=405.5, y after=3688.0
[LAYOUT] Child element: text (parent: body)
  parent.content: x=0.0, y=0.0
  parent.padding: left=20.0, top=20.0
  child.margin: left=0.0, top=0.0
  y (accumulated): 3688.0
  child.content: x=20.0 (was 20.0), y=3688.0 (was 3688.0)
  [UPDATE Y] child: text, content_height=0.0, margin.bottom=0.0, total_height=0.0, y after=3688.0
[LAYOUT] Child element: div (parent: body)
  parent.content: x=0.0, y=0.0
  parent.padding: left=20.0, top=20.0
  child.margin: left=0.0, top=0.0
  y (accumulated): 3688.0
  child.content: x=20.0 (was 20.0), y=3688.0 (was 3688.0)
  [UPDATE Y] child: div, content_height=610.3, margin.bottom=0.0, total_height=610.3, y after=4298.4
[LAYOUT] Child element: text (parent: body)
  parent.content: x=0.0, y=0.0
  parent.padding: left=20.0, top=20.0
  child.margin: left=0.0, top=0.0
  y (accumulated): 4298.4
  child.content: x=20.0 (was 20.0), y=4298.4 (was 4298.4)
  [UPDATE Y] child: text, content_height=0.0, margin.bottom=0.0, total_height=0.0, y after=4298.4
  [UPDATE Y] child: div, content_height=117.2, margin.bottom=0.0, total_height=117.2, y after=273.9
[LAYOUT] Child element: div (parent: body)
  parent.content: x=0.0, y=0.0
  parent.padding: left=20.0, top=20.0
  child.margin: left=0.0, top=0.0
  y (accumulated): 4298.4
  child.content: x=20.0 (was 20.0), y=4298.4 (was 4298.4)
  [UPDATE Y] child: div, content_height=343.9, margin.bottom=0.0, total_height=343.9, y after=4642.3
[LAYOUT] Child element: text (parent: body)
  parent.content: x=0.0, y=0.0
  parent.padding: left=20.0, top=20.0
  child.margin: left=0.0, top=0.0
  y (accumulated): 4642.3
  child.content: x=20.0 (was 20.0), y=4642.3 (was 4642.3)
  [UPDATE Y] child: text, content_height=0.0, margin.bottom=0.0, total_height=0.0, y after=4642.3
  [UPDATE Y] child: div, content_height=71.2, margin.bottom=2.0, total_height=73.2, y after=132.4
  [UPDATE Y] child: div, content_height=160.4, margin.bottom=3.0, total_height=163.4, y after=224.6
  [UPDATE Y] child: div, content_height=258.6, margin.bottom=5.0, total_height=263.6, y after=364.1
[LAYOUT] Child element: div (parent: body)
  parent.content: x=0.0, y=0.0
  parent.padding: left=20.0, top=20.0
  child.margin: left=0.0, top=0.0
  y (accumulated): 4642.3
  child.content: x=20.0 (was 20.0), y=4642.3 (was 4642.3)
  [UPDATE Y] child: div, content_height=413.1, margin.bottom=0.0, total_height=413.1, y after=5055.4
[LAYOUT] Child element: text (parent: body)
  parent.content: x=0.0, y=0.0
  parent.padding: left=20.0, top=20.0
  child.margin: left=0.0, top=0.0
  y (accumulated): 5055.4
  child.content: x=20.0 (was 20.0), y=5055.4 (was 5055.4)
  [UPDATE Y] child: text, content_height=0.0, margin.bottom=0.0, total_height=0.0, y after=5055.4
[LAYOUT] Child element: div (parent: body)
  parent.content: x=0.0, y=0.0
  parent.padding: left=20.0, top=20.0
  child.margin: left=0.0, top=0.0
  y (accumulated): 5055.4
  child.content: x=20.0 (was 20.0), y=5055.4 (was 5055.4)
  [UPDATE Y] child: div, content_height=405.5, margin.bottom=0.0, total_height=405.5, y after=5460.9
[LAYOUT] Child element: text (parent: body)
  parent.content: x=0.0, y=0.0
  parent.padding: left=20.0, top=20.0
  child.margin: left=0.0, top=0.0
  y (accumulated): 5460.9
  child.content: x=20.0 (was 20.0), y=5460.9 (was 5460.9)
  [UPDATE Y] child: text, content_height=0.0, margin.bottom=0.0, total_height=0.0, y after=5460.9
  [UPDATE Y] child: div, content_height=222.4, margin.bottom=0.0, total_height=222.4, y after=222.4
  [UPDATE Y] child: div, content_height=91.2, margin.bottom=0.0, total_height=91.2, y after=245.4
  [UPDATE Y] child: div, content_height=294.4, margin.bottom=0.0, total_height=294.4, y after=516.8
  [UPDATE Y] child: div, content_height=516.8, margin.bottom=0.0, total_height=516.8, y after=622.3
  [UPDATE Y] child: div, content_height=115.2, margin.bottom=0.0, total_height=115.2, y after=737.5
[LAYOUT] Child element: div (parent: body)
  parent.content: x=0.0, y=0.0
  parent.padding: left=20.0, top=20.0
  child.margin: left=0.0, top=0.0
  y (accumulated): 5460.9
  child.content: x=20.0 (was 20.0), y=5460.9 (was 5460.9)
  [UPDATE Y] child: div, content_height=803.5, margin.bottom=0.0, total_height=803.5, y after=6264.4
[LAYOUT] Child element: text (parent: body)
  parent.content: x=0.0, y=0.0
  parent.padding: left=20.0, top=20.0
  child.margin: left=0.0, top=0.0
  y (accumulated): 6264.4
  child.content: x=20.0 (was 20.0), y=6264.4 (was 6264.4)
  [UPDATE Y] child: text, content_height=0.0, margin.bottom=0.0, total_height=0.0, y after=6264.4
[LAYOUT] Child element: div (parent: body)
  parent.content: x=0.0, y=0.0
  parent.padding: left=20.0, top=20.0
  child.margin: left=0.0, top=30.0
  y (accumulated): 6264.4
  child.content: x=20.0 (was 20.0), y=6294.4 (was 6294.4)
  [UPDATE Y] child: div, content_height=182.4, margin.bottom=0.0, total_height=182.4, y after=6446.8
[LAYOUT] Child element: body (parent: html)
  parent.content: x=20.0, y=20.0
  parent.padding: left=0.0, top=0.0
  child.margin: left=0.0, top=0.0
  y (accumulated): 0.0
  child.content: x=20.0 (was 0.0), y=20.0 (was 0.0)
  [UPDATE Y] child: body, content_height=6506.8, margin.bottom=0.0, total_height=6506.8, y after=6506.8
[LAYOUT] Element: html, is_root: false
  margin: top=0.0, right=0.0, bottom=0.0, left=0.0
  padding: top=0.0, right=0.0, bottom=0.0, left=0.0
  content: x=20.0, y=20.0, width=1160.0, height=6506.8
  containing_block: width=1160.0, height=6506.8
[LAYOUT] Element: body, is_root: false
  margin: top=0.0, right=0.0, bottom=0.0, left=0.0
  padding: top=20.0, right=20.0, bottom=20.0, left=20.0
  content: x=20.0, y=20.0, width=1120.0, height=6466.8
  containing_block: width=1160.0, height=6506.8
[LAYOUT WARNING] html.content is not (0, 0): x=20.0, y=20.0
[CONTAINING BLOCK] body.content.width=1120.0, child_containing_block.width=1120.0
[WIDTH DEBUG] h1: containing_block.width=1120.0, available_width=1120.0, calculated_width=1116.0
[LAYOUT] Child element: h1 (parent: body)
  parent.content: x=20.0, y=20.0
  parent.padding: left=20.0, top=20.0
  child.margin: left=0.0, top=21.4
  y (accumulated): 20.0
  child.content: x=20.0 (was 20.0), y=61.4 (was 41.4)
  [UPDATE Y] child: h1, content_height=50.0, margin.bottom=21.4, total_height=71.4, y after=91.4
[LAYOUT] Child element: text (parent: body)
  parent.content: x=20.0, y=20.0
  parent.padding: left=20.0, top=20.0
  child.margin: left=0.0, top=0.0
  y (accumulated): 91.4
  child.content: x=20.0 (was 20.0), y=111.4 (was 91.4)
  [UPDATE Y] child: text, content_height=0.0, margin.bottom=0.0, total_height=0.0, y after=91.4
[WIDTH DEBUG] h1: containing_block.width=1086.0, available_width=1086.0, calculated_width=1086.0
[LAYOUT] Child element: h1 (parent: div)
  parent.content: x=20.0, y=91.4
  parent.padding: left=15.0, top=15.0
  child.margin: left=0.0, top=16.1
  y (accumulated): 15.0
  child.content: x=15.0 (was 15.0), y=122.5 (was 122.5)
  [UPDATE Y] child: h1, content_height=62.1, margin.bottom=16.1, total_height=78.2, y after=93.2
  [UPDATE Y] child: div, content_height=96.0, margin.bottom=0.0, total_height=96.0, y after=301.2
[LAYOUT] Child element: div (parent: body)
  parent.content: x=20.0, y=20.0
  parent.padding: left=20.0, top=20.0
  child.margin: left=0.0, top=0.0
  y (accumulated): 91.4
  child.content: x=20.0 (was 20.0), y=111.4 (was 91.4)
  [UPDATE Y] child: div, content_height=350.2, margin.bottom=0.0, total_height=350.2, y after=441.6
[LAYOUT] Child element: text (parent: body)
  parent.content: x=20.0, y=20.0
  parent.padding: left=20.0, top=20.0
  child.margin: left=0.0, top=0.0
  y (accumulated): 441.6
  child.content: x=20.0 (was 20.0), y=461.6 (was 441.6)
  [UPDATE Y] child: text, content_height=0.0, margin.bottom=0.0, total_height=0.0, y after=441.6
[LAYOUT] Child element: div (parent: body)
  parent.content: x=20.0, y=20.0
  parent.padding: left=20.0, top=20.0
  child.margin: left=0.0, top=0.0
  y (accumulated): 441.6
  child.content: x=20.0 (was 20.0), y=461.6 (was 441.6)
  [UPDATE Y] child: div, content_height=329.4, margin.bottom=0.0, total_height=329.4, y after=771.0
[LAYOUT] Child element: text (parent: body)
  parent.content: x=20.0, y=20.0
  parent.padding: left=20.0, top=20.0
  child.margin: left=0.0, top=0.0
  y (accumulated): 771.0
  child.content: x=20.0 (was 20.0), y=791.0 (was 771.0)
  [UPDATE Y] child: text, content_height=0.0, margin.bottom=0.0, total_height=0.0, y after=771.0
  [UPDATE Y] child: div, content_height=59.2, margin.bottom=5.0, total_height=64.2, y after=138.2
  [UPDATE Y] child: div, content_height=59.2, margin.bottom=5.0, total_height=64.2, y after=202.4
[LAYOUT] Child element: div (parent: body)
  parent.content: x=20.0, y=20.0
  parent.padding: left=20.0, top=20.0
  child.margin: left=0.0, top=0.0
  y (accumulated): 771.0
  child.content: x=20.0 (was 20.0), y=791.0 (was 771.0)
  [UPDATE Y] child: div, content_height=334.0, margin.bottom=0.0, total_height=334.0, y after=1105.0
[LAYOUT] Child element: text (parent: body)
  parent.content: x=20.0, y=20.0
  parent.padding: left=20.0, top=20.0
  child.margin: left=0.0, top=0.0
  y (accumulated): 1105.0
  child.content: x=20.0 (was 20.0), y=1125.0 (was 1105.0)
  [UPDATE Y] child: text, content_height=0.0, margin.bottom=0.0, total_height=0.0, y after=1105.0
  [UPDATE Y] child: div, content_height=59.2, margin.bottom=0.0, total_height=59.2, y after=287.8
[LAYOUT] Child element: div (parent: body)
  parent.content: x=20.0, y=20.0
  parent.padding: left=20.0, top=20.0
  child.margin: left=0.0, top=0.0
  y (accumulated): 1105.0
  child.content: x=20.0 (was 20.0), y=1125.0 (was 1105.0)
  [UPDATE Y] child: div, content_height=336.8, margin.bottom=0.0, total_height=336.8, y after=1441.8
[LAYOUT] Child element: text (parent: body)
  parent.content: x=20.0, y=20.0
  parent.padding: left=20.0, top=20.0
  child.margin: left=0.0, top=0.0
  y (accumulated): 1441.8
  child.content: x=20.0 (was 20.0), y=1461.8 (was 1441.8)
  [UPDATE Y] child: text, content_height=0.0, margin.bottom=0.0, total_height=0.0, y after=1441.8
  [UPDATE Y] child: div, content_height=99.2, margin.bottom=5.0, total_height=104.2, y after=119.2
  [UPDATE Y] child: div, content_height=99.2, margin.bottom=5.0, total_height=104.2, y after=223.4
  [UPDATE Y] child: div, content_height=99.2, margin.bottom=5.0, total_height=104.2, y after=327.6
  [UPDATE Y] child: div, content_height=99.2, margin.bottom=5.0, total_height=104.2, y after=431.8
  [UPDATE Y] child: div, content_height=99.2, margin.bottom=5.0, total_height=104.2, y after=536.0
  [UPDATE Y] child: div, content_height=585.0, margin.bottom=0.0, total_height=585.0, y after=697.1
  [UPDATE Y] child: div, content_height=99.2, margin.bottom=5.0, total_height=104.2, y after=119.2
  [UPDATE Y] child: div, content_height=99.2, margin.bottom=5.0, total_height=104.2, y after=223.4
  [UPDATE Y] child: div, content_height=99.2, margin.bottom=5.0, total_height=104.2, y after=327.6
  [UPDATE Y] child: div, content_height=334.0, margin.bottom=0.0, total_height=334.0, y after=1031.1
[LAYOUT] Child element: div (parent: body)
  parent.content: x=20.0, y=20.0
  parent.padding: left=20.0, top=20.0
  child.margin: left=0.0, top=0.0
  y (accumulated): 1441.8
  child.content: x=20.0 (was 20.0), y=1461.8 (was 1441.8)
  [UPDATE Y] child: div, content_height=1031.1, margin.bottom=0.0, total_height=1031.1, y after=2472.8
[LAYOUT] Child element: text (parent: body)
  parent.content: x=20.0, y=20.0
  parent.padding: left=20.0, top=20.0
  child.margin: left=0.0, top=0.0
  y (accumulated): 2472.8
  child.content: x=20.0 (was 20.0), y=2492.8 (was 2472.8)
  [UPDATE Y] child: text, content_height=0.0, margin.bottom=0.0, total_height=0.0, y after=2472.8
  [UPDATE Y] child: div, content_height=79.2, margin.bottom=0.0, total_height=79.2, y after=94.2
  [UPDATE Y] child: div, content_height=79.2, margin.bottom=0.0, total_height=79.2, y after=173.4
  [UPDATE Y] child: div, content_height=79.2, margin.bottom=0.0, total_height=79.2, y after=252.6
  [UPDATE Y] child: div, content_height=79.2, margin.bottom=0.0, total_height=79.2, y after=331.8
  [UPDATE Y] child: div, content_height=79.2, margin.bottom=0.0, total_height=79.2, y after=411.0
  [UPDATE Y] child: div, content_height=79.2, margin.bottom=0.0, total_height=79.2, y after=490.2
  [UPDATE Y] child: div, content_height=79.2, margin.bottom=0.0, total_height=79.2, y after=569.4
  [UPDATE Y] child: div, content_height=79.2, margin.bottom=0.0, total_height=79.2, y after=648.6
  [UPDATE Y] child: div, content_height=697.6, margin.bottom=0.0, total_height=697.6, y after=809.7
[LAYOUT] Child element: div (parent: body)
  parent.content: x=20.0, y=20.0
  parent.padding: left=20.0, top=20.0
  child.margin: left=0.0, top=0.0
  y (accumulated): 2472.8
  child.content: x=20.0 (was 20.0), y=2492.8 (was 2472.8)
  [UPDATE Y] child: div, content_height=809.7, margin.bottom=0.0, total_height=809.7, y after=3282.5
[LAYOUT] Child element: text (parent: body)
  parent.content: x=20.0, y=20.0
  parent.padding: left=20.0, top=20.0
  child.margin: left=0.0, top=0.0
  y (accumulated): 3282.5
  child.content: x=20.0 (was 20.0), y=3302.5 (was 3282.5)
  [UPDATE Y] child: text, content_height=0.0, margin.bottom=0.0, total_height=0.0, y after=3282.5
[LAYOUT] Child element: div (parent: body)
  parent.content: x=20.0, y=20.0
  parent.padding: left=20.0, top=20.0
  child.margin: left=0.0, top=0.0
  y (accumulated): 3282.5
  child.content: x=20.0 (was 20.0), y=3302.5 (was 3282.5)
  [UPDATE Y] child: div, content_height=405.5, margin.bottom=0.0, total_height=405.5, y after=3688.0
[LAYOUT] Child element: text (parent: body)
  parent.content: x=20.0, y=20.0
  parent.padding: left=20.0, top=20.0
  child.margin: left=0.0, top=0.0
  y (accumulated): 3688.0
  child.content: x=20.0 (was 20.0), y=3708.0 (was 3688.0)
  [UPDATE Y] child: text, content_height=0.0, margin.bottom=0.0, total_height=0.0, y after=3688.0
[LAYOUT] Child element: div (parent: body)
  parent.content: x=20.0, y=20.0
  parent.padding: left=20.0, top=20.0
  child.margin: left=0.0, top=0.0
  y (accumulated): 3688.0
  child.content: x=20.0 (was 20.0), y=3708.0 (was 3688.0)
  [UPDATE Y] child: div, content_height=610.3, margin.bottom=0.0, total_height=610.3, y after=4298.4
[LAYOUT] Child element: text (parent: body)
  parent.content: x=20.0, y=20.0
  parent.padding: left=20.0, top=20.0
  child.margin: left=0.0, top=0.0
  y (accumulated): 4298.4
  child.content: x=20.0 (was 20.0), y=4318.4 (was 4298.4)
  [UPDATE Y] child: text, content_height=0.0, margin.bottom=0.0, total_height=0.0, y after=4298.4
  [UPDATE Y] child: div, content_height=117.2, margin.bottom=0.0, total_height=117.2, y after=273.9
[LAYOUT] Child element: div (parent: body)
  parent.content: x=20.0, y=20.0
  parent.padding: left=20.0, top=20.0
  child.margin: left=0.0, top=0.0
  y (accumulated): 4298.4
  child.content: x=20.0 (was 20.0), y=4318.4 (was 4298.4)
  [UPDATE Y] child: div, content_height=343.9, margin.bottom=0.0, total_height=343.9, y after=4642.3
[LAYOUT] Child element: text (parent: body)
  parent.content: x=20.0, y=20.0
  parent.padding: left=20.0, top=20.0
  child.margin: left=0.0, top=0.0
  y (accumulated): 4642.3
  child.content: x=20.0 (was 20.0), y=4662.3 (was 4642.3)
  [UPDATE Y] child: text, content_height=0.0, margin.bottom=0.0, total_height=0.0, y after=4642.3
  [UPDATE Y] child: div, content_height=71.2, margin.bottom=2.0, total_height=73.2, y after=132.4
  [UPDATE Y] child: div, content_height=160.4, margin.bottom=3.0, total_height=163.4, y after=224.6
  [UPDATE Y] child: div, content_height=258.6, margin.bottom=5.0, total_height=263.6, y after=364.1
[LAYOUT] Child element: div (parent: body)
  parent.content: x=20.0, y=20.0
  parent.padding: left=20.0, top=20.0
  child.margin: left=0.0, top=0.0
  y (accumulated): 4642.3
  child.content: x=20.0 (was 20.0), y=4662.3 (was 4642.3)
  [UPDATE Y] child: div, content_height=413.1, margin.bottom=0.0, total_height=413.1, y after=5055.4
[LAYOUT] Child element: text (parent: body)
  parent.content: x=20.0, y=20.0
  parent.padding: left=20.0, top=20.0
  child.margin: left=0.0, top=0.0
  y (accumulated): 5055.4
  child.content: x=20.0 (was 20.0), y=5075.4 (was 5055.4)
  [UPDATE Y] child: text, content_height=0.0, margin.bottom=0.0, total_height=0.0, y after=5055.4
[LAYOUT] Child element: div (parent: body)
  parent.content: x=20.0, y=20.0
  parent.padding: left=20.0, top=20.0
  child.margin: left=0.0, top=0.0
  y (accumulated): 5055.4
  child.content: x=20.0 (was 20.0), y=5075.4 (was 5055.4)
  [UPDATE Y] child: div, content_height=405.5, margin.bottom=0.0, total_height=405.5, y after=5460.9
[LAYOUT] Child element: text (parent: body)
  parent.content: x=20.0, y=20.0
  parent.padding: left=20.0, top=20.0
  child.margin: left=0.0, top=0.0
  y (accumulated): 5460.9
  child.content: x=20.0 (was 20.0), y=5480.9 (was 5460.9)
  [UPDATE Y] child: text, content_height=0.0, margin.bottom=0.0, total_height=0.0, y after=5460.9
  [UPDATE Y] child: div, content_height=222.4, margin.bottom=0.0, total_height=222.4, y after=222.4
  [UPDATE Y] child: div, content_height=91.2, margin.bottom=0.0, total_height=91.2, y after=245.4
  [UPDATE Y] child: div, content_height=294.4, margin.bottom=0.0, total_height=294.4, y after=516.8
  [UPDATE Y] child: div, content_height=516.8, margin.bottom=0.0, total_height=516.8, y after=622.3
  [UPDATE Y] child: div, content_height=115.2, margin.bottom=0.0, total_height=115.2, y after=737.5
[LAYOUT] Child element: div (parent: body)
  parent.content: x=20.0, y=20.0
  parent.padding: left=20.0, top=20.0
  child.margin: left=0.0, top=0.0
  y (accumulated): 5460.9
  child.content: x=20.0 (was 20.0), y=5480.9 (was 5460.9)
  [UPDATE Y] child: div, content_height=803.5, margin.bottom=0.0, total_height=803.5, y after=6264.4
[LAYOUT] Child element: text (parent: body)
  parent.content: x=20.0, y=20.0
  parent.padding: left=20.0, top=20.0
  child.margin: left=0.0, top=0.0
  y (accumulated): 6264.4
  child.content: x=20.0 (was 20.0), y=6284.4 (was 6264.4)
  [UPDATE Y] child: text, content_height=0.0, margin.bottom=0.0, total_height=0.0, y after=6264.4
[LAYOUT] Child element: div (parent: body)
  parent.content: x=20.0, y=20.0
  parent.padding: left=20.0, top=20.0
  child.margin: left=0.0, top=30.0
  y (accumulated): 6264.4
  child.content: x=20.0 (was 20.0), y=6314.4 (was 6294.4)
  [UPDATE Y] child: div, content_height=182.4, margin.bottom=0.0, total_height=182.4, y after=6446.8
[LAYOUT] Child element: body (parent: html)
  parent.content: x=20.0, y=20.0
  parent.padding: left=0.0, top=0.0
  child.margin: left=0.0, top=0.0
  y (accumulated): 0.0
  child.content: x=20.0 (was 20.0), y=20.0 (was 20.0)
  [UPDATE Y] child: body, content_height=6506.8, margin.bottom=0.0, total_height=6506.8, y after=6506.8
[LAYOUT] Element: body, is_root: false
  margin: top=0.0, right=0.0, bottom=0.0, left=0.0
  padding: top=20.0, right=20.0, bottom=20.0, left=20.0
  content: x=20.0, y=20.0, width=1120.0, height=6466.8
  containing_block: width=1160.0, height=6506.8
[LAYOUT WARNING] html.content is not (0, 0): x=20.0, y=20.0
[CONTAINING BLOCK] body.content.width=1120.0, child_containing_block.width=1120.0
[WIDTH DEBUG] h1: containing_block.width=1120.0, available_width=1120.0, calculated_width=1116.0
[LAYOUT] Child element: h1 (parent: body)
  parent.content: x=20.0, y=20.0
  parent.padding: left=20.0, top=20.0
  child.margin: left=0.0, top=21.4
  y (accumulated): 20.0
  child.content: x=20.0 (was 20.0), y=61.4 (was 61.4)
  [UPDATE Y] child: h1, content_height=50.0, margin.bottom=21.4, total_height=71.4, y after=91.4
[LAYOUT] Child element: text (parent: body)
  parent.content: x=20.0, y=20.0
  parent.padding: left=20.0, top=20.0
  child.margin: left=0.0, top=0.0
  y (accumulated): 91.4
  child.content: x=20.0 (was 20.0), y=111.4 (was 111.4)
  [UPDATE Y] child: text, content_height=0.0, margin.bottom=0.0, total_height=0.0, y after=91.4
[WIDTH DEBUG] h1: containing_block.width=1086.0, available_width=1086.0, calculated_width=1086.0
[LAYOUT] Child element: h1 (parent: div)
  parent.content: x=20.0, y=111.4
  parent.padding: left=15.0, top=15.0
  child.margin: left=0.0, top=16.1
  y (accumulated): 15.0
  child.content: x=15.0 (was 15.0), y=142.5 (was 122.5)
  [UPDATE Y] child: h1, content_height=62.1, margin.bottom=16.1, total_height=78.2, y after=93.2
  [UPDATE Y] child: div, content_height=96.0, margin.bottom=0.0, total_height=96.0, y after=301.2
[LAYOUT] Child element: div (parent: body)
  parent.content: x=20.0, y=20.0
  parent.padding: left=20.0, top=20.0
  child.margin: left=0.0, top=0.0
  y (accumulated): 91.4
  child.content: x=20.0 (was 20.0), y=111.4 (was 111.4)
  [UPDATE Y] child: div, content_height=350.2, margin.bottom=0.0, total_height=350.2, y after=441.6
[LAYOUT] Child element: text (parent: body)
  parent.content: x=20.0, y=20.0
  parent.padding: left=20.0, top=20.0
  child.margin: left=0.0, top=0.0
  y (accumulated): 441.6
  child.content: x=20.0 (was 20.0), y=461.6 (was 461.6)
  [UPDATE Y] child: text, content_height=0.0, margin.bottom=0.0, total_height=0.0, y after=441.6
[LAYOUT] Child element: div (parent: body)
  parent.content: x=20.0, y=20.0
  parent.padding: left=20.0, top=20.0
  child.margin: left=0.0, top=0.0
  y (accumulated): 441.6
  child.content: x=20.0 (was 20.0), y=461.6 (was 461.6)
  [UPDATE Y] child: div, content_height=329.4, margin.bottom=0.0, total_height=329.4, y after=771.0
[LAYOUT] Child element: text (parent: body)
  parent.content: x=20.0, y=20.0
  parent.padding: left=20.0, top=20.0
  child.margin: left=0.0, top=0.0
  y (accumulated): 771.0
  child.content: x=20.0 (was 20.0), y=791.0 (was 791.0)
  [UPDATE Y] child: text, content_height=0.0, margin.bottom=0.0, total_height=0.0, y after=771.0
  [UPDATE Y] child: div, content_height=59.2, margin.bottom=5.0, total_height=64.2, y after=138.2
  [UPDATE Y] child: div, content_height=59.2, margin.bottom=5.0, total_height=64.2, y after=202.4
[LAYOUT] Child element: div (parent: body)
  parent.content: x=20.0, y=20.0
  parent.padding: left=20.0, top=20.0
  child.margin: left=0.0, top=0.0
  y (accumulated): 771.0
  child.content: x=20.0 (was 20.0), y=791.0 (was 791.0)
  [UPDATE Y] child: div, content_height=334.0, margin.bottom=0.0, total_height=334.0, y after=1105.0
[LAYOUT] Child element: text (parent: body)
  parent.content: x=20.0, y=20.0
  parent.padding: left=20.0, top=20.0
  child.margin: left=0.0, top=0.0
  y (accumulated): 1105.0
  child.content: x=20.0 (was 20.0), y=1125.0 (was 1125.0)
  [UPDATE Y] child: text, content_height=0.0, margin.bottom=0.0, total_height=0.0, y after=1105.0
  [UPDATE Y] child: div, content_height=59.2, margin.bottom=0.0, total_height=59.2, y after=267.8
[LAYOUT] Child element: div (parent: body)
  parent.content: x=20.0, y=20.0
  parent.padding: left=20.0, top=20.0
  child.margin: left=0.0, top=0.0
  y (accumulated): 1105.0
  child.content: x=20.0 (was 20.0), y=1125.0 (was 1125.0)
  [UPDATE Y] child: div, content_height=336.8, margin.bottom=0.0, total_height=336.8, y after=1441.8
[LAYOUT] Child element: text (parent: body)
  parent.content: x=20.0, y=20.0
  parent.padding: left=20.0, top=20.0
  child.margin: left=0.0, top=0.0
  y (accumulated): 1441.8
  child.content: x=20.0 (was 20.0), y=1461.8 (was 1461.8)
  [UPDATE Y] child: text, content_height=0.0, margin.bottom=0.0, total_height=0.0, y after=1441.8
  [UPDATE Y] child: div, content_height=99.2, margin.bottom=5.0, total_height=104.2, y after=119.2
  [UPDATE Y] child: div, content_height=99.2, margin.bottom=5.0, total_height=104.2, y after=223.4
  [UPDATE Y] child: div, content_height=99.2, margin.bottom=5.0, total_height=104.2, y after=327.6
  [UPDATE Y] child: div, content_height=99.2, margin.bottom=5.0, total_height=104.2, y after=431.8
  [UPDATE Y] child: div, content_height=99.2, margin.bottom=5.0, total_height=104.2, y after=536.0
  [UPDATE Y] child: div, content_height=585.0, margin.bottom=0.0, total_height=585.0, y after=697.1
  [UPDATE Y] child: div, content_height=99.2, margin.bottom=5.0, total_height=104.2, y after=119.2
  [UPDATE Y] child: div, content_height=99.2, margin.bottom=5.0, total_height=104.2, y after=223.4
  [UPDATE Y] child: div, content_height=99.2, margin.bottom=5.0, total_height=104.2, y after=327.6
  [UPDATE Y] child: div, content_height=334.0, margin.bottom=0.0, total_height=334.0, y after=1031.1
[LAYOUT] Child element: div (parent: body)
  parent.content: x=20.0, y=20.0
  parent.padding: left=20.0, top=20.0
  child.margin: left=0.0, top=0.0
  y (accumulated): 1441.8
  child.content: x=20.0 (was 20.0), y=1461.8 (was 1461.8)
  [UPDATE Y] child: div, content_height=1031.1, margin.bottom=0.0, total_height=1031.1, y after=2472.8
[LAYOUT] Child element: text (parent: body)
  parent.content: x=20.0, y=20.0
  parent.padding: left=20.0, top=20.0
  child.margin: left=0.0, top=0.0
  y (accumulated): 2472.8
  child.content: x=20.0 (was 20.0), y=2492.8 (was 2492.8)
  [UPDATE Y] child: text, content_height=0.0, margin.bottom=0.0, total_height=0.0, y after=2472.8
  [UPDATE Y] child: div, content_height=79.2, margin.bottom=0.0, total_height=79.2, y after=94.2
  [UPDATE Y] child: div, content_height=79.2, margin.bottom=0.0, total_height=79.2, y after=173.4
  [UPDATE Y] child: div, content_height=79.2, margin.bottom=0.0, total_height=79.2, y after=252.6
  [UPDATE Y] child: div, content_height=79.2, margin.bottom=0.0, total_height=79.2, y after=331.8
  [UPDATE Y] child: div, content_height=79.2, margin.bottom=0.0, total_height=79.2, y after=411.0
  [UPDATE Y] child: div, content_height=79.2, margin.bottom=0.0, total_height=79.2, y after=490.2
  [UPDATE Y] child: div, content_height=79.2, margin.bottom=0.0, total_height=79.2, y after=569.4
  [UPDATE Y] child: div, content_height=79.2, margin.bottom=0.0, total_height=79.2, y after=648.6
  [UPDATE Y] child: div, content_height=697.6, margin.bottom=0.0, total_height=697.6, y after=809.7
[LAYOUT] Child element: div (parent: body)
  parent.content: x=20.0, y=20.0
  parent.padding: left=20.0, top=20.0
  child.margin: left=0.0, top=0.0
  y (accumulated): 2472.8
  child.content: x=20.0 (was 20.0), y=2492.8 (was 2492.8)
  [UPDATE Y] child: div, content_height=809.7, margin.bottom=0.0, total_height=809.7, y after=3282.5
[LAYOUT] Child element: text (parent: body)
  parent.content: x=20.0, y=20.0
  parent.padding: left=20.0, top=20.0
  child.margin: left=0.0, top=0.0
  y (accumulated): 3282.5
  child.content: x=20.0 (was 20.0), y=3302.5 (was 3302.5)
  [UPDATE Y] child: text, content_height=0.0, margin.bottom=0.0, total_height=0.0, y after=3282.5
[LAYOUT] Child element: div (parent: body)
  parent.content: x=20.0, y=20.0
  parent.padding: left=20.0, top=20.0
  child.margin: left=0.0, top=0.0
  y (accumulated): 3282.5
  child.content: x=20.0 (was 20.0), y=3302.5 (was 3302.5)
  [UPDATE Y] child: div, content_height=405.5, margin.bottom=0.0, total_height=405.5, y after=3688.0
[LAYOUT] Child element: text (parent: body)
  parent.content: x=20.0, y=20.0
  parent.padding: left=20.0, top=20.0
  child.margin: left=0.0, top=0.0
  y (accumulated): 3688.0
  child.content: x=20.0 (was 20.0), y=3708.0 (was 3708.0)
  [UPDATE Y] child: text, content_height=0.0, margin.bottom=0.0, total_height=0.0, y after=3688.0
[LAYOUT] Child element: div (parent: body)
  parent.content: x=20.0, y=20.0
  parent.padding: left=20.0, top=20.0
  child.margin: left=0.0, top=0.0
  y (accumulated): 3688.0
  child.content: x=20.0 (was 20.0), y=3708.0 (was 3708.0)
  [UPDATE Y] child: div, content_height=610.3, margin.bottom=0.0, total_height=610.3, y after=4298.4
[LAYOUT] Child element: text (parent: body)
  parent.content: x=20.0, y=20.0
  parent.padding: left=20.0, top=20.0
  child.margin: left=0.0, top=0.0
  y (accumulated): 4298.4
  child.content: x=20.0 (was 20.0), y=4318.4 (was 4318.4)
  [UPDATE Y] child: text, content_height=0.0, margin.bottom=0.0, total_height=0.0, y after=4298.4
  [UPDATE Y] child: div, content_height=117.2, margin.bottom=0.0, total_height=117.2, y after=273.9
[LAYOUT] Child element: div (parent: body)
  parent.content: x=20.0, y=20.0
  parent.padding: left=20.0, top=20.0
  child.margin: left=0.0, top=0.0
  y (accumulated): 4298.4
  child.content: x=20.0 (was 20.0), y=4318.4 (was 4318.4)
  [UPDATE Y] child: div, content_height=343.9, margin.bottom=0.0, total_height=343.9, y after=4642.3
[LAYOUT] Child element: text (parent: body)
  parent.content: x=20.0, y=20.0
  parent.padding: left=20.0, top=20.0
  child.margin: left=0.0, top=0.0
  y (accumulated): 4642.3
  child.content: x=20.0 (was 20.0), y=4662.3 (was 4662.3)
  [UPDATE Y] child: text, content_height=0.0, margin.bottom=0.0, total_height=0.0, y after=4642.3
  [UPDATE Y] child: div, content_height=71.2, margin.bottom=2.0, total_height=73.2, y after=132.4
  [UPDATE Y] child: div, content_height=160.4, margin.bottom=3.0, total_height=163.4, y after=224.6
  [UPDATE Y] child: div, content_height=258.6, margin.bottom=5.0, total_height=263.6, y after=364.1
[LAYOUT] Child element: div (parent: body)
  parent.content: x=20.0, y=20.0
  parent.padding: left=20.0, top=20.0
  child.margin: left=0.0, top=0.0
  y (accumulated): 4642.3
  child.content: x=20.0 (was 20.0), y=4662.3 (was 4662.3)
  [UPDATE Y] child: div, content_height=413.1, margin.bottom=0.0, total_height=413.1, y after=5055.4
[LAYOUT] Child element: text (parent: body)
  parent.content: x=20.0, y=20.0
  parent.padding: left=20.0, top=20.0
  child.margin: left=0.0, top=0.0
  y (accumulated): 5055.4
  child.content: x=20.0 (was 20.0), y=5075.4 (was 5075.4)
  [UPDATE Y] child: text, content_height=0.0, margin.bottom=0.0, total_height=0.0, y after=5055.4
[LAYOUT] Child element: div (parent: body)
  parent.content: x=20.0, y=20.0
  parent.padding: left=20.0, top=20.0
  child.margin: left=0.0, top=0.0
  y (accumulated): 5055.4
  child.content: x=20.0 (was 20.0), y=5075.4 (was 5075.4)
  [UPDATE Y] child: div, content_height=405.5, margin.bottom=0.0, total_height=405.5, y after=5460.9
[LAYOUT] Child element: text (parent: body)
  parent.content: x=20.0, y=20.0
  parent.padding: left=20.0, top=20.0
  child.margin: left=0.0, top=0.0
  y (accumulated): 5460.9
  child.content: x=20.0 (was 20.0), y=5480.9 (was 5480.9)
  [UPDATE Y] child: text, content_height=0.0, margin.bottom=0.0, total_height=0.0, y after=5460.9
  [UPDATE Y] child: div, content_height=222.4, margin.bottom=0.0, total_height=222.4, y after=222.4
  [UPDATE Y] child: div, content_height=91.2, margin.bottom=0.0, total_height=91.2, y after=245.4
  [UPDATE Y] child: div, content_height=294.4, margin.bottom=0.0, total_height=294.4, y after=516.8
  [UPDATE Y] child: div, content_height=516.8, margin.bottom=0.0, total_height=516.8, y after=622.3
  [UPDATE Y] child: div, content_height=115.2, margin.bottom=0.0, total_height=115.2, y after=737.5
[LAYOUT] Child element: div (parent: body)
  parent.content: x=20.0, y=20.0
  parent.padding: left=20.0, top=20.0
  child.margin: left=0.0, top=0.0
  y (accumulated): 5460.9
  child.content: x=20.0 (was 20.0), y=5480.9 (was 5480.9)
  [UPDATE Y] child: div, content_height=803.5, margin.bottom=0.0, total_height=803.5, y after=6264.4
[LAYOUT] Child element: text (parent: body)
  parent.content: x=20.0, y=20.0
  parent.padding: left=20.0, top=20.0
  child.margin: left=0.0, top=0.0
  y (accumulated): 6264.4
  child.content: x=20.0 (was 20.0), y=6284.4 (was 6284.4)
  [UPDATE Y] child: text, content_height=0.0, margin.bottom=0.0, total_height=0.0, y after=6264.4
[LAYOUT] Child element: div (parent: body)
  parent.content: x=20.0, y=20.0
  parent.padding: left=20.0, top=20.0
  child.margin: left=0.0, top=30.0
  y (accumulated): 6264.4
  child.content: x=20.0 (was 20.0), y=6314.4 (was 6314.4)
  [UPDATE Y] child: div, content_height=182.4, margin.bottom=0.0, total_height=182.4, y after=6446.8
[WIDTH DEBUG] h1: containing_block.width=1120.0, available_width=1120.0, calculated_width=1116.0
[WIDTH DEBUG] h1: containing_block.width=1086.0, available_width=1086.0, calculated_width=1086.0
[LAYOUT] Child element: h1 (parent: div)
  parent.content: x=20.0, y=111.4
  parent.padding: left=15.0, top=15.0
  child.margin: left=0.0, top=16.1
  y (accumulated): 15.0
  child.content: x=15.0 (was 15.0), y=142.5 (was 142.5)
  [UPDATE Y] child: h1, content_height=62.1, margin.bottom=16.1, total_height=78.2, y after=93.2
  [UPDATE Y] child: div, content_height=96.0, margin.bottom=0.0, total_height=96.0, y after=301.2
[WIDTH DEBUG] h1: containing_block.width=1086.0, available_width=1086.0, calculated_width=1086.0
  [UPDATE Y] child: div, content_height=59.2, margin.bottom=5.0, total_height=64.2, y after=138.2
  [UPDATE Y] child: div, content_height=59.2, margin.bottom=5.0, total_height=64.2, y after=202.4
  [UPDATE Y] child: div, content_height=59.2, margin.bottom=0.0, total_height=59.2, y after=267.8
  [UPDATE Y] child: div, content_height=99.2, margin.bottom=5.0, total_height=104.2, y after=119.2
  [UPDATE Y] child: div, content_height=99.2, margin.bottom=5.0, total_height=104.2, y after=223.4
  [UPDATE Y] child: div, content_height=99.2, margin.bottom=5.0, total_height=104.2, y after=327.6
  [UPDATE Y] child: div, content_height=99.2, margin.bottom=5.0, total_height=104.2, y after=431.8
  [UPDATE Y] child: div, content_height=99.2, margin.bottom=5.0, total_height=104.2, y after=536.0
  [UPDATE Y] child: div, content_height=585.0, margin.bottom=0.0, total_height=585.0, y after=697.1
  [UPDATE Y] child: div, content_height=99.2, margin.bottom=5.0, total_height=104.2, y after=119.2
  [UPDATE Y] child: div, content_height=99.2, margin.bottom=5.0, total_height=104.2, y after=223.4
  [UPDATE Y] child: div, content_height=99.2, margin.bottom=5.0, total_height=104.2, y after=327.6
  [UPDATE Y] child: div, content_height=334.0, margin.bottom=0.0, total_height=334.0, y after=1031.1
  [UPDATE Y] child: div, content_height=79.2, margin.bottom=0.0, total_height=79.2, y after=94.2
  [UPDATE Y] child: div, content_height=79.2, margin.bottom=0.0, total_height=79.2, y after=173.4
  [UPDATE Y] child: div, content_height=79.2, margin.bottom=0.0, total_height=79.2, y after=252.6
  [UPDATE Y] child: div, content_height=79.2, margin.bottom=0.0, total_height=79.2, y after=331.8
  [UPDATE Y] child: div, content_height=79.2, margin.bottom=0.0, total_height=79.2, y after=411.0
  [UPDATE Y] child: div, content_height=79.2, margin.bottom=0.0, total_height=79.2, y after=490.2
  [UPDATE Y] child: div, content_height=79.2, margin.bottom=0.0, total_height=79.2, y after=569.4
  [UPDATE Y] child: div, content_height=79.2, margin.bottom=0.0, total_height=79.2, y after=648.6
  [UPDATE Y] child: div, content_height=697.6, margin.bottom=0.0, total_height=697.6, y after=809.7
  [UPDATE Y] child: div, content_height=117.2, margin.bottom=0.0, total_height=117.2, y after=273.9
  [UPDATE Y] child: div, content_height=71.2, margin.bottom=2.0, total_height=73.2, y after=132.4
  [UPDATE Y] child: div, content_height=160.4, margin.bottom=3.0, total_height=163.4, y after=224.6
  [UPDATE Y] child: div, content_height=258.6, margin.bottom=5.0, total_height=263.6, y after=364.1
  [UPDATE Y] child: div, content_height=71.2, margin.bottom=2.0, total_height=73.2, y after=132.4
  [UPDATE Y] child: div, content_height=160.4, margin.bottom=3.0, total_height=163.4, y after=224.6
  [UPDATE Y] child: div, content_height=71.2, margin.bottom=2.0, total_height=73.2, y after=132.4
  [UPDATE Y] child: div, content_height=222.4, margin.bottom=0.0, total_height=222.4, y after=222.4
  [UPDATE Y] child: div, content_height=91.2, margin.bottom=0.0, total_height=91.2, y after=245.4
  [UPDATE Y] child: div, content_height=294.4, margin.bottom=0.0, total_height=294.4, y after=516.8
  [UPDATE Y] child: div, content_height=516.8, margin.bottom=0.0, total_height=516.8, y after=622.3
  [UPDATE Y] child: div, content_height=115.2, margin.bottom=0.0, total_height=115.2, y after=737.5

=== Element Layout Info ===
Tag: html

Box Model:
  Margin: top=0.00, right=0.00, bottom=0.00, left=0.00
  Border: top=0.00, right=0.00, bottom=0.00, left=0.00
  Padding: top=0.00, right=0.00, bottom=0.00, left=0.00
  Content: x=0.00, y=0.00, width=1200.00, height=6586.84
  Total Size: width=1200.00, height=6586.84
  Actual Position (content box): x=0.00, y=0.00
  Position (with margin): x=0.00, y=0.00

Computed Styles:
  display: block
==========================


=== Element Layout Info ===
Tag: body

Box Model:
  Margin: top=0.00, right=0.00, bottom=0.00, left=0.00
  Border: top=0.00, right=0.00, bottom=0.00, left=0.00
  Padding: top=20.00, right=20.00, bottom=20.00, left=20.00
  Content: x=0.00, y=0.00, width=1160.00, height=6546.84
  Total Size: width=1200.00, height=6586.84
  Actual Position (content box): x=0.00, y=0.00
  Position (with margin): x=0.00, y=0.00

Computed Styles:
  display: block
==========================


=== Element Layout Info ===
Tag: h1

Box Model:
  Margin: top=21.44, right=0.00, bottom=21.44, left=0.00
  Border: top=2.00, right=2.00, bottom=2.00, left=2.00
  Padding: top=0.00, right=0.00, bottom=0.00, left=0.00
  Content: x=20.00, y=61.44, width=1116.00, height=46.00
  Total Size: width=1120.00, height=50.00
  Actual Position (content box): x=20.00, y=61.44
  Position (with margin): x=20.00, y=40.00

Computed Styles:
  display: block
==========================

[FONT] font-size parsed: 32.0px
[FONT] font-size parsed: 32.0px
[STYLE] h1 font-size parsed: 32.0px
[STYLE] p font-size parsed: 32.0px
[LAYOUT] Element: html, is_root: true
  margin: top=0.0, right=0.0, bottom=0.0, left=0.0
  padding: top=0.0, right=0.0, bottom=0.0, left=0.0
  content: x=0.0, y=0.0, width=1200.0, height=0.0
  containing_block: width=1200.0, height=800.0
[LAYOUT] Root element (html) position set to (0, 0)
[LAYOUT] Element: body, is_root: false
  margin: top=0.0, right=0.0, bottom=0.0, left=0.0
  padding: top=20.0, right=20.0, bottom=20.0, left=20.0
  content: x=0.0, y=0.0, width=1160.0, height=0.0
  containing_block: width=1200.0, height=800.0
[LAYOUT] Body element position set: x=0.0, y=0.0 (margin: left=0.0, top=0.0)
[LAYOUT] Element: html, is_root: false
  margin: top=0.0, right=0.0, bottom=0.0, left=0.0
  padding: top=0.0, right=0.0, bottom=0.0, left=0.0
  content: x=0.0, y=0.0, width=1160.0, height=0.0
  containing_block: width=1160.0, height=800.0
[LAYOUT] Element: body, is_root: false
  margin: top=0.0, right=0.0, bottom=0.0, left=0.0
  padding: top=20.0, right=20.0, bottom=20.0, left=20.0
  content: x=0.0, y=0.0, width=1120.0, height=0.0
  containing_block: width=1160.0, height=800.0
[LAYOUT] Body element position set: x=0.0, y=0.0 (margin: left=0.0, top=0.0)
[CONTAINING BLOCK] body.content.width=1120.0, child_containing_block.width=1120.0
[WIDTH DEBUG] h1: containing_block.width=1120.0, available_width=1120.0, calculated_width=1120.0
  [TEXT HEIGHT] text: "ZBrowser功能测试...", font_size=32.0, line_height=46.0, height=46.0
[LAYOUT] Child element: h1 (parent: body)
  parent.content: x=0.0, y=0.0
  parent.padding: left=20.0, top=20.0
  child.margin: left=0.0, top=21.4
  y (accumulated): 20.0
  child.content: x=20.0 (was 0.0), y=41.4 (was 0.0)
  [UPDATE Y] child: h1, content_height=50.0, margin.bottom=21.4, total_height=71.4, y after=91.4
[LAYOUT] Child element: text (parent: body)
  parent.content: x=0.0, y=0.0
  parent.padding: left=20.0, top=20.0
  child.margin: left=0.0, top=0.0
  y (accumulated): 91.4
  child.content: x=20.0 (was 0.0), y=91.4 (was 0.0)
  [UPDATE Y] child: text, content_height=0.0, margin.bottom=0.0, total_height=0.0, y after=91.4
[WIDTH DEBUG] h1: containing_block.width=1086.0, available_width=1086.0, calculated_width=1086.0
  [TEXT HEIGHT] text: "块级布局测试...", font_size=32.0, line_height=46.0, height=46.0
[LAYOUT] Child element: h1 (parent: div)
  parent.content: x=0.0, y=0.0
  parent.padding: left=15.0, top=15.0
  child.margin: left=0.0, top=16.1
  y (accumulated): 15.0
  child.content: x=15.0 (was 0.0), y=31.1 (was 0.0)
  [UPDATE Y] child: h1, content_height=62.1, margin.bottom=16.1, total_height=78.2, y after=93.2
  [TEXT HEIGHT] text: "这是一个块级�...", font_size=16.0, line_height=24.0, height=24.0
  [TEXT HEIGHT] text: "这是另一个段�...", font_size=16.0, line_height=24.0, height=24.0
  [TEXT HEIGHT] text: "嵌套的div块级�...", font_size=16.0, line_height=24.0, height=24.0
  [UPDATE Y] child: div, content_height=96.0, margin.bottom=0.0, total_height=96.0, y after=301.2
[LAYOUT] Child element: div (parent: body)
  parent.content: x=0.0, y=0.0
  parent.padding: left=20.0, top=20.0
  child.margin: left=0.0, top=0.0
  y (accumulated): 91.4
  child.content: x=20.0 (was 0.0), y=91.4 (was 0.0)
  [UPDATE Y] child: div, content_height=350.2, margin.bottom=0.0, total_height=350.2, y after=441.6
[LAYOUT] Child element: text (parent: body)
  parent.content: x=0.0, y=0.0
  parent.padding: left=20.0, top=20.0
  child.margin: left=0.0, top=0.0
  y (accumulated): 441.6
  child.content: x=20.0 (was 0.0), y=441.6 (was 0.0)
  [UPDATE Y] child: text, content_height=0.0, margin.bottom=0.0, total_height=0.0, y after=441.6
  [TEXT HEIGHT] text: "
      这是行内�...", font_size=16.0, line_height=19.2, height=19.2
  [TEXT HEIGHT] text: "行内元素不会�...", font_size=16.0, line_height=19.2, height=19.2
[LAYOUT] Child element: div (parent: body)
  parent.content: x=0.0, y=0.0
  parent.padding: left=20.0, top=20.0
  child.margin: left=0.0, top=0.0
  y (accumulated): 441.6
  child.content: x=20.0 (was 0.0), y=441.6 (was 0.0)
  [UPDATE Y] child: div, content_height=329.4, margin.bottom=0.0, total_height=329.4, y after=771.0
[LAYOUT] Child element: text (parent: body)
  parent.content: x=0.0, y=0.0
  parent.padding: left=20.0, top=20.0
  child.margin: left=0.0, top=0.0
  y (accumulated): 771.0
  child.content: x=20.0 (was 0.0), y=771.0 (was 0.0)
  [UPDATE Y] child: text, content_height=0.0, margin.bottom=0.0, total_height=0.0, y after=771.0
  [UPDATE Y] child: div, content_height=59.2, margin.bottom=5.0, total_height=64.2, y after=138.2
  [UPDATE Y] child: div, content_height=59.2, margin.bottom=5.0, total_height=64.2, y after=202.4
[LAYOUT] Child element: div (parent: body)
  parent.content: x=0.0, y=0.0
  parent.padding: left=20.0, top=20.0
  child.margin: left=0.0, top=0.0
  y (accumulated): 771.0
  child.content: x=20.0 (was 0.0), y=771.0 (was 0.0)
  [UPDATE Y] child: div, content_height=334.0, margin.bottom=0.0, total_height=334.0, y after=1105.0
[LAYOUT] Child element: text (parent: body)
  parent.content: x=0.0, y=0.0
  parent.padding: left=20.0, top=20.0
  child.margin: left=0.0, top=0.0
  y (accumulated): 1105.0
  child.content: x=20.0 (was 0.0), y=1105.0 (was 0.0)
  [UPDATE Y] child: text, content_height=0.0, margin.bottom=0.0, total_height=0.0, y after=1105.0
  [TEXT HEIGHT] text: "左浮动元素...", font_size=16.0, line_height=19.2, height=19.2
  [TEXT HEIGHT] text: "这个元素会浮�...", font_size=16.0, line_height=19.2, height=19.2
  [TEXT HEIGHT] text: "右浮动元素...", font_size=16.0, line_height=19.2, height=19.2
  [TEXT HEIGHT] text: "这个元素会浮�...", font_size=16.0, line_height=19.2, height=19.2
  [TEXT HEIGHT] text: "这是正常流中�...", font_size=16.0, line_height=19.2, height=19.2
  [UPDATE Y] child: div, content_height=59.2, margin.bottom=0.0, total_height=59.2, y after=287.8
[LAYOUT] Child element: div (parent: body)
  parent.content: x=0.0, y=0.0
  parent.padding: left=20.0, top=20.0
  child.margin: left=0.0, top=0.0
  y (accumulated): 1105.0
  child.content: x=20.0 (was 0.0), y=1105.0 (was 0.0)
  [UPDATE Y] child: div, content_height=336.8, margin.bottom=0.0, total_height=336.8, y after=1441.8
[LAYOUT] Child element: text (parent: body)
  parent.content: x=0.0, y=0.0
  parent.padding: left=20.0, top=20.0
  child.margin: left=0.0, top=0.0
  y (accumulated): 1441.8
  child.content: x=20.0 (was 0.0), y=1441.8 (was 0.0)
  [UPDATE Y] child: text, content_height=0.0, margin.bottom=0.0, total_height=0.0, y after=1441.8
  [UPDATE Y] child: div, content_height=99.2, margin.bottom=5.0, total_height=104.2, y after=119.2
  [UPDATE Y] child: div, content_height=99.2, margin.bottom=5.0, total_height=104.2, y after=223.4
  [UPDATE Y] child: div, content_height=99.2, margin.bottom=5.0, total_height=104.2, y after=327.6
  [UPDATE Y] child: div, content_height=99.2, margin.bottom=5.0, total_height=104.2, y after=431.8
  [UPDATE Y] child: div, content_height=99.2, margin.bottom=5.0, total_height=104.2, y after=536.0
  [UPDATE Y] child: div, content_height=585.0, margin.bottom=0.0, total_height=585.0, y after=697.1
  [UPDATE Y] child: div, content_height=99.2, margin.bottom=5.0, total_height=104.2, y after=119.2
  [UPDATE Y] child: div, content_height=99.2, margin.bottom=5.0, total_height=104.2, y after=223.4
  [UPDATE Y] child: div, content_height=99.2, margin.bottom=5.0, total_height=104.2, y after=327.6
  [UPDATE Y] child: div, content_height=334.0, margin.bottom=0.0, total_height=334.0, y after=1031.1
[LAYOUT] Child element: div (parent: body)
  parent.content: x=0.0, y=0.0
  parent.padding: left=20.0, top=20.0
  child.margin: left=0.0, top=0.0
  y (accumulated): 1441.8
  child.content: x=20.0 (was 0.0), y=1441.8 (was 0.0)
  [UPDATE Y] child: div, content_height=1031.1, margin.bottom=0.0, total_height=1031.1, y after=2472.8
[LAYOUT] Child element: text (parent: body)
  parent.content: x=0.0, y=0.0
  parent.padding: left=20.0, top=20.0
  child.margin: left=0.0, top=0.0
  y (accumulated): 2472.8
  child.content: x=20.0 (was 0.0), y=2472.8 (was 0.0)
  [UPDATE Y] child: text, content_height=0.0, margin.bottom=0.0, total_height=0.0, y after=2472.8
  [UPDATE Y] child: div, content_height=79.2, margin.bottom=0.0, total_height=79.2, y after=94.2
  [UPDATE Y] child: div, content_height=79.2, margin.bottom=0.0, total_height=79.2, y after=173.4
  [UPDATE Y] child: div, content_height=79.2, margin.bottom=0.0, total_height=79.2, y after=252.6
  [UPDATE Y] child: div, content_height=79.2, margin.bottom=0.0, total_height=79.2, y after=331.8
  [UPDATE Y] child: div, content_height=79.2, margin.bottom=0.0, total_height=79.2, y after=411.0
  [UPDATE Y] child: div, content_height=79.2, margin.bottom=0.0, total_height=79.2, y after=490.2
  [UPDATE Y] child: div, content_height=79.2, margin.bottom=0.0, total_height=79.2, y after=569.4
  [UPDATE Y] child: div, content_height=79.2, margin.bottom=0.0, total_height=79.2, y after=648.6
  [UPDATE Y] child: div, content_height=697.6, margin.bottom=0.0, total_height=697.6, y after=809.7
[LAYOUT] Child element: div (parent: body)
  parent.content: x=0.0, y=0.0
  parent.padding: left=20.0, top=20.0
  child.margin: left=0.0, top=0.0
  y (accumulated): 2472.8
  child.content: x=20.0 (was 0.0), y=2472.8 (was 0.0)
  [UPDATE Y] child: div, content_height=809.7, margin.bottom=0.0, total_height=809.7, y after=3282.5
[LAYOUT] Child element: text (parent: body)
  parent.content: x=0.0, y=0.0
  parent.padding: left=20.0, top=20.0
  child.margin: left=0.0, top=0.0
  y (accumulated): 3282.5
  child.content: x=20.0 (was 0.0), y=3282.5 (was 0.0)
  [UPDATE Y] child: text, content_height=0.0, margin.bottom=0.0, total_height=0.0, y after=3282.5
  [TEXT HEIGHT] text: "大号文本（32px�...", font_size=16.0, line_height=19.2, height=19.2
  [TEXT HEIGHT] text: "中等文本（20px�...", font_size=16.0, line_height=19.2, height=19.2
  [TEXT HEIGHT] text: "小号文本（12px�...", font_size=16.0, line_height=19.2, height=19.2
  [TEXT HEIGHT] text: "下划线文本...", font_size=16.0, line_height=19.2, height=19.2
  [TEXT HEIGHT] text: "删除线文本...", font_size=16.0, line_height=19.2, height=19.2
[LAYOUT] Child element: div (parent: body)
  parent.content: x=0.0, y=0.0
  parent.padding: left=20.0, top=20.0
  child.margin: left=0.0, top=0.0
  y (accumulated): 3282.5
  child.content: x=20.0 (was 0.0), y=3282.5 (was 0.0)
  [UPDATE Y] child: div, content_height=405.5, margin.bottom=0.0, total_height=405.5, y after=3688.0
[LAYOUT] Child element: text (parent: body)
  parent.content: x=0.0, y=0.0
  parent.padding: left=20.0, top=20.0
  child.margin: left=0.0, top=0.0
  y (accumulated): 3688.0
  child.content: x=20.0 (was 0.0), y=3688.0 (was 0.0)
  [UPDATE Y] child: text, content_height=0.0, margin.bottom=0.0, total_height=0.0, y after=3688.0
  [TEXT HEIGHT] text: "这是一个测试�...", font_size=16.0, line_height=25.6, height=25.6
  [TEXT HEIGHT] text: "這是一個測試�...", font_size=16.0, line_height=25.6, height=25.6
  [TEXT HEIGHT] text: "これはテスト�...", font_size=16.0, line_height=25.6, height=25.6
  [TEXT HEIGHT] text: "이것은 테스트 ...", font_size=16.0, line_height=25.6, height=25.6
  [TEXT HEIGHT] text: "This is a test page ...", font_size=16.0, line_height=25.6, height=25.6
  [TEXT HEIGHT] text: "混合文本 Mixed T...", font_size=16.0, line_height=25.6, height=25.6
[LAYOUT] Child element: div (parent: body)
  parent.content: x=0.0, y=0.0
  parent.padding: left=20.0, top=20.0
  child.margin: left=0.0, top=0.0
  y (accumulated): 3688.0
  child.content: x=20.0 (was 0.0), y=3688.0 (was 0.0)
  [UPDATE Y] child: div, content_height=610.3, margin.bottom=0.0, total_height=610.3, y after=4298.4
[LAYOUT] Child element: text (parent: body)
  parent.content: x=0.0, y=0.0
  parent.padding: left=20.0, top=20.0
  child.margin: left=0.0, top=0.0
  y (accumulated): 4298.4
  child.content: x=20.0 (was 0.0), y=4298.4 (was 0.0)
  [UPDATE Y] child: text, content_height=0.0, margin.bottom=0.0, total_height=0.0, y after=4298.4
  [TEXT HEIGHT] text: "这个区域有实�...", font_size=16.0, line_height=19.2, height=19.2
  [TEXT HEIGHT] text: "这个区域有虚�...", font_size=16.0, line_height=19.2, height=19.2
  [UPDATE Y] child: div, content_height=117.2, margin.bottom=0.0, total_height=117.2, y after=273.9
[LAYOUT] Child element: div (parent: body)
  parent.content: x=0.0, y=0.0
  parent.padding: left=20.0, top=20.0
  child.margin: left=0.0, top=0.0
  y (accumulated): 4298.4
  child.content: x=20.0 (was 0.0), y=4298.4 (was 0.0)
  [UPDATE Y] child: div, content_height=343.9, margin.bottom=0.0, total_height=343.9, y after=4642.3
[LAYOUT] Child element: text (parent: body)
  parent.content: x=0.0, y=0.0
  parent.padding: left=20.0, top=20.0
  child.margin: left=0.0, top=0.0
  y (accumulated): 4642.3
  child.content: x=20.0 (was 0.0), y=4642.3 (was 0.0)
  [UPDATE Y] child: text, content_height=0.0, margin.bottom=0.0, total_height=0.0, y after=4642.3
  [TEXT HEIGHT] text: "第一层嵌套...", font_size=16.0, line_height=19.2, height=19.2
  [TEXT HEIGHT] text: "第二层嵌套...", font_size=16.0, line_height=19.2, height=19.2
  [TEXT HEIGHT] text: "第三层嵌套...", font_size=16.0, line_height=19.2, height=19.2
  [UPDATE Y] child: div, content_height=71.2, margin.bottom=2.0, total_height=73.2, y after=132.4
  [UPDATE Y] child: div, content_height=160.4, margin.bottom=3.0, total_height=163.4, y after=224.6
  [UPDATE Y] child: div, content_height=258.6, margin.bottom=5.0, total_height=263.6, y after=364.1
[LAYOUT] Child element: div (parent: body)
  parent.content: x=0.0, y=0.0
  parent.padding: left=20.0, top=20.0
  child.margin: left=0.0, top=0.0
  y (accumulated): 4642.3
  child.content: x=20.0 (was 0.0), y=4642.3 (was 0.0)
  [UPDATE Y] child: div, content_height=413.1, margin.bottom=0.0, total_height=413.1, y after=5055.4
[LAYOUT] Child element: text (parent: body)
  parent.content: x=0.0, y=0.0
  parent.padding: left=20.0, top=20.0
  child.margin: left=0.0, top=0.0
  y (accumulated): 5055.4
  child.content: x=20.0 (was 0.0), y=5055.4 (was 0.0)
  [UPDATE Y] child: text, content_height=0.0, margin.bottom=0.0, total_height=0.0, y after=5055.4
  [TEXT HEIGHT] text: "HTML实体：<div> &...", font_size=16.0, line_height=19.2, height=19.2
  [TEXT HEIGHT] text: "Unicode字符：© �...", font_size=16.0, line_height=19.2, height=19.2
  [TEXT HEIGHT] text: "数学符号：∑ �...", font_size=16.0, line_height=19.2, height=19.2
  [TEXT HEIGHT] text: "箭头符号：← �...", font_size=16.0, line_height=19.2, height=19.2
  [TEXT HEIGHT] text: "Emoji：😀 😃 �...", font_size=16.0, line_height=19.2, height=19.2
[LAYOUT] Child element: div (parent: body)
  parent.content: x=0.0, y=0.0
  parent.padding: left=20.0, top=20.0
  child.margin: left=0.0, top=0.0
  y (accumulated): 5055.4
  child.content: x=20.0 (was 0.0), y=5055.4 (was 0.0)
  [UPDATE Y] child: div, content_height=405.5, margin.bottom=0.0, total_height=405.5, y after=5460.9
[LAYOUT] Child element: text (parent: body)
  parent.content: x=0.0, y=0.0
  parent.padding: left=20.0, top=20.0
  child.margin: left=0.0, top=0.0
  y (accumulated): 5460.9
  child.content: x=20.0 (was 0.0), y=5460.9 (was 0.0)
  [UPDATE Y] child: text, content_height=0.0, margin.bottom=0.0, total_height=0.0, y after=5460.9
  [TEXT HEIGHT] text: "包含块级和行�...", font_size=16.0, line_height=19.2, height=19.2
  [UPDATE Y] child: div, content_height=222.4, margin.bottom=0.0, total_height=222.4, y after=222.4
  [TEXT HEIGHT] text: "另一个Flex子项�...", font_size=16.0, line_height=19.2, height=19.2
  [TEXT HEIGHT] text: "嵌套的div...", font_size=16.0, line_height=19.2, height=19.2
  [UPDATE Y] child: div, content_height=91.2, margin.bottom=0.0, total_height=91.2, y after=245.4
  [UPDATE Y] child: div, content_height=294.4, margin.bottom=0.0, total_height=294.4, y after=516.8
  [UPDATE Y] child: div, content_height=516.8, margin.bottom=0.0, total_height=516.8, y after=622.3
  [TEXT HEIGHT] text: "相对定位容器...", font_size=16.0, line_height=19.2, height=19.2
  [UPDATE Y] child: div, content_height=115.2, margin.bottom=0.0, total_height=115.2, y after=737.5
[LAYOUT] Child element: div (parent: body)
  parent.content: x=0.0, y=0.0
  parent.padding: left=20.0, top=20.0
  child.margin: left=0.0, top=0.0
  y (accumulated): 5460.9
  child.content: x=20.0 (was 0.0), y=5460.9 (was 0.0)
  [UPDATE Y] child: div, content_height=803.5, margin.bottom=0.0, total_height=803.5, y after=6264.4
[LAYOUT] Child element: text (parent: body)
  parent.content: x=0.0, y=0.0
  parent.padding: left=20.0, top=20.0
  child.margin: left=0.0, top=0.0
  y (accumulated): 6264.4
  child.content: x=20.0 (was 0.0), y=6264.4 (was 0.0)
  [UPDATE Y] child: text, content_height=0.0, margin.bottom=0.0, total_height=0.0, y after=6264.4
  [TEXT HEIGHT] text: "ZBrowser功能测试...", font_size=16.0, line_height=19.2, height=19.2
  [TEXT HEIGHT] text: "包含：块级布�...", font_size=16.0, line_height=19.2, height=19.2
[LAYOUT] Child element: div (parent: body)
  parent.content: x=0.0, y=0.0
  parent.padding: left=20.0, top=20.0
  child.margin: left=0.0, top=30.0
  y (accumulated): 6264.4
  child.content: x=20.0 (was 0.0), y=6294.4 (was 0.0)
  [UPDATE Y] child: div, content_height=182.4, margin.bottom=0.0, total_height=182.4, y after=6446.8
[LAYOUT] Child element: body (parent: html)
  parent.content: x=0.0, y=0.0
  parent.padding: left=0.0, top=0.0
  child.margin: left=0.0, top=0.0
  y (accumulated): 0.0
  child.content: x=0.0 (was 0.0), y=0.0 (was 0.0)
  [UPDATE Y] child: body, content_height=6506.8, margin.bottom=0.0, total_height=6506.8, y after=6506.8
[LAYOUT] Child element: !DOCTYPE (parent: body)
  parent.content: x=0.0, y=0.0
  parent.padding: left=20.0, top=20.0
  child.margin: left=0.0, top=0.0
  y (accumulated): 20.0
  child.content: x=20.0 (was 0.0), y=20.0 (was 0.0)
  [UPDATE Y] child: !DOCTYPE, content_height=6506.8, margin.bottom=0.0, total_height=6506.8, y after=6526.8
[LAYOUT] Child element: body (parent: html)
  parent.content: x=0.0, y=0.0
  parent.padding: left=0.0, top=0.0
  child.margin: left=0.0, top=0.0
  y (accumulated): 0.0
  child.content: x=0.0 (was 0.0), y=0.0 (was 0.0)
  [UPDATE Y] child: body, content_height=6586.8, margin.bottom=0.0, total_height=6586.8, y after=6586.8
[LAYOUT] Element: body, is_root: false
  margin: top=0.0, right=0.0, bottom=0.0, left=0.0
  padding: top=20.0, right=20.0, bottom=20.0, left=20.0
  content: x=0.0, y=0.0, width=1160.0, height=6546.8
  containing_block: width=1200.0, height=6586.8
[LAYOUT] Body element position set: x=0.0, y=0.0 (margin: left=0.0, top=0.0)
[LAYOUT] Element: html, is_root: false
  margin: top=0.0, right=0.0, bottom=0.0, left=0.0
  padding: top=0.0, right=0.0, bottom=0.0, left=0.0
  content: x=0.0, y=0.0, width=1160.0, height=6506.8
  containing_block: width=1160.0, height=6586.8
[LAYOUT] Element: body, is_root: false
  margin: top=0.0, right=0.0, bottom=0.0, left=0.0
  padding: top=20.0, right=20.0, bottom=20.0, left=20.0
  content: x=0.0, y=0.0, width=1120.0, height=6466.8
  containing_block: width=1160.0, height=6586.8
[LAYOUT] Body element position set: x=0.0, y=0.0 (margin: left=0.0, top=0.0)
[CONTAINING BLOCK] body.content.width=1120.0, child_containing_block.width=1120.0
[WIDTH DEBUG] h1: containing_block.width=1120.0, available_width=1120.0, calculated_width=1116.0
[LAYOUT] Child element: h1 (parent: body)
  parent.content: x=0.0, y=0.0
  parent.padding: left=20.0, top=20.0
  child.margin: left=0.0, top=21.4
  y (accumulated): 20.0
  child.content: x=20.0 (was 20.0), y=41.4 (was 41.4)
  [UPDATE Y] child: h1, content_height=50.0, margin.bottom=21.4, total_height=71.4, y after=91.4
[LAYOUT] Child element: text (parent: body)
  parent.content: x=0.0, y=0.0
  parent.padding: left=20.0, top=20.0
  child.margin: left=0.0, top=0.0
  y (accumulated): 91.4
  child.content: x=20.0 (was 20.0), y=91.4 (was 91.4)
  [UPDATE Y] child: text, content_height=0.0, margin.bottom=0.0, total_height=0.0, y after=91.4
[WIDTH DEBUG] h1: containing_block.width=1086.0, available_width=1086.0, calculated_width=1086.0
[LAYOUT] Child element: h1 (parent: div)
  parent.content: x=20.0, y=91.4
  parent.padding: left=15.0, top=15.0
  child.margin: left=0.0, top=16.1
  y (accumulated): 15.0
  child.content: x=15.0 (was 15.0), y=122.5 (was 31.1)
  [UPDATE Y] child: h1, content_height=62.1, margin.bottom=16.1, total_height=78.2, y after=93.2
  [UPDATE Y] child: div, content_height=96.0, margin.bottom=0.0, total_height=96.0, y after=301.2
[LAYOUT] Child element: div (parent: body)
  parent.content: x=0.0, y=0.0
  parent.padding: left=20.0, top=20.0
  child.margin: left=0.0, top=0.0
  y (accumulated): 91.4
  child.content: x=20.0 (was 20.0), y=91.4 (was 91.4)
  [UPDATE Y] child: div, content_height=350.2, margin.bottom=0.0, total_height=350.2, y after=441.6
[LAYOUT] Child element: text (parent: body)
  parent.content: x=0.0, y=0.0
  parent.padding: left=20.0, top=20.0
  child.margin: left=0.0, top=0.0
  y (accumulated): 441.6
  child.content: x=20.0 (was 20.0), y=441.6 (was 441.6)
  [UPDATE Y] child: text, content_height=0.0, margin.bottom=0.0, total_height=0.0, y after=441.6
[LAYOUT] Child element: div (parent: body)
  parent.content: x=0.0, y=0.0
  parent.padding: left=20.0, top=20.0
  child.margin: left=0.0, top=0.0
  y (accumulated): 441.6
  child.content: x=20.0 (was 20.0), y=441.6 (was 441.6)
  [UPDATE Y] child: div, content_height=329.4, margin.bottom=0.0, total_height=329.4, y after=771.0
[LAYOUT] Child element: text (parent: body)
  parent.content: x=0.0, y=0.0
  parent.padding: left=20.0, top=20.0
  child.margin: left=0.0, top=0.0
  y (accumulated): 771.0
  child.content: x=20.0 (was 20.0), y=771.0 (was 771.0)
  [UPDATE Y] child: text, content_height=0.0, margin.bottom=0.0, total_height=0.0, y after=771.0
  [UPDATE Y] child: div, content_height=59.2, margin.bottom=5.0, total_height=64.2, y after=138.2
  [UPDATE Y] child: div, content_height=59.2, margin.bottom=5.0, total_height=64.2, y after=202.4
[LAYOUT] Child element: div (parent: body)
  parent.content: x=0.0, y=0.0
  parent.padding: left=20.0, top=20.0
  child.margin: left=0.0, top=0.0
  y (accumulated): 771.0
  child.content: x=20.0 (was 20.0), y=771.0 (was 771.0)
  [UPDATE Y] child: div, content_height=334.0, margin.bottom=0.0, total_height=334.0, y after=1105.0
[LAYOUT] Child element: text (parent: body)
  parent.content: x=0.0, y=0.0
  parent.padding: left=20.0, top=20.0
  child.margin: left=0.0, top=0.0
  y (accumulated): 1105.0
  child.content: x=20.0 (was 20.0), y=1105.0 (was 1105.0)
  [UPDATE Y] child: text, content_height=0.0, margin.bottom=0.0, total_height=0.0, y after=1105.0
  [UPDATE Y] child: div, content_height=59.2, margin.bottom=0.0, total_height=59.2, y after=287.8
[LAYOUT] Child element: div (parent: body)
  parent.content: x=0.0, y=0.0
  parent.padding: left=20.0, top=20.0
  child.margin: left=0.0, top=0.0
  y (accumulated): 1105.0
  child.content: x=20.0 (was 20.0), y=1105.0 (was 1105.0)
  [UPDATE Y] child: div, content_height=336.8, margin.bottom=0.0, total_height=336.8, y after=1441.8
[LAYOUT] Child element: text (parent: body)
  parent.content: x=0.0, y=0.0
  parent.padding: left=20.0, top=20.0
  child.margin: left=0.0, top=0.0
  y (accumulated): 1441.8
  child.content: x=20.0 (was 20.0), y=1441.8 (was 1441.8)
  [UPDATE Y] child: text, content_height=0.0, margin.bottom=0.0, total_height=0.0, y after=1441.8
  [UPDATE Y] child: div, content_height=99.2, margin.bottom=5.0, total_height=104.2, y after=119.2
  [UPDATE Y] child: div, content_height=99.2, margin.bottom=5.0, total_height=104.2, y after=223.4
  [UPDATE Y] child: div, content_height=99.2, margin.bottom=5.0, total_height=104.2, y after=327.6
  [UPDATE Y] child: div, content_height=99.2, margin.bottom=5.0, total_height=104.2, y after=431.8
  [UPDATE Y] child: div, content_height=99.2, margin.bottom=5.0, total_height=104.2, y after=536.0
  [UPDATE Y] child: div, content_height=585.0, margin.bottom=0.0, total_height=585.0, y after=697.1
  [UPDATE Y] child: div, content_height=99.2, margin.bottom=5.0, total_height=104.2, y after=119.2
  [UPDATE Y] child: div, content_height=99.2, margin.bottom=5.0, total_height=104.2, y after=223.4
  [UPDATE Y] child: div, content_height=99.2, margin.bottom=5.0, total_height=104.2, y after=327.6
  [UPDATE Y] child: div, content_height=334.0, margin.bottom=0.0, total_height=334.0, y after=1031.1
[LAYOUT] Child element: div (parent: body)
  parent.content: x=0.0, y=0.0
  parent.padding: left=20.0, top=20.0
  child.margin: left=0.0, top=0.0
  y (accumulated): 1441.8
  child.content: x=20.0 (was 20.0), y=1441.8 (was 1441.8)
  [UPDATE Y] child: div, content_height=1031.1, margin.bottom=0.0, total_height=1031.1, y after=2472.8
[LAYOUT] Child element: text (parent: body)
  parent.content: x=0.0, y=0.0
  parent.padding: left=20.0, top=20.0
  child.margin: left=0.0, top=0.0
  y (accumulated): 2472.8
  child.content: x=20.0 (was 20.0), y=2472.8 (was 2472.8)
  [UPDATE Y] child: text, content_height=0.0, margin.bottom=0.0, total_height=0.0, y after=2472.8
  [UPDATE Y] child: div, content_height=79.2, margin.bottom=0.0, total_height=79.2, y after=94.2
  [UPDATE Y] child: div, content_height=79.2, margin.bottom=0.0, total_height=79.2, y after=173.4
  [UPDATE Y] child: div, content_height=79.2, margin.bottom=0.0, total_height=79.2, y after=252.6
  [UPDATE Y] child: div, content_height=79.2, margin.bottom=0.0, total_height=79.2, y after=331.8
  [UPDATE Y] child: div, content_height=79.2, margin.bottom=0.0, total_height=79.2, y after=411.0
  [UPDATE Y] child: div, content_height=79.2, margin.bottom=0.0, total_height=79.2, y after=490.2
  [UPDATE Y] child: div, content_height=79.2, margin.bottom=0.0, total_height=79.2, y after=569.4
  [UPDATE Y] child: div, content_height=79.2, margin.bottom=0.0, total_height=79.2, y after=648.6
  [UPDATE Y] child: div, content_height=697.6, margin.bottom=0.0, total_height=697.6, y after=809.7
[LAYOUT] Child element: div (parent: body)
  parent.content: x=0.0, y=0.0
  parent.padding: left=20.0, top=20.0
  child.margin: left=0.0, top=0.0
  y (accumulated): 2472.8
  child.content: x=20.0 (was 20.0), y=2472.8 (was 2472.8)
  [UPDATE Y] child: div, content_height=809.7, margin.bottom=0.0, total_height=809.7, y after=3282.5
[LAYOUT] Child element: text (parent: body)
  parent.content: x=0.0, y=0.0
  parent.padding: left=20.0, top=20.0
  child.margin: left=0.0, top=0.0
  y (accumulated): 3282.5
  child.content: x=20.0 (was 20.0), y=3282.5 (was 3282.5)
  [UPDATE Y] child: text, content_height=0.0, margin.bottom=0.0, total_height=0.0, y after=3282.5
[LAYOUT] Child element: div (parent: body)
  parent.content: x=0.0, y=0.0
  parent.padding: left=20.0, top=20.0
  child.margin: left=0.0, top=0.0
  y (accumulated): 3282.5
  child.content: x=20.0 (was 20.0), y=3282.5 (was 3282.5)
  [UPDATE Y] child: div, content_height=405.5, margin.bottom=0.0, total_height=405.5, y after=3688.0
[LAYOUT] Child element: text (parent: body)
  parent.content: x=0.0, y=0.0
  parent.padding: left=20.0, top=20.0
  child.margin: left=0.0, top=0.0
  y (accumulated): 3688.0
  child.content: x=20.0 (was 20.0), y=3688.0 (was 3688.0)
  [UPDATE Y] child: text, content_height=0.0, margin.bottom=0.0, total_height=0.0, y after=3688.0
[LAYOUT] Child element: div (parent: body)
  parent.content: x=0.0, y=0.0
  parent.padding: left=20.0, top=20.0
  child.margin: left=0.0, top=0.0
  y (accumulated): 3688.0
  child.content: x=20.0 (was 20.0), y=3688.0 (was 3688.0)
  [UPDATE Y] child: div, content_height=610.3, margin.bottom=0.0, total_height=610.3, y after=4298.4
[LAYOUT] Child element: text (parent: body)
  parent.content: x=0.0, y=0.0
  parent.padding: left=20.0, top=20.0
  child.margin: left=0.0, top=0.0
  y (accumulated): 4298.4
  child.content: x=20.0 (was 20.0), y=4298.4 (was 4298.4)
  [UPDATE Y] child: text, content_height=0.0, margin.bottom=0.0, total_height=0.0, y after=4298.4
  [UPDATE Y] child: div, content_height=117.2, margin.bottom=0.0, total_height=117.2, y after=273.9
[LAYOUT] Child element: div (parent: body)
  parent.content: x=0.0, y=0.0
  parent.padding: left=20.0, top=20.0
  child.margin: left=0.0, top=0.0
  y (accumulated): 4298.4
  child.content: x=20.0 (was 20.0), y=4298.4 (was 4298.4)
  [UPDATE Y] child: div, content_height=343.9, margin.bottom=0.0, total_height=343.9, y after=4642.3
[LAYOUT] Child element: text (parent: body)
  parent.content: x=0.0, y=0.0
  parent.padding: left=20.0, top=20.0
  child.margin: left=0.0, top=0.0
  y (accumulated): 4642.3
  child.content: x=20.0 (was 20.0), y=4642.3 (was 4642.3)
  [UPDATE Y] child: text, content_height=0.0, margin.bottom=0.0, total_height=0.0, y after=4642.3
  [UPDATE Y] child: div, content_height=71.2, margin.bottom=2.0, total_height=73.2, y after=132.4
  [UPDATE Y] child: div, content_height=160.4, margin.bottom=3.0, total_height=163.4, y after=224.6
  [UPDATE Y] child: div, content_height=258.6, margin.bottom=5.0, total_height=263.6, y after=364.1
[LAYOUT] Child element: div (parent: body)
  parent.content: x=0.0, y=0.0
  parent.padding: left=20.0, top=20.0
  child.margin: left=0.0, top=0.0
  y (accumulated): 4642.3
  child.content: x=20.0 (was 20.0), y=4642.3 (was 4642.3)
  [UPDATE Y] child: div, content_height=413.1, margin.bottom=0.0, total_height=413.1, y after=5055.4
[LAYOUT] Child element: text (parent: body)
  parent.content: x=0.0, y=0.0
  parent.padding: left=20.0, top=20.0
  child.margin: left=0.0, top=0.0
  y (accumulated): 5055.4
  child.content: x=20.0 (was 20.0), y=5055.4 (was 5055.4)
  [UPDATE Y] child: text, content_height=0.0, margin.bottom=0.0, total_height=0.0, y after=5055.4
[LAYOUT] Child element: div (parent: body)
  parent.content: x=0.0, y=0.0
  parent.padding: left=20.0, top=20.0
  child.margin: left=0.0, top=0.0
  y (accumulated): 5055.4
  child.content: x=20.0 (was 20.0), y=5055.4 (was 5055.4)
  [UPDATE Y] child: div, content_height=405.5, margin.bottom=0.0, total_height=405.5, y after=5460.9
[LAYOUT] Child element: text (parent: body)
  parent.content: x=0.0, y=0.0
  parent.padding: left=20.0, top=20.0
  child.margin: left=0.0, top=0.0
  y (accumulated): 5460.9
  child.content: x=20.0 (was 20.0), y=5460.9 (was 5460.9)
  [UPDATE Y] child: text, content_height=0.0, margin.bottom=0.0, total_height=0.0, y after=5460.9
  [UPDATE Y] child: div, content_height=222.4, margin.bottom=0.0, total_height=222.4, y after=222.4
  [UPDATE Y] child: div, content_height=91.2, margin.bottom=0.0, total_height=91.2, y after=245.4
  [UPDATE Y] child: div, content_height=294.4, margin.bottom=0.0, total_height=294.4, y after=516.8
  [UPDATE Y] child: div, content_height=516.8, margin.bottom=0.0, total_height=516.8, y after=622.3
  [UPDATE Y] child: div, content_height=115.2, margin.bottom=0.0, total_height=115.2, y after=737.5
[LAYOUT] Child element: div (parent: body)
  parent.content: x=0.0, y=0.0
  parent.padding: left=20.0, top=20.0
  child.margin: left=0.0, top=0.0
  y (accumulated): 5460.9
  child.content: x=20.0 (was 20.0), y=5460.9 (was 5460.9)
  [UPDATE Y] child: div, content_height=803.5, margin.bottom=0.0, total_height=803.5, y after=6264.4
[LAYOUT] Child element: text (parent: body)
  parent.content: x=0.0, y=0.0
  parent.padding: left=20.0, top=20.0
  child.margin: left=0.0, top=0.0
  y (accumulated): 6264.4
  child.content: x=20.0 (was 20.0), y=6264.4 (was 6264.4)
  [UPDATE Y] child: text, content_height=0.0, margin.bottom=0.0, total_height=0.0, y after=6264.4
[LAYOUT] Child element: div (parent: body)
  parent.content: x=0.0, y=0.0
  parent.padding: left=20.0, top=20.0
  child.margin: left=0.0, top=30.0
  y (accumulated): 6264.4
  child.content: x=20.0 (was 20.0), y=6294.4 (was 6294.4)
  [UPDATE Y] child: div, content_height=182.4, margin.bottom=0.0, total_height=182.4, y after=6446.8
[LAYOUT] Child element: body (parent: html)
  parent.content: x=0.0, y=0.0
  parent.padding: left=0.0, top=0.0
  child.margin: left=0.0, top=0.0
  y (accumulated): 0.0
  child.content: x=0.0 (was 0.0), y=0.0 (was 0.0)
  [UPDATE Y] child: body, content_height=6506.8, margin.bottom=0.0, total_height=6506.8, y after=6506.8
[LAYOUT] Child element: !DOCTYPE (parent: body)
  parent.content: x=0.0, y=0.0
  parent.padding: left=20.0, top=20.0
  child.margin: left=0.0, top=0.0
  y (accumulated): 20.0
  child.content: x=20.0 (was 20.0), y=20.0 (was 20.0)
  [UPDATE Y] child: !DOCTYPE, content_height=6506.8, margin.bottom=0.0, total_height=6506.8, y after=6526.8
[LAYOUT] Element: html, is_root: false
  margin: top=0.0, right=0.0, bottom=0.0, left=0.0
  padding: top=0.0, right=0.0, bottom=0.0, left=0.0
  content: x=20.0, y=20.0, width=1160.0, height=6506.8
  containing_block: width=1160.0, height=6546.8
[LAYOUT] Element: body, is_root: false
  margin: top=0.0, right=0.0, bottom=0.0, left=0.0
  padding: top=20.0, right=20.0, bottom=20.0, left=20.0
  content: x=0.0, y=0.0, width=1120.0, height=6466.8
  containing_block: width=1160.0, height=6546.8
[LAYOUT WARNING] html.content is not (0, 0): x=20.0, y=20.0
[LAYOUT] Body element position set: x=0.0, y=0.0 (margin: left=0.0, top=0.0)
[CONTAINING BLOCK] body.content.width=1120.0, child_containing_block.width=1120.0
[WIDTH DEBUG] h1: containing_block.width=1120.0, available_width=1120.0, calculated_width=1116.0
[LAYOUT] Child element: h1 (parent: body)
  parent.content: x=0.0, y=0.0
  parent.padding: left=20.0, top=20.0
  child.margin: left=0.0, top=21.4
  y (accumulated): 20.0
  child.content: x=20.0 (was 20.0), y=41.4 (was 41.4)
  [UPDATE Y] child: h1, content_height=50.0, margin.bottom=21.4, total_height=71.4, y after=91.4
[LAYOUT] Child element: text (parent: body)
  parent.content: x=0.0, y=0.0
  parent.padding: left=20.0, top=20.0
  child.margin: left=0.0, top=0.0
  y (accumulated): 91.4
  child.content: x=20.0 (was 20.0), y=91.4 (was 91.4)
  [UPDATE Y] child: text, content_height=0.0, margin.bottom=0.0, total_height=0.0, y after=91.4
[WIDTH DEBUG] h1: containing_block.width=1086.0, available_width=1086.0, calculated_width=1086.0
[LAYOUT] Child element: h1 (parent: div)
  parent.content: x=20.0, y=91.4
  parent.padding: left=15.0, top=15.0
  child.margin: left=0.0, top=16.1
  y (accumulated): 15.0
  child.content: x=15.0 (was 15.0), y=122.5 (was 122.5)
  [UPDATE Y] child: h1, content_height=62.1, margin.bottom=16.1, total_height=78.2, y after=93.2
  [UPDATE Y] child: div, content_height=96.0, margin.bottom=0.0, total_height=96.0, y after=301.2
[LAYOUT] Child element: div (parent: body)
  parent.content: x=0.0, y=0.0
  parent.padding: left=20.0, top=20.0
  child.margin: left=0.0, top=0.0
  y (accumulated): 91.4
  child.content: x=20.0 (was 20.0), y=91.4 (was 91.4)
  [UPDATE Y] child: div, content_height=350.2, margin.bottom=0.0, total_height=350.2, y after=441.6
[LAYOUT] Child element: text (parent: body)
  parent.content: x=0.0, y=0.0
  parent.padding: left=20.0, top=20.0
  child.margin: left=0.0, top=0.0
  y (accumulated): 441.6
  child.content: x=20.0 (was 20.0), y=441.6 (was 441.6)
  [UPDATE Y] child: text, content_height=0.0, margin.bottom=0.0, total_height=0.0, y after=441.6
[LAYOUT] Child element: div (parent: body)
  parent.content: x=0.0, y=0.0
  parent.padding: left=20.0, top=20.0
  child.margin: left=0.0, top=0.0
  y (accumulated): 441.6
  child.content: x=20.0 (was 20.0), y=441.6 (was 441.6)
  [UPDATE Y] child: div, content_height=329.4, margin.bottom=0.0, total_height=329.4, y after=771.0
[LAYOUT] Child element: text (parent: body)
  parent.content: x=0.0, y=0.0
  parent.padding: left=20.0, top=20.0
  child.margin: left=0.0, top=0.0
  y (accumulated): 771.0
  child.content: x=20.0 (was 20.0), y=771.0 (was 771.0)
  [UPDATE Y] child: text, content_height=0.0, margin.bottom=0.0, total_height=0.0, y after=771.0
  [UPDATE Y] child: div, content_height=59.2, margin.bottom=5.0, total_height=64.2, y after=138.2
  [UPDATE Y] child: div, content_height=59.2, margin.bottom=5.0, total_height=64.2, y after=202.4
[LAYOUT] Child element: div (parent: body)
  parent.content: x=0.0, y=0.0
  parent.padding: left=20.0, top=20.0
  child.margin: left=0.0, top=0.0
  y (accumulated): 771.0
  child.content: x=20.0 (was 20.0), y=771.0 (was 771.0)
  [UPDATE Y] child: div, content_height=334.0, margin.bottom=0.0, total_height=334.0, y after=1105.0
[LAYOUT] Child element: text (parent: body)
  parent.content: x=0.0, y=0.0
  parent.padding: left=20.0, top=20.0
  child.margin: left=0.0, top=0.0
  y (accumulated): 1105.0
  child.content: x=20.0 (was 20.0), y=1105.0 (was 1105.0)
  [UPDATE Y] child: text, content_height=0.0, margin.bottom=0.0, total_height=0.0, y after=1105.0
  [UPDATE Y] child: div, content_height=59.2, margin.bottom=0.0, total_height=59.2, y after=287.8
[LAYOUT] Child element: div (parent: body)
  parent.content: x=0.0, y=0.0
  parent.padding: left=20.0, top=20.0
  child.margin: left=0.0, top=0.0
  y (accumulated): 1105.0
  child.content: x=20.0 (was 20.0), y=1105.0 (was 1105.0)
  [UPDATE Y] child: div, content_height=336.8, margin.bottom=0.0, total_height=336.8, y after=1441.8
[LAYOUT] Child element: text (parent: body)
  parent.content: x=0.0, y=0.0
  parent.padding: left=20.0, top=20.0
  child.margin: left=0.0, top=0.0
  y (accumulated): 1441.8
  child.content: x=20.0 (was 20.0), y=1441.8 (was 1441.8)
  [UPDATE Y] child: text, content_height=0.0, margin.bottom=0.0, total_height=0.0, y after=1441.8
  [UPDATE Y] child: div, content_height=99.2, margin.bottom=5.0, total_height=104.2, y after=119.2
  [UPDATE Y] child: div, content_height=99.2, margin.bottom=5.0, total_height=104.2, y after=223.4
  [UPDATE Y] child: div, content_height=99.2, margin.bottom=5.0, total_height=104.2, y after=327.6
  [UPDATE Y] child: div, content_height=99.2, margin.bottom=5.0, total_height=104.2, y after=431.8
  [UPDATE Y] child: div, content_height=99.2, margin.bottom=5.0, total_height=104.2, y after=536.0
  [UPDATE Y] child: div, content_height=585.0, margin.bottom=0.0, total_height=585.0, y after=697.1
  [UPDATE Y] child: div, content_height=99.2, margin.bottom=5.0, total_height=104.2, y after=119.2
  [UPDATE Y] child: div, content_height=99.2, margin.bottom=5.0, total_height=104.2, y after=223.4
  [UPDATE Y] child: div, content_height=99.2, margin.bottom=5.0, total_height=104.2, y after=327.6
  [UPDATE Y] child: div, content_height=334.0, margin.bottom=0.0, total_height=334.0, y after=1031.1
[LAYOUT] Child element: div (parent: body)
  parent.content: x=0.0, y=0.0
  parent.padding: left=20.0, top=20.0
  child.margin: left=0.0, top=0.0
  y (accumulated): 1441.8
  child.content: x=20.0 (was 20.0), y=1441.8 (was 1441.8)
  [UPDATE Y] child: div, content_height=1031.1, margin.bottom=0.0, total_height=1031.1, y after=2472.8
[LAYOUT] Child element: text (parent: body)
  parent.content: x=0.0, y=0.0
  parent.padding: left=20.0, top=20.0
  child.margin: left=0.0, top=0.0
  y (accumulated): 2472.8
  child.content: x=20.0 (was 20.0), y=2472.8 (was 2472.8)
  [UPDATE Y] child: text, content_height=0.0, margin.bottom=0.0, total_height=0.0, y after=2472.8
  [UPDATE Y] child: div, content_height=79.2, margin.bottom=0.0, total_height=79.2, y after=94.2
  [UPDATE Y] child: div, content_height=79.2, margin.bottom=0.0, total_height=79.2, y after=173.4
  [UPDATE Y] child: div, content_height=79.2, margin.bottom=0.0, total_height=79.2, y after=252.6
  [UPDATE Y] child: div, content_height=79.2, margin.bottom=0.0, total_height=79.2, y after=331.8
  [UPDATE Y] child: div, content_height=79.2, margin.bottom=0.0, total_height=79.2, y after=411.0
  [UPDATE Y] child: div, content_height=79.2, margin.bottom=0.0, total_height=79.2, y after=490.2
  [UPDATE Y] child: div, content_height=79.2, margin.bottom=0.0, total_height=79.2, y after=569.4
  [UPDATE Y] child: div, content_height=79.2, margin.bottom=0.0, total_height=79.2, y after=648.6
  [UPDATE Y] child: div, content_height=697.6, margin.bottom=0.0, total_height=697.6, y after=809.7
[LAYOUT] Child element: div (parent: body)
  parent.content: x=0.0, y=0.0
  parent.padding: left=20.0, top=20.0
  child.margin: left=0.0, top=0.0
  y (accumulated): 2472.8
  child.content: x=20.0 (was 20.0), y=2472.8 (was 2472.8)
  [UPDATE Y] child: div, content_height=809.7, margin.bottom=0.0, total_height=809.7, y after=3282.5
[LAYOUT] Child element: text (parent: body)
  parent.content: x=0.0, y=0.0
  parent.padding: left=20.0, top=20.0
  child.margin: left=0.0, top=0.0
  y (accumulated): 3282.5
  child.content: x=20.0 (was 20.0), y=3282.5 (was 3282.5)
  [UPDATE Y] child: text, content_height=0.0, margin.bottom=0.0, total_height=0.0, y after=3282.5
[LAYOUT] Child element: div (parent: body)
  parent.content: x=0.0, y=0.0
  parent.padding: left=20.0, top=20.0
  child.margin: left=0.0, top=0.0
  y (accumulated): 3282.5
  child.content: x=20.0 (was 20.0), y=3282.5 (was 3282.5)
  [UPDATE Y] child: div, content_height=405.5, margin.bottom=0.0, total_height=405.5, y after=3688.0
[LAYOUT] Child element: text (parent: body)
  parent.content: x=0.0, y=0.0
  parent.padding: left=20.0, top=20.0
  child.margin: left=0.0, top=0.0
  y (accumulated): 3688.0
  child.content: x=20.0 (was 20.0), y=3688.0 (was 3688.0)
  [UPDATE Y] child: text, content_height=0.0, margin.bottom=0.0, total_height=0.0, y after=3688.0
[LAYOUT] Child element: div (parent: body)
  parent.content: x=0.0, y=0.0
  parent.padding: left=20.0, top=20.0
  child.margin: left=0.0, top=0.0
  y (accumulated): 3688.0
  child.content: x=20.0 (was 20.0), y=3688.0 (was 3688.0)
  [UPDATE Y] child: div, content_height=610.3, margin.bottom=0.0, total_height=610.3, y after=4298.4
[LAYOUT] Child element: text (parent: body)
  parent.content: x=0.0, y=0.0
  parent.padding: left=20.0, top=20.0
  child.margin: left=0.0, top=0.0
  y (accumulated): 4298.4
  child.content: x=20.0 (was 20.0), y=4298.4 (was 4298.4)
  [UPDATE Y] child: text, content_height=0.0, margin.bottom=0.0, total_height=0.0, y after=4298.4
  [UPDATE Y] child: div, content_height=117.2, margin.bottom=0.0, total_height=117.2, y after=273.9
[LAYOUT] Child element: div (parent: body)
  parent.content: x=0.0, y=0.0
  parent.padding: left=20.0, top=20.0
  child.margin: left=0.0, top=0.0
  y (accumulated): 4298.4
  child.content: x=20.0 (was 20.0), y=4298.4 (was 4298.4)
  [UPDATE Y] child: div, content_height=343.9, margin.bottom=0.0, total_height=343.9, y after=4642.3
[LAYOUT] Child element: text (parent: body)
  parent.content: x=0.0, y=0.0
  parent.padding: left=20.0, top=20.0
  child.margin: left=0.0, top=0.0
  y (accumulated): 4642.3
  child.content: x=20.0 (was 20.0), y=4642.3 (was 4642.3)
  [UPDATE Y] child: text, content_height=0.0, margin.bottom=0.0, total_height=0.0, y after=4642.3
  [UPDATE Y] child: div, content_height=71.2, margin.bottom=2.0, total_height=73.2, y after=132.4
  [UPDATE Y] child: div, content_height=160.4, margin.bottom=3.0, total_height=163.4, y after=224.6
  [UPDATE Y] child: div, content_height=258.6, margin.bottom=5.0, total_height=263.6, y after=364.1
[LAYOUT] Child element: div (parent: body)
  parent.content: x=0.0, y=0.0
  parent.padding: left=20.0, top=20.0
  child.margin: left=0.0, top=0.0
  y (accumulated): 4642.3
  child.content: x=20.0 (was 20.0), y=4642.3 (was 4642.3)
  [UPDATE Y] child: div, content_height=413.1, margin.bottom=0.0, total_height=413.1, y after=5055.4
[LAYOUT] Child element: text (parent: body)
  parent.content: x=0.0, y=0.0
  parent.padding: left=20.0, top=20.0
  child.margin: left=0.0, top=0.0
  y (accumulated): 5055.4
  child.content: x=20.0 (was 20.0), y=5055.4 (was 5055.4)
  [UPDATE Y] child: text, content_height=0.0, margin.bottom=0.0, total_height=0.0, y after=5055.4
[LAYOUT] Child element: div (parent: body)
  parent.content: x=0.0, y=0.0
  parent.padding: left=20.0, top=20.0
  child.margin: left=0.0, top=0.0
  y (accumulated): 5055.4
  child.content: x=20.0 (was 20.0), y=5055.4 (was 5055.4)
  [UPDATE Y] child: div, content_height=405.5, margin.bottom=0.0, total_height=405.5, y after=5460.9
[LAYOUT] Child element: text (parent: body)
  parent.content: x=0.0, y=0.0
  parent.padding: left=20.0, top=20.0
  child.margin: left=0.0, top=0.0
  y (accumulated): 5460.9
  child.content: x=20.0 (was 20.0), y=5460.9 (was 5460.9)
  [UPDATE Y] child: text, content_height=0.0, margin.bottom=0.0, total_height=0.0, y after=5460.9
  [UPDATE Y] child: div, content_height=222.4, margin.bottom=0.0, total_height=222.4, y after=222.4
  [UPDATE Y] child: div, content_height=91.2, margin.bottom=0.0, total_height=91.2, y after=245.4
  [UPDATE Y] child: div, content_height=294.4, margin.bottom=0.0, total_height=294.4, y after=516.8
  [UPDATE Y] child: div, content_height=516.8, margin.bottom=0.0, total_height=516.8, y after=622.3
  [UPDATE Y] child: div, content_height=115.2, margin.bottom=0.0, total_height=115.2, y after=737.5
[LAYOUT] Child element: div (parent: body)
  parent.content: x=0.0, y=0.0
  parent.padding: left=20.0, top=20.0
  child.margin: left=0.0, top=0.0
  y (accumulated): 5460.9
  child.content: x=20.0 (was 20.0), y=5460.9 (was 5460.9)
  [UPDATE Y] child: div, content_height=803.5, margin.bottom=0.0, total_height=803.5, y after=6264.4
[LAYOUT] Child element: text (parent: body)
  parent.content: x=0.0, y=0.0
  parent.padding: left=20.0, top=20.0
  child.margin: left=0.0, top=0.0
  y (accumulated): 6264.4
  child.content: x=20.0 (was 20.0), y=6264.4 (was 6264.4)
  [UPDATE Y] child: text, content_height=0.0, margin.bottom=0.0, total_height=0.0, y after=6264.4
[LAYOUT] Child element: div (parent: body)
  parent.content: x=0.0, y=0.0
  parent.padding: left=20.0, top=20.0
  child.margin: left=0.0, top=30.0
  y (accumulated): 6264.4
  child.content: x=20.0 (was 20.0), y=6294.4 (was 6294.4)
  [UPDATE Y] child: div, content_height=182.4, margin.bottom=0.0, total_height=182.4, y after=6446.8
[LAYOUT] Child element: body (parent: html)
  parent.content: x=20.0, y=20.0
  parent.padding: left=0.0, top=0.0
  child.margin: left=0.0, top=0.0
  y (accumulated): 0.0
  child.content: x=20.0 (was 0.0), y=20.0 (was 0.0)
  [UPDATE Y] child: body, content_height=6506.8, margin.bottom=0.0, total_height=6506.8, y after=6506.8
[LAYOUT] Element: html, is_root: false
  margin: top=0.0, right=0.0, bottom=0.0, left=0.0
  padding: top=0.0, right=0.0, bottom=0.0, left=0.0
  content: x=20.0, y=20.0, width=1160.0, height=6506.8
  containing_block: width=1160.0, height=6506.8
[LAYOUT] Element: body, is_root: false
  margin: top=0.0, right=0.0, bottom=0.0, left=0.0
  padding: top=20.0, right=20.0, bottom=20.0, left=20.0
  content: x=20.0, y=20.0, width=1120.0, height=6466.8
  containing_block: width=1160.0, height=6506.8
[LAYOUT WARNING] html.content is not (0, 0): x=20.0, y=20.0
[CONTAINING BLOCK] body.content.width=1120.0, child_containing_block.width=1120.0
[WIDTH DEBUG] h1: containing_block.width=1120.0, available_width=1120.0, calculated_width=1116.0
[LAYOUT] Child element: h1 (parent: body)
  parent.content: x=20.0, y=20.0
  parent.padding: left=20.0, top=20.0
  child.margin: left=0.0, top=21.4
  y (accumulated): 20.0
  child.content: x=20.0 (was 20.0), y=61.4 (was 41.4)
  [UPDATE Y] child: h1, content_height=50.0, margin.bottom=21.4, total_height=71.4, y after=91.4
[LAYOUT] Child element: text (parent: body)
  parent.content: x=20.0, y=20.0
  parent.padding: left=20.0, top=20.0
  child.margin: left=0.0, top=0.0
  y (accumulated): 91.4
  child.content: x=20.0 (was 20.0), y=111.4 (was 91.4)
  [UPDATE Y] child: text, content_height=0.0, margin.bottom=0.0, total_height=0.0, y after=91.4
[WIDTH DEBUG] h1: containing_block.width=1086.0, available_width=1086.0, calculated_width=1086.0
[LAYOUT] Child element: h1 (parent: div)
  parent.content: x=20.0, y=91.4
  parent.padding: left=15.0, top=15.0
  child.margin: left=0.0, top=16.1
  y (accumulated): 15.0
  child.content: x=15.0 (was 15.0), y=122.5 (was 122.5)
  [UPDATE Y] child: h1, content_height=62.1, margin.bottom=16.1, total_height=78.2, y after=93.2
  [UPDATE Y] child: div, content_height=96.0, margin.bottom=0.0, total_height=96.0, y after=301.2
[LAYOUT] Child element: div (parent: body)
  parent.content: x=20.0, y=20.0
  parent.padding: left=20.0, top=20.0
  child.margin: left=0.0, top=0.0
  y (accumulated): 91.4
  child.content: x=20.0 (was 20.0), y=111.4 (was 91.4)
  [UPDATE Y] child: div, content_height=350.2, margin.bottom=0.0, total_height=350.2, y after=441.6
[LAYOUT] Child element: text (parent: body)
  parent.content: x=20.0, y=20.0
  parent.padding: left=20.0, top=20.0
  child.margin: left=0.0, top=0.0
  y (accumulated): 441.6
  child.content: x=20.0 (was 20.0), y=461.6 (was 441.6)
  [UPDATE Y] child: text, content_height=0.0, margin.bottom=0.0, total_height=0.0, y after=441.6
[LAYOUT] Child element: div (parent: body)
  parent.content: x=20.0, y=20.0
  parent.padding: left=20.0, top=20.0
  child.margin: left=0.0, top=0.0
  y (accumulated): 441.6
  child.content: x=20.0 (was 20.0), y=461.6 (was 441.6)
  [UPDATE Y] child: div, content_height=329.4, margin.bottom=0.0, total_height=329.4, y after=771.0
[LAYOUT] Child element: text (parent: body)
  parent.content: x=20.0, y=20.0
  parent.padding: left=20.0, top=20.0
  child.margin: left=0.0, top=0.0
  y (accumulated): 771.0
  child.content: x=20.0 (was 20.0), y=791.0 (was 771.0)
  [UPDATE Y] child: text, content_height=0.0, margin.bottom=0.0, total_height=0.0, y after=771.0
  [UPDATE Y] child: div, content_height=59.2, margin.bottom=5.0, total_height=64.2, y after=138.2
  [UPDATE Y] child: div, content_height=59.2, margin.bottom=5.0, total_height=64.2, y after=202.4
[LAYOUT] Child element: div (parent: body)
  parent.content: x=20.0, y=20.0
  parent.padding: left=20.0, top=20.0
  child.margin: left=0.0, top=0.0
  y (accumulated): 771.0
  child.content: x=20.0 (was 20.0), y=791.0 (was 771.0)
  [UPDATE Y] child: div, content_height=334.0, margin.bottom=0.0, total_height=334.0, y after=1105.0
[LAYOUT] Child element: text (parent: body)
  parent.content: x=20.0, y=20.0
  parent.padding: left=20.0, top=20.0
  child.margin: left=0.0, top=0.0
  y (accumulated): 1105.0
  child.content: x=20.0 (was 20.0), y=1125.0 (was 1105.0)
  [UPDATE Y] child: text, content_height=0.0, margin.bottom=0.0, total_height=0.0, y after=1105.0
  [UPDATE Y] child: div, content_height=59.2, margin.bottom=0.0, total_height=59.2, y after=287.8
[LAYOUT] Child element: div (parent: body)
  parent.content: x=20.0, y=20.0
  parent.padding: left=20.0, top=20.0
  child.margin: left=0.0, top=0.0
  y (accumulated): 1105.0
  child.content: x=20.0 (was 20.0), y=1125.0 (was 1105.0)
  [UPDATE Y] child: div, content_height=336.8, margin.bottom=0.0, total_height=336.8, y after=1441.8
[LAYOUT] Child element: text (parent: body)
  parent.content: x=20.0, y=20.0
  parent.padding: left=20.0, top=20.0
  child.margin: left=0.0, top=0.0
  y (accumulated): 1441.8
  child.content: x=20.0 (was 20.0), y=1461.8 (was 1441.8)
  [UPDATE Y] child: text, content_height=0.0, margin.bottom=0.0, total_height=0.0, y after=1441.8
  [UPDATE Y] child: div, content_height=99.2, margin.bottom=5.0, total_height=104.2, y after=119.2
  [UPDATE Y] child: div, content_height=99.2, margin.bottom=5.0, total_height=104.2, y after=223.4
  [UPDATE Y] child: div, content_height=99.2, margin.bottom=5.0, total_height=104.2, y after=327.6
  [UPDATE Y] child: div, content_height=99.2, margin.bottom=5.0, total_height=104.2, y after=431.8
  [UPDATE Y] child: div, content_height=99.2, margin.bottom=5.0, total_height=104.2, y after=536.0
  [UPDATE Y] child: div, content_height=585.0, margin.bottom=0.0, total_height=585.0, y after=697.1
  [UPDATE Y] child: div, content_height=99.2, margin.bottom=5.0, total_height=104.2, y after=119.2
  [UPDATE Y] child: div, content_height=99.2, margin.bottom=5.0, total_height=104.2, y after=223.4
  [UPDATE Y] child: div, content_height=99.2, margin.bottom=5.0, total_height=104.2, y after=327.6
  [UPDATE Y] child: div, content_height=334.0, margin.bottom=0.0, total_height=334.0, y after=1031.1
[LAYOUT] Child element: div (parent: body)
  parent.content: x=20.0, y=20.0
  parent.padding: left=20.0, top=20.0
  child.margin: left=0.0, top=0.0
  y (accumulated): 1441.8
  child.content: x=20.0 (was 20.0), y=1461.8 (was 1441.8)
  [UPDATE Y] child: div, content_height=1031.1, margin.bottom=0.0, total_height=1031.1, y after=2472.8
[LAYOUT] Child element: text (parent: body)
  parent.content: x=20.0, y=20.0
  parent.padding: left=20.0, top=20.0
  child.margin: left=0.0, top=0.0
  y (accumulated): 2472.8
  child.content: x=20.0 (was 20.0), y=2492.8 (was 2472.8)
  [UPDATE Y] child: text, content_height=0.0, margin.bottom=0.0, total_height=0.0, y after=2472.8
  [UPDATE Y] child: div, content_height=79.2, margin.bottom=0.0, total_height=79.2, y after=94.2
  [UPDATE Y] child: div, content_height=79.2, margin.bottom=0.0, total_height=79.2, y after=173.4
  [UPDATE Y] child: div, content_height=79.2, margin.bottom=0.0, total_height=79.2, y after=252.6
  [UPDATE Y] child: div, content_height=79.2, margin.bottom=0.0, total_height=79.2, y after=331.8
  [UPDATE Y] child: div, content_height=79.2, margin.bottom=0.0, total_height=79.2, y after=411.0
  [UPDATE Y] child: div, content_height=79.2, margin.bottom=0.0, total_height=79.2, y after=490.2
  [UPDATE Y] child: div, content_height=79.2, margin.bottom=0.0, total_height=79.2, y after=569.4
  [UPDATE Y] child: div, content_height=79.2, margin.bottom=0.0, total_height=79.2, y after=648.6
  [UPDATE Y] child: div, content_height=697.6, margin.bottom=0.0, total_height=697.6, y after=809.7
[LAYOUT] Child element: div (parent: body)
  parent.content: x=20.0, y=20.0
  parent.padding: left=20.0, top=20.0
  child.margin: left=0.0, top=0.0
  y (accumulated): 2472.8
  child.content: x=20.0 (was 20.0), y=2492.8 (was 2472.8)
  [UPDATE Y] child: div, content_height=809.7, margin.bottom=0.0, total_height=809.7, y after=3282.5
[LAYOUT] Child element: text (parent: body)
  parent.content: x=20.0, y=20.0
  parent.padding: left=20.0, top=20.0
  child.margin: left=0.0, top=0.0
  y (accumulated): 3282.5
  child.content: x=20.0 (was 20.0), y=3302.5 (was 3282.5)
  [UPDATE Y] child: text, content_height=0.0, margin.bottom=0.0, total_height=0.0, y after=3282.5
[LAYOUT] Child element: div (parent: body)
  parent.content: x=20.0, y=20.0
  parent.padding: left=20.0, top=20.0
  child.margin: left=0.0, top=0.0
  y (accumulated): 3282.5
  child.content: x=20.0 (was 20.0), y=3302.5 (was 3282.5)
  [UPDATE Y] child: div, content_height=405.5, margin.bottom=0.0, total_height=405.5, y after=3688.0
[LAYOUT] Child element: text (parent: body)
  parent.content: x=20.0, y=20.0
  parent.padding: left=20.0, top=20.0
  child.margin: left=0.0, top=0.0
  y (accumulated): 3688.0
  child.content: x=20.0 (was 20.0), y=3708.0 (was 3688.0)
  [UPDATE Y] child: text, content_height=0.0, margin.bottom=0.0, total_height=0.0, y after=3688.0
[LAYOUT] Child element: div (parent: body)
  parent.content: x=20.0, y=20.0
  parent.padding: left=20.0, top=20.0
  child.margin: left=0.0, top=0.0
  y (accumulated): 3688.0
  child.content: x=20.0 (was 20.0), y=3708.0 (was 3688.0)
  [UPDATE Y] child: div, content_height=610.3, margin.bottom=0.0, total_height=610.3, y after=4298.4
[LAYOUT] Child element: text (parent: body)
  parent.content: x=20.0, y=20.0
  parent.padding: left=20.0, top=20.0
  child.margin: left=0.0, top=0.0
  y (accumulated): 4298.4
  child.content: x=20.0 (was 20.0), y=4318.4 (was 4298.4)
  [UPDATE Y] child: text, content_height=0.0, margin.bottom=0.0, total_height=0.0, y after=4298.4
  [UPDATE Y] child: div, content_height=117.2, margin.bottom=0.0, total_height=117.2, y after=273.9
[LAYOUT] Child element: div (parent: body)
  parent.content: x=20.0, y=20.0
  parent.padding: left=20.0, top=20.0
  child.margin: left=0.0, top=0.0
  y (accumulated): 4298.4
  child.content: x=20.0 (was 20.0), y=4318.4 (was 4298.4)
  [UPDATE Y] child: div, content_height=343.9, margin.bottom=0.0, total_height=343.9, y after=4642.3
[LAYOUT] Child element: text (parent: body)
  parent.content: x=20.0, y=20.0
  parent.padding: left=20.0, top=20.0
  child.margin: left=0.0, top=0.0
  y (accumulated): 4642.3
  child.content: x=20.0 (was 20.0), y=4662.3 (was 4642.3)
  [UPDATE Y] child: text, content_height=0.0, margin.bottom=0.0, total_height=0.0, y after=4642.3
  [UPDATE Y] child: div, content_height=71.2, margin.bottom=2.0, total_height=73.2, y after=132.4
  [UPDATE Y] child: div, content_height=160.4, margin.bottom=3.0, total_height=163.4, y after=224.6
  [UPDATE Y] child: div, content_height=258.6, margin.bottom=5.0, total_height=263.6, y after=364.1
[LAYOUT] Child element: div (parent: body)
  parent.content: x=20.0, y=20.0
  parent.padding: left=20.0, top=20.0
  child.margin: left=0.0, top=0.0
  y (accumulated): 4642.3
  child.content: x=20.0 (was 20.0), y=4662.3 (was 4642.3)
  [UPDATE Y] child: div, content_height=413.1, margin.bottom=0.0, total_height=413.1, y after=5055.4
[LAYOUT] Child element: text (parent: body)
  parent.content: x=20.0, y=20.0
  parent.padding: left=20.0, top=20.0
  child.margin: left=0.0, top=0.0
  y (accumulated): 5055.4
  child.content: x=20.0 (was 20.0), y=5075.4 (was 5055.4)
  [UPDATE Y] child: text, content_height=0.0, margin.bottom=0.0, total_height=0.0, y after=5055.4
[LAYOUT] Child element: div (parent: body)
  parent.content: x=20.0, y=20.0
  parent.padding: left=20.0, top=20.0
  child.margin: left=0.0, top=0.0
  y (accumulated): 5055.4
  child.content: x=20.0 (was 20.0), y=5075.4 (was 5055.4)
  [UPDATE Y] child: div, content_height=405.5, margin.bottom=0.0, total_height=405.5, y after=5460.9
[LAYOUT] Child element: text (parent: body)
  parent.content: x=20.0, y=20.0
  parent.padding: left=20.0, top=20.0
  child.margin: left=0.0, top=0.0
  y (accumulated): 5460.9
  child.content: x=20.0 (was 20.0), y=5480.9 (was 5460.9)
  [UPDATE Y] child: text, content_height=0.0, margin.bottom=0.0, total_height=0.0, y after=5460.9
  [UPDATE Y] child: div, content_height=222.4, margin.bottom=0.0, total_height=222.4, y after=222.4
  [UPDATE Y] child: div, content_height=91.2, margin.bottom=0.0, total_height=91.2, y after=245.4
  [UPDATE Y] child: div, content_height=294.4, margin.bottom=0.0, total_height=294.4, y after=516.8
  [UPDATE Y] child: div, content_height=516.8, margin.bottom=0.0, total_height=516.8, y after=622.3
  [UPDATE Y] child: div, content_height=115.2, margin.bottom=0.0, total_height=115.2, y after=737.5
[LAYOUT] Child element: div (parent: body)
  parent.content: x=20.0, y=20.0
  parent.padding: left=20.0, top=20.0
  child.margin: left=0.0, top=0.0
  y (accumulated): 5460.9
  child.content: x=20.0 (was 20.0), y=5480.9 (was 5460.9)
  [UPDATE Y] child: div, content_height=803.5, margin.bottom=0.0, total_height=803.5, y after=6264.4
[LAYOUT] Child element: text (parent: body)
  parent.content: x=20.0, y=20.0
  parent.padding: left=20.0, top=20.0
  child.margin: left=0.0, top=0.0
  y (accumulated): 6264.4
  child.content: x=20.0 (was 20.0), y=6284.4 (was 6264.4)
  [UPDATE Y] child: text, content_height=0.0, margin.bottom=0.0, total_height=0.0, y after=6264.4
[LAYOUT] Child element: div (parent: body)
  parent.content: x=20.0, y=20.0
  parent.padding: left=20.0, top=20.0
  child.margin: left=0.0, top=30.0
  y (accumulated): 6264.4
  child.content: x=20.0 (was 20.0), y=6314.4 (was 6294.4)
  [UPDATE Y] child: div, content_height=182.4, margin.bottom=0.0, total_height=182.4, y after=6446.8
[LAYOUT] Child element: body (parent: html)
  parent.content: x=20.0, y=20.0
  parent.padding: left=0.0, top=0.0
  child.margin: left=0.0, top=0.0
  y (accumulated): 0.0
  child.content: x=20.0 (was 20.0), y=20.0 (was 20.0)
  [UPDATE Y] child: body, content_height=6506.8, margin.bottom=0.0, total_height=6506.8, y after=6506.8
[LAYOUT] Element: body, is_root: false
  margin: top=0.0, right=0.0, bottom=0.0, left=0.0
  padding: top=20.0, right=20.0, bottom=20.0, left=20.0
  content: x=20.0, y=20.0, width=1120.0, height=6466.8
  containing_block: width=1160.0, height=6506.8
[LAYOUT WARNING] html.content is not (0, 0): x=20.0, y=20.0
[CONTAINING BLOCK] body.content.width=1120.0, child_containing_block.width=1120.0
[WIDTH DEBUG] h1: containing_block.width=1120.0, available_width=1120.0, calculated_width=1116.0
[LAYOUT] Child element: h1 (parent: body)
  parent.content: x=20.0, y=20.0
  parent.padding: left=20.0, top=20.0
  child.margin: left=0.0, top=21.4
  y (accumulated): 20.0
  child.content: x=20.0 (was 20.0), y=61.4 (was 61.4)
  [UPDATE Y] child: h1, content_height=50.0, margin.bottom=21.4, total_height=71.4, y after=91.4
[LAYOUT] Child element: text (parent: body)
  parent.content: x=20.0, y=20.0
  parent.padding: left=20.0, top=20.0
  child.margin: left=0.0, top=0.0
  y (accumulated): 91.4
  child.content: x=20.0 (was 20.0), y=111.4 (was 111.4)
  [UPDATE Y] child: text, content_height=0.0, margin.bottom=0.0, total_height=0.0, y after=91.4
[WIDTH DEBUG] h1: containing_block.width=1086.0, available_width=1086.0, calculated_width=1086.0
[LAYOUT] Child element: h1 (parent: div)
  parent.content: x=20.0, y=111.4
  parent.padding: left=15.0, top=15.0
  child.margin: left=0.0, top=16.1
  y (accumulated): 15.0
  child.content: x=15.0 (was 15.0), y=142.5 (was 122.5)
  [UPDATE Y] child: h1, content_height=62.1, margin.bottom=16.1, total_height=78.2, y after=93.2
  [UPDATE Y] child: div, content_height=96.0, margin.bottom=0.0, total_height=96.0, y after=301.2
[LAYOUT] Child element: div (parent: body)
  parent.content: x=20.0, y=20.0
  parent.padding: left=20.0, top=20.0
  child.margin: left=0.0, top=0.0
  y (accumulated): 91.4
  child.content: x=20.0 (was 20.0), y=111.4 (was 111.4)
  [UPDATE Y] child: div, content_height=350.2, margin.bottom=0.0, total_height=350.2, y after=441.6
[LAYOUT] Child element: text (parent: body)
  parent.content: x=20.0, y=20.0
  parent.padding: left=20.0, top=20.0
  child.margin: left=0.0, top=0.0
  y (accumulated): 441.6
  child.content: x=20.0 (was 20.0), y=461.6 (was 461.6)
  [UPDATE Y] child: text, content_height=0.0, margin.bottom=0.0, total_height=0.0, y after=441.6
[LAYOUT] Child element: div (parent: body)
  parent.content: x=20.0, y=20.0
  parent.padding: left=20.0, top=20.0
  child.margin: left=0.0, top=0.0
  y (accumulated): 441.6
  child.content: x=20.0 (was 20.0), y=461.6 (was 461.6)
  [UPDATE Y] child: div, content_height=329.4, margin.bottom=0.0, total_height=329.4, y after=771.0
[LAYOUT] Child element: text (parent: body)
  parent.content: x=20.0, y=20.0
  parent.padding: left=20.0, top=20.0
  child.margin: left=0.0, top=0.0
  y (accumulated): 771.0
  child.content: x=20.0 (was 20.0), y=791.0 (was 791.0)
  [UPDATE Y] child: text, content_height=0.0, margin.bottom=0.0, total_height=0.0, y after=771.0
  [UPDATE Y] child: div, content_height=59.2, margin.bottom=5.0, total_height=64.2, y after=138.2
  [UPDATE Y] child: div, content_height=59.2, margin.bottom=5.0, total_height=64.2, y after=202.4
[LAYOUT] Child element: div (parent: body)
  parent.content: x=20.0, y=20.0
  parent.padding: left=20.0, top=20.0
  child.margin: left=0.0, top=0.0
  y (accumulated): 771.0
  child.content: x=20.0 (was 20.0), y=791.0 (was 791.0)
  [UPDATE Y] child: div, content_height=334.0, margin.bottom=0.0, total_height=334.0, y after=1105.0
[LAYOUT] Child element: text (parent: body)
  parent.content: x=20.0, y=20.0
  parent.padding: left=20.0, top=20.0
  child.margin: left=0.0, top=0.0
  y (accumulated): 1105.0
  child.content: x=20.0 (was 20.0), y=1125.0 (was 1125.0)
  [UPDATE Y] child: text, content_height=0.0, margin.bottom=0.0, total_height=0.0, y after=1105.0
  [UPDATE Y] child: div, content_height=59.2, margin.bottom=0.0, total_height=59.2, y after=267.8
[LAYOUT] Child element: div (parent: body)
  parent.content: x=20.0, y=20.0
  parent.padding: left=20.0, top=20.0
  child.margin: left=0.0, top=0.0
  y (accumulated): 1105.0
  child.content: x=20.0 (was 20.0), y=1125.0 (was 1125.0)
  [UPDATE Y] child: div, content_height=336.8, margin.bottom=0.0, total_height=336.8, y after=1441.8
[LAYOUT] Child element: text (parent: body)
  parent.content: x=20.0, y=20.0
  parent.padding: left=20.0, top=20.0
  child.margin: left=0.0, top=0.0
  y (accumulated): 1441.8
  child.content: x=20.0 (was 20.0), y=1461.8 (was 1461.8)
  [UPDATE Y] child: text, content_height=0.0, margin.bottom=0.0, total_height=0.0, y after=1441.8
  [UPDATE Y] child: div, content_height=99.2, margin.bottom=5.0, total_height=104.2, y after=119.2
  [UPDATE Y] child: div, content_height=99.2, margin.bottom=5.0, total_height=104.2, y after=223.4
  [UPDATE Y] child: div, content_height=99.2, margin.bottom=5.0, total_height=104.2, y after=327.6
  [UPDATE Y] child: div, content_height=99.2, margin.bottom=5.0, total_height=104.2, y after=431.8
  [UPDATE Y] child: div, content_height=99.2, margin.bottom=5.0, total_height=104.2, y after=536.0
  [UPDATE Y] child: div, content_height=585.0, margin.bottom=0.0, total_height=585.0, y after=697.1
  [UPDATE Y] child: div, content_height=99.2, margin.bottom=5.0, total_height=104.2, y after=119.2
  [UPDATE Y] child: div, content_height=99.2, margin.bottom=5.0, total_height=104.2, y after=223.4
  [UPDATE Y] child: div, content_height=99.2, margin.bottom=5.0, total_height=104.2, y after=327.6
  [UPDATE Y] child: div, content_height=334.0, margin.bottom=0.0, total_height=334.0, y after=1031.1
[LAYOUT] Child element: div (parent: body)
  parent.content: x=20.0, y=20.0
  parent.padding: left=20.0, top=20.0
  child.margin: left=0.0, top=0.0
  y (accumulated): 1441.8
  child.content: x=20.0 (was 20.0), y=1461.8 (was 1461.8)
  [UPDATE Y] child: div, content_height=1031.1, margin.bottom=0.0, total_height=1031.1, y after=2472.8
[LAYOUT] Child element: text (parent: body)
  parent.content: x=20.0, y=20.0
  parent.padding: left=20.0, top=20.0
  child.margin: left=0.0, top=0.0
  y (accumulated): 2472.8
  child.content: x=20.0 (was 20.0), y=2492.8 (was 2492.8)
  [UPDATE Y] child: text, content_height=0.0, margin.bottom=0.0, total_height=0.0, y after=2472.8
  [UPDATE Y] child: div, content_height=79.2, margin.bottom=0.0, total_height=79.2, y after=94.2
  [UPDATE Y] child: div, content_height=79.2, margin.bottom=0.0, total_height=79.2, y after=173.4
  [UPDATE Y] child: div, content_height=79.2, margin.bottom=0.0, total_height=79.2, y after=252.6
  [UPDATE Y] child: div, content_height=79.2, margin.bottom=0.0, total_height=79.2, y after=331.8
  [UPDATE Y] child: div, content_height=79.2, margin.bottom=0.0, total_height=79.2, y after=411.0
  [UPDATE Y] child: div, content_height=79.2, margin.bottom=0.0, total_height=79.2, y after=490.2
  [UPDATE Y] child: div, content_height=79.2, margin.bottom=0.0, total_height=79.2, y after=569.4
  [UPDATE Y] child: div, content_height=79.2, margin.bottom=0.0, total_height=79.2, y after=648.6
  [UPDATE Y] child: div, content_height=697.6, margin.bottom=0.0, total_height=697.6, y after=809.7
[LAYOUT] Child element: div (parent: body)
  parent.content: x=20.0, y=20.0
  parent.padding: left=20.0, top=20.0
  child.margin: left=0.0, top=0.0
  y (accumulated): 2472.8
  child.content: x=20.0 (was 20.0), y=2492.8 (was 2492.8)
  [UPDATE Y] child: div, content_height=809.7, margin.bottom=0.0, total_height=809.7, y after=3282.5
[LAYOUT] Child element: text (parent: body)
  parent.content: x=20.0, y=20.0
  parent.padding: left=20.0, top=20.0
  child.margin: left=0.0, top=0.0
  y (accumulated): 3282.5
  child.content: x=20.0 (was 20.0), y=3302.5 (was 3302.5)
  [UPDATE Y] child: text, content_height=0.0, margin.bottom=0.0, total_height=0.0, y after=3282.5
[LAYOUT] Child element: div (parent: body)
  parent.content: x=20.0, y=20.0
  parent.padding: left=20.0, top=20.0
  child.margin: left=0.0, top=0.0
  y (accumulated): 3282.5
  child.content: x=20.0 (was 20.0), y=3302.5 (was 3302.5)
  [UPDATE Y] child: div, content_height=405.5, margin.bottom=0.0, total_height=405.5, y after=3688.0
[LAYOUT] Child element: text (parent: body)
  parent.content: x=20.0, y=20.0
  parent.padding: left=20.0, top=20.0
  child.margin: left=0.0, top=0.0
  y (accumulated): 3688.0
  child.content: x=20.0 (was 20.0), y=3708.0 (was 3708.0)
  [UPDATE Y] child: text, content_height=0.0, margin.bottom=0.0, total_height=0.0, y after=3688.0
[LAYOUT] Child element: div (parent: body)
  parent.content: x=20.0, y=20.0
  parent.padding: left=20.0, top=20.0
  child.margin: left=0.0, top=0.0
  y (accumulated): 3688.0
  child.content: x=20.0 (was 20.0), y=3708.0 (was 3708.0)
  [UPDATE Y] child: div, content_height=610.3, margin.bottom=0.0, total_height=610.3, y after=4298.4
[LAYOUT] Child element: text (parent: body)
  parent.content: x=20.0, y=20.0
  parent.padding: left=20.0, top=20.0
  child.margin: left=0.0, top=0.0
  y (accumulated): 4298.4
  child.content: x=20.0 (was 20.0), y=4318.4 (was 4318.4)
  [UPDATE Y] child: text, content_height=0.0, margin.bottom=0.0, total_height=0.0, y after=4298.4
  [UPDATE Y] child: div, content_height=117.2, margin.bottom=0.0, total_height=117.2, y after=273.9
[LAYOUT] Child element: div (parent: body)
  parent.content: x=20.0, y=20.0
  parent.padding: left=20.0, top=20.0
  child.margin: left=0.0, top=0.0
  y (accumulated): 4298.4
  child.content: x=20.0 (was 20.0), y=4318.4 (was 4318.4)
  [UPDATE Y] child: div, content_height=343.9, margin.bottom=0.0, total_height=343.9, y after=4642.3
[LAYOUT] Child element: text (parent: body)
  parent.content: x=20.0, y=20.0
  parent.padding: left=20.0, top=20.0
  child.margin: left=0.0, top=0.0
  y (accumulated): 4642.3
  child.content: x=20.0 (was 20.0), y=4662.3 (was 4662.3)
  [UPDATE Y] child: text, content_height=0.0, margin.bottom=0.0, total_height=0.0, y after=4642.3
  [UPDATE Y] child: div, content_height=71.2, margin.bottom=2.0, total_height=73.2, y after=132.4
  [UPDATE Y] child: div, content_height=160.4, margin.bottom=3.0, total_height=163.4, y after=224.6
  [UPDATE Y] child: div, content_height=258.6, margin.bottom=5.0, total_height=263.6, y after=364.1
[LAYOUT] Child element: div (parent: body)
  parent.content: x=20.0, y=20.0
  parent.padding: left=20.0, top=20.0
  child.margin: left=0.0, top=0.0
  y (accumulated): 4642.3
  child.content: x=20.0 (was 20.0), y=4662.3 (was 4662.3)
  [UPDATE Y] child: div, content_height=413.1, margin.bottom=0.0, total_height=413.1, y after=5055.4
[LAYOUT] Child element: text (parent: body)
  parent.content: x=20.0, y=20.0
  parent.padding: left=20.0, top=20.0
  child.margin: left=0.0, top=0.0
  y (accumulated): 5055.4
  child.content: x=20.0 (was 20.0), y=5075.4 (was 5075.4)
  [UPDATE Y] child: text, content_height=0.0, margin.bottom=0.0, total_height=0.0, y after=5055.4
[LAYOUT] Child element: div (parent: body)
  parent.content: x=20.0, y=20.0
  parent.padding: left=20.0, top=20.0
  child.margin: left=0.0, top=0.0
  y (accumulated): 5055.4
  child.content: x=20.0 (was 20.0), y=5075.4 (was 5075.4)
  [UPDATE Y] child: div, content_height=405.5, margin.bottom=0.0, total_height=405.5, y after=5460.9
[LAYOUT] Child element: text (parent: body)
  parent.content: x=20.0, y=20.0
  parent.padding: left=20.0, top=20.0
  child.margin: left=0.0, top=0.0
  y (accumulated): 5460.9
  child.content: x=20.0 (was 20.0), y=5480.9 (was 5480.9)
  [UPDATE Y] child: text, content_height=0.0, margin.bottom=0.0, total_height=0.0, y after=5460.9
  [UPDATE Y] child: div, content_height=222.4, margin.bottom=0.0, total_height=222.4, y after=222.4
  [UPDATE Y] child: div, content_height=91.2, margin.bottom=0.0, total_height=91.2, y after=245.4
  [UPDATE Y] child: div, content_height=294.4, margin.bottom=0.0, total_height=294.4, y after=516.8
  [UPDATE Y] child: div, content_height=516.8, margin.bottom=0.0, total_height=516.8, y after=622.3
  [UPDATE Y] child: div, content_height=115.2, margin.bottom=0.0, total_height=115.2, y after=737.5
[LAYOUT] Child element: div (parent: body)
  parent.content: x=20.0, y=20.0
  parent.padding: left=20.0, top=20.0
  child.margin: left=0.0, top=0.0
  y (accumulated): 5460.9
  child.content: x=20.0 (was 20.0), y=5480.9 (was 5480.9)
  [UPDATE Y] child: div, content_height=803.5, margin.bottom=0.0, total_height=803.5, y after=6264.4
[LAYOUT] Child element: text (parent: body)
  parent.content: x=20.0, y=20.0
  parent.padding: left=20.0, top=20.0
  child.margin: left=0.0, top=0.0
  y (accumulated): 6264.4
  child.content: x=20.0 (was 20.0), y=6284.4 (was 6284.4)
  [UPDATE Y] child: text, content_height=0.0, margin.bottom=0.0, total_height=0.0, y after=6264.4
[LAYOUT] Child element: div (parent: body)
  parent.content: x=20.0, y=20.0
  parent.padding: left=20.0, top=20.0
  child.margin: left=0.0, top=30.0
  y (accumulated): 6264.4
  child.content: x=20.0 (was 20.0), y=6314.4 (was 6314.4)
  [UPDATE Y] child: div, content_height=182.4, margin.bottom=0.0, total_height=182.4, y after=6446.8
[WIDTH DEBUG] h1: containing_block.width=1120.0, available_width=1120.0, calculated_width=1116.0
[WIDTH DEBUG] h1: containing_block.width=1086.0, available_width=1086.0, calculated_width=1086.0
[LAYOUT] Child element: h1 (parent: div)
  parent.content: x=20.0, y=111.4
  parent.padding: left=15.0, top=15.0
  child.margin: left=0.0, top=16.1
  y (accumulated): 15.0
  child.content: x=15.0 (was 15.0), y=142.5 (was 142.5)
  [UPDATE Y] child: h1, content_height=62.1, margin.bottom=16.1, total_height=78.2, y after=93.2
  [UPDATE Y] child: div, content_height=96.0, margin.bottom=0.0, total_height=96.0, y after=301.2
[WIDTH DEBUG] h1: containing_block.width=1086.0, available_width=1086.0, calculated_width=1086.0
  [UPDATE Y] child: div, content_height=59.2, margin.bottom=5.0, total_height=64.2, y after=138.2
  [UPDATE Y] child: div, content_height=59.2, margin.bottom=5.0, total_height=64.2, y after=202.4
  [UPDATE Y] child: div, content_height=59.2, margin.bottom=0.0, total_height=59.2, y after=267.8
  [UPDATE Y] child: div, content_height=99.2, margin.bottom=5.0, total_height=104.2, y after=119.2
  [UPDATE Y] child: div, content_height=99.2, margin.bottom=5.0, total_height=104.2, y after=223.4
  [UPDATE Y] child: div, content_height=99.2, margin.bottom=5.0, total_height=104.2, y after=327.6
  [UPDATE Y] child: div, content_height=99.2, margin.bottom=5.0, total_height=104.2, y after=431.8
  [UPDATE Y] child: div, content_height=99.2, margin.bottom=5.0, total_height=104.2, y after=536.0
  [UPDATE Y] child: div, content_height=585.0, margin.bottom=0.0, total_height=585.0, y after=697.1
  [UPDATE Y] child: div, content_height=99.2, margin.bottom=5.0, total_height=104.2, y after=119.2
  [UPDATE Y] child: div, content_height=99.2, margin.bottom=5.0, total_height=104.2, y after=223.4
  [UPDATE Y] child: div, content_height=99.2, margin.bottom=5.0, total_height=104.2, y after=327.6
  [UPDATE Y] child: div, content_height=334.0, margin.bottom=0.0, total_height=334.0, y after=1031.1
  [UPDATE Y] child: div, content_height=79.2, margin.bottom=0.0, total_height=79.2, y after=94.2
  [UPDATE Y] child: div, content_height=79.2, margin.bottom=0.0, total_height=79.2, y after=173.4
  [UPDATE Y] child: div, content_height=79.2, margin.bottom=0.0, total_height=79.2, y after=252.6
  [UPDATE Y] child: div, content_height=79.2, margin.bottom=0.0, total_height=79.2, y after=331.8
  [UPDATE Y] child: div, content_height=79.2, margin.bottom=0.0, total_height=79.2, y after=411.0
  [UPDATE Y] child: div, content_height=79.2, margin.bottom=0.0, total_height=79.2, y after=490.2
  [UPDATE Y] child: div, content_height=79.2, margin.bottom=0.0, total_height=79.2, y after=569.4
  [UPDATE Y] child: div, content_height=79.2, margin.bottom=0.0, total_height=79.2, y after=648.6
  [UPDATE Y] child: div, content_height=697.6, margin.bottom=0.0, total_height=697.6, y after=809.7
  [UPDATE Y] child: div, content_height=117.2, margin.bottom=0.0, total_height=117.2, y after=273.9
  [UPDATE Y] child: div, content_height=71.2, margin.bottom=2.0, total_height=73.2, y after=132.4
  [UPDATE Y] child: div, content_height=160.4, margin.bottom=3.0, total_height=163.4, y after=224.6
  [UPDATE Y] child: div, content_height=258.6, margin.bottom=5.0, total_height=263.6, y after=364.1
  [UPDATE Y] child: div, content_height=71.2, margin.bottom=2.0, total_height=73.2, y after=132.4
  [UPDATE Y] child: div, content_height=160.4, margin.bottom=3.0, total_height=163.4, y after=224.6
  [UPDATE Y] child: div, content_height=71.2, margin.bottom=2.0, total_height=73.2, y after=132.4
  [UPDATE Y] child: div, content_height=222.4, margin.bottom=0.0, total_height=222.4, y after=222.4
  [UPDATE Y] child: div, content_height=91.2, margin.bottom=0.0, total_height=91.2, y after=245.4
  [UPDATE Y] child: div, content_height=294.4, margin.bottom=0.0, total_height=294.4, y after=516.8
  [UPDATE Y] child: div, content_height=516.8, margin.bottom=0.0, total_height=516.8, y after=622.3
  [UPDATE Y] child: div, content_height=115.2, margin.bottom=0.0, total_height=115.2, y after=737.5

=== Element Layout Info ===
Tag: html

Box Model:
  Margin: top=0.00, right=0.00, bottom=0.00, left=0.00
  Border: top=0.00, right=0.00, bottom=0.00, left=0.00
  Padding: top=0.00, right=0.00, bottom=0.00, left=0.00
  Content: x=0.00, y=0.00, width=1200.00, height=6586.84
  Total Size: width=1200.00, height=6586.84
  Actual Position (content box): x=0.00, y=0.00
  Position (with margin): x=0.00, y=0.00

Computed Styles:
  display: block
==========================


=== Element Layout Info ===
Tag: body

Box Model:
  Margin: top=0.00, right=0.00, bottom=0.00, left=0.00
  Border: top=0.00, right=0.00, bottom=0.00, left=0.00
  Padding: top=20.00, right=20.00, bottom=20.00, left=20.00
  Content: x=0.00, y=0.00, width=1160.00, height=6546.84
  Total Size: width=1200.00, height=6586.84
  Actual Position (content box): x=0.00, y=0.00
  Position (with margin): x=0.00, y=0.00

Computed Styles:
  display: block
==========================


=== Element Layout Info ===
Tag: h1

Box Model:
  Margin: top=21.44, right=0.00, bottom=21.44, left=0.00
  Border: top=2.00, right=2.00, bottom=2.00, left=2.00
  Padding: top=0.00, right=0.00, bottom=0.00, left=0.00
  Content: x=20.00, y=61.44, width=1116.00, height=46.00
  Total Size: width=1120.00, height=50.00
  Actual Position (content box): x=20.00, y=61.44
  Position (with margin): x=20.00, y=40.00

Computed Styles:
  display: block
==========================

[FONT] font-size parsed: 32.0px
[FONT] font-size parsed: 32.0px
[STYLE] h1 font-size parsed: 32.0px
[STYLE] p font-size parsed: 32.0px
[LAYOUT] Element: html, is_root: true
  margin: top=0.0, right=0.0, bottom=0.0, left=0.0
  padding: top=0.0, right=0.0, bottom=0.0, left=0.0
  content: x=0.0, y=0.0, width=1200.0, height=0.0
  containing_block: width=1200.0, height=800.0
[LAYOUT] Root element (html) position set to (0, 0)
[LAYOUT] Element: body, is_root: false
  margin: top=0.0, right=0.0, bottom=0.0, left=0.0
  padding: top=20.0, right=20.0, bottom=20.0, left=20.0
  content: x=0.0, y=0.0, width=1160.0, height=0.0
  containing_block: width=1200.0, height=800.0
[LAYOUT] Body element position set: x=0.0, y=0.0 (margin: left=0.0, top=0.0)
[LAYOUT] Element: html, is_root: false
  margin: top=0.0, right=0.0, bottom=0.0, left=0.0
  padding: top=0.0, right=0.0, bottom=0.0, left=0.0
  content: x=0.0, y=0.0, width=1160.0, height=0.0
  containing_block: width=1160.0, height=800.0
[LAYOUT] Element: body, is_root: false
  margin: top=0.0, right=0.0, bottom=0.0, left=0.0
  padding: top=20.0, right=20.0, bottom=20.0, left=20.0
  content: x=0.0, y=0.0, width=1120.0, height=0.0
  containing_block: width=1160.0, height=800.0
[LAYOUT] Body element position set: x=0.0, y=0.0 (margin: left=0.0, top=0.0)
[CONTAINING BLOCK] body.content.width=1120.0, child_containing_block.width=1120.0
[WIDTH DEBUG] h1: containing_block.width=1120.0, available_width=1120.0, calculated_width=1120.0
  [TEXT HEIGHT] text: "ZBrowser功能测试...", font_size=32.0, line_height=46.0, height=46.0
[LAYOUT] Child element: h1 (parent: body)
  parent.content: x=0.0, y=0.0
  parent.padding: left=20.0, top=20.0
  child.margin: left=0.0, top=21.4
  y (accumulated): 20.0
  child.content: x=20.0 (was 0.0), y=41.4 (was 0.0)
  [UPDATE Y] child: h1, content_height=50.0, margin.bottom=21.4, total_height=71.4, y after=91.4
[LAYOUT] Child element: text (parent: body)
  parent.content: x=0.0, y=0.0
  parent.padding: left=20.0, top=20.0
  child.margin: left=0.0, top=0.0
  y (accumulated): 91.4
  child.content: x=20.0 (was 0.0), y=91.4 (was 0.0)
  [UPDATE Y] child: text, content_height=0.0, margin.bottom=0.0, total_height=0.0, y after=91.4
[WIDTH DEBUG] h1: containing_block.width=1086.0, available_width=1086.0, calculated_width=1086.0
  [TEXT HEIGHT] text: "块级布局测试...", font_size=32.0, line_height=46.0, height=46.0
[LAYOUT] Child element: h1 (parent: div)
  parent.content: x=0.0, y=0.0
  parent.padding: left=15.0, top=15.0
  child.margin: left=0.0, top=16.1
  y (accumulated): 15.0
  child.content: x=15.0 (was 0.0), y=31.1 (was 0.0)
  [UPDATE Y] child: h1, content_height=62.1, margin.bottom=16.1, total_height=78.2, y after=93.2
  [TEXT HEIGHT] text: "这是一个块级�...", font_size=16.0, line_height=24.0, height=24.0
  [TEXT HEIGHT] text: "这是另一个段�...", font_size=16.0, line_height=24.0, height=24.0
  [TEXT HEIGHT] text: "嵌套的div块级�...", font_size=16.0, line_height=24.0, height=24.0
  [UPDATE Y] child: div, content_height=96.0, margin.bottom=0.0, total_height=96.0, y after=301.2
[LAYOUT] Child element: div (parent: body)
  parent.content: x=0.0, y=0.0
  parent.padding: left=20.0, top=20.0
  child.margin: left=0.0, top=0.0
  y (accumulated): 91.4
  child.content: x=20.0 (was 0.0), y=91.4 (was 0.0)
  [UPDATE Y] child: div, content_height=350.2, margin.bottom=0.0, total_height=350.2, y after=441.6
[LAYOUT] Child element: text (parent: body)
  parent.content: x=0.0, y=0.0
  parent.padding: left=20.0, top=20.0
  child.margin: left=0.0, top=0.0
  y (accumulated): 441.6
  child.content: x=20.0 (was 0.0), y=441.6 (was 0.0)
  [UPDATE Y] child: text, content_height=0.0, margin.bottom=0.0, total_height=0.0, y after=441.6
  [TEXT HEIGHT] text: "
      这是行内�...", font_size=16.0, line_height=19.2, height=19.2
  [TEXT HEIGHT] text: "行内元素不会�...", font_size=16.0, line_height=19.2, height=19.2
[LAYOUT] Child element: div (parent: body)
  parent.content: x=0.0, y=0.0
  parent.padding: left=20.0, top=20.0
  child.margin: left=0.0, top=0.0
  y (accumulated): 441.6
  child.content: x=20.0 (was 0.0), y=441.6 (was 0.0)
  [UPDATE Y] child: div, content_height=329.4, margin.bottom=0.0, total_height=329.4, y after=771.0
[LAYOUT] Child element: text (parent: body)
  parent.content: x=0.0, y=0.0
  parent.padding: left=20.0, top=20.0
  child.margin: left=0.0, top=0.0
  y (accumulated): 771.0
  child.content: x=20.0 (was 0.0), y=771.0 (was 0.0)
  [UPDATE Y] child: text, content_height=0.0, margin.bottom=0.0, total_height=0.0, y after=771.0
  [UPDATE Y] child: div, content_height=59.2, margin.bottom=5.0, total_height=64.2, y after=138.2
  [UPDATE Y] child: div, content_height=59.2, margin.bottom=5.0, total_height=64.2, y after=202.4
[LAYOUT] Child element: div (parent: body)
  parent.content: x=0.0, y=0.0
  parent.padding: left=20.0, top=20.0
  child.margin: left=0.0, top=0.0
  y (accumulated): 771.0
  child.content: x=20.0 (was 0.0), y=771.0 (was 0.0)
  [UPDATE Y] child: div, content_height=334.0, margin.bottom=0.0, total_height=334.0, y after=1105.0
[LAYOUT] Child element: text (parent: body)
  parent.content: x=0.0, y=0.0
  parent.padding: left=20.0, top=20.0
  child.margin: left=0.0, top=0.0
  y (accumulated): 1105.0
  child.content: x=20.0 (was 0.0), y=1105.0 (was 0.0)
  [UPDATE Y] child: text, content_height=0.0, margin.bottom=0.0, total_height=0.0, y after=1105.0
  [TEXT HEIGHT] text: "左浮动元素...", font_size=16.0, line_height=19.2, height=19.2
  [TEXT HEIGHT] text: "这个元素会浮�...", font_size=16.0, line_height=19.2, height=19.2
  [TEXT HEIGHT] text: "右浮动元素...", font_size=16.0, line_height=19.2, height=19.2
  [TEXT HEIGHT] text: "这个元素会浮�...", font_size=16.0, line_height=19.2, height=19.2
  [TEXT HEIGHT] text: "这是正常流中�...", font_size=16.0, line_height=19.2, height=19.2
  [UPDATE Y] child: div, content_height=59.2, margin.bottom=0.0, total_height=59.2, y after=287.8
[LAYOUT] Child element: div (parent: body)
  parent.content: x=0.0, y=0.0
  parent.padding: left=20.0, top=20.0
  child.margin: left=0.0, top=0.0
  y (accumulated): 1105.0
  child.content: x=20.0 (was 0.0), y=1105.0 (was 0.0)
  [UPDATE Y] child: div, content_height=336.8, margin.bottom=0.0, total_height=336.8, y after=1441.8
[LAYOUT] Child element: text (parent: body)
  parent.content: x=0.0, y=0.0
  parent.padding: left=20.0, top=20.0
  child.margin: left=0.0, top=0.0
  y (accumulated): 1441.8
  child.content: x=20.0 (was 0.0), y=1441.8 (was 0.0)
  [UPDATE Y] child: text, content_height=0.0, margin.bottom=0.0, total_height=0.0, y after=1441.8
  [UPDATE Y] child: div, content_height=99.2, margin.bottom=5.0, total_height=104.2, y after=119.2
  [UPDATE Y] child: div, content_height=99.2, margin.bottom=5.0, total_height=104.2, y after=223.4
  [UPDATE Y] child: div, content_height=99.2, margin.bottom=5.0, total_height=104.2, y after=327.6
  [UPDATE Y] child: div, content_height=99.2, margin.bottom=5.0, total_height=104.2, y after=431.8
  [UPDATE Y] child: div, content_height=99.2, margin.bottom=5.0, total_height=104.2, y after=536.0
  [UPDATE Y] child: div, content_height=585.0, margin.bottom=0.0, total_height=585.0, y after=697.1
  [UPDATE Y] child: div, content_height=99.2, margin.bottom=5.0, total_height=104.2, y after=119.2
  [UPDATE Y] child: div, content_height=99.2, margin.bottom=5.0, total_height=104.2, y after=223.4
  [UPDATE Y] child: div, content_height=99.2, margin.bottom=5.0, total_height=104.2, y after=327.6
  [UPDATE Y] child: div, content_height=334.0, margin.bottom=0.0, total_height=334.0, y after=1031.1
[LAYOUT] Child element: div (parent: body)
  parent.content: x=0.0, y=0.0
  parent.padding: left=20.0, top=20.0
  child.margin: left=0.0, top=0.0
  y (accumulated): 1441.8
  child.content: x=20.0 (was 0.0), y=1441.8 (was 0.0)
  [UPDATE Y] child: div, content_height=1031.1, margin.bottom=0.0, total_height=1031.1, y after=2472.8
[LAYOUT] Child element: text (parent: body)
  parent.content: x=0.0, y=0.0
  parent.padding: left=20.0, top=20.0
  child.margin: left=0.0, top=0.0
  y (accumulated): 2472.8
  child.content: x=20.0 (was 0.0), y=2472.8 (was 0.0)
  [UPDATE Y] child: text, content_height=0.0, margin.bottom=0.0, total_height=0.0, y after=2472.8
  [UPDATE Y] child: div, content_height=79.2, margin.bottom=0.0, total_height=79.2, y after=94.2
  [UPDATE Y] child: div, content_height=79.2, margin.bottom=0.0, total_height=79.2, y after=173.4
  [UPDATE Y] child: div, content_height=79.2, margin.bottom=0.0, total_height=79.2, y after=252.6
  [UPDATE Y] child: div, content_height=79.2, margin.bottom=0.0, total_height=79.2, y after=331.8
  [UPDATE Y] child: div, content_height=79.2, margin.bottom=0.0, total_height=79.2, y after=411.0
  [UPDATE Y] child: div, content_height=79.2, margin.bottom=0.0, total_height=79.2, y after=490.2
  [UPDATE Y] child: div, content_height=79.2, margin.bottom=0.0, total_height=79.2, y after=569.4
  [UPDATE Y] child: div, content_height=79.2, margin.bottom=0.0, total_height=79.2, y after=648.6
  [UPDATE Y] child: div, content_height=697.6, margin.bottom=0.0, total_height=697.6, y after=809.7
[LAYOUT] Child element: div (parent: body)
  parent.content: x=0.0, y=0.0
  parent.padding: left=20.0, top=20.0
  child.margin: left=0.0, top=0.0
  y (accumulated): 2472.8
  child.content: x=20.0 (was 0.0), y=2472.8 (was 0.0)
  [UPDATE Y] child: div, content_height=809.7, margin.bottom=0.0, total_height=809.7, y after=3282.5
[LAYOUT] Child element: text (parent: body)
  parent.content: x=0.0, y=0.0
  parent.padding: left=20.0, top=20.0
  child.margin: left=0.0, top=0.0
  y (accumulated): 3282.5
  child.content: x=20.0 (was 0.0), y=3282.5 (was 0.0)
  [UPDATE Y] child: text, content_height=0.0, margin.bottom=0.0, total_height=0.0, y after=3282.5
  [TEXT HEIGHT] text: "大号文本（32px�...", font_size=16.0, line_height=19.2, height=19.2
  [TEXT HEIGHT] text: "中等文本（20px�...", font_size=16.0, line_height=19.2, height=19.2
  [TEXT HEIGHT] text: "小号文本（12px�...", font_size=16.0, line_height=19.2, height=19.2
  [TEXT HEIGHT] text: "下划线文本...", font_size=16.0, line_height=19.2, height=19.2
  [TEXT HEIGHT] text: "删除线文本...", font_size=16.0, line_height=19.2, height=19.2
[LAYOUT] Child element: div (parent: body)
  parent.content: x=0.0, y=0.0
  parent.padding: left=20.0, top=20.0
  child.margin: left=0.0, top=0.0
  y (accumulated): 3282.5
  child.content: x=20.0 (was 0.0), y=3282.5 (was 0.0)
  [UPDATE Y] child: div, content_height=405.5, margin.bottom=0.0, total_height=405.5, y after=3688.0
[LAYOUT] Child element: text (parent: body)
  parent.content: x=0.0, y=0.0
  parent.padding: left=20.0, top=20.0
  child.margin: left=0.0, top=0.0
  y (accumulated): 3688.0
  child.content: x=20.0 (was 0.0), y=3688.0 (was 0.0)
  [UPDATE Y] child: text, content_height=0.0, margin.bottom=0.0, total_height=0.0, y after=3688.0
  [TEXT HEIGHT] text: "这是一个测试�...", font_size=16.0, line_height=25.6, height=25.6
  [TEXT HEIGHT] text: "這是一個測試�...", font_size=16.0, line_height=25.6, height=25.6
  [TEXT HEIGHT] text: "これはテスト�...", font_size=16.0, line_height=25.6, height=25.6
  [TEXT HEIGHT] text: "이것은 테스트 ...", font_size=16.0, line_height=25.6, height=25.6
  [TEXT HEIGHT] text: "This is a test page ...", font_size=16.0, line_height=25.6, height=25.6
  [TEXT HEIGHT] text: "混合文本 Mixed T...", font_size=16.0, line_height=25.6, height=25.6
[LAYOUT] Child element: div (parent: body)
  parent.content: x=0.0, y=0.0
  parent.padding: left=20.0, top=20.0
  child.margin: left=0.0, top=0.0
  y (accumulated): 3688.0
  child.content: x=20.0 (was 0.0), y=3688.0 (was 0.0)
  [UPDATE Y] child: div, content_height=610.3, margin.bottom=0.0, total_height=610.3, y after=4298.4
[LAYOUT] Child element: text (parent: body)
  parent.content: x=0.0, y=0.0
  parent.padding: left=20.0, top=20.0
  child.margin: left=0.0, top=0.0
  y (accumulated): 4298.4
  child.content: x=20.0 (was 0.0), y=4298.4 (was 0.0)
  [UPDATE Y] child: text, content_height=0.0, margin.bottom=0.0, total_height=0.0, y after=4298.4
  [TEXT HEIGHT] text: "这个区域有实�...", font_size=16.0, line_height=19.2, height=19.2
  [TEXT HEIGHT] text: "这个区域有虚�...", font_size=16.0, line_height=19.2, height=19.2
  [UPDATE Y] child: div, content_height=117.2, margin.bottom=0.0, total_height=117.2, y after=273.9
[LAYOUT] Child element: div (parent: body)
  parent.content: x=0.0, y=0.0
  parent.padding: left=20.0, top=20.0
  child.margin: left=0.0, top=0.0
  y (accumulated): 4298.4
  child.content: x=20.0 (was 0.0), y=4298.4 (was 0.0)
  [UPDATE Y] child: div, content_height=343.9, margin.bottom=0.0, total_height=343.9, y after=4642.3
[LAYOUT] Child element: text (parent: body)
  parent.content: x=0.0, y=0.0
  parent.padding: left=20.0, top=20.0
  child.margin: left=0.0, top=0.0
  y (accumulated): 4642.3
  child.content: x=20.0 (was 0.0), y=4642.3 (was 0.0)
  [UPDATE Y] child: text, content_height=0.0, margin.bottom=0.0, total_height=0.0, y after=4642.3
  [TEXT HEIGHT] text: "第一层嵌套...", font_size=16.0, line_height=19.2, height=19.2
  [TEXT HEIGHT] text: "第二层嵌套...", font_size=16.0, line_height=19.2, height=19.2
  [TEXT HEIGHT] text: "第三层嵌套...", font_size=16.0, line_height=19.2, height=19.2
  [UPDATE Y] child: div, content_height=71.2, margin.bottom=2.0, total_height=73.2, y after=132.4
  [UPDATE Y] child: div, content_height=160.4, margin.bottom=3.0, total_height=163.4, y after=224.6
  [UPDATE Y] child: div, content_height=258.6, margin.bottom=5.0, total_height=263.6, y after=364.1
[LAYOUT] Child element: div (parent: body)
  parent.content: x=0.0, y=0.0
  parent.padding: left=20.0, top=20.0
  child.margin: left=0.0, top=0.0
  y (accumulated): 4642.3
  child.content: x=20.0 (was 0.0), y=4642.3 (was 0.0)
  [UPDATE Y] child: div, content_height=413.1, margin.bottom=0.0, total_height=413.1, y after=5055.4
[LAYOUT] Child element: text (parent: body)
  parent.content: x=0.0, y=0.0
  parent.padding: left=20.0, top=20.0
  child.margin: left=0.0, top=0.0
  y (accumulated): 5055.4
  child.content: x=20.0 (was 0.0), y=5055.4 (was 0.0)
  [UPDATE Y] child: text, content_height=0.0, margin.bottom=0.0, total_height=0.0, y after=5055.4
  [TEXT HEIGHT] text: "HTML实体：<div> &...", font_size=16.0, line_height=19.2, height=19.2
  [TEXT HEIGHT] text: "Unicode字符：© �...", font_size=16.0, line_height=19.2, height=19.2
  [TEXT HEIGHT] text: "数学符号：∑ �...", font_size=16.0, line_height=19.2, height=19.2
  [TEXT HEIGHT] text: "箭头符号：← �...", font_size=16.0, line_height=19.2, height=19.2
  [TEXT HEIGHT] text: "Emoji：😀 😃 �...", font_size=16.0, line_height=19.2, height=19.2
[LAYOUT] Child element: div (parent: body)
  parent.content: x=0.0, y=0.0
  parent.padding: left=20.0, top=20.0
  child.margin: left=0.0, top=0.0
  y (accumulated): 5055.4
  child.content: x=20.0 (was 0.0), y=5055.4 (was 0.0)
  [UPDATE Y] child: div, content_height=405.5, margin.bottom=0.0, total_height=405.5, y after=5460.9
[LAYOUT] Child element: text (parent: body)
  parent.content: x=0.0, y=0.0
  parent.padding: left=20.0, top=20.0
  child.margin: left=0.0, top=0.0
  y (accumulated): 5460.9
  child.content: x=20.0 (was 0.0), y=5460.9 (was 0.0)
  [UPDATE Y] child: text, content_height=0.0, margin.bottom=0.0, total_height=0.0, y after=5460.9
  [TEXT HEIGHT] text: "包含块级和行�...", font_size=16.0, line_height=19.2, height=19.2
  [UPDATE Y] child: div, content_height=222.4, margin.bottom=0.0, total_height=222.4, y after=222.4
  [TEXT HEIGHT] text: "另一个Flex子项�...", font_size=16.0, line_height=19.2, height=19.2
  [TEXT HEIGHT] text: "嵌套的div...", font_size=16.0, line_height=19.2, height=19.2
  [UPDATE Y] child: div, content_height=91.2, margin.bottom=0.0, total_height=91.2, y after=245.4
  [UPDATE Y] child: div, content_height=294.4, margin.bottom=0.0, total_height=294.4, y after=516.8
  [UPDATE Y] child: div, content_height=516.8, margin.bottom=0.0, total_height=516.8, y after=622.3
  [TEXT HEIGHT] text: "相对定位容器...", font_size=16.0, line_height=19.2, height=19.2
  [UPDATE Y] child: div, content_height=115.2, margin.bottom=0.0, total_height=115.2, y after=737.5
[LAYOUT] Child element: div (parent: body)
  parent.content: x=0.0, y=0.0
  parent.padding: left=20.0, top=20.0
  child.margin: left=0.0, top=0.0
  y (accumulated): 5460.9
  child.content: x=20.0 (was 0.0), y=5460.9 (was 0.0)
  [UPDATE Y] child: div, content_height=803.5, margin.bottom=0.0, total_height=803.5, y after=6264.4
[LAYOUT] Child element: text (parent: body)
  parent.content: x=0.0, y=0.0
  parent.padding: left=20.0, top=20.0
  child.margin: left=0.0, top=0.0
  y (accumulated): 6264.4
  child.content: x=20.0 (was 0.0), y=6264.4 (was 0.0)
  [UPDATE Y] child: text, content_height=0.0, margin.bottom=0.0, total_height=0.0, y after=6264.4
  [TEXT HEIGHT] text: "ZBrowser功能测试...", font_size=16.0, line_height=19.2, height=19.2
  [TEXT HEIGHT] text: "包含：块级布�...", font_size=16.0, line_height=19.2, height=19.2
[LAYOUT] Child element: div (parent: body)
  parent.content: x=0.0, y=0.0
  parent.padding: left=20.0, top=20.0
  child.margin: left=0.0, top=30.0
  y (accumulated): 6264.4
  child.content: x=20.0 (was 0.0), y=6294.4 (was 0.0)
  [UPDATE Y] child: div, content_height=182.4, margin.bottom=0.0, total_height=182.4, y after=6446.8
[LAYOUT] Child element: body (parent: html)
  parent.content: x=0.0, y=0.0
  parent.padding: left=0.0, top=0.0
  child.margin: left=0.0, top=0.0
  y (accumulated): 0.0
  child.content: x=0.0 (was 0.0), y=0.0 (was 0.0)
  [UPDATE Y] child: body, content_height=6506.8, margin.bottom=0.0, total_height=6506.8, y after=6506.8
[LAYOUT] Child element: !DOCTYPE (parent: body)
  parent.content: x=0.0, y=0.0
  parent.padding: left=20.0, top=20.0
  child.margin: left=0.0, top=0.0
  y (accumulated): 20.0
  child.content: x=20.0 (was 0.0), y=20.0 (was 0.0)
  [UPDATE Y] child: !DOCTYPE, content_height=6506.8, margin.bottom=0.0, total_height=6506.8, y after=6526.8
[LAYOUT] Child element: body (parent: html)
  parent.content: x=0.0, y=0.0
  parent.padding: left=0.0, top=0.0
  child.margin: left=0.0, top=0.0
  y (accumulated): 0.0
  child.content: x=0.0 (was 0.0), y=0.0 (was 0.0)
  [UPDATE Y] child: body, content_height=6586.8, margin.bottom=0.0, total_height=6586.8, y after=6586.8
[LAYOUT] Element: body, is_root: false
  margin: top=0.0, right=0.0, bottom=0.0, left=0.0
  padding: top=20.0, right=20.0, bottom=20.0, left=20.0
  content: x=0.0, y=0.0, width=1160.0, height=6546.8
  containing_block: width=1200.0, height=6586.8
[LAYOUT] Body element position set: x=0.0, y=0.0 (margin: left=0.0, top=0.0)
[LAYOUT] Element: html, is_root: false
  margin: top=0.0, right=0.0, bottom=0.0, left=0.0
  padding: top=0.0, right=0.0, bottom=0.0, left=0.0
  content: x=0.0, y=0.0, width=1160.0, height=6506.8
  containing_block: width=1160.0, height=6586.8
[LAYOUT] Element: body, is_root: false
  margin: top=0.0, right=0.0, bottom=0.0, left=0.0
  padding: top=20.0, right=20.0, bottom=20.0, left=20.0
  content: x=0.0, y=0.0, width=1120.0, height=6466.8
  containing_block: width=1160.0, height=6586.8
[LAYOUT] Body element position set: x=0.0, y=0.0 (margin: left=0.0, top=0.0)
[CONTAINING BLOCK] body.content.width=1120.0, child_containing_block.width=1120.0
[WIDTH DEBUG] h1: containing_block.width=1120.0, available_width=1120.0, calculated_width=1116.0
[LAYOUT] Child element: h1 (parent: body)
  parent.content: x=0.0, y=0.0
  parent.padding: left=20.0, top=20.0
  child.margin: left=0.0, top=21.4
  y (accumulated): 20.0
  child.content: x=20.0 (was 20.0), y=41.4 (was 41.4)
  [UPDATE Y] child: h1, content_height=50.0, margin.bottom=21.4, total_height=71.4, y after=91.4
[LAYOUT] Child element: text (parent: body)
  parent.content: x=0.0, y=0.0
  parent.padding: left=20.0, top=20.0
  child.margin: left=0.0, top=0.0
  y (accumulated): 91.4
  child.content: x=20.0 (was 20.0), y=91.4 (was 91.4)
  [UPDATE Y] child: text, content_height=0.0, margin.bottom=0.0, total_height=0.0, y after=91.4
[WIDTH DEBUG] h1: containing_block.width=1086.0, available_width=1086.0, calculated_width=1086.0
[LAYOUT] Child element: h1 (parent: div)
  parent.content: x=20.0, y=91.4
  parent.padding: left=15.0, top=15.0
  child.margin: left=0.0, top=16.1
  y (accumulated): 15.0
  child.content: x=15.0 (was 15.0), y=122.5 (was 31.1)
  [UPDATE Y] child: h1, content_height=62.1, margin.bottom=16.1, total_height=78.2, y after=93.2
  [UPDATE Y] child: div, content_height=96.0, margin.bottom=0.0, total_height=96.0, y after=301.2
[LAYOUT] Child element: div (parent: body)
  parent.content: x=0.0, y=0.0
  parent.padding: left=20.0, top=20.0
  child.margin: left=0.0, top=0.0
  y (accumulated): 91.4
  child.content: x=20.0 (was 20.0), y=91.4 (was 91.4)
  [UPDATE Y] child: div, content_height=350.2, margin.bottom=0.0, total_height=350.2, y after=441.6
[LAYOUT] Child element: text (parent: body)
  parent.content: x=0.0, y=0.0
  parent.padding: left=20.0, top=20.0
  child.margin: left=0.0, top=0.0
  y (accumulated): 441.6
  child.content: x=20.0 (was 20.0), y=441.6 (was 441.6)
  [UPDATE Y] child: text, content_height=0.0, margin.bottom=0.0, total_height=0.0, y after=441.6
[LAYOUT] Child element: div (parent: body)
  parent.content: x=0.0, y=0.0
  parent.padding: left=20.0, top=20.0
  child.margin: left=0.0, top=0.0
  y (accumulated): 441.6
  child.content: x=20.0 (was 20.0), y=441.6 (was 441.6)
  [UPDATE Y] child: div, content_height=329.4, margin.bottom=0.0, total_height=329.4, y after=771.0
[LAYOUT] Child element: text (parent: body)
  parent.content: x=0.0, y=0.0
  parent.padding: left=20.0, top=20.0
  child.margin: left=0.0, top=0.0
  y (accumulated): 771.0
  child.content: x=20.0 (was 20.0), y=771.0 (was 771.0)
  [UPDATE Y] child: text, content_height=0.0, margin.bottom=0.0, total_height=0.0, y after=771.0
  [UPDATE Y] child: div, content_height=59.2, margin.bottom=5.0, total_height=64.2, y after=138.2
  [UPDATE Y] child: div, content_height=59.2, margin.bottom=5.0, total_height=64.2, y after=202.4
[LAYOUT] Child element: div (parent: body)
  parent.content: x=0.0, y=0.0
  parent.padding: left=20.0, top=20.0
  child.margin: left=0.0, top=0.0
  y (accumulated): 771.0
  child.content: x=20.0 (was 20.0), y=771.0 (was 771.0)
  [UPDATE Y] child: div, content_height=334.0, margin.bottom=0.0, total_height=334.0, y after=1105.0
[LAYOUT] Child element: text (parent: body)
  parent.content: x=0.0, y=0.0
  parent.padding: left=20.0, top=20.0
  child.margin: left=0.0, top=0.0
  y (accumulated): 1105.0
  child.content: x=20.0 (was 20.0), y=1105.0 (was 1105.0)
  [UPDATE Y] child: text, content_height=0.0, margin.bottom=0.0, total_height=0.0, y after=1105.0
  [UPDATE Y] child: div, content_height=59.2, margin.bottom=0.0, total_height=59.2, y after=287.8
[LAYOUT] Child element: div (parent: body)
  parent.content: x=0.0, y=0.0
  parent.padding: left=20.0, top=20.0
  child.margin: left=0.0, top=0.0
  y (accumulated): 1105.0
  child.content: x=20.0 (was 20.0), y=1105.0 (was 1105.0)
  [UPDATE Y] child: div, content_height=336.8, margin.bottom=0.0, total_height=336.8, y after=1441.8
[LAYOUT] Child element: text (parent: body)
  parent.content: x=0.0, y=0.0
  parent.padding: left=20.0, top=20.0
  child.margin: left=0.0, top=0.0
  y (accumulated): 1441.8
  child.content: x=20.0 (was 20.0), y=1441.8 (was 1441.8)
  [UPDATE Y] child: text, content_height=0.0, margin.bottom=0.0, total_height=0.0, y after=1441.8
  [UPDATE Y] child: div, content_height=99.2, margin.bottom=5.0, total_height=104.2, y after=119.2
  [UPDATE Y] child: div, content_height=99.2, margin.bottom=5.0, total_height=104.2, y after=223.4
  [UPDATE Y] child: div, content_height=99.2, margin.bottom=5.0, total_height=104.2, y after=327.6
  [UPDATE Y] child: div, content_height=99.2, margin.bottom=5.0, total_height=104.2, y after=431.8
  [UPDATE Y] child: div, content_height=99.2, margin.bottom=5.0, total_height=104.2, y after=536.0
  [UPDATE Y] child: div, content_height=585.0, margin.bottom=0.0, total_height=585.0, y after=697.1
  [UPDATE Y] child: div, content_height=99.2, margin.bottom=5.0, total_height=104.2, y after=119.2
  [UPDATE Y] child: div, content_height=99.2, margin.bottom=5.0, total_height=104.2, y after=223.4
  [UPDATE Y] child: div, content_height=99.2, margin.bottom=5.0, total_height=104.2, y after=327.6
  [UPDATE Y] child: div, content_height=334.0, margin.bottom=0.0, total_height=334.0, y after=1031.1
[LAYOUT] Child element: div (parent: body)
  parent.content: x=0.0, y=0.0
  parent.padding: left=20.0, top=20.0
  child.margin: left=0.0, top=0.0
  y (accumulated): 1441.8
  child.content: x=20.0 (was 20.0), y=1441.8 (was 1441.8)
  [UPDATE Y] child: div, content_height=1031.1, margin.bottom=0.0, total_height=1031.1, y after=2472.8
[LAYOUT] Child element: text (parent: body)
  parent.content: x=0.0, y=0.0
  parent.padding: left=20.0, top=20.0
  child.margin: left=0.0, top=0.0
  y (accumulated): 2472.8
  child.content: x=20.0 (was 20.0), y=2472.8 (was 2472.8)
  [UPDATE Y] child: text, content_height=0.0, margin.bottom=0.0, total_height=0.0, y after=2472.8
  [UPDATE Y] child: div, content_height=79.2, margin.bottom=0.0, total_height=79.2, y after=94.2
  [UPDATE Y] child: div, content_height=79.2, margin.bottom=0.0, total_height=79.2, y after=173.4
  [UPDATE Y] child: div, content_height=79.2, margin.bottom=0.0, total_height=79.2, y after=252.6
  [UPDATE Y] child: div, content_height=79.2, margin.bottom=0.0, total_height=79.2, y after=331.8
  [UPDATE Y] child: div, content_height=79.2, margin.bottom=0.0, total_height=79.2, y after=411.0
  [UPDATE Y] child: div, content_height=79.2, margin.bottom=0.0, total_height=79.2, y after=490.2
  [UPDATE Y] child: div, content_height=79.2, margin.bottom=0.0, total_height=79.2, y after=569.4
  [UPDATE Y] child: div, content_height=79.2, margin.bottom=0.0, total_height=79.2, y after=648.6
  [UPDATE Y] child: div, content_height=697.6, margin.bottom=0.0, total_height=697.6, y after=809.7
[LAYOUT] Child element: div (parent: body)
  parent.content: x=0.0, y=0.0
  parent.padding: left=20.0, top=20.0
  child.margin: left=0.0, top=0.0
  y (accumulated): 2472.8
  child.content: x=20.0 (was 20.0), y=2472.8 (was 2472.8)
  [UPDATE Y] child: div, content_height=809.7, margin.bottom=0.0, total_height=809.7, y after=3282.5
[LAYOUT] Child element: text (parent: body)
  parent.content: x=0.0, y=0.0
  parent.padding: left=20.0, top=20.0
  child.margin: left=0.0, top=0.0
  y (accumulated): 3282.5
  child.content: x=20.0 (was 20.0), y=3282.5 (was 3282.5)
  [UPDATE Y] child: text, content_height=0.0, margin.bottom=0.0, total_height=0.0, y after=3282.5
[LAYOUT] Child element: div (parent: body)
  parent.content: x=0.0, y=0.0
  parent.padding: left=20.0, top=20.0
  child.margin: left=0.0, top=0.0
  y (accumulated): 3282.5
  child.content: x=20.0 (was 20.0), y=3282.5 (was 3282.5)
  [UPDATE Y] child: div, content_height=405.5, margin.bottom=0.0, total_height=405.5, y after=3688.0
[LAYOUT] Child element: text (parent: body)
  parent.content: x=0.0, y=0.0
  parent.padding: left=20.0, top=20.0
  child.margin: left=0.0, top=0.0
  y (accumulated): 3688.0
  child.content: x=20.0 (was 20.0), y=3688.0 (was 3688.0)
  [UPDATE Y] child: text, content_height=0.0, margin.bottom=0.0, total_height=0.0, y after=3688.0
[LAYOUT] Child element: div (parent: body)
  parent.content: x=0.0, y=0.0
  parent.padding: left=20.0, top=20.0
  child.margin: left=0.0, top=0.0
  y (accumulated): 3688.0
  child.content: x=20.0 (was 20.0), y=3688.0 (was 3688.0)
  [UPDATE Y] child: div, content_height=610.3, margin.bottom=0.0, total_height=610.3, y after=4298.4
[LAYOUT] Child element: text (parent: body)
  parent.content: x=0.0, y=0.0
  parent.padding: left=20.0, top=20.0
  child.margin: left=0.0, top=0.0
  y (accumulated): 4298.4
  child.content: x=20.0 (was 20.0), y=4298.4 (was 4298.4)
  [UPDATE Y] child: text, content_height=0.0, margin.bottom=0.0, total_height=0.0, y after=4298.4
  [UPDATE Y] child: div, content_height=117.2, margin.bottom=0.0, total_height=117.2, y after=273.9
[LAYOUT] Child element: div (parent: body)
  parent.content: x=0.0, y=0.0
  parent.padding: left=20.0, top=20.0
  child.margin: left=0.0, top=0.0
  y (accumulated): 4298.4
  child.content: x=20.0 (was 20.0), y=4298.4 (was 4298.4)
  [UPDATE Y] child: div, content_height=343.9, margin.bottom=0.0, total_height=343.9, y after=4642.3
[LAYOUT] Child element: text (parent: body)
  parent.content: x=0.0, y=0.0
  parent.padding: left=20.0, top=20.0
  child.margin: left=0.0, top=0.0
  y (accumulated): 4642.3
  child.content: x=20.0 (was 20.0), y=4642.3 (was 4642.3)
  [UPDATE Y] child: text, content_height=0.0, margin.bottom=0.0, total_height=0.0, y after=4642.3
  [UPDATE Y] child: div, content_height=71.2, margin.bottom=2.0, total_height=73.2, y after=132.4
  [UPDATE Y] child: div, content_height=160.4, margin.bottom=3.0, total_height=163.4, y after=224.6
  [UPDATE Y] child: div, content_height=258.6, margin.bottom=5.0, total_height=263.6, y after=364.1
[LAYOUT] Child element: div (parent: body)
  parent.content: x=0.0, y=0.0
  parent.padding: left=20.0, top=20.0
  child.margin: left=0.0, top=0.0
  y (accumulated): 4642.3
  child.content: x=20.0 (was 20.0), y=4642.3 (was 4642.3)
  [UPDATE Y] child: div, content_height=413.1, margin.bottom=0.0, total_height=413.1, y after=5055.4
[LAYOUT] Child element: text (parent: body)
  parent.content: x=0.0, y=0.0
  parent.padding: left=20.0, top=20.0
  child.margin: left=0.0, top=0.0
  y (accumulated): 5055.4
  child.content: x=20.0 (was 20.0), y=5055.4 (was 5055.4)
  [UPDATE Y] child: text, content_height=0.0, margin.bottom=0.0, total_height=0.0, y after=5055.4
[LAYOUT] Child element: div (parent: body)
  parent.content: x=0.0, y=0.0
  parent.padding: left=20.0, top=20.0
  child.margin: left=0.0, top=0.0
  y (accumulated): 5055.4
  child.content: x=20.0 (was 20.0), y=5055.4 (was 5055.4)
  [UPDATE Y] child: div, content_height=405.5, margin.bottom=0.0, total_height=405.5, y after=5460.9
[LAYOUT] Child element: text (parent: body)
  parent.content: x=0.0, y=0.0
  parent.padding: left=20.0, top=20.0
  child.margin: left=0.0, top=0.0
  y (accumulated): 5460.9
  child.content: x=20.0 (was 20.0), y=5460.9 (was 5460.9)
  [UPDATE Y] child: text, content_height=0.0, margin.bottom=0.0, total_height=0.0, y after=5460.9
  [UPDATE Y] child: div, content_height=222.4, margin.bottom=0.0, total_height=222.4, y after=222.4
  [UPDATE Y] child: div, content_height=91.2, margin.bottom=0.0, total_height=91.2, y after=245.4
  [UPDATE Y] child: div, content_height=294.4, margin.bottom=0.0, total_height=294.4, y after=516.8
  [UPDATE Y] child: div, content_height=516.8, margin.bottom=0.0, total_height=516.8, y after=622.3
  [UPDATE Y] child: div, content_height=115.2, margin.bottom=0.0, total_height=115.2, y after=737.5
[LAYOUT] Child element: div (parent: body)
  parent.content: x=0.0, y=0.0
  parent.padding: left=20.0, top=20.0
  child.margin: left=0.0, top=0.0
  y (accumulated): 5460.9
  child.content: x=20.0 (was 20.0), y=5460.9 (was 5460.9)
  [UPDATE Y] child: div, content_height=803.5, margin.bottom=0.0, total_height=803.5, y after=6264.4
[LAYOUT] Child element: text (parent: body)
  parent.content: x=0.0, y=0.0
  parent.padding: left=20.0, top=20.0
  child.margin: left=0.0, top=0.0
  y (accumulated): 6264.4
  child.content: x=20.0 (was 20.0), y=6264.4 (was 6264.4)
  [UPDATE Y] child: text, content_height=0.0, margin.bottom=0.0, total_height=0.0, y after=6264.4
[LAYOUT] Child element: div (parent: body)
  parent.content: x=0.0, y=0.0
  parent.padding: left=20.0, top=20.0
  child.margin: left=0.0, top=30.0
  y (accumulated): 6264.4
  child.content: x=20.0 (was 20.0), y=6294.4 (was 6294.4)
  [UPDATE Y] child: div, content_height=182.4, margin.bottom=0.0, total_height=182.4, y after=6446.8
[LAYOUT] Child element: body (parent: html)
  parent.content: x=0.0, y=0.0
  parent.padding: left=0.0, top=0.0
  child.margin: left=0.0, top=0.0
  y (accumulated): 0.0
  child.content: x=0.0 (was 0.0), y=0.0 (was 0.0)
  [UPDATE Y] child: body, content_height=6506.8, margin.bottom=0.0, total_height=6506.8, y after=6506.8
[LAYOUT] Child element: !DOCTYPE (parent: body)
  parent.content: x=0.0, y=0.0
  parent.padding: left=20.0, top=20.0
  child.margin: left=0.0, top=0.0
  y (accumulated): 20.0
  child.content: x=20.0 (was 20.0), y=20.0 (was 20.0)
  [UPDATE Y] child: !DOCTYPE, content_height=6506.8, margin.bottom=0.0, total_height=6506.8, y after=6526.8
[LAYOUT] Element: html, is_root: false
  margin: top=0.0, right=0.0, bottom=0.0, left=0.0
  padding: top=0.0, right=0.0, bottom=0.0, left=0.0
  content: x=20.0, y=20.0, width=1160.0, height=6506.8
  containing_block: width=1160.0, height=6546.8
[LAYOUT] Element: body, is_root: false
  margin: top=0.0, right=0.0, bottom=0.0, left=0.0
  padding: top=20.0, right=20.0, bottom=20.0, left=20.0
  content: x=0.0, y=0.0, width=1120.0, height=6466.8
  containing_block: width=1160.0, height=6546.8
[LAYOUT WARNING] html.content is not (0, 0): x=20.0, y=20.0
[LAYOUT] Body element position set: x=0.0, y=0.0 (margin: left=0.0, top=0.0)
[CONTAINING BLOCK] body.content.width=1120.0, child_containing_block.width=1120.0
[WIDTH DEBUG] h1: containing_block.width=1120.0, available_width=1120.0, calculated_width=1116.0
[LAYOUT] Child element: h1 (parent: body)
  parent.content: x=0.0, y=0.0
  parent.padding: left=20.0, top=20.0
  child.margin: left=0.0, top=21.4
  y (accumulated): 20.0
  child.content: x=20.0 (was 20.0), y=41.4 (was 41.4)
  [UPDATE Y] child: h1, content_height=50.0, margin.bottom=21.4, total_height=71.4, y after=91.4
[LAYOUT] Child element: text (parent: body)
  parent.content: x=0.0, y=0.0
  parent.padding: left=20.0, top=20.0
  child.margin: left=0.0, top=0.0
  y (accumulated): 91.4
  child.content: x=20.0 (was 20.0), y=91.4 (was 91.4)
  [UPDATE Y] child: text, content_height=0.0, margin.bottom=0.0, total_height=0.0, y after=91.4
[WIDTH DEBUG] h1: containing_block.width=1086.0, available_width=1086.0, calculated_width=1086.0
[LAYOUT] Child element: h1 (parent: div)
  parent.content: x=20.0, y=91.4
  parent.padding: left=15.0, top=15.0
  child.margin: left=0.0, top=16.1
  y (accumulated): 15.0
  child.content: x=15.0 (was 15.0), y=122.5 (was 122.5)
  [UPDATE Y] child: h1, content_height=62.1, margin.bottom=16.1, total_height=78.2, y after=93.2
  [UPDATE Y] child: div, content_height=96.0, margin.bottom=0.0, total_height=96.0, y after=301.2
[LAYOUT] Child element: div (parent: body)
  parent.content: x=0.0, y=0.0
  parent.padding: left=20.0, top=20.0
  child.margin: left=0.0, top=0.0
  y (accumulated): 91.4
  child.content: x=20.0 (was 20.0), y=91.4 (was 91.4)
  [UPDATE Y] child: div, content_height=350.2, margin.bottom=0.0, total_height=350.2, y after=441.6
[LAYOUT] Child element: text (parent: body)
  parent.content: x=0.0, y=0.0
  parent.padding: left=20.0, top=20.0
  child.margin: left=0.0, top=0.0
  y (accumulated): 441.6
  child.content: x=20.0 (was 20.0), y=441.6 (was 441.6)
  [UPDATE Y] child: text, content_height=0.0, margin.bottom=0.0, total_height=0.0, y after=441.6
[LAYOUT] Child element: div (parent: body)
  parent.content: x=0.0, y=0.0
  parent.padding: left=20.0, top=20.0
  child.margin: left=0.0, top=0.0
  y (accumulated): 441.6
  child.content: x=20.0 (was 20.0), y=441.6 (was 441.6)
  [UPDATE Y] child: div, content_height=329.4, margin.bottom=0.0, total_height=329.4, y after=771.0
[LAYOUT] Child element: text (parent: body)
  parent.content: x=0.0, y=0.0
  parent.padding: left=20.0, top=20.0
  child.margin: left=0.0, top=0.0
  y (accumulated): 771.0
  child.content: x=20.0 (was 20.0), y=771.0 (was 771.0)
  [UPDATE Y] child: text, content_height=0.0, margin.bottom=0.0, total_height=0.0, y after=771.0
  [UPDATE Y] child: div, content_height=59.2, margin.bottom=5.0, total_height=64.2, y after=138.2
  [UPDATE Y] child: div, content_height=59.2, margin.bottom=5.0, total_height=64.2, y after=202.4
[LAYOUT] Child element: div (parent: body)
  parent.content: x=0.0, y=0.0
  parent.padding: left=20.0, top=20.0
  child.margin: left=0.0, top=0.0
  y (accumulated): 771.0
  child.content: x=20.0 (was 20.0), y=771.0 (was 771.0)
  [UPDATE Y] child: div, content_height=334.0, margin.bottom=0.0, total_height=334.0, y after=1105.0
[LAYOUT] Child element: text (parent: body)
  parent.content: x=0.0, y=0.0
  parent.padding: left=20.0, top=20.0
  child.margin: left=0.0, top=0.0
  y (accumulated): 1105.0
  child.content: x=20.0 (was 20.0), y=1105.0 (was 1105.0)
  [UPDATE Y] child: text, content_height=0.0, margin.bottom=0.0, total_height=0.0, y after=1105.0
  [UPDATE Y] child: div, content_height=59.2, margin.bottom=0.0, total_height=59.2, y after=287.8
[LAYOUT] Child element: div (parent: body)
  parent.content: x=0.0, y=0.0
  parent.padding: left=20.0, top=20.0
  child.margin: left=0.0, top=0.0
  y (accumulated): 1105.0
  child.content: x=20.0 (was 20.0), y=1105.0 (was 1105.0)
  [UPDATE Y] child: div, content_height=336.8, margin.bottom=0.0, total_height=336.8, y after=1441.8
[LAYOUT] Child element: text (parent: body)
  parent.content: x=0.0, y=0.0
  parent.padding: left=20.0, top=20.0
  child.margin: left=0.0, top=0.0
  y (accumulated): 1441.8
  child.content: x=20.0 (was 20.0), y=1441.8 (was 1441.8)
  [UPDATE Y] child: text, content_height=0.0, margin.bottom=0.0, total_height=0.0, y after=1441.8
  [UPDATE Y] child: div, content_height=99.2, margin.bottom=5.0, total_height=104.2, y after=119.2
  [UPDATE Y] child: div, content_height=99.2, margin.bottom=5.0, total_height=104.2, y after=223.4
  [UPDATE Y] child: div, content_height=99.2, margin.bottom=5.0, total_height=104.2, y after=327.6
  [UPDATE Y] child: div, content_height=99.2, margin.bottom=5.0, total_height=104.2, y after=431.8
  [UPDATE Y] child: div, content_height=99.2, margin.bottom=5.0, total_height=104.2, y after=536.0
  [UPDATE Y] child: div, content_height=585.0, margin.bottom=0.0, total_height=585.0, y after=697.1
  [UPDATE Y] child: div, content_height=99.2, margin.bottom=5.0, total_height=104.2, y after=119.2
  [UPDATE Y] child: div, content_height=99.2, margin.bottom=5.0, total_height=104.2, y after=223.4
  [UPDATE Y] child: div, content_height=99.2, margin.bottom=5.0, total_height=104.2, y after=327.6
  [UPDATE Y] child: div, content_height=334.0, margin.bottom=0.0, total_height=334.0, y after=1031.1
[LAYOUT] Child element: div (parent: body)
  parent.content: x=0.0, y=0.0
  parent.padding: left=20.0, top=20.0
  child.margin: left=0.0, top=0.0
  y (accumulated): 1441.8
  child.content: x=20.0 (was 20.0), y=1441.8 (was 1441.8)
  [UPDATE Y] child: div, content_height=1031.1, margin.bottom=0.0, total_height=1031.1, y after=2472.8
[LAYOUT] Child element: text (parent: body)
  parent.content: x=0.0, y=0.0
  parent.padding: left=20.0, top=20.0
  child.margin: left=0.0, top=0.0
  y (accumulated): 2472.8
  child.content: x=20.0 (was 20.0), y=2472.8 (was 2472.8)
  [UPDATE Y] child: text, content_height=0.0, margin.bottom=0.0, total_height=0.0, y after=2472.8
  [UPDATE Y] child: div, content_height=79.2, margin.bottom=0.0, total_height=79.2, y after=94.2
  [UPDATE Y] child: div, content_height=79.2, margin.bottom=0.0, total_height=79.2, y after=173.4
  [UPDATE Y] child: div, content_height=79.2, margin.bottom=0.0, total_height=79.2, y after=252.6
  [UPDATE Y] child: div, content_height=79.2, margin.bottom=0.0, total_height=79.2, y after=331.8
  [UPDATE Y] child: div, content_height=79.2, margin.bottom=0.0, total_height=79.2, y after=411.0
  [UPDATE Y] child: div, content_height=79.2, margin.bottom=0.0, total_height=79.2, y after=490.2
  [UPDATE Y] child: div, content_height=79.2, margin.bottom=0.0, total_height=79.2, y after=569.4
  [UPDATE Y] child: div, content_height=79.2, margin.bottom=0.0, total_height=79.2, y after=648.6
  [UPDATE Y] child: div, content_height=697.6, margin.bottom=0.0, total_height=697.6, y after=809.7
[LAYOUT] Child element: div (parent: body)
  parent.content: x=0.0, y=0.0
  parent.padding: left=20.0, top=20.0
  child.margin: left=0.0, top=0.0
  y (accumulated): 2472.8
  child.content: x=20.0 (was 20.0), y=2472.8 (was 2472.8)
  [UPDATE Y] child: div, content_height=809.7, margin.bottom=0.0, total_height=809.7, y after=3282.5
[LAYOUT] Child element: text (parent: body)
  parent.content: x=0.0, y=0.0
  parent.padding: left=20.0, top=20.0
  child.margin: left=0.0, top=0.0
  y (accumulated): 3282.5
  child.content: x=20.0 (was 20.0), y=3282.5 (was 3282.5)
  [UPDATE Y] child: text, content_height=0.0, margin.bottom=0.0, total_height=0.0, y after=3282.5
[LAYOUT] Child element: div (parent: body)
  parent.content: x=0.0, y=0.0
  parent.padding: left=20.0, top=20.0
  child.margin: left=0.0, top=0.0
  y (accumulated): 3282.5
  child.content: x=20.0 (was 20.0), y=3282.5 (was 3282.5)
  [UPDATE Y] child: div, content_height=405.5, margin.bottom=0.0, total_height=405.5, y after=3688.0
[LAYOUT] Child element: text (parent: body)
  parent.content: x=0.0, y=0.0
  parent.padding: left=20.0, top=20.0
  child.margin: left=0.0, top=0.0
  y (accumulated): 3688.0
  child.content: x=20.0 (was 20.0), y=3688.0 (was 3688.0)
  [UPDATE Y] child: text, content_height=0.0, margin.bottom=0.0, total_height=0.0, y after=3688.0
[LAYOUT] Child element: div (parent: body)
  parent.content: x=0.0, y=0.0
  parent.padding: left=20.0, top=20.0
  child.margin: left=0.0, top=0.0
  y (accumulated): 3688.0
  child.content: x=20.0 (was 20.0), y=3688.0 (was 3688.0)
  [UPDATE Y] child: div, content_height=610.3, margin.bottom=0.0, total_height=610.3, y after=4298.4
[LAYOUT] Child element: text (parent: body)
  parent.content: x=0.0, y=0.0
  parent.padding: left=20.0, top=20.0
  child.margin: left=0.0, top=0.0
  y (accumulated): 4298.4
  child.content: x=20.0 (was 20.0), y=4298.4 (was 4298.4)
  [UPDATE Y] child: text, content_height=0.0, margin.bottom=0.0, total_height=0.0, y after=4298.4
  [UPDATE Y] child: div, content_height=117.2, margin.bottom=0.0, total_height=117.2, y after=273.9
[LAYOUT] Child element: div (parent: body)
  parent.content: x=0.0, y=0.0
  parent.padding: left=20.0, top=20.0
  child.margin: left=0.0, top=0.0
  y (accumulated): 4298.4
  child.content: x=20.0 (was 20.0), y=4298.4 (was 4298.4)
  [UPDATE Y] child: div, content_height=343.9, margin.bottom=0.0, total_height=343.9, y after=4642.3
[LAYOUT] Child element: text (parent: body)
  parent.content: x=0.0, y=0.0
  parent.padding: left=20.0, top=20.0
  child.margin: left=0.0, top=0.0
  y (accumulated): 4642.3
  child.content: x=20.0 (was 20.0), y=4642.3 (was 4642.3)
  [UPDATE Y] child: text, content_height=0.0, margin.bottom=0.0, total_height=0.0, y after=4642.3
  [UPDATE Y] child: div, content_height=71.2, margin.bottom=2.0, total_height=73.2, y after=132.4
  [UPDATE Y] child: div, content_height=160.4, margin.bottom=3.0, total_height=163.4, y after=224.6
  [UPDATE Y] child: div, content_height=258.6, margin.bottom=5.0, total_height=263.6, y after=364.1
[LAYOUT] Child element: div (parent: body)
  parent.content: x=0.0, y=0.0
  parent.padding: left=20.0, top=20.0
  child.margin: left=0.0, top=0.0
  y (accumulated): 4642.3
  child.content: x=20.0 (was 20.0), y=4642.3 (was 4642.3)
  [UPDATE Y] child: div, content_height=413.1, margin.bottom=0.0, total_height=413.1, y after=5055.4
[LAYOUT] Child element: text (parent: body)
  parent.content: x=0.0, y=0.0
  parent.padding: left=20.0, top=20.0
  child.margin: left=0.0, top=0.0
  y (accumulated): 5055.4
  child.content: x=20.0 (was 20.0), y=5055.4 (was 5055.4)
  [UPDATE Y] child: text, content_height=0.0, margin.bottom=0.0, total_height=0.0, y after=5055.4
[LAYOUT] Child element: div (parent: body)
  parent.content: x=0.0, y=0.0
  parent.padding: left=20.0, top=20.0
  child.margin: left=0.0, top=0.0
  y (accumulated): 5055.4
  child.content: x=20.0 (was 20.0), y=5055.4 (was 5055.4)
  [UPDATE Y] child: div, content_height=405.5, margin.bottom=0.0, total_height=405.5, y after=5460.9
[LAYOUT] Child element: text (parent: body)
  parent.content: x=0.0, y=0.0
  parent.padding: left=20.0, top=20.0
  child.margin: left=0.0, top=0.0
  y (accumulated): 5460.9
  child.content: x=20.0 (was 20.0), y=5460.9 (was 5460.9)
  [UPDATE Y] child: text, content_height=0.0, margin.bottom=0.0, total_height=0.0, y after=5460.9
  [UPDATE Y] child: div, content_height=222.4, margin.bottom=0.0, total_height=222.4, y after=222.4
  [UPDATE Y] child: div, content_height=91.2, margin.bottom=0.0, total_height=91.2, y after=245.4
  [UPDATE Y] child: div, content_height=294.4, margin.bottom=0.0, total_height=294.4, y after=516.8
  [UPDATE Y] child: div, content_height=516.8, margin.bottom=0.0, total_height=516.8, y after=622.3
  [UPDATE Y] child: div, content_height=115.2, margin.bottom=0.0, total_height=115.2, y after=737.5
[LAYOUT] Child element: div (parent: body)
  parent.content: x=0.0, y=0.0
  parent.padding: left=20.0, top=20.0
  child.margin: left=0.0, top=0.0
  y (accumulated): 5460.9
  child.content: x=20.0 (was 20.0), y=5460.9 (was 5460.9)
  [UPDATE Y] child: div, content_height=803.5, margin.bottom=0.0, total_height=803.5, y after=6264.4
[LAYOUT] Child element: text (parent: body)
  parent.content: x=0.0, y=0.0
  parent.padding: left=20.0, top=20.0
  child.margin: left=0.0, top=0.0
  y (accumulated): 6264.4
  child.content: x=20.0 (was 20.0), y=6264.4 (was 6264.4)
  [UPDATE Y] child: text, content_height=0.0, margin.bottom=0.0, total_height=0.0, y after=6264.4
[LAYOUT] Child element: div (parent: body)
  parent.content: x=0.0, y=0.0
  parent.padding: left=20.0, top=20.0
  child.margin: left=0.0, top=30.0
  y (accumulated): 6264.4
  child.content: x=20.0 (was 20.0), y=6294.4 (was 6294.4)
  [UPDATE Y] child: div, content_height=182.4, margin.bottom=0.0, total_height=182.4, y after=6446.8
[LAYOUT] Child element: body (parent: html)
  parent.content: x=20.0, y=20.0
  parent.padding: left=0.0, top=0.0
  child.margin: left=0.0, top=0.0
  y (accumulated): 0.0
  child.content: x=20.0 (was 0.0), y=20.0 (was 0.0)
  [UPDATE Y] child: body, content_height=6506.8, margin.bottom=0.0, total_height=6506.8, y after=6506.8
[LAYOUT] Element: html, is_root: false
  margin: top=0.0, right=0.0, bottom=0.0, left=0.0
  padding: top=0.0, right=0.0, bottom=0.0, left=0.0
  content: x=20.0, y=20.0, width=1160.0, height=6506.8
  containing_block: width=1160.0, height=6506.8
[LAYOUT] Element: body, is_root: false
  margin: top=0.0, right=0.0, bottom=0.0, left=0.0
  padding: top=20.0, right=20.0, bottom=20.0, left=20.0
  content: x=20.0, y=20.0, width=1120.0, height=6466.8
  containing_block: width=1160.0, height=6506.8
[LAYOUT WARNING] html.content is not (0, 0): x=20.0, y=20.0
[CONTAINING BLOCK] body.content.width=1120.0, child_containing_block.width=1120.0
[WIDTH DEBUG] h1: containing_block.width=1120.0, available_width=1120.0, calculated_width=1116.0
[LAYOUT] Child element: h1 (parent: body)
  parent.content: x=20.0, y=20.0
  parent.padding: left=20.0, top=20.0
  child.margin: left=0.0, top=21.4
  y (accumulated): 20.0
  child.content: x=20.0 (was 20.0), y=61.4 (was 41.4)
  [UPDATE Y] child: h1, content_height=50.0, margin.bottom=21.4, total_height=71.4, y after=91.4
[LAYOUT] Child element: text (parent: body)
  parent.content: x=20.0, y=20.0
  parent.padding: left=20.0, top=20.0
  child.margin: left=0.0, top=0.0
  y (accumulated): 91.4
  child.content: x=20.0 (was 20.0), y=111.4 (was 91.4)
  [UPDATE Y] child: text, content_height=0.0, margin.bottom=0.0, total_height=0.0, y after=91.4
[WIDTH DEBUG] h1: containing_block.width=1086.0, available_width=1086.0, calculated_width=1086.0
[LAYOUT] Child element: h1 (parent: div)
  parent.content: x=20.0, y=91.4
  parent.padding: left=15.0, top=15.0
  child.margin: left=0.0, top=16.1
  y (accumulated): 15.0
  child.content: x=15.0 (was 15.0), y=122.5 (was 122.5)
  [UPDATE Y] child: h1, content_height=62.1, margin.bottom=16.1, total_height=78.2, y after=93.2
  [UPDATE Y] child: div, content_height=96.0, margin.bottom=0.0, total_height=96.0, y after=301.2
[LAYOUT] Child element: div (parent: body)
  parent.content: x=20.0, y=20.0
  parent.padding: left=20.0, top=20.0
  child.margin: left=0.0, top=0.0
  y (accumulated): 91.4
  child.content: x=20.0 (was 20.0), y=111.4 (was 91.4)
  [UPDATE Y] child: div, content_height=350.2, margin.bottom=0.0, total_height=350.2, y after=441.6
[LAYOUT] Child element: text (parent: body)
  parent.content: x=20.0, y=20.0
  parent.padding: left=20.0, top=20.0
  child.margin: left=0.0, top=0.0
  y (accumulated): 441.6
  child.content: x=20.0 (was 20.0), y=461.6 (was 441.6)
  [UPDATE Y] child: text, content_height=0.0, margin.bottom=0.0, total_height=0.0, y after=441.6
[LAYOUT] Child element: div (parent: body)
  parent.content: x=20.0, y=20.0
  parent.padding: left=20.0, top=20.0
  child.margin: left=0.0, top=0.0
  y (accumulated): 441.6
  child.content: x=20.0 (was 20.0), y=461.6 (was 441.6)
  [UPDATE Y] child: div, content_height=329.4, margin.bottom=0.0, total_height=329.4, y after=771.0
[LAYOUT] Child element: text (parent: body)
  parent.content: x=20.0, y=20.0
  parent.padding: left=20.0, top=20.0
  child.margin: left=0.0, top=0.0
  y (accumulated): 771.0
  child.content: x=20.0 (was 20.0), y=791.0 (was 771.0)
  [UPDATE Y] child: text, content_height=0.0, margin.bottom=0.0, total_height=0.0, y after=771.0
  [UPDATE Y] child: div, content_height=59.2, margin.bottom=5.0, total_height=64.2, y after=138.2
  [UPDATE Y] child: div, content_height=59.2, margin.bottom=5.0, total_height=64.2, y after=202.4
[LAYOUT] Child element: div (parent: body)
  parent.content: x=20.0, y=20.0
  parent.padding: left=20.0, top=20.0
  child.margin: left=0.0, top=0.0
  y (accumulated): 771.0
  child.content: x=20.0 (was 20.0), y=791.0 (was 771.0)
  [UPDATE Y] child: div, content_height=334.0, margin.bottom=0.0, total_height=334.0, y after=1105.0
[LAYOUT] Child element: text (parent: body)
  parent.content: x=20.0, y=20.0
  parent.padding: left=20.0, top=20.0
  child.margin: left=0.0, top=0.0
  y (accumulated): 1105.0
  child.content: x=20.0 (was 20.0), y=1125.0 (was 1105.0)
  [UPDATE Y] child: text, content_height=0.0, margin.bottom=0.0, total_height=0.0, y after=1105.0
  [UPDATE Y] child: div, content_height=59.2, margin.bottom=0.0, total_height=59.2, y after=287.8
[LAYOUT] Child element: div (parent: body)
  parent.content: x=20.0, y=20.0
  parent.padding: left=20.0, top=20.0
  child.margin: left=0.0, top=0.0
  y (accumulated): 1105.0
  child.content: x=20.0 (was 20.0), y=1125.0 (was 1105.0)
  [UPDATE Y] child: div, content_height=336.8, margin.bottom=0.0, total_height=336.8, y after=1441.8
[LAYOUT] Child element: text (parent: body)
  parent.content: x=20.0, y=20.0
  parent.padding: left=20.0, top=20.0
  child.margin: left=0.0, top=0.0
  y (accumulated): 1441.8
  child.content: x=20.0 (was 20.0), y=1461.8 (was 1441.8)
  [UPDATE Y] child: text, content_height=0.0, margin.bottom=0.0, total_height=0.0, y after=1441.8
  [UPDATE Y] child: div, content_height=99.2, margin.bottom=5.0, total_height=104.2, y after=119.2
  [UPDATE Y] child: div, content_height=99.2, margin.bottom=5.0, total_height=104.2, y after=223.4
  [UPDATE Y] child: div, content_height=99.2, margin.bottom=5.0, total_height=104.2, y after=327.6
  [UPDATE Y] child: div, content_height=99.2, margin.bottom=5.0, total_height=104.2, y after=431.8
  [UPDATE Y] child: div, content_height=99.2, margin.bottom=5.0, total_height=104.2, y after=536.0
  [UPDATE Y] child: div, content_height=585.0, margin.bottom=0.0, total_height=585.0, y after=697.1
  [UPDATE Y] child: div, content_height=99.2, margin.bottom=5.0, total_height=104.2, y after=119.2
  [UPDATE Y] child: div, content_height=99.2, margin.bottom=5.0, total_height=104.2, y after=223.4
  [UPDATE Y] child: div, content_height=99.2, margin.bottom=5.0, total_height=104.2, y after=327.6
  [UPDATE Y] child: div, content_height=334.0, margin.bottom=0.0, total_height=334.0, y after=1031.1
[LAYOUT] Child element: div (parent: body)
  parent.content: x=20.0, y=20.0
  parent.padding: left=20.0, top=20.0
  child.margin: left=0.0, top=0.0
  y (accumulated): 1441.8
  child.content: x=20.0 (was 20.0), y=1461.8 (was 1441.8)
  [UPDATE Y] child: div, content_height=1031.1, margin.bottom=0.0, total_height=1031.1, y after=2472.8
[LAYOUT] Child element: text (parent: body)
  parent.content: x=20.0, y=20.0
  parent.padding: left=20.0, top=20.0
  child.margin: left=0.0, top=0.0
  y (accumulated): 2472.8
  child.content: x=20.0 (was 20.0), y=2492.8 (was 2472.8)
  [UPDATE Y] child: text, content_height=0.0, margin.bottom=0.0, total_height=0.0, y after=2472.8
  [UPDATE Y] child: div, content_height=79.2, margin.bottom=0.0, total_height=79.2, y after=94.2
  [UPDATE Y] child: div, content_height=79.2, margin.bottom=0.0, total_height=79.2, y after=173.4
  [UPDATE Y] child: div, content_height=79.2, margin.bottom=0.0, total_height=79.2, y after=252.6
  [UPDATE Y] child: div, content_height=79.2, margin.bottom=0.0, total_height=79.2, y after=331.8
  [UPDATE Y] child: div, content_height=79.2, margin.bottom=0.0, total_height=79.2, y after=411.0
  [UPDATE Y] child: div, content_height=79.2, margin.bottom=0.0, total_height=79.2, y after=490.2
  [UPDATE Y] child: div, content_height=79.2, margin.bottom=0.0, total_height=79.2, y after=569.4
  [UPDATE Y] child: div, content_height=79.2, margin.bottom=0.0, total_height=79.2, y after=648.6
  [UPDATE Y] child: div, content_height=697.6, margin.bottom=0.0, total_height=697.6, y after=809.7
[LAYOUT] Child element: div (parent: body)
  parent.content: x=20.0, y=20.0
  parent.padding: left=20.0, top=20.0
  child.margin: left=0.0, top=0.0
  y (accumulated): 2472.8
  child.content: x=20.0 (was 20.0), y=2492.8 (was 2472.8)
  [UPDATE Y] child: div, content_height=809.7, margin.bottom=0.0, total_height=809.7, y after=3282.5
[LAYOUT] Child element: text (parent: body)
  parent.content: x=20.0, y=20.0
  parent.padding: left=20.0, top=20.0
  child.margin: left=0.0, top=0.0
  y (accumulated): 3282.5
  child.content: x=20.0 (was 20.0), y=3302.5 (was 3282.5)
  [UPDATE Y] child: text, content_height=0.0, margin.bottom=0.0, total_height=0.0, y after=3282.5
[LAYOUT] Child element: div (parent: body)
  parent.content: x=20.0, y=20.0
  parent.padding: left=20.0, top=20.0
  child.margin: left=0.0, top=0.0
  y (accumulated): 3282.5
  child.content: x=20.0 (was 20.0), y=3302.5 (was 3282.5)
  [UPDATE Y] child: div, content_height=405.5, margin.bottom=0.0, total_height=405.5, y after=3688.0
[LAYOUT] Child element: text (parent: body)
  parent.content: x=20.0, y=20.0
  parent.padding: left=20.0, top=20.0
  child.margin: left=0.0, top=0.0
  y (accumulated): 3688.0
  child.content: x=20.0 (was 20.0), y=3708.0 (was 3688.0)
  [UPDATE Y] child: text, content_height=0.0, margin.bottom=0.0, total_height=0.0, y after=3688.0
[LAYOUT] Child element: div (parent: body)
  parent.content: x=20.0, y=20.0
  parent.padding: left=20.0, top=20.0
  child.margin: left=0.0, top=0.0
  y (accumulated): 3688.0
  child.content: x=20.0 (was 20.0), y=3708.0 (was 3688.0)
  [UPDATE Y] child: div, content_height=610.3, margin.bottom=0.0, total_height=610.3, y after=4298.4
[LAYOUT] Child element: text (parent: body)
  parent.content: x=20.0, y=20.0
  parent.padding: left=20.0, top=20.0
  child.margin: left=0.0, top=0.0
  y (accumulated): 4298.4
  child.content: x=20.0 (was 20.0), y=4318.4 (was 4298.4)
  [UPDATE Y] child: text, content_height=0.0, margin.bottom=0.0, total_height=0.0, y after=4298.4
  [UPDATE Y] child: div, content_height=117.2, margin.bottom=0.0, total_height=117.2, y after=273.9
[LAYOUT] Child element: div (parent: body)
  parent.content: x=20.0, y=20.0
  parent.padding: left=20.0, top=20.0
  child.margin: left=0.0, top=0.0
  y (accumulated): 4298.4
  child.content: x=20.0 (was 20.0), y=4318.4 (was 4298.4)
  [UPDATE Y] child: div, content_height=343.9, margin.bottom=0.0, total_height=343.9, y after=4642.3
[LAYOUT] Child element: text (parent: body)
  parent.content: x=20.0, y=20.0
  parent.padding: left=20.0, top=20.0
  child.margin: left=0.0, top=0.0
  y (accumulated): 4642.3
  child.content: x=20.0 (was 20.0), y=4662.3 (was 4642.3)
  [UPDATE Y] child: text, content_height=0.0, margin.bottom=0.0, total_height=0.0, y after=4642.3
  [UPDATE Y] child: div, content_height=71.2, margin.bottom=2.0, total_height=73.2, y after=132.4
  [UPDATE Y] child: div, content_height=160.4, margin.bottom=3.0, total_height=163.4, y after=224.6
  [UPDATE Y] child: div, content_height=258.6, margin.bottom=5.0, total_height=263.6, y after=364.1
[LAYOUT] Child element: div (parent: body)
  parent.content: x=20.0, y=20.0
  parent.padding: left=20.0, top=20.0
  child.margin: left=0.0, top=0.0
  y (accumulated): 4642.3
  child.content: x=20.0 (was 20.0), y=4662.3 (was 4642.3)
  [UPDATE Y] child: div, content_height=413.1, margin.bottom=0.0, total_height=413.1, y after=5055.4
[LAYOUT] Child element: text (parent: body)
  parent.content: x=20.0, y=20.0
  parent.padding: left=20.0, top=20.0
  child.margin: left=0.0, top=0.0
  y (accumulated): 5055.4
  child.content: x=20.0 (was 20.0), y=5075.4 (was 5055.4)
  [UPDATE Y] child: text, content_height=0.0, margin.bottom=0.0, total_height=0.0, y after=5055.4
[LAYOUT] Child element: div (parent: body)
  parent.content: x=20.0, y=20.0
  parent.padding: left=20.0, top=20.0
  child.margin: left=0.0, top=0.0
  y (accumulated): 5055.4
  child.content: x=20.0 (was 20.0), y=5075.4 (was 5055.4)
  [UPDATE Y] child: div, content_height=405.5, margin.bottom=0.0, total_height=405.5, y after=5460.9
[LAYOUT] Child element: text (parent: body)
  parent.content: x=20.0, y=20.0
  parent.padding: left=20.0, top=20.0
  child.margin: left=0.0, top=0.0
  y (accumulated): 5460.9
  child.content: x=20.0 (was 20.0), y=5480.9 (was 5460.9)
  [UPDATE Y] child: text, content_height=0.0, margin.bottom=0.0, total_height=0.0, y after=5460.9
  [UPDATE Y] child: div, content_height=222.4, margin.bottom=0.0, total_height=222.4, y after=222.4
  [UPDATE Y] child: div, content_height=91.2, margin.bottom=0.0, total_height=91.2, y after=245.4
  [UPDATE Y] child: div, content_height=294.4, margin.bottom=0.0, total_height=294.4, y after=516.8
  [UPDATE Y] child: div, content_height=516.8, margin.bottom=0.0, total_height=516.8, y after=622.3
  [UPDATE Y] child: div, content_height=115.2, margin.bottom=0.0, total_height=115.2, y after=737.5
[LAYOUT] Child element: div (parent: body)
  parent.content: x=20.0, y=20.0
  parent.padding: left=20.0, top=20.0
  child.margin: left=0.0, top=0.0
  y (accumulated): 5460.9
  child.content: x=20.0 (was 20.0), y=5480.9 (was 5460.9)
  [UPDATE Y] child: div, content_height=803.5, margin.bottom=0.0, total_height=803.5, y after=6264.4
[LAYOUT] Child element: text (parent: body)
  parent.content: x=20.0, y=20.0
  parent.padding: left=20.0, top=20.0
  child.margin: left=0.0, top=0.0
  y (accumulated): 6264.4
  child.content: x=20.0 (was 20.0), y=6284.4 (was 6264.4)
  [UPDATE Y] child: text, content_height=0.0, margin.bottom=0.0, total_height=0.0, y after=6264.4
[LAYOUT] Child element: div (parent: body)
  parent.content: x=20.0, y=20.0
  parent.padding: left=20.0, top=20.0
  child.margin: left=0.0, top=30.0
  y (accumulated): 6264.4
  child.content: x=20.0 (was 20.0), y=6314.4 (was 6294.4)
  [UPDATE Y] child: div, content_height=182.4, margin.bottom=0.0, total_height=182.4, y after=6446.8
[LAYOUT] Child element: body (parent: html)
  parent.content: x=20.0, y=20.0
  parent.padding: left=0.0, top=0.0
  child.margin: left=0.0, top=0.0
  y (accumulated): 0.0
  child.content: x=20.0 (was 20.0), y=20.0 (was 20.0)
  [UPDATE Y] child: body, content_height=6506.8, margin.bottom=0.0, total_height=6506.8, y after=6506.8
[LAYOUT] Element: body, is_root: false
  margin: top=0.0, right=0.0, bottom=0.0, left=0.0
  padding: top=20.0, right=20.0, bottom=20.0, left=20.0
  content: x=20.0, y=20.0, width=1120.0, height=6466.8
  containing_block: width=1160.0, height=6506.8
[LAYOUT WARNING] html.content is not (0, 0): x=20.0, y=20.0
[CONTAINING BLOCK] body.content.width=1120.0, child_containing_block.width=1120.0
[WIDTH DEBUG] h1: containing_block.width=1120.0, available_width=1120.0, calculated_width=1116.0
[LAYOUT] Child element: h1 (parent: body)
  parent.content: x=20.0, y=20.0
  parent.padding: left=20.0, top=20.0
  child.margin: left=0.0, top=21.4
  y (accumulated): 20.0
  child.content: x=20.0 (was 20.0), y=61.4 (was 61.4)
  [UPDATE Y] child: h1, content_height=50.0, margin.bottom=21.4, total_height=71.4, y after=91.4
[LAYOUT] Child element: text (parent: body)
  parent.content: x=20.0, y=20.0
  parent.padding: left=20.0, top=20.0
  child.margin: left=0.0, top=0.0
  y (accumulated): 91.4
  child.content: x=20.0 (was 20.0), y=111.4 (was 111.4)
  [UPDATE Y] child: text, content_height=0.0, margin.bottom=0.0, total_height=0.0, y after=91.4
[WIDTH DEBUG] h1: containing_block.width=1086.0, available_width=1086.0, calculated_width=1086.0
[LAYOUT] Child element: h1 (parent: div)
  parent.content: x=20.0, y=111.4
  parent.padding: left=15.0, top=15.0
  child.margin: left=0.0, top=16.1
  y (accumulated): 15.0
  child.content: x=15.0 (was 15.0), y=142.5 (was 122.5)
  [UPDATE Y] child: h1, content_height=62.1, margin.bottom=16.1, total_height=78.2, y after=93.2
  [UPDATE Y] child: div, content_height=96.0, margin.bottom=0.0, total_height=96.0, y after=301.2
[LAYOUT] Child element: div (parent: body)
  parent.content: x=20.0, y=20.0
  parent.padding: left=20.0, top=20.0
  child.margin: left=0.0, top=0.0
  y (accumulated): 91.4
  child.content: x=20.0 (was 20.0), y=111.4 (was 111.4)
  [UPDATE Y] child: div, content_height=350.2, margin.bottom=0.0, total_height=350.2, y after=441.6
[LAYOUT] Child element: text (parent: body)
  parent.content: x=20.0, y=20.0
  parent.padding: left=20.0, top=20.0
  child.margin: left=0.0, top=0.0
  y (accumulated): 441.6
  child.content: x=20.0 (was 20.0), y=461.6 (was 461.6)
  [UPDATE Y] child: text, content_height=0.0, margin.bottom=0.0, total_height=0.0, y after=441.6
[LAYOUT] Child element: div (parent: body)
  parent.content: x=20.0, y=20.0
  parent.padding: left=20.0, top=20.0
  child.margin: left=0.0, top=0.0
  y (accumulated): 441.6
  child.content: x=20.0 (was 20.0), y=461.6 (was 461.6)
  [UPDATE Y] child: div, content_height=329.4, margin.bottom=0.0, total_height=329.4, y after=771.0
[LAYOUT] Child element: text (parent: body)
  parent.content: x=20.0, y=20.0
  parent.padding: left=20.0, top=20.0
  child.margin: left=0.0, top=0.0
  y (accumulated): 771.0
  child.content: x=20.0 (was 20.0), y=791.0 (was 791.0)
  [UPDATE Y] child: text, content_height=0.0, margin.bottom=0.0, total_height=0.0, y after=771.0
  [UPDATE Y] child: div, content_height=59.2, margin.bottom=5.0, total_height=64.2, y after=138.2
  [UPDATE Y] child: div, content_height=59.2, margin.bottom=5.0, total_height=64.2, y after=202.4
[LAYOUT] Child element: div (parent: body)
  parent.content: x=20.0, y=20.0
  parent.padding: left=20.0, top=20.0
  child.margin: left=0.0, top=0.0
  y (accumulated): 771.0
  child.content: x=20.0 (was 20.0), y=791.0 (was 791.0)
  [UPDATE Y] child: div, content_height=334.0, margin.bottom=0.0, total_height=334.0, y after=1105.0
[LAYOUT] Child element: text (parent: body)
  parent.content: x=20.0, y=20.0
  parent.padding: left=20.0, top=20.0
  child.margin: left=0.0, top=0.0
  y (accumulated): 1105.0
  child.content: x=20.0 (was 20.0), y=1125.0 (was 1125.0)
  [UPDATE Y] child: text, content_height=0.0, margin.bottom=0.0, total_height=0.0, y after=1105.0
  [UPDATE Y] child: div, content_height=59.2, margin.bottom=0.0, total_height=59.2, y after=267.8
[LAYOUT] Child element: div (parent: body)
  parent.content: x=20.0, y=20.0
  parent.padding: left=20.0, top=20.0
  child.margin: left=0.0, top=0.0
  y (accumulated): 1105.0
  child.content: x=20.0 (was 20.0), y=1125.0 (was 1125.0)
  [UPDATE Y] child: div, content_height=336.8, margin.bottom=0.0, total_height=336.8, y after=1441.8
[LAYOUT] Child element: text (parent: body)
  parent.content: x=20.0, y=20.0
  parent.padding: left=20.0, top=20.0
  child.margin: left=0.0, top=0.0
  y (accumulated): 1441.8
  child.content: x=20.0 (was 20.0), y=1461.8 (was 1461.8)
  [UPDATE Y] child: text, content_height=0.0, margin.bottom=0.0, total_height=0.0, y after=1441.8
  [UPDATE Y] child: div, content_height=99.2, margin.bottom=5.0, total_height=104.2, y after=119.2
  [UPDATE Y] child: div, content_height=99.2, margin.bottom=5.0, total_height=104.2, y after=223.4
  [UPDATE Y] child: div, content_height=99.2, margin.bottom=5.0, total_height=104.2, y after=327.6
  [UPDATE Y] child: div, content_height=99.2, margin.bottom=5.0, total_height=104.2, y after=431.8
  [UPDATE Y] child: div, content_height=99.2, margin.bottom=5.0, total_height=104.2, y after=536.0
  [UPDATE Y] child: div, content_height=585.0, margin.bottom=0.0, total_height=585.0, y after=697.1
  [UPDATE Y] child: div, content_height=99.2, margin.bottom=5.0, total_height=104.2, y after=119.2
  [UPDATE Y] child: div, content_height=99.2, margin.bottom=5.0, total_height=104.2, y after=223.4
  [UPDATE Y] child: div, content_height=99.2, margin.bottom=5.0, total_height=104.2, y after=327.6
  [UPDATE Y] child: div, content_height=334.0, margin.bottom=0.0, total_height=334.0, y after=1031.1
[LAYOUT] Child element: div (parent: body)
  parent.content: x=20.0, y=20.0
  parent.padding: left=20.0, top=20.0
  child.margin: left=0.0, top=0.0
  y (accumulated): 1441.8
  child.content: x=20.0 (was 20.0), y=1461.8 (was 1461.8)
  [UPDATE Y] child: div, content_height=1031.1, margin.bottom=0.0, total_height=1031.1, y after=2472.8
[LAYOUT] Child element: text (parent: body)
  parent.content: x=20.0, y=20.0
  parent.padding: left=20.0, top=20.0
  child.margin: left=0.0, top=0.0
  y (accumulated): 2472.8
  child.content: x=20.0 (was 20.0), y=2492.8 (was 2492.8)
  [UPDATE Y] child: text, content_height=0.0, margin.bottom=0.0, total_height=0.0, y after=2472.8
  [UPDATE Y] child: div, content_height=79.2, margin.bottom=0.0, total_height=79.2, y after=94.2
  [UPDATE Y] child: div, content_height=79.2, margin.bottom=0.0, total_height=79.2, y after=173.4
  [UPDATE Y] child: div, content_height=79.2, margin.bottom=0.0, total_height=79.2, y after=252.6
  [UPDATE Y] child: div, content_height=79.2, margin.bottom=0.0, total_height=79.2, y after=331.8
  [UPDATE Y] child: div, content_height=79.2, margin.bottom=0.0, total_height=79.2, y after=411.0
  [UPDATE Y] child: div, content_height=79.2, margin.bottom=0.0, total_height=79.2, y after=490.2
  [UPDATE Y] child: div, content_height=79.2, margin.bottom=0.0, total_height=79.2, y after=569.4
  [UPDATE Y] child: div, content_height=79.2, margin.bottom=0.0, total_height=79.2, y after=648.6
  [UPDATE Y] child: div, content_height=697.6, margin.bottom=0.0, total_height=697.6, y after=809.7
[LAYOUT] Child element: div (parent: body)
  parent.content: x=20.0, y=20.0
  parent.padding: left=20.0, top=20.0
  child.margin: left=0.0, top=0.0
  y (accumulated): 2472.8
  child.content: x=20.0 (was 20.0), y=2492.8 (was 2492.8)
  [UPDATE Y] child: div, content_height=809.7, margin.bottom=0.0, total_height=809.7, y after=3282.5
[LAYOUT] Child element: text (parent: body)
  parent.content: x=20.0, y=20.0
  parent.padding: left=20.0, top=20.0
  child.margin: left=0.0, top=0.0
  y (accumulated): 3282.5
  child.content: x=20.0 (was 20.0), y=3302.5 (was 3302.5)
  [UPDATE Y] child: text, content_height=0.0, margin.bottom=0.0, total_height=0.0, y after=3282.5
[LAYOUT] Child element: div (parent: body)
  parent.content: x=20.0, y=20.0
  parent.padding: left=20.0, top=20.0
  child.margin: left=0.0, top=0.0
  y (accumulated): 3282.5
  child.content: x=20.0 (was 20.0), y=3302.5 (was 3302.5)
  [UPDATE Y] child: div, content_height=405.5, margin.bottom=0.0, total_height=405.5, y after=3688.0
[LAYOUT] Child element: text (parent: body)
  parent.content: x=20.0, y=20.0
  parent.padding: left=20.0, top=20.0
  child.margin: left=0.0, top=0.0
  y (accumulated): 3688.0
  child.content: x=20.0 (was 20.0), y=3708.0 (was 3708.0)
  [UPDATE Y] child: text, content_height=0.0, margin.bottom=0.0, total_height=0.0, y after=3688.0
[LAYOUT] Child element: div (parent: body)
  parent.content: x=20.0, y=20.0
  parent.padding: left=20.0, top=20.0
  child.margin: left=0.0, top=0.0
  y (accumulated): 3688.0
  child.content: x=20.0 (was 20.0), y=3708.0 (was 3708.0)
  [UPDATE Y] child: div, content_height=610.3, margin.bottom=0.0, total_height=610.3, y after=4298.4
[LAYOUT] Child element: text (parent: body)
  parent.content: x=20.0, y=20.0
  parent.padding: left=20.0, top=20.0
  child.margin: left=0.0, top=0.0
  y (accumulated): 4298.4
  child.content: x=20.0 (was 20.0), y=4318.4 (was 4318.4)
  [UPDATE Y] child: text, content_height=0.0, margin.bottom=0.0, total_height=0.0, y after=4298.4
  [UPDATE Y] child: div, content_height=117.2, margin.bottom=0.0, total_height=117.2, y after=273.9
[LAYOUT] Child element: div (parent: body)
  parent.content: x=20.0, y=20.0
  parent.padding: left=20.0, top=20.0
  child.margin: left=0.0, top=0.0
  y (accumulated): 4298.4
  child.content: x=20.0 (was 20.0), y=4318.4 (was 4318.4)
  [UPDATE Y] child: div, content_height=343.9, margin.bottom=0.0, total_height=343.9, y after=4642.3
[LAYOUT] Child element: text (parent: body)
  parent.content: x=20.0, y=20.0
  parent.padding: left=20.0, top=20.0
  child.margin: left=0.0, top=0.0
  y (accumulated): 4642.3
  child.content: x=20.0 (was 20.0), y=4662.3 (was 4662.3)
  [UPDATE Y] child: text, content_height=0.0, margin.bottom=0.0, total_height=0.0, y after=4642.3
  [UPDATE Y] child: div, content_height=71.2, margin.bottom=2.0, total_height=73.2, y after=132.4
  [UPDATE Y] child: div, content_height=160.4, margin.bottom=3.0, total_height=163.4, y after=224.6
  [UPDATE Y] child: div, content_height=258.6, margin.bottom=5.0, total_height=263.6, y after=364.1
[LAYOUT] Child element: div (parent: body)
  parent.content: x=20.0, y=20.0
  parent.padding: left=20.0, top=20.0
  child.margin: left=0.0, top=0.0
  y (accumulated): 4642.3
  child.content: x=20.0 (was 20.0), y=4662.3 (was 4662.3)
  [UPDATE Y] child: div, content_height=413.1, margin.bottom=0.0, total_height=413.1, y after=5055.4
[LAYOUT] Child element: text (parent: body)
  parent.content: x=20.0, y=20.0
  parent.padding: left=20.0, top=20.0
  child.margin: left=0.0, top=0.0
  y (accumulated): 5055.4
  child.content: x=20.0 (was 20.0), y=5075.4 (was 5075.4)
  [UPDATE Y] child: text, content_height=0.0, margin.bottom=0.0, total_height=0.0, y after=5055.4
[LAYOUT] Child element: div (parent: body)
  parent.content: x=20.0, y=20.0
  parent.padding: left=20.0, top=20.0
  child.margin: left=0.0, top=0.0
  y (accumulated): 5055.4
  child.content: x=20.0 (was 20.0), y=5075.4 (was 5075.4)
  [UPDATE Y] child: div, content_height=405.5, margin.bottom=0.0, total_height=405.5, y after=5460.9
[LAYOUT] Child element: text (parent: body)
  parent.content: x=20.0, y=20.0
  parent.padding: left=20.0, top=20.0
  child.margin: left=0.0, top=0.0
  y (accumulated): 5460.9
  child.content: x=20.0 (was 20.0), y=5480.9 (was 5480.9)
  [UPDATE Y] child: text, content_height=0.0, margin.bottom=0.0, total_height=0.0, y after=5460.9
  [UPDATE Y] child: div, content_height=222.4, margin.bottom=0.0, total_height=222.4, y after=222.4
  [UPDATE Y] child: div, content_height=91.2, margin.bottom=0.0, total_height=91.2, y after=245.4
  [UPDATE Y] child: div, content_height=294.4, margin.bottom=0.0, total_height=294.4, y after=516.8
  [UPDATE Y] child: div, content_height=516.8, margin.bottom=0.0, total_height=516.8, y after=622.3
  [UPDATE Y] child: div, content_height=115.2, margin.bottom=0.0, total_height=115.2, y after=737.5
[LAYOUT] Child element: div (parent: body)
  parent.content: x=20.0, y=20.0
  parent.padding: left=20.0, top=20.0
  child.margin: left=0.0, top=0.0
  y (accumulated): 5460.9
  child.content: x=20.0 (was 20.0), y=5480.9 (was 5480.9)
  [UPDATE Y] child: div, content_height=803.5, margin.bottom=0.0, total_height=803.5, y after=6264.4
[LAYOUT] Child element: text (parent: body)
  parent.content: x=20.0, y=20.0
  parent.padding: left=20.0, top=20.0
  child.margin: left=0.0, top=0.0
  y (accumulated): 6264.4
  child.content: x=20.0 (was 20.0), y=6284.4 (was 6284.4)
  [UPDATE Y] child: text, content_height=0.0, margin.bottom=0.0, total_height=0.0, y after=6264.4
[LAYOUT] Child element: div (parent: body)
  parent.content: x=20.0, y=20.0
  parent.padding: left=20.0, top=20.0
  child.margin: left=0.0, top=30.0
  y (accumulated): 6264.4
  child.content: x=20.0 (was 20.0), y=6314.4 (was 6314.4)
  [UPDATE Y] child: div, content_height=182.4, margin.bottom=0.0, total_height=182.4, y after=6446.8
[WIDTH DEBUG] h1: containing_block.width=1120.0, available_width=1120.0, calculated_width=1116.0
[WIDTH DEBUG] h1: containing_block.width=1086.0, available_width=1086.0, calculated_width=1086.0
[LAYOUT] Child element: h1 (parent: div)
  parent.content: x=20.0, y=111.4
  parent.padding: left=15.0, top=15.0
  child.margin: left=0.0, top=16.1
  y (accumulated): 15.0
  child.content: x=15.0 (was 15.0), y=142.5 (was 142.5)
  [UPDATE Y] child: h1, content_height=62.1, margin.bottom=16.1, total_height=78.2, y after=93.2
  [UPDATE Y] child: div, content_height=96.0, margin.bottom=0.0, total_height=96.0, y after=301.2
[WIDTH DEBUG] h1: containing_block.width=1086.0, available_width=1086.0, calculated_width=1086.0
  [UPDATE Y] child: div, content_height=59.2, margin.bottom=5.0, total_height=64.2, y after=138.2
  [UPDATE Y] child: div, content_height=59.2, margin.bottom=5.0, total_height=64.2, y after=202.4
  [UPDATE Y] child: div, content_height=59.2, margin.bottom=0.0, total_height=59.2, y after=267.8
  [UPDATE Y] child: div, content_height=99.2, margin.bottom=5.0, total_height=104.2, y after=119.2
  [UPDATE Y] child: div, content_height=99.2, margin.bottom=5.0, total_height=104.2, y after=223.4
  [UPDATE Y] child: div, content_height=99.2, margin.bottom=5.0, total_height=104.2, y after=327.6
  [UPDATE Y] child: div, content_height=99.2, margin.bottom=5.0, total_height=104.2, y after=431.8
  [UPDATE Y] child: div, content_height=99.2, margin.bottom=5.0, total_height=104.2, y after=536.0
  [UPDATE Y] child: div, content_height=585.0, margin.bottom=0.0, total_height=585.0, y after=697.1
  [UPDATE Y] child: div, content_height=99.2, margin.bottom=5.0, total_height=104.2, y after=119.2
  [UPDATE Y] child: div, content_height=99.2, margin.bottom=5.0, total_height=104.2, y after=223.4
  [UPDATE Y] child: div, content_height=99.2, margin.bottom=5.0, total_height=104.2, y after=327.6
  [UPDATE Y] child: div, content_height=334.0, margin.bottom=0.0, total_height=334.0, y after=1031.1
  [UPDATE Y] child: div, content_height=79.2, margin.bottom=0.0, total_height=79.2, y after=94.2
  [UPDATE Y] child: div, content_height=79.2, margin.bottom=0.0, total_height=79.2, y after=173.4
  [UPDATE Y] child: div, content_height=79.2, margin.bottom=0.0, total_height=79.2, y after=252.6
  [UPDATE Y] child: div, content_height=79.2, margin.bottom=0.0, total_height=79.2, y after=331.8
  [UPDATE Y] child: div, content_height=79.2, margin.bottom=0.0, total_height=79.2, y after=411.0
  [UPDATE Y] child: div, content_height=79.2, margin.bottom=0.0, total_height=79.2, y after=490.2
  [UPDATE Y] child: div, content_height=79.2, margin.bottom=0.0, total_height=79.2, y after=569.4
  [UPDATE Y] child: div, content_height=79.2, margin.bottom=0.0, total_height=79.2, y after=648.6
  [UPDATE Y] child: div, content_height=697.6, margin.bottom=0.0, total_height=697.6, y after=809.7
  [UPDATE Y] child: div, content_height=117.2, margin.bottom=0.0, total_height=117.2, y after=273.9
  [UPDATE Y] child: div, content_height=71.2, margin.bottom=2.0, total_height=73.2, y after=132.4
  [UPDATE Y] child: div, content_height=160.4, margin.bottom=3.0, total_height=163.4, y after=224.6
  [UPDATE Y] child: div, content_height=258.6, margin.bottom=5.0, total_height=263.6, y after=364.1
  [UPDATE Y] child: div, content_height=71.2, margin.bottom=2.0, total_height=73.2, y after=132.4
  [UPDATE Y] child: div, content_height=160.4, margin.bottom=3.0, total_height=163.4, y after=224.6
  [UPDATE Y] child: div, content_height=71.2, margin.bottom=2.0, total_height=73.2, y after=132.4
  [UPDATE Y] child: div, content_height=222.4, margin.bottom=0.0, total_height=222.4, y after=222.4
  [UPDATE Y] child: div, content_height=91.2, margin.bottom=0.0, total_height=91.2, y after=245.4
  [UPDATE Y] child: div, content_height=294.4, margin.bottom=0.0, total_height=294.4, y after=516.8
  [UPDATE Y] child: div, content_height=516.8, margin.bottom=0.0, total_height=516.8, y after=622.3
  [UPDATE Y] child: div, content_height=115.2, margin.bottom=0.0, total_height=115.2, y after=737.5

=== Element Layout Info ===
Tag: html

Box Model:
  Margin: top=0.00, right=0.00, bottom=0.00, left=0.00
  Border: top=0.00, right=0.00, bottom=0.00, left=0.00
  Padding: top=0.00, right=0.00, bottom=0.00, left=0.00
  Content: x=0.00, y=0.00, width=1200.00, height=6586.84
  Total Size: width=1200.00, height=6586.84
  Actual Position (content box): x=0.00, y=0.00
  Position (with margin): x=0.00, y=0.00

Computed Styles:
  display: block
==========================


=== Element Layout Info ===
Tag: body

Box Model:
  Margin: top=0.00, right=0.00, bottom=0.00, left=0.00
  Border: top=0.00, right=0.00, bottom=0.00, left=0.00
  Padding: top=20.00, right=20.00, bottom=20.00, left=20.00
  Content: x=0.00, y=0.00, width=1160.00, height=6546.84
  Total Size: width=1200.00, height=6586.84
  Actual Position (content box): x=0.00, y=0.00
  Position (with margin): x=0.00, y=0.00

Computed Styles:
  display: block
==========================


=== Element Layout Info ===
Tag: h1

Box Model:
  Margin: top=21.44, right=0.00, bottom=21.44, left=0.00
  Border: top=2.00, right=2.00, bottom=2.00, left=2.00
  Padding: top=0.00, right=0.00, bottom=0.00, left=0.00
  Content: x=20.00, y=61.44, width=1116.00, height=46.00
  Total Size: width=1120.00, height=50.00
  Actual Position (content box): x=20.00, y=61.44
  Position (with margin): x=20.00, y=40.00

Computed Styles:
  display: block
==========================

[FONT] font-size parsed: 32.0px
[FONT] font-size parsed: 32.0px
[STYLE] h1 font-size parsed: 32.0px
[STYLE] p font-size parsed: 32.0px
[LAYOUT] Element: html, is_root: true
  margin: top=0.0, right=0.0, bottom=0.0, left=0.0
  padding: top=0.0, right=0.0, bottom=0.0, left=0.0
  content: x=0.0, y=0.0, width=1200.0, height=0.0
  containing_block: width=1200.0, height=800.0
[LAYOUT] Root element (html) position set to (0, 0)
[LAYOUT] Element: body, is_root: false
  margin: top=0.0, right=0.0, bottom=0.0, left=0.0
  padding: top=20.0, right=20.0, bottom=20.0, left=20.0
  content: x=0.0, y=0.0, width=1160.0, height=0.0
  containing_block: width=1200.0, height=800.0
[LAYOUT] Body element position set: x=0.0, y=0.0 (margin: left=0.0, top=0.0)
[LAYOUT] Element: html, is_root: false
  margin: top=0.0, right=0.0, bottom=0.0, left=0.0
  padding: top=0.0, right=0.0, bottom=0.0, left=0.0
  content: x=0.0, y=0.0, width=1160.0, height=0.0
  containing_block: width=1160.0, height=800.0
[LAYOUT] Element: body, is_root: false
  margin: top=0.0, right=0.0, bottom=0.0, left=0.0
  padding: top=20.0, right=20.0, bottom=20.0, left=20.0
  content: x=0.0, y=0.0, width=1120.0, height=0.0
  containing_block: width=1160.0, height=800.0
[LAYOUT] Body element position set: x=0.0, y=0.0 (margin: left=0.0, top=0.0)
[CONTAINING BLOCK] body.content.width=1120.0, child_containing_block.width=1120.0
[WIDTH DEBUG] h1: containing_block.width=1120.0, available_width=1120.0, calculated_width=1120.0
  [TEXT HEIGHT] text: "ZBrowser功能测试...", font_size=32.0, line_height=46.0, height=46.0
[LAYOUT] Child element: h1 (parent: body)
  parent.content: x=0.0, y=0.0
  parent.padding: left=20.0, top=20.0
  child.margin: left=0.0, top=21.4
  y (accumulated): 20.0
  child.content: x=20.0 (was 0.0), y=41.4 (was 0.0)
  [UPDATE Y] child: h1, content_height=50.0, margin.bottom=21.4, total_height=71.4, y after=91.4
[LAYOUT] Child element: text (parent: body)
  parent.content: x=0.0, y=0.0
  parent.padding: left=20.0, top=20.0
  child.margin: left=0.0, top=0.0
  y (accumulated): 91.4
  child.content: x=20.0 (was 0.0), y=91.4 (was 0.0)
  [UPDATE Y] child: text, content_height=0.0, margin.bottom=0.0, total_height=0.0, y after=91.4
[WIDTH DEBUG] h1: containing_block.width=1086.0, available_width=1086.0, calculated_width=1086.0
  [TEXT HEIGHT] text: "块级布局测试...", font_size=32.0, line_height=46.0, height=46.0
[LAYOUT] Child element: h1 (parent: div)
  parent.content: x=0.0, y=0.0
  parent.padding: left=15.0, top=15.0
  child.margin: left=0.0, top=16.1
  y (accumulated): 15.0
  child.content: x=15.0 (was 0.0), y=31.1 (was 0.0)
  [UPDATE Y] child: h1, content_height=62.1, margin.bottom=16.1, total_height=78.2, y after=93.2
  [TEXT HEIGHT] text: "这是一个块级�...", font_size=16.0, line_height=24.0, height=24.0
  [TEXT HEIGHT] text: "这是另一个段�...", font_size=16.0, line_height=24.0, height=24.0
  [TEXT HEIGHT] text: "嵌套的div块级�...", font_size=16.0, line_height=24.0, height=24.0
  [UPDATE Y] child: div, content_height=96.0, margin.bottom=0.0, total_height=96.0, y after=301.2
[LAYOUT] Child element: div (parent: body)
  parent.content: x=0.0, y=0.0
  parent.padding: left=20.0, top=20.0
  child.margin: left=0.0, top=0.0
  y (accumulated): 91.4
  child.content: x=20.0 (was 0.0), y=91.4 (was 0.0)
  [UPDATE Y] child: div, content_height=350.2, margin.bottom=0.0, total_height=350.2, y after=441.6
[LAYOUT] Child element: text (parent: body)
  parent.content: x=0.0, y=0.0
  parent.padding: left=20.0, top=20.0
  child.margin: left=0.0, top=0.0
  y (accumulated): 441.6
  child.content: x=20.0 (was 0.0), y=441.6 (was 0.0)
  [UPDATE Y] child: text, content_height=0.0, margin.bottom=0.0, total_height=0.0, y after=441.6
  [TEXT HEIGHT] text: "
      这是行内�...", font_size=16.0, line_height=19.2, height=19.2
  [TEXT HEIGHT] text: "行内元素不会�...", font_size=16.0, line_height=19.2, height=19.2
[LAYOUT] Child element: div (parent: body)
  parent.content: x=0.0, y=0.0
  parent.padding: left=20.0, top=20.0
  child.margin: left=0.0, top=0.0
  y (accumulated): 441.6
  child.content: x=20.0 (was 0.0), y=441.6 (was 0.0)
  [UPDATE Y] child: div, content_height=329.4, margin.bottom=0.0, total_height=329.4, y after=771.0
[LAYOUT] Child element: text (parent: body)
  parent.content: x=0.0, y=0.0
  parent.padding: left=20.0, top=20.0
  child.margin: left=0.0, top=0.0
  y (accumulated): 771.0
  child.content: x=20.0 (was 0.0), y=771.0 (was 0.0)
  [UPDATE Y] child: text, content_height=0.0, margin.bottom=0.0, total_height=0.0, y after=771.0
  [UPDATE Y] child: div, content_height=59.2, margin.bottom=5.0, total_height=64.2, y after=138.2
  [UPDATE Y] child: div, content_height=59.2, margin.bottom=5.0, total_height=64.2, y after=202.4
[LAYOUT] Child element: div (parent: body)
  parent.content: x=0.0, y=0.0
  parent.padding: left=20.0, top=20.0
  child.margin: left=0.0, top=0.0
  y (accumulated): 771.0
  child.content: x=20.0 (was 0.0), y=771.0 (was 0.0)
  [UPDATE Y] child: div, content_height=334.0, margin.bottom=0.0, total_height=334.0, y after=1105.0
[LAYOUT] Child element: text (parent: body)
  parent.content: x=0.0, y=0.0
  parent.padding: left=20.0, top=20.0
  child.margin: left=0.0, top=0.0
  y (accumulated): 1105.0
  child.content: x=20.0 (was 0.0), y=1105.0 (was 0.0)
  [UPDATE Y] child: text, content_height=0.0, margin.bottom=0.0, total_height=0.0, y after=1105.0
  [TEXT HEIGHT] text: "左浮动元素...", font_size=16.0, line_height=19.2, height=19.2
  [TEXT HEIGHT] text: "这个元素会浮�...", font_size=16.0, line_height=19.2, height=19.2
  [TEXT HEIGHT] text: "右浮动元素...", font_size=16.0, line_height=19.2, height=19.2
  [TEXT HEIGHT] text: "这个元素会浮�...", font_size=16.0, line_height=19.2, height=19.2
  [TEXT HEIGHT] text: "这是正常流中�...", font_size=16.0, line_height=19.2, height=19.2
  [UPDATE Y] child: div, content_height=59.2, margin.bottom=0.0, total_height=59.2, y after=287.8
[LAYOUT] Child element: div (parent: body)
  parent.content: x=0.0, y=0.0
  parent.padding: left=20.0, top=20.0
  child.margin: left=0.0, top=0.0
  y (accumulated): 1105.0
  child.content: x=20.0 (was 0.0), y=1105.0 (was 0.0)
  [UPDATE Y] child: div, content_height=336.8, margin.bottom=0.0, total_height=336.8, y after=1441.8
[LAYOUT] Child element: text (parent: body)
  parent.content: x=0.0, y=0.0
  parent.padding: left=20.0, top=20.0
  child.margin: left=0.0, top=0.0
  y (accumulated): 1441.8
  child.content: x=20.0 (was 0.0), y=1441.8 (was 0.0)
  [UPDATE Y] child: text, content_height=0.0, margin.bottom=0.0, total_height=0.0, y after=1441.8
  [UPDATE Y] child: div, content_height=99.2, margin.bottom=5.0, total_height=104.2, y after=119.2
  [UPDATE Y] child: div, content_height=99.2, margin.bottom=5.0, total_height=104.2, y after=223.4
  [UPDATE Y] child: div, content_height=99.2, margin.bottom=5.0, total_height=104.2, y after=327.6
  [UPDATE Y] child: div, content_height=99.2, margin.bottom=5.0, total_height=104.2, y after=431.8
  [UPDATE Y] child: div, content_height=99.2, margin.bottom=5.0, total_height=104.2, y after=536.0
  [UPDATE Y] child: div, content_height=585.0, margin.bottom=0.0, total_height=585.0, y after=697.1
  [UPDATE Y] child: div, content_height=99.2, margin.bottom=5.0, total_height=104.2, y after=119.2
  [UPDATE Y] child: div, content_height=99.2, margin.bottom=5.0, total_height=104.2, y after=223.4
  [UPDATE Y] child: div, content_height=99.2, margin.bottom=5.0, total_height=104.2, y after=327.6
  [UPDATE Y] child: div, content_height=334.0, margin.bottom=0.0, total_height=334.0, y after=1031.1
[LAYOUT] Child element: div (parent: body)
  parent.content: x=0.0, y=0.0
  parent.padding: left=20.0, top=20.0
  child.margin: left=0.0, top=0.0
  y (accumulated): 1441.8
  child.content: x=20.0 (was 0.0), y=1441.8 (was 0.0)
  [UPDATE Y] child: div, content_height=1031.1, margin.bottom=0.0, total_height=1031.1, y after=2472.8
[LAYOUT] Child element: text (parent: body)
  parent.content: x=0.0, y=0.0
  parent.padding: left=20.0, top=20.0
  child.margin: left=0.0, top=0.0
  y (accumulated): 2472.8
  child.content: x=20.0 (was 0.0), y=2472.8 (was 0.0)
  [UPDATE Y] child: text, content_height=0.0, margin.bottom=0.0, total_height=0.0, y after=2472.8
  [UPDATE Y] child: div, content_height=79.2, margin.bottom=0.0, total_height=79.2, y after=94.2
  [UPDATE Y] child: div, content_height=79.2, margin.bottom=0.0, total_height=79.2, y after=173.4
  [UPDATE Y] child: div, content_height=79.2, margin.bottom=0.0, total_height=79.2, y after=252.6
  [UPDATE Y] child: div, content_height=79.2, margin.bottom=0.0, total_height=79.2, y after=331.8
  [UPDATE Y] child: div, content_height=79.2, margin.bottom=0.0, total_height=79.2, y after=411.0
  [UPDATE Y] child: div, content_height=79.2, margin.bottom=0.0, total_height=79.2, y after=490.2
  [UPDATE Y] child: div, content_height=79.2, margin.bottom=0.0, total_height=79.2, y after=569.4
  [UPDATE Y] child: div, content_height=79.2, margin.bottom=0.0, total_height=79.2, y after=648.6
  [UPDATE Y] child: div, content_height=697.6, margin.bottom=0.0, total_height=697.6, y after=809.7
[LAYOUT] Child element: div (parent: body)
  parent.content: x=0.0, y=0.0
  parent.padding: left=20.0, top=20.0
  child.margin: left=0.0, top=0.0
  y (accumulated): 2472.8
  child.content: x=20.0 (was 0.0), y=2472.8 (was 0.0)
  [UPDATE Y] child: div, content_height=809.7, margin.bottom=0.0, total_height=809.7, y after=3282.5
[LAYOUT] Child element: text (parent: body)
  parent.content: x=0.0, y=0.0
  parent.padding: left=20.0, top=20.0
  child.margin: left=0.0, top=0.0
  y (accumulated): 3282.5
  child.content: x=20.0 (was 0.0), y=3282.5 (was 0.0)
  [UPDATE Y] child: text, content_height=0.0, margin.bottom=0.0, total_height=0.0, y after=3282.5
  [TEXT HEIGHT] text: "大号文本（32px�...", font_size=16.0, line_height=19.2, height=19.2
  [TEXT HEIGHT] text: "中等文本（20px�...", font_size=16.0, line_height=19.2, height=19.2
  [TEXT HEIGHT] text: "小号文本（12px�...", font_size=16.0, line_height=19.2, height=19.2
  [TEXT HEIGHT] text: "下划线文本...", font_size=16.0, line_height=19.2, height=19.2
  [TEXT HEIGHT] text: "删除线文本...", font_size=16.0, line_height=19.2, height=19.2
[LAYOUT] Child element: div (parent: body)
  parent.content: x=0.0, y=0.0
  parent.padding: left=20.0, top=20.0
  child.margin: left=0.0, top=0.0
  y (accumulated): 3282.5
  child.content: x=20.0 (was 0.0), y=3282.5 (was 0.0)
  [UPDATE Y] child: div, content_height=405.5, margin.bottom=0.0, total_height=405.5, y after=3688.0
[LAYOUT] Child element: text (parent: body)
  parent.content: x=0.0, y=0.0
  parent.padding: left=20.0, top=20.0
  child.margin: left=0.0, top=0.0
  y (accumulated): 3688.0
  child.content: x=20.0 (was 0.0), y=3688.0 (was 0.0)
  [UPDATE Y] child: text, content_height=0.0, margin.bottom=0.0, total_height=0.0, y after=3688.0
  [TEXT HEIGHT] text: "这是一个测试�...", font_size=16.0, line_height=25.6, height=25.6
  [TEXT HEIGHT] text: "這是一個測試�...", font_size=16.0, line_height=25.6, height=25.6
  [TEXT HEIGHT] text: "これはテスト�...", font_size=16.0, line_height=25.6, height=25.6
  [TEXT HEIGHT] text: "이것은 테스트 ...", font_size=16.0, line_height=25.6, height=25.6
  [TEXT HEIGHT] text: "This is a test page ...", font_size=16.0, line_height=25.6, height=25.6
  [TEXT HEIGHT] text: "混合文本 Mixed T...", font_size=16.0, line_height=25.6, height=25.6
[LAYOUT] Child element: div (parent: body)
  parent.content: x=0.0, y=0.0
  parent.padding: left=20.0, top=20.0
  child.margin: left=0.0, top=0.0
  y (accumulated): 3688.0
  child.content: x=20.0 (was 0.0), y=3688.0 (was 0.0)
  [UPDATE Y] child: div, content_height=610.3, margin.bottom=0.0, total_height=610.3, y after=4298.4
[LAYOUT] Child element: text (parent: body)
  parent.content: x=0.0, y=0.0
  parent.padding: left=20.0, top=20.0
  child.margin: left=0.0, top=0.0
  y (accumulated): 4298.4
  child.content: x=20.0 (was 0.0), y=4298.4 (was 0.0)
  [UPDATE Y] child: text, content_height=0.0, margin.bottom=0.0, total_height=0.0, y after=4298.4
  [TEXT HEIGHT] text: "这个区域有实�...", font_size=16.0, line_height=19.2, height=19.2
  [TEXT HEIGHT] text: "这个区域有虚�...", font_size=16.0, line_height=19.2, height=19.2
  [UPDATE Y] child: div, content_height=117.2, margin.bottom=0.0, total_height=117.2, y after=273.9
[LAYOUT] Child element: div (parent: body)
  parent.content: x=0.0, y=0.0
  parent.padding: left=20.0, top=20.0
  child.margin: left=0.0, top=0.0
  y (accumulated): 4298.4
  child.content: x=20.0 (was 0.0), y=4298.4 (was 0.0)
  [UPDATE Y] child: div, content_height=343.9, margin.bottom=0.0, total_height=343.9, y after=4642.3
[LAYOUT] Child element: text (parent: body)
  parent.content: x=0.0, y=0.0
  parent.padding: left=20.0, top=20.0
  child.margin: left=0.0, top=0.0
  y (accumulated): 4642.3
  child.content: x=20.0 (was 0.0), y=4642.3 (was 0.0)
  [UPDATE Y] child: text, content_height=0.0, margin.bottom=0.0, total_height=0.0, y after=4642.3
  [TEXT HEIGHT] text: "第一层嵌套...", font_size=16.0, line_height=19.2, height=19.2
  [TEXT HEIGHT] text: "第二层嵌套...", font_size=16.0, line_height=19.2, height=19.2
  [TEXT HEIGHT] text: "第三层嵌套...", font_size=16.0, line_height=19.2, height=19.2
  [UPDATE Y] child: div, content_height=71.2, margin.bottom=2.0, total_height=73.2, y after=132.4
  [UPDATE Y] child: div, content_height=160.4, margin.bottom=3.0, total_height=163.4, y after=224.6
  [UPDATE Y] child: div, content_height=258.6, margin.bottom=5.0, total_height=263.6, y after=364.1
[LAYOUT] Child element: div (parent: body)
  parent.content: x=0.0, y=0.0
  parent.padding: left=20.0, top=20.0
  child.margin: left=0.0, top=0.0
  y (accumulated): 4642.3
  child.content: x=20.0 (was 0.0), y=4642.3 (was 0.0)
  [UPDATE Y] child: div, content_height=413.1, margin.bottom=0.0, total_height=413.1, y after=5055.4
[LAYOUT] Child element: text (parent: body)
  parent.content: x=0.0, y=0.0
  parent.padding: left=20.0, top=20.0
  child.margin: left=0.0, top=0.0
  y (accumulated): 5055.4
  child.content: x=20.0 (was 0.0), y=5055.4 (was 0.0)
  [UPDATE Y] child: text, content_height=0.0, margin.bottom=0.0, total_height=0.0, y after=5055.4
  [TEXT HEIGHT] text: "HTML实体：<div> &...", font_size=16.0, line_height=19.2, height=19.2
  [TEXT HEIGHT] text: "Unicode字符：© �...", font_size=16.0, line_height=19.2, height=19.2
  [TEXT HEIGHT] text: "数学符号：∑ �...", font_size=16.0, line_height=19.2, height=19.2
  [TEXT HEIGHT] text: "箭头符号：← �...", font_size=16.0, line_height=19.2, height=19.2
  [TEXT HEIGHT] text: "Emoji：😀 😃 �...", font_size=16.0, line_height=19.2, height=19.2
[LAYOUT] Child element: div (parent: body)
  parent.content: x=0.0, y=0.0
  parent.padding: left=20.0, top=20.0
  child.margin: left=0.0, top=0.0
  y (accumulated): 5055.4
  child.content: x=20.0 (was 0.0), y=5055.4 (was 0.0)
  [UPDATE Y] child: div, content_height=405.5, margin.bottom=0.0, total_height=405.5, y after=5460.9
[LAYOUT] Child element: text (parent: body)
  parent.content: x=0.0, y=0.0
  parent.padding: left=20.0, top=20.0
  child.margin: left=0.0, top=0.0
  y (accumulated): 5460.9
  child.content: x=20.0 (was 0.0), y=5460.9 (was 0.0)
  [UPDATE Y] child: text, content_height=0.0, margin.bottom=0.0, total_height=0.0, y after=5460.9
  [TEXT HEIGHT] text: "包含块级和行�...", font_size=16.0, line_height=19.2, height=19.2
  [UPDATE Y] child: div, content_height=222.4, margin.bottom=0.0, total_height=222.4, y after=222.4
  [TEXT HEIGHT] text: "另一个Flex子项�...", font_size=16.0, line_height=19.2, height=19.2
  [TEXT HEIGHT] text: "嵌套的div...", font_size=16.0, line_height=19.2, height=19.2
  [UPDATE Y] child: div, content_height=91.2, margin.bottom=0.0, total_height=91.2, y after=245.4
  [UPDATE Y] child: div, content_height=294.4, margin.bottom=0.0, total_height=294.4, y after=516.8
  [UPDATE Y] child: div, content_height=516.8, margin.bottom=0.0, total_height=516.8, y after=622.3
  [TEXT HEIGHT] text: "相对定位容器...", font_size=16.0, line_height=19.2, height=19.2
  [UPDATE Y] child: div, content_height=115.2, margin.bottom=0.0, total_height=115.2, y after=737.5
[LAYOUT] Child element: div (parent: body)
  parent.content: x=0.0, y=0.0
  parent.padding: left=20.0, top=20.0
  child.margin: left=0.0, top=0.0
  y (accumulated): 5460.9
  child.content: x=20.0 (was 0.0), y=5460.9 (was 0.0)
  [UPDATE Y] child: div, content_height=803.5, margin.bottom=0.0, total_height=803.5, y after=6264.4
[LAYOUT] Child element: text (parent: body)
  parent.content: x=0.0, y=0.0
  parent.padding: left=20.0, top=20.0
  child.margin: left=0.0, top=0.0
  y (accumulated): 6264.4
  child.content: x=20.0 (was 0.0), y=6264.4 (was 0.0)
  [UPDATE Y] child: text, content_height=0.0, margin.bottom=0.0, total_height=0.0, y after=6264.4
  [TEXT HEIGHT] text: "ZBrowser功能测试...", font_size=16.0, line_height=19.2, height=19.2
  [TEXT HEIGHT] text: "包含：块级布�...", font_size=16.0, line_height=19.2, height=19.2
[LAYOUT] Child element: div (parent: body)
  parent.content: x=0.0, y=0.0
  parent.padding: left=20.0, top=20.0
  child.margin: left=0.0, top=30.0
  y (accumulated): 6264.4
  child.content: x=20.0 (was 0.0), y=6294.4 (was 0.0)
  [UPDATE Y] child: div, content_height=182.4, margin.bottom=0.0, total_height=182.4, y after=6446.8
[LAYOUT] Child element: body (parent: html)
  parent.content: x=0.0, y=0.0
  parent.padding: left=0.0, top=0.0
  child.margin: left=0.0, top=0.0
  y (accumulated): 0.0
  child.content: x=0.0 (was 0.0), y=0.0 (was 0.0)
  [UPDATE Y] child: body, content_height=6506.8, margin.bottom=0.0, total_height=6506.8, y after=6506.8
[LAYOUT] Child element: !DOCTYPE (parent: body)
  parent.content: x=0.0, y=0.0
  parent.padding: left=20.0, top=20.0
  child.margin: left=0.0, top=0.0
  y (accumulated): 20.0
  child.content: x=20.0 (was 0.0), y=20.0 (was 0.0)
  [UPDATE Y] child: !DOCTYPE, content_height=6506.8, margin.bottom=0.0, total_height=6506.8, y after=6526.8
[LAYOUT] Child element: body (parent: html)
  parent.content: x=0.0, y=0.0
  parent.padding: left=0.0, top=0.0
  child.margin: left=0.0, top=0.0
  y (accumulated): 0.0
  child.content: x=0.0 (was 0.0), y=0.0 (was 0.0)
  [UPDATE Y] child: body, content_height=6586.8, margin.bottom=0.0, total_height=6586.8, y after=6586.8
[LAYOUT] Element: body, is_root: false
  margin: top=0.0, right=0.0, bottom=0.0, left=0.0
  padding: top=20.0, right=20.0, bottom=20.0, left=20.0
  content: x=0.0, y=0.0, width=1160.0, height=6546.8
  containing_block: width=1200.0, height=6586.8
[LAYOUT] Body element position set: x=0.0, y=0.0 (margin: left=0.0, top=0.0)
[LAYOUT] Element: html, is_root: false
  margin: top=0.0, right=0.0, bottom=0.0, left=0.0
  padding: top=0.0, right=0.0, bottom=0.0, left=0.0
  content: x=0.0, y=0.0, width=1160.0, height=6506.8
  containing_block: width=1160.0, height=6586.8
[LAYOUT] Element: body, is_root: false
  margin: top=0.0, right=0.0, bottom=0.0, left=0.0
  padding: top=20.0, right=20.0, bottom=20.0, left=20.0
  content: x=0.0, y=0.0, width=1120.0, height=6466.8
  containing_block: width=1160.0, height=6586.8
[LAYOUT] Body element position set: x=0.0, y=0.0 (margin: left=0.0, top=0.0)
[CONTAINING BLOCK] body.content.width=1120.0, child_containing_block.width=1120.0
[WIDTH DEBUG] h1: containing_block.width=1120.0, available_width=1120.0, calculated_width=1116.0
[LAYOUT] Child element: h1 (parent: body)
  parent.content: x=0.0, y=0.0
  parent.padding: left=20.0, top=20.0
  child.margin: left=0.0, top=21.4
  y (accumulated): 20.0
  child.content: x=20.0 (was 20.0), y=41.4 (was 41.4)
  [UPDATE Y] child: h1, content_height=50.0, margin.bottom=21.4, total_height=71.4, y after=91.4
[LAYOUT] Child element: text (parent: body)
  parent.content: x=0.0, y=0.0
  parent.padding: left=20.0, top=20.0
  child.margin: left=0.0, top=0.0
  y (accumulated): 91.4
  child.content: x=20.0 (was 20.0), y=91.4 (was 91.4)
  [UPDATE Y] child: text, content_height=0.0, margin.bottom=0.0, total_height=0.0, y after=91.4
[WIDTH DEBUG] h1: containing_block.width=1086.0, available_width=1086.0, calculated_width=1086.0
[LAYOUT] Child element: h1 (parent: div)
  parent.content: x=20.0, y=91.4
  parent.padding: left=15.0, top=15.0
  child.margin: left=0.0, top=16.1
  y (accumulated): 15.0
  child.content: x=15.0 (was 15.0), y=122.5 (was 31.1)
  [UPDATE Y] child: h1, content_height=62.1, margin.bottom=16.1, total_height=78.2, y after=93.2
  [UPDATE Y] child: div, content_height=96.0, margin.bottom=0.0, total_height=96.0, y after=301.2
[LAYOUT] Child element: div (parent: body)
  parent.content: x=0.0, y=0.0
  parent.padding: left=20.0, top=20.0
  child.margin: left=0.0, top=0.0
  y (accumulated): 91.4
  child.content: x=20.0 (was 20.0), y=91.4 (was 91.4)
  [UPDATE Y] child: div, content_height=350.2, margin.bottom=0.0, total_height=350.2, y after=441.6
[LAYOUT] Child element: text (parent: body)
  parent.content: x=0.0, y=0.0
  parent.padding: left=20.0, top=20.0
  child.margin: left=0.0, top=0.0
  y (accumulated): 441.6
  child.content: x=20.0 (was 20.0), y=441.6 (was 441.6)
  [UPDATE Y] child: text, content_height=0.0, margin.bottom=0.0, total_height=0.0, y after=441.6
[LAYOUT] Child element: div (parent: body)
  parent.content: x=0.0, y=0.0
  parent.padding: left=20.0, top=20.0
  child.margin: left=0.0, top=0.0
  y (accumulated): 441.6
  child.content: x=20.0 (was 20.0), y=441.6 (was 441.6)
  [UPDATE Y] child: div, content_height=329.4, margin.bottom=0.0, total_height=329.4, y after=771.0
[LAYOUT] Child element: text (parent: body)
  parent.content: x=0.0, y=0.0
  parent.padding: left=20.0, top=20.0
  child.margin: left=0.0, top=0.0
  y (accumulated): 771.0
  child.content: x=20.0 (was 20.0), y=771.0 (was 771.0)
  [UPDATE Y] child: text, content_height=0.0, margin.bottom=0.0, total_height=0.0, y after=771.0
  [UPDATE Y] child: div, content_height=59.2, margin.bottom=5.0, total_height=64.2, y after=138.2
  [UPDATE Y] child: div, content_height=59.2, margin.bottom=5.0, total_height=64.2, y after=202.4
[LAYOUT] Child element: div (parent: body)
  parent.content: x=0.0, y=0.0
  parent.padding: left=20.0, top=20.0
  child.margin: left=0.0, top=0.0
  y (accumulated): 771.0
  child.content: x=20.0 (was 20.0), y=771.0 (was 771.0)
  [UPDATE Y] child: div, content_height=334.0, margin.bottom=0.0, total_height=334.0, y after=1105.0
[LAYOUT] Child element: text (parent: body)
  parent.content: x=0.0, y=0.0
  parent.padding: left=20.0, top=20.0
  child.margin: left=0.0, top=0.0
  y (accumulated): 1105.0
  child.content: x=20.0 (was 20.0), y=1105.0 (was 1105.0)
  [UPDATE Y] child: text, content_height=0.0, margin.bottom=0.0, total_height=0.0, y after=1105.0
  [UPDATE Y] child: div, content_height=59.2, margin.bottom=0.0, total_height=59.2, y after=287.8
[LAYOUT] Child element: div (parent: body)
  parent.content: x=0.0, y=0.0
  parent.padding: left=20.0, top=20.0
  child.margin: left=0.0, top=0.0
  y (accumulated): 1105.0
  child.content: x=20.0 (was 20.0), y=1105.0 (was 1105.0)
  [UPDATE Y] child: div, content_height=336.8, margin.bottom=0.0, total_height=336.8, y after=1441.8
[LAYOUT] Child element: text (parent: body)
  parent.content: x=0.0, y=0.0
  parent.padding: left=20.0, top=20.0
  child.margin: left=0.0, top=0.0
  y (accumulated): 1441.8
  child.content: x=20.0 (was 20.0), y=1441.8 (was 1441.8)
  [UPDATE Y] child: text, content_height=0.0, margin.bottom=0.0, total_height=0.0, y after=1441.8
  [UPDATE Y] child: div, content_height=99.2, margin.bottom=5.0, total_height=104.2, y after=119.2
  [UPDATE Y] child: div, content_height=99.2, margin.bottom=5.0, total_height=104.2, y after=223.4
  [UPDATE Y] child: div, content_height=99.2, margin.bottom=5.0, total_height=104.2, y after=327.6
  [UPDATE Y] child: div, content_height=99.2, margin.bottom=5.0, total_height=104.2, y after=431.8
  [UPDATE Y] child: div, content_height=99.2, margin.bottom=5.0, total_height=104.2, y after=536.0
  [UPDATE Y] child: div, content_height=585.0, margin.bottom=0.0, total_height=585.0, y after=697.1
  [UPDATE Y] child: div, content_height=99.2, margin.bottom=5.0, total_height=104.2, y after=119.2
  [UPDATE Y] child: div, content_height=99.2, margin.bottom=5.0, total_height=104.2, y after=223.4
  [UPDATE Y] child: div, content_height=99.2, margin.bottom=5.0, total_height=104.2, y after=327.6
  [UPDATE Y] child: div, content_height=334.0, margin.bottom=0.0, total_height=334.0, y after=1031.1
[LAYOUT] Child element: div (parent: body)
  parent.content: x=0.0, y=0.0
  parent.padding: left=20.0, top=20.0
  child.margin: left=0.0, top=0.0
  y (accumulated): 1441.8
  child.content: x=20.0 (was 20.0), y=1441.8 (was 1441.8)
  [UPDATE Y] child: div, content_height=1031.1, margin.bottom=0.0, total_height=1031.1, y after=2472.8
[LAYOUT] Child element: text (parent: body)
  parent.content: x=0.0, y=0.0
  parent.padding: left=20.0, top=20.0
  child.margin: left=0.0, top=0.0
  y (accumulated): 2472.8
  child.content: x=20.0 (was 20.0), y=2472.8 (was 2472.8)
  [UPDATE Y] child: text, content_height=0.0, margin.bottom=0.0, total_height=0.0, y after=2472.8
  [UPDATE Y] child: div, content_height=79.2, margin.bottom=0.0, total_height=79.2, y after=94.2
  [UPDATE Y] child: div, content_height=79.2, margin.bottom=0.0, total_height=79.2, y after=173.4
  [UPDATE Y] child: div, content_height=79.2, margin.bottom=0.0, total_height=79.2, y after=252.6
  [UPDATE Y] child: div, content_height=79.2, margin.bottom=0.0, total_height=79.2, y after=331.8
  [UPDATE Y] child: div, content_height=79.2, margin.bottom=0.0, total_height=79.2, y after=411.0
  [UPDATE Y] child: div, content_height=79.2, margin.bottom=0.0, total_height=79.2, y after=490.2
  [UPDATE Y] child: div, content_height=79.2, margin.bottom=0.0, total_height=79.2, y after=569.4
  [UPDATE Y] child: div, content_height=79.2, margin.bottom=0.0, total_height=79.2, y after=648.6
  [UPDATE Y] child: div, content_height=697.6, margin.bottom=0.0, total_height=697.6, y after=809.7
[LAYOUT] Child element: div (parent: body)
  parent.content: x=0.0, y=0.0
  parent.padding: left=20.0, top=20.0
  child.margin: left=0.0, top=0.0
  y (accumulated): 2472.8
  child.content: x=20.0 (was 20.0), y=2472.8 (was 2472.8)
  [UPDATE Y] child: div, content_height=809.7, margin.bottom=0.0, total_height=809.7, y after=3282.5
[LAYOUT] Child element: text (parent: body)
  parent.content: x=0.0, y=0.0
  parent.padding: left=20.0, top=20.0
  child.margin: left=0.0, top=0.0
  y (accumulated): 3282.5
  child.content: x=20.0 (was 20.0), y=3282.5 (was 3282.5)
  [UPDATE Y] child: text, content_height=0.0, margin.bottom=0.0, total_height=0.0, y after=3282.5
[LAYOUT] Child element: div (parent: body)
  parent.content: x=0.0, y=0.0
  parent.padding: left=20.0, top=20.0
  child.margin: left=0.0, top=0.0
  y (accumulated): 3282.5
  child.content: x=20.0 (was 20.0), y=3282.5 (was 3282.5)
  [UPDATE Y] child: div, content_height=405.5, margin.bottom=0.0, total_height=405.5, y after=3688.0
[LAYOUT] Child element: text (parent: body)
  parent.content: x=0.0, y=0.0
  parent.padding: left=20.0, top=20.0
  child.margin: left=0.0, top=0.0
  y (accumulated): 3688.0
  child.content: x=20.0 (was 20.0), y=3688.0 (was 3688.0)
  [UPDATE Y] child: text, content_height=0.0, margin.bottom=0.0, total_height=0.0, y after=3688.0
[LAYOUT] Child element: div (parent: body)
  parent.content: x=0.0, y=0.0
  parent.padding: left=20.0, top=20.0
  child.margin: left=0.0, top=0.0
  y (accumulated): 3688.0
  child.content: x=20.0 (was 20.0), y=3688.0 (was 3688.0)
  [UPDATE Y] child: div, content_height=610.3, margin.bottom=0.0, total_height=610.3, y after=4298.4
[LAYOUT] Child element: text (parent: body)
  parent.content: x=0.0, y=0.0
  parent.padding: left=20.0, top=20.0
  child.margin: left=0.0, top=0.0
  y (accumulated): 4298.4
  child.content: x=20.0 (was 20.0), y=4298.4 (was 4298.4)
  [UPDATE Y] child: text, content_height=0.0, margin.bottom=0.0, total_height=0.0, y after=4298.4
  [UPDATE Y] child: div, content_height=117.2, margin.bottom=0.0, total_height=117.2, y after=273.9
[LAYOUT] Child element: div (parent: body)
  parent.content: x=0.0, y=0.0
  parent.padding: left=20.0, top=20.0
  child.margin: left=0.0, top=0.0
  y (accumulated): 4298.4
  child.content: x=20.0 (was 20.0), y=4298.4 (was 4298.4)
  [UPDATE Y] child: div, content_height=343.9, margin.bottom=0.0, total_height=343.9, y after=4642.3
[LAYOUT] Child element: text (parent: body)
  parent.content: x=0.0, y=0.0
  parent.padding: left=20.0, top=20.0
  child.margin: left=0.0, top=0.0
  y (accumulated): 4642.3
  child.content: x=20.0 (was 20.0), y=4642.3 (was 4642.3)
  [UPDATE Y] child: text, content_height=0.0, margin.bottom=0.0, total_height=0.0, y after=4642.3
  [UPDATE Y] child: div, content_height=71.2, margin.bottom=2.0, total_height=73.2, y after=132.4
  [UPDATE Y] child: div, content_height=160.4, margin.bottom=3.0, total_height=163.4, y after=224.6
  [UPDATE Y] child: div, content_height=258.6, margin.bottom=5.0, total_height=263.6, y after=364.1
[LAYOUT] Child element: div (parent: body)
  parent.content: x=0.0, y=0.0
  parent.padding: left=20.0, top=20.0
  child.margin: left=0.0, top=0.0
  y (accumulated): 4642.3
  child.content: x=20.0 (was 20.0), y=4642.3 (was 4642.3)
  [UPDATE Y] child: div, content_height=413.1, margin.bottom=0.0, total_height=413.1, y after=5055.4
[LAYOUT] Child element: text (parent: body)
  parent.content: x=0.0, y=0.0
  parent.padding: left=20.0, top=20.0
  child.margin: left=0.0, top=0.0
  y (accumulated): 5055.4
  child.content: x=20.0 (was 20.0), y=5055.4 (was 5055.4)
  [UPDATE Y] child: text, content_height=0.0, margin.bottom=0.0, total_height=0.0, y after=5055.4
[LAYOUT] Child element: div (parent: body)
  parent.content: x=0.0, y=0.0
  parent.padding: left=20.0, top=20.0
  child.margin: left=0.0, top=0.0
  y (accumulated): 5055.4
  child.content: x=20.0 (was 20.0), y=5055.4 (was 5055.4)
  [UPDATE Y] child: div, content_height=405.5, margin.bottom=0.0, total_height=405.5, y after=5460.9
[LAYOUT] Child element: text (parent: body)
  parent.content: x=0.0, y=0.0
  parent.padding: left=20.0, top=20.0
  child.margin: left=0.0, top=0.0
  y (accumulated): 5460.9
  child.content: x=20.0 (was 20.0), y=5460.9 (was 5460.9)
  [UPDATE Y] child: text, content_height=0.0, margin.bottom=0.0, total_height=0.0, y after=5460.9
  [UPDATE Y] child: div, content_height=222.4, margin.bottom=0.0, total_height=222.4, y after=222.4
  [UPDATE Y] child: div, content_height=91.2, margin.bottom=0.0, total_height=91.2, y after=245.4
  [UPDATE Y] child: div, content_height=294.4, margin.bottom=0.0, total_height=294.4, y after=516.8
  [UPDATE Y] child: div, content_height=516.8, margin.bottom=0.0, total_height=516.8, y after=622.3
  [UPDATE Y] child: div, content_height=115.2, margin.bottom=0.0, total_height=115.2, y after=737.5
[LAYOUT] Child element: div (parent: body)
  parent.content: x=0.0, y=0.0
  parent.padding: left=20.0, top=20.0
  child.margin: left=0.0, top=0.0
  y (accumulated): 5460.9
  child.content: x=20.0 (was 20.0), y=5460.9 (was 5460.9)
  [UPDATE Y] child: div, content_height=803.5, margin.bottom=0.0, total_height=803.5, y after=6264.4
[LAYOUT] Child element: text (parent: body)
  parent.content: x=0.0, y=0.0
  parent.padding: left=20.0, top=20.0
  child.margin: left=0.0, top=0.0
  y (accumulated): 6264.4
  child.content: x=20.0 (was 20.0), y=6264.4 (was 6264.4)
  [UPDATE Y] child: text, content_height=0.0, margin.bottom=0.0, total_height=0.0, y after=6264.4
[LAYOUT] Child element: div (parent: body)
  parent.content: x=0.0, y=0.0
  parent.padding: left=20.0, top=20.0
  child.margin: left=0.0, top=30.0
  y (accumulated): 6264.4
  child.content: x=20.0 (was 20.0), y=6294.4 (was 6294.4)
  [UPDATE Y] child: div, content_height=182.4, margin.bottom=0.0, total_height=182.4, y after=6446.8
[LAYOUT] Child element: body (parent: html)
  parent.content: x=0.0, y=0.0
  parent.padding: left=0.0, top=0.0
  child.margin: left=0.0, top=0.0
  y (accumulated): 0.0
  child.content: x=0.0 (was 0.0), y=0.0 (was 0.0)
  [UPDATE Y] child: body, content_height=6506.8, margin.bottom=0.0, total_height=6506.8, y after=6506.8
[LAYOUT] Child element: !DOCTYPE (parent: body)
  parent.content: x=0.0, y=0.0
  parent.padding: left=20.0, top=20.0
  child.margin: left=0.0, top=0.0
  y (accumulated): 20.0
  child.content: x=20.0 (was 20.0), y=20.0 (was 20.0)
  [UPDATE Y] child: !DOCTYPE, content_height=6506.8, margin.bottom=0.0, total_height=6506.8, y after=6526.8
[LAYOUT] Element: html, is_root: false
  margin: top=0.0, right=0.0, bottom=0.0, left=0.0
  padding: top=0.0, right=0.0, bottom=0.0, left=0.0
  content: x=20.0, y=20.0, width=1160.0, height=6506.8
  containing_block: width=1160.0, height=6546.8
[LAYOUT] Element: body, is_root: false
  margin: top=0.0, right=0.0, bottom=0.0, left=0.0
  padding: top=20.0, right=20.0, bottom=20.0, left=20.0
  content: x=0.0, y=0.0, width=1120.0, height=6466.8
  containing_block: width=1160.0, height=6546.8
[LAYOUT WARNING] html.content is not (0, 0): x=20.0, y=20.0
[LAYOUT] Body element position set: x=0.0, y=0.0 (margin: left=0.0, top=0.0)
[CONTAINING BLOCK] body.content.width=1120.0, child_containing_block.width=1120.0
[WIDTH DEBUG] h1: containing_block.width=1120.0, available_width=1120.0, calculated_width=1116.0
[LAYOUT] Child element: h1 (parent: body)
  parent.content: x=0.0, y=0.0
  parent.padding: left=20.0, top=20.0
  child.margin: left=0.0, top=21.4
  y (accumulated): 20.0
  child.content: x=20.0 (was 20.0), y=41.4 (was 41.4)
  [UPDATE Y] child: h1, content_height=50.0, margin.bottom=21.4, total_height=71.4, y after=91.4
[LAYOUT] Child element: text (parent: body)
  parent.content: x=0.0, y=0.0
  parent.padding: left=20.0, top=20.0
  child.margin: left=0.0, top=0.0
  y (accumulated): 91.4
  child.content: x=20.0 (was 20.0), y=91.4 (was 91.4)
  [UPDATE Y] child: text, content_height=0.0, margin.bottom=0.0, total_height=0.0, y after=91.4
[WIDTH DEBUG] h1: containing_block.width=1086.0, available_width=1086.0, calculated_width=1086.0
[LAYOUT] Child element: h1 (parent: div)
  parent.content: x=20.0, y=91.4
  parent.padding: left=15.0, top=15.0
  child.margin: left=0.0, top=16.1
  y (accumulated): 15.0
  child.content: x=15.0 (was 15.0), y=122.5 (was 122.5)
  [UPDATE Y] child: h1, content_height=62.1, margin.bottom=16.1, total_height=78.2, y after=93.2
  [UPDATE Y] child: div, content_height=96.0, margin.bottom=0.0, total_height=96.0, y after=301.2
[LAYOUT] Child element: div (parent: body)
  parent.content: x=0.0, y=0.0
  parent.padding: left=20.0, top=20.0
  child.margin: left=0.0, top=0.0
  y (accumulated): 91.4
  child.content: x=20.0 (was 20.0), y=91.4 (was 91.4)
  [UPDATE Y] child: div, content_height=350.2, margin.bottom=0.0, total_height=350.2, y after=441.6
[LAYOUT] Child element: text (parent: body)
  parent.content: x=0.0, y=0.0
  parent.padding: left=20.0, top=20.0
  child.margin: left=0.0, top=0.0
  y (accumulated): 441.6
  child.content: x=20.0 (was 20.0), y=441.6 (was 441.6)
  [UPDATE Y] child: text, content_height=0.0, margin.bottom=0.0, total_height=0.0, y after=441.6
[LAYOUT] Child element: div (parent: body)
  parent.content: x=0.0, y=0.0
  parent.padding: left=20.0, top=20.0
  child.margin: left=0.0, top=0.0
  y (accumulated): 441.6
  child.content: x=20.0 (was 20.0), y=441.6 (was 441.6)
  [UPDATE Y] child: div, content_height=329.4, margin.bottom=0.0, total_height=329.4, y after=771.0
[LAYOUT] Child element: text (parent: body)
  parent.content: x=0.0, y=0.0
  parent.padding: left=20.0, top=20.0
  child.margin: left=0.0, top=0.0
  y (accumulated): 771.0
  child.content: x=20.0 (was 20.0), y=771.0 (was 771.0)
  [UPDATE Y] child: text, content_height=0.0, margin.bottom=0.0, total_height=0.0, y after=771.0
  [UPDATE Y] child: div, content_height=59.2, margin.bottom=5.0, total_height=64.2, y after=138.2
  [UPDATE Y] child: div, content_height=59.2, margin.bottom=5.0, total_height=64.2, y after=202.4
[LAYOUT] Child element: div (parent: body)
  parent.content: x=0.0, y=0.0
  parent.padding: left=20.0, top=20.0
  child.margin: left=0.0, top=0.0
  y (accumulated): 771.0
  child.content: x=20.0 (was 20.0), y=771.0 (was 771.0)
  [UPDATE Y] child: div, content_height=334.0, margin.bottom=0.0, total_height=334.0, y after=1105.0
[LAYOUT] Child element: text (parent: body)
  parent.content: x=0.0, y=0.0
  parent.padding: left=20.0, top=20.0
  child.margin: left=0.0, top=0.0
  y (accumulated): 1105.0
  child.content: x=20.0 (was 20.0), y=1105.0 (was 1105.0)
  [UPDATE Y] child: text, content_height=0.0, margin.bottom=0.0, total_height=0.0, y after=1105.0
  [UPDATE Y] child: div, content_height=59.2, margin.bottom=0.0, total_height=59.2, y after=287.8
[LAYOUT] Child element: div (parent: body)
  parent.content: x=0.0, y=0.0
  parent.padding: left=20.0, top=20.0
  child.margin: left=0.0, top=0.0
  y (accumulated): 1105.0
  child.content: x=20.0 (was 20.0), y=1105.0 (was 1105.0)
  [UPDATE Y] child: div, content_height=336.8, margin.bottom=0.0, total_height=336.8, y after=1441.8
[LAYOUT] Child element: text (parent: body)
  parent.content: x=0.0, y=0.0
  parent.padding: left=20.0, top=20.0
  child.margin: left=0.0, top=0.0
  y (accumulated): 1441.8
  child.content: x=20.0 (was 20.0), y=1441.8 (was 1441.8)
  [UPDATE Y] child: text, content_height=0.0, margin.bottom=0.0, total_height=0.0, y after=1441.8
  [UPDATE Y] child: div, content_height=99.2, margin.bottom=5.0, total_height=104.2, y after=119.2
  [UPDATE Y] child: div, content_height=99.2, margin.bottom=5.0, total_height=104.2, y after=223.4
  [UPDATE Y] child: div, content_height=99.2, margin.bottom=5.0, total_height=104.2, y after=327.6
  [UPDATE Y] child: div, content_height=99.2, margin.bottom=5.0, total_height=104.2, y after=431.8
  [UPDATE Y] child: div, content_height=99.2, margin.bottom=5.0, total_height=104.2, y after=536.0
  [UPDATE Y] child: div, content_height=585.0, margin.bottom=0.0, total_height=585.0, y after=697.1
  [UPDATE Y] child: div, content_height=99.2, margin.bottom=5.0, total_height=104.2, y after=119.2
  [UPDATE Y] child: div, content_height=99.2, margin.bottom=5.0, total_height=104.2, y after=223.4
  [UPDATE Y] child: div, content_height=99.2, margin.bottom=5.0, total_height=104.2, y after=327.6
  [UPDATE Y] child: div, content_height=334.0, margin.bottom=0.0, total_height=334.0, y after=1031.1
[LAYOUT] Child element: div (parent: body)
  parent.content: x=0.0, y=0.0
  parent.padding: left=20.0, top=20.0
  child.margin: left=0.0, top=0.0
  y (accumulated): 1441.8
  child.content: x=20.0 (was 20.0), y=1441.8 (was 1441.8)
  [UPDATE Y] child: div, content_height=1031.1, margin.bottom=0.0, total_height=1031.1, y after=2472.8
[LAYOUT] Child element: text (parent: body)
  parent.content: x=0.0, y=0.0
  parent.padding: left=20.0, top=20.0
  child.margin: left=0.0, top=0.0
  y (accumulated): 2472.8
  child.content: x=20.0 (was 20.0), y=2472.8 (was 2472.8)
  [UPDATE Y] child: text, content_height=0.0, margin.bottom=0.0, total_height=0.0, y after=2472.8
  [UPDATE Y] child: div, content_height=79.2, margin.bottom=0.0, total_height=79.2, y after=94.2
  [UPDATE Y] child: div, content_height=79.2, margin.bottom=0.0, total_height=79.2, y after=173.4
  [UPDATE Y] child: div, content_height=79.2, margin.bottom=0.0, total_height=79.2, y after=252.6
  [UPDATE Y] child: div, content_height=79.2, margin.bottom=0.0, total_height=79.2, y after=331.8
  [UPDATE Y] child: div, content_height=79.2, margin.bottom=0.0, total_height=79.2, y after=411.0
  [UPDATE Y] child: div, content_height=79.2, margin.bottom=0.0, total_height=79.2, y after=490.2
  [UPDATE Y] child: div, content_height=79.2, margin.bottom=0.0, total_height=79.2, y after=569.4
  [UPDATE Y] child: div, content_height=79.2, margin.bottom=0.0, total_height=79.2, y after=648.6
  [UPDATE Y] child: div, content_height=697.6, margin.bottom=0.0, total_height=697.6, y after=809.7
[LAYOUT] Child element: div (parent: body)
  parent.content: x=0.0, y=0.0
  parent.padding: left=20.0, top=20.0
  child.margin: left=0.0, top=0.0
  y (accumulated): 2472.8
  child.content: x=20.0 (was 20.0), y=2472.8 (was 2472.8)
  [UPDATE Y] child: div, content_height=809.7, margin.bottom=0.0, total_height=809.7, y after=3282.5
[LAYOUT] Child element: text (parent: body)
  parent.content: x=0.0, y=0.0
  parent.padding: left=20.0, top=20.0
  child.margin: left=0.0, top=0.0
  y (accumulated): 3282.5
  child.content: x=20.0 (was 20.0), y=3282.5 (was 3282.5)
  [UPDATE Y] child: text, content_height=0.0, margin.bottom=0.0, total_height=0.0, y after=3282.5
[LAYOUT] Child element: div (parent: body)
  parent.content: x=0.0, y=0.0
  parent.padding: left=20.0, top=20.0
  child.margin: left=0.0, top=0.0
  y (accumulated): 3282.5
  child.content: x=20.0 (was 20.0), y=3282.5 (was 3282.5)
  [UPDATE Y] child: div, content_height=405.5, margin.bottom=0.0, total_height=405.5, y after=3688.0
[LAYOUT] Child element: text (parent: body)
  parent.content: x=0.0, y=0.0
  parent.padding: left=20.0, top=20.0
  child.margin: left=0.0, top=0.0
  y (accumulated): 3688.0
  child.content: x=20.0 (was 20.0), y=3688.0 (was 3688.0)
  [UPDATE Y] child: text, content_height=0.0, margin.bottom=0.0, total_height=0.0, y after=3688.0
[LAYOUT] Child element: div (parent: body)
  parent.content: x=0.0, y=0.0
  parent.padding: left=20.0, top=20.0
  child.margin: left=0.0, top=0.0
  y (accumulated): 3688.0
  child.content: x=20.0 (was 20.0), y=3688.0 (was 3688.0)
  [UPDATE Y] child: div, content_height=610.3, margin.bottom=0.0, total_height=610.3, y after=4298.4
[LAYOUT] Child element: text (parent: body)
  parent.content: x=0.0, y=0.0
  parent.padding: left=20.0, top=20.0
  child.margin: left=0.0, top=0.0
  y (accumulated): 4298.4
  child.content: x=20.0 (was 20.0), y=4298.4 (was 4298.4)
  [UPDATE Y] child: text, content_height=0.0, margin.bottom=0.0, total_height=0.0, y after=4298.4
  [UPDATE Y] child: div, content_height=117.2, margin.bottom=0.0, total_height=117.2, y after=273.9
[LAYOUT] Child element: div (parent: body)
  parent.content: x=0.0, y=0.0
  parent.padding: left=20.0, top=20.0
  child.margin: left=0.0, top=0.0
  y (accumulated): 4298.4
  child.content: x=20.0 (was 20.0), y=4298.4 (was 4298.4)
  [UPDATE Y] child: div, content_height=343.9, margin.bottom=0.0, total_height=343.9, y after=4642.3
[LAYOUT] Child element: text (parent: body)
  parent.content: x=0.0, y=0.0
  parent.padding: left=20.0, top=20.0
  child.margin: left=0.0, top=0.0
  y (accumulated): 4642.3
  child.content: x=20.0 (was 20.0), y=4642.3 (was 4642.3)
  [UPDATE Y] child: text, content_height=0.0, margin.bottom=0.0, total_height=0.0, y after=4642.3
  [UPDATE Y] child: div, content_height=71.2, margin.bottom=2.0, total_height=73.2, y after=132.4
  [UPDATE Y] child: div, content_height=160.4, margin.bottom=3.0, total_height=163.4, y after=224.6
  [UPDATE Y] child: div, content_height=258.6, margin.bottom=5.0, total_height=263.6, y after=364.1
[LAYOUT] Child element: div (parent: body)
  parent.content: x=0.0, y=0.0
  parent.padding: left=20.0, top=20.0
  child.margin: left=0.0, top=0.0
  y (accumulated): 4642.3
  child.content: x=20.0 (was 20.0), y=4642.3 (was 4642.3)
  [UPDATE Y] child: div, content_height=413.1, margin.bottom=0.0, total_height=413.1, y after=5055.4
[LAYOUT] Child element: text (parent: body)
  parent.content: x=0.0, y=0.0
  parent.padding: left=20.0, top=20.0
  child.margin: left=0.0, top=0.0
  y (accumulated): 5055.4
  child.content: x=20.0 (was 20.0), y=5055.4 (was 5055.4)
  [UPDATE Y] child: text, content_height=0.0, margin.bottom=0.0, total_height=0.0, y after=5055.4
[LAYOUT] Child element: div (parent: body)
  parent.content: x=0.0, y=0.0
  parent.padding: left=20.0, top=20.0
  child.margin: left=0.0, top=0.0
  y (accumulated): 5055.4
  child.content: x=20.0 (was 20.0), y=5055.4 (was 5055.4)
  [UPDATE Y] child: div, content_height=405.5, margin.bottom=0.0, total_height=405.5, y after=5460.9
[LAYOUT] Child element: text (parent: body)
  parent.content: x=0.0, y=0.0
  parent.padding: left=20.0, top=20.0
  child.margin: left=0.0, top=0.0
  y (accumulated): 5460.9
  child.content: x=20.0 (was 20.0), y=5460.9 (was 5460.9)
  [UPDATE Y] child: text, content_height=0.0, margin.bottom=0.0, total_height=0.0, y after=5460.9
  [UPDATE Y] child: div, content_height=222.4, margin.bottom=0.0, total_height=222.4, y after=222.4
  [UPDATE Y] child: div, content_height=91.2, margin.bottom=0.0, total_height=91.2, y after=245.4
  [UPDATE Y] child: div, content_height=294.4, margin.bottom=0.0, total_height=294.4, y after=516.8
  [UPDATE Y] child: div, content_height=516.8, margin.bottom=0.0, total_height=516.8, y after=622.3
  [UPDATE Y] child: div, content_height=115.2, margin.bottom=0.0, total_height=115.2, y after=737.5
[LAYOUT] Child element: div (parent: body)
  parent.content: x=0.0, y=0.0
  parent.padding: left=20.0, top=20.0
  child.margin: left=0.0, top=0.0
  y (accumulated): 5460.9
  child.content: x=20.0 (was 20.0), y=5460.9 (was 5460.9)
  [UPDATE Y] child: div, content_height=803.5, margin.bottom=0.0, total_height=803.5, y after=6264.4
[LAYOUT] Child element: text (parent: body)
  parent.content: x=0.0, y=0.0
  parent.padding: left=20.0, top=20.0
  child.margin: left=0.0, top=0.0
  y (accumulated): 6264.4
  child.content: x=20.0 (was 20.0), y=6264.4 (was 6264.4)
  [UPDATE Y] child: text, content_height=0.0, margin.bottom=0.0, total_height=0.0, y after=6264.4
[LAYOUT] Child element: div (parent: body)
  parent.content: x=0.0, y=0.0
  parent.padding: left=20.0, top=20.0
  child.margin: left=0.0, top=30.0
  y (accumulated): 6264.4
  child.content: x=20.0 (was 20.0), y=6294.4 (was 6294.4)
  [UPDATE Y] child: div, content_height=182.4, margin.bottom=0.0, total_height=182.4, y after=6446.8
[LAYOUT] Child element: body (parent: html)
  parent.content: x=20.0, y=20.0
  parent.padding: left=0.0, top=0.0
  child.margin: left=0.0, top=0.0
  y (accumulated): 0.0
  child.content: x=20.0 (was 0.0), y=20.0 (was 0.0)
  [UPDATE Y] child: body, content_height=6506.8, margin.bottom=0.0, total_height=6506.8, y after=6506.8
[LAYOUT] Element: html, is_root: false
  margin: top=0.0, right=0.0, bottom=0.0, left=0.0
  padding: top=0.0, right=0.0, bottom=0.0, left=0.0
  content: x=20.0, y=20.0, width=1160.0, height=6506.8
  containing_block: width=1160.0, height=6506.8
[LAYOUT] Element: body, is_root: false
  margin: top=0.0, right=0.0, bottom=0.0, left=0.0
  padding: top=20.0, right=20.0, bottom=20.0, left=20.0
  content: x=20.0, y=20.0, width=1120.0, height=6466.8
  containing_block: width=1160.0, height=6506.8
[LAYOUT WARNING] html.content is not (0, 0): x=20.0, y=20.0
[CONTAINING BLOCK] body.content.width=1120.0, child_containing_block.width=1120.0
[WIDTH DEBUG] h1: containing_block.width=1120.0, available_width=1120.0, calculated_width=1116.0
[LAYOUT] Child element: h1 (parent: body)
  parent.content: x=20.0, y=20.0
  parent.padding: left=20.0, top=20.0
  child.margin: left=0.0, top=21.4
  y (accumulated): 20.0
  child.content: x=20.0 (was 20.0), y=61.4 (was 41.4)
  [UPDATE Y] child: h1, content_height=50.0, margin.bottom=21.4, total_height=71.4, y after=91.4
[LAYOUT] Child element: text (parent: body)
  parent.content: x=20.0, y=20.0
  parent.padding: left=20.0, top=20.0
  child.margin: left=0.0, top=0.0
  y (accumulated): 91.4
  child.content: x=20.0 (was 20.0), y=111.4 (was 91.4)
  [UPDATE Y] child: text, content_height=0.0, margin.bottom=0.0, total_height=0.0, y after=91.4
[WIDTH DEBUG] h1: containing_block.width=1086.0, available_width=1086.0, calculated_width=1086.0
[LAYOUT] Child element: h1 (parent: div)
  parent.content: x=20.0, y=91.4
  parent.padding: left=15.0, top=15.0
  child.margin: left=0.0, top=16.1
  y (accumulated): 15.0
  child.content: x=15.0 (was 15.0), y=122.5 (was 122.5)
  [UPDATE Y] child: h1, content_height=62.1, margin.bottom=16.1, total_height=78.2, y after=93.2
  [UPDATE Y] child: div, content_height=96.0, margin.bottom=0.0, total_height=96.0, y after=301.2
[LAYOUT] Child element: div (parent: body)
  parent.content: x=20.0, y=20.0
  parent.padding: left=20.0, top=20.0
  child.margin: left=0.0, top=0.0
  y (accumulated): 91.4
  child.content: x=20.0 (was 20.0), y=111.4 (was 91.4)
  [UPDATE Y] child: div, content_height=350.2, margin.bottom=0.0, total_height=350.2, y after=441.6
[LAYOUT] Child element: text (parent: body)
  parent.content: x=20.0, y=20.0
  parent.padding: left=20.0, top=20.0
  child.margin: left=0.0, top=0.0
  y (accumulated): 441.6
  child.content: x=20.0 (was 20.0), y=461.6 (was 441.6)
  [UPDATE Y] child: text, content_height=0.0, margin.bottom=0.0, total_height=0.0, y after=441.6
[LAYOUT] Child element: div (parent: body)
  parent.content: x=20.0, y=20.0
  parent.padding: left=20.0, top=20.0
  child.margin: left=0.0, top=0.0
  y (accumulated): 441.6
  child.content: x=20.0 (was 20.0), y=461.6 (was 441.6)
  [UPDATE Y] child: div, content_height=329.4, margin.bottom=0.0, total_height=329.4, y after=771.0
[LAYOUT] Child element: text (parent: body)
  parent.content: x=20.0, y=20.0
  parent.padding: left=20.0, top=20.0
  child.margin: left=0.0, top=0.0
  y (accumulated): 771.0
  child.content: x=20.0 (was 20.0), y=791.0 (was 771.0)
  [UPDATE Y] child: text, content_height=0.0, margin.bottom=0.0, total_height=0.0, y after=771.0
  [UPDATE Y] child: div, content_height=59.2, margin.bottom=5.0, total_height=64.2, y after=138.2
  [UPDATE Y] child: div, content_height=59.2, margin.bottom=5.0, total_height=64.2, y after=202.4
[LAYOUT] Child element: div (parent: body)
  parent.content: x=20.0, y=20.0
  parent.padding: left=20.0, top=20.0
  child.margin: left=0.0, top=0.0
  y (accumulated): 771.0
  child.content: x=20.0 (was 20.0), y=791.0 (was 771.0)
  [UPDATE Y] child: div, content_height=334.0, margin.bottom=0.0, total_height=334.0, y after=1105.0
[LAYOUT] Child element: text (parent: body)
  parent.content: x=20.0, y=20.0
  parent.padding: left=20.0, top=20.0
  child.margin: left=0.0, top=0.0
  y (accumulated): 1105.0
  child.content: x=20.0 (was 20.0), y=1125.0 (was 1105.0)
  [UPDATE Y] child: text, content_height=0.0, margin.bottom=0.0, total_height=0.0, y after=1105.0
  [UPDATE Y] child: div, content_height=59.2, margin.bottom=0.0, total_height=59.2, y after=287.8
[LAYOUT] Child element: div (parent: body)
  parent.content: x=20.0, y=20.0
  parent.padding: left=20.0, top=20.0
  child.margin: left=0.0, top=0.0
  y (accumulated): 1105.0
  child.content: x=20.0 (was 20.0), y=1125.0 (was 1105.0)
  [UPDATE Y] child: div, content_height=336.8, margin.bottom=0.0, total_height=336.8, y after=1441.8
[LAYOUT] Child element: text (parent: body)
  parent.content: x=20.0, y=20.0
  parent.padding: left=20.0, top=20.0
  child.margin: left=0.0, top=0.0
  y (accumulated): 1441.8
  child.content: x=20.0 (was 20.0), y=1461.8 (was 1441.8)
  [UPDATE Y] child: text, content_height=0.0, margin.bottom=0.0, total_height=0.0, y after=1441.8
  [UPDATE Y] child: div, content_height=99.2, margin.bottom=5.0, total_height=104.2, y after=119.2
  [UPDATE Y] child: div, content_height=99.2, margin.bottom=5.0, total_height=104.2, y after=223.4
  [UPDATE Y] child: div, content_height=99.2, margin.bottom=5.0, total_height=104.2, y after=327.6
  [UPDATE Y] child: div, content_height=99.2, margin.bottom=5.0, total_height=104.2, y after=431.8
  [UPDATE Y] child: div, content_height=99.2, margin.bottom=5.0, total_height=104.2, y after=536.0
  [UPDATE Y] child: div, content_height=585.0, margin.bottom=0.0, total_height=585.0, y after=697.1
  [UPDATE Y] child: div, content_height=99.2, margin.bottom=5.0, total_height=104.2, y after=119.2
  [UPDATE Y] child: div, content_height=99.2, margin.bottom=5.0, total_height=104.2, y after=223.4
  [UPDATE Y] child: div, content_height=99.2, margin.bottom=5.0, total_height=104.2, y after=327.6
  [UPDATE Y] child: div, content_height=334.0, margin.bottom=0.0, total_height=334.0, y after=1031.1
[LAYOUT] Child element: div (parent: body)
  parent.content: x=20.0, y=20.0
  parent.padding: left=20.0, top=20.0
  child.margin: left=0.0, top=0.0
  y (accumulated): 1441.8
  child.content: x=20.0 (was 20.0), y=1461.8 (was 1441.8)
  [UPDATE Y] child: div, content_height=1031.1, margin.bottom=0.0, total_height=1031.1, y after=2472.8
[LAYOUT] Child element: text (parent: body)
  parent.content: x=20.0, y=20.0
  parent.padding: left=20.0, top=20.0
  child.margin: left=0.0, top=0.0
  y (accumulated): 2472.8
  child.content: x=20.0 (was 20.0), y=2492.8 (was 2472.8)
  [UPDATE Y] child: text, content_height=0.0, margin.bottom=0.0, total_height=0.0, y after=2472.8
  [UPDATE Y] child: div, content_height=79.2, margin.bottom=0.0, total_height=79.2, y after=94.2
  [UPDATE Y] child: div, content_height=79.2, margin.bottom=0.0, total_height=79.2, y after=173.4
  [UPDATE Y] child: div, content_height=79.2, margin.bottom=0.0, total_height=79.2, y after=252.6
  [UPDATE Y] child: div, content_height=79.2, margin.bottom=0.0, total_height=79.2, y after=331.8
  [UPDATE Y] child: div, content_height=79.2, margin.bottom=0.0, total_height=79.2, y after=411.0
  [UPDATE Y] child: div, content_height=79.2, margin.bottom=0.0, total_height=79.2, y after=490.2
  [UPDATE Y] child: div, content_height=79.2, margin.bottom=0.0, total_height=79.2, y after=569.4
  [UPDATE Y] child: div, content_height=79.2, margin.bottom=0.0, total_height=79.2, y after=648.6
  [UPDATE Y] child: div, content_height=697.6, margin.bottom=0.0, total_height=697.6, y after=809.7
[LAYOUT] Child element: div (parent: body)
  parent.content: x=20.0, y=20.0
  parent.padding: left=20.0, top=20.0
  child.margin: left=0.0, top=0.0
  y (accumulated): 2472.8
  child.content: x=20.0 (was 20.0), y=2492.8 (was 2472.8)
  [UPDATE Y] child: div, content_height=809.7, margin.bottom=0.0, total_height=809.7, y after=3282.5
[LAYOUT] Child element: text (parent: body)
  parent.content: x=20.0, y=20.0
  parent.padding: left=20.0, top=20.0
  child.margin: left=0.0, top=0.0
  y (accumulated): 3282.5
  child.content: x=20.0 (was 20.0), y=3302.5 (was 3282.5)
  [UPDATE Y] child: text, content_height=0.0, margin.bottom=0.0, total_height=0.0, y after=3282.5
[LAYOUT] Child element: div (parent: body)
  parent.content: x=20.0, y=20.0
  parent.padding: left=20.0, top=20.0
  child.margin: left=0.0, top=0.0
  y (accumulated): 3282.5
  child.content: x=20.0 (was 20.0), y=3302.5 (was 3282.5)
  [UPDATE Y] child: div, content_height=405.5, margin.bottom=0.0, total_height=405.5, y after=3688.0
[LAYOUT] Child element: text (parent: body)
  parent.content: x=20.0, y=20.0
  parent.padding: left=20.0, top=20.0
  child.margin: left=0.0, top=0.0
  y (accumulated): 3688.0
  child.content: x=20.0 (was 20.0), y=3708.0 (was 3688.0)
  [UPDATE Y] child: text, content_height=0.0, margin.bottom=0.0, total_height=0.0, y after=3688.0
[LAYOUT] Child element: div (parent: body)
  parent.content: x=20.0, y=20.0
  parent.padding: left=20.0, top=20.0
  child.margin: left=0.0, top=0.0
  y (accumulated): 3688.0
  child.content: x=20.0 (was 20.0), y=3708.0 (was 3688.0)
  [UPDATE Y] child: div, content_height=610.3, margin.bottom=0.0, total_height=610.3, y after=4298.4
[LAYOUT] Child element: text (parent: body)
  parent.content: x=20.0, y=20.0
  parent.padding: left=20.0, top=20.0
  child.margin: left=0.0, top=0.0
  y (accumulated): 4298.4
  child.content: x=20.0 (was 20.0), y=4318.4 (was 4298.4)
  [UPDATE Y] child: text, content_height=0.0, margin.bottom=0.0, total_height=0.0, y after=4298.4
  [UPDATE Y] child: div, content_height=117.2, margin.bottom=0.0, total_height=117.2, y after=273.9
[LAYOUT] Child element: div (parent: body)
  parent.content: x=20.0, y=20.0
  parent.padding: left=20.0, top=20.0
  child.margin: left=0.0, top=0.0
  y (accumulated): 4298.4
  child.content: x=20.0 (was 20.0), y=4318.4 (was 4298.4)
  [UPDATE Y] child: div, content_height=343.9, margin.bottom=0.0, total_height=343.9, y after=4642.3
[LAYOUT] Child element: text (parent: body)
  parent.content: x=20.0, y=20.0
  parent.padding: left=20.0, top=20.0
  child.margin: left=0.0, top=0.0
  y (accumulated): 4642.3
  child.content: x=20.0 (was 20.0), y=4662.3 (was 4642.3)
  [UPDATE Y] child: text, content_height=0.0, margin.bottom=0.0, total_height=0.0, y after=4642.3
  [UPDATE Y] child: div, content_height=71.2, margin.bottom=2.0, total_height=73.2, y after=132.4
  [UPDATE Y] child: div, content_height=160.4, margin.bottom=3.0, total_height=163.4, y after=224.6
  [UPDATE Y] child: div, content_height=258.6, margin.bottom=5.0, total_height=263.6, y after=364.1
[LAYOUT] Child element: div (parent: body)
  parent.content: x=20.0, y=20.0
  parent.padding: left=20.0, top=20.0
  child.margin: left=0.0, top=0.0
  y (accumulated): 4642.3
  child.content: x=20.0 (was 20.0), y=4662.3 (was 4642.3)
  [UPDATE Y] child: div, content_height=413.1, margin.bottom=0.0, total_height=413.1, y after=5055.4
[LAYOUT] Child element: text (parent: body)
  parent.content: x=20.0, y=20.0
  parent.padding: left=20.0, top=20.0
  child.margin: left=0.0, top=0.0
  y (accumulated): 5055.4
  child.content: x=20.0 (was 20.0), y=5075.4 (was 5055.4)
  [UPDATE Y] child: text, content_height=0.0, margin.bottom=0.0, total_height=0.0, y after=5055.4
[LAYOUT] Child element: div (parent: body)
  parent.content: x=20.0, y=20.0
  parent.padding: left=20.0, top=20.0
  child.margin: left=0.0, top=0.0
  y (accumulated): 5055.4
  child.content: x=20.0 (was 20.0), y=5075.4 (was 5055.4)
  [UPDATE Y] child: div, content_height=405.5, margin.bottom=0.0, total_height=405.5, y after=5460.9
[LAYOUT] Child element: text (parent: body)
  parent.content: x=20.0, y=20.0
  parent.padding: left=20.0, top=20.0
  child.margin: left=0.0, top=0.0
  y (accumulated): 5460.9
  child.content: x=20.0 (was 20.0), y=5480.9 (was 5460.9)
  [UPDATE Y] child: text, content_height=0.0, margin.bottom=0.0, total_height=0.0, y after=5460.9
  [UPDATE Y] child: div, content_height=222.4, margin.bottom=0.0, total_height=222.4, y after=222.4
  [UPDATE Y] child: div, content_height=91.2, margin.bottom=0.0, total_height=91.2, y after=245.4
  [UPDATE Y] child: div, content_height=294.4, margin.bottom=0.0, total_height=294.4, y after=516.8
  [UPDATE Y] child: div, content_height=516.8, margin.bottom=0.0, total_height=516.8, y after=622.3
  [UPDATE Y] child: div, content_height=115.2, margin.bottom=0.0, total_height=115.2, y after=737.5
[LAYOUT] Child element: div (parent: body)
  parent.content: x=20.0, y=20.0
  parent.padding: left=20.0, top=20.0
  child.margin: left=0.0, top=0.0
  y (accumulated): 5460.9
  child.content: x=20.0 (was 20.0), y=5480.9 (was 5460.9)
  [UPDATE Y] child: div, content_height=803.5, margin.bottom=0.0, total_height=803.5, y after=6264.4
[LAYOUT] Child element: text (parent: body)
  parent.content: x=20.0, y=20.0
  parent.padding: left=20.0, top=20.0
  child.margin: left=0.0, top=0.0
  y (accumulated): 6264.4
  child.content: x=20.0 (was 20.0), y=6284.4 (was 6264.4)
  [UPDATE Y] child: text, content_height=0.0, margin.bottom=0.0, total_height=0.0, y after=6264.4
[LAYOUT] Child element: div (parent: body)
  parent.content: x=20.0, y=20.0
  parent.padding: left=20.0, top=20.0
  child.margin: left=0.0, top=30.0
  y (accumulated): 6264.4
  child.content: x=20.0 (was 20.0), y=6314.4 (was 6294.4)
  [UPDATE Y] child: div, content_height=182.4, margin.bottom=0.0, total_height=182.4, y after=6446.8
[LAYOUT] Child element: body (parent: html)
  parent.content: x=20.0, y=20.0
  parent.padding: left=0.0, top=0.0
  child.margin: left=0.0, top=0.0
  y (accumulated): 0.0
  child.content: x=20.0 (was 20.0), y=20.0 (was 20.0)
  [UPDATE Y] child: body, content_height=6506.8, margin.bottom=0.0, total_height=6506.8, y after=6506.8
[LAYOUT] Element: body, is_root: false
  margin: top=0.0, right=0.0, bottom=0.0, left=0.0
  padding: top=20.0, right=20.0, bottom=20.0, left=20.0
  content: x=20.0, y=20.0, width=1120.0, height=6466.8
  containing_block: width=1160.0, height=6506.8
[LAYOUT WARNING] html.content is not (0, 0): x=20.0, y=20.0
[CONTAINING BLOCK] body.content.width=1120.0, child_containing_block.width=1120.0
[WIDTH DEBUG] h1: containing_block.width=1120.0, available_width=1120.0, calculated_width=1116.0
[LAYOUT] Child element: h1 (parent: body)
  parent.content: x=20.0, y=20.0
  parent.padding: left=20.0, top=20.0
  child.margin: left=0.0, top=21.4
  y (accumulated): 20.0
  child.content: x=20.0 (was 20.0), y=61.4 (was 61.4)
  [UPDATE Y] child: h1, content_height=50.0, margin.bottom=21.4, total_height=71.4, y after=91.4
[LAYOUT] Child element: text (parent: body)
  parent.content: x=20.0, y=20.0
  parent.padding: left=20.0, top=20.0
  child.margin: left=0.0, top=0.0
  y (accumulated): 91.4
  child.content: x=20.0 (was 20.0), y=111.4 (was 111.4)
  [UPDATE Y] child: text, content_height=0.0, margin.bottom=0.0, total_height=0.0, y after=91.4
[WIDTH DEBUG] h1: containing_block.width=1086.0, available_width=1086.0, calculated_width=1086.0
[LAYOUT] Child element: h1 (parent: div)
  parent.content: x=20.0, y=111.4
  parent.padding: left=15.0, top=15.0
  child.margin: left=0.0, top=16.1
  y (accumulated): 15.0
  child.content: x=15.0 (was 15.0), y=142.5 (was 122.5)
  [UPDATE Y] child: h1, content_height=62.1, margin.bottom=16.1, total_height=78.2, y after=93.2
  [UPDATE Y] child: div, content_height=96.0, margin.bottom=0.0, total_height=96.0, y after=301.2
[LAYOUT] Child element: div (parent: body)
  parent.content: x=20.0, y=20.0
  parent.padding: left=20.0, top=20.0
  child.margin: left=0.0, top=0.0
  y (accumulated): 91.4
  child.content: x=20.0 (was 20.0), y=111.4 (was 111.4)
  [UPDATE Y] child: div, content_height=350.2, margin.bottom=0.0, total_height=350.2, y after=441.6
[LAYOUT] Child element: text (parent: body)
  parent.content: x=20.0, y=20.0
  parent.padding: left=20.0, top=20.0
  child.margin: left=0.0, top=0.0
  y (accumulated): 441.6
  child.content: x=20.0 (was 20.0), y=461.6 (was 461.6)
  [UPDATE Y] child: text, content_height=0.0, margin.bottom=0.0, total_height=0.0, y after=441.6
[LAYOUT] Child element: div (parent: body)
  parent.content: x=20.0, y=20.0
  parent.padding: left=20.0, top=20.0
  child.margin: left=0.0, top=0.0
  y (accumulated): 441.6
  child.content: x=20.0 (was 20.0), y=461.6 (was 461.6)
  [UPDATE Y] child: div, content_height=329.4, margin.bottom=0.0, total_height=329.4, y after=771.0
[LAYOUT] Child element: text (parent: body)
  parent.content: x=20.0, y=20.0
  parent.padding: left=20.0, top=20.0
  child.margin: left=0.0, top=0.0
  y (accumulated): 771.0
  child.content: x=20.0 (was 20.0), y=791.0 (was 791.0)
  [UPDATE Y] child: text, content_height=0.0, margin.bottom=0.0, total_height=0.0, y after=771.0
  [UPDATE Y] child: div, content_height=59.2, margin.bottom=5.0, total_height=64.2, y after=138.2
  [UPDATE Y] child: div, content_height=59.2, margin.bottom=5.0, total_height=64.2, y after=202.4
[LAYOUT] Child element: div (parent: body)
  parent.content: x=20.0, y=20.0
  parent.padding: left=20.0, top=20.0
  child.margin: left=0.0, top=0.0
  y (accumulated): 771.0
  child.content: x=20.0 (was 20.0), y=791.0 (was 791.0)
  [UPDATE Y] child: div, content_height=334.0, margin.bottom=0.0, total_height=334.0, y after=1105.0
[LAYOUT] Child element: text (parent: body)
  parent.content: x=20.0, y=20.0
  parent.padding: left=20.0, top=20.0
  child.margin: left=0.0, top=0.0
  y (accumulated): 1105.0
  child.content: x=20.0 (was 20.0), y=1125.0 (was 1125.0)
  [UPDATE Y] child: text, content_height=0.0, margin.bottom=0.0, total_height=0.0, y after=1105.0
  [UPDATE Y] child: div, content_height=59.2, margin.bottom=0.0, total_height=59.2, y after=267.8
[LAYOUT] Child element: div (parent: body)
  parent.content: x=20.0, y=20.0
  parent.padding: left=20.0, top=20.0
  child.margin: left=0.0, top=0.0
  y (accumulated): 1105.0
  child.content: x=20.0 (was 20.0), y=1125.0 (was 1125.0)
  [UPDATE Y] child: div, content_height=336.8, margin.bottom=0.0, total_height=336.8, y after=1441.8
[LAYOUT] Child element: text (parent: body)
  parent.content: x=20.0, y=20.0
  parent.padding: left=20.0, top=20.0
  child.margin: left=0.0, top=0.0
  y (accumulated): 1441.8
  child.content: x=20.0 (was 20.0), y=1461.8 (was 1461.8)
  [UPDATE Y] child: text, content_height=0.0, margin.bottom=0.0, total_height=0.0, y after=1441.8
  [UPDATE Y] child: div, content_height=99.2, margin.bottom=5.0, total_height=104.2, y after=119.2
  [UPDATE Y] child: div, content_height=99.2, margin.bottom=5.0, total_height=104.2, y after=223.4
  [UPDATE Y] child: div, content_height=99.2, margin.bottom=5.0, total_height=104.2, y after=327.6
  [UPDATE Y] child: div, content_height=99.2, margin.bottom=5.0, total_height=104.2, y after=431.8
  [UPDATE Y] child: div, content_height=99.2, margin.bottom=5.0, total_height=104.2, y after=536.0
  [UPDATE Y] child: div, content_height=585.0, margin.bottom=0.0, total_height=585.0, y after=697.1
  [UPDATE Y] child: div, content_height=99.2, margin.bottom=5.0, total_height=104.2, y after=119.2
  [UPDATE Y] child: div, content_height=99.2, margin.bottom=5.0, total_height=104.2, y after=223.4
  [UPDATE Y] child: div, content_height=99.2, margin.bottom=5.0, total_height=104.2, y after=327.6
  [UPDATE Y] child: div, content_height=334.0, margin.bottom=0.0, total_height=334.0, y after=1031.1
[LAYOUT] Child element: div (parent: body)
  parent.content: x=20.0, y=20.0
  parent.padding: left=20.0, top=20.0
  child.margin: left=0.0, top=0.0
  y (accumulated): 1441.8
  child.content: x=20.0 (was 20.0), y=1461.8 (was 1461.8)
  [UPDATE Y] child: div, content_height=1031.1, margin.bottom=0.0, total_height=1031.1, y after=2472.8
[LAYOUT] Child element: text (parent: body)
  parent.content: x=20.0, y=20.0
  parent.padding: left=20.0, top=20.0
  child.margin: left=0.0, top=0.0
  y (accumulated): 2472.8
  child.content: x=20.0 (was 20.0), y=2492.8 (was 2492.8)
  [UPDATE Y] child: text, content_height=0.0, margin.bottom=0.0, total_height=0.0, y after=2472.8
  [UPDATE Y] child: div, content_height=79.2, margin.bottom=0.0, total_height=79.2, y after=94.2
  [UPDATE Y] child: div, content_height=79.2, margin.bottom=0.0, total_height=79.2, y after=173.4
  [UPDATE Y] child: div, content_height=79.2, margin.bottom=0.0, total_height=79.2, y after=252.6
  [UPDATE Y] child: div, content_height=79.2, margin.bottom=0.0, total_height=79.2, y after=331.8
  [UPDATE Y] child: div, content_height=79.2, margin.bottom=0.0, total_height=79.2, y after=411.0
  [UPDATE Y] child: div, content_height=79.2, margin.bottom=0.0, total_height=79.2, y after=490.2
  [UPDATE Y] child: div, content_height=79.2, margin.bottom=0.0, total_height=79.2, y after=569.4
  [UPDATE Y] child: div, content_height=79.2, margin.bottom=0.0, total_height=79.2, y after=648.6
  [UPDATE Y] child: div, content_height=697.6, margin.bottom=0.0, total_height=697.6, y after=809.7
[LAYOUT] Child element: div (parent: body)
  parent.content: x=20.0, y=20.0
  parent.padding: left=20.0, top=20.0
  child.margin: left=0.0, top=0.0
  y (accumulated): 2472.8
  child.content: x=20.0 (was 20.0), y=2492.8 (was 2492.8)
  [UPDATE Y] child: div, content_height=809.7, margin.bottom=0.0, total_height=809.7, y after=3282.5
[LAYOUT] Child element: text (parent: body)
  parent.content: x=20.0, y=20.0
  parent.padding: left=20.0, top=20.0
  child.margin: left=0.0, top=0.0
  y (accumulated): 3282.5
  child.content: x=20.0 (was 20.0), y=3302.5 (was 3302.5)
  [UPDATE Y] child: text, content_height=0.0, margin.bottom=0.0, total_height=0.0, y after=3282.5
[LAYOUT] Child element: div (parent: body)
  parent.content: x=20.0, y=20.0
  parent.padding: left=20.0, top=20.0
  child.margin: left=0.0, top=0.0
  y (accumulated): 3282.5
  child.content: x=20.0 (was 20.0), y=3302.5 (was 3302.5)
  [UPDATE Y] child: div, content_height=405.5, margin.bottom=0.0, total_height=405.5, y after=3688.0
[LAYOUT] Child element: text (parent: body)
  parent.content: x=20.0, y=20.0
  parent.padding: left=20.0, top=20.0
  child.margin: left=0.0, top=0.0
  y (accumulated): 3688.0
  child.content: x=20.0 (was 20.0), y=3708.0 (was 3708.0)
  [UPDATE Y] child: text, content_height=0.0, margin.bottom=0.0, total_height=0.0, y after=3688.0
[LAYOUT] Child element: div (parent: body)
  parent.content: x=20.0, y=20.0
  parent.padding: left=20.0, top=20.0
  child.margin: left=0.0, top=0.0
  y (accumulated): 3688.0
  child.content: x=20.0 (was 20.0), y=3708.0 (was 3708.0)
  [UPDATE Y] child: div, content_height=610.3, margin.bottom=0.0, total_height=610.3, y after=4298.4
[LAYOUT] Child element: text (parent: body)
  parent.content: x=20.0, y=20.0
  parent.padding: left=20.0, top=20.0
  child.margin: left=0.0, top=0.0
  y (accumulated): 4298.4
  child.content: x=20.0 (was 20.0), y=4318.4 (was 4318.4)
  [UPDATE Y] child: text, content_height=0.0, margin.bottom=0.0, total_height=0.0, y after=4298.4
  [UPDATE Y] child: div, content_height=117.2, margin.bottom=0.0, total_height=117.2, y after=273.9
[LAYOUT] Child element: div (parent: body)
  parent.content: x=20.0, y=20.0
  parent.padding: left=20.0, top=20.0
  child.margin: left=0.0, top=0.0
  y (accumulated): 4298.4
  child.content: x=20.0 (was 20.0), y=4318.4 (was 4318.4)
  [UPDATE Y] child: div, content_height=343.9, margin.bottom=0.0, total_height=343.9, y after=4642.3
[LAYOUT] Child element: text (parent: body)
  parent.content: x=20.0, y=20.0
  parent.padding: left=20.0, top=20.0
  child.margin: left=0.0, top=0.0
  y (accumulated): 4642.3
  child.content: x=20.0 (was 20.0), y=4662.3 (was 4662.3)
  [UPDATE Y] child: text, content_height=0.0, margin.bottom=0.0, total_height=0.0, y after=4642.3
  [UPDATE Y] child: div, content_height=71.2, margin.bottom=2.0, total_height=73.2, y after=132.4
  [UPDATE Y] child: div, content_height=160.4, margin.bottom=3.0, total_height=163.4, y after=224.6
  [UPDATE Y] child: div, content_height=258.6, margin.bottom=5.0, total_height=263.6, y after=364.1
[LAYOUT] Child element: div (parent: body)
  parent.content: x=20.0, y=20.0
  parent.padding: left=20.0, top=20.0
  child.margin: left=0.0, top=0.0
  y (accumulated): 4642.3
  child.content: x=20.0 (was 20.0), y=4662.3 (was 4662.3)
  [UPDATE Y] child: div, content_height=413.1, margin.bottom=0.0, total_height=413.1, y after=5055.4
[LAYOUT] Child element: text (parent: body)
  parent.content: x=20.0, y=20.0
  parent.padding: left=20.0, top=20.0
  child.margin: left=0.0, top=0.0
  y (accumulated): 5055.4
  child.content: x=20.0 (was 20.0), y=5075.4 (was 5075.4)
  [UPDATE Y] child: text, content_height=0.0, margin.bottom=0.0, total_height=0.0, y after=5055.4
[LAYOUT] Child element: div (parent: body)
  parent.content: x=20.0, y=20.0
  parent.padding: left=20.0, top=20.0
  child.margin: left=0.0, top=0.0
  y (accumulated): 5055.4
  child.content: x=20.0 (was 20.0), y=5075.4 (was 5075.4)
  [UPDATE Y] child: div, content_height=405.5, margin.bottom=0.0, total_height=405.5, y after=5460.9
[LAYOUT] Child element: text (parent: body)
  parent.content: x=20.0, y=20.0
  parent.padding: left=20.0, top=20.0
  child.margin: left=0.0, top=0.0
  y (accumulated): 5460.9
  child.content: x=20.0 (was 20.0), y=5480.9 (was 5480.9)
  [UPDATE Y] child: text, content_height=0.0, margin.bottom=0.0, total_height=0.0, y after=5460.9
  [UPDATE Y] child: div, content_height=222.4, margin.bottom=0.0, total_height=222.4, y after=222.4
  [UPDATE Y] child: div, content_height=91.2, margin.bottom=0.0, total_height=91.2, y after=245.4
  [UPDATE Y] child: div, content_height=294.4, margin.bottom=0.0, total_height=294.4, y after=516.8
  [UPDATE Y] child: div, content_height=516.8, margin.bottom=0.0, total_height=516.8, y after=622.3
  [UPDATE Y] child: div, content_height=115.2, margin.bottom=0.0, total_height=115.2, y after=737.5
[LAYOUT] Child element: div (parent: body)
  parent.content: x=20.0, y=20.0
  parent.padding: left=20.0, top=20.0
  child.margin: left=0.0, top=0.0
  y (accumulated): 5460.9
  child.content: x=20.0 (was 20.0), y=5480.9 (was 5480.9)
  [UPDATE Y] child: div, content_height=803.5, margin.bottom=0.0, total_height=803.5, y after=6264.4
[LAYOUT] Child element: text (parent: body)
  parent.content: x=20.0, y=20.0
  parent.padding: left=20.0, top=20.0
  child.margin: left=0.0, top=0.0
  y (accumulated): 6264.4
  child.content: x=20.0 (was 20.0), y=6284.4 (was 6284.4)
  [UPDATE Y] child: text, content_height=0.0, margin.bottom=0.0, total_height=0.0, y after=6264.4
[LAYOUT] Child element: div (parent: body)
  parent.content: x=20.0, y=20.0
  parent.padding: left=20.0, top=20.0
  child.margin: left=0.0, top=30.0
  y (accumulated): 6264.4
  child.content: x=20.0 (was 20.0), y=6314.4 (was 6314.4)
  [UPDATE Y] child: div, content_height=182.4, margin.bottom=0.0, total_height=182.4, y after=6446.8
[WIDTH DEBUG] h1: containing_block.width=1120.0, available_width=1120.0, calculated_width=1116.0
[WIDTH DEBUG] h1: containing_block.width=1086.0, available_width=1086.0, calculated_width=1086.0
[LAYOUT] Child element: h1 (parent: div)
  parent.content: x=20.0, y=111.4
  parent.padding: left=15.0, top=15.0
  child.margin: left=0.0, top=16.1
  y (accumulated): 15.0
  child.content: x=15.0 (was 15.0), y=142.5 (was 142.5)
  [UPDATE Y] child: h1, content_height=62.1, margin.bottom=16.1, total_height=78.2, y after=93.2
  [UPDATE Y] child: div, content_height=96.0, margin.bottom=0.0, total_height=96.0, y after=301.2
[WIDTH DEBUG] h1: containing_block.width=1086.0, available_width=1086.0, calculated_width=1086.0
  [UPDATE Y] child: div, content_height=59.2, margin.bottom=5.0, total_height=64.2, y after=138.2
  [UPDATE Y] child: div, content_height=59.2, margin.bottom=5.0, total_height=64.2, y after=202.4
  [UPDATE Y] child: div, content_height=59.2, margin.bottom=0.0, total_height=59.2, y after=267.8
  [UPDATE Y] child: div, content_height=99.2, margin.bottom=5.0, total_height=104.2, y after=119.2
  [UPDATE Y] child: div, content_height=99.2, margin.bottom=5.0, total_height=104.2, y after=223.4
  [UPDATE Y] child: div, content_height=99.2, margin.bottom=5.0, total_height=104.2, y after=327.6
  [UPDATE Y] child: div, content_height=99.2, margin.bottom=5.0, total_height=104.2, y after=431.8
  [UPDATE Y] child: div, content_height=99.2, margin.bottom=5.0, total_height=104.2, y after=536.0
  [UPDATE Y] child: div, content_height=585.0, margin.bottom=0.0, total_height=585.0, y after=697.1
  [UPDATE Y] child: div, content_height=99.2, margin.bottom=5.0, total_height=104.2, y after=119.2
  [UPDATE Y] child: div, content_height=99.2, margin.bottom=5.0, total_height=104.2, y after=223.4
  [UPDATE Y] child: div, content_height=99.2, margin.bottom=5.0, total_height=104.2, y after=327.6
  [UPDATE Y] child: div, content_height=334.0, margin.bottom=0.0, total_height=334.0, y after=1031.1
  [UPDATE Y] child: div, content_height=79.2, margin.bottom=0.0, total_height=79.2, y after=94.2
  [UPDATE Y] child: div, content_height=79.2, margin.bottom=0.0, total_height=79.2, y after=173.4
  [UPDATE Y] child: div, content_height=79.2, margin.bottom=0.0, total_height=79.2, y after=252.6
  [UPDATE Y] child: div, content_height=79.2, margin.bottom=0.0, total_height=79.2, y after=331.8
  [UPDATE Y] child: div, content_height=79.2, margin.bottom=0.0, total_height=79.2, y after=411.0
  [UPDATE Y] child: div, content_height=79.2, margin.bottom=0.0, total_height=79.2, y after=490.2
  [UPDATE Y] child: div, content_height=79.2, margin.bottom=0.0, total_height=79.2, y after=569.4
  [UPDATE Y] child: div, content_height=79.2, margin.bottom=0.0, total_height=79.2, y after=648.6
  [UPDATE Y] child: div, content_height=697.6, margin.bottom=0.0, total_height=697.6, y after=809.7
  [UPDATE Y] child: div, content_height=117.2, margin.bottom=0.0, total_height=117.2, y after=273.9
  [UPDATE Y] child: div, content_height=71.2, margin.bottom=2.0, total_height=73.2, y after=132.4
  [UPDATE Y] child: div, content_height=160.4, margin.bottom=3.0, total_height=163.4, y after=224.6
  [UPDATE Y] child: div, content_height=258.6, margin.bottom=5.0, total_height=263.6, y after=364.1
  [UPDATE Y] child: div, content_height=71.2, margin.bottom=2.0, total_height=73.2, y after=132.4
  [UPDATE Y] child: div, content_height=160.4, margin.bottom=3.0, total_height=163.4, y after=224.6
  [UPDATE Y] child: div, content_height=71.2, margin.bottom=2.0, total_height=73.2, y after=132.4
  [UPDATE Y] child: div, content_height=222.4, margin.bottom=0.0, total_height=222.4, y after=222.4
  [UPDATE Y] child: div, content_height=91.2, margin.bottom=0.0, total_height=91.2, y after=245.4
  [UPDATE Y] child: div, content_height=294.4, margin.bottom=0.0, total_height=294.4, y after=516.8
  [UPDATE Y] child: div, content_height=516.8, margin.bottom=0.0, total_height=516.8, y after=622.3
  [UPDATE Y] child: div, content_height=115.2, margin.bottom=0.0, total_height=115.2, y after=737.5

=== Element Layout Info ===
Tag: html

Box Model:
  Margin: top=0.00, right=0.00, bottom=0.00, left=0.00
  Border: top=0.00, right=0.00, bottom=0.00, left=0.00
  Padding: top=0.00, right=0.00, bottom=0.00, left=0.00
  Content: x=0.00, y=0.00, width=1200.00, height=6586.84
  Total Size: width=1200.00, height=6586.84
  Actual Position (content box): x=0.00, y=0.00
  Position (with margin): x=0.00, y=0.00

Computed Styles:
  display: block
==========================


=== Element Layout Info ===
Tag: body

Box Model:
  Margin: top=0.00, right=0.00, bottom=0.00, left=0.00
  Border: top=0.00, right=0.00, bottom=0.00, left=0.00
  Padding: top=20.00, right=20.00, bottom=20.00, left=20.00
  Content: x=0.00, y=0.00, width=1160.00, height=6546.84
  Total Size: width=1200.00, height=6586.84
  Actual Position (content box): x=0.00, y=0.00
  Position (with margin): x=0.00, y=0.00

Computed Styles:
  display: block
==========================


=== Element Layout Info ===
Tag: h1

Box Model:
  Margin: top=21.44, right=0.00, bottom=21.44, left=0.00
  Border: top=2.00, right=2.00, bottom=2.00, left=2.00
  Padding: top=0.00, right=0.00, bottom=0.00, left=0.00
  Content: x=20.00, y=61.44, width=1116.00, height=46.00
  Total Size: width=1120.00, height=50.00
  Actual Position (content box): x=20.00, y=61.44
  Position (with margin): x=20.00, y=40.00

Computed Styles:
  display: block
==========================

[FONT] font-size parsed: 32.0px
[FONT] font-size parsed: 32.0px
[STYLE] h1 font-size parsed: 32.0px
[STYLE] p font-size parsed: 32.0px
[LAYOUT] Element: html, is_root: true
  margin: top=0.0, right=0.0, bottom=0.0, left=0.0
  padding: top=0.0, right=0.0, bottom=0.0, left=0.0
  content: x=0.0, y=0.0, width=1200.0, height=0.0
  containing_block: width=1200.0, height=800.0
[LAYOUT] Root element (html) position set to (0, 0)
[LAYOUT] Element: body, is_root: false
  margin: top=0.0, right=0.0, bottom=0.0, left=0.0
  padding: top=20.0, right=20.0, bottom=20.0, left=20.0
  content: x=0.0, y=0.0, width=1160.0, height=0.0
  containing_block: width=1200.0, height=800.0
[LAYOUT] Body element position set: x=0.0, y=0.0 (margin: left=0.0, top=0.0)
[LAYOUT] Element: html, is_root: false
  margin: top=0.0, right=0.0, bottom=0.0, left=0.0
  padding: top=0.0, right=0.0, bottom=0.0, left=0.0
  content: x=0.0, y=0.0, width=1160.0, height=0.0
  containing_block: width=1160.0, height=800.0
[LAYOUT] Element: body, is_root: false
  margin: top=0.0, right=0.0, bottom=0.0, left=0.0
  padding: top=20.0, right=20.0, bottom=20.0, left=20.0
  content: x=0.0, y=0.0, width=1120.0, height=0.0
  containing_block: width=1160.0, height=800.0
[LAYOUT] Body element position set: x=0.0, y=0.0 (margin: left=0.0, top=0.0)
[CONTAINING BLOCK] body.content.width=1120.0, child_containing_block.width=1120.0
[WIDTH DEBUG] h1: containing_block.width=1120.0, available_width=1120.0, calculated_width=1120.0
  [TEXT HEIGHT] text: "ZBrowser功能测试...", font_size=32.0, line_height=46.0, height=46.0
[LAYOUT] Child element: h1 (parent: body)
  parent.content: x=0.0, y=0.0
  parent.padding: left=20.0, top=20.0
  child.margin: left=0.0, top=21.4
  y (accumulated): 20.0
  child.content: x=20.0 (was 0.0), y=41.4 (was 0.0)
  [UPDATE Y] child: h1, content_height=50.0, margin.bottom=21.4, total_height=71.4, y after=91.4
[LAYOUT] Child element: text (parent: body)
  parent.content: x=0.0, y=0.0
  parent.padding: left=20.0, top=20.0
  child.margin: left=0.0, top=0.0
  y (accumulated): 91.4
  child.content: x=20.0 (was 0.0), y=91.4 (was 0.0)
  [UPDATE Y] child: text, content_height=0.0, margin.bottom=0.0, total_height=0.0, y after=91.4
[WIDTH DEBUG] h1: containing_block.width=1086.0, available_width=1086.0, calculated_width=1086.0
  [TEXT HEIGHT] text: "块级布局测试...", font_size=32.0, line_height=46.0, height=46.0
[LAYOUT] Child element: h1 (parent: div)
  parent.content: x=0.0, y=0.0
  parent.padding: left=15.0, top=15.0
  child.margin: left=0.0, top=16.1
  y (accumulated): 15.0
  child.content: x=15.0 (was 0.0), y=31.1 (was 0.0)
  [UPDATE Y] child: h1, content_height=62.1, margin.bottom=16.1, total_height=78.2, y after=93.2
  [TEXT HEIGHT] text: "这是一个块级�...", font_size=16.0, line_height=24.0, height=24.0
  [TEXT HEIGHT] text: "这是另一个段�...", font_size=16.0, line_height=24.0, height=24.0
  [TEXT HEIGHT] text: "嵌套的div块级�...", font_size=16.0, line_height=24.0, height=24.0
  [UPDATE Y] child: div, content_height=96.0, margin.bottom=0.0, total_height=96.0, y after=301.2
[LAYOUT] Child element: div (parent: body)
  parent.content: x=0.0, y=0.0
  parent.padding: left=20.0, top=20.0
  child.margin: left=0.0, top=0.0
  y (accumulated): 91.4
  child.content: x=20.0 (was 0.0), y=91.4 (was 0.0)
  [UPDATE Y] child: div, content_height=350.2, margin.bottom=0.0, total_height=350.2, y after=441.6
[LAYOUT] Child element: text (parent: body)
  parent.content: x=0.0, y=0.0
  parent.padding: left=20.0, top=20.0
  child.margin: left=0.0, top=0.0
  y (accumulated): 441.6
  child.content: x=20.0 (was 0.0), y=441.6 (was 0.0)
  [UPDATE Y] child: text, content_height=0.0, margin.bottom=0.0, total_height=0.0, y after=441.6
  [TEXT HEIGHT] text: "
      这是行内�...", font_size=16.0, line_height=19.2, height=19.2
  [TEXT HEIGHT] text: "行内元素不会�...", font_size=16.0, line_height=19.2, height=19.2
[LAYOUT] Child element: div (parent: body)
  parent.content: x=0.0, y=0.0
  parent.padding: left=20.0, top=20.0
  child.margin: left=0.0, top=0.0
  y (accumulated): 441.6
  child.content: x=20.0 (was 0.0), y=441.6 (was 0.0)
  [UPDATE Y] child: div, content_height=329.4, margin.bottom=0.0, total_height=329.4, y after=771.0
[LAYOUT] Child element: text (parent: body)
  parent.content: x=0.0, y=0.0
  parent.padding: left=20.0, top=20.0
  child.margin: left=0.0, top=0.0
  y (accumulated): 771.0
  child.content: x=20.0 (was 0.0), y=771.0 (was 0.0)
  [UPDATE Y] child: text, content_height=0.0, margin.bottom=0.0, total_height=0.0, y after=771.0
  [UPDATE Y] child: div, content_height=59.2, margin.bottom=5.0, total_height=64.2, y after=138.2
  [UPDATE Y] child: div, content_height=59.2, margin.bottom=5.0, total_height=64.2, y after=202.4
[LAYOUT] Child element: div (parent: body)
  parent.content: x=0.0, y=0.0
  parent.padding: left=20.0, top=20.0
  child.margin: left=0.0, top=0.0
  y (accumulated): 771.0
  child.content: x=20.0 (was 0.0), y=771.0 (was 0.0)
  [UPDATE Y] child: div, content_height=334.0, margin.bottom=0.0, total_height=334.0, y after=1105.0
[LAYOUT] Child element: text (parent: body)
  parent.content: x=0.0, y=0.0
  parent.padding: left=20.0, top=20.0
  child.margin: left=0.0, top=0.0
  y (accumulated): 1105.0
  child.content: x=20.0 (was 0.0), y=1105.0 (was 0.0)
  [UPDATE Y] child: text, content_height=0.0, margin.bottom=0.0, total_height=0.0, y after=1105.0
  [TEXT HEIGHT] text: "左浮动元素...", font_size=16.0, line_height=19.2, height=19.2
  [TEXT HEIGHT] text: "这个元素会浮�...", font_size=16.0, line_height=19.2, height=19.2
  [TEXT HEIGHT] text: "右浮动元素...", font_size=16.0, line_height=19.2, height=19.2
  [TEXT HEIGHT] text: "这个元素会浮�...", font_size=16.0, line_height=19.2, height=19.2
  [TEXT HEIGHT] text: "这是正常流中�...", font_size=16.0, line_height=19.2, height=19.2
  [UPDATE Y] child: div, content_height=59.2, margin.bottom=0.0, total_height=59.2, y after=287.8
[LAYOUT] Child element: div (parent: body)
  parent.content: x=0.0, y=0.0
  parent.padding: left=20.0, top=20.0
  child.margin: left=0.0, top=0.0
  y (accumulated): 1105.0
  child.content: x=20.0 (was 0.0), y=1105.0 (was 0.0)
  [UPDATE Y] child: div, content_height=336.8, margin.bottom=0.0, total_height=336.8, y after=1441.8
[LAYOUT] Child element: text (parent: body)
  parent.content: x=0.0, y=0.0
  parent.padding: left=20.0, top=20.0
  child.margin: left=0.0, top=0.0
  y (accumulated): 1441.8
  child.content: x=20.0 (was 0.0), y=1441.8 (was 0.0)
  [UPDATE Y] child: text, content_height=0.0, margin.bottom=0.0, total_height=0.0, y after=1441.8
  [UPDATE Y] child: div, content_height=99.2, margin.bottom=5.0, total_height=104.2, y after=119.2
  [UPDATE Y] child: div, content_height=99.2, margin.bottom=5.0, total_height=104.2, y after=223.4
  [UPDATE Y] child: div, content_height=99.2, margin.bottom=5.0, total_height=104.2, y after=327.6
  [UPDATE Y] child: div, content_height=99.2, margin.bottom=5.0, total_height=104.2, y after=431.8
  [UPDATE Y] child: div, content_height=99.2, margin.bottom=5.0, total_height=104.2, y after=536.0
  [UPDATE Y] child: div, content_height=585.0, margin.bottom=0.0, total_height=585.0, y after=697.1
  [UPDATE Y] child: div, content_height=99.2, margin.bottom=5.0, total_height=104.2, y after=119.2
  [UPDATE Y] child: div, content_height=99.2, margin.bottom=5.0, total_height=104.2, y after=223.4
  [UPDATE Y] child: div, content_height=99.2, margin.bottom=5.0, total_height=104.2, y after=327.6
  [UPDATE Y] child: div, content_height=334.0, margin.bottom=0.0, total_height=334.0, y after=1031.1
[LAYOUT] Child element: div (parent: body)
  parent.content: x=0.0, y=0.0
  parent.padding: left=20.0, top=20.0
  child.margin: left=0.0, top=0.0
  y (accumulated): 1441.8
  child.content: x=20.0 (was 0.0), y=1441.8 (was 0.0)
  [UPDATE Y] child: div, content_height=1031.1, margin.bottom=0.0, total_height=1031.1, y after=2472.8
[LAYOUT] Child element: text (parent: body)
  parent.content: x=0.0, y=0.0
  parent.padding: left=20.0, top=20.0
  child.margin: left=0.0, top=0.0
  y (accumulated): 2472.8
  child.content: x=20.0 (was 0.0), y=2472.8 (was 0.0)
  [UPDATE Y] child: text, content_height=0.0, margin.bottom=0.0, total_height=0.0, y after=2472.8
  [UPDATE Y] child: div, content_height=79.2, margin.bottom=0.0, total_height=79.2, y after=94.2
  [UPDATE Y] child: div, content_height=79.2, margin.bottom=0.0, total_height=79.2, y after=173.4
  [UPDATE Y] child: div, content_height=79.2, margin.bottom=0.0, total_height=79.2, y after=252.6
  [UPDATE Y] child: div, content_height=79.2, margin.bottom=0.0, total_height=79.2, y after=331.8
  [UPDATE Y] child: div, content_height=79.2, margin.bottom=0.0, total_height=79.2, y after=411.0
  [UPDATE Y] child: div, content_height=79.2, margin.bottom=0.0, total_height=79.2, y after=490.2
  [UPDATE Y] child: div, content_height=79.2, margin.bottom=0.0, total_height=79.2, y after=569.4
  [UPDATE Y] child: div, content_height=79.2, margin.bottom=0.0, total_height=79.2, y after=648.6
  [UPDATE Y] child: div, content_height=697.6, margin.bottom=0.0, total_height=697.6, y after=809.7
[LAYOUT] Child element: div (parent: body)
  parent.content: x=0.0, y=0.0
  parent.padding: left=20.0, top=20.0
  child.margin: left=0.0, top=0.0
  y (accumulated): 2472.8
  child.content: x=20.0 (was 0.0), y=2472.8 (was 0.0)
  [UPDATE Y] child: div, content_height=809.7, margin.bottom=0.0, total_height=809.7, y after=3282.5
[LAYOUT] Child element: text (parent: body)
  parent.content: x=0.0, y=0.0
  parent.padding: left=20.0, top=20.0
  child.margin: left=0.0, top=0.0
  y (accumulated): 3282.5
  child.content: x=20.0 (was 0.0), y=3282.5 (was 0.0)
  [UPDATE Y] child: text, content_height=0.0, margin.bottom=0.0, total_height=0.0, y after=3282.5
  [TEXT HEIGHT] text: "大号文本（32px�...", font_size=16.0, line_height=19.2, height=19.2
  [TEXT HEIGHT] text: "中等文本（20px�...", font_size=16.0, line_height=19.2, height=19.2
  [TEXT HEIGHT] text: "小号文本（12px�...", font_size=16.0, line_height=19.2, height=19.2
  [TEXT HEIGHT] text: "下划线文本...", font_size=16.0, line_height=19.2, height=19.2
  [TEXT HEIGHT] text: "删除线文本...", font_size=16.0, line_height=19.2, height=19.2
[LAYOUT] Child element: div (parent: body)
  parent.content: x=0.0, y=0.0
  parent.padding: left=20.0, top=20.0
  child.margin: left=0.0, top=0.0
  y (accumulated): 3282.5
  child.content: x=20.0 (was 0.0), y=3282.5 (was 0.0)
  [UPDATE Y] child: div, content_height=405.5, margin.bottom=0.0, total_height=405.5, y after=3688.0
[LAYOUT] Child element: text (parent: body)
  parent.content: x=0.0, y=0.0
  parent.padding: left=20.0, top=20.0
  child.margin: left=0.0, top=0.0
  y (accumulated): 3688.0
  child.content: x=20.0 (was 0.0), y=3688.0 (was 0.0)
  [UPDATE Y] child: text, content_height=0.0, margin.bottom=0.0, total_height=0.0, y after=3688.0
  [TEXT HEIGHT] text: "这是一个测试�...", font_size=16.0, line_height=25.6, height=25.6
  [TEXT HEIGHT] text: "這是一個測試�...", font_size=16.0, line_height=25.6, height=25.6
  [TEXT HEIGHT] text: "これはテスト�...", font_size=16.0, line_height=25.6, height=25.6
  [TEXT HEIGHT] text: "이것은 테스트 ...", font_size=16.0, line_height=25.6, height=25.6
  [TEXT HEIGHT] text: "This is a test page ...", font_size=16.0, line_height=25.6, height=25.6
  [TEXT HEIGHT] text: "混合文本 Mixed T...", font_size=16.0, line_height=25.6, height=25.6
[LAYOUT] Child element: div (parent: body)
  parent.content: x=0.0, y=0.0
  parent.padding: left=20.0, top=20.0
  child.margin: left=0.0, top=0.0
  y (accumulated): 3688.0
  child.content: x=20.0 (was 0.0), y=3688.0 (was 0.0)
  [UPDATE Y] child: div, content_height=610.3, margin.bottom=0.0, total_height=610.3, y after=4298.4
[LAYOUT] Child element: text (parent: body)
  parent.content: x=0.0, y=0.0
  parent.padding: left=20.0, top=20.0
  child.margin: left=0.0, top=0.0
  y (accumulated): 4298.4
  child.content: x=20.0 (was 0.0), y=4298.4 (was 0.0)
  [UPDATE Y] child: text, content_height=0.0, margin.bottom=0.0, total_height=0.0, y after=4298.4
  [TEXT HEIGHT] text: "这个区域有实�...", font_size=16.0, line_height=19.2, height=19.2
  [TEXT HEIGHT] text: "这个区域有虚�...", font_size=16.0, line_height=19.2, height=19.2
  [UPDATE Y] child: div, content_height=117.2, margin.bottom=0.0, total_height=117.2, y after=273.9
[LAYOUT] Child element: div (parent: body)
  parent.content: x=0.0, y=0.0
  parent.padding: left=20.0, top=20.0
  child.margin: left=0.0, top=0.0
  y (accumulated): 4298.4
  child.content: x=20.0 (was 0.0), y=4298.4 (was 0.0)
  [UPDATE Y] child: div, content_height=343.9, margin.bottom=0.0, total_height=343.9, y after=4642.3
[LAYOUT] Child element: text (parent: body)
  parent.content: x=0.0, y=0.0
  parent.padding: left=20.0, top=20.0
  child.margin: left=0.0, top=0.0
  y (accumulated): 4642.3
  child.content: x=20.0 (was 0.0), y=4642.3 (was 0.0)
  [UPDATE Y] child: text, content_height=0.0, margin.bottom=0.0, total_height=0.0, y after=4642.3
  [TEXT HEIGHT] text: "第一层嵌套...", font_size=16.0, line_height=19.2, height=19.2
  [TEXT HEIGHT] text: "第二层嵌套...", font_size=16.0, line_height=19.2, height=19.2
  [TEXT HEIGHT] text: "第三层嵌套...", font_size=16.0, line_height=19.2, height=19.2
  [UPDATE Y] child: div, content_height=71.2, margin.bottom=2.0, total_height=73.2, y after=132.4
  [UPDATE Y] child: div, content_height=160.4, margin.bottom=3.0, total_height=163.4, y after=224.6
  [UPDATE Y] child: div, content_height=258.6, margin.bottom=5.0, total_height=263.6, y after=364.1
[LAYOUT] Child element: div (parent: body)
  parent.content: x=0.0, y=0.0
  parent.padding: left=20.0, top=20.0
  child.margin: left=0.0, top=0.0
  y (accumulated): 4642.3
  child.content: x=20.0 (was 0.0), y=4642.3 (was 0.0)
  [UPDATE Y] child: div, content_height=413.1, margin.bottom=0.0, total_height=413.1, y after=5055.4
[LAYOUT] Child element: text (parent: body)
  parent.content: x=0.0, y=0.0
  parent.padding: left=20.0, top=20.0
  child.margin: left=0.0, top=0.0
  y (accumulated): 5055.4
  child.content: x=20.0 (was 0.0), y=5055.4 (was 0.0)
  [UPDATE Y] child: text, content_height=0.0, margin.bottom=0.0, total_height=0.0, y after=5055.4
  [TEXT HEIGHT] text: "HTML实体：<div> &...", font_size=16.0, line_height=19.2, height=19.2
  [TEXT HEIGHT] text: "Unicode字符：© �...", font_size=16.0, line_height=19.2, height=19.2
  [TEXT HEIGHT] text: "数学符号：∑ �...", font_size=16.0, line_height=19.2, height=19.2
  [TEXT HEIGHT] text: "箭头符号：← �...", font_size=16.0, line_height=19.2, height=19.2
  [TEXT HEIGHT] text: "Emoji：😀 😃 �...", font_size=16.0, line_height=19.2, height=19.2
[LAYOUT] Child element: div (parent: body)
  parent.content: x=0.0, y=0.0
  parent.padding: left=20.0, top=20.0
  child.margin: left=0.0, top=0.0
  y (accumulated): 5055.4
  child.content: x=20.0 (was 0.0), y=5055.4 (was 0.0)
  [UPDATE Y] child: div, content_height=405.5, margin.bottom=0.0, total_height=405.5, y after=5460.9
[LAYOUT] Child element: text (parent: body)
  parent.content: x=0.0, y=0.0
  parent.padding: left=20.0, top=20.0
  child.margin: left=0.0, top=0.0
  y (accumulated): 5460.9
  child.content: x=20.0 (was 0.0), y=5460.9 (was 0.0)
  [UPDATE Y] child: text, content_height=0.0, margin.bottom=0.0, total_height=0.0, y after=5460.9
  [TEXT HEIGHT] text: "包含块级和行�...", font_size=16.0, line_height=19.2, height=19.2
  [UPDATE Y] child: div, content_height=222.4, margin.bottom=0.0, total_height=222.4, y after=222.4
  [TEXT HEIGHT] text: "另一个Flex子项�...", font_size=16.0, line_height=19.2, height=19.2
  [TEXT HEIGHT] text: "嵌套的div...", font_size=16.0, line_height=19.2, height=19.2
  [UPDATE Y] child: div, content_height=91.2, margin.bottom=0.0, total_height=91.2, y after=245.4
  [UPDATE Y] child: div, content_height=294.4, margin.bottom=0.0, total_height=294.4, y after=516.8
  [UPDATE Y] child: div, content_height=516.8, margin.bottom=0.0, total_height=516.8, y after=622.3
  [TEXT HEIGHT] text: "相对定位容器...", font_size=16.0, line_height=19.2, height=19.2
  [UPDATE Y] child: div, content_height=115.2, margin.bottom=0.0, total_height=115.2, y after=737.5
[LAYOUT] Child element: div (parent: body)
  parent.content: x=0.0, y=0.0
  parent.padding: left=20.0, top=20.0
  child.margin: left=0.0, top=0.0
  y (accumulated): 5460.9
  child.content: x=20.0 (was 0.0), y=5460.9 (was 0.0)
  [UPDATE Y] child: div, content_height=803.5, margin.bottom=0.0, total_height=803.5, y after=6264.4
[LAYOUT] Child element: text (parent: body)
  parent.content: x=0.0, y=0.0
  parent.padding: left=20.0, top=20.0
  child.margin: left=0.0, top=0.0
  y (accumulated): 6264.4
  child.content: x=20.0 (was 0.0), y=6264.4 (was 0.0)
  [UPDATE Y] child: text, content_height=0.0, margin.bottom=0.0, total_height=0.0, y after=6264.4
  [TEXT HEIGHT] text: "ZBrowser功能测试...", font_size=16.0, line_height=19.2, height=19.2
  [TEXT HEIGHT] text: "包含：块级布�...", font_size=16.0, line_height=19.2, height=19.2
[LAYOUT] Child element: div (parent: body)
  parent.content: x=0.0, y=0.0
  parent.padding: left=20.0, top=20.0
  child.margin: left=0.0, top=30.0
  y (accumulated): 6264.4
  child.content: x=20.0 (was 0.0), y=6294.4 (was 0.0)
  [UPDATE Y] child: div, content_height=182.4, margin.bottom=0.0, total_height=182.4, y after=6446.8
[LAYOUT] Child element: body (parent: html)
  parent.content: x=0.0, y=0.0
  parent.padding: left=0.0, top=0.0
  child.margin: left=0.0, top=0.0
  y (accumulated): 0.0
  child.content: x=0.0 (was 0.0), y=0.0 (was 0.0)
  [UPDATE Y] child: body, content_height=6506.8, margin.bottom=0.0, total_height=6506.8, y after=6506.8
[LAYOUT] Child element: !DOCTYPE (parent: body)
  parent.content: x=0.0, y=0.0
  parent.padding: left=20.0, top=20.0
  child.margin: left=0.0, top=0.0
  y (accumulated): 20.0
  child.content: x=20.0 (was 0.0), y=20.0 (was 0.0)
  [UPDATE Y] child: !DOCTYPE, content_height=6506.8, margin.bottom=0.0, total_height=6506.8, y after=6526.8
[LAYOUT] Child element: body (parent: html)
  parent.content: x=0.0, y=0.0
  parent.padding: left=0.0, top=0.0
  child.margin: left=0.0, top=0.0
  y (accumulated): 0.0
  child.content: x=0.0 (was 0.0), y=0.0 (was 0.0)
  [UPDATE Y] child: body, content_height=6586.8, margin.bottom=0.0, total_height=6586.8, y after=6586.8
[LAYOUT] Element: body, is_root: false
  margin: top=0.0, right=0.0, bottom=0.0, left=0.0
  padding: top=20.0, right=20.0, bottom=20.0, left=20.0
  content: x=0.0, y=0.0, width=1160.0, height=6546.8
  containing_block: width=1200.0, height=6586.8
[LAYOUT] Body element position set: x=0.0, y=0.0 (margin: left=0.0, top=0.0)
[LAYOUT] Element: html, is_root: false
  margin: top=0.0, right=0.0, bottom=0.0, left=0.0
  padding: top=0.0, right=0.0, bottom=0.0, left=0.0
  content: x=0.0, y=0.0, width=1160.0, height=6506.8
  containing_block: width=1160.0, height=6586.8
[LAYOUT] Element: body, is_root: false
  margin: top=0.0, right=0.0, bottom=0.0, left=0.0
  padding: top=20.0, right=20.0, bottom=20.0, left=20.0
  content: x=0.0, y=0.0, width=1120.0, height=6466.8
  containing_block: width=1160.0, height=6586.8
[LAYOUT] Body element position set: x=0.0, y=0.0 (margin: left=0.0, top=0.0)
[CONTAINING BLOCK] body.content.width=1120.0, child_containing_block.width=1120.0
[WIDTH DEBUG] h1: containing_block.width=1120.0, available_width=1120.0, calculated_width=1116.0
[LAYOUT] Child element: h1 (parent: body)
  parent.content: x=0.0, y=0.0
  parent.padding: left=20.0, top=20.0
  child.margin: left=0.0, top=21.4
  y (accumulated): 20.0
  child.content: x=20.0 (was 20.0), y=41.4 (was 41.4)
  [UPDATE Y] child: h1, content_height=50.0, margin.bottom=21.4, total_height=71.4, y after=91.4
[LAYOUT] Child element: text (parent: body)
  parent.content: x=0.0, y=0.0
  parent.padding: left=20.0, top=20.0
  child.margin: left=0.0, top=0.0
  y (accumulated): 91.4
  child.content: x=20.0 (was 20.0), y=91.4 (was 91.4)
  [UPDATE Y] child: text, content_height=0.0, margin.bottom=0.0, total_height=0.0, y after=91.4
[WIDTH DEBUG] h1: containing_block.width=1086.0, available_width=1086.0, calculated_width=1086.0
[LAYOUT] Child element: h1 (parent: div)
  parent.content: x=20.0, y=91.4
  parent.padding: left=15.0, top=15.0
  child.margin: left=0.0, top=16.1
  y (accumulated): 15.0
  child.content: x=15.0 (was 15.0), y=122.5 (was 31.1)
  [UPDATE Y] child: h1, content_height=62.1, margin.bottom=16.1, total_height=78.2, y after=93.2
  [UPDATE Y] child: div, content_height=96.0, margin.bottom=0.0, total_height=96.0, y after=301.2
[LAYOUT] Child element: div (parent: body)
  parent.content: x=0.0, y=0.0
  parent.padding: left=20.0, top=20.0
  child.margin: left=0.0, top=0.0
  y (accumulated): 91.4
  child.content: x=20.0 (was 20.0), y=91.4 (was 91.4)
  [UPDATE Y] child: div, content_height=350.2, margin.bottom=0.0, total_height=350.2, y after=441.6
[LAYOUT] Child element: text (parent: body)
  parent.content: x=0.0, y=0.0
  parent.padding: left=20.0, top=20.0
  child.margin: left=0.0, top=0.0
  y (accumulated): 441.6
  child.content: x=20.0 (was 20.0), y=441.6 (was 441.6)
  [UPDATE Y] child: text, content_height=0.0, margin.bottom=0.0, total_height=0.0, y after=441.6
[LAYOUT] Child element: div (parent: body)
  parent.content: x=0.0, y=0.0
  parent.padding: left=20.0, top=20.0
  child.margin: left=0.0, top=0.0
  y (accumulated): 441.6
  child.content: x=20.0 (was 20.0), y=441.6 (was 441.6)
  [UPDATE Y] child: div, content_height=329.4, margin.bottom=0.0, total_height=329.4, y after=771.0
[LAYOUT] Child element: text (parent: body)
  parent.content: x=0.0, y=0.0
  parent.padding: left=20.0, top=20.0
  child.margin: left=0.0, top=0.0
  y (accumulated): 771.0
  child.content: x=20.0 (was 20.0), y=771.0 (was 771.0)
  [UPDATE Y] child: text, content_height=0.0, margin.bottom=0.0, total_height=0.0, y after=771.0
  [UPDATE Y] child: div, content_height=59.2, margin.bottom=5.0, total_height=64.2, y after=138.2
  [UPDATE Y] child: div, content_height=59.2, margin.bottom=5.0, total_height=64.2, y after=202.4
[LAYOUT] Child element: div (parent: body)
  parent.content: x=0.0, y=0.0
  parent.padding: left=20.0, top=20.0
  child.margin: left=0.0, top=0.0
  y (accumulated): 771.0
  child.content: x=20.0 (was 20.0), y=771.0 (was 771.0)
  [UPDATE Y] child: div, content_height=334.0, margin.bottom=0.0, total_height=334.0, y after=1105.0
[LAYOUT] Child element: text (parent: body)
  parent.content: x=0.0, y=0.0
  parent.padding: left=20.0, top=20.0
  child.margin: left=0.0, top=0.0
  y (accumulated): 1105.0
  child.content: x=20.0 (was 20.0), y=1105.0 (was 1105.0)
  [UPDATE Y] child: text, content_height=0.0, margin.bottom=0.0, total_height=0.0, y after=1105.0
  [UPDATE Y] child: div, content_height=59.2, margin.bottom=0.0, total_height=59.2, y after=287.8
[LAYOUT] Child element: div (parent: body)
  parent.content: x=0.0, y=0.0
  parent.padding: left=20.0, top=20.0
  child.margin: left=0.0, top=0.0
  y (accumulated): 1105.0
  child.content: x=20.0 (was 20.0), y=1105.0 (was 1105.0)
  [UPDATE Y] child: div, content_height=336.8, margin.bottom=0.0, total_height=336.8, y after=1441.8
[LAYOUT] Child element: text (parent: body)
  parent.content: x=0.0, y=0.0
  parent.padding: left=20.0, top=20.0
  child.margin: left=0.0, top=0.0
  y (accumulated): 1441.8
  child.content: x=20.0 (was 20.0), y=1441.8 (was 1441.8)
  [UPDATE Y] child: text, content_height=0.0, margin.bottom=0.0, total_height=0.0, y after=1441.8
  [UPDATE Y] child: div, content_height=99.2, margin.bottom=5.0, total_height=104.2, y after=119.2
  [UPDATE Y] child: div, content_height=99.2, margin.bottom=5.0, total_height=104.2, y after=223.4
  [UPDATE Y] child: div, content_height=99.2, margin.bottom=5.0, total_height=104.2, y after=327.6
  [UPDATE Y] child: div, content_height=99.2, margin.bottom=5.0, total_height=104.2, y after=431.8
  [UPDATE Y] child: div, content_height=99.2, margin.bottom=5.0, total_height=104.2, y after=536.0
  [UPDATE Y] child: div, content_height=585.0, margin.bottom=0.0, total_height=585.0, y after=697.1
  [UPDATE Y] child: div, content_height=99.2, margin.bottom=5.0, total_height=104.2, y after=119.2
  [UPDATE Y] child: div, content_height=99.2, margin.bottom=5.0, total_height=104.2, y after=223.4
  [UPDATE Y] child: div, content_height=99.2, margin.bottom=5.0, total_height=104.2, y after=327.6
  [UPDATE Y] child: div, content_height=334.0, margin.bottom=0.0, total_height=334.0, y after=1031.1
[LAYOUT] Child element: div (parent: body)
  parent.content: x=0.0, y=0.0
  parent.padding: left=20.0, top=20.0
  child.margin: left=0.0, top=0.0
  y (accumulated): 1441.8
  child.content: x=20.0 (was 20.0), y=1441.8 (was 1441.8)
  [UPDATE Y] child: div, content_height=1031.1, margin.bottom=0.0, total_height=1031.1, y after=2472.8
[LAYOUT] Child element: text (parent: body)
  parent.content: x=0.0, y=0.0
  parent.padding: left=20.0, top=20.0
  child.margin: left=0.0, top=0.0
  y (accumulated): 2472.8
  child.content: x=20.0 (was 20.0), y=2472.8 (was 2472.8)
  [UPDATE Y] child: text, content_height=0.0, margin.bottom=0.0, total_height=0.0, y after=2472.8
  [UPDATE Y] child: div, content_height=79.2, margin.bottom=0.0, total_height=79.2, y after=94.2
  [UPDATE Y] child: div, content_height=79.2, margin.bottom=0.0, total_height=79.2, y after=173.4
  [UPDATE Y] child: div, content_height=79.2, margin.bottom=0.0, total_height=79.2, y after=252.6
  [UPDATE Y] child: div, content_height=79.2, margin.bottom=0.0, total_height=79.2, y after=331.8
  [UPDATE Y] child: div, content_height=79.2, margin.bottom=0.0, total_height=79.2, y after=411.0
  [UPDATE Y] child: div, content_height=79.2, margin.bottom=0.0, total_height=79.2, y after=490.2
  [UPDATE Y] child: div, content_height=79.2, margin.bottom=0.0, total_height=79.2, y after=569.4
  [UPDATE Y] child: div, content_height=79.2, margin.bottom=0.0, total_height=79.2, y after=648.6
  [UPDATE Y] child: div, content_height=697.6, margin.bottom=0.0, total_height=697.6, y after=809.7
[LAYOUT] Child element: div (parent: body)
  parent.content: x=0.0, y=0.0
  parent.padding: left=20.0, top=20.0
  child.margin: left=0.0, top=0.0
  y (accumulated): 2472.8
  child.content: x=20.0 (was 20.0), y=2472.8 (was 2472.8)
  [UPDATE Y] child: div, content_height=809.7, margin.bottom=0.0, total_height=809.7, y after=3282.5
[LAYOUT] Child element: text (parent: body)
  parent.content: x=0.0, y=0.0
  parent.padding: left=20.0, top=20.0
  child.margin: left=0.0, top=0.0
  y (accumulated): 3282.5
  child.content: x=20.0 (was 20.0), y=3282.5 (was 3282.5)
  [UPDATE Y] child: text, content_height=0.0, margin.bottom=0.0, total_height=0.0, y after=3282.5
[LAYOUT] Child element: div (parent: body)
  parent.content: x=0.0, y=0.0
  parent.padding: left=20.0, top=20.0
  child.margin: left=0.0, top=0.0
  y (accumulated): 3282.5
  child.content: x=20.0 (was 20.0), y=3282.5 (was 3282.5)
  [UPDATE Y] child: div, content_height=405.5, margin.bottom=0.0, total_height=405.5, y after=3688.0
[LAYOUT] Child element: text (parent: body)
  parent.content: x=0.0, y=0.0
  parent.padding: left=20.0, top=20.0
  child.margin: left=0.0, top=0.0
  y (accumulated): 3688.0
  child.content: x=20.0 (was 20.0), y=3688.0 (was 3688.0)
  [UPDATE Y] child: text, content_height=0.0, margin.bottom=0.0, total_height=0.0, y after=3688.0
[LAYOUT] Child element: div (parent: body)
  parent.content: x=0.0, y=0.0
  parent.padding: left=20.0, top=20.0
  child.margin: left=0.0, top=0.0
  y (accumulated): 3688.0
  child.content: x=20.0 (was 20.0), y=3688.0 (was 3688.0)
  [UPDATE Y] child: div, content_height=610.3, margin.bottom=0.0, total_height=610.3, y after=4298.4
[LAYOUT] Child element: text (parent: body)
  parent.content: x=0.0, y=0.0
  parent.padding: left=20.0, top=20.0
  child.margin: left=0.0, top=0.0
  y (accumulated): 4298.4
  child.content: x=20.0 (was 20.0), y=4298.4 (was 4298.4)
  [UPDATE Y] child: text, content_height=0.0, margin.bottom=0.0, total_height=0.0, y after=4298.4
  [UPDATE Y] child: div, content_height=117.2, margin.bottom=0.0, total_height=117.2, y after=273.9
[LAYOUT] Child element: div (parent: body)
  parent.content: x=0.0, y=0.0
  parent.padding: left=20.0, top=20.0
  child.margin: left=0.0, top=0.0
  y (accumulated): 4298.4
  child.content: x=20.0 (was 20.0), y=4298.4 (was 4298.4)
  [UPDATE Y] child: div, content_height=343.9, margin.bottom=0.0, total_height=343.9, y after=4642.3
[LAYOUT] Child element: text (parent: body)
  parent.content: x=0.0, y=0.0
  parent.padding: left=20.0, top=20.0
  child.margin: left=0.0, top=0.0
  y (accumulated): 4642.3
  child.content: x=20.0 (was 20.0), y=4642.3 (was 4642.3)
  [UPDATE Y] child: text, content_height=0.0, margin.bottom=0.0, total_height=0.0, y after=4642.3
  [UPDATE Y] child: div, content_height=71.2, margin.bottom=2.0, total_height=73.2, y after=132.4
  [UPDATE Y] child: div, content_height=160.4, margin.bottom=3.0, total_height=163.4, y after=224.6
  [UPDATE Y] child: div, content_height=258.6, margin.bottom=5.0, total_height=263.6, y after=364.1
[LAYOUT] Child element: div (parent: body)
  parent.content: x=0.0, y=0.0
  parent.padding: left=20.0, top=20.0
  child.margin: left=0.0, top=0.0
  y (accumulated): 4642.3
  child.content: x=20.0 (was 20.0), y=4642.3 (was 4642.3)
  [UPDATE Y] child: div, content_height=413.1, margin.bottom=0.0, total_height=413.1, y after=5055.4
[LAYOUT] Child element: text (parent: body)
  parent.content: x=0.0, y=0.0
  parent.padding: left=20.0, top=20.0
  child.margin: left=0.0, top=0.0
  y (accumulated): 5055.4
  child.content: x=20.0 (was 20.0), y=5055.4 (was 5055.4)
  [UPDATE Y] child: text, content_height=0.0, margin.bottom=0.0, total_height=0.0, y after=5055.4
[LAYOUT] Child element: div (parent: body)
  parent.content: x=0.0, y=0.0
  parent.padding: left=20.0, top=20.0
  child.margin: left=0.0, top=0.0
  y (accumulated): 5055.4
  child.content: x=20.0 (was 20.0), y=5055.4 (was 5055.4)
  [UPDATE Y] child: div, content_height=405.5, margin.bottom=0.0, total_height=405.5, y after=5460.9
[LAYOUT] Child element: text (parent: body)
  parent.content: x=0.0, y=0.0
  parent.padding: left=20.0, top=20.0
  child.margin: left=0.0, top=0.0
  y (accumulated): 5460.9
  child.content: x=20.0 (was 20.0), y=5460.9 (was 5460.9)
  [UPDATE Y] child: text, content_height=0.0, margin.bottom=0.0, total_height=0.0, y after=5460.9
  [UPDATE Y] child: div, content_height=222.4, margin.bottom=0.0, total_height=222.4, y after=222.4
  [UPDATE Y] child: div, content_height=91.2, margin.bottom=0.0, total_height=91.2, y after=245.4
  [UPDATE Y] child: div, content_height=294.4, margin.bottom=0.0, total_height=294.4, y after=516.8
  [UPDATE Y] child: div, content_height=516.8, margin.bottom=0.0, total_height=516.8, y after=622.3
  [UPDATE Y] child: div, content_height=115.2, margin.bottom=0.0, total_height=115.2, y after=737.5
[LAYOUT] Child element: div (parent: body)
  parent.content: x=0.0, y=0.0
  parent.padding: left=20.0, top=20.0
  child.margin: left=0.0, top=0.0
  y (accumulated): 5460.9
  child.content: x=20.0 (was 20.0), y=5460.9 (was 5460.9)
  [UPDATE Y] child: div, content_height=803.5, margin.bottom=0.0, total_height=803.5, y after=6264.4
[LAYOUT] Child element: text (parent: body)
  parent.content: x=0.0, y=0.0
  parent.padding: left=20.0, top=20.0
  child.margin: left=0.0, top=0.0
  y (accumulated): 6264.4
  child.content: x=20.0 (was 20.0), y=6264.4 (was 6264.4)
  [UPDATE Y] child: text, content_height=0.0, margin.bottom=0.0, total_height=0.0, y after=6264.4
[LAYOUT] Child element: div (parent: body)
  parent.content: x=0.0, y=0.0
  parent.padding: left=20.0, top=20.0
  child.margin: left=0.0, top=30.0
  y (accumulated): 6264.4
  child.content: x=20.0 (was 20.0), y=6294.4 (was 6294.4)
  [UPDATE Y] child: div, content_height=182.4, margin.bottom=0.0, total_height=182.4, y after=6446.8
[LAYOUT] Child element: body (parent: html)
  parent.content: x=0.0, y=0.0
  parent.padding: left=0.0, top=0.0
  child.margin: left=0.0, top=0.0
  y (accumulated): 0.0
  child.content: x=0.0 (was 0.0), y=0.0 (was 0.0)
  [UPDATE Y] child: body, content_height=6506.8, margin.bottom=0.0, total_height=6506.8, y after=6506.8
[LAYOUT] Child element: !DOCTYPE (parent: body)
  parent.content: x=0.0, y=0.0
  parent.padding: left=20.0, top=20.0
  child.margin: left=0.0, top=0.0
  y (accumulated): 20.0
  child.content: x=20.0 (was 20.0), y=20.0 (was 20.0)
  [UPDATE Y] child: !DOCTYPE, content_height=6506.8, margin.bottom=0.0, total_height=6506.8, y after=6526.8
[LAYOUT] Element: html, is_root: false
  margin: top=0.0, right=0.0, bottom=0.0, left=0.0
  padding: top=0.0, right=0.0, bottom=0.0, left=0.0
  content: x=20.0, y=20.0, width=1160.0, height=6506.8
  containing_block: width=1160.0, height=6546.8
[LAYOUT] Element: body, is_root: false
  margin: top=0.0, right=0.0, bottom=0.0, left=0.0
  padding: top=20.0, right=20.0, bottom=20.0, left=20.0
  content: x=0.0, y=0.0, width=1120.0, height=6466.8
  containing_block: width=1160.0, height=6546.8
[LAYOUT WARNING] html.content is not (0, 0): x=20.0, y=20.0
[LAYOUT] Body element position set: x=0.0, y=0.0 (margin: left=0.0, top=0.0)
[CONTAINING BLOCK] body.content.width=1120.0, child_containing_block.width=1120.0
[WIDTH DEBUG] h1: containing_block.width=1120.0, available_width=1120.0, calculated_width=1116.0
[LAYOUT] Child element: h1 (parent: body)
  parent.content: x=0.0, y=0.0
  parent.padding: left=20.0, top=20.0
  child.margin: left=0.0, top=21.4
  y (accumulated): 20.0
  child.content: x=20.0 (was 20.0), y=41.4 (was 41.4)
  [UPDATE Y] child: h1, content_height=50.0, margin.bottom=21.4, total_height=71.4, y after=91.4
[LAYOUT] Child element: text (parent: body)
  parent.content: x=0.0, y=0.0
  parent.padding: left=20.0, top=20.0
  child.margin: left=0.0, top=0.0
  y (accumulated): 91.4
  child.content: x=20.0 (was 20.0), y=91.4 (was 91.4)
  [UPDATE Y] child: text, content_height=0.0, margin.bottom=0.0, total_height=0.0, y after=91.4
[WIDTH DEBUG] h1: containing_block.width=1086.0, available_width=1086.0, calculated_width=1086.0
[LAYOUT] Child element: h1 (parent: div)
  parent.content: x=20.0, y=91.4
  parent.padding: left=15.0, top=15.0
  child.margin: left=0.0, top=16.1
  y (accumulated): 15.0
  child.content: x=15.0 (was 15.0), y=122.5 (was 122.5)
  [UPDATE Y] child: h1, content_height=62.1, margin.bottom=16.1, total_height=78.2, y after=93.2
  [UPDATE Y] child: div, content_height=96.0, margin.bottom=0.0, total_height=96.0, y after=301.2
[LAYOUT] Child element: div (parent: body)
  parent.content: x=0.0, y=0.0
  parent.padding: left=20.0, top=20.0
  child.margin: left=0.0, top=0.0
  y (accumulated): 91.4
  child.content: x=20.0 (was 20.0), y=91.4 (was 91.4)
  [UPDATE Y] child: div, content_height=350.2, margin.bottom=0.0, total_height=350.2, y after=441.6
[LAYOUT] Child element: text (parent: body)
  parent.content: x=0.0, y=0.0
  parent.padding: left=20.0, top=20.0
  child.margin: left=0.0, top=0.0
  y (accumulated): 441.6
  child.content: x=20.0 (was 20.0), y=441.6 (was 441.6)
  [UPDATE Y] child: text, content_height=0.0, margin.bottom=0.0, total_height=0.0, y after=441.6
[LAYOUT] Child element: div (parent: body)
  parent.content: x=0.0, y=0.0
  parent.padding: left=20.0, top=20.0
  child.margin: left=0.0, top=0.0
  y (accumulated): 441.6
  child.content: x=20.0 (was 20.0), y=441.6 (was 441.6)
  [UPDATE Y] child: div, content_height=329.4, margin.bottom=0.0, total_height=329.4, y after=771.0
[LAYOUT] Child element: text (parent: body)
  parent.content: x=0.0, y=0.0
  parent.padding: left=20.0, top=20.0
  child.margin: left=0.0, top=0.0
  y (accumulated): 771.0
  child.content: x=20.0 (was 20.0), y=771.0 (was 771.0)
  [UPDATE Y] child: text, content_height=0.0, margin.bottom=0.0, total_height=0.0, y after=771.0
  [UPDATE Y] child: div, content_height=59.2, margin.bottom=5.0, total_height=64.2, y after=138.2
  [UPDATE Y] child: div, content_height=59.2, margin.bottom=5.0, total_height=64.2, y after=202.4
[LAYOUT] Child element: div (parent: body)
  parent.content: x=0.0, y=0.0
  parent.padding: left=20.0, top=20.0
  child.margin: left=0.0, top=0.0
  y (accumulated): 771.0
  child.content: x=20.0 (was 20.0), y=771.0 (was 771.0)
  [UPDATE Y] child: div, content_height=334.0, margin.bottom=0.0, total_height=334.0, y after=1105.0
[LAYOUT] Child element: text (parent: body)
  parent.content: x=0.0, y=0.0
  parent.padding: left=20.0, top=20.0
  child.margin: left=0.0, top=0.0
  y (accumulated): 1105.0
  child.content: x=20.0 (was 20.0), y=1105.0 (was 1105.0)
  [UPDATE Y] child: text, content_height=0.0, margin.bottom=0.0, total_height=0.0, y after=1105.0
  [UPDATE Y] child: div, content_height=59.2, margin.bottom=0.0, total_height=59.2, y after=287.8
[LAYOUT] Child element: div (parent: body)
  parent.content: x=0.0, y=0.0
  parent.padding: left=20.0, top=20.0
  child.margin: left=0.0, top=0.0
  y (accumulated): 1105.0
  child.content: x=20.0 (was 20.0), y=1105.0 (was 1105.0)
  [UPDATE Y] child: div, content_height=336.8, margin.bottom=0.0, total_height=336.8, y after=1441.8
[LAYOUT] Child element: text (parent: body)
  parent.content: x=0.0, y=0.0
  parent.padding: left=20.0, top=20.0
  child.margin: left=0.0, top=0.0
  y (accumulated): 1441.8
  child.content: x=20.0 (was 20.0), y=1441.8 (was 1441.8)
  [UPDATE Y] child: text, content_height=0.0, margin.bottom=0.0, total_height=0.0, y after=1441.8
  [UPDATE Y] child: div, content_height=99.2, margin.bottom=5.0, total_height=104.2, y after=119.2
  [UPDATE Y] child: div, content_height=99.2, margin.bottom=5.0, total_height=104.2, y after=223.4
  [UPDATE Y] child: div, content_height=99.2, margin.bottom=5.0, total_height=104.2, y after=327.6
  [UPDATE Y] child: div, content_height=99.2, margin.bottom=5.0, total_height=104.2, y after=431.8
  [UPDATE Y] child: div, content_height=99.2, margin.bottom=5.0, total_height=104.2, y after=536.0
  [UPDATE Y] child: div, content_height=585.0, margin.bottom=0.0, total_height=585.0, y after=697.1
  [UPDATE Y] child: div, content_height=99.2, margin.bottom=5.0, total_height=104.2, y after=119.2
  [UPDATE Y] child: div, content_height=99.2, margin.bottom=5.0, total_height=104.2, y after=223.4
  [UPDATE Y] child: div, content_height=99.2, margin.bottom=5.0, total_height=104.2, y after=327.6
  [UPDATE Y] child: div, content_height=334.0, margin.bottom=0.0, total_height=334.0, y after=1031.1
[LAYOUT] Child element: div (parent: body)
  parent.content: x=0.0, y=0.0
  parent.padding: left=20.0, top=20.0
  child.margin: left=0.0, top=0.0
  y (accumulated): 1441.8
  child.content: x=20.0 (was 20.0), y=1441.8 (was 1441.8)
  [UPDATE Y] child: div, content_height=1031.1, margin.bottom=0.0, total_height=1031.1, y after=2472.8
[LAYOUT] Child element: text (parent: body)
  parent.content: x=0.0, y=0.0
  parent.padding: left=20.0, top=20.0
  child.margin: left=0.0, top=0.0
  y (accumulated): 2472.8
  child.content: x=20.0 (was 20.0), y=2472.8 (was 2472.8)
  [UPDATE Y] child: text, content_height=0.0, margin.bottom=0.0, total_height=0.0, y after=2472.8
  [UPDATE Y] child: div, content_height=79.2, margin.bottom=0.0, total_height=79.2, y after=94.2
  [UPDATE Y] child: div, content_height=79.2, margin.bottom=0.0, total_height=79.2, y after=173.4
  [UPDATE Y] child: div, content_height=79.2, margin.bottom=0.0, total_height=79.2, y after=252.6
  [UPDATE Y] child: div, content_height=79.2, margin.bottom=0.0, total_height=79.2, y after=331.8
  [UPDATE Y] child: div, content_height=79.2, margin.bottom=0.0, total_height=79.2, y after=411.0
  [UPDATE Y] child: div, content_height=79.2, margin.bottom=0.0, total_height=79.2, y after=490.2
  [UPDATE Y] child: div, content_height=79.2, margin.bottom=0.0, total_height=79.2, y after=569.4
  [UPDATE Y] child: div, content_height=79.2, margin.bottom=0.0, total_height=79.2, y after=648.6
  [UPDATE Y] child: div, content_height=697.6, margin.bottom=0.0, total_height=697.6, y after=809.7
[LAYOUT] Child element: div (parent: body)
  parent.content: x=0.0, y=0.0
  parent.padding: left=20.0, top=20.0
  child.margin: left=0.0, top=0.0
  y (accumulated): 2472.8
  child.content: x=20.0 (was 20.0), y=2472.8 (was 2472.8)
  [UPDATE Y] child: div, content_height=809.7, margin.bottom=0.0, total_height=809.7, y after=3282.5
[LAYOUT] Child element: text (parent: body)
  parent.content: x=0.0, y=0.0
  parent.padding: left=20.0, top=20.0
  child.margin: left=0.0, top=0.0
  y (accumulated): 3282.5
  child.content: x=20.0 (was 20.0), y=3282.5 (was 3282.5)
  [UPDATE Y] child: text, content_height=0.0, margin.bottom=0.0, total_height=0.0, y after=3282.5
[LAYOUT] Child element: div (parent: body)
  parent.content: x=0.0, y=0.0
  parent.padding: left=20.0, top=20.0
  child.margin: left=0.0, top=0.0
  y (accumulated): 3282.5
  child.content: x=20.0 (was 20.0), y=3282.5 (was 3282.5)
  [UPDATE Y] child: div, content_height=405.5, margin.bottom=0.0, total_height=405.5, y after=3688.0
[LAYOUT] Child element: text (parent: body)
  parent.content: x=0.0, y=0.0
  parent.padding: left=20.0, top=20.0
  child.margin: left=0.0, top=0.0
  y (accumulated): 3688.0
  child.content: x=20.0 (was 20.0), y=3688.0 (was 3688.0)
  [UPDATE Y] child: text, content_height=0.0, margin.bottom=0.0, total_height=0.0, y after=3688.0
[LAYOUT] Child element: div (parent: body)
  parent.content: x=0.0, y=0.0
  parent.padding: left=20.0, top=20.0
  child.margin: left=0.0, top=0.0
  y (accumulated): 3688.0
  child.content: x=20.0 (was 20.0), y=3688.0 (was 3688.0)
  [UPDATE Y] child: div, content_height=610.3, margin.bottom=0.0, total_height=610.3, y after=4298.4
[LAYOUT] Child element: text (parent: body)
  parent.content: x=0.0, y=0.0
  parent.padding: left=20.0, top=20.0
  child.margin: left=0.0, top=0.0
  y (accumulated): 4298.4
  child.content: x=20.0 (was 20.0), y=4298.4 (was 4298.4)
  [UPDATE Y] child: text, content_height=0.0, margin.bottom=0.0, total_height=0.0, y after=4298.4
  [UPDATE Y] child: div, content_height=117.2, margin.bottom=0.0, total_height=117.2, y after=273.9
[LAYOUT] Child element: div (parent: body)
  parent.content: x=0.0, y=0.0
  parent.padding: left=20.0, top=20.0
  child.margin: left=0.0, top=0.0
  y (accumulated): 4298.4
  child.content: x=20.0 (was 20.0), y=4298.4 (was 4298.4)
  [UPDATE Y] child: div, content_height=343.9, margin.bottom=0.0, total_height=343.9, y after=4642.3
[LAYOUT] Child element: text (parent: body)
  parent.content: x=0.0, y=0.0
  parent.padding: left=20.0, top=20.0
  child.margin: left=0.0, top=0.0
  y (accumulated): 4642.3
  child.content: x=20.0 (was 20.0), y=4642.3 (was 4642.3)
  [UPDATE Y] child: text, content_height=0.0, margin.bottom=0.0, total_height=0.0, y after=4642.3
  [UPDATE Y] child: div, content_height=71.2, margin.bottom=2.0, total_height=73.2, y after=132.4
  [UPDATE Y] child: div, content_height=160.4, margin.bottom=3.0, total_height=163.4, y after=224.6
  [UPDATE Y] child: div, content_height=258.6, margin.bottom=5.0, total_height=263.6, y after=364.1
[LAYOUT] Child element: div (parent: body)
  parent.content: x=0.0, y=0.0
  parent.padding: left=20.0, top=20.0
  child.margin: left=0.0, top=0.0
  y (accumulated): 4642.3
  child.content: x=20.0 (was 20.0), y=4642.3 (was 4642.3)
  [UPDATE Y] child: div, content_height=413.1, margin.bottom=0.0, total_height=413.1, y after=5055.4
[LAYOUT] Child element: text (parent: body)
  parent.content: x=0.0, y=0.0
  parent.padding: left=20.0, top=20.0
  child.margin: left=0.0, top=0.0
  y (accumulated): 5055.4
  child.content: x=20.0 (was 20.0), y=5055.4 (was 5055.4)
  [UPDATE Y] child: text, content_height=0.0, margin.bottom=0.0, total_height=0.0, y after=5055.4
[LAYOUT] Child element: div (parent: body)
  parent.content: x=0.0, y=0.0
  parent.padding: left=20.0, top=20.0
  child.margin: left=0.0, top=0.0
  y (accumulated): 5055.4
  child.content: x=20.0 (was 20.0), y=5055.4 (was 5055.4)
  [UPDATE Y] child: div, content_height=405.5, margin.bottom=0.0, total_height=405.5, y after=5460.9
[LAYOUT] Child element: text (parent: body)
  parent.content: x=0.0, y=0.0
  parent.padding: left=20.0, top=20.0
  child.margin: left=0.0, top=0.0
  y (accumulated): 5460.9
  child.content: x=20.0 (was 20.0), y=5460.9 (was 5460.9)
  [UPDATE Y] child: text, content_height=0.0, margin.bottom=0.0, total_height=0.0, y after=5460.9
  [UPDATE Y] child: div, content_height=222.4, margin.bottom=0.0, total_height=222.4, y after=222.4
  [UPDATE Y] child: div, content_height=91.2, margin.bottom=0.0, total_height=91.2, y after=245.4
  [UPDATE Y] child: div, content_height=294.4, margin.bottom=0.0, total_height=294.4, y after=516.8
  [UPDATE Y] child: div, content_height=516.8, margin.bottom=0.0, total_height=516.8, y after=622.3
  [UPDATE Y] child: div, content_height=115.2, margin.bottom=0.0, total_height=115.2, y after=737.5
[LAYOUT] Child element: div (parent: body)
  parent.content: x=0.0, y=0.0
  parent.padding: left=20.0, top=20.0
  child.margin: left=0.0, top=0.0
  y (accumulated): 5460.9
  child.content: x=20.0 (was 20.0), y=5460.9 (was 5460.9)
  [UPDATE Y] child: div, content_height=803.5, margin.bottom=0.0, total_height=803.5, y after=6264.4
[LAYOUT] Child element: text (parent: body)
  parent.content: x=0.0, y=0.0
  parent.padding: left=20.0, top=20.0
  child.margin: left=0.0, top=0.0
  y (accumulated): 6264.4
  child.content: x=20.0 (was 20.0), y=6264.4 (was 6264.4)
  [UPDATE Y] child: text, content_height=0.0, margin.bottom=0.0, total_height=0.0, y after=6264.4
[LAYOUT] Child element: div (parent: body)
  parent.content: x=0.0, y=0.0
  parent.padding: left=20.0, top=20.0
  child.margin: left=0.0, top=30.0
  y (accumulated): 6264.4
  child.content: x=20.0 (was 20.0), y=6294.4 (was 6294.4)
  [UPDATE Y] child: div, content_height=182.4, margin.bottom=0.0, total_height=182.4, y after=6446.8
[LAYOUT] Child element: body (parent: html)
  parent.content: x=20.0, y=20.0
  parent.padding: left=0.0, top=0.0
  child.margin: left=0.0, top=0.0
  y (accumulated): 0.0
  child.content: x=20.0 (was 0.0), y=20.0 (was 0.0)
  [UPDATE Y] child: body, content_height=6506.8, margin.bottom=0.0, total_height=6506.8, y after=6506.8
[LAYOUT] Element: html, is_root: false
  margin: top=0.0, right=0.0, bottom=0.0, left=0.0
  padding: top=0.0, right=0.0, bottom=0.0, left=0.0
  content: x=20.0, y=20.0, width=1160.0, height=6506.8
  containing_block: width=1160.0, height=6506.8
[LAYOUT] Element: body, is_root: false
  margin: top=0.0, right=0.0, bottom=0.0, left=0.0
  padding: top=20.0, right=20.0, bottom=20.0, left=20.0
  content: x=20.0, y=20.0, width=1120.0, height=6466.8
  containing_block: width=1160.0, height=6506.8
[LAYOUT WARNING] html.content is not (0, 0): x=20.0, y=20.0
[CONTAINING BLOCK] body.content.width=1120.0, child_containing_block.width=1120.0
[WIDTH DEBUG] h1: containing_block.width=1120.0, available_width=1120.0, calculated_width=1116.0
[LAYOUT] Child element: h1 (parent: body)
  parent.content: x=20.0, y=20.0
  parent.padding: left=20.0, top=20.0
  child.margin: left=0.0, top=21.4
  y (accumulated): 20.0
  child.content: x=20.0 (was 20.0), y=61.4 (was 41.4)
  [UPDATE Y] child: h1, content_height=50.0, margin.bottom=21.4, total_height=71.4, y after=91.4
[LAYOUT] Child element: text (parent: body)
  parent.content: x=20.0, y=20.0
  parent.padding: left=20.0, top=20.0
  child.margin: left=0.0, top=0.0
  y (accumulated): 91.4
  child.content: x=20.0 (was 20.0), y=111.4 (was 91.4)
  [UPDATE Y] child: text, content_height=0.0, margin.bottom=0.0, total_height=0.0, y after=91.4
[WIDTH DEBUG] h1: containing_block.width=1086.0, available_width=1086.0, calculated_width=1086.0
[LAYOUT] Child element: h1 (parent: div)
  parent.content: x=20.0, y=91.4
  parent.padding: left=15.0, top=15.0
  child.margin: left=0.0, top=16.1
  y (accumulated): 15.0
  child.content: x=15.0 (was 15.0), y=122.5 (was 122.5)
  [UPDATE Y] child: h1, content_height=62.1, margin.bottom=16.1, total_height=78.2, y after=93.2
  [UPDATE Y] child: div, content_height=96.0, margin.bottom=0.0, total_height=96.0, y after=301.2
[LAYOUT] Child element: div (parent: body)
  parent.content: x=20.0, y=20.0
  parent.padding: left=20.0, top=20.0
  child.margin: left=0.0, top=0.0
  y (accumulated): 91.4
  child.content: x=20.0 (was 20.0), y=111.4 (was 91.4)
  [UPDATE Y] child: div, content_height=350.2, margin.bottom=0.0, total_height=350.2, y after=441.6
[LAYOUT] Child element: text (parent: body)
  parent.content: x=20.0, y=20.0
  parent.padding: left=20.0, top=20.0
  child.margin: left=0.0, top=0.0
  y (accumulated): 441.6
  child.content: x=20.0 (was 20.0), y=461.6 (was 441.6)
  [UPDATE Y] child: text, content_height=0.0, margin.bottom=0.0, total_height=0.0, y after=441.6
[LAYOUT] Child element: div (parent: body)
  parent.content: x=20.0, y=20.0
  parent.padding: left=20.0, top=20.0
  child.margin: left=0.0, top=0.0
  y (accumulated): 441.6
  child.content: x=20.0 (was 20.0), y=461.6 (was 441.6)
  [UPDATE Y] child: div, content_height=329.4, margin.bottom=0.0, total_height=329.4, y after=771.0
[LAYOUT] Child element: text (parent: body)
  parent.content: x=20.0, y=20.0
  parent.padding: left=20.0, top=20.0
  child.margin: left=0.0, top=0.0
  y (accumulated): 771.0
  child.content: x=20.0 (was 20.0), y=791.0 (was 771.0)
  [UPDATE Y] child: text, content_height=0.0, margin.bottom=0.0, total_height=0.0, y after=771.0
  [UPDATE Y] child: div, content_height=59.2, margin.bottom=5.0, total_height=64.2, y after=138.2
  [UPDATE Y] child: div, content_height=59.2, margin.bottom=5.0, total_height=64.2, y after=202.4
[LAYOUT] Child element: div (parent: body)
  parent.content: x=20.0, y=20.0
  parent.padding: left=20.0, top=20.0
  child.margin: left=0.0, top=0.0
  y (accumulated): 771.0
  child.content: x=20.0 (was 20.0), y=791.0 (was 771.0)
  [UPDATE Y] child: div, content_height=334.0, margin.bottom=0.0, total_height=334.0, y after=1105.0
[LAYOUT] Child element: text (parent: body)
  parent.content: x=20.0, y=20.0
  parent.padding: left=20.0, top=20.0
  child.margin: left=0.0, top=0.0
  y (accumulated): 1105.0
  child.content: x=20.0 (was 20.0), y=1125.0 (was 1105.0)
  [UPDATE Y] child: text, content_height=0.0, margin.bottom=0.0, total_height=0.0, y after=1105.0
  [UPDATE Y] child: div, content_height=59.2, margin.bottom=0.0, total_height=59.2, y after=287.8
[LAYOUT] Child element: div (parent: body)
  parent.content: x=20.0, y=20.0
  parent.padding: left=20.0, top=20.0
  child.margin: left=0.0, top=0.0
  y (accumulated): 1105.0
  child.content: x=20.0 (was 20.0), y=1125.0 (was 1105.0)
  [UPDATE Y] child: div, content_height=336.8, margin.bottom=0.0, total_height=336.8, y after=1441.8
[LAYOUT] Child element: text (parent: body)
  parent.content: x=20.0, y=20.0
  parent.padding: left=20.0, top=20.0
  child.margin: left=0.0, top=0.0
  y (accumulated): 1441.8
  child.content: x=20.0 (was 20.0), y=1461.8 (was 1441.8)
  [UPDATE Y] child: text, content_height=0.0, margin.bottom=0.0, total_height=0.0, y after=1441.8
  [UPDATE Y] child: div, content_height=99.2, margin.bottom=5.0, total_height=104.2, y after=119.2
  [UPDATE Y] child: div, content_height=99.2, margin.bottom=5.0, total_height=104.2, y after=223.4
  [UPDATE Y] child: div, content_height=99.2, margin.bottom=5.0, total_height=104.2, y after=327.6
  [UPDATE Y] child: div, content_height=99.2, margin.bottom=5.0, total_height=104.2, y after=431.8
  [UPDATE Y] child: div, content_height=99.2, margin.bottom=5.0, total_height=104.2, y after=536.0
  [UPDATE Y] child: div, content_height=585.0, margin.bottom=0.0, total_height=585.0, y after=697.1
  [UPDATE Y] child: div, content_height=99.2, margin.bottom=5.0, total_height=104.2, y after=119.2
  [UPDATE Y] child: div, content_height=99.2, margin.bottom=5.0, total_height=104.2, y after=223.4
  [UPDATE Y] child: div, content_height=99.2, margin.bottom=5.0, total_height=104.2, y after=327.6
  [UPDATE Y] child: div, content_height=334.0, margin.bottom=0.0, total_height=334.0, y after=1031.1
[LAYOUT] Child element: div (parent: body)
  parent.content: x=20.0, y=20.0
  parent.padding: left=20.0, top=20.0
  child.margin: left=0.0, top=0.0
  y (accumulated): 1441.8
  child.content: x=20.0 (was 20.0), y=1461.8 (was 1441.8)
  [UPDATE Y] child: div, content_height=1031.1, margin.bottom=0.0, total_height=1031.1, y after=2472.8
[LAYOUT] Child element: text (parent: body)
  parent.content: x=20.0, y=20.0
  parent.padding: left=20.0, top=20.0
  child.margin: left=0.0, top=0.0
  y (accumulated): 2472.8
  child.content: x=20.0 (was 20.0), y=2492.8 (was 2472.8)
  [UPDATE Y] child: text, content_height=0.0, margin.bottom=0.0, total_height=0.0, y after=2472.8
  [UPDATE Y] child: div, content_height=79.2, margin.bottom=0.0, total_height=79.2, y after=94.2
  [UPDATE Y] child: div, content_height=79.2, margin.bottom=0.0, total_height=79.2, y after=173.4
  [UPDATE Y] child: div, content_height=79.2, margin.bottom=0.0, total_height=79.2, y after=252.6
  [UPDATE Y] child: div, content_height=79.2, margin.bottom=0.0, total_height=79.2, y after=331.8
  [UPDATE Y] child: div, content_height=79.2, margin.bottom=0.0, total_height=79.2, y after=411.0
  [UPDATE Y] child: div, content_height=79.2, margin.bottom=0.0, total_height=79.2, y after=490.2
  [UPDATE Y] child: div, content_height=79.2, margin.bottom=0.0, total_height=79.2, y after=569.4
  [UPDATE Y] child: div, content_height=79.2, margin.bottom=0.0, total_height=79.2, y after=648.6
  [UPDATE Y] child: div, content_height=697.6, margin.bottom=0.0, total_height=697.6, y after=809.7
[LAYOUT] Child element: div (parent: body)
  parent.content: x=20.0, y=20.0
  parent.padding: left=20.0, top=20.0
  child.margin: left=0.0, top=0.0
  y (accumulated): 2472.8
  child.content: x=20.0 (was 20.0), y=2492.8 (was 2472.8)
  [UPDATE Y] child: div, content_height=809.7, margin.bottom=0.0, total_height=809.7, y after=3282.5
[LAYOUT] Child element: text (parent: body)
  parent.content: x=20.0, y=20.0
  parent.padding: left=20.0, top=20.0
  child.margin: left=0.0, top=0.0
  y (accumulated): 3282.5
  child.content: x=20.0 (was 20.0), y=3302.5 (was 3282.5)
  [UPDATE Y] child: text, content_height=0.0, margin.bottom=0.0, total_height=0.0, y after=3282.5
[LAYOUT] Child element: div (parent: body)
  parent.content: x=20.0, y=20.0
  parent.padding: left=20.0, top=20.0
  child.margin: left=0.0, top=0.0
  y (accumulated): 3282.5
  child.content: x=20.0 (was 20.0), y=3302.5 (was 3282.5)
  [UPDATE Y] child: div, content_height=405.5, margin.bottom=0.0, total_height=405.5, y after=3688.0
[LAYOUT] Child element: text (parent: body)
  parent.content: x=20.0, y=20.0
  parent.padding: left=20.0, top=20.0
  child.margin: left=0.0, top=0.0
  y (accumulated): 3688.0
  child.content: x=20.0 (was 20.0), y=3708.0 (was 3688.0)
  [UPDATE Y] child: text, content_height=0.0, margin.bottom=0.0, total_height=0.0, y after=3688.0
[LAYOUT] Child element: div (parent: body)
  parent.content: x=20.0, y=20.0
  parent.padding: left=20.0, top=20.0
  child.margin: left=0.0, top=0.0
  y (accumulated): 3688.0
  child.content: x=20.0 (was 20.0), y=3708.0 (was 3688.0)
  [UPDATE Y] child: div, content_height=610.3, margin.bottom=0.0, total_height=610.3, y after=4298.4
[LAYOUT] Child element: text (parent: body)
  parent.content: x=20.0, y=20.0
  parent.padding: left=20.0, top=20.0
  child.margin: left=0.0, top=0.0
  y (accumulated): 4298.4
  child.content: x=20.0 (was 20.0), y=4318.4 (was 4298.4)
  [UPDATE Y] child: text, content_height=0.0, margin.bottom=0.0, total_height=0.0, y after=4298.4
  [UPDATE Y] child: div, content_height=117.2, margin.bottom=0.0, total_height=117.2, y after=273.9
[LAYOUT] Child element: div (parent: body)
  parent.content: x=20.0, y=20.0
  parent.padding: left=20.0, top=20.0
  child.margin: left=0.0, top=0.0
  y (accumulated): 4298.4
  child.content: x=20.0 (was 20.0), y=4318.4 (was 4298.4)
  [UPDATE Y] child: div, content_height=343.9, margin.bottom=0.0, total_height=343.9, y after=4642.3
[LAYOUT] Child element: text (parent: body)
  parent.content: x=20.0, y=20.0
  parent.padding: left=20.0, top=20.0
  child.margin: left=0.0, top=0.0
  y (accumulated): 4642.3
  child.content: x=20.0 (was 20.0), y=4662.3 (was 4642.3)
  [UPDATE Y] child: text, content_height=0.0, margin.bottom=0.0, total_height=0.0, y after=4642.3
  [UPDATE Y] child: div, content_height=71.2, margin.bottom=2.0, total_height=73.2, y after=132.4
  [UPDATE Y] child: div, content_height=160.4, margin.bottom=3.0, total_height=163.4, y after=224.6
  [UPDATE Y] child: div, content_height=258.6, margin.bottom=5.0, total_height=263.6, y after=364.1
[LAYOUT] Child element: div (parent: body)
  parent.content: x=20.0, y=20.0
  parent.padding: left=20.0, top=20.0
  child.margin: left=0.0, top=0.0
  y (accumulated): 4642.3
  child.content: x=20.0 (was 20.0), y=4662.3 (was 4642.3)
  [UPDATE Y] child: div, content_height=413.1, margin.bottom=0.0, total_height=413.1, y after=5055.4
[LAYOUT] Child element: text (parent: body)
  parent.content: x=20.0, y=20.0
  parent.padding: left=20.0, top=20.0
  child.margin: left=0.0, top=0.0
  y (accumulated): 5055.4
  child.content: x=20.0 (was 20.0), y=5075.4 (was 5055.4)
  [UPDATE Y] child: text, content_height=0.0, margin.bottom=0.0, total_height=0.0, y after=5055.4
[LAYOUT] Child element: div (parent: body)
  parent.content: x=20.0, y=20.0
  parent.padding: left=20.0, top=20.0
  child.margin: left=0.0, top=0.0
  y (accumulated): 5055.4
  child.content: x=20.0 (was 20.0), y=5075.4 (was 5055.4)
  [UPDATE Y] child: div, content_height=405.5, margin.bottom=0.0, total_height=405.5, y after=5460.9
[LAYOUT] Child element: text (parent: body)
  parent.content: x=20.0, y=20.0
  parent.padding: left=20.0, top=20.0
  child.margin: left=0.0, top=0.0
  y (accumulated): 5460.9
  child.content: x=20.0 (was 20.0), y=5480.9 (was 5460.9)
  [UPDATE Y] child: text, content_height=0.0, margin.bottom=0.0, total_height=0.0, y after=5460.9
  [UPDATE Y] child: div, content_height=222.4, margin.bottom=0.0, total_height=222.4, y after=222.4
  [UPDATE Y] child: div, content_height=91.2, margin.bottom=0.0, total_height=91.2, y after=245.4
  [UPDATE Y] child: div, content_height=294.4, margin.bottom=0.0, total_height=294.4, y after=516.8
  [UPDATE Y] child: div, content_height=516.8, margin.bottom=0.0, total_height=516.8, y after=622.3
  [UPDATE Y] child: div, content_height=115.2, margin.bottom=0.0, total_height=115.2, y after=737.5
[LAYOUT] Child element: div (parent: body)
  parent.content: x=20.0, y=20.0
  parent.padding: left=20.0, top=20.0
  child.margin: left=0.0, top=0.0
  y (accumulated): 5460.9
  child.content: x=20.0 (was 20.0), y=5480.9 (was 5460.9)
  [UPDATE Y] child: div, content_height=803.5, margin.bottom=0.0, total_height=803.5, y after=6264.4
[LAYOUT] Child element: text (parent: body)
  parent.content: x=20.0, y=20.0
  parent.padding: left=20.0, top=20.0
  child.margin: left=0.0, top=0.0
  y (accumulated): 6264.4
  child.content: x=20.0 (was 20.0), y=6284.4 (was 6264.4)
  [UPDATE Y] child: text, content_height=0.0, margin.bottom=0.0, total_height=0.0, y after=6264.4
[LAYOUT] Child element: div (parent: body)
  parent.content: x=20.0, y=20.0
  parent.padding: left=20.0, top=20.0
  child.margin: left=0.0, top=30.0
  y (accumulated): 6264.4
  child.content: x=20.0 (was 20.0), y=6314.4 (was 6294.4)
  [UPDATE Y] child: div, content_height=182.4, margin.bottom=0.0, total_height=182.4, y after=6446.8
[LAYOUT] Child element: body (parent: html)
  parent.content: x=20.0, y=20.0
  parent.padding: left=0.0, top=0.0
  child.margin: left=0.0, top=0.0
  y (accumulated): 0.0
  child.content: x=20.0 (was 20.0), y=20.0 (was 20.0)
  [UPDATE Y] child: body, content_height=6506.8, margin.bottom=0.0, total_height=6506.8, y after=6506.8
[LAYOUT] Element: body, is_root: false
  margin: top=0.0, right=0.0, bottom=0.0, left=0.0
  padding: top=20.0, right=20.0, bottom=20.0, left=20.0
  content: x=20.0, y=20.0, width=1120.0, height=6466.8
  containing_block: width=1160.0, height=6506.8
[LAYOUT WARNING] html.content is not (0, 0): x=20.0, y=20.0
[CONTAINING BLOCK] body.content.width=1120.0, child_containing_block.width=1120.0
[WIDTH DEBUG] h1: containing_block.width=1120.0, available_width=1120.0, calculated_width=1116.0
[LAYOUT] Child element: h1 (parent: body)
  parent.content: x=20.0, y=20.0
  parent.padding: left=20.0, top=20.0
  child.margin: left=0.0, top=21.4
  y (accumulated): 20.0
  child.content: x=20.0 (was 20.0), y=61.4 (was 61.4)
  [UPDATE Y] child: h1, content_height=50.0, margin.bottom=21.4, total_height=71.4, y after=91.4
[LAYOUT] Child element: text (parent: body)
  parent.content: x=20.0, y=20.0
  parent.padding: left=20.0, top=20.0
  child.margin: left=0.0, top=0.0
  y (accumulated): 91.4
  child.content: x=20.0 (was 20.0), y=111.4 (was 111.4)
  [UPDATE Y] child: text, content_height=0.0, margin.bottom=0.0, total_height=0.0, y after=91.4
[WIDTH DEBUG] h1: containing_block.width=1086.0, available_width=1086.0, calculated_width=1086.0
[LAYOUT] Child element: h1 (parent: div)
  parent.content: x=20.0, y=111.4
  parent.padding: left=15.0, top=15.0
  child.margin: left=0.0, top=16.1
  y (accumulated): 15.0
  child.content: x=15.0 (was 15.0), y=142.5 (was 122.5)
  [UPDATE Y] child: h1, content_height=62.1, margin.bottom=16.1, total_height=78.2, y after=93.2
  [UPDATE Y] child: div, content_height=96.0, margin.bottom=0.0, total_height=96.0, y after=301.2
[LAYOUT] Child element: div (parent: body)
  parent.content: x=20.0, y=20.0
  parent.padding: left=20.0, top=20.0
  child.margin: left=0.0, top=0.0
  y (accumulated): 91.4
  child.content: x=20.0 (was 20.0), y=111.4 (was 111.4)
  [UPDATE Y] child: div, content_height=350.2, margin.bottom=0.0, total_height=350.2, y after=441.6
[LAYOUT] Child element: text (parent: body)
  parent.content: x=20.0, y=20.0
  parent.padding: left=20.0, top=20.0
  child.margin: left=0.0, top=0.0
  y (accumulated): 441.6
  child.content: x=20.0 (was 20.0), y=461.6 (was 461.6)
  [UPDATE Y] child: text, content_height=0.0, margin.bottom=0.0, total_height=0.0, y after=441.6
[LAYOUT] Child element: div (parent: body)
  parent.content: x=20.0, y=20.0
  parent.padding: left=20.0, top=20.0
  child.margin: left=0.0, top=0.0
  y (accumulated): 441.6
  child.content: x=20.0 (was 20.0), y=461.6 (was 461.6)
  [UPDATE Y] child: div, content_height=329.4, margin.bottom=0.0, total_height=329.4, y after=771.0
[LAYOUT] Child element: text (parent: body)
  parent.content: x=20.0, y=20.0
  parent.padding: left=20.0, top=20.0
  child.margin: left=0.0, top=0.0
  y (accumulated): 771.0
  child.content: x=20.0 (was 20.0), y=791.0 (was 791.0)
  [UPDATE Y] child: text, content_height=0.0, margin.bottom=0.0, total_height=0.0, y after=771.0
  [UPDATE Y] child: div, content_height=59.2, margin.bottom=5.0, total_height=64.2, y after=138.2
  [UPDATE Y] child: div, content_height=59.2, margin.bottom=5.0, total_height=64.2, y after=202.4
[LAYOUT] Child element: div (parent: body)
  parent.content: x=20.0, y=20.0
  parent.padding: left=20.0, top=20.0
  child.margin: left=0.0, top=0.0
  y (accumulated): 771.0
  child.content: x=20.0 (was 20.0), y=791.0 (was 791.0)
  [UPDATE Y] child: div, content_height=334.0, margin.bottom=0.0, total_height=334.0, y after=1105.0
[LAYOUT] Child element: text (parent: body)
  parent.content: x=20.0, y=20.0
  parent.padding: left=20.0, top=20.0
  child.margin: left=0.0, top=0.0
  y (accumulated): 1105.0
  child.content: x=20.0 (was 20.0), y=1125.0 (was 1125.0)
  [UPDATE Y] child: text, content_height=0.0, margin.bottom=0.0, total_height=0.0, y after=1105.0
  [UPDATE Y] child: div, content_height=59.2, margin.bottom=0.0, total_height=59.2, y after=267.8
[LAYOUT] Child element: div (parent: body)
  parent.content: x=20.0, y=20.0
  parent.padding: left=20.0, top=20.0
  child.margin: left=0.0, top=0.0
  y (accumulated): 1105.0
  child.content: x=20.0 (was 20.0), y=1125.0 (was 1125.0)
  [UPDATE Y] child: div, content_height=336.8, margin.bottom=0.0, total_height=336.8, y after=1441.8
[LAYOUT] Child element: text (parent: body)
  parent.content: x=20.0, y=20.0
  parent.padding: left=20.0, top=20.0
  child.margin: left=0.0, top=0.0
  y (accumulated): 1441.8
  child.content: x=20.0 (was 20.0), y=1461.8 (was 1461.8)
  [UPDATE Y] child: text, content_height=0.0, margin.bottom=0.0, total_height=0.0, y after=1441.8
  [UPDATE Y] child: div, content_height=99.2, margin.bottom=5.0, total_height=104.2, y after=119.2
  [UPDATE Y] child: div, content_height=99.2, margin.bottom=5.0, total_height=104.2, y after=223.4
  [UPDATE Y] child: div, content_height=99.2, margin.bottom=5.0, total_height=104.2, y after=327.6
  [UPDATE Y] child: div, content_height=99.2, margin.bottom=5.0, total_height=104.2, y after=431.8
  [UPDATE Y] child: div, content_height=99.2, margin.bottom=5.0, total_height=104.2, y after=536.0
  [UPDATE Y] child: div, content_height=585.0, margin.bottom=0.0, total_height=585.0, y after=697.1
  [UPDATE Y] child: div, content_height=99.2, margin.bottom=5.0, total_height=104.2, y after=119.2
  [UPDATE Y] child: div, content_height=99.2, margin.bottom=5.0, total_height=104.2, y after=223.4
  [UPDATE Y] child: div, content_height=99.2, margin.bottom=5.0, total_height=104.2, y after=327.6
  [UPDATE Y] child: div, content_height=334.0, margin.bottom=0.0, total_height=334.0, y after=1031.1
[LAYOUT] Child element: div (parent: body)
  parent.content: x=20.0, y=20.0
  parent.padding: left=20.0, top=20.0
  child.margin: left=0.0, top=0.0
  y (accumulated): 1441.8
  child.content: x=20.0 (was 20.0), y=1461.8 (was 1461.8)
  [UPDATE Y] child: div, content_height=1031.1, margin.bottom=0.0, total_height=1031.1, y after=2472.8
[LAYOUT] Child element: text (parent: body)
  parent.content: x=20.0, y=20.0
  parent.padding: left=20.0, top=20.0
  child.margin: left=0.0, top=0.0
  y (accumulated): 2472.8
  child.content: x=20.0 (was 20.0), y=2492.8 (was 2492.8)
  [UPDATE Y] child: text, content_height=0.0, margin.bottom=0.0, total_height=0.0, y after=2472.8
  [UPDATE Y] child: div, content_height=79.2, margin.bottom=0.0, total_height=79.2, y after=94.2
  [UPDATE Y] child: div, content_height=79.2, margin.bottom=0.0, total_height=79.2, y after=173.4
  [UPDATE Y] child: div, content_height=79.2, margin.bottom=0.0, total_height=79.2, y after=252.6
  [UPDATE Y] child: div, content_height=79.2, margin.bottom=0.0, total_height=79.2, y after=331.8
  [UPDATE Y] child: div, content_height=79.2, margin.bottom=0.0, total_height=79.2, y after=411.0
  [UPDATE Y] child: div, content_height=79.2, margin.bottom=0.0, total_height=79.2, y after=490.2
  [UPDATE Y] child: div, content_height=79.2, margin.bottom=0.0, total_height=79.2, y after=569.4
  [UPDATE Y] child: div, content_height=79.2, margin.bottom=0.0, total_height=79.2, y after=648.6
  [UPDATE Y] child: div, content_height=697.6, margin.bottom=0.0, total_height=697.6, y after=809.7
[LAYOUT] Child element: div (parent: body)
  parent.content: x=20.0, y=20.0
  parent.padding: left=20.0, top=20.0
  child.margin: left=0.0, top=0.0
  y (accumulated): 2472.8
  child.content: x=20.0 (was 20.0), y=2492.8 (was 2492.8)
  [UPDATE Y] child: div, content_height=809.7, margin.bottom=0.0, total_height=809.7, y after=3282.5
[LAYOUT] Child element: text (parent: body)
  parent.content: x=20.0, y=20.0
  parent.padding: left=20.0, top=20.0
  child.margin: left=0.0, top=0.0
  y (accumulated): 3282.5
  child.content: x=20.0 (was 20.0), y=3302.5 (was 3302.5)
  [UPDATE Y] child: text, content_height=0.0, margin.bottom=0.0, total_height=0.0, y after=3282.5
[LAYOUT] Child element: div (parent: body)
  parent.content: x=20.0, y=20.0
  parent.padding: left=20.0, top=20.0
  child.margin: left=0.0, top=0.0
  y (accumulated): 3282.5
  child.content: x=20.0 (was 20.0), y=3302.5 (was 3302.5)
  [UPDATE Y] child: div, content_height=405.5, margin.bottom=0.0, total_height=405.5, y after=3688.0
[LAYOUT] Child element: text (parent: body)
  parent.content: x=20.0, y=20.0
  parent.padding: left=20.0, top=20.0
  child.margin: left=0.0, top=0.0
  y (accumulated): 3688.0
  child.content: x=20.0 (was 20.0), y=3708.0 (was 3708.0)
  [UPDATE Y] child: text, content_height=0.0, margin.bottom=0.0, total_height=0.0, y after=3688.0
[LAYOUT] Child element: div (parent: body)
  parent.content: x=20.0, y=20.0
  parent.padding: left=20.0, top=20.0
  child.margin: left=0.0, top=0.0
  y (accumulated): 3688.0
  child.content: x=20.0 (was 20.0), y=3708.0 (was 3708.0)
  [UPDATE Y] child: div, content_height=610.3, margin.bottom=0.0, total_height=610.3, y after=4298.4
[LAYOUT] Child element: text (parent: body)
  parent.content: x=20.0, y=20.0
  parent.padding: left=20.0, top=20.0
  child.margin: left=0.0, top=0.0
  y (accumulated): 4298.4
  child.content: x=20.0 (was 20.0), y=4318.4 (was 4318.4)
  [UPDATE Y] child: text, content_height=0.0, margin.bottom=0.0, total_height=0.0, y after=4298.4
  [UPDATE Y] child: div, content_height=117.2, margin.bottom=0.0, total_height=117.2, y after=273.9
[LAYOUT] Child element: div (parent: body)
  parent.content: x=20.0, y=20.0
  parent.padding: left=20.0, top=20.0
  child.margin: left=0.0, top=0.0
  y (accumulated): 4298.4
  child.content: x=20.0 (was 20.0), y=4318.4 (was 4318.4)
  [UPDATE Y] child: div, content_height=343.9, margin.bottom=0.0, total_height=343.9, y after=4642.3
[LAYOUT] Child element: text (parent: body)
  parent.content: x=20.0, y=20.0
  parent.padding: left=20.0, top=20.0
  child.margin: left=0.0, top=0.0
  y (accumulated): 4642.3
  child.content: x=20.0 (was 20.0), y=4662.3 (was 4662.3)
  [UPDATE Y] child: text, content_height=0.0, margin.bottom=0.0, total_height=0.0, y after=4642.3
  [UPDATE Y] child: div, content_height=71.2, margin.bottom=2.0, total_height=73.2, y after=132.4
  [UPDATE Y] child: div, content_height=160.4, margin.bottom=3.0, total_height=163.4, y after=224.6
  [UPDATE Y] child: div, content_height=258.6, margin.bottom=5.0, total_height=263.6, y after=364.1
[LAYOUT] Child element: div (parent: body)
  parent.content: x=20.0, y=20.0
  parent.padding: left=20.0, top=20.0
  child.margin: left=0.0, top=0.0
  y (accumulated): 4642.3
  child.content: x=20.0 (was 20.0), y=4662.3 (was 4662.3)
  [UPDATE Y] child: div, content_height=413.1, margin.bottom=0.0, total_height=413.1, y after=5055.4
[LAYOUT] Child element: text (parent: body)
  parent.content: x=20.0, y=20.0
  parent.padding: left=20.0, top=20.0
  child.margin: left=0.0, top=0.0
  y (accumulated): 5055.4
  child.content: x=20.0 (was 20.0), y=5075.4 (was 5075.4)
  [UPDATE Y] child: text, content_height=0.0, margin.bottom=0.0, total_height=0.0, y after=5055.4
[LAYOUT] Child element: div (parent: body)
  parent.content: x=20.0, y=20.0
  parent.padding: left=20.0, top=20.0
  child.margin: left=0.0, top=0.0
  y (accumulated): 5055.4
  child.content: x=20.0 (was 20.0), y=5075.4 (was 5075.4)
  [UPDATE Y] child: div, content_height=405.5, margin.bottom=0.0, total_height=405.5, y after=5460.9
[LAYOUT] Child element: text (parent: body)
  parent.content: x=20.0, y=20.0
  parent.padding: left=20.0, top=20.0
  child.margin: left=0.0, top=0.0
  y (accumulated): 5460.9
  child.content: x=20.0 (was 20.0), y=5480.9 (was 5480.9)
  [UPDATE Y] child: text, content_height=0.0, margin.bottom=0.0, total_height=0.0, y after=5460.9
  [UPDATE Y] child: div, content_height=222.4, margin.bottom=0.0, total_height=222.4, y after=222.4
  [UPDATE Y] child: div, content_height=91.2, margin.bottom=0.0, total_height=91.2, y after=245.4
  [UPDATE Y] child: div, content_height=294.4, margin.bottom=0.0, total_height=294.4, y after=516.8
  [UPDATE Y] child: div, content_height=516.8, margin.bottom=0.0, total_height=516.8, y after=622.3
  [UPDATE Y] child: div, content_height=115.2, margin.bottom=0.0, total_height=115.2, y after=737.5
[LAYOUT] Child element: div (parent: body)
  parent.content: x=20.0, y=20.0
  parent.padding: left=20.0, top=20.0
  child.margin: left=0.0, top=0.0
  y (accumulated): 5460.9
  child.content: x=20.0 (was 20.0), y=5480.9 (was 5480.9)
  [UPDATE Y] child: div, content_height=803.5, margin.bottom=0.0, total_height=803.5, y after=6264.4
[LAYOUT] Child element: text (parent: body)
  parent.content: x=20.0, y=20.0
  parent.padding: left=20.0, top=20.0
  child.margin: left=0.0, top=0.0
  y (accumulated): 6264.4
  child.content: x=20.0 (was 20.0), y=6284.4 (was 6284.4)
  [UPDATE Y] child: text, content_height=0.0, margin.bottom=0.0, total_height=0.0, y after=6264.4
[LAYOUT] Child element: div (parent: body)
  parent.content: x=20.0, y=20.0
  parent.padding: left=20.0, top=20.0
  child.margin: left=0.0, top=30.0
  y (accumulated): 6264.4
  child.content: x=20.0 (was 20.0), y=6314.4 (was 6314.4)
  [UPDATE Y] child: div, content_height=182.4, margin.bottom=0.0, total_height=182.4, y after=6446.8
[WIDTH DEBUG] h1: containing_block.width=1120.0, available_width=1120.0, calculated_width=1116.0
[WIDTH DEBUG] h1: containing_block.width=1086.0, available_width=1086.0, calculated_width=1086.0
[LAYOUT] Child element: h1 (parent: div)
  parent.content: x=20.0, y=111.4
  parent.padding: left=15.0, top=15.0
  child.margin: left=0.0, top=16.1
  y (accumulated): 15.0
  child.content: x=15.0 (was 15.0), y=142.5 (was 142.5)
  [UPDATE Y] child: h1, content_height=62.1, margin.bottom=16.1, total_height=78.2, y after=93.2
  [UPDATE Y] child: div, content_height=96.0, margin.bottom=0.0, total_height=96.0, y after=301.2
[WIDTH DEBUG] h1: containing_block.width=1086.0, available_width=1086.0, calculated_width=1086.0
  [UPDATE Y] child: div, content_height=59.2, margin.bottom=5.0, total_height=64.2, y after=138.2
  [UPDATE Y] child: div, content_height=59.2, margin.bottom=5.0, total_height=64.2, y after=202.4
  [UPDATE Y] child: div, content_height=59.2, margin.bottom=0.0, total_height=59.2, y after=267.8
  [UPDATE Y] child: div, content_height=99.2, margin.bottom=5.0, total_height=104.2, y after=119.2
  [UPDATE Y] child: div, content_height=99.2, margin.bottom=5.0, total_height=104.2, y after=223.4
  [UPDATE Y] child: div, content_height=99.2, margin.bottom=5.0, total_height=104.2, y after=327.6
  [UPDATE Y] child: div, content_height=99.2, margin.bottom=5.0, total_height=104.2, y after=431.8
  [UPDATE Y] child: div, content_height=99.2, margin.bottom=5.0, total_height=104.2, y after=536.0
  [UPDATE Y] child: div, content_height=585.0, margin.bottom=0.0, total_height=585.0, y after=697.1
  [UPDATE Y] child: div, content_height=99.2, margin.bottom=5.0, total_height=104.2, y after=119.2
  [UPDATE Y] child: div, content_height=99.2, margin.bottom=5.0, total_height=104.2, y after=223.4
  [UPDATE Y] child: div, content_height=99.2, margin.bottom=5.0, total_height=104.2, y after=327.6
  [UPDATE Y] child: div, content_height=334.0, margin.bottom=0.0, total_height=334.0, y after=1031.1
  [UPDATE Y] child: div, content_height=79.2, margin.bottom=0.0, total_height=79.2, y after=94.2
  [UPDATE Y] child: div, content_height=79.2, margin.bottom=0.0, total_height=79.2, y after=173.4
  [UPDATE Y] child: div, content_height=79.2, margin.bottom=0.0, total_height=79.2, y after=252.6
  [UPDATE Y] child: div, content_height=79.2, margin.bottom=0.0, total_height=79.2, y after=331.8
  [UPDATE Y] child: div, content_height=79.2, margin.bottom=0.0, total_height=79.2, y after=411.0
  [UPDATE Y] child: div, content_height=79.2, margin.bottom=0.0, total_height=79.2, y after=490.2
  [UPDATE Y] child: div, content_height=79.2, margin.bottom=0.0, total_height=79.2, y after=569.4
  [UPDATE Y] child: div, content_height=79.2, margin.bottom=0.0, total_height=79.2, y after=648.6
  [UPDATE Y] child: div, content_height=697.6, margin.bottom=0.0, total_height=697.6, y after=809.7
  [UPDATE Y] child: div, content_height=117.2, margin.bottom=0.0, total_height=117.2, y after=273.9
  [UPDATE Y] child: div, content_height=71.2, margin.bottom=2.0, total_height=73.2, y after=132.4
  [UPDATE Y] child: div, content_height=160.4, margin.bottom=3.0, total_height=163.4, y after=224.6
  [UPDATE Y] child: div, content_height=258.6, margin.bottom=5.0, total_height=263.6, y after=364.1
  [UPDATE Y] child: div, content_height=71.2, margin.bottom=2.0, total_height=73.2, y after=132.4
  [UPDATE Y] child: div, content_height=160.4, margin.bottom=3.0, total_height=163.4, y after=224.6
  [UPDATE Y] child: div, content_height=71.2, margin.bottom=2.0, total_height=73.2, y after=132.4
  [UPDATE Y] child: div, content_height=222.4, margin.bottom=0.0, total_height=222.4, y after=222.4
  [UPDATE Y] child: div, content_height=91.2, margin.bottom=0.0, total_height=91.2, y after=245.4
  [UPDATE Y] child: div, content_height=294.4, margin.bottom=0.0, total_height=294.4, y after=516.8
  [UPDATE Y] child: div, content_height=516.8, margin.bottom=0.0, total_height=516.8, y after=622.3
  [UPDATE Y] child: div, content_height=115.2, margin.bottom=0.0, total_height=115.2, y after=737.5
[STYLE] h1 font-size parsed: 32.0px
[STYLE] p font-size parsed: 32.0px
[LAYOUT] Element: html, is_root: true
  margin: top=0.0, right=0.0, bottom=0.0, left=0.0
  padding: top=0.0, right=0.0, bottom=0.0, left=0.0
  content: x=0.0, y=0.0, width=1200.0, height=0.0
  containing_block: width=1200.0, height=800.0
[LAYOUT] Root element (html) position set to (0, 0)
[LAYOUT] Element: body, is_root: false
  margin: top=0.0, right=0.0, bottom=0.0, left=0.0
  padding: top=20.0, right=20.0, bottom=20.0, left=20.0
  content: x=0.0, y=0.0, width=1160.0, height=0.0
  containing_block: width=1200.0, height=800.0
[LAYOUT] Body element position set: x=0.0, y=0.0 (margin: left=0.0, top=0.0)
[LAYOUT] Element: html, is_root: false
  margin: top=0.0, right=0.0, bottom=0.0, left=0.0
  padding: top=0.0, right=0.0, bottom=0.0, left=0.0
  content: x=0.0, y=0.0, width=1160.0, height=0.0
  containing_block: width=1160.0, height=800.0
[LAYOUT] Element: body, is_root: false
  margin: top=0.0, right=0.0, bottom=0.0, left=0.0
  padding: top=20.0, right=20.0, bottom=20.0, left=20.0
  content: x=0.0, y=0.0, width=1120.0, height=0.0
  containing_block: width=1160.0, height=800.0
[LAYOUT] Body element position set: x=0.0, y=0.0 (margin: left=0.0, top=0.0)
[CONTAINING BLOCK] body.content.width=1120.0, child_containing_block.width=1120.0
[WIDTH DEBUG] h1: containing_block.width=1120.0, available_width=1120.0, calculated_width=1120.0
  [TEXT HEIGHT] text: "ZBrowser功能测试...", font_size=32.0, line_height=46.0, height=46.0
[LAYOUT] Child element: h1 (parent: body)
  parent.content: x=0.0, y=0.0
  parent.padding: left=20.0, top=20.0
  child.margin: left=0.0, top=21.4
  y (accumulated): 20.0
  child.content: x=20.0 (was 0.0), y=41.4 (was 0.0)
  [UPDATE Y] child: h1, content_height=50.0, margin.bottom=21.4, total_height=71.4, y after=91.4
[LAYOUT] Child element: text (parent: body)
  parent.content: x=0.0, y=0.0
  parent.padding: left=20.0, top=20.0
  child.margin: left=0.0, top=0.0
  y (accumulated): 91.4
  child.content: x=20.0 (was 0.0), y=91.4 (was 0.0)
  [UPDATE Y] child: text, content_height=0.0, margin.bottom=0.0, total_height=0.0, y after=91.4
[WIDTH DEBUG] h1: containing_block.width=1086.0, available_width=1086.0, calculated_width=1086.0
  [TEXT HEIGHT] text: "块级布局测试...", font_size=32.0, line_height=46.0, height=46.0
[LAYOUT] Child element: h1 (parent: div)
  parent.content: x=0.0, y=0.0
  parent.padding: left=15.0, top=15.0
  child.margin: left=0.0, top=16.1
  y (accumulated): 15.0
  child.content: x=15.0 (was 0.0), y=31.1 (was 0.0)
  [UPDATE Y] child: h1, content_height=62.1, margin.bottom=16.1, total_height=78.2, y after=93.2
  [TEXT HEIGHT] text: "这是一个块级�...", font_size=16.0, line_height=24.0, height=24.0
  [TEXT HEIGHT] text: "这是另一个段�...", font_size=16.0, line_height=24.0, height=24.0
  [TEXT HEIGHT] text: "嵌套的div块级�...", font_size=16.0, line_height=24.0, height=24.0
  [UPDATE Y] child: div, content_height=96.0, margin.bottom=0.0, total_height=96.0, y after=301.2
[LAYOUT] Child element: div (parent: body)
  parent.content: x=0.0, y=0.0
  parent.padding: left=20.0, top=20.0
  child.margin: left=0.0, top=0.0
  y (accumulated): 91.4
  child.content: x=20.0 (was 0.0), y=91.4 (was 0.0)
  [UPDATE Y] child: div, content_height=350.2, margin.bottom=0.0, total_height=350.2, y after=441.6
[LAYOUT] Child element: text (parent: body)
  parent.content: x=0.0, y=0.0
  parent.padding: left=20.0, top=20.0
  child.margin: left=0.0, top=0.0
  y (accumulated): 441.6
  child.content: x=20.0 (was 0.0), y=441.6 (was 0.0)
  [UPDATE Y] child: text, content_height=0.0, margin.bottom=0.0, total_height=0.0, y after=441.6
  [TEXT HEIGHT] text: "
      这是行内�...", font_size=16.0, line_height=19.2, height=19.2
  [TEXT HEIGHT] text: "行内元素不会�...", font_size=16.0, line_height=19.2, height=19.2
[LAYOUT] Child element: div (parent: body)
  parent.content: x=0.0, y=0.0
  parent.padding: left=20.0, top=20.0
  child.margin: left=0.0, top=0.0
  y (accumulated): 441.6
  child.content: x=20.0 (was 0.0), y=441.6 (was 0.0)
  [UPDATE Y] child: div, content_height=329.4, margin.bottom=0.0, total_height=329.4, y after=771.0
[LAYOUT] Child element: text (parent: body)
  parent.content: x=0.0, y=0.0
  parent.padding: left=20.0, top=20.0
  child.margin: left=0.0, top=0.0
  y (accumulated): 771.0
  child.content: x=20.0 (was 0.0), y=771.0 (was 0.0)
  [UPDATE Y] child: text, content_height=0.0, margin.bottom=0.0, total_height=0.0, y after=771.0
  [UPDATE Y] child: div, content_height=59.2, margin.bottom=5.0, total_height=64.2, y after=138.2
  [UPDATE Y] child: div, content_height=59.2, margin.bottom=5.0, total_height=64.2, y after=202.4
[LAYOUT] Child element: div (parent: body)
  parent.content: x=0.0, y=0.0
  parent.padding: left=20.0, top=20.0
  child.margin: left=0.0, top=0.0
  y (accumulated): 771.0
  child.content: x=20.0 (was 0.0), y=771.0 (was 0.0)
  [UPDATE Y] child: div, content_height=334.0, margin.bottom=0.0, total_height=334.0, y after=1105.0
[LAYOUT] Child element: text (parent: body)
  parent.content: x=0.0, y=0.0
  parent.padding: left=20.0, top=20.0
  child.margin: left=0.0, top=0.0
  y (accumulated): 1105.0
  child.content: x=20.0 (was 0.0), y=1105.0 (was 0.0)
  [UPDATE Y] child: text, content_height=0.0, margin.bottom=0.0, total_height=0.0, y after=1105.0
  [TEXT HEIGHT] text: "左浮动元素...", font_size=16.0, line_height=19.2, height=19.2
  [TEXT HEIGHT] text: "这个元素会浮�...", font_size=16.0, line_height=19.2, height=19.2
  [TEXT HEIGHT] text: "右浮动元素...", font_size=16.0, line_height=19.2, height=19.2
  [TEXT HEIGHT] text: "这个元素会浮�...", font_size=16.0, line_height=19.2, height=19.2
  [TEXT HEIGHT] text: "这是正常流中�...", font_size=16.0, line_height=19.2, height=19.2
  [UPDATE Y] child: div, content_height=59.2, margin.bottom=0.0, total_height=59.2, y after=287.8
[LAYOUT] Child element: div (parent: body)
  parent.content: x=0.0, y=0.0
  parent.padding: left=20.0, top=20.0
  child.margin: left=0.0, top=0.0
  y (accumulated): 1105.0
  child.content: x=20.0 (was 0.0), y=1105.0 (was 0.0)
  [UPDATE Y] child: div, content_height=336.8, margin.bottom=0.0, total_height=336.8, y after=1441.8
[LAYOUT] Child element: text (parent: body)
  parent.content: x=0.0, y=0.0
  parent.padding: left=20.0, top=20.0
  child.margin: left=0.0, top=0.0
  y (accumulated): 1441.8
  child.content: x=20.0 (was 0.0), y=1441.8 (was 0.0)
  [UPDATE Y] child: text, content_height=0.0, margin.bottom=0.0, total_height=0.0, y after=1441.8
  [UPDATE Y] child: div, content_height=99.2, margin.bottom=5.0, total_height=104.2, y after=119.2
  [UPDATE Y] child: div, content_height=99.2, margin.bottom=5.0, total_height=104.2, y after=223.4
  [UPDATE Y] child: div, content_height=99.2, margin.bottom=5.0, total_height=104.2, y after=327.6
  [UPDATE Y] child: div, content_height=99.2, margin.bottom=5.0, total_height=104.2, y after=431.8
  [UPDATE Y] child: div, content_height=99.2, margin.bottom=5.0, total_height=104.2, y after=536.0
  [UPDATE Y] child: div, content_height=585.0, margin.bottom=0.0, total_height=585.0, y after=697.1
  [UPDATE Y] child: div, content_height=99.2, margin.bottom=5.0, total_height=104.2, y after=119.2
  [UPDATE Y] child: div, content_height=99.2, margin.bottom=5.0, total_height=104.2, y after=223.4
  [UPDATE Y] child: div, content_height=99.2, margin.bottom=5.0, total_height=104.2, y after=327.6
  [UPDATE Y] child: div, content_height=334.0, margin.bottom=0.0, total_height=334.0, y after=1031.1
[LAYOUT] Child element: div (parent: body)
  parent.content: x=0.0, y=0.0
  parent.padding: left=20.0, top=20.0
  child.margin: left=0.0, top=0.0
  y (accumulated): 1441.8
  child.content: x=20.0 (was 0.0), y=1441.8 (was 0.0)
  [UPDATE Y] child: div, content_height=1031.1, margin.bottom=0.0, total_height=1031.1, y after=2472.8
[LAYOUT] Child element: text (parent: body)
  parent.content: x=0.0, y=0.0
  parent.padding: left=20.0, top=20.0
  child.margin: left=0.0, top=0.0
  y (accumulated): 2472.8
  child.content: x=20.0 (was 0.0), y=2472.8 (was 0.0)
  [UPDATE Y] child: text, content_height=0.0, margin.bottom=0.0, total_height=0.0, y after=2472.8
  [UPDATE Y] child: div, content_height=79.2, margin.bottom=0.0, total_height=79.2, y after=94.2
  [UPDATE Y] child: div, content_height=79.2, margin.bottom=0.0, total_height=79.2, y after=173.4
  [UPDATE Y] child: div, content_height=79.2, margin.bottom=0.0, total_height=79.2, y after=252.6
  [UPDATE Y] child: div, content_height=79.2, margin.bottom=0.0, total_height=79.2, y after=331.8
  [UPDATE Y] child: div, content_height=79.2, margin.bottom=0.0, total_height=79.2, y after=411.0
  [UPDATE Y] child: div, content_height=79.2, margin.bottom=0.0, total_height=79.2, y after=490.2
  [UPDATE Y] child: div, content_height=79.2, margin.bottom=0.0, total_height=79.2, y after=569.4
  [UPDATE Y] child: div, content_height=79.2, margin.bottom=0.0, total_height=79.2, y after=648.6
  [UPDATE Y] child: div, content_height=697.6, margin.bottom=0.0, total_height=697.6, y after=809.7
[LAYOUT] Child element: div (parent: body)
  parent.content: x=0.0, y=0.0
  parent.padding: left=20.0, top=20.0
  child.margin: left=0.0, top=0.0
  y (accumulated): 2472.8
  child.content: x=20.0 (was 0.0), y=2472.8 (was 0.0)
  [UPDATE Y] child: div, content_height=809.7, margin.bottom=0.0, total_height=809.7, y after=3282.5
[LAYOUT] Child element: text (parent: body)
  parent.content: x=0.0, y=0.0
  parent.padding: left=20.0, top=20.0
  child.margin: left=0.0, top=0.0
  y (accumulated): 3282.5
  child.content: x=20.0 (was 0.0), y=3282.5 (was 0.0)
  [UPDATE Y] child: text, content_height=0.0, margin.bottom=0.0, total_height=0.0, y after=3282.5
  [TEXT HEIGHT] text: "大号文本（32px�...", font_size=16.0, line_height=19.2, height=19.2
  [TEXT HEIGHT] text: "中等文本（20px�...", font_size=16.0, line_height=19.2, height=19.2
  [TEXT HEIGHT] text: "小号文本（12px�...", font_size=16.0, line_height=19.2, height=19.2
  [TEXT HEIGHT] text: "下划线文本...", font_size=16.0, line_height=19.2, height=19.2
  [TEXT HEIGHT] text: "删除线文本...", font_size=16.0, line_height=19.2, height=19.2
[LAYOUT] Child element: div (parent: body)
  parent.content: x=0.0, y=0.0
  parent.padding: left=20.0, top=20.0
  child.margin: left=0.0, top=0.0
  y (accumulated): 3282.5
  child.content: x=20.0 (was 0.0), y=3282.5 (was 0.0)
  [UPDATE Y] child: div, content_height=405.5, margin.bottom=0.0, total_height=405.5, y after=3688.0
[LAYOUT] Child element: text (parent: body)
  parent.content: x=0.0, y=0.0
  parent.padding: left=20.0, top=20.0
  child.margin: left=0.0, top=0.0
  y (accumulated): 3688.0
  child.content: x=20.0 (was 0.0), y=3688.0 (was 0.0)
  [UPDATE Y] child: text, content_height=0.0, margin.bottom=0.0, total_height=0.0, y after=3688.0
  [TEXT HEIGHT] text: "这是一个测试�...", font_size=16.0, line_height=25.6, height=25.6
  [TEXT HEIGHT] text: "這是一個測試�...", font_size=16.0, line_height=25.6, height=25.6
  [TEXT HEIGHT] text: "これはテスト�...", font_size=16.0, line_height=25.6, height=25.6
  [TEXT HEIGHT] text: "이것은 테스트 ...", font_size=16.0, line_height=25.6, height=25.6
  [TEXT HEIGHT] text: "This is a test page ...", font_size=16.0, line_height=25.6, height=25.6
  [TEXT HEIGHT] text: "混合文本 Mixed T...", font_size=16.0, line_height=25.6, height=25.6
[LAYOUT] Child element: div (parent: body)
  parent.content: x=0.0, y=0.0
  parent.padding: left=20.0, top=20.0
  child.margin: left=0.0, top=0.0
  y (accumulated): 3688.0
  child.content: x=20.0 (was 0.0), y=3688.0 (was 0.0)
  [UPDATE Y] child: div, content_height=610.3, margin.bottom=0.0, total_height=610.3, y after=4298.4
[LAYOUT] Child element: text (parent: body)
  parent.content: x=0.0, y=0.0
  parent.padding: left=20.0, top=20.0
  child.margin: left=0.0, top=0.0
  y (accumulated): 4298.4
  child.content: x=20.0 (was 0.0), y=4298.4 (was 0.0)
  [UPDATE Y] child: text, content_height=0.0, margin.bottom=0.0, total_height=0.0, y after=4298.4
  [TEXT HEIGHT] text: "这个区域有实�...", font_size=16.0, line_height=19.2, height=19.2
  [TEXT HEIGHT] text: "这个区域有虚�...", font_size=16.0, line_height=19.2, height=19.2
  [UPDATE Y] child: div, content_height=117.2, margin.bottom=0.0, total_height=117.2, y after=273.9
[LAYOUT] Child element: div (parent: body)
  parent.content: x=0.0, y=0.0
  parent.padding: left=20.0, top=20.0
  child.margin: left=0.0, top=0.0
  y (accumulated): 4298.4
  child.content: x=20.0 (was 0.0), y=4298.4 (was 0.0)
  [UPDATE Y] child: div, content_height=343.9, margin.bottom=0.0, total_height=343.9, y after=4642.3
[LAYOUT] Child element: text (parent: body)
  parent.content: x=0.0, y=0.0
  parent.padding: left=20.0, top=20.0
  child.margin: left=0.0, top=0.0
  y (accumulated): 4642.3
  child.content: x=20.0 (was 0.0), y=4642.3 (was 0.0)
  [UPDATE Y] child: text, content_height=0.0, margin.bottom=0.0, total_height=0.0, y after=4642.3
  [TEXT HEIGHT] text: "第一层嵌套...", font_size=16.0, line_height=19.2, height=19.2
  [TEXT HEIGHT] text: "第二层嵌套...", font_size=16.0, line_height=19.2, height=19.2
  [TEXT HEIGHT] text: "第三层嵌套...", font_size=16.0, line_height=19.2, height=19.2
  [UPDATE Y] child: div, content_height=71.2, margin.bottom=2.0, total_height=73.2, y after=132.4
  [UPDATE Y] child: div, content_height=160.4, margin.bottom=3.0, total_height=163.4, y after=224.6
  [UPDATE Y] child: div, content_height=258.6, margin.bottom=5.0, total_height=263.6, y after=364.1
[LAYOUT] Child element: div (parent: body)
  parent.content: x=0.0, y=0.0
  parent.padding: left=20.0, top=20.0
  child.margin: left=0.0, top=0.0
  y (accumulated): 4642.3
  child.content: x=20.0 (was 0.0), y=4642.3 (was 0.0)
  [UPDATE Y] child: div, content_height=413.1, margin.bottom=0.0, total_height=413.1, y after=5055.4
[LAYOUT] Child element: text (parent: body)
  parent.content: x=0.0, y=0.0
  parent.padding: left=20.0, top=20.0
  child.margin: left=0.0, top=0.0
  y (accumulated): 5055.4
  child.content: x=20.0 (was 0.0), y=5055.4 (was 0.0)
  [UPDATE Y] child: text, content_height=0.0, margin.bottom=0.0, total_height=0.0, y after=5055.4
  [TEXT HEIGHT] text: "HTML实体：<div> &...", font_size=16.0, line_height=19.2, height=19.2
  [TEXT HEIGHT] text: "Unicode字符：© �...", font_size=16.0, line_height=19.2, height=19.2
  [TEXT HEIGHT] text: "数学符号：∑ �...", font_size=16.0, line_height=19.2, height=19.2
  [TEXT HEIGHT] text: "箭头符号：← �...", font_size=16.0, line_height=19.2, height=19.2
  [TEXT HEIGHT] text: "Emoji：😀 😃 �...", font_size=16.0, line_height=19.2, height=19.2
[LAYOUT] Child element: div (parent: body)
  parent.content: x=0.0, y=0.0
  parent.padding: left=20.0, top=20.0
  child.margin: left=0.0, top=0.0
  y (accumulated): 5055.4
  child.content: x=20.0 (was 0.0), y=5055.4 (was 0.0)
  [UPDATE Y] child: div, content_height=405.5, margin.bottom=0.0, total_height=405.5, y after=5460.9
[LAYOUT] Child element: text (parent: body)
  parent.content: x=0.0, y=0.0
  parent.padding: left=20.0, top=20.0
  child.margin: left=0.0, top=0.0
  y (accumulated): 5460.9
  child.content: x=20.0 (was 0.0), y=5460.9 (was 0.0)
  [UPDATE Y] child: text, content_height=0.0, margin.bottom=0.0, total_height=0.0, y after=5460.9
  [TEXT HEIGHT] text: "包含块级和行�...", font_size=16.0, line_height=19.2, height=19.2
  [UPDATE Y] child: div, content_height=222.4, margin.bottom=0.0, total_height=222.4, y after=222.4
  [TEXT HEIGHT] text: "另一个Flex子项�...", font_size=16.0, line_height=19.2, height=19.2
  [TEXT HEIGHT] text: "嵌套的div...", font_size=16.0, line_height=19.2, height=19.2
  [UPDATE Y] child: div, content_height=91.2, margin.bottom=0.0, total_height=91.2, y after=245.4
  [UPDATE Y] child: div, content_height=294.4, margin.bottom=0.0, total_height=294.4, y after=516.8
  [UPDATE Y] child: div, content_height=516.8, margin.bottom=0.0, total_height=516.8, y after=622.3
  [TEXT HEIGHT] text: "相对定位容器...", font_size=16.0, line_height=19.2, height=19.2
  [UPDATE Y] child: div, content_height=115.2, margin.bottom=0.0, total_height=115.2, y after=737.5
[LAYOUT] Child element: div (parent: body)
  parent.content: x=0.0, y=0.0
  parent.padding: left=20.0, top=20.0
  child.margin: left=0.0, top=0.0
  y (accumulated): 5460.9
  child.content: x=20.0 (was 0.0), y=5460.9 (was 0.0)
  [UPDATE Y] child: div, content_height=803.5, margin.bottom=0.0, total_height=803.5, y after=6264.4
[LAYOUT] Child element: text (parent: body)
  parent.content: x=0.0, y=0.0
  parent.padding: left=20.0, top=20.0
  child.margin: left=0.0, top=0.0
  y (accumulated): 6264.4
  child.content: x=20.0 (was 0.0), y=6264.4 (was 0.0)
  [UPDATE Y] child: text, content_height=0.0, margin.bottom=0.0, total_height=0.0, y after=6264.4
  [TEXT HEIGHT] text: "ZBrowser功能测试...", font_size=16.0, line_height=19.2, height=19.2
  [TEXT HEIGHT] text: "包含：块级布�...", font_size=16.0, line_height=19.2, height=19.2
[LAYOUT] Child element: div (parent: body)
  parent.content: x=0.0, y=0.0
  parent.padding: left=20.0, top=20.0
  child.margin: left=0.0, top=30.0
  y (accumulated): 6264.4
  child.content: x=20.0 (was 0.0), y=6294.4 (was 0.0)
  [UPDATE Y] child: div, content_height=182.4, margin.bottom=0.0, total_height=182.4, y after=6446.8
[LAYOUT] Child element: body (parent: html)
  parent.content: x=0.0, y=0.0
  parent.padding: left=0.0, top=0.0
  child.margin: left=0.0, top=0.0
  y (accumulated): 0.0
  child.content: x=0.0 (was 0.0), y=0.0 (was 0.0)
  [UPDATE Y] child: body, content_height=6506.8, margin.bottom=0.0, total_height=6506.8, y after=6506.8
[LAYOUT] Child element: !DOCTYPE (parent: body)
  parent.content: x=0.0, y=0.0
  parent.padding: left=20.0, top=20.0
  child.margin: left=0.0, top=0.0
  y (accumulated): 20.0
  child.content: x=20.0 (was 0.0), y=20.0 (was 0.0)
  [UPDATE Y] child: !DOCTYPE, content_height=6506.8, margin.bottom=0.0, total_height=6506.8, y after=6526.8
[LAYOUT] Child element: body (parent: html)
  parent.content: x=0.0, y=0.0
  parent.padding: left=0.0, top=0.0
  child.margin: left=0.0, top=0.0
  y (accumulated): 0.0
  child.content: x=0.0 (was 0.0), y=0.0 (was 0.0)
  [UPDATE Y] child: body, content_height=6586.8, margin.bottom=0.0, total_height=6586.8, y after=6586.8
[LAYOUT] Element: body, is_root: false
  margin: top=0.0, right=0.0, bottom=0.0, left=0.0
  padding: top=20.0, right=20.0, bottom=20.0, left=20.0
  content: x=0.0, y=0.0, width=1160.0, height=6546.8
  containing_block: width=1200.0, height=6586.8
[LAYOUT] Body element position set: x=0.0, y=0.0 (margin: left=0.0, top=0.0)
[LAYOUT] Element: html, is_root: false
  margin: top=0.0, right=0.0, bottom=0.0, left=0.0
  padding: top=0.0, right=0.0, bottom=0.0, left=0.0
  content: x=0.0, y=0.0, width=1160.0, height=6506.8
  containing_block: width=1160.0, height=6586.8
[LAYOUT] Element: body, is_root: false
  margin: top=0.0, right=0.0, bottom=0.0, left=0.0
  padding: top=20.0, right=20.0, bottom=20.0, left=20.0
  content: x=0.0, y=0.0, width=1120.0, height=6466.8
  containing_block: width=1160.0, height=6586.8
[LAYOUT] Body element position set: x=0.0, y=0.0 (margin: left=0.0, top=0.0)
[CONTAINING BLOCK] body.content.width=1120.0, child_containing_block.width=1120.0
[WIDTH DEBUG] h1: containing_block.width=1120.0, available_width=1120.0, calculated_width=1116.0
[LAYOUT] Child element: h1 (parent: body)
  parent.content: x=0.0, y=0.0
  parent.padding: left=20.0, top=20.0
  child.margin: left=0.0, top=21.4
  y (accumulated): 20.0
  child.content: x=20.0 (was 20.0), y=41.4 (was 41.4)
  [UPDATE Y] child: h1, content_height=50.0, margin.bottom=21.4, total_height=71.4, y after=91.4
[LAYOUT] Child element: text (parent: body)
  parent.content: x=0.0, y=0.0
  parent.padding: left=20.0, top=20.0
  child.margin: left=0.0, top=0.0
  y (accumulated): 91.4
  child.content: x=20.0 (was 20.0), y=91.4 (was 91.4)
  [UPDATE Y] child: text, content_height=0.0, margin.bottom=0.0, total_height=0.0, y after=91.4
[WIDTH DEBUG] h1: containing_block.width=1086.0, available_width=1086.0, calculated_width=1086.0
[LAYOUT] Child element: h1 (parent: div)
  parent.content: x=20.0, y=91.4
  parent.padding: left=15.0, top=15.0
  child.margin: left=0.0, top=16.1
  y (accumulated): 15.0
  child.content: x=15.0 (was 15.0), y=122.5 (was 31.1)
  [UPDATE Y] child: h1, content_height=62.1, margin.bottom=16.1, total_height=78.2, y after=93.2
  [UPDATE Y] child: div, content_height=96.0, margin.bottom=0.0, total_height=96.0, y after=301.2
[LAYOUT] Child element: div (parent: body)
  parent.content: x=0.0, y=0.0
  parent.padding: left=20.0, top=20.0
  child.margin: left=0.0, top=0.0
  y (accumulated): 91.4
  child.content: x=20.0 (was 20.0), y=91.4 (was 91.4)
  [UPDATE Y] child: div, content_height=350.2, margin.bottom=0.0, total_height=350.2, y after=441.6
[LAYOUT] Child element: text (parent: body)
  parent.content: x=0.0, y=0.0
  parent.padding: left=20.0, top=20.0
  child.margin: left=0.0, top=0.0
  y (accumulated): 441.6
  child.content: x=20.0 (was 20.0), y=441.6 (was 441.6)
  [UPDATE Y] child: text, content_height=0.0, margin.bottom=0.0, total_height=0.0, y after=441.6
[LAYOUT] Child element: div (parent: body)
  parent.content: x=0.0, y=0.0
  parent.padding: left=20.0, top=20.0
  child.margin: left=0.0, top=0.0
  y (accumulated): 441.6
  child.content: x=20.0 (was 20.0), y=441.6 (was 441.6)
  [UPDATE Y] child: div, content_height=329.4, margin.bottom=0.0, total_height=329.4, y after=771.0
[LAYOUT] Child element: text (parent: body)
  parent.content: x=0.0, y=0.0
  parent.padding: left=20.0, top=20.0
  child.margin: left=0.0, top=0.0
  y (accumulated): 771.0
  child.content: x=20.0 (was 20.0), y=771.0 (was 771.0)
  [UPDATE Y] child: text, content_height=0.0, margin.bottom=0.0, total_height=0.0, y after=771.0
  [UPDATE Y] child: div, content_height=59.2, margin.bottom=5.0, total_height=64.2, y after=138.2
  [UPDATE Y] child: div, content_height=59.2, margin.bottom=5.0, total_height=64.2, y after=202.4
[LAYOUT] Child element: div (parent: body)
  parent.content: x=0.0, y=0.0
  parent.padding: left=20.0, top=20.0
  child.margin: left=0.0, top=0.0
  y (accumulated): 771.0
  child.content: x=20.0 (was 20.0), y=771.0 (was 771.0)
  [UPDATE Y] child: div, content_height=334.0, margin.bottom=0.0, total_height=334.0, y after=1105.0
[LAYOUT] Child element: text (parent: body)
  parent.content: x=0.0, y=0.0
  parent.padding: left=20.0, top=20.0
  child.margin: left=0.0, top=0.0
  y (accumulated): 1105.0
  child.content: x=20.0 (was 20.0), y=1105.0 (was 1105.0)
  [UPDATE Y] child: text, content_height=0.0, margin.bottom=0.0, total_height=0.0, y after=1105.0
  [UPDATE Y] child: div, content_height=59.2, margin.bottom=0.0, total_height=59.2, y after=287.8
[LAYOUT] Child element: div (parent: body)
  parent.content: x=0.0, y=0.0
  parent.padding: left=20.0, top=20.0
  child.margin: left=0.0, top=0.0
  y (accumulated): 1105.0
  child.content: x=20.0 (was 20.0), y=1105.0 (was 1105.0)
  [UPDATE Y] child: div, content_height=336.8, margin.bottom=0.0, total_height=336.8, y after=1441.8
[LAYOUT] Child element: text (parent: body)
  parent.content: x=0.0, y=0.0
  parent.padding: left=20.0, top=20.0
  child.margin: left=0.0, top=0.0
  y (accumulated): 1441.8
  child.content: x=20.0 (was 20.0), y=1441.8 (was 1441.8)
  [UPDATE Y] child: text, content_height=0.0, margin.bottom=0.0, total_height=0.0, y after=1441.8
  [UPDATE Y] child: div, content_height=99.2, margin.bottom=5.0, total_height=104.2, y after=119.2
  [UPDATE Y] child: div, content_height=99.2, margin.bottom=5.0, total_height=104.2, y after=223.4
  [UPDATE Y] child: div, content_height=99.2, margin.bottom=5.0, total_height=104.2, y after=327.6
  [UPDATE Y] child: div, content_height=99.2, margin.bottom=5.0, total_height=104.2, y after=431.8
  [UPDATE Y] child: div, content_height=99.2, margin.bottom=5.0, total_height=104.2, y after=536.0
  [UPDATE Y] child: div, content_height=585.0, margin.bottom=0.0, total_height=585.0, y after=697.1
  [UPDATE Y] child: div, content_height=99.2, margin.bottom=5.0, total_height=104.2, y after=119.2
  [UPDATE Y] child: div, content_height=99.2, margin.bottom=5.0, total_height=104.2, y after=223.4
  [UPDATE Y] child: div, content_height=99.2, margin.bottom=5.0, total_height=104.2, y after=327.6
  [UPDATE Y] child: div, content_height=334.0, margin.bottom=0.0, total_height=334.0, y after=1031.1
[LAYOUT] Child element: div (parent: body)
  parent.content: x=0.0, y=0.0
  parent.padding: left=20.0, top=20.0
  child.margin: left=0.0, top=0.0
  y (accumulated): 1441.8
  child.content: x=20.0 (was 20.0), y=1441.8 (was 1441.8)
  [UPDATE Y] child: div, content_height=1031.1, margin.bottom=0.0, total_height=1031.1, y after=2472.8
[LAYOUT] Child element: text (parent: body)
  parent.content: x=0.0, y=0.0
  parent.padding: left=20.0, top=20.0
  child.margin: left=0.0, top=0.0
  y (accumulated): 2472.8
  child.content: x=20.0 (was 20.0), y=2472.8 (was 2472.8)
  [UPDATE Y] child: text, content_height=0.0, margin.bottom=0.0, total_height=0.0, y after=2472.8
  [UPDATE Y] child: div, content_height=79.2, margin.bottom=0.0, total_height=79.2, y after=94.2
  [UPDATE Y] child: div, content_height=79.2, margin.bottom=0.0, total_height=79.2, y after=173.4
  [UPDATE Y] child: div, content_height=79.2, margin.bottom=0.0, total_height=79.2, y after=252.6
  [UPDATE Y] child: div, content_height=79.2, margin.bottom=0.0, total_height=79.2, y after=331.8
  [UPDATE Y] child: div, content_height=79.2, margin.bottom=0.0, total_height=79.2, y after=411.0
  [UPDATE Y] child: div, content_height=79.2, margin.bottom=0.0, total_height=79.2, y after=490.2
  [UPDATE Y] child: div, content_height=79.2, margin.bottom=0.0, total_height=79.2, y after=569.4
  [UPDATE Y] child: div, content_height=79.2, margin.bottom=0.0, total_height=79.2, y after=648.6
  [UPDATE Y] child: div, content_height=697.6, margin.bottom=0.0, total_height=697.6, y after=809.7
[LAYOUT] Child element: div (parent: body)
  parent.content: x=0.0, y=0.0
  parent.padding: left=20.0, top=20.0
  child.margin: left=0.0, top=0.0
  y (accumulated): 2472.8
  child.content: x=20.0 (was 20.0), y=2472.8 (was 2472.8)
  [UPDATE Y] child: div, content_height=809.7, margin.bottom=0.0, total_height=809.7, y after=3282.5
[LAYOUT] Child element: text (parent: body)
  parent.content: x=0.0, y=0.0
  parent.padding: left=20.0, top=20.0
  child.margin: left=0.0, top=0.0
  y (accumulated): 3282.5
  child.content: x=20.0 (was 20.0), y=3282.5 (was 3282.5)
  [UPDATE Y] child: text, content_height=0.0, margin.bottom=0.0, total_height=0.0, y after=3282.5
[LAYOUT] Child element: div (parent: body)
  parent.content: x=0.0, y=0.0
  parent.padding: left=20.0, top=20.0
  child.margin: left=0.0, top=0.0
  y (accumulated): 3282.5
  child.content: x=20.0 (was 20.0), y=3282.5 (was 3282.5)
  [UPDATE Y] child: div, content_height=405.5, margin.bottom=0.0, total_height=405.5, y after=3688.0
[LAYOUT] Child element: text (parent: body)
  parent.content: x=0.0, y=0.0
  parent.padding: left=20.0, top=20.0
  child.margin: left=0.0, top=0.0
  y (accumulated): 3688.0
  child.content: x=20.0 (was 20.0), y=3688.0 (was 3688.0)
  [UPDATE Y] child: text, content_height=0.0, margin.bottom=0.0, total_height=0.0, y after=3688.0
[LAYOUT] Child element: div (parent: body)
  parent.content: x=0.0, y=0.0
  parent.padding: left=20.0, top=20.0
  child.margin: left=0.0, top=0.0
  y (accumulated): 3688.0
  child.content: x=20.0 (was 20.0), y=3688.0 (was 3688.0)
  [UPDATE Y] child: div, content_height=610.3, margin.bottom=0.0, total_height=610.3, y after=4298.4
[LAYOUT] Child element: text (parent: body)
  parent.content: x=0.0, y=0.0
  parent.padding: left=20.0, top=20.0
  child.margin: left=0.0, top=0.0
  y (accumulated): 4298.4
  child.content: x=20.0 (was 20.0), y=4298.4 (was 4298.4)
  [UPDATE Y] child: text, content_height=0.0, margin.bottom=0.0, total_height=0.0, y after=4298.4
  [UPDATE Y] child: div, content_height=117.2, margin.bottom=0.0, total_height=117.2, y after=273.9
[LAYOUT] Child element: div (parent: body)
  parent.content: x=0.0, y=0.0
  parent.padding: left=20.0, top=20.0
  child.margin: left=0.0, top=0.0
  y (accumulated): 4298.4
  child.content: x=20.0 (was 20.0), y=4298.4 (was 4298.4)
  [UPDATE Y] child: div, content_height=343.9, margin.bottom=0.0, total_height=343.9, y after=4642.3
[LAYOUT] Child element: text (parent: body)
  parent.content: x=0.0, y=0.0
  parent.padding: left=20.0, top=20.0
  child.margin: left=0.0, top=0.0
  y (accumulated): 4642.3
  child.content: x=20.0 (was 20.0), y=4642.3 (was 4642.3)
  [UPDATE Y] child: text, content_height=0.0, margin.bottom=0.0, total_height=0.0, y after=4642.3
  [UPDATE Y] child: div, content_height=71.2, margin.bottom=2.0, total_height=73.2, y after=132.4
  [UPDATE Y] child: div, content_height=160.4, margin.bottom=3.0, total_height=163.4, y after=224.6
  [UPDATE Y] child: div, content_height=258.6, margin.bottom=5.0, total_height=263.6, y after=364.1
[LAYOUT] Child element: div (parent: body)
  parent.content: x=0.0, y=0.0
  parent.padding: left=20.0, top=20.0
  child.margin: left=0.0, top=0.0
  y (accumulated): 4642.3
  child.content: x=20.0 (was 20.0), y=4642.3 (was 4642.3)
  [UPDATE Y] child: div, content_height=413.1, margin.bottom=0.0, total_height=413.1, y after=5055.4
[LAYOUT] Child element: text (parent: body)
  parent.content: x=0.0, y=0.0
  parent.padding: left=20.0, top=20.0
  child.margin: left=0.0, top=0.0
  y (accumulated): 5055.4
  child.content: x=20.0 (was 20.0), y=5055.4 (was 5055.4)
  [UPDATE Y] child: text, content_height=0.0, margin.bottom=0.0, total_height=0.0, y after=5055.4
[LAYOUT] Child element: div (parent: body)
  parent.content: x=0.0, y=0.0
  parent.padding: left=20.0, top=20.0
  child.margin: left=0.0, top=0.0
  y (accumulated): 5055.4
  child.content: x=20.0 (was 20.0), y=5055.4 (was 5055.4)
  [UPDATE Y] child: div, content_height=405.5, margin.bottom=0.0, total_height=405.5, y after=5460.9
[LAYOUT] Child element: text (parent: body)
  parent.content: x=0.0, y=0.0
  parent.padding: left=20.0, top=20.0
  child.margin: left=0.0, top=0.0
  y (accumulated): 5460.9
  child.content: x=20.0 (was 20.0), y=5460.9 (was 5460.9)
  [UPDATE Y] child: text, content_height=0.0, margin.bottom=0.0, total_height=0.0, y after=5460.9
  [UPDATE Y] child: div, content_height=222.4, margin.bottom=0.0, total_height=222.4, y after=222.4
  [UPDATE Y] child: div, content_height=91.2, margin.bottom=0.0, total_height=91.2, y after=245.4
  [UPDATE Y] child: div, content_height=294.4, margin.bottom=0.0, total_height=294.4, y after=516.8
  [UPDATE Y] child: div, content_height=516.8, margin.bottom=0.0, total_height=516.8, y after=622.3
  [UPDATE Y] child: div, content_height=115.2, margin.bottom=0.0, total_height=115.2, y after=737.5
[LAYOUT] Child element: div (parent: body)
  parent.content: x=0.0, y=0.0
  parent.padding: left=20.0, top=20.0
  child.margin: left=0.0, top=0.0
  y (accumulated): 5460.9
  child.content: x=20.0 (was 20.0), y=5460.9 (was 5460.9)
  [UPDATE Y] child: div, content_height=803.5, margin.bottom=0.0, total_height=803.5, y after=6264.4
[LAYOUT] Child element: text (parent: body)
  parent.content: x=0.0, y=0.0
  parent.padding: left=20.0, top=20.0
  child.margin: left=0.0, top=0.0
  y (accumulated): 6264.4
  child.content: x=20.0 (was 20.0), y=6264.4 (was 6264.4)
  [UPDATE Y] child: text, content_height=0.0, margin.bottom=0.0, total_height=0.0, y after=6264.4
[LAYOUT] Child element: div (parent: body)
  parent.content: x=0.0, y=0.0
  parent.padding: left=20.0, top=20.0
  child.margin: left=0.0, top=30.0
  y (accumulated): 6264.4
  child.content: x=20.0 (was 20.0), y=6294.4 (was 6294.4)
  [UPDATE Y] child: div, content_height=182.4, margin.bottom=0.0, total_height=182.4, y after=6446.8
[LAYOUT] Child element: body (parent: html)
  parent.content: x=0.0, y=0.0
  parent.padding: left=0.0, top=0.0
  child.margin: left=0.0, top=0.0
  y (accumulated): 0.0
  child.content: x=0.0 (was 0.0), y=0.0 (was 0.0)
  [UPDATE Y] child: body, content_height=6506.8, margin.bottom=0.0, total_height=6506.8, y after=6506.8
[LAYOUT] Child element: !DOCTYPE (parent: body)
  parent.content: x=0.0, y=0.0
  parent.padding: left=20.0, top=20.0
  child.margin: left=0.0, top=0.0
  y (accumulated): 20.0
  child.content: x=20.0 (was 20.0), y=20.0 (was 20.0)
  [UPDATE Y] child: !DOCTYPE, content_height=6506.8, margin.bottom=0.0, total_height=6506.8, y after=6526.8
[LAYOUT] Element: html, is_root: false
  margin: top=0.0, right=0.0, bottom=0.0, left=0.0
  padding: top=0.0, right=0.0, bottom=0.0, left=0.0
  content: x=20.0, y=20.0, width=1160.0, height=6506.8
  containing_block: width=1160.0, height=6546.8
[LAYOUT] Element: body, is_root: false
  margin: top=0.0, right=0.0, bottom=0.0, left=0.0
  padding: top=20.0, right=20.0, bottom=20.0, left=20.0
  content: x=0.0, y=0.0, width=1120.0, height=6466.8
  containing_block: width=1160.0, height=6546.8
[LAYOUT WARNING] html.content is not (0, 0): x=20.0, y=20.0
[LAYOUT] Body element position set: x=0.0, y=0.0 (margin: left=0.0, top=0.0)
[CONTAINING BLOCK] body.content.width=1120.0, child_containing_block.width=1120.0
[WIDTH DEBUG] h1: containing_block.width=1120.0, available_width=1120.0, calculated_width=1116.0
[LAYOUT] Child element: h1 (parent: body)
  parent.content: x=0.0, y=0.0
  parent.padding: left=20.0, top=20.0
  child.margin: left=0.0, top=21.4
  y (accumulated): 20.0
  child.content: x=20.0 (was 20.0), y=41.4 (was 41.4)
  [UPDATE Y] child: h1, content_height=50.0, margin.bottom=21.4, total_height=71.4, y after=91.4
[LAYOUT] Child element: text (parent: body)
  parent.content: x=0.0, y=0.0
  parent.padding: left=20.0, top=20.0
  child.margin: left=0.0, top=0.0
  y (accumulated): 91.4
  child.content: x=20.0 (was 20.0), y=91.4 (was 91.4)
  [UPDATE Y] child: text, content_height=0.0, margin.bottom=0.0, total_height=0.0, y after=91.4
[WIDTH DEBUG] h1: containing_block.width=1086.0, available_width=1086.0, calculated_width=1086.0
[LAYOUT] Child element: h1 (parent: div)
  parent.content: x=20.0, y=91.4
  parent.padding: left=15.0, top=15.0
  child.margin: left=0.0, top=16.1
  y (accumulated): 15.0
  child.content: x=15.0 (was 15.0), y=122.5 (was 122.5)
  [UPDATE Y] child: h1, content_height=62.1, margin.bottom=16.1, total_height=78.2, y after=93.2
  [UPDATE Y] child: div, content_height=96.0, margin.bottom=0.0, total_height=96.0, y after=301.2
[LAYOUT] Child element: div (parent: body)
  parent.content: x=0.0, y=0.0
  parent.padding: left=20.0, top=20.0
  child.margin: left=0.0, top=0.0
  y (accumulated): 91.4
  child.content: x=20.0 (was 20.0), y=91.4 (was 91.4)
  [UPDATE Y] child: div, content_height=350.2, margin.bottom=0.0, total_height=350.2, y after=441.6
[LAYOUT] Child element: text (parent: body)
  parent.content: x=0.0, y=0.0
  parent.padding: left=20.0, top=20.0
  child.margin: left=0.0, top=0.0
  y (accumulated): 441.6
  child.content: x=20.0 (was 20.0), y=441.6 (was 441.6)
  [UPDATE Y] child: text, content_height=0.0, margin.bottom=0.0, total_height=0.0, y after=441.6
[LAYOUT] Child element: div (parent: body)
  parent.content: x=0.0, y=0.0
  parent.padding: left=20.0, top=20.0
  child.margin: left=0.0, top=0.0
  y (accumulated): 441.6
  child.content: x=20.0 (was 20.0), y=441.6 (was 441.6)
  [UPDATE Y] child: div, content_height=329.4, margin.bottom=0.0, total_height=329.4, y after=771.0
[LAYOUT] Child element: text (parent: body)
  parent.content: x=0.0, y=0.0
  parent.padding: left=20.0, top=20.0
  child.margin: left=0.0, top=0.0
  y (accumulated): 771.0
  child.content: x=20.0 (was 20.0), y=771.0 (was 771.0)
  [UPDATE Y] child: text, content_height=0.0, margin.bottom=0.0, total_height=0.0, y after=771.0
  [UPDATE Y] child: div, content_height=59.2, margin.bottom=5.0, total_height=64.2, y after=138.2
  [UPDATE Y] child: div, content_height=59.2, margin.bottom=5.0, total_height=64.2, y after=202.4
[LAYOUT] Child element: div (parent: body)
  parent.content: x=0.0, y=0.0
  parent.padding: left=20.0, top=20.0
  child.margin: left=0.0, top=0.0
  y (accumulated): 771.0
  child.content: x=20.0 (was 20.0), y=771.0 (was 771.0)
  [UPDATE Y] child: div, content_height=334.0, margin.bottom=0.0, total_height=334.0, y after=1105.0
[LAYOUT] Child element: text (parent: body)
  parent.content: x=0.0, y=0.0
  parent.padding: left=20.0, top=20.0
  child.margin: left=0.0, top=0.0
  y (accumulated): 1105.0
  child.content: x=20.0 (was 20.0), y=1105.0 (was 1105.0)
  [UPDATE Y] child: text, content_height=0.0, margin.bottom=0.0, total_height=0.0, y after=1105.0
  [UPDATE Y] child: div, content_height=59.2, margin.bottom=0.0, total_height=59.2, y after=287.8
[LAYOUT] Child element: div (parent: body)
  parent.content: x=0.0, y=0.0
  parent.padding: left=20.0, top=20.0
  child.margin: left=0.0, top=0.0
  y (accumulated): 1105.0
  child.content: x=20.0 (was 20.0), y=1105.0 (was 1105.0)
  [UPDATE Y] child: div, content_height=336.8, margin.bottom=0.0, total_height=336.8, y after=1441.8
[LAYOUT] Child element: text (parent: body)
  parent.content: x=0.0, y=0.0
  parent.padding: left=20.0, top=20.0
  child.margin: left=0.0, top=0.0
  y (accumulated): 1441.8
  child.content: x=20.0 (was 20.0), y=1441.8 (was 1441.8)
  [UPDATE Y] child: text, content_height=0.0, margin.bottom=0.0, total_height=0.0, y after=1441.8
  [UPDATE Y] child: div, content_height=99.2, margin.bottom=5.0, total_height=104.2, y after=119.2
  [UPDATE Y] child: div, content_height=99.2, margin.bottom=5.0, total_height=104.2, y after=223.4
  [UPDATE Y] child: div, content_height=99.2, margin.bottom=5.0, total_height=104.2, y after=327.6
  [UPDATE Y] child: div, content_height=99.2, margin.bottom=5.0, total_height=104.2, y after=431.8
  [UPDATE Y] child: div, content_height=99.2, margin.bottom=5.0, total_height=104.2, y after=536.0
  [UPDATE Y] child: div, content_height=585.0, margin.bottom=0.0, total_height=585.0, y after=697.1
  [UPDATE Y] child: div, content_height=99.2, margin.bottom=5.0, total_height=104.2, y after=119.2
  [UPDATE Y] child: div, content_height=99.2, margin.bottom=5.0, total_height=104.2, y after=223.4
  [UPDATE Y] child: div, content_height=99.2, margin.bottom=5.0, total_height=104.2, y after=327.6
  [UPDATE Y] child: div, content_height=334.0, margin.bottom=0.0, total_height=334.0, y after=1031.1
[LAYOUT] Child element: div (parent: body)
  parent.content: x=0.0, y=0.0
  parent.padding: left=20.0, top=20.0
  child.margin: left=0.0, top=0.0
  y (accumulated): 1441.8
  child.content: x=20.0 (was 20.0), y=1441.8 (was 1441.8)
  [UPDATE Y] child: div, content_height=1031.1, margin.bottom=0.0, total_height=1031.1, y after=2472.8
[LAYOUT] Child element: text (parent: body)
  parent.content: x=0.0, y=0.0
  parent.padding: left=20.0, top=20.0
  child.margin: left=0.0, top=0.0
  y (accumulated): 2472.8
  child.content: x=20.0 (was 20.0), y=2472.8 (was 2472.8)
  [UPDATE Y] child: text, content_height=0.0, margin.bottom=0.0, total_height=0.0, y after=2472.8
  [UPDATE Y] child: div, content_height=79.2, margin.bottom=0.0, total_height=79.2, y after=94.2
  [UPDATE Y] child: div, content_height=79.2, margin.bottom=0.0, total_height=79.2, y after=173.4
  [UPDATE Y] child: div, content_height=79.2, margin.bottom=0.0, total_height=79.2, y after=252.6
  [UPDATE Y] child: div, content_height=79.2, margin.bottom=0.0, total_height=79.2, y after=331.8
  [UPDATE Y] child: div, content_height=79.2, margin.bottom=0.0, total_height=79.2, y after=411.0
  [UPDATE Y] child: div, content_height=79.2, margin.bottom=0.0, total_height=79.2, y after=490.2
  [UPDATE Y] child: div, content_height=79.2, margin.bottom=0.0, total_height=79.2, y after=569.4
  [UPDATE Y] child: div, content_height=79.2, margin.bottom=0.0, total_height=79.2, y after=648.6
  [UPDATE Y] child: div, content_height=697.6, margin.bottom=0.0, total_height=697.6, y after=809.7
[LAYOUT] Child element: div (parent: body)
  parent.content: x=0.0, y=0.0
  parent.padding: left=20.0, top=20.0
  child.margin: left=0.0, top=0.0
  y (accumulated): 2472.8
  child.content: x=20.0 (was 20.0), y=2472.8 (was 2472.8)
  [UPDATE Y] child: div, content_height=809.7, margin.bottom=0.0, total_height=809.7, y after=3282.5
[LAYOUT] Child element: text (parent: body)
  parent.content: x=0.0, y=0.0
  parent.padding: left=20.0, top=20.0
  child.margin: left=0.0, top=0.0
  y (accumulated): 3282.5
  child.content: x=20.0 (was 20.0), y=3282.5 (was 3282.5)
  [UPDATE Y] child: text, content_height=0.0, margin.bottom=0.0, total_height=0.0, y after=3282.5
[LAYOUT] Child element: div (parent: body)
  parent.content: x=0.0, y=0.0
  parent.padding: left=20.0, top=20.0
  child.margin: left=0.0, top=0.0
  y (accumulated): 3282.5
  child.content: x=20.0 (was 20.0), y=3282.5 (was 3282.5)
  [UPDATE Y] child: div, content_height=405.5, margin.bottom=0.0, total_height=405.5, y after=3688.0
[LAYOUT] Child element: text (parent: body)
  parent.content: x=0.0, y=0.0
  parent.padding: left=20.0, top=20.0
  child.margin: left=0.0, top=0.0
  y (accumulated): 3688.0
  child.content: x=20.0 (was 20.0), y=3688.0 (was 3688.0)
  [UPDATE Y] child: text, content_height=0.0, margin.bottom=0.0, total_height=0.0, y after=3688.0
[LAYOUT] Child element: div (parent: body)
  parent.content: x=0.0, y=0.0
  parent.padding: left=20.0, top=20.0
  child.margin: left=0.0, top=0.0
  y (accumulated): 3688.0
  child.content: x=20.0 (was 20.0), y=3688.0 (was 3688.0)
  [UPDATE Y] child: div, content_height=610.3, margin.bottom=0.0, total_height=610.3, y after=4298.4
[LAYOUT] Child element: text (parent: body)
  parent.content: x=0.0, y=0.0
  parent.padding: left=20.0, top=20.0
  child.margin: left=0.0, top=0.0
  y (accumulated): 4298.4
  child.content: x=20.0 (was 20.0), y=4298.4 (was 4298.4)
  [UPDATE Y] child: text, content_height=0.0, margin.bottom=0.0, total_height=0.0, y after=4298.4
  [UPDATE Y] child: div, content_height=117.2, margin.bottom=0.0, total_height=117.2, y after=273.9
[LAYOUT] Child element: div (parent: body)
  parent.content: x=0.0, y=0.0
  parent.padding: left=20.0, top=20.0
  child.margin: left=0.0, top=0.0
  y (accumulated): 4298.4
  child.content: x=20.0 (was 20.0), y=4298.4 (was 4298.4)
  [UPDATE Y] child: div, content_height=343.9, margin.bottom=0.0, total_height=343.9, y after=4642.3
[LAYOUT] Child element: text (parent: body)
  parent.content: x=0.0, y=0.0
  parent.padding: left=20.0, top=20.0
  child.margin: left=0.0, top=0.0
  y (accumulated): 4642.3
  child.content: x=20.0 (was 20.0), y=4642.3 (was 4642.3)
  [UPDATE Y] child: text, content_height=0.0, margin.bottom=0.0, total_height=0.0, y after=4642.3
  [UPDATE Y] child: div, content_height=71.2, margin.bottom=2.0, total_height=73.2, y after=132.4
  [UPDATE Y] child: div, content_height=160.4, margin.bottom=3.0, total_height=163.4, y after=224.6
  [UPDATE Y] child: div, content_height=258.6, margin.bottom=5.0, total_height=263.6, y after=364.1
[LAYOUT] Child element: div (parent: body)
  parent.content: x=0.0, y=0.0
  parent.padding: left=20.0, top=20.0
  child.margin: left=0.0, top=0.0
  y (accumulated): 4642.3
  child.content: x=20.0 (was 20.0), y=4642.3 (was 4642.3)
  [UPDATE Y] child: div, content_height=413.1, margin.bottom=0.0, total_height=413.1, y after=5055.4
[LAYOUT] Child element: text (parent: body)
  parent.content: x=0.0, y=0.0
  parent.padding: left=20.0, top=20.0
  child.margin: left=0.0, top=0.0
  y (accumulated): 5055.4
  child.content: x=20.0 (was 20.0), y=5055.4 (was 5055.4)
  [UPDATE Y] child: text, content_height=0.0, margin.bottom=0.0, total_height=0.0, y after=5055.4
[LAYOUT] Child element: div (parent: body)
  parent.content: x=0.0, y=0.0
  parent.padding: left=20.0, top=20.0
  child.margin: left=0.0, top=0.0
  y (accumulated): 5055.4
  child.content: x=20.0 (was 20.0), y=5055.4 (was 5055.4)
  [UPDATE Y] child: div, content_height=405.5, margin.bottom=0.0, total_height=405.5, y after=5460.9
[LAYOUT] Child element: text (parent: body)
  parent.content: x=0.0, y=0.0
  parent.padding: left=20.0, top=20.0
  child.margin: left=0.0, top=0.0
  y (accumulated): 5460.9
  child.content: x=20.0 (was 20.0), y=5460.9 (was 5460.9)
  [UPDATE Y] child: text, content_height=0.0, margin.bottom=0.0, total_height=0.0, y after=5460.9
  [UPDATE Y] child: div, content_height=222.4, margin.bottom=0.0, total_height=222.4, y after=222.4
  [UPDATE Y] child: div, content_height=91.2, margin.bottom=0.0, total_height=91.2, y after=245.4
  [UPDATE Y] child: div, content_height=294.4, margin.bottom=0.0, total_height=294.4, y after=516.8
  [UPDATE Y] child: div, content_height=516.8, margin.bottom=0.0, total_height=516.8, y after=622.3
  [UPDATE Y] child: div, content_height=115.2, margin.bottom=0.0, total_height=115.2, y after=737.5
[LAYOUT] Child element: div (parent: body)
  parent.content: x=0.0, y=0.0
  parent.padding: left=20.0, top=20.0
  child.margin: left=0.0, top=0.0
  y (accumulated): 5460.9
  child.content: x=20.0 (was 20.0), y=5460.9 (was 5460.9)
  [UPDATE Y] child: div, content_height=803.5, margin.bottom=0.0, total_height=803.5, y after=6264.4
[LAYOUT] Child element: text (parent: body)
  parent.content: x=0.0, y=0.0
  parent.padding: left=20.0, top=20.0
  child.margin: left=0.0, top=0.0
  y (accumulated): 6264.4
  child.content: x=20.0 (was 20.0), y=6264.4 (was 6264.4)
  [UPDATE Y] child: text, content_height=0.0, margin.bottom=0.0, total_height=0.0, y after=6264.4
[LAYOUT] Child element: div (parent: body)
  parent.content: x=0.0, y=0.0
  parent.padding: left=20.0, top=20.0
  child.margin: left=0.0, top=30.0
  y (accumulated): 6264.4
  child.content: x=20.0 (was 20.0), y=6294.4 (was 6294.4)
  [UPDATE Y] child: div, content_height=182.4, margin.bottom=0.0, total_height=182.4, y after=6446.8
[LAYOUT] Child element: body (parent: html)
  parent.content: x=20.0, y=20.0
  parent.padding: left=0.0, top=0.0
  child.margin: left=0.0, top=0.0
  y (accumulated): 0.0
  child.content: x=20.0 (was 0.0), y=20.0 (was 0.0)
  [UPDATE Y] child: body, content_height=6506.8, margin.bottom=0.0, total_height=6506.8, y after=6506.8
[LAYOUT] Element: html, is_root: false
  margin: top=0.0, right=0.0, bottom=0.0, left=0.0
  padding: top=0.0, right=0.0, bottom=0.0, left=0.0
  content: x=20.0, y=20.0, width=1160.0, height=6506.8
  containing_block: width=1160.0, height=6506.8
[LAYOUT] Element: body, is_root: false
  margin: top=0.0, right=0.0, bottom=0.0, left=0.0
  padding: top=20.0, right=20.0, bottom=20.0, left=20.0
  content: x=20.0, y=20.0, width=1120.0, height=6466.8
  containing_block: width=1160.0, height=6506.8
[LAYOUT WARNING] html.content is not (0, 0): x=20.0, y=20.0
[CONTAINING BLOCK] body.content.width=1120.0, child_containing_block.width=1120.0
[WIDTH DEBUG] h1: containing_block.width=1120.0, available_width=1120.0, calculated_width=1116.0
[LAYOUT] Child element: h1 (parent: body)
  parent.content: x=20.0, y=20.0
  parent.padding: left=20.0, top=20.0
  child.margin: left=0.0, top=21.4
  y (accumulated): 20.0
  child.content: x=20.0 (was 20.0), y=61.4 (was 41.4)
  [UPDATE Y] child: h1, content_height=50.0, margin.bottom=21.4, total_height=71.4, y after=91.4
[LAYOUT] Child element: text (parent: body)
  parent.content: x=20.0, y=20.0
  parent.padding: left=20.0, top=20.0
  child.margin: left=0.0, top=0.0
  y (accumulated): 91.4
  child.content: x=20.0 (was 20.0), y=111.4 (was 91.4)
  [UPDATE Y] child: text, content_height=0.0, margin.bottom=0.0, total_height=0.0, y after=91.4
[WIDTH DEBUG] h1: containing_block.width=1086.0, available_width=1086.0, calculated_width=1086.0
[LAYOUT] Child element: h1 (parent: div)
  parent.content: x=20.0, y=91.4
  parent.padding: left=15.0, top=15.0
  child.margin: left=0.0, top=16.1
  y (accumulated): 15.0
  child.content: x=15.0 (was 15.0), y=122.5 (was 122.5)
  [UPDATE Y] child: h1, content_height=62.1, margin.bottom=16.1, total_height=78.2, y after=93.2
  [UPDATE Y] child: div, content_height=96.0, margin.bottom=0.0, total_height=96.0, y after=301.2
[LAYOUT] Child element: div (parent: body)
  parent.content: x=20.0, y=20.0
  parent.padding: left=20.0, top=20.0
  child.margin: left=0.0, top=0.0
  y (accumulated): 91.4
  child.content: x=20.0 (was 20.0), y=111.4 (was 91.4)
  [UPDATE Y] child: div, content_height=350.2, margin.bottom=0.0, total_height=350.2, y after=441.6
[LAYOUT] Child element: text (parent: body)
  parent.content: x=20.0, y=20.0
  parent.padding: left=20.0, top=20.0
  child.margin: left=0.0, top=0.0
  y (accumulated): 441.6
  child.content: x=20.0 (was 20.0), y=461.6 (was 441.6)
  [UPDATE Y] child: text, content_height=0.0, margin.bottom=0.0, total_height=0.0, y after=441.6
[LAYOUT] Child element: div (parent: body)
  parent.content: x=20.0, y=20.0
  parent.padding: left=20.0, top=20.0
  child.margin: left=0.0, top=0.0
  y (accumulated): 441.6
  child.content: x=20.0 (was 20.0), y=461.6 (was 441.6)
  [UPDATE Y] child: div, content_height=329.4, margin.bottom=0.0, total_height=329.4, y after=771.0
[LAYOUT] Child element: text (parent: body)
  parent.content: x=20.0, y=20.0
  parent.padding: left=20.0, top=20.0
  child.margin: left=0.0, top=0.0
  y (accumulated): 771.0
  child.content: x=20.0 (was 20.0), y=791.0 (was 771.0)
  [UPDATE Y] child: text, content_height=0.0, margin.bottom=0.0, total_height=0.0, y after=771.0
  [UPDATE Y] child: div, content_height=59.2, margin.bottom=5.0, total_height=64.2, y after=138.2
  [UPDATE Y] child: div, content_height=59.2, margin.bottom=5.0, total_height=64.2, y after=202.4
[LAYOUT] Child element: div (parent: body)
  parent.content: x=20.0, y=20.0
  parent.padding: left=20.0, top=20.0
  child.margin: left=0.0, top=0.0
  y (accumulated): 771.0
  child.content: x=20.0 (was 20.0), y=791.0 (was 771.0)
  [UPDATE Y] child: div, content_height=334.0, margin.bottom=0.0, total_height=334.0, y after=1105.0
[LAYOUT] Child element: text (parent: body)
  parent.content: x=20.0, y=20.0
  parent.padding: left=20.0, top=20.0
  child.margin: left=0.0, top=0.0
  y (accumulated): 1105.0
  child.content: x=20.0 (was 20.0), y=1125.0 (was 1105.0)
  [UPDATE Y] child: text, content_height=0.0, margin.bottom=0.0, total_height=0.0, y after=1105.0
  [UPDATE Y] child: div, content_height=59.2, margin.bottom=0.0, total_height=59.2, y after=287.8
[LAYOUT] Child element: div (parent: body)
  parent.content: x=20.0, y=20.0
  parent.padding: left=20.0, top=20.0
  child.margin: left=0.0, top=0.0
  y (accumulated): 1105.0
  child.content: x=20.0 (was 20.0), y=1125.0 (was 1105.0)
  [UPDATE Y] child: div, content_height=336.8, margin.bottom=0.0, total_height=336.8, y after=1441.8
[LAYOUT] Child element: text (parent: body)
  parent.content: x=20.0, y=20.0
  parent.padding: left=20.0, top=20.0
  child.margin: left=0.0, top=0.0
  y (accumulated): 1441.8
  child.content: x=20.0 (was 20.0), y=1461.8 (was 1441.8)
  [UPDATE Y] child: text, content_height=0.0, margin.bottom=0.0, total_height=0.0, y after=1441.8
  [UPDATE Y] child: div, content_height=99.2, margin.bottom=5.0, total_height=104.2, y after=119.2
  [UPDATE Y] child: div, content_height=99.2, margin.bottom=5.0, total_height=104.2, y after=223.4
  [UPDATE Y] child: div, content_height=99.2, margin.bottom=5.0, total_height=104.2, y after=327.6
  [UPDATE Y] child: div, content_height=99.2, margin.bottom=5.0, total_height=104.2, y after=431.8
  [UPDATE Y] child: div, content_height=99.2, margin.bottom=5.0, total_height=104.2, y after=536.0
  [UPDATE Y] child: div, content_height=585.0, margin.bottom=0.0, total_height=585.0, y after=697.1
  [UPDATE Y] child: div, content_height=99.2, margin.bottom=5.0, total_height=104.2, y after=119.2
  [UPDATE Y] child: div, content_height=99.2, margin.bottom=5.0, total_height=104.2, y after=223.4
  [UPDATE Y] child: div, content_height=99.2, margin.bottom=5.0, total_height=104.2, y after=327.6
  [UPDATE Y] child: div, content_height=334.0, margin.bottom=0.0, total_height=334.0, y after=1031.1
[LAYOUT] Child element: div (parent: body)
  parent.content: x=20.0, y=20.0
  parent.padding: left=20.0, top=20.0
  child.margin: left=0.0, top=0.0
  y (accumulated): 1441.8
  child.content: x=20.0 (was 20.0), y=1461.8 (was 1441.8)
  [UPDATE Y] child: div, content_height=1031.1, margin.bottom=0.0, total_height=1031.1, y after=2472.8
[LAYOUT] Child element: text (parent: body)
  parent.content: x=20.0, y=20.0
  parent.padding: left=20.0, top=20.0
  child.margin: left=0.0, top=0.0
  y (accumulated): 2472.8
  child.content: x=20.0 (was 20.0), y=2492.8 (was 2472.8)
  [UPDATE Y] child: text, content_height=0.0, margin.bottom=0.0, total_height=0.0, y after=2472.8
  [UPDATE Y] child: div, content_height=79.2, margin.bottom=0.0, total_height=79.2, y after=94.2
  [UPDATE Y] child: div, content_height=79.2, margin.bottom=0.0, total_height=79.2, y after=173.4
  [UPDATE Y] child: div, content_height=79.2, margin.bottom=0.0, total_height=79.2, y after=252.6
  [UPDATE Y] child: div, content_height=79.2, margin.bottom=0.0, total_height=79.2, y after=331.8
  [UPDATE Y] child: div, content_height=79.2, margin.bottom=0.0, total_height=79.2, y after=411.0
  [UPDATE Y] child: div, content_height=79.2, margin.bottom=0.0, total_height=79.2, y after=490.2
  [UPDATE Y] child: div, content_height=79.2, margin.bottom=0.0, total_height=79.2, y after=569.4
  [UPDATE Y] child: div, content_height=79.2, margin.bottom=0.0, total_height=79.2, y after=648.6
  [UPDATE Y] child: div, content_height=697.6, margin.bottom=0.0, total_height=697.6, y after=809.7
[LAYOUT] Child element: div (parent: body)
  parent.content: x=20.0, y=20.0
  parent.padding: left=20.0, top=20.0
  child.margin: left=0.0, top=0.0
  y (accumulated): 2472.8
  child.content: x=20.0 (was 20.0), y=2492.8 (was 2472.8)
  [UPDATE Y] child: div, content_height=809.7, margin.bottom=0.0, total_height=809.7, y after=3282.5
[LAYOUT] Child element: text (parent: body)
  parent.content: x=20.0, y=20.0
  parent.padding: left=20.0, top=20.0
  child.margin: left=0.0, top=0.0
  y (accumulated): 3282.5
  child.content: x=20.0 (was 20.0), y=3302.5 (was 3282.5)
  [UPDATE Y] child: text, content_height=0.0, margin.bottom=0.0, total_height=0.0, y after=3282.5
[LAYOUT] Child element: div (parent: body)
  parent.content: x=20.0, y=20.0
  parent.padding: left=20.0, top=20.0
  child.margin: left=0.0, top=0.0
  y (accumulated): 3282.5
  child.content: x=20.0 (was 20.0), y=3302.5 (was 3282.5)
  [UPDATE Y] child: div, content_height=405.5, margin.bottom=0.0, total_height=405.5, y after=3688.0
[LAYOUT] Child element: text (parent: body)
  parent.content: x=20.0, y=20.0
  parent.padding: left=20.0, top=20.0
  child.margin: left=0.0, top=0.0
  y (accumulated): 3688.0
  child.content: x=20.0 (was 20.0), y=3708.0 (was 3688.0)
  [UPDATE Y] child: text, content_height=0.0, margin.bottom=0.0, total_height=0.0, y after=3688.0
[LAYOUT] Child element: div (parent: body)
  parent.content: x=20.0, y=20.0
  parent.padding: left=20.0, top=20.0
  child.margin: left=0.0, top=0.0
  y (accumulated): 3688.0
  child.content: x=20.0 (was 20.0), y=3708.0 (was 3688.0)
  [UPDATE Y] child: div, content_height=610.3, margin.bottom=0.0, total_height=610.3, y after=4298.4
[LAYOUT] Child element: text (parent: body)
  parent.content: x=20.0, y=20.0
  parent.padding: left=20.0, top=20.0
  child.margin: left=0.0, top=0.0
  y (accumulated): 4298.4
  child.content: x=20.0 (was 20.0), y=4318.4 (was 4298.4)
  [UPDATE Y] child: text, content_height=0.0, margin.bottom=0.0, total_height=0.0, y after=4298.4
  [UPDATE Y] child: div, content_height=117.2, margin.bottom=0.0, total_height=117.2, y after=273.9
[LAYOUT] Child element: div (parent: body)
  parent.content: x=20.0, y=20.0
  parent.padding: left=20.0, top=20.0
  child.margin: left=0.0, top=0.0
  y (accumulated): 4298.4
  child.content: x=20.0 (was 20.0), y=4318.4 (was 4298.4)
  [UPDATE Y] child: div, content_height=343.9, margin.bottom=0.0, total_height=343.9, y after=4642.3
[LAYOUT] Child element: text (parent: body)
  parent.content: x=20.0, y=20.0
  parent.padding: left=20.0, top=20.0
  child.margin: left=0.0, top=0.0
  y (accumulated): 4642.3
  child.content: x=20.0 (was 20.0), y=4662.3 (was 4642.3)
  [UPDATE Y] child: text, content_height=0.0, margin.bottom=0.0, total_height=0.0, y after=4642.3
  [UPDATE Y] child: div, content_height=71.2, margin.bottom=2.0, total_height=73.2, y after=132.4
  [UPDATE Y] child: div, content_height=160.4, margin.bottom=3.0, total_height=163.4, y after=224.6
  [UPDATE Y] child: div, content_height=258.6, margin.bottom=5.0, total_height=263.6, y after=364.1
[LAYOUT] Child element: div (parent: body)
  parent.content: x=20.0, y=20.0
  parent.padding: left=20.0, top=20.0
  child.margin: left=0.0, top=0.0
  y (accumulated): 4642.3
  child.content: x=20.0 (was 20.0), y=4662.3 (was 4642.3)
  [UPDATE Y] child: div, content_height=413.1, margin.bottom=0.0, total_height=413.1, y after=5055.4
[LAYOUT] Child element: text (parent: body)
  parent.content: x=20.0, y=20.0
  parent.padding: left=20.0, top=20.0
  child.margin: left=0.0, top=0.0
  y (accumulated): 5055.4
  child.content: x=20.0 (was 20.0), y=5075.4 (was 5055.4)
  [UPDATE Y] child: text, content_height=0.0, margin.bottom=0.0, total_height=0.0, y after=5055.4
[LAYOUT] Child element: div (parent: body)
  parent.content: x=20.0, y=20.0
  parent.padding: left=20.0, top=20.0
  child.margin: left=0.0, top=0.0
  y (accumulated): 5055.4
  child.content: x=20.0 (was 20.0), y=5075.4 (was 5055.4)
  [UPDATE Y] child: div, content_height=405.5, margin.bottom=0.0, total_height=405.5, y after=5460.9
[LAYOUT] Child element: text (parent: body)
  parent.content: x=20.0, y=20.0
  parent.padding: left=20.0, top=20.0
  child.margin: left=0.0, top=0.0
  y (accumulated): 5460.9
  child.content: x=20.0 (was 20.0), y=5480.9 (was 5460.9)
  [UPDATE Y] child: text, content_height=0.0, margin.bottom=0.0, total_height=0.0, y after=5460.9
  [UPDATE Y] child: div, content_height=222.4, margin.bottom=0.0, total_height=222.4, y after=222.4
  [UPDATE Y] child: div, content_height=91.2, margin.bottom=0.0, total_height=91.2, y after=245.4
  [UPDATE Y] child: div, content_height=294.4, margin.bottom=0.0, total_height=294.4, y after=516.8
  [UPDATE Y] child: div, content_height=516.8, margin.bottom=0.0, total_height=516.8, y after=622.3
  [UPDATE Y] child: div, content_height=115.2, margin.bottom=0.0, total_height=115.2, y after=737.5
[LAYOUT] Child element: div (parent: body)
  parent.content: x=20.0, y=20.0
  parent.padding: left=20.0, top=20.0
  child.margin: left=0.0, top=0.0
  y (accumulated): 5460.9
  child.content: x=20.0 (was 20.0), y=5480.9 (was 5460.9)
  [UPDATE Y] child: div, content_height=803.5, margin.bottom=0.0, total_height=803.5, y after=6264.4
[LAYOUT] Child element: text (parent: body)
  parent.content: x=20.0, y=20.0
  parent.padding: left=20.0, top=20.0
  child.margin: left=0.0, top=0.0
  y (accumulated): 6264.4
  child.content: x=20.0 (was 20.0), y=6284.4 (was 6264.4)
  [UPDATE Y] child: text, content_height=0.0, margin.bottom=0.0, total_height=0.0, y after=6264.4
[LAYOUT] Child element: div (parent: body)
  parent.content: x=20.0, y=20.0
  parent.padding: left=20.0, top=20.0
  child.margin: left=0.0, top=30.0
  y (accumulated): 6264.4
  child.content: x=20.0 (was 20.0), y=6314.4 (was 6294.4)
  [UPDATE Y] child: div, content_height=182.4, margin.bottom=0.0, total_height=182.4, y after=6446.8
[LAYOUT] Child element: body (parent: html)
  parent.content: x=20.0, y=20.0
  parent.padding: left=0.0, top=0.0
  child.margin: left=0.0, top=0.0
  y (accumulated): 0.0
  child.content: x=20.0 (was 20.0), y=20.0 (was 20.0)
  [UPDATE Y] child: body, content_height=6506.8, margin.bottom=0.0, total_height=6506.8, y after=6506.8
[LAYOUT] Element: body, is_root: false
  margin: top=0.0, right=0.0, bottom=0.0, left=0.0
  padding: top=20.0, right=20.0, bottom=20.0, left=20.0
  content: x=20.0, y=20.0, width=1120.0, height=6466.8
  containing_block: width=1160.0, height=6506.8
[LAYOUT WARNING] html.content is not (0, 0): x=20.0, y=20.0
[CONTAINING BLOCK] body.content.width=1120.0, child_containing_block.width=1120.0
[WIDTH DEBUG] h1: containing_block.width=1120.0, available_width=1120.0, calculated_width=1116.0
[LAYOUT] Child element: h1 (parent: body)
  parent.content: x=20.0, y=20.0
  parent.padding: left=20.0, top=20.0
  child.margin: left=0.0, top=21.4
  y (accumulated): 20.0
  child.content: x=20.0 (was 20.0), y=61.4 (was 61.4)
  [UPDATE Y] child: h1, content_height=50.0, margin.bottom=21.4, total_height=71.4, y after=91.4
[LAYOUT] Child element: text (parent: body)
  parent.content: x=20.0, y=20.0
  parent.padding: left=20.0, top=20.0
  child.margin: left=0.0, top=0.0
  y (accumulated): 91.4
  child.content: x=20.0 (was 20.0), y=111.4 (was 111.4)
  [UPDATE Y] child: text, content_height=0.0, margin.bottom=0.0, total_height=0.0, y after=91.4
[WIDTH DEBUG] h1: containing_block.width=1086.0, available_width=1086.0, calculated_width=1086.0
[LAYOUT] Child element: h1 (parent: div)
  parent.content: x=20.0, y=111.4
  parent.padding: left=15.0, top=15.0
  child.margin: left=0.0, top=16.1
  y (accumulated): 15.0
  child.content: x=15.0 (was 15.0), y=142.5 (was 122.5)
  [UPDATE Y] child: h1, content_height=62.1, margin.bottom=16.1, total_height=78.2, y after=93.2
  [UPDATE Y] child: div, content_height=96.0, margin.bottom=0.0, total_height=96.0, y after=301.2
[LAYOUT] Child element: div (parent: body)
  parent.content: x=20.0, y=20.0
  parent.padding: left=20.0, top=20.0
  child.margin: left=0.0, top=0.0
  y (accumulated): 91.4
  child.content: x=20.0 (was 20.0), y=111.4 (was 111.4)
  [UPDATE Y] child: div, content_height=350.2, margin.bottom=0.0, total_height=350.2, y after=441.6
[LAYOUT] Child element: text (parent: body)
  parent.content: x=20.0, y=20.0
  parent.padding: left=20.0, top=20.0
  child.margin: left=0.0, top=0.0
  y (accumulated): 441.6
  child.content: x=20.0 (was 20.0), y=461.6 (was 461.6)
  [UPDATE Y] child: text, content_height=0.0, margin.bottom=0.0, total_height=0.0, y after=441.6
[LAYOUT] Child element: div (parent: body)
  parent.content: x=20.0, y=20.0
  parent.padding: left=20.0, top=20.0
  child.margin: left=0.0, top=0.0
  y (accumulated): 441.6
  child.content: x=20.0 (was 20.0), y=461.6 (was 461.6)
  [UPDATE Y] child: div, content_height=329.4, margin.bottom=0.0, total_height=329.4, y after=771.0
[LAYOUT] Child element: text (parent: body)
  parent.content: x=20.0, y=20.0
  parent.padding: left=20.0, top=20.0
  child.margin: left=0.0, top=0.0
  y (accumulated): 771.0
  child.content: x=20.0 (was 20.0), y=791.0 (was 791.0)
  [UPDATE Y] child: text, content_height=0.0, margin.bottom=0.0, total_height=0.0, y after=771.0
  [UPDATE Y] child: div, content_height=59.2, margin.bottom=5.0, total_height=64.2, y after=138.2
  [UPDATE Y] child: div, content_height=59.2, margin.bottom=5.0, total_height=64.2, y after=202.4
[LAYOUT] Child element: div (parent: body)
  parent.content: x=20.0, y=20.0
  parent.padding: left=20.0, top=20.0
  child.margin: left=0.0, top=0.0
  y (accumulated): 771.0
  child.content: x=20.0 (was 20.0), y=791.0 (was 791.0)
  [UPDATE Y] child: div, content_height=334.0, margin.bottom=0.0, total_height=334.0, y after=1105.0
[LAYOUT] Child element: text (parent: body)
  parent.content: x=20.0, y=20.0
  parent.padding: left=20.0, top=20.0
  child.margin: left=0.0, top=0.0
  y (accumulated): 1105.0
  child.content: x=20.0 (was 20.0), y=1125.0 (was 1125.0)
  [UPDATE Y] child: text, content_height=0.0, margin.bottom=0.0, total_height=0.0, y after=1105.0
  [UPDATE Y] child: div, content_height=59.2, margin.bottom=0.0, total_height=59.2, y after=267.8
[LAYOUT] Child element: div (parent: body)
  parent.content: x=20.0, y=20.0
  parent.padding: left=20.0, top=20.0
  child.margin: left=0.0, top=0.0
  y (accumulated): 1105.0
  child.content: x=20.0 (was 20.0), y=1125.0 (was 1125.0)
  [UPDATE Y] child: div, content_height=336.8, margin.bottom=0.0, total_height=336.8, y after=1441.8
[LAYOUT] Child element: text (parent: body)
  parent.content: x=20.0, y=20.0
  parent.padding: left=20.0, top=20.0
  child.margin: left=0.0, top=0.0
  y (accumulated): 1441.8
  child.content: x=20.0 (was 20.0), y=1461.8 (was 1461.8)
  [UPDATE Y] child: text, content_height=0.0, margin.bottom=0.0, total_height=0.0, y after=1441.8
  [UPDATE Y] child: div, content_height=99.2, margin.bottom=5.0, total_height=104.2, y after=119.2
  [UPDATE Y] child: div, content_height=99.2, margin.bottom=5.0, total_height=104.2, y after=223.4
  [UPDATE Y] child: div, content_height=99.2, margin.bottom=5.0, total_height=104.2, y after=327.6
  [UPDATE Y] child: div, content_height=99.2, margin.bottom=5.0, total_height=104.2, y after=431.8
  [UPDATE Y] child: div, content_height=99.2, margin.bottom=5.0, total_height=104.2, y after=536.0
  [UPDATE Y] child: div, content_height=585.0, margin.bottom=0.0, total_height=585.0, y after=697.1
  [UPDATE Y] child: div, content_height=99.2, margin.bottom=5.0, total_height=104.2, y after=119.2
  [UPDATE Y] child: div, content_height=99.2, margin.bottom=5.0, total_height=104.2, y after=223.4
  [UPDATE Y] child: div, content_height=99.2, margin.bottom=5.0, total_height=104.2, y after=327.6
  [UPDATE Y] child: div, content_height=334.0, margin.bottom=0.0, total_height=334.0, y after=1031.1
[LAYOUT] Child element: div (parent: body)
  parent.content: x=20.0, y=20.0
  parent.padding: left=20.0, top=20.0
  child.margin: left=0.0, top=0.0
  y (accumulated): 1441.8
  child.content: x=20.0 (was 20.0), y=1461.8 (was 1461.8)
  [UPDATE Y] child: div, content_height=1031.1, margin.bottom=0.0, total_height=1031.1, y after=2472.8
[LAYOUT] Child element: text (parent: body)
  parent.content: x=20.0, y=20.0
  parent.padding: left=20.0, top=20.0
  child.margin: left=0.0, top=0.0
  y (accumulated): 2472.8
  child.content: x=20.0 (was 20.0), y=2492.8 (was 2492.8)
  [UPDATE Y] child: text, content_height=0.0, margin.bottom=0.0, total_height=0.0, y after=2472.8
  [UPDATE Y] child: div, content_height=79.2, margin.bottom=0.0, total_height=79.2, y after=94.2
  [UPDATE Y] child: div, content_height=79.2, margin.bottom=0.0, total_height=79.2, y after=173.4
  [UPDATE Y] child: div, content_height=79.2, margin.bottom=0.0, total_height=79.2, y after=252.6
  [UPDATE Y] child: div, content_height=79.2, margin.bottom=0.0, total_height=79.2, y after=331.8
  [UPDATE Y] child: div, content_height=79.2, margin.bottom=0.0, total_height=79.2, y after=411.0
  [UPDATE Y] child: div, content_height=79.2, margin.bottom=0.0, total_height=79.2, y after=490.2
  [UPDATE Y] child: div, content_height=79.2, margin.bottom=0.0, total_height=79.2, y after=569.4
  [UPDATE Y] child: div, content_height=79.2, margin.bottom=0.0, total_height=79.2, y after=648.6
  [UPDATE Y] child: div, content_height=697.6, margin.bottom=0.0, total_height=697.6, y after=809.7
[LAYOUT] Child element: div (parent: body)
  parent.content: x=20.0, y=20.0
  parent.padding: left=20.0, top=20.0
  child.margin: left=0.0, top=0.0
  y (accumulated): 2472.8
  child.content: x=20.0 (was 20.0), y=2492.8 (was 2492.8)
  [UPDATE Y] child: div, content_height=809.7, margin.bottom=0.0, total_height=809.7, y after=3282.5
[LAYOUT] Child element: text (parent: body)
  parent.content: x=20.0, y=20.0
  parent.padding: left=20.0, top=20.0
  child.margin: left=0.0, top=0.0
  y (accumulated): 3282.5
  child.content: x=20.0 (was 20.0), y=3302.5 (was 3302.5)
  [UPDATE Y] child: text, content_height=0.0, margin.bottom=0.0, total_height=0.0, y after=3282.5
[LAYOUT] Child element: div (parent: body)
  parent.content: x=20.0, y=20.0
  parent.padding: left=20.0, top=20.0
  child.margin: left=0.0, top=0.0
  y (accumulated): 3282.5
  child.content: x=20.0 (was 20.0), y=3302.5 (was 3302.5)
  [UPDATE Y] child: div, content_height=405.5, margin.bottom=0.0, total_height=405.5, y after=3688.0
[LAYOUT] Child element: text (parent: body)
  parent.content: x=20.0, y=20.0
  parent.padding: left=20.0, top=20.0
  child.margin: left=0.0, top=0.0
  y (accumulated): 3688.0
  child.content: x=20.0 (was 20.0), y=3708.0 (was 3708.0)
  [UPDATE Y] child: text, content_height=0.0, margin.bottom=0.0, total_height=0.0, y after=3688.0
[LAYOUT] Child element: div (parent: body)
  parent.content: x=20.0, y=20.0
  parent.padding: left=20.0, top=20.0
  child.margin: left=0.0, top=0.0
  y (accumulated): 3688.0
  child.content: x=20.0 (was 20.0), y=3708.0 (was 3708.0)
  [UPDATE Y] child: div, content_height=610.3, margin.bottom=0.0, total_height=610.3, y after=4298.4
[LAYOUT] Child element: text (parent: body)
  parent.content: x=20.0, y=20.0
  parent.padding: left=20.0, top=20.0
  child.margin: left=0.0, top=0.0
  y (accumulated): 4298.4
  child.content: x=20.0 (was 20.0), y=4318.4 (was 4318.4)
  [UPDATE Y] child: text, content_height=0.0, margin.bottom=0.0, total_height=0.0, y after=4298.4
  [UPDATE Y] child: div, content_height=117.2, margin.bottom=0.0, total_height=117.2, y after=273.9
[LAYOUT] Child element: div (parent: body)
  parent.content: x=20.0, y=20.0
  parent.padding: left=20.0, top=20.0
  child.margin: left=0.0, top=0.0
  y (accumulated): 4298.4
  child.content: x=20.0 (was 20.0), y=4318.4 (was 4318.4)
  [UPDATE Y] child: div, content_height=343.9, margin.bottom=0.0, total_height=343.9, y after=4642.3
[LAYOUT] Child element: text (parent: body)
  parent.content: x=20.0, y=20.0
  parent.padding: left=20.0, top=20.0
  child.margin: left=0.0, top=0.0
  y (accumulated): 4642.3
  child.content: x=20.0 (was 20.0), y=4662.3 (was 4662.3)
  [UPDATE Y] child: text, content_height=0.0, margin.bottom=0.0, total_height=0.0, y after=4642.3
  [UPDATE Y] child: div, content_height=71.2, margin.bottom=2.0, total_height=73.2, y after=132.4
  [UPDATE Y] child: div, content_height=160.4, margin.bottom=3.0, total_height=163.4, y after=224.6
  [UPDATE Y] child: div, content_height=258.6, margin.bottom=5.0, total_height=263.6, y after=364.1
[LAYOUT] Child element: div (parent: body)
  parent.content: x=20.0, y=20.0
  parent.padding: left=20.0, top=20.0
  child.margin: left=0.0, top=0.0
  y (accumulated): 4642.3
  child.content: x=20.0 (was 20.0), y=4662.3 (was 4662.3)
  [UPDATE Y] child: div, content_height=413.1, margin.bottom=0.0, total_height=413.1, y after=5055.4
[LAYOUT] Child element: text (parent: body)
  parent.content: x=20.0, y=20.0
  parent.padding: left=20.0, top=20.0
  child.margin: left=0.0, top=0.0
  y (accumulated): 5055.4
  child.content: x=20.0 (was 20.0), y=5075.4 (was 5075.4)
  [UPDATE Y] child: text, content_height=0.0, margin.bottom=0.0, total_height=0.0, y after=5055.4
[LAYOUT] Child element: div (parent: body)
  parent.content: x=20.0, y=20.0
  parent.padding: left=20.0, top=20.0
  child.margin: left=0.0, top=0.0
  y (accumulated): 5055.4
  child.content: x=20.0 (was 20.0), y=5075.4 (was 5075.4)
  [UPDATE Y] child: div, content_height=405.5, margin.bottom=0.0, total_height=405.5, y after=5460.9
[LAYOUT] Child element: text (parent: body)
  parent.content: x=20.0, y=20.0
  parent.padding: left=20.0, top=20.0
  child.margin: left=0.0, top=0.0
  y (accumulated): 5460.9
  child.content: x=20.0 (was 20.0), y=5480.9 (was 5480.9)
  [UPDATE Y] child: text, content_height=0.0, margin.bottom=0.0, total_height=0.0, y after=5460.9
  [UPDATE Y] child: div, content_height=222.4, margin.bottom=0.0, total_height=222.4, y after=222.4
  [UPDATE Y] child: div, content_height=91.2, margin.bottom=0.0, total_height=91.2, y after=245.4
  [UPDATE Y] child: div, content_height=294.4, margin.bottom=0.0, total_height=294.4, y after=516.8
  [UPDATE Y] child: div, content_height=516.8, margin.bottom=0.0, total_height=516.8, y after=622.3
  [UPDATE Y] child: div, content_height=115.2, margin.bottom=0.0, total_height=115.2, y after=737.5
[LAYOUT] Child element: div (parent: body)
  parent.content: x=20.0, y=20.0
  parent.padding: left=20.0, top=20.0
  child.margin: left=0.0, top=0.0
  y (accumulated): 5460.9
  child.content: x=20.0 (was 20.0), y=5480.9 (was 5480.9)
  [UPDATE Y] child: div, content_height=803.5, margin.bottom=0.0, total_height=803.5, y after=6264.4
[LAYOUT] Child element: text (parent: body)
  parent.content: x=20.0, y=20.0
  parent.padding: left=20.0, top=20.0
  child.margin: left=0.0, top=0.0
  y (accumulated): 6264.4
  child.content: x=20.0 (was 20.0), y=6284.4 (was 6284.4)
  [UPDATE Y] child: text, content_height=0.0, margin.bottom=0.0, total_height=0.0, y after=6264.4
[LAYOUT] Child element: div (parent: body)
  parent.content: x=20.0, y=20.0
  parent.padding: left=20.0, top=20.0
  child.margin: left=0.0, top=30.0
  y (accumulated): 6264.4
  child.content: x=20.0 (was 20.0), y=6314.4 (was 6314.4)
  [UPDATE Y] child: div, content_height=182.4, margin.bottom=0.0, total_height=182.4, y after=6446.8
[WIDTH DEBUG] h1: containing_block.width=1120.0, available_width=1120.0, calculated_width=1116.0
[WIDTH DEBUG] h1: containing_block.width=1086.0, available_width=1086.0, calculated_width=1086.0
[LAYOUT] Child element: h1 (parent: div)
  parent.content: x=20.0, y=111.4
  parent.padding: left=15.0, top=15.0
  child.margin: left=0.0, top=16.1
  y (accumulated): 15.0
  child.content: x=15.0 (was 15.0), y=142.5 (was 142.5)
  [UPDATE Y] child: h1, content_height=62.1, margin.bottom=16.1, total_height=78.2, y after=93.2
  [UPDATE Y] child: div, content_height=96.0, margin.bottom=0.0, total_height=96.0, y after=301.2
[WIDTH DEBUG] h1: containing_block.width=1086.0, available_width=1086.0, calculated_width=1086.0
  [UPDATE Y] child: div, content_height=59.2, margin.bottom=5.0, total_height=64.2, y after=138.2
  [UPDATE Y] child: div, content_height=59.2, margin.bottom=5.0, total_height=64.2, y after=202.4
  [UPDATE Y] child: div, content_height=59.2, margin.bottom=0.0, total_height=59.2, y after=267.8
  [UPDATE Y] child: div, content_height=99.2, margin.bottom=5.0, total_height=104.2, y after=119.2
  [UPDATE Y] child: div, content_height=99.2, margin.bottom=5.0, total_height=104.2, y after=223.4
  [UPDATE Y] child: div, content_height=99.2, margin.bottom=5.0, total_height=104.2, y after=327.6
  [UPDATE Y] child: div, content_height=99.2, margin.bottom=5.0, total_height=104.2, y after=431.8
  [UPDATE Y] child: div, content_height=99.2, margin.bottom=5.0, total_height=104.2, y after=536.0
  [UPDATE Y] child: div, content_height=585.0, margin.bottom=0.0, total_height=585.0, y after=697.1
  [UPDATE Y] child: div, content_height=99.2, margin.bottom=5.0, total_height=104.2, y after=119.2
  [UPDATE Y] child: div, content_height=99.2, margin.bottom=5.0, total_height=104.2, y after=223.4
  [UPDATE Y] child: div, content_height=99.2, margin.bottom=5.0, total_height=104.2, y after=327.6
  [UPDATE Y] child: div, content_height=334.0, margin.bottom=0.0, total_height=334.0, y after=1031.1
  [UPDATE Y] child: div, content_height=79.2, margin.bottom=0.0, total_height=79.2, y after=94.2
  [UPDATE Y] child: div, content_height=79.2, margin.bottom=0.0, total_height=79.2, y after=173.4
  [UPDATE Y] child: div, content_height=79.2, margin.bottom=0.0, total_height=79.2, y after=252.6
  [UPDATE Y] child: div, content_height=79.2, margin.bottom=0.0, total_height=79.2, y after=331.8
  [UPDATE Y] child: div, content_height=79.2, margin.bottom=0.0, total_height=79.2, y after=411.0
  [UPDATE Y] child: div, content_height=79.2, margin.bottom=0.0, total_height=79.2, y after=490.2
  [UPDATE Y] child: div, content_height=79.2, margin.bottom=0.0, total_height=79.2, y after=569.4
  [UPDATE Y] child: div, content_height=79.2, margin.bottom=0.0, total_height=79.2, y after=648.6
  [UPDATE Y] child: div, content_height=697.6, margin.bottom=0.0, total_height=697.6, y after=809.7
  [UPDATE Y] child: div, content_height=117.2, margin.bottom=0.0, total_height=117.2, y after=273.9
  [UPDATE Y] child: div, content_height=71.2, margin.bottom=2.0, total_height=73.2, y after=132.4
  [UPDATE Y] child: div, content_height=160.4, margin.bottom=3.0, total_height=163.4, y after=224.6
  [UPDATE Y] child: div, content_height=258.6, margin.bottom=5.0, total_height=263.6, y after=364.1
  [UPDATE Y] child: div, content_height=71.2, margin.bottom=2.0, total_height=73.2, y after=132.4
  [UPDATE Y] child: div, content_height=160.4, margin.bottom=3.0, total_height=163.4, y after=224.6
  [UPDATE Y] child: div, content_height=71.2, margin.bottom=2.0, total_height=73.2, y after=132.4
  [UPDATE Y] child: div, content_height=222.4, margin.bottom=0.0, total_height=222.4, y after=222.4
  [UPDATE Y] child: div, content_height=91.2, margin.bottom=0.0, total_height=91.2, y after=245.4
  [UPDATE Y] child: div, content_height=294.4, margin.bottom=0.0, total_height=294.4, y after=516.8
  [UPDATE Y] child: div, content_height=516.8, margin.bottom=0.0, total_height=516.8, y after=622.3
  [UPDATE Y] child: div, content_height=115.2, margin.bottom=0.0, total_height=115.2, y after=737.5
[STYLE] h1 font-size parsed: 32.0px
[STYLE] p font-size parsed: 32.0px
[LAYOUT] Element: html, is_root: true
  margin: top=0.0, right=0.0, bottom=0.0, left=0.0
  padding: top=0.0, right=0.0, bottom=0.0, left=0.0
  content: x=0.0, y=0.0, width=1200.0, height=0.0
  containing_block: width=1200.0, height=800.0
[LAYOUT] Root element (html) position set to (0, 0)
[LAYOUT] Element: body, is_root: false
  margin: top=0.0, right=0.0, bottom=0.0, left=0.0
  padding: top=20.0, right=20.0, bottom=20.0, left=20.0
  content: x=0.0, y=0.0, width=1160.0, height=0.0
  containing_block: width=1200.0, height=800.0
[LAYOUT] Body element position set: x=0.0, y=0.0 (margin: left=0.0, top=0.0)
[LAYOUT] Element: html, is_root: false
  margin: top=0.0, right=0.0, bottom=0.0, left=0.0
  padding: top=0.0, right=0.0, bottom=0.0, left=0.0
  content: x=0.0, y=0.0, width=1160.0, height=0.0
  containing_block: width=1160.0, height=800.0
[LAYOUT] Element: body, is_root: false
  margin: top=0.0, right=0.0, bottom=0.0, left=0.0
  padding: top=20.0, right=20.0, bottom=20.0, left=20.0
  content: x=0.0, y=0.0, width=1120.0, height=0.0
  containing_block: width=1160.0, height=800.0
[LAYOUT] Body element position set: x=0.0, y=0.0 (margin: left=0.0, top=0.0)
[CONTAINING BLOCK] body.content.width=1120.0, child_containing_block.width=1120.0
[WIDTH DEBUG] h1: containing_block.width=1120.0, available_width=1120.0, calculated_width=1120.0
  [TEXT HEIGHT] text: "ZBrowser功能测试...", font_size=32.0, line_height=46.0, height=46.0
[LAYOUT] Child element: h1 (parent: body)
  parent.content: x=0.0, y=0.0
  parent.padding: left=20.0, top=20.0
  child.margin: left=0.0, top=21.4
  y (accumulated): 20.0
  child.content: x=20.0 (was 0.0), y=41.4 (was 0.0)
  [UPDATE Y] child: h1, content_height=50.0, margin.bottom=21.4, total_height=71.4, y after=91.4
[LAYOUT] Child element: text (parent: body)
  parent.content: x=0.0, y=0.0
  parent.padding: left=20.0, top=20.0
  child.margin: left=0.0, top=0.0
  y (accumulated): 91.4
  child.content: x=20.0 (was 0.0), y=91.4 (was 0.0)
  [UPDATE Y] child: text, content_height=0.0, margin.bottom=0.0, total_height=0.0, y after=91.4
[WIDTH DEBUG] h1: containing_block.width=1086.0, available_width=1086.0, calculated_width=1086.0
  [TEXT HEIGHT] text: "块级布局测试...", font_size=32.0, line_height=46.0, height=46.0
[LAYOUT] Child element: h1 (parent: div)
  parent.content: x=0.0, y=0.0
  parent.padding: left=15.0, top=15.0
  child.margin: left=0.0, top=16.1
  y (accumulated): 15.0
  child.content: x=15.0 (was 0.0), y=31.1 (was 0.0)
  [UPDATE Y] child: h1, content_height=62.1, margin.bottom=16.1, total_height=78.2, y after=93.2
  [TEXT HEIGHT] text: "这是一个块级�...", font_size=16.0, line_height=24.0, height=24.0
  [TEXT HEIGHT] text: "这是另一个段�...", font_size=16.0, line_height=24.0, height=24.0
  [TEXT HEIGHT] text: "嵌套的div块级�...", font_size=16.0, line_height=24.0, height=24.0
  [UPDATE Y] child: div, content_height=96.0, margin.bottom=0.0, total_height=96.0, y after=301.2
[LAYOUT] Child element: div (parent: body)
  parent.content: x=0.0, y=0.0
  parent.padding: left=20.0, top=20.0
  child.margin: left=0.0, top=0.0
  y (accumulated): 91.4
  child.content: x=20.0 (was 0.0), y=91.4 (was 0.0)
  [UPDATE Y] child: div, content_height=350.2, margin.bottom=0.0, total_height=350.2, y after=441.6
[LAYOUT] Child element: text (parent: body)
  parent.content: x=0.0, y=0.0
  parent.padding: left=20.0, top=20.0
  child.margin: left=0.0, top=0.0
  y (accumulated): 441.6
  child.content: x=20.0 (was 0.0), y=441.6 (was 0.0)
  [UPDATE Y] child: text, content_height=0.0, margin.bottom=0.0, total_height=0.0, y after=441.6
  [TEXT HEIGHT] text: "
      这是行内�...", font_size=16.0, line_height=19.2, height=19.2
  [TEXT HEIGHT] text: "行内元素不会�...", font_size=16.0, line_height=19.2, height=19.2
[LAYOUT] Child element: div (parent: body)
  parent.content: x=0.0, y=0.0
  parent.padding: left=20.0, top=20.0
  child.margin: left=0.0, top=0.0
  y (accumulated): 441.6
  child.content: x=20.0 (was 0.0), y=441.6 (was 0.0)
  [UPDATE Y] child: div, content_height=329.4, margin.bottom=0.0, total_height=329.4, y after=771.0
[LAYOUT] Child element: text (parent: body)
  parent.content: x=0.0, y=0.0
  parent.padding: left=20.0, top=20.0
  child.margin: left=0.0, top=0.0
  y (accumulated): 771.0
  child.content: x=20.0 (was 0.0), y=771.0 (was 0.0)
  [UPDATE Y] child: text, content_height=0.0, margin.bottom=0.0, total_height=0.0, y after=771.0
  [UPDATE Y] child: div, content_height=59.2, margin.bottom=5.0, total_height=64.2, y after=138.2
  [UPDATE Y] child: div, content_height=59.2, margin.bottom=5.0, total_height=64.2, y after=202.4
[LAYOUT] Child element: div (parent: body)
  parent.content: x=0.0, y=0.0
  parent.padding: left=20.0, top=20.0
  child.margin: left=0.0, top=0.0
  y (accumulated): 771.0
  child.content: x=20.0 (was 0.0), y=771.0 (was 0.0)
  [UPDATE Y] child: div, content_height=334.0, margin.bottom=0.0, total_height=334.0, y after=1105.0
[LAYOUT] Child element: text (parent: body)
  parent.content: x=0.0, y=0.0
  parent.padding: left=20.0, top=20.0
  child.margin: left=0.0, top=0.0
  y (accumulated): 1105.0
  child.content: x=20.0 (was 0.0), y=1105.0 (was 0.0)
  [UPDATE Y] child: text, content_height=0.0, margin.bottom=0.0, total_height=0.0, y after=1105.0
  [TEXT HEIGHT] text: "左浮动元素...", font_size=16.0, line_height=19.2, height=19.2
  [TEXT HEIGHT] text: "这个元素会浮�...", font_size=16.0, line_height=19.2, height=19.2
  [TEXT HEIGHT] text: "右浮动元素...", font_size=16.0, line_height=19.2, height=19.2
  [TEXT HEIGHT] text: "这个元素会浮�...", font_size=16.0, line_height=19.2, height=19.2
  [TEXT HEIGHT] text: "这是正常流中�...", font_size=16.0, line_height=19.2, height=19.2
  [UPDATE Y] child: div, content_height=59.2, margin.bottom=0.0, total_height=59.2, y after=287.8
[LAYOUT] Child element: div (parent: body)
  parent.content: x=0.0, y=0.0
  parent.padding: left=20.0, top=20.0
  child.margin: left=0.0, top=0.0
  y (accumulated): 1105.0
  child.content: x=20.0 (was 0.0), y=1105.0 (was 0.0)
  [UPDATE Y] child: div, content_height=336.8, margin.bottom=0.0, total_height=336.8, y after=1441.8
[LAYOUT] Child element: text (parent: body)
  parent.content: x=0.0, y=0.0
  parent.padding: left=20.0, top=20.0
  child.margin: left=0.0, top=0.0
  y (accumulated): 1441.8
  child.content: x=20.0 (was 0.0), y=1441.8 (was 0.0)
  [UPDATE Y] child: text, content_height=0.0, margin.bottom=0.0, total_height=0.0, y after=1441.8
  [UPDATE Y] child: div, content_height=99.2, margin.bottom=5.0, total_height=104.2, y after=119.2
  [UPDATE Y] child: div, content_height=99.2, margin.bottom=5.0, total_height=104.2, y after=223.4
  [UPDATE Y] child: div, content_height=99.2, margin.bottom=5.0, total_height=104.2, y after=327.6
  [UPDATE Y] child: div, content_height=99.2, margin.bottom=5.0, total_height=104.2, y after=431.8
  [UPDATE Y] child: div, content_height=99.2, margin.bottom=5.0, total_height=104.2, y after=536.0
  [UPDATE Y] child: div, content_height=585.0, margin.bottom=0.0, total_height=585.0, y after=697.1
  [UPDATE Y] child: div, content_height=99.2, margin.bottom=5.0, total_height=104.2, y after=119.2
  [UPDATE Y] child: div, content_height=99.2, margin.bottom=5.0, total_height=104.2, y after=223.4
  [UPDATE Y] child: div, content_height=99.2, margin.bottom=5.0, total_height=104.2, y after=327.6
  [UPDATE Y] child: div, content_height=334.0, margin.bottom=0.0, total_height=334.0, y after=1031.1
[LAYOUT] Child element: div (parent: body)
  parent.content: x=0.0, y=0.0
  parent.padding: left=20.0, top=20.0
  child.margin: left=0.0, top=0.0
  y (accumulated): 1441.8
  child.content: x=20.0 (was 0.0), y=1441.8 (was 0.0)
  [UPDATE Y] child: div, content_height=1031.1, margin.bottom=0.0, total_height=1031.1, y after=2472.8
[LAYOUT] Child element: text (parent: body)
  parent.content: x=0.0, y=0.0
  parent.padding: left=20.0, top=20.0
  child.margin: left=0.0, top=0.0
  y (accumulated): 2472.8
  child.content: x=20.0 (was 0.0), y=2472.8 (was 0.0)
  [UPDATE Y] child: text, content_height=0.0, margin.bottom=0.0, total_height=0.0, y after=2472.8
  [UPDATE Y] child: div, content_height=79.2, margin.bottom=0.0, total_height=79.2, y after=94.2
  [UPDATE Y] child: div, content_height=79.2, margin.bottom=0.0, total_height=79.2, y after=173.4
  [UPDATE Y] child: div, content_height=79.2, margin.bottom=0.0, total_height=79.2, y after=252.6
  [UPDATE Y] child: div, content_height=79.2, margin.bottom=0.0, total_height=79.2, y after=331.8
  [UPDATE Y] child: div, content_height=79.2, margin.bottom=0.0, total_height=79.2, y after=411.0
  [UPDATE Y] child: div, content_height=79.2, margin.bottom=0.0, total_height=79.2, y after=490.2
  [UPDATE Y] child: div, content_height=79.2, margin.bottom=0.0, total_height=79.2, y after=569.4
  [UPDATE Y] child: div, content_height=79.2, margin.bottom=0.0, total_height=79.2, y after=648.6
  [UPDATE Y] child: div, content_height=697.6, margin.bottom=0.0, total_height=697.6, y after=809.7
[LAYOUT] Child element: div (parent: body)
  parent.content: x=0.0, y=0.0
  parent.padding: left=20.0, top=20.0
  child.margin: left=0.0, top=0.0
  y (accumulated): 2472.8
  child.content: x=20.0 (was 0.0), y=2472.8 (was 0.0)
  [UPDATE Y] child: div, content_height=809.7, margin.bottom=0.0, total_height=809.7, y after=3282.5
[LAYOUT] Child element: text (parent: body)
  parent.content: x=0.0, y=0.0
  parent.padding: left=20.0, top=20.0
  child.margin: left=0.0, top=0.0
  y (accumulated): 3282.5
  child.content: x=20.0 (was 0.0), y=3282.5 (was 0.0)
  [UPDATE Y] child: text, content_height=0.0, margin.bottom=0.0, total_height=0.0, y after=3282.5
  [TEXT HEIGHT] text: "大号文本（32px�...", font_size=16.0, line_height=19.2, height=19.2
  [TEXT HEIGHT] text: "中等文本（20px�...", font_size=16.0, line_height=19.2, height=19.2
  [TEXT HEIGHT] text: "小号文本（12px�...", font_size=16.0, line_height=19.2, height=19.2
  [TEXT HEIGHT] text: "下划线文本...", font_size=16.0, line_height=19.2, height=19.2
  [TEXT HEIGHT] text: "删除线文本...", font_size=16.0, line_height=19.2, height=19.2
[LAYOUT] Child element: div (parent: body)
  parent.content: x=0.0, y=0.0
  parent.padding: left=20.0, top=20.0
  child.margin: left=0.0, top=0.0
  y (accumulated): 3282.5
  child.content: x=20.0 (was 0.0), y=3282.5 (was 0.0)
  [UPDATE Y] child: div, content_height=405.5, margin.bottom=0.0, total_height=405.5, y after=3688.0
[LAYOUT] Child element: text (parent: body)
  parent.content: x=0.0, y=0.0
  parent.padding: left=20.0, top=20.0
  child.margin: left=0.0, top=0.0
  y (accumulated): 3688.0
  child.content: x=20.0 (was 0.0), y=3688.0 (was 0.0)
  [UPDATE Y] child: text, content_height=0.0, margin.bottom=0.0, total_height=0.0, y after=3688.0
  [TEXT HEIGHT] text: "这是一个测试�...", font_size=16.0, line_height=25.6, height=25.6
  [TEXT HEIGHT] text: "這是一個測試�...", font_size=16.0, line_height=25.6, height=25.6
  [TEXT HEIGHT] text: "これはテスト�...", font_size=16.0, line_height=25.6, height=25.6
  [TEXT HEIGHT] text: "이것은 테스트 ...", font_size=16.0, line_height=25.6, height=25.6
  [TEXT HEIGHT] text: "This is a test page ...", font_size=16.0, line_height=25.6, height=25.6
  [TEXT HEIGHT] text: "混合文本 Mixed T...", font_size=16.0, line_height=25.6, height=25.6
[LAYOUT] Child element: div (parent: body)
  parent.content: x=0.0, y=0.0
  parent.padding: left=20.0, top=20.0
  child.margin: left=0.0, top=0.0
  y (accumulated): 3688.0
  child.content: x=20.0 (was 0.0), y=3688.0 (was 0.0)
  [UPDATE Y] child: div, content_height=610.3, margin.bottom=0.0, total_height=610.3, y after=4298.4
[LAYOUT] Child element: text (parent: body)
  parent.content: x=0.0, y=0.0
  parent.padding: left=20.0, top=20.0
  child.margin: left=0.0, top=0.0
  y (accumulated): 4298.4
  child.content: x=20.0 (was 0.0), y=4298.4 (was 0.0)
  [UPDATE Y] child: text, content_height=0.0, margin.bottom=0.0, total_height=0.0, y after=4298.4
  [TEXT HEIGHT] text: "这个区域有实�...", font_size=16.0, line_height=19.2, height=19.2
  [TEXT HEIGHT] text: "这个区域有虚�...", font_size=16.0, line_height=19.2, height=19.2
  [UPDATE Y] child: div, content_height=117.2, margin.bottom=0.0, total_height=117.2, y after=273.9
[LAYOUT] Child element: div (parent: body)
  parent.content: x=0.0, y=0.0
  parent.padding: left=20.0, top=20.0
  child.margin: left=0.0, top=0.0
  y (accumulated): 4298.4
  child.content: x=20.0 (was 0.0), y=4298.4 (was 0.0)
  [UPDATE Y] child: div, content_height=343.9, margin.bottom=0.0, total_height=343.9, y after=4642.3
[LAYOUT] Child element: text (parent: body)
  parent.content: x=0.0, y=0.0
  parent.padding: left=20.0, top=20.0
  child.margin: left=0.0, top=0.0
  y (accumulated): 4642.3
  child.content: x=20.0 (was 0.0), y=4642.3 (was 0.0)
  [UPDATE Y] child: text, content_height=0.0, margin.bottom=0.0, total_height=0.0, y after=4642.3
  [TEXT HEIGHT] text: "第一层嵌套...", font_size=16.0, line_height=19.2, height=19.2
  [TEXT HEIGHT] text: "第二层嵌套...", font_size=16.0, line_height=19.2, height=19.2
  [TEXT HEIGHT] text: "第三层嵌套...", font_size=16.0, line_height=19.2, height=19.2
  [UPDATE Y] child: div, content_height=71.2, margin.bottom=2.0, total_height=73.2, y after=132.4
  [UPDATE Y] child: div, content_height=160.4, margin.bottom=3.0, total_height=163.4, y after=224.6
  [UPDATE Y] child: div, content_height=258.6, margin.bottom=5.0, total_height=263.6, y after=364.1
[LAYOUT] Child element: div (parent: body)
  parent.content: x=0.0, y=0.0
  parent.padding: left=20.0, top=20.0
  child.margin: left=0.0, top=0.0
  y (accumulated): 4642.3
  child.content: x=20.0 (was 0.0), y=4642.3 (was 0.0)
  [UPDATE Y] child: div, content_height=413.1, margin.bottom=0.0, total_height=413.1, y after=5055.4
[LAYOUT] Child element: text (parent: body)
  parent.content: x=0.0, y=0.0
  parent.padding: left=20.0, top=20.0
  child.margin: left=0.0, top=0.0
  y (accumulated): 5055.4
  child.content: x=20.0 (was 0.0), y=5055.4 (was 0.0)
  [UPDATE Y] child: text, content_height=0.0, margin.bottom=0.0, total_height=0.0, y after=5055.4
  [TEXT HEIGHT] text: "HTML实体：<div> &...", font_size=16.0, line_height=19.2, height=19.2
  [TEXT HEIGHT] text: "Unicode字符：© �...", font_size=16.0, line_height=19.2, height=19.2
  [TEXT HEIGHT] text: "数学符号：∑ �...", font_size=16.0, line_height=19.2, height=19.2
  [TEXT HEIGHT] text: "箭头符号：← �...", font_size=16.0, line_height=19.2, height=19.2
  [TEXT HEIGHT] text: "Emoji：😀 😃 �...", font_size=16.0, line_height=19.2, height=19.2
[LAYOUT] Child element: div (parent: body)
  parent.content: x=0.0, y=0.0
  parent.padding: left=20.0, top=20.0
  child.margin: left=0.0, top=0.0
  y (accumulated): 5055.4
  child.content: x=20.0 (was 0.0), y=5055.4 (was 0.0)
  [UPDATE Y] child: div, content_height=405.5, margin.bottom=0.0, total_height=405.5, y after=5460.9
[LAYOUT] Child element: text (parent: body)
  parent.content: x=0.0, y=0.0
  parent.padding: left=20.0, top=20.0
  child.margin: left=0.0, top=0.0
  y (accumulated): 5460.9
  child.content: x=20.0 (was 0.0), y=5460.9 (was 0.0)
  [UPDATE Y] child: text, content_height=0.0, margin.bottom=0.0, total_height=0.0, y after=5460.9
  [TEXT HEIGHT] text: "包含块级和行�...", font_size=16.0, line_height=19.2, height=19.2
  [UPDATE Y] child: div, content_height=222.4, margin.bottom=0.0, total_height=222.4, y after=222.4
  [TEXT HEIGHT] text: "另一个Flex子项�...", font_size=16.0, line_height=19.2, height=19.2
  [TEXT HEIGHT] text: "嵌套的div...", font_size=16.0, line_height=19.2, height=19.2
  [UPDATE Y] child: div, content_height=91.2, margin.bottom=0.0, total_height=91.2, y after=245.4
  [UPDATE Y] child: div, content_height=294.4, margin.bottom=0.0, total_height=294.4, y after=516.8
  [UPDATE Y] child: div, content_height=516.8, margin.bottom=0.0, total_height=516.8, y after=622.3
  [TEXT HEIGHT] text: "相对定位容器...", font_size=16.0, line_height=19.2, height=19.2
  [UPDATE Y] child: div, content_height=115.2, margin.bottom=0.0, total_height=115.2, y after=737.5
[LAYOUT] Child element: div (parent: body)
  parent.content: x=0.0, y=0.0
  parent.padding: left=20.0, top=20.0
  child.margin: left=0.0, top=0.0
  y (accumulated): 5460.9
  child.content: x=20.0 (was 0.0), y=5460.9 (was 0.0)
  [UPDATE Y] child: div, content_height=803.5, margin.bottom=0.0, total_height=803.5, y after=6264.4
[LAYOUT] Child element: text (parent: body)
  parent.content: x=0.0, y=0.0
  parent.padding: left=20.0, top=20.0
  child.margin: left=0.0, top=0.0
  y (accumulated): 6264.4
  child.content: x=20.0 (was 0.0), y=6264.4 (was 0.0)
  [UPDATE Y] child: text, content_height=0.0, margin.bottom=0.0, total_height=0.0, y after=6264.4
  [TEXT HEIGHT] text: "ZBrowser功能测试...", font_size=16.0, line_height=19.2, height=19.2
  [TEXT HEIGHT] text: "包含：块级布�...", font_size=16.0, line_height=19.2, height=19.2
[LAYOUT] Child element: div (parent: body)
  parent.content: x=0.0, y=0.0
  parent.padding: left=20.0, top=20.0
  child.margin: left=0.0, top=30.0
  y (accumulated): 6264.4
  child.content: x=20.0 (was 0.0), y=6294.4 (was 0.0)
  [UPDATE Y] child: div, content_height=182.4, margin.bottom=0.0, total_height=182.4, y after=6446.8
[LAYOUT] Child element: body (parent: html)
  parent.content: x=0.0, y=0.0
  parent.padding: left=0.0, top=0.0
  child.margin: left=0.0, top=0.0
  y (accumulated): 0.0
  child.content: x=0.0 (was 0.0), y=0.0 (was 0.0)
  [UPDATE Y] child: body, content_height=6506.8, margin.bottom=0.0, total_height=6506.8, y after=6506.8
[LAYOUT] Child element: !DOCTYPE (parent: body)
  parent.content: x=0.0, y=0.0
  parent.padding: left=20.0, top=20.0
  child.margin: left=0.0, top=0.0
  y (accumulated): 20.0
  child.content: x=20.0 (was 0.0), y=20.0 (was 0.0)
  [UPDATE Y] child: !DOCTYPE, content_height=6506.8, margin.bottom=0.0, total_height=6506.8, y after=6526.8
[LAYOUT] Child element: body (parent: html)
  parent.content: x=0.0, y=0.0
  parent.padding: left=0.0, top=0.0
  child.margin: left=0.0, top=0.0
  y (accumulated): 0.0
  child.content: x=0.0 (was 0.0), y=0.0 (was 0.0)
  [UPDATE Y] child: body, content_height=6586.8, margin.bottom=0.0, total_height=6586.8, y after=6586.8
[LAYOUT] Element: body, is_root: false
  margin: top=0.0, right=0.0, bottom=0.0, left=0.0
  padding: top=20.0, right=20.0, bottom=20.0, left=20.0
  content: x=0.0, y=0.0, width=1160.0, height=6546.8
  containing_block: width=1200.0, height=6586.8
[LAYOUT] Body element position set: x=0.0, y=0.0 (margin: left=0.0, top=0.0)
[LAYOUT] Element: html, is_root: false
  margin: top=0.0, right=0.0, bottom=0.0, left=0.0
  padding: top=0.0, right=0.0, bottom=0.0, left=0.0
  content: x=0.0, y=0.0, width=1160.0, height=6506.8
  containing_block: width=1160.0, height=6586.8
[LAYOUT] Element: body, is_root: false
  margin: top=0.0, right=0.0, bottom=0.0, left=0.0
  padding: top=20.0, right=20.0, bottom=20.0, left=20.0
  content: x=0.0, y=0.0, width=1120.0, height=6466.8
  containing_block: width=1160.0, height=6586.8
[LAYOUT] Body element position set: x=0.0, y=0.0 (margin: left=0.0, top=0.0)
[CONTAINING BLOCK] body.content.width=1120.0, child_containing_block.width=1120.0
[WIDTH DEBUG] h1: containing_block.width=1120.0, available_width=1120.0, calculated_width=1116.0
[LAYOUT] Child element: h1 (parent: body)
  parent.content: x=0.0, y=0.0
  parent.padding: left=20.0, top=20.0
  child.margin: left=0.0, top=21.4
  y (accumulated): 20.0
  child.content: x=20.0 (was 20.0), y=41.4 (was 41.4)
  [UPDATE Y] child: h1, content_height=50.0, margin.bottom=21.4, total_height=71.4, y after=91.4
[LAYOUT] Child element: text (parent: body)
  parent.content: x=0.0, y=0.0
  parent.padding: left=20.0, top=20.0
  child.margin: left=0.0, top=0.0
  y (accumulated): 91.4
  child.content: x=20.0 (was 20.0), y=91.4 (was 91.4)
  [UPDATE Y] child: text, content_height=0.0, margin.bottom=0.0, total_height=0.0, y after=91.4
[WIDTH DEBUG] h1: containing_block.width=1086.0, available_width=1086.0, calculated_width=1086.0
[LAYOUT] Child element: h1 (parent: div)
  parent.content: x=20.0, y=91.4
  parent.padding: left=15.0, top=15.0
  child.margin: left=0.0, top=16.1
  y (accumulated): 15.0
  child.content: x=15.0 (was 15.0), y=122.5 (was 31.1)
  [UPDATE Y] child: h1, content_height=62.1, margin.bottom=16.1, total_height=78.2, y after=93.2
  [UPDATE Y] child: div, content_height=96.0, margin.bottom=0.0, total_height=96.0, y after=301.2
[LAYOUT] Child element: div (parent: body)
  parent.content: x=0.0, y=0.0
  parent.padding: left=20.0, top=20.0
  child.margin: left=0.0, top=0.0
  y (accumulated): 91.4
  child.content: x=20.0 (was 20.0), y=91.4 (was 91.4)
  [UPDATE Y] child: div, content_height=350.2, margin.bottom=0.0, total_height=350.2, y after=441.6
[LAYOUT] Child element: text (parent: body)
  parent.content: x=0.0, y=0.0
  parent.padding: left=20.0, top=20.0
  child.margin: left=0.0, top=0.0
  y (accumulated): 441.6
  child.content: x=20.0 (was 20.0), y=441.6 (was 441.6)
  [UPDATE Y] child: text, content_height=0.0, margin.bottom=0.0, total_height=0.0, y after=441.6
[LAYOUT] Child element: div (parent: body)
  parent.content: x=0.0, y=0.0
  parent.padding: left=20.0, top=20.0
  child.margin: left=0.0, top=0.0
  y (accumulated): 441.6
  child.content: x=20.0 (was 20.0), y=441.6 (was 441.6)
  [UPDATE Y] child: div, content_height=329.4, margin.bottom=0.0, total_height=329.4, y after=771.0
[LAYOUT] Child element: text (parent: body)
  parent.content: x=0.0, y=0.0
  parent.padding: left=20.0, top=20.0
  child.margin: left=0.0, top=0.0
  y (accumulated): 771.0
  child.content: x=20.0 (was 20.0), y=771.0 (was 771.0)
  [UPDATE Y] child: text, content_height=0.0, margin.bottom=0.0, total_height=0.0, y after=771.0
  [UPDATE Y] child: div, content_height=59.2, margin.bottom=5.0, total_height=64.2, y after=138.2
  [UPDATE Y] child: div, content_height=59.2, margin.bottom=5.0, total_height=64.2, y after=202.4
[LAYOUT] Child element: div (parent: body)
  parent.content: x=0.0, y=0.0
  parent.padding: left=20.0, top=20.0
  child.margin: left=0.0, top=0.0
  y (accumulated): 771.0
  child.content: x=20.0 (was 20.0), y=771.0 (was 771.0)
  [UPDATE Y] child: div, content_height=334.0, margin.bottom=0.0, total_height=334.0, y after=1105.0
[LAYOUT] Child element: text (parent: body)
  parent.content: x=0.0, y=0.0
  parent.padding: left=20.0, top=20.0
  child.margin: left=0.0, top=0.0
  y (accumulated): 1105.0
  child.content: x=20.0 (was 20.0), y=1105.0 (was 1105.0)
  [UPDATE Y] child: text, content_height=0.0, margin.bottom=0.0, total_height=0.0, y after=1105.0
  [UPDATE Y] child: div, content_height=59.2, margin.bottom=0.0, total_height=59.2, y after=287.8
[LAYOUT] Child element: div (parent: body)
  parent.content: x=0.0, y=0.0
  parent.padding: left=20.0, top=20.0
  child.margin: left=0.0, top=0.0
  y (accumulated): 1105.0
  child.content: x=20.0 (was 20.0), y=1105.0 (was 1105.0)
  [UPDATE Y] child: div, content_height=336.8, margin.bottom=0.0, total_height=336.8, y after=1441.8
[LAYOUT] Child element: text (parent: body)
  parent.content: x=0.0, y=0.0
  parent.padding: left=20.0, top=20.0
  child.margin: left=0.0, top=0.0
  y (accumulated): 1441.8
  child.content: x=20.0 (was 20.0), y=1441.8 (was 1441.8)
  [UPDATE Y] child: text, content_height=0.0, margin.bottom=0.0, total_height=0.0, y after=1441.8
  [UPDATE Y] child: div, content_height=99.2, margin.bottom=5.0, total_height=104.2, y after=119.2
  [UPDATE Y] child: div, content_height=99.2, margin.bottom=5.0, total_height=104.2, y after=223.4
  [UPDATE Y] child: div, content_height=99.2, margin.bottom=5.0, total_height=104.2, y after=327.6
  [UPDATE Y] child: div, content_height=99.2, margin.bottom=5.0, total_height=104.2, y after=431.8
  [UPDATE Y] child: div, content_height=99.2, margin.bottom=5.0, total_height=104.2, y after=536.0
  [UPDATE Y] child: div, content_height=585.0, margin.bottom=0.0, total_height=585.0, y after=697.1
  [UPDATE Y] child: div, content_height=99.2, margin.bottom=5.0, total_height=104.2, y after=119.2
  [UPDATE Y] child: div, content_height=99.2, margin.bottom=5.0, total_height=104.2, y after=223.4
  [UPDATE Y] child: div, content_height=99.2, margin.bottom=5.0, total_height=104.2, y after=327.6
  [UPDATE Y] child: div, content_height=334.0, margin.bottom=0.0, total_height=334.0, y after=1031.1
[LAYOUT] Child element: div (parent: body)
  parent.content: x=0.0, y=0.0
  parent.padding: left=20.0, top=20.0
  child.margin: left=0.0, top=0.0
  y (accumulated): 1441.8
  child.content: x=20.0 (was 20.0), y=1441.8 (was 1441.8)
  [UPDATE Y] child: div, content_height=1031.1, margin.bottom=0.0, total_height=1031.1, y after=2472.8
[LAYOUT] Child element: text (parent: body)
  parent.content: x=0.0, y=0.0
  parent.padding: left=20.0, top=20.0
  child.margin: left=0.0, top=0.0
  y (accumulated): 2472.8
  child.content: x=20.0 (was 20.0), y=2472.8 (was 2472.8)
  [UPDATE Y] child: text, content_height=0.0, margin.bottom=0.0, total_height=0.0, y after=2472.8
  [UPDATE Y] child: div, content_height=79.2, margin.bottom=0.0, total_height=79.2, y after=94.2
  [UPDATE Y] child: div, content_height=79.2, margin.bottom=0.0, total_height=79.2, y after=173.4
  [UPDATE Y] child: div, content_height=79.2, margin.bottom=0.0, total_height=79.2, y after=252.6
  [UPDATE Y] child: div, content_height=79.2, margin.bottom=0.0, total_height=79.2, y after=331.8
  [UPDATE Y] child: div, content_height=79.2, margin.bottom=0.0, total_height=79.2, y after=411.0
  [UPDATE Y] child: div, content_height=79.2, margin.bottom=0.0, total_height=79.2, y after=490.2
  [UPDATE Y] child: div, content_height=79.2, margin.bottom=0.0, total_height=79.2, y after=569.4
  [UPDATE Y] child: div, content_height=79.2, margin.bottom=0.0, total_height=79.2, y after=648.6
  [UPDATE Y] child: div, content_height=697.6, margin.bottom=0.0, total_height=697.6, y after=809.7
[LAYOUT] Child element: div (parent: body)
  parent.content: x=0.0, y=0.0
  parent.padding: left=20.0, top=20.0
  child.margin: left=0.0, top=0.0
  y (accumulated): 2472.8
  child.content: x=20.0 (was 20.0), y=2472.8 (was 2472.8)
  [UPDATE Y] child: div, content_height=809.7, margin.bottom=0.0, total_height=809.7, y after=3282.5
[LAYOUT] Child element: text (parent: body)
  parent.content: x=0.0, y=0.0
  parent.padding: left=20.0, top=20.0
  child.margin: left=0.0, top=0.0
  y (accumulated): 3282.5
  child.content: x=20.0 (was 20.0), y=3282.5 (was 3282.5)
  [UPDATE Y] child: text, content_height=0.0, margin.bottom=0.0, total_height=0.0, y after=3282.5
[LAYOUT] Child element: div (parent: body)
  parent.content: x=0.0, y=0.0
  parent.padding: left=20.0, top=20.0
  child.margin: left=0.0, top=0.0
  y (accumulated): 3282.5
  child.content: x=20.0 (was 20.0), y=3282.5 (was 3282.5)
  [UPDATE Y] child: div, content_height=405.5, margin.bottom=0.0, total_height=405.5, y after=3688.0
[LAYOUT] Child element: text (parent: body)
  parent.content: x=0.0, y=0.0
  parent.padding: left=20.0, top=20.0
  child.margin: left=0.0, top=0.0
  y (accumulated): 3688.0
  child.content: x=20.0 (was 20.0), y=3688.0 (was 3688.0)
  [UPDATE Y] child: text, content_height=0.0, margin.bottom=0.0, total_height=0.0, y after=3688.0
[LAYOUT] Child element: div (parent: body)
  parent.content: x=0.0, y=0.0
  parent.padding: left=20.0, top=20.0
  child.margin: left=0.0, top=0.0
  y (accumulated): 3688.0
  child.content: x=20.0 (was 20.0), y=3688.0 (was 3688.0)
  [UPDATE Y] child: div, content_height=610.3, margin.bottom=0.0, total_height=610.3, y after=4298.4
[LAYOUT] Child element: text (parent: body)
  parent.content: x=0.0, y=0.0
  parent.padding: left=20.0, top=20.0
  child.margin: left=0.0, top=0.0
  y (accumulated): 4298.4
  child.content: x=20.0 (was 20.0), y=4298.4 (was 4298.4)
  [UPDATE Y] child: text, content_height=0.0, margin.bottom=0.0, total_height=0.0, y after=4298.4
  [UPDATE Y] child: div, content_height=117.2, margin.bottom=0.0, total_height=117.2, y after=273.9
[LAYOUT] Child element: div (parent: body)
  parent.content: x=0.0, y=0.0
  parent.padding: left=20.0, top=20.0
  child.margin: left=0.0, top=0.0
  y (accumulated): 4298.4
  child.content: x=20.0 (was 20.0), y=4298.4 (was 4298.4)
  [UPDATE Y] child: div, content_height=343.9, margin.bottom=0.0, total_height=343.9, y after=4642.3
[LAYOUT] Child element: text (parent: body)
  parent.content: x=0.0, y=0.0
  parent.padding: left=20.0, top=20.0
  child.margin: left=0.0, top=0.0
  y (accumulated): 4642.3
  child.content: x=20.0 (was 20.0), y=4642.3 (was 4642.3)
  [UPDATE Y] child: text, content_height=0.0, margin.bottom=0.0, total_height=0.0, y after=4642.3
  [UPDATE Y] child: div, content_height=71.2, margin.bottom=2.0, total_height=73.2, y after=132.4
  [UPDATE Y] child: div, content_height=160.4, margin.bottom=3.0, total_height=163.4, y after=224.6
  [UPDATE Y] child: div, content_height=258.6, margin.bottom=5.0, total_height=263.6, y after=364.1
[LAYOUT] Child element: div (parent: body)
  parent.content: x=0.0, y=0.0
  parent.padding: left=20.0, top=20.0
  child.margin: left=0.0, top=0.0
  y (accumulated): 4642.3
  child.content: x=20.0 (was 20.0), y=4642.3 (was 4642.3)
  [UPDATE Y] child: div, content_height=413.1, margin.bottom=0.0, total_height=413.1, y after=5055.4
[LAYOUT] Child element: text (parent: body)
  parent.content: x=0.0, y=0.0
  parent.padding: left=20.0, top=20.0
  child.margin: left=0.0, top=0.0
  y (accumulated): 5055.4
  child.content: x=20.0 (was 20.0), y=5055.4 (was 5055.4)
  [UPDATE Y] child: text, content_height=0.0, margin.bottom=0.0, total_height=0.0, y after=5055.4
[LAYOUT] Child element: div (parent: body)
  parent.content: x=0.0, y=0.0
  parent.padding: left=20.0, top=20.0
  child.margin: left=0.0, top=0.0
  y (accumulated): 5055.4
  child.content: x=20.0 (was 20.0), y=5055.4 (was 5055.4)
  [UPDATE Y] child: div, content_height=405.5, margin.bottom=0.0, total_height=405.5, y after=5460.9
[LAYOUT] Child element: text (parent: body)
  parent.content: x=0.0, y=0.0
  parent.padding: left=20.0, top=20.0
  child.margin: left=0.0, top=0.0
  y (accumulated): 5460.9
  child.content: x=20.0 (was 20.0), y=5460.9 (was 5460.9)
  [UPDATE Y] child: text, content_height=0.0, margin.bottom=0.0, total_height=0.0, y after=5460.9
  [UPDATE Y] child: div, content_height=222.4, margin.bottom=0.0, total_height=222.4, y after=222.4
  [UPDATE Y] child: div, content_height=91.2, margin.bottom=0.0, total_height=91.2, y after=245.4
  [UPDATE Y] child: div, content_height=294.4, margin.bottom=0.0, total_height=294.4, y after=516.8
  [UPDATE Y] child: div, content_height=516.8, margin.bottom=0.0, total_height=516.8, y after=622.3
  [UPDATE Y] child: div, content_height=115.2, margin.bottom=0.0, total_height=115.2, y after=737.5
[LAYOUT] Child element: div (parent: body)
  parent.content: x=0.0, y=0.0
  parent.padding: left=20.0, top=20.0
  child.margin: left=0.0, top=0.0
  y (accumulated): 5460.9
  child.content: x=20.0 (was 20.0), y=5460.9 (was 5460.9)
  [UPDATE Y] child: div, content_height=803.5, margin.bottom=0.0, total_height=803.5, y after=6264.4
[LAYOUT] Child element: text (parent: body)
  parent.content: x=0.0, y=0.0
  parent.padding: left=20.0, top=20.0
  child.margin: left=0.0, top=0.0
  y (accumulated): 6264.4
  child.content: x=20.0 (was 20.0), y=6264.4 (was 6264.4)
  [UPDATE Y] child: text, content_height=0.0, margin.bottom=0.0, total_height=0.0, y after=6264.4
[LAYOUT] Child element: div (parent: body)
  parent.content: x=0.0, y=0.0
  parent.padding: left=20.0, top=20.0
  child.margin: left=0.0, top=30.0
  y (accumulated): 6264.4
  child.content: x=20.0 (was 20.0), y=6294.4 (was 6294.4)
  [UPDATE Y] child: div, content_height=182.4, margin.bottom=0.0, total_height=182.4, y after=6446.8
[LAYOUT] Child element: body (parent: html)
  parent.content: x=0.0, y=0.0
  parent.padding: left=0.0, top=0.0
  child.margin: left=0.0, top=0.0
  y (accumulated): 0.0
  child.content: x=0.0 (was 0.0), y=0.0 (was 0.0)
  [UPDATE Y] child: body, content_height=6506.8, margin.bottom=0.0, total_height=6506.8, y after=6506.8
[LAYOUT] Child element: !DOCTYPE (parent: body)
  parent.content: x=0.0, y=0.0
  parent.padding: left=20.0, top=20.0
  child.margin: left=0.0, top=0.0
  y (accumulated): 20.0
  child.content: x=20.0 (was 20.0), y=20.0 (was 20.0)
  [UPDATE Y] child: !DOCTYPE, content_height=6506.8, margin.bottom=0.0, total_height=6506.8, y after=6526.8
[LAYOUT] Element: html, is_root: false
  margin: top=0.0, right=0.0, bottom=0.0, left=0.0
  padding: top=0.0, right=0.0, bottom=0.0, left=0.0
  content: x=20.0, y=20.0, width=1160.0, height=6506.8
  containing_block: width=1160.0, height=6546.8
[LAYOUT] Element: body, is_root: false
  margin: top=0.0, right=0.0, bottom=0.0, left=0.0
  padding: top=20.0, right=20.0, bottom=20.0, left=20.0
  content: x=0.0, y=0.0, width=1120.0, height=6466.8
  containing_block: width=1160.0, height=6546.8
[LAYOUT WARNING] html.content is not (0, 0): x=20.0, y=20.0
[LAYOUT] Body element position set: x=0.0, y=0.0 (margin: left=0.0, top=0.0)
[CONTAINING BLOCK] body.content.width=1120.0, child_containing_block.width=1120.0
[WIDTH DEBUG] h1: containing_block.width=1120.0, available_width=1120.0, calculated_width=1116.0
[LAYOUT] Child element: h1 (parent: body)
  parent.content: x=0.0, y=0.0
  parent.padding: left=20.0, top=20.0
  child.margin: left=0.0, top=21.4
  y (accumulated): 20.0
  child.content: x=20.0 (was 20.0), y=41.4 (was 41.4)
  [UPDATE Y] child: h1, content_height=50.0, margin.bottom=21.4, total_height=71.4, y after=91.4
[LAYOUT] Child element: text (parent: body)
  parent.content: x=0.0, y=0.0
  parent.padding: left=20.0, top=20.0
  child.margin: left=0.0, top=0.0
  y (accumulated): 91.4
  child.content: x=20.0 (was 20.0), y=91.4 (was 91.4)
  [UPDATE Y] child: text, content_height=0.0, margin.bottom=0.0, total_height=0.0, y after=91.4
[WIDTH DEBUG] h1: containing_block.width=1086.0, available_width=1086.0, calculated_width=1086.0
[LAYOUT] Child element: h1 (parent: div)
  parent.content: x=20.0, y=91.4
  parent.padding: left=15.0, top=15.0
  child.margin: left=0.0, top=16.1
  y (accumulated): 15.0
  child.content: x=15.0 (was 15.0), y=122.5 (was 122.5)
  [UPDATE Y] child: h1, content_height=62.1, margin.bottom=16.1, total_height=78.2, y after=93.2
  [UPDATE Y] child: div, content_height=96.0, margin.bottom=0.0, total_height=96.0, y after=301.2
[LAYOUT] Child element: div (parent: body)
  parent.content: x=0.0, y=0.0
  parent.padding: left=20.0, top=20.0
  child.margin: left=0.0, top=0.0
  y (accumulated): 91.4
  child.content: x=20.0 (was 20.0), y=91.4 (was 91.4)
  [UPDATE Y] child: div, content_height=350.2, margin.bottom=0.0, total_height=350.2, y after=441.6
[LAYOUT] Child element: text (parent: body)
  parent.content: x=0.0, y=0.0
  parent.padding: left=20.0, top=20.0
  child.margin: left=0.0, top=0.0
  y (accumulated): 441.6
  child.content: x=20.0 (was 20.0), y=441.6 (was 441.6)
  [UPDATE Y] child: text, content_height=0.0, margin.bottom=0.0, total_height=0.0, y after=441.6
[LAYOUT] Child element: div (parent: body)
  parent.content: x=0.0, y=0.0
  parent.padding: left=20.0, top=20.0
  child.margin: left=0.0, top=0.0
  y (accumulated): 441.6
  child.content: x=20.0 (was 20.0), y=441.6 (was 441.6)
  [UPDATE Y] child: div, content_height=329.4, margin.bottom=0.0, total_height=329.4, y after=771.0
[LAYOUT] Child element: text (parent: body)
  parent.content: x=0.0, y=0.0
  parent.padding: left=20.0, top=20.0
  child.margin: left=0.0, top=0.0
  y (accumulated): 771.0
  child.content: x=20.0 (was 20.0), y=771.0 (was 771.0)
  [UPDATE Y] child: text, content_height=0.0, margin.bottom=0.0, total_height=0.0, y after=771.0
  [UPDATE Y] child: div, content_height=59.2, margin.bottom=5.0, total_height=64.2, y after=138.2
  [UPDATE Y] child: div, content_height=59.2, margin.bottom=5.0, total_height=64.2, y after=202.4
[LAYOUT] Child element: div (parent: body)
  parent.content: x=0.0, y=0.0
  parent.padding: left=20.0, top=20.0
  child.margin: left=0.0, top=0.0
  y (accumulated): 771.0
  child.content: x=20.0 (was 20.0), y=771.0 (was 771.0)
  [UPDATE Y] child: div, content_height=334.0, margin.bottom=0.0, total_height=334.0, y after=1105.0
[LAYOUT] Child element: text (parent: body)
  parent.content: x=0.0, y=0.0
  parent.padding: left=20.0, top=20.0
  child.margin: left=0.0, top=0.0
  y (accumulated): 1105.0
  child.content: x=20.0 (was 20.0), y=1105.0 (was 1105.0)
  [UPDATE Y] child: text, content_height=0.0, margin.bottom=0.0, total_height=0.0, y after=1105.0
  [UPDATE Y] child: div, content_height=59.2, margin.bottom=0.0, total_height=59.2, y after=287.8
[LAYOUT] Child element: div (parent: body)
  parent.content: x=0.0, y=0.0
  parent.padding: left=20.0, top=20.0
  child.margin: left=0.0, top=0.0
  y (accumulated): 1105.0
  child.content: x=20.0 (was 20.0), y=1105.0 (was 1105.0)
  [UPDATE Y] child: div, content_height=336.8, margin.bottom=0.0, total_height=336.8, y after=1441.8
[LAYOUT] Child element: text (parent: body)
  parent.content: x=0.0, y=0.0
  parent.padding: left=20.0, top=20.0
  child.margin: left=0.0, top=0.0
  y (accumulated): 1441.8
  child.content: x=20.0 (was 20.0), y=1441.8 (was 1441.8)
  [UPDATE Y] child: text, content_height=0.0, margin.bottom=0.0, total_height=0.0, y after=1441.8
  [UPDATE Y] child: div, content_height=99.2, margin.bottom=5.0, total_height=104.2, y after=119.2
  [UPDATE Y] child: div, content_height=99.2, margin.bottom=5.0, total_height=104.2, y after=223.4
  [UPDATE Y] child: div, content_height=99.2, margin.bottom=5.0, total_height=104.2, y after=327.6
  [UPDATE Y] child: div, content_height=99.2, margin.bottom=5.0, total_height=104.2, y after=431.8
  [UPDATE Y] child: div, content_height=99.2, margin.bottom=5.0, total_height=104.2, y after=536.0
  [UPDATE Y] child: div, content_height=585.0, margin.bottom=0.0, total_height=585.0, y after=697.1
  [UPDATE Y] child: div, content_height=99.2, margin.bottom=5.0, total_height=104.2, y after=119.2
  [UPDATE Y] child: div, content_height=99.2, margin.bottom=5.0, total_height=104.2, y after=223.4
  [UPDATE Y] child: div, content_height=99.2, margin.bottom=5.0, total_height=104.2, y after=327.6
  [UPDATE Y] child: div, content_height=334.0, margin.bottom=0.0, total_height=334.0, y after=1031.1
[LAYOUT] Child element: div (parent: body)
  parent.content: x=0.0, y=0.0
  parent.padding: left=20.0, top=20.0
  child.margin: left=0.0, top=0.0
  y (accumulated): 1441.8
  child.content: x=20.0 (was 20.0), y=1441.8 (was 1441.8)
  [UPDATE Y] child: div, content_height=1031.1, margin.bottom=0.0, total_height=1031.1, y after=2472.8
[LAYOUT] Child element: text (parent: body)
  parent.content: x=0.0, y=0.0
  parent.padding: left=20.0, top=20.0
  child.margin: left=0.0, top=0.0
  y (accumulated): 2472.8
  child.content: x=20.0 (was 20.0), y=2472.8 (was 2472.8)
  [UPDATE Y] child: text, content_height=0.0, margin.bottom=0.0, total_height=0.0, y after=2472.8
  [UPDATE Y] child: div, content_height=79.2, margin.bottom=0.0, total_height=79.2, y after=94.2
  [UPDATE Y] child: div, content_height=79.2, margin.bottom=0.0, total_height=79.2, y after=173.4
  [UPDATE Y] child: div, content_height=79.2, margin.bottom=0.0, total_height=79.2, y after=252.6
  [UPDATE Y] child: div, content_height=79.2, margin.bottom=0.0, total_height=79.2, y after=331.8
  [UPDATE Y] child: div, content_height=79.2, margin.bottom=0.0, total_height=79.2, y after=411.0
  [UPDATE Y] child: div, content_height=79.2, margin.bottom=0.0, total_height=79.2, y after=490.2
  [UPDATE Y] child: div, content_height=79.2, margin.bottom=0.0, total_height=79.2, y after=569.4
  [UPDATE Y] child: div, content_height=79.2, margin.bottom=0.0, total_height=79.2, y after=648.6
  [UPDATE Y] child: div, content_height=697.6, margin.bottom=0.0, total_height=697.6, y after=809.7
[LAYOUT] Child element: div (parent: body)
  parent.content: x=0.0, y=0.0
  parent.padding: left=20.0, top=20.0
  child.margin: left=0.0, top=0.0
  y (accumulated): 2472.8
  child.content: x=20.0 (was 20.0), y=2472.8 (was 2472.8)
  [UPDATE Y] child: div, content_height=809.7, margin.bottom=0.0, total_height=809.7, y after=3282.5
[LAYOUT] Child element: text (parent: body)
  parent.content: x=0.0, y=0.0
  parent.padding: left=20.0, top=20.0
  child.margin: left=0.0, top=0.0
  y (accumulated): 3282.5
  child.content: x=20.0 (was 20.0), y=3282.5 (was 3282.5)
  [UPDATE Y] child: text, content_height=0.0, margin.bottom=0.0, total_height=0.0, y after=3282.5
[LAYOUT] Child element: div (parent: body)
  parent.content: x=0.0, y=0.0
  parent.padding: left=20.0, top=20.0
  child.margin: left=0.0, top=0.0
  y (accumulated): 3282.5
  child.content: x=20.0 (was 20.0), y=3282.5 (was 3282.5)
  [UPDATE Y] child: div, content_height=405.5, margin.bottom=0.0, total_height=405.5, y after=3688.0
[LAYOUT] Child element: text (parent: body)
  parent.content: x=0.0, y=0.0
  parent.padding: left=20.0, top=20.0
  child.margin: left=0.0, top=0.0
  y (accumulated): 3688.0
  child.content: x=20.0 (was 20.0), y=3688.0 (was 3688.0)
  [UPDATE Y] child: text, content_height=0.0, margin.bottom=0.0, total_height=0.0, y after=3688.0
[LAYOUT] Child element: div (parent: body)
  parent.content: x=0.0, y=0.0
  parent.padding: left=20.0, top=20.0
  child.margin: left=0.0, top=0.0
  y (accumulated): 3688.0
  child.content: x=20.0 (was 20.0), y=3688.0 (was 3688.0)
  [UPDATE Y] child: div, content_height=610.3, margin.bottom=0.0, total_height=610.3, y after=4298.4
[LAYOUT] Child element: text (parent: body)
  parent.content: x=0.0, y=0.0
  parent.padding: left=20.0, top=20.0
  child.margin: left=0.0, top=0.0
  y (accumulated): 4298.4
  child.content: x=20.0 (was 20.0), y=4298.4 (was 4298.4)
  [UPDATE Y] child: text, content_height=0.0, margin.bottom=0.0, total_height=0.0, y after=4298.4
  [UPDATE Y] child: div, content_height=117.2, margin.bottom=0.0, total_height=117.2, y after=273.9
[LAYOUT] Child element: div (parent: body)
  parent.content: x=0.0, y=0.0
  parent.padding: left=20.0, top=20.0
  child.margin: left=0.0, top=0.0
  y (accumulated): 4298.4
  child.content: x=20.0 (was 20.0), y=4298.4 (was 4298.4)
  [UPDATE Y] child: div, content_height=343.9, margin.bottom=0.0, total_height=343.9, y after=4642.3
[LAYOUT] Child element: text (parent: body)
  parent.content: x=0.0, y=0.0
  parent.padding: left=20.0, top=20.0
  child.margin: left=0.0, top=0.0
  y (accumulated): 4642.3
  child.content: x=20.0 (was 20.0), y=4642.3 (was 4642.3)
  [UPDATE Y] child: text, content_height=0.0, margin.bottom=0.0, total_height=0.0, y after=4642.3
  [UPDATE Y] child: div, content_height=71.2, margin.bottom=2.0, total_height=73.2, y after=132.4
  [UPDATE Y] child: div, content_height=160.4, margin.bottom=3.0, total_height=163.4, y after=224.6
  [UPDATE Y] child: div, content_height=258.6, margin.bottom=5.0, total_height=263.6, y after=364.1
[LAYOUT] Child element: div (parent: body)
  parent.content: x=0.0, y=0.0
  parent.padding: left=20.0, top=20.0
  child.margin: left=0.0, top=0.0
  y (accumulated): 4642.3
  child.content: x=20.0 (was 20.0), y=4642.3 (was 4642.3)
  [UPDATE Y] child: div, content_height=413.1, margin.bottom=0.0, total_height=413.1, y after=5055.4
[LAYOUT] Child element: text (parent: body)
  parent.content: x=0.0, y=0.0
  parent.padding: left=20.0, top=20.0
  child.margin: left=0.0, top=0.0
  y (accumulated): 5055.4
  child.content: x=20.0 (was 20.0), y=5055.4 (was 5055.4)
  [UPDATE Y] child: text, content_height=0.0, margin.bottom=0.0, total_height=0.0, y after=5055.4
[LAYOUT] Child element: div (parent: body)
  parent.content: x=0.0, y=0.0
  parent.padding: left=20.0, top=20.0
  child.margin: left=0.0, top=0.0
  y (accumulated): 5055.4
  child.content: x=20.0 (was 20.0), y=5055.4 (was 5055.4)
  [UPDATE Y] child: div, content_height=405.5, margin.bottom=0.0, total_height=405.5, y after=5460.9
[LAYOUT] Child element: text (parent: body)
  parent.content: x=0.0, y=0.0
  parent.padding: left=20.0, top=20.0
  child.margin: left=0.0, top=0.0
  y (accumulated): 5460.9
  child.content: x=20.0 (was 20.0), y=5460.9 (was 5460.9)
  [UPDATE Y] child: text, content_height=0.0, margin.bottom=0.0, total_height=0.0, y after=5460.9
  [UPDATE Y] child: div, content_height=222.4, margin.bottom=0.0, total_height=222.4, y after=222.4
  [UPDATE Y] child: div, content_height=91.2, margin.bottom=0.0, total_height=91.2, y after=245.4
  [UPDATE Y] child: div, content_height=294.4, margin.bottom=0.0, total_height=294.4, y after=516.8
  [UPDATE Y] child: div, content_height=516.8, margin.bottom=0.0, total_height=516.8, y after=622.3
  [UPDATE Y] child: div, content_height=115.2, margin.bottom=0.0, total_height=115.2, y after=737.5
[LAYOUT] Child element: div (parent: body)
  parent.content: x=0.0, y=0.0
  parent.padding: left=20.0, top=20.0
  child.margin: left=0.0, top=0.0
  y (accumulated): 5460.9
  child.content: x=20.0 (was 20.0), y=5460.9 (was 5460.9)
  [UPDATE Y] child: div, content_height=803.5, margin.bottom=0.0, total_height=803.5, y after=6264.4
[LAYOUT] Child element: text (parent: body)
  parent.content: x=0.0, y=0.0
  parent.padding: left=20.0, top=20.0
  child.margin: left=0.0, top=0.0
  y (accumulated): 6264.4
  child.content: x=20.0 (was 20.0), y=6264.4 (was 6264.4)
  [UPDATE Y] child: text, content_height=0.0, margin.bottom=0.0, total_height=0.0, y after=6264.4
[LAYOUT] Child element: div (parent: body)
  parent.content: x=0.0, y=0.0
  parent.padding: left=20.0, top=20.0
  child.margin: left=0.0, top=30.0
  y (accumulated): 6264.4
  child.content: x=20.0 (was 20.0), y=6294.4 (was 6294.4)
  [UPDATE Y] child: div, content_height=182.4, margin.bottom=0.0, total_height=182.4, y after=6446.8
[LAYOUT] Child element: body (parent: html)
  parent.content: x=20.0, y=20.0
  parent.padding: left=0.0, top=0.0
  child.margin: left=0.0, top=0.0
  y (accumulated): 0.0
  child.content: x=20.0 (was 0.0), y=20.0 (was 0.0)
  [UPDATE Y] child: body, content_height=6506.8, margin.bottom=0.0, total_height=6506.8, y after=6506.8
[LAYOUT] Element: html, is_root: false
  margin: top=0.0, right=0.0, bottom=0.0, left=0.0
  padding: top=0.0, right=0.0, bottom=0.0, left=0.0
  content: x=20.0, y=20.0, width=1160.0, height=6506.8
  containing_block: width=1160.0, height=6506.8
[LAYOUT] Element: body, is_root: false
  margin: top=0.0, right=0.0, bottom=0.0, left=0.0
  padding: top=20.0, right=20.0, bottom=20.0, left=20.0
  content: x=20.0, y=20.0, width=1120.0, height=6466.8
  containing_block: width=1160.0, height=6506.8
[LAYOUT WARNING] html.content is not (0, 0): x=20.0, y=20.0
[CONTAINING BLOCK] body.content.width=1120.0, child_containing_block.width=1120.0
[WIDTH DEBUG] h1: containing_block.width=1120.0, available_width=1120.0, calculated_width=1116.0
[LAYOUT] Child element: h1 (parent: body)
  parent.content: x=20.0, y=20.0
  parent.padding: left=20.0, top=20.0
  child.margin: left=0.0, top=21.4
  y (accumulated): 20.0
  child.content: x=20.0 (was 20.0), y=61.4 (was 41.4)
  [UPDATE Y] child: h1, content_height=50.0, margin.bottom=21.4, total_height=71.4, y after=91.4
[LAYOUT] Child element: text (parent: body)
  parent.content: x=20.0, y=20.0
  parent.padding: left=20.0, top=20.0
  child.margin: left=0.0, top=0.0
  y (accumulated): 91.4
  child.content: x=20.0 (was 20.0), y=111.4 (was 91.4)
  [UPDATE Y] child: text, content_height=0.0, margin.bottom=0.0, total_height=0.0, y after=91.4
[WIDTH DEBUG] h1: containing_block.width=1086.0, available_width=1086.0, calculated_width=1086.0
[LAYOUT] Child element: h1 (parent: div)
  parent.content: x=20.0, y=91.4
  parent.padding: left=15.0, top=15.0
  child.margin: left=0.0, top=16.1
  y (accumulated): 15.0
  child.content: x=15.0 (was 15.0), y=122.5 (was 122.5)
  [UPDATE Y] child: h1, content_height=62.1, margin.bottom=16.1, total_height=78.2, y after=93.2
  [UPDATE Y] child: div, content_height=96.0, margin.bottom=0.0, total_height=96.0, y after=301.2
[LAYOUT] Child element: div (parent: body)
  parent.content: x=20.0, y=20.0
  parent.padding: left=20.0, top=20.0
  child.margin: left=0.0, top=0.0
  y (accumulated): 91.4
  child.content: x=20.0 (was 20.0), y=111.4 (was 91.4)
  [UPDATE Y] child: div, content_height=350.2, margin.bottom=0.0, total_height=350.2, y after=441.6
[LAYOUT] Child element: text (parent: body)
  parent.content: x=20.0, y=20.0
  parent.padding: left=20.0, top=20.0
  child.margin: left=0.0, top=0.0
  y (accumulated): 441.6
  child.content: x=20.0 (was 20.0), y=461.6 (was 441.6)
  [UPDATE Y] child: text, content_height=0.0, margin.bottom=0.0, total_height=0.0, y after=441.6
[LAYOUT] Child element: div (parent: body)
  parent.content: x=20.0, y=20.0
  parent.padding: left=20.0, top=20.0
  child.margin: left=0.0, top=0.0
  y (accumulated): 441.6
  child.content: x=20.0 (was 20.0), y=461.6 (was 441.6)
  [UPDATE Y] child: div, content_height=329.4, margin.bottom=0.0, total_height=329.4, y after=771.0
[LAYOUT] Child element: text (parent: body)
  parent.content: x=20.0, y=20.0
  parent.padding: left=20.0, top=20.0
  child.margin: left=0.0, top=0.0
  y (accumulated): 771.0
  child.content: x=20.0 (was 20.0), y=791.0 (was 771.0)
  [UPDATE Y] child: text, content_height=0.0, margin.bottom=0.0, total_height=0.0, y after=771.0
  [UPDATE Y] child: div, content_height=59.2, margin.bottom=5.0, total_height=64.2, y after=138.2
  [UPDATE Y] child: div, content_height=59.2, margin.bottom=5.0, total_height=64.2, y after=202.4
[LAYOUT] Child element: div (parent: body)
  parent.content: x=20.0, y=20.0
  parent.padding: left=20.0, top=20.0
  child.margin: left=0.0, top=0.0
  y (accumulated): 771.0
  child.content: x=20.0 (was 20.0), y=791.0 (was 771.0)
  [UPDATE Y] child: div, content_height=334.0, margin.bottom=0.0, total_height=334.0, y after=1105.0
[LAYOUT] Child element: text (parent: body)
  parent.content: x=20.0, y=20.0
  parent.padding: left=20.0, top=20.0
  child.margin: left=0.0, top=0.0
  y (accumulated): 1105.0
  child.content: x=20.0 (was 20.0), y=1125.0 (was 1105.0)
  [UPDATE Y] child: text, content_height=0.0, margin.bottom=0.0, total_height=0.0, y after=1105.0
  [UPDATE Y] child: div, content_height=59.2, margin.bottom=0.0, total_height=59.2, y after=287.8
[LAYOUT] Child element: div (parent: body)
  parent.content: x=20.0, y=20.0
  parent.padding: left=20.0, top=20.0
  child.margin: left=0.0, top=0.0
  y (accumulated): 1105.0
  child.content: x=20.0 (was 20.0), y=1125.0 (was 1105.0)
  [UPDATE Y] child: div, content_height=336.8, margin.bottom=0.0, total_height=336.8, y after=1441.8
[LAYOUT] Child element: text (parent: body)
  parent.content: x=20.0, y=20.0
  parent.padding: left=20.0, top=20.0
  child.margin: left=0.0, top=0.0
  y (accumulated): 1441.8
  child.content: x=20.0 (was 20.0), y=1461.8 (was 1441.8)
  [UPDATE Y] child: text, content_height=0.0, margin.bottom=0.0, total_height=0.0, y after=1441.8
  [UPDATE Y] child: div, content_height=99.2, margin.bottom=5.0, total_height=104.2, y after=119.2
  [UPDATE Y] child: div, content_height=99.2, margin.bottom=5.0, total_height=104.2, y after=223.4
  [UPDATE Y] child: div, content_height=99.2, margin.bottom=5.0, total_height=104.2, y after=327.6
  [UPDATE Y] child: div, content_height=99.2, margin.bottom=5.0, total_height=104.2, y after=431.8
  [UPDATE Y] child: div, content_height=99.2, margin.bottom=5.0, total_height=104.2, y after=536.0
  [UPDATE Y] child: div, content_height=585.0, margin.bottom=0.0, total_height=585.0, y after=697.1
  [UPDATE Y] child: div, content_height=99.2, margin.bottom=5.0, total_height=104.2, y after=119.2
  [UPDATE Y] child: div, content_height=99.2, margin.bottom=5.0, total_height=104.2, y after=223.4
  [UPDATE Y] child: div, content_height=99.2, margin.bottom=5.0, total_height=104.2, y after=327.6
  [UPDATE Y] child: div, content_height=334.0, margin.bottom=0.0, total_height=334.0, y after=1031.1
[LAYOUT] Child element: div (parent: body)
  parent.content: x=20.0, y=20.0
  parent.padding: left=20.0, top=20.0
  child.margin: left=0.0, top=0.0
  y (accumulated): 1441.8
  child.content: x=20.0 (was 20.0), y=1461.8 (was 1441.8)
  [UPDATE Y] child: div, content_height=1031.1, margin.bottom=0.0, total_height=1031.1, y after=2472.8
[LAYOUT] Child element: text (parent: body)
  parent.content: x=20.0, y=20.0
  parent.padding: left=20.0, top=20.0
  child.margin: left=0.0, top=0.0
  y (accumulated): 2472.8
  child.content: x=20.0 (was 20.0), y=2492.8 (was 2472.8)
  [UPDATE Y] child: text, content_height=0.0, margin.bottom=0.0, total_height=0.0, y after=2472.8
  [UPDATE Y] child: div, content_height=79.2, margin.bottom=0.0, total_height=79.2, y after=94.2
  [UPDATE Y] child: div, content_height=79.2, margin.bottom=0.0, total_height=79.2, y after=173.4
  [UPDATE Y] child: div, content_height=79.2, margin.bottom=0.0, total_height=79.2, y after=252.6
  [UPDATE Y] child: div, content_height=79.2, margin.bottom=0.0, total_height=79.2, y after=331.8
  [UPDATE Y] child: div, content_height=79.2, margin.bottom=0.0, total_height=79.2, y after=411.0
  [UPDATE Y] child: div, content_height=79.2, margin.bottom=0.0, total_height=79.2, y after=490.2
  [UPDATE Y] child: div, content_height=79.2, margin.bottom=0.0, total_height=79.2, y after=569.4
  [UPDATE Y] child: div, content_height=79.2, margin.bottom=0.0, total_height=79.2, y after=648.6
  [UPDATE Y] child: div, content_height=697.6, margin.bottom=0.0, total_height=697.6, y after=809.7
[LAYOUT] Child element: div (parent: body)
  parent.content: x=20.0, y=20.0
  parent.padding: left=20.0, top=20.0
  child.margin: left=0.0, top=0.0
  y (accumulated): 2472.8
  child.content: x=20.0 (was 20.0), y=2492.8 (was 2472.8)
  [UPDATE Y] child: div, content_height=809.7, margin.bottom=0.0, total_height=809.7, y after=3282.5
[LAYOUT] Child element: text (parent: body)
  parent.content: x=20.0, y=20.0
  parent.padding: left=20.0, top=20.0
  child.margin: left=0.0, top=0.0
  y (accumulated): 3282.5
  child.content: x=20.0 (was 20.0), y=3302.5 (was 3282.5)
  [UPDATE Y] child: text, content_height=0.0, margin.bottom=0.0, total_height=0.0, y after=3282.5
[LAYOUT] Child element: div (parent: body)
  parent.content: x=20.0, y=20.0
  parent.padding: left=20.0, top=20.0
  child.margin: left=0.0, top=0.0
  y (accumulated): 3282.5
  child.content: x=20.0 (was 20.0), y=3302.5 (was 3282.5)
  [UPDATE Y] child: div, content_height=405.5, margin.bottom=0.0, total_height=405.5, y after=3688.0
[LAYOUT] Child element: text (parent: body)
  parent.content: x=20.0, y=20.0
  parent.padding: left=20.0, top=20.0
  child.margin: left=0.0, top=0.0
  y (accumulated): 3688.0
  child.content: x=20.0 (was 20.0), y=3708.0 (was 3688.0)
  [UPDATE Y] child: text, content_height=0.0, margin.bottom=0.0, total_height=0.0, y after=3688.0
[LAYOUT] Child element: div (parent: body)
  parent.content: x=20.0, y=20.0
  parent.padding: left=20.0, top=20.0
  child.margin: left=0.0, top=0.0
  y (accumulated): 3688.0
  child.content: x=20.0 (was 20.0), y=3708.0 (was 3688.0)
  [UPDATE Y] child: div, content_height=610.3, margin.bottom=0.0, total_height=610.3, y after=4298.4
[LAYOUT] Child element: text (parent: body)
  parent.content: x=20.0, y=20.0
  parent.padding: left=20.0, top=20.0
  child.margin: left=0.0, top=0.0
  y (accumulated): 4298.4
  child.content: x=20.0 (was 20.0), y=4318.4 (was 4298.4)
  [UPDATE Y] child: text, content_height=0.0, margin.bottom=0.0, total_height=0.0, y after=4298.4
  [UPDATE Y] child: div, content_height=117.2, margin.bottom=0.0, total_height=117.2, y after=273.9
[LAYOUT] Child element: div (parent: body)
  parent.content: x=20.0, y=20.0
  parent.padding: left=20.0, top=20.0
  child.margin: left=0.0, top=0.0
  y (accumulated): 4298.4
  child.content: x=20.0 (was 20.0), y=4318.4 (was 4298.4)
  [UPDATE Y] child: div, content_height=343.9, margin.bottom=0.0, total_height=343.9, y after=4642.3
[LAYOUT] Child element: text (parent: body)
  parent.content: x=20.0, y=20.0
  parent.padding: left=20.0, top=20.0
  child.margin: left=0.0, top=0.0
  y (accumulated): 4642.3
  child.content: x=20.0 (was 20.0), y=4662.3 (was 4642.3)
  [UPDATE Y] child: text, content_height=0.0, margin.bottom=0.0, total_height=0.0, y after=4642.3
  [UPDATE Y] child: div, content_height=71.2, margin.bottom=2.0, total_height=73.2, y after=132.4
  [UPDATE Y] child: div, content_height=160.4, margin.bottom=3.0, total_height=163.4, y after=224.6
  [UPDATE Y] child: div, content_height=258.6, margin.bottom=5.0, total_height=263.6, y after=364.1
[LAYOUT] Child element: div (parent: body)
  parent.content: x=20.0, y=20.0
  parent.padding: left=20.0, top=20.0
  child.margin: left=0.0, top=0.0
  y (accumulated): 4642.3
  child.content: x=20.0 (was 20.0), y=4662.3 (was 4642.3)
  [UPDATE Y] child: div, content_height=413.1, margin.bottom=0.0, total_height=413.1, y after=5055.4
[LAYOUT] Child element: text (parent: body)
  parent.content: x=20.0, y=20.0
  parent.padding: left=20.0, top=20.0
  child.margin: left=0.0, top=0.0
  y (accumulated): 5055.4
  child.content: x=20.0 (was 20.0), y=5075.4 (was 5055.4)
  [UPDATE Y] child: text, content_height=0.0, margin.bottom=0.0, total_height=0.0, y after=5055.4
[LAYOUT] Child element: div (parent: body)
  parent.content: x=20.0, y=20.0
  parent.padding: left=20.0, top=20.0
  child.margin: left=0.0, top=0.0
  y (accumulated): 5055.4
  child.content: x=20.0 (was 20.0), y=5075.4 (was 5055.4)
  [UPDATE Y] child: div, content_height=405.5, margin.bottom=0.0, total_height=405.5, y after=5460.9
[LAYOUT] Child element: text (parent: body)
  parent.content: x=20.0, y=20.0
  parent.padding: left=20.0, top=20.0
  child.margin: left=0.0, top=0.0
  y (accumulated): 5460.9
  child.content: x=20.0 (was 20.0), y=5480.9 (was 5460.9)
  [UPDATE Y] child: text, content_height=0.0, margin.bottom=0.0, total_height=0.0, y after=5460.9
  [UPDATE Y] child: div, content_height=222.4, margin.bottom=0.0, total_height=222.4, y after=222.4
  [UPDATE Y] child: div, content_height=91.2, margin.bottom=0.0, total_height=91.2, y after=245.4
  [UPDATE Y] child: div, content_height=294.4, margin.bottom=0.0, total_height=294.4, y after=516.8
  [UPDATE Y] child: div, content_height=516.8, margin.bottom=0.0, total_height=516.8, y after=622.3
  [UPDATE Y] child: div, content_height=115.2, margin.bottom=0.0, total_height=115.2, y after=737.5
[LAYOUT] Child element: div (parent: body)
  parent.content: x=20.0, y=20.0
  parent.padding: left=20.0, top=20.0
  child.margin: left=0.0, top=0.0
  y (accumulated): 5460.9
  child.content: x=20.0 (was 20.0), y=5480.9 (was 5460.9)
  [UPDATE Y] child: div, content_height=803.5, margin.bottom=0.0, total_height=803.5, y after=6264.4
[LAYOUT] Child element: text (parent: body)
  parent.content: x=20.0, y=20.0
  parent.padding: left=20.0, top=20.0
  child.margin: left=0.0, top=0.0
  y (accumulated): 6264.4
  child.content: x=20.0 (was 20.0), y=6284.4 (was 6264.4)
  [UPDATE Y] child: text, content_height=0.0, margin.bottom=0.0, total_height=0.0, y after=6264.4
[LAYOUT] Child element: div (parent: body)
  parent.content: x=20.0, y=20.0
  parent.padding: left=20.0, top=20.0
  child.margin: left=0.0, top=30.0
  y (accumulated): 6264.4
  child.content: x=20.0 (was 20.0), y=6314.4 (was 6294.4)
  [UPDATE Y] child: div, content_height=182.4, margin.bottom=0.0, total_height=182.4, y after=6446.8
[LAYOUT] Child element: body (parent: html)
  parent.content: x=20.0, y=20.0
  parent.padding: left=0.0, top=0.0
  child.margin: left=0.0, top=0.0
  y (accumulated): 0.0
  child.content: x=20.0 (was 20.0), y=20.0 (was 20.0)
  [UPDATE Y] child: body, content_height=6506.8, margin.bottom=0.0, total_height=6506.8, y after=6506.8
[LAYOUT] Element: body, is_root: false
  margin: top=0.0, right=0.0, bottom=0.0, left=0.0
  padding: top=20.0, right=20.0, bottom=20.0, left=20.0
  content: x=20.0, y=20.0, width=1120.0, height=6466.8
  containing_block: width=1160.0, height=6506.8
[LAYOUT WARNING] html.content is not (0, 0): x=20.0, y=20.0
[CONTAINING BLOCK] body.content.width=1120.0, child_containing_block.width=1120.0
[WIDTH DEBUG] h1: containing_block.width=1120.0, available_width=1120.0, calculated_width=1116.0
[LAYOUT] Child element: h1 (parent: body)
  parent.content: x=20.0, y=20.0
  parent.padding: left=20.0, top=20.0
  child.margin: left=0.0, top=21.4
  y (accumulated): 20.0
  child.content: x=20.0 (was 20.0), y=61.4 (was 61.4)
  [UPDATE Y] child: h1, content_height=50.0, margin.bottom=21.4, total_height=71.4, y after=91.4
[LAYOUT] Child element: text (parent: body)
  parent.content: x=20.0, y=20.0
  parent.padding: left=20.0, top=20.0
  child.margin: left=0.0, top=0.0
  y (accumulated): 91.4
  child.content: x=20.0 (was 20.0), y=111.4 (was 111.4)
  [UPDATE Y] child: text, content_height=0.0, margin.bottom=0.0, total_height=0.0, y after=91.4
[WIDTH DEBUG] h1: containing_block.width=1086.0, available_width=1086.0, calculated_width=1086.0
[LAYOUT] Child element: h1 (parent: div)
  parent.content: x=20.0, y=111.4
  parent.padding: left=15.0, top=15.0
  child.margin: left=0.0, top=16.1
  y (accumulated): 15.0
  child.content: x=15.0 (was 15.0), y=142.5 (was 122.5)
  [UPDATE Y] child: h1, content_height=62.1, margin.bottom=16.1, total_height=78.2, y after=93.2
  [UPDATE Y] child: div, content_height=96.0, margin.bottom=0.0, total_height=96.0, y after=301.2
[LAYOUT] Child element: div (parent: body)
  parent.content: x=20.0, y=20.0
  parent.padding: left=20.0, top=20.0
  child.margin: left=0.0, top=0.0
  y (accumulated): 91.4
  child.content: x=20.0 (was 20.0), y=111.4 (was 111.4)
  [UPDATE Y] child: div, content_height=350.2, margin.bottom=0.0, total_height=350.2, y after=441.6
[LAYOUT] Child element: text (parent: body)
  parent.content: x=20.0, y=20.0
  parent.padding: left=20.0, top=20.0
  child.margin: left=0.0, top=0.0
  y (accumulated): 441.6
  child.content: x=20.0 (was 20.0), y=461.6 (was 461.6)
  [UPDATE Y] child: text, content_height=0.0, margin.bottom=0.0, total_height=0.0, y after=441.6
[LAYOUT] Child element: div (parent: body)
  parent.content: x=20.0, y=20.0
  parent.padding: left=20.0, top=20.0
  child.margin: left=0.0, top=0.0
  y (accumulated): 441.6
  child.content: x=20.0 (was 20.0), y=461.6 (was 461.6)
  [UPDATE Y] child: div, content_height=329.4, margin.bottom=0.0, total_height=329.4, y after=771.0
[LAYOUT] Child element: text (parent: body)
  parent.content: x=20.0, y=20.0
  parent.padding: left=20.0, top=20.0
  child.margin: left=0.0, top=0.0
  y (accumulated): 771.0
  child.content: x=20.0 (was 20.0), y=791.0 (was 791.0)
  [UPDATE Y] child: text, content_height=0.0, margin.bottom=0.0, total_height=0.0, y after=771.0
  [UPDATE Y] child: div, content_height=59.2, margin.bottom=5.0, total_height=64.2, y after=138.2
  [UPDATE Y] child: div, content_height=59.2, margin.bottom=5.0, total_height=64.2, y after=202.4
[LAYOUT] Child element: div (parent: body)
  parent.content: x=20.0, y=20.0
  parent.padding: left=20.0, top=20.0
  child.margin: left=0.0, top=0.0
  y (accumulated): 771.0
  child.content: x=20.0 (was 20.0), y=791.0 (was 791.0)
  [UPDATE Y] child: div, content_height=334.0, margin.bottom=0.0, total_height=334.0, y after=1105.0
[LAYOUT] Child element: text (parent: body)
  parent.content: x=20.0, y=20.0
  parent.padding: left=20.0, top=20.0
  child.margin: left=0.0, top=0.0
  y (accumulated): 1105.0
  child.content: x=20.0 (was 20.0), y=1125.0 (was 1125.0)
  [UPDATE Y] child: text, content_height=0.0, margin.bottom=0.0, total_height=0.0, y after=1105.0
  [UPDATE Y] child: div, content_height=59.2, margin.bottom=0.0, total_height=59.2, y after=267.8
[LAYOUT] Child element: div (parent: body)
  parent.content: x=20.0, y=20.0
  parent.padding: left=20.0, top=20.0
  child.margin: left=0.0, top=0.0
  y (accumulated): 1105.0
  child.content: x=20.0 (was 20.0), y=1125.0 (was 1125.0)
  [UPDATE Y] child: div, content_height=336.8, margin.bottom=0.0, total_height=336.8, y after=1441.8
[LAYOUT] Child element: text (parent: body)
  parent.content: x=20.0, y=20.0
  parent.padding: left=20.0, top=20.0
  child.margin: left=0.0, top=0.0
  y (accumulated): 1441.8
  child.content: x=20.0 (was 20.0), y=1461.8 (was 1461.8)
  [UPDATE Y] child: text, content_height=0.0, margin.bottom=0.0, total_height=0.0, y after=1441.8
  [UPDATE Y] child: div, content_height=99.2, margin.bottom=5.0, total_height=104.2, y after=119.2
  [UPDATE Y] child: div, content_height=99.2, margin.bottom=5.0, total_height=104.2, y after=223.4
  [UPDATE Y] child: div, content_height=99.2, margin.bottom=5.0, total_height=104.2, y after=327.6
  [UPDATE Y] child: div, content_height=99.2, margin.bottom=5.0, total_height=104.2, y after=431.8
  [UPDATE Y] child: div, content_height=99.2, margin.bottom=5.0, total_height=104.2, y after=536.0
  [UPDATE Y] child: div, content_height=585.0, margin.bottom=0.0, total_height=585.0, y after=697.1
  [UPDATE Y] child: div, content_height=99.2, margin.bottom=5.0, total_height=104.2, y after=119.2
  [UPDATE Y] child: div, content_height=99.2, margin.bottom=5.0, total_height=104.2, y after=223.4
  [UPDATE Y] child: div, content_height=99.2, margin.bottom=5.0, total_height=104.2, y after=327.6
  [UPDATE Y] child: div, content_height=334.0, margin.bottom=0.0, total_height=334.0, y after=1031.1
[LAYOUT] Child element: div (parent: body)
  parent.content: x=20.0, y=20.0
  parent.padding: left=20.0, top=20.0
  child.margin: left=0.0, top=0.0
  y (accumulated): 1441.8
  child.content: x=20.0 (was 20.0), y=1461.8 (was 1461.8)
  [UPDATE Y] child: div, content_height=1031.1, margin.bottom=0.0, total_height=1031.1, y after=2472.8
[LAYOUT] Child element: text (parent: body)
  parent.content: x=20.0, y=20.0
  parent.padding: left=20.0, top=20.0
  child.margin: left=0.0, top=0.0
  y (accumulated): 2472.8
  child.content: x=20.0 (was 20.0), y=2492.8 (was 2492.8)
  [UPDATE Y] child: text, content_height=0.0, margin.bottom=0.0, total_height=0.0, y after=2472.8
  [UPDATE Y] child: div, content_height=79.2, margin.bottom=0.0, total_height=79.2, y after=94.2
  [UPDATE Y] child: div, content_height=79.2, margin.bottom=0.0, total_height=79.2, y after=173.4
  [UPDATE Y] child: div, content_height=79.2, margin.bottom=0.0, total_height=79.2, y after=252.6
  [UPDATE Y] child: div, content_height=79.2, margin.bottom=0.0, total_height=79.2, y after=331.8
  [UPDATE Y] child: div, content_height=79.2, margin.bottom=0.0, total_height=79.2, y after=411.0
  [UPDATE Y] child: div, content_height=79.2, margin.bottom=0.0, total_height=79.2, y after=490.2
  [UPDATE Y] child: div, content_height=79.2, margin.bottom=0.0, total_height=79.2, y after=569.4
  [UPDATE Y] child: div, content_height=79.2, margin.bottom=0.0, total_height=79.2, y after=648.6
  [UPDATE Y] child: div, content_height=697.6, margin.bottom=0.0, total_height=697.6, y after=809.7
[LAYOUT] Child element: div (parent: body)
  parent.content: x=20.0, y=20.0
  parent.padding: left=20.0, top=20.0
  child.margin: left=0.0, top=0.0
  y (accumulated): 2472.8
  child.content: x=20.0 (was 20.0), y=2492.8 (was 2492.8)
  [UPDATE Y] child: div, content_height=809.7, margin.bottom=0.0, total_height=809.7, y after=3282.5
[LAYOUT] Child element: text (parent: body)
  parent.content: x=20.0, y=20.0
  parent.padding: left=20.0, top=20.0
  child.margin: left=0.0, top=0.0
  y (accumulated): 3282.5
  child.content: x=20.0 (was 20.0), y=3302.5 (was 3302.5)
  [UPDATE Y] child: text, content_height=0.0, margin.bottom=0.0, total_height=0.0, y after=3282.5
[LAYOUT] Child element: div (parent: body)
  parent.content: x=20.0, y=20.0
  parent.padding: left=20.0, top=20.0
  child.margin: left=0.0, top=0.0
  y (accumulated): 3282.5
  child.content: x=20.0 (was 20.0), y=3302.5 (was 3302.5)
  [UPDATE Y] child: div, content_height=405.5, margin.bottom=0.0, total_height=405.5, y after=3688.0
[LAYOUT] Child element: text (parent: body)
  parent.content: x=20.0, y=20.0
  parent.padding: left=20.0, top=20.0
  child.margin: left=0.0, top=0.0
  y (accumulated): 3688.0
  child.content: x=20.0 (was 20.0), y=3708.0 (was 3708.0)
  [UPDATE Y] child: text, content_height=0.0, margin.bottom=0.0, total_height=0.0, y after=3688.0
[LAYOUT] Child element: div (parent: body)
  parent.content: x=20.0, y=20.0
  parent.padding: left=20.0, top=20.0
  child.margin: left=0.0, top=0.0
  y (accumulated): 3688.0
  child.content: x=20.0 (was 20.0), y=3708.0 (was 3708.0)
  [UPDATE Y] child: div, content_height=610.3, margin.bottom=0.0, total_height=610.3, y after=4298.4
[LAYOUT] Child element: text (parent: body)
  parent.content: x=20.0, y=20.0
  parent.padding: left=20.0, top=20.0
  child.margin: left=0.0, top=0.0
  y (accumulated): 4298.4
  child.content: x=20.0 (was 20.0), y=4318.4 (was 4318.4)
  [UPDATE Y] child: text, content_height=0.0, margin.bottom=0.0, total_height=0.0, y after=4298.4
  [UPDATE Y] child: div, content_height=117.2, margin.bottom=0.0, total_height=117.2, y after=273.9
[LAYOUT] Child element: div (parent: body)
  parent.content: x=20.0, y=20.0
  parent.padding: left=20.0, top=20.0
  child.margin: left=0.0, top=0.0
  y (accumulated): 4298.4
  child.content: x=20.0 (was 20.0), y=4318.4 (was 4318.4)
  [UPDATE Y] child: div, content_height=343.9, margin.bottom=0.0, total_height=343.9, y after=4642.3
[LAYOUT] Child element: text (parent: body)
  parent.content: x=20.0, y=20.0
  parent.padding: left=20.0, top=20.0
  child.margin: left=0.0, top=0.0
  y (accumulated): 4642.3
  child.content: x=20.0 (was 20.0), y=4662.3 (was 4662.3)
  [UPDATE Y] child: text, content_height=0.0, margin.bottom=0.0, total_height=0.0, y after=4642.3
  [UPDATE Y] child: div, content_height=71.2, margin.bottom=2.0, total_height=73.2, y after=132.4
  [UPDATE Y] child: div, content_height=160.4, margin.bottom=3.0, total_height=163.4, y after=224.6
  [UPDATE Y] child: div, content_height=258.6, margin.bottom=5.0, total_height=263.6, y after=364.1
[LAYOUT] Child element: div (parent: body)
  parent.content: x=20.0, y=20.0
  parent.padding: left=20.0, top=20.0
  child.margin: left=0.0, top=0.0
  y (accumulated): 4642.3
  child.content: x=20.0 (was 20.0), y=4662.3 (was 4662.3)
  [UPDATE Y] child: div, content_height=413.1, margin.bottom=0.0, total_height=413.1, y after=5055.4
[LAYOUT] Child element: text (parent: body)
  parent.content: x=20.0, y=20.0
  parent.padding: left=20.0, top=20.0
  child.margin: left=0.0, top=0.0
  y (accumulated): 5055.4
  child.content: x=20.0 (was 20.0), y=5075.4 (was 5075.4)
  [UPDATE Y] child: text, content_height=0.0, margin.bottom=0.0, total_height=0.0, y after=5055.4
[LAYOUT] Child element: div (parent: body)
  parent.content: x=20.0, y=20.0
  parent.padding: left=20.0, top=20.0
  child.margin: left=0.0, top=0.0
  y (accumulated): 5055.4
  child.content: x=20.0 (was 20.0), y=5075.4 (was 5075.4)
  [UPDATE Y] child: div, content_height=405.5, margin.bottom=0.0, total_height=405.5, y after=5460.9
[LAYOUT] Child element: text (parent: body)
  parent.content: x=20.0, y=20.0
  parent.padding: left=20.0, top=20.0
  child.margin: left=0.0, top=0.0
  y (accumulated): 5460.9
  child.content: x=20.0 (was 20.0), y=5480.9 (was 5480.9)
  [UPDATE Y] child: text, content_height=0.0, margin.bottom=0.0, total_height=0.0, y after=5460.9
  [UPDATE Y] child: div, content_height=222.4, margin.bottom=0.0, total_height=222.4, y after=222.4
  [UPDATE Y] child: div, content_height=91.2, margin.bottom=0.0, total_height=91.2, y after=245.4
  [UPDATE Y] child: div, content_height=294.4, margin.bottom=0.0, total_height=294.4, y after=516.8
  [UPDATE Y] child: div, content_height=516.8, margin.bottom=0.0, total_height=516.8, y after=622.3
  [UPDATE Y] child: div, content_height=115.2, margin.bottom=0.0, total_height=115.2, y after=737.5
[LAYOUT] Child element: div (parent: body)
  parent.content: x=20.0, y=20.0
  parent.padding: left=20.0, top=20.0
  child.margin: left=0.0, top=0.0
  y (accumulated): 5460.9
  child.content: x=20.0 (was 20.0), y=5480.9 (was 5480.9)
  [UPDATE Y] child: div, content_height=803.5, margin.bottom=0.0, total_height=803.5, y after=6264.4
[LAYOUT] Child element: text (parent: body)
  parent.content: x=20.0, y=20.0
  parent.padding: left=20.0, top=20.0
  child.margin: left=0.0, top=0.0
  y (accumulated): 6264.4
  child.content: x=20.0 (was 20.0), y=6284.4 (was 6284.4)
  [UPDATE Y] child: text, content_height=0.0, margin.bottom=0.0, total_height=0.0, y after=6264.4
[LAYOUT] Child element: div (parent: body)
  parent.content: x=20.0, y=20.0
  parent.padding: left=20.0, top=20.0
  child.margin: left=0.0, top=30.0
  y (accumulated): 6264.4
  child.content: x=20.0 (was 20.0), y=6314.4 (was 6314.4)
  [UPDATE Y] child: div, content_height=182.4, margin.bottom=0.0, total_height=182.4, y after=6446.8
[WIDTH DEBUG] h1: containing_block.width=1120.0, available_width=1120.0, calculated_width=1116.0
[WIDTH DEBUG] h1: containing_block.width=1086.0, available_width=1086.0, calculated_width=1086.0
[LAYOUT] Child element: h1 (parent: div)
  parent.content: x=20.0, y=111.4
  parent.padding: left=15.0, top=15.0
  child.margin: left=0.0, top=16.1
  y (accumulated): 15.0
  child.content: x=15.0 (was 15.0), y=142.5 (was 142.5)
  [UPDATE Y] child: h1, content_height=62.1, margin.bottom=16.1, total_height=78.2, y after=93.2
  [UPDATE Y] child: div, content_height=96.0, margin.bottom=0.0, total_height=96.0, y after=301.2
[WIDTH DEBUG] h1: containing_block.width=1086.0, available_width=1086.0, calculated_width=1086.0
  [UPDATE Y] child: div, content_height=59.2, margin.bottom=5.0, total_height=64.2, y after=138.2
  [UPDATE Y] child: div, content_height=59.2, margin.bottom=5.0, total_height=64.2, y after=202.4
  [UPDATE Y] child: div, content_height=59.2, margin.bottom=0.0, total_height=59.2, y after=267.8
  [UPDATE Y] child: div, content_height=99.2, margin.bottom=5.0, total_height=104.2, y after=119.2
  [UPDATE Y] child: div, content_height=99.2, margin.bottom=5.0, total_height=104.2, y after=223.4
  [UPDATE Y] child: div, content_height=99.2, margin.bottom=5.0, total_height=104.2, y after=327.6
  [UPDATE Y] child: div, content_height=99.2, margin.bottom=5.0, total_height=104.2, y after=431.8
  [UPDATE Y] child: div, content_height=99.2, margin.bottom=5.0, total_height=104.2, y after=536.0
  [UPDATE Y] child: div, content_height=585.0, margin.bottom=0.0, total_height=585.0, y after=697.1
  [UPDATE Y] child: div, content_height=99.2, margin.bottom=5.0, total_height=104.2, y after=119.2
  [UPDATE Y] child: div, content_height=99.2, margin.bottom=5.0, total_height=104.2, y after=223.4
  [UPDATE Y] child: div, content_height=99.2, margin.bottom=5.0, total_height=104.2, y after=327.6
  [UPDATE Y] child: div, content_height=334.0, margin.bottom=0.0, total_height=334.0, y after=1031.1
  [UPDATE Y] child: div, content_height=79.2, margin.bottom=0.0, total_height=79.2, y after=94.2
  [UPDATE Y] child: div, content_height=79.2, margin.bottom=0.0, total_height=79.2, y after=173.4
  [UPDATE Y] child: div, content_height=79.2, margin.bottom=0.0, total_height=79.2, y after=252.6
  [UPDATE Y] child: div, content_height=79.2, margin.bottom=0.0, total_height=79.2, y after=331.8
  [UPDATE Y] child: div, content_height=79.2, margin.bottom=0.0, total_height=79.2, y after=411.0
  [UPDATE Y] child: div, content_height=79.2, margin.bottom=0.0, total_height=79.2, y after=490.2
  [UPDATE Y] child: div, content_height=79.2, margin.bottom=0.0, total_height=79.2, y after=569.4
  [UPDATE Y] child: div, content_height=79.2, margin.bottom=0.0, total_height=79.2, y after=648.6
  [UPDATE Y] child: div, content_height=697.6, margin.bottom=0.0, total_height=697.6, y after=809.7
  [UPDATE Y] child: div, content_height=117.2, margin.bottom=0.0, total_height=117.2, y after=273.9
  [UPDATE Y] child: div, content_height=71.2, margin.bottom=2.0, total_height=73.2, y after=132.4
  [UPDATE Y] child: div, content_height=160.4, margin.bottom=3.0, total_height=163.4, y after=224.6
  [UPDATE Y] child: div, content_height=258.6, margin.bottom=5.0, total_height=263.6, y after=364.1
  [UPDATE Y] child: div, content_height=71.2, margin.bottom=2.0, total_height=73.2, y after=132.4
  [UPDATE Y] child: div, content_height=160.4, margin.bottom=3.0, total_height=163.4, y after=224.6
  [UPDATE Y] child: div, content_height=71.2, margin.bottom=2.0, total_height=73.2, y after=132.4
  [UPDATE Y] child: div, content_height=222.4, margin.bottom=0.0, total_height=222.4, y after=222.4
  [UPDATE Y] child: div, content_height=91.2, margin.bottom=0.0, total_height=91.2, y after=245.4
  [UPDATE Y] child: div, content_height=294.4, margin.bottom=0.0, total_height=294.4, y after=516.8
  [UPDATE Y] child: div, content_height=516.8, margin.bottom=0.0, total_height=516.8, y after=622.3
  [UPDATE Y] child: div, content_height=115.2, margin.bottom=0.0, total_height=115.2, y after=737.5
[STYLE] h1 font-size parsed: 32.0px
[STYLE] p font-size parsed: 32.0px
[LAYOUT] Element: html, is_root: true
  margin: top=0.0, right=0.0, bottom=0.0, left=0.0
  padding: top=0.0, right=0.0, bottom=0.0, left=0.0
  content: x=0.0, y=0.0, width=1200.0, height=0.0
  containing_block: width=1200.0, height=800.0
[LAYOUT] Root element (html) position set to (0, 0)
[LAYOUT] Element: body, is_root: false
  margin: top=0.0, right=0.0, bottom=0.0, left=0.0
  padding: top=20.0, right=20.0, bottom=20.0, left=20.0
  content: x=0.0, y=0.0, width=1160.0, height=0.0
  containing_block: width=1200.0, height=800.0
[LAYOUT] Body element position set: x=0.0, y=0.0 (margin: left=0.0, top=0.0)
[LAYOUT] Element: html, is_root: false
  margin: top=0.0, right=0.0, bottom=0.0, left=0.0
  padding: top=0.0, right=0.0, bottom=0.0, left=0.0
  content: x=0.0, y=0.0, width=1160.0, height=0.0
  containing_block: width=1160.0, height=800.0
[LAYOUT] Element: body, is_root: false
  margin: top=0.0, right=0.0, bottom=0.0, left=0.0
  padding: top=20.0, right=20.0, bottom=20.0, left=20.0
  content: x=0.0, y=0.0, width=1120.0, height=0.0
  containing_block: width=1160.0, height=800.0
[LAYOUT] Body element position set: x=0.0, y=0.0 (margin: left=0.0, top=0.0)
[CONTAINING BLOCK] body.content.width=1120.0, child_containing_block.width=1120.0
[WIDTH DEBUG] h1: containing_block.width=1120.0, available_width=1120.0, calculated_width=1120.0
  [TEXT HEIGHT] text: "ZBrowser功能测试...", font_size=32.0, line_height=46.0, height=46.0
[LAYOUT] Child element: h1 (parent: body)
  parent.content: x=0.0, y=0.0
  parent.padding: left=20.0, top=20.0
  child.margin: left=0.0, top=21.4
  y (accumulated): 20.0
  child.content: x=20.0 (was 0.0), y=41.4 (was 0.0)
  [UPDATE Y] child: h1, content_height=50.0, margin.bottom=21.4, total_height=71.4, y after=91.4
[LAYOUT] Child element: text (parent: body)
  parent.content: x=0.0, y=0.0
  parent.padding: left=20.0, top=20.0
  child.margin: left=0.0, top=0.0
  y (accumulated): 91.4
  child.content: x=20.0 (was 0.0), y=91.4 (was 0.0)
  [UPDATE Y] child: text, content_height=0.0, margin.bottom=0.0, total_height=0.0, y after=91.4
[WIDTH DEBUG] h1: containing_block.width=1086.0, available_width=1086.0, calculated_width=1086.0
  [TEXT HEIGHT] text: "块级布局测试...", font_size=32.0, line_height=46.0, height=46.0
[LAYOUT] Child element: h1 (parent: div)
  parent.content: x=0.0, y=0.0
  parent.padding: left=15.0, top=15.0
  child.margin: left=0.0, top=16.1
  y (accumulated): 15.0
  child.content: x=15.0 (was 0.0), y=31.1 (was 0.0)
  [UPDATE Y] child: h1, content_height=62.1, margin.bottom=16.1, total_height=78.2, y after=93.2
  [TEXT HEIGHT] text: "这是一个块级�...", font_size=16.0, line_height=24.0, height=24.0
  [TEXT HEIGHT] text: "这是另一个段�...", font_size=16.0, line_height=24.0, height=24.0
  [TEXT HEIGHT] text: "嵌套的div块级�...", font_size=16.0, line_height=24.0, height=24.0
  [UPDATE Y] child: div, content_height=96.0, margin.bottom=0.0, total_height=96.0, y after=301.2
[LAYOUT] Child element: div (parent: body)
  parent.content: x=0.0, y=0.0
  parent.padding: left=20.0, top=20.0
  child.margin: left=0.0, top=0.0
  y (accumulated): 91.4
  child.content: x=20.0 (was 0.0), y=91.4 (was 0.0)
  [UPDATE Y] child: div, content_height=350.2, margin.bottom=0.0, total_height=350.2, y after=441.6
[LAYOUT] Child element: text (parent: body)
  parent.content: x=0.0, y=0.0
  parent.padding: left=20.0, top=20.0
  child.margin: left=0.0, top=0.0
  y (accumulated): 441.6
  child.content: x=20.0 (was 0.0), y=441.6 (was 0.0)
  [UPDATE Y] child: text, content_height=0.0, margin.bottom=0.0, total_height=0.0, y after=441.6
  [TEXT HEIGHT] text: "
      这是行内�...", font_size=16.0, line_height=19.2, height=19.2
  [TEXT HEIGHT] text: "行内元素不会�...", font_size=16.0, line_height=19.2, height=19.2
[LAYOUT] Child element: div (parent: body)
  parent.content: x=0.0, y=0.0
  parent.padding: left=20.0, top=20.0
  child.margin: left=0.0, top=0.0
  y (accumulated): 441.6
  child.content: x=20.0 (was 0.0), y=441.6 (was 0.0)
  [UPDATE Y] child: div, content_height=329.4, margin.bottom=0.0, total_height=329.4, y after=771.0
[LAYOUT] Child element: text (parent: body)
  parent.content: x=0.0, y=0.0
  parent.padding: left=20.0, top=20.0
  child.margin: left=0.0, top=0.0
  y (accumulated): 771.0
  child.content: x=20.0 (was 0.0), y=771.0 (was 0.0)
  [UPDATE Y] child: text, content_height=0.0, margin.bottom=0.0, total_height=0.0, y after=771.0
  [UPDATE Y] child: div, content_height=59.2, margin.bottom=5.0, total_height=64.2, y after=138.2
  [UPDATE Y] child: div, content_height=59.2, margin.bottom=5.0, total_height=64.2, y after=202.4
[LAYOUT] Child element: div (parent: body)
  parent.content: x=0.0, y=0.0
  parent.padding: left=20.0, top=20.0
  child.margin: left=0.0, top=0.0
  y (accumulated): 771.0
  child.content: x=20.0 (was 0.0), y=771.0 (was 0.0)
  [UPDATE Y] child: div, content_height=334.0, margin.bottom=0.0, total_height=334.0, y after=1105.0
[LAYOUT] Child element: text (parent: body)
  parent.content: x=0.0, y=0.0
  parent.padding: left=20.0, top=20.0
  child.margin: left=0.0, top=0.0
  y (accumulated): 1105.0
  child.content: x=20.0 (was 0.0), y=1105.0 (was 0.0)
  [UPDATE Y] child: text, content_height=0.0, margin.bottom=0.0, total_height=0.0, y after=1105.0
  [TEXT HEIGHT] text: "左浮动元素...", font_size=16.0, line_height=19.2, height=19.2
  [TEXT HEIGHT] text: "这个元素会浮�...", font_size=16.0, line_height=19.2, height=19.2
  [TEXT HEIGHT] text: "右浮动元素...", font_size=16.0, line_height=19.2, height=19.2
  [TEXT HEIGHT] text: "这个元素会浮�...", font_size=16.0, line_height=19.2, height=19.2
  [TEXT HEIGHT] text: "这是正常流中�...", font_size=16.0, line_height=19.2, height=19.2
  [UPDATE Y] child: div, content_height=59.2, margin.bottom=0.0, total_height=59.2, y after=287.8
[LAYOUT] Child element: div (parent: body)
  parent.content: x=0.0, y=0.0
  parent.padding: left=20.0, top=20.0
  child.margin: left=0.0, top=0.0
  y (accumulated): 1105.0
  child.content: x=20.0 (was 0.0), y=1105.0 (was 0.0)
  [UPDATE Y] child: div, content_height=336.8, margin.bottom=0.0, total_height=336.8, y after=1441.8
[LAYOUT] Child element: text (parent: body)
  parent.content: x=0.0, y=0.0
  parent.padding: left=20.0, top=20.0
  child.margin: left=0.0, top=0.0
  y (accumulated): 1441.8
  child.content: x=20.0 (was 0.0), y=1441.8 (was 0.0)
  [UPDATE Y] child: text, content_height=0.0, margin.bottom=0.0, total_height=0.0, y after=1441.8
  [UPDATE Y] child: div, content_height=99.2, margin.bottom=5.0, total_height=104.2, y after=119.2
  [UPDATE Y] child: div, content_height=99.2, margin.bottom=5.0, total_height=104.2, y after=223.4
  [UPDATE Y] child: div, content_height=99.2, margin.bottom=5.0, total_height=104.2, y after=327.6
  [UPDATE Y] child: div, content_height=99.2, margin.bottom=5.0, total_height=104.2, y after=431.8
  [UPDATE Y] child: div, content_height=99.2, margin.bottom=5.0, total_height=104.2, y after=536.0
  [UPDATE Y] child: div, content_height=585.0, margin.bottom=0.0, total_height=585.0, y after=697.1
  [UPDATE Y] child: div, content_height=99.2, margin.bottom=5.0, total_height=104.2, y after=119.2
  [UPDATE Y] child: div, content_height=99.2, margin.bottom=5.0, total_height=104.2, y after=223.4
  [UPDATE Y] child: div, content_height=99.2, margin.bottom=5.0, total_height=104.2, y after=327.6
  [UPDATE Y] child: div, content_height=334.0, margin.bottom=0.0, total_height=334.0, y after=1031.1
[LAYOUT] Child element: div (parent: body)
  parent.content: x=0.0, y=0.0
  parent.padding: left=20.0, top=20.0
  child.margin: left=0.0, top=0.0
  y (accumulated): 1441.8
  child.content: x=20.0 (was 0.0), y=1441.8 (was 0.0)
  [UPDATE Y] child: div, content_height=1031.1, margin.bottom=0.0, total_height=1031.1, y after=2472.8
[LAYOUT] Child element: text (parent: body)
  parent.content: x=0.0, y=0.0
  parent.padding: left=20.0, top=20.0
  child.margin: left=0.0, top=0.0
  y (accumulated): 2472.8
  child.content: x=20.0 (was 0.0), y=2472.8 (was 0.0)
  [UPDATE Y] child: text, content_height=0.0, margin.bottom=0.0, total_height=0.0, y after=2472.8
  [UPDATE Y] child: div, content_height=79.2, margin.bottom=0.0, total_height=79.2, y after=94.2
  [UPDATE Y] child: div, content_height=79.2, margin.bottom=0.0, total_height=79.2, y after=173.4
  [UPDATE Y] child: div, content_height=79.2, margin.bottom=0.0, total_height=79.2, y after=252.6
  [UPDATE Y] child: div, content_height=79.2, margin.bottom=0.0, total_height=79.2, y after=331.8
  [UPDATE Y] child: div, content_height=79.2, margin.bottom=0.0, total_height=79.2, y after=411.0
  [UPDATE Y] child: div, content_height=79.2, margin.bottom=0.0, total_height=79.2, y after=490.2
  [UPDATE Y] child: div, content_height=79.2, margin.bottom=0.0, total_height=79.2, y after=569.4
  [UPDATE Y] child: div, content_height=79.2, margin.bottom=0.0, total_height=79.2, y after=648.6
  [UPDATE Y] child: div, content_height=697.6, margin.bottom=0.0, total_height=697.6, y after=809.7
[LAYOUT] Child element: div (parent: body)
  parent.content: x=0.0, y=0.0
  parent.padding: left=20.0, top=20.0
  child.margin: left=0.0, top=0.0
  y (accumulated): 2472.8
  child.content: x=20.0 (was 0.0), y=2472.8 (was 0.0)
  [UPDATE Y] child: div, content_height=809.7, margin.bottom=0.0, total_height=809.7, y after=3282.5
[LAYOUT] Child element: text (parent: body)
  parent.content: x=0.0, y=0.0
  parent.padding: left=20.0, top=20.0
  child.margin: left=0.0, top=0.0
  y (accumulated): 3282.5
  child.content: x=20.0 (was 0.0), y=3282.5 (was 0.0)
  [UPDATE Y] child: text, content_height=0.0, margin.bottom=0.0, total_height=0.0, y after=3282.5
  [TEXT HEIGHT] text: "大号文本（32px�...", font_size=16.0, line_height=19.2, height=19.2
  [TEXT HEIGHT] text: "中等文本（20px�...", font_size=16.0, line_height=19.2, height=19.2
  [TEXT HEIGHT] text: "小号文本（12px�...", font_size=16.0, line_height=19.2, height=19.2
  [TEXT HEIGHT] text: "下划线文本...", font_size=16.0, line_height=19.2, height=19.2
  [TEXT HEIGHT] text: "删除线文本...", font_size=16.0, line_height=19.2, height=19.2
[LAYOUT] Child element: div (parent: body)
  parent.content: x=0.0, y=0.0
  parent.padding: left=20.0, top=20.0
  child.margin: left=0.0, top=0.0
  y (accumulated): 3282.5
  child.content: x=20.0 (was 0.0), y=3282.5 (was 0.0)
  [UPDATE Y] child: div, content_height=405.5, margin.bottom=0.0, total_height=405.5, y after=3688.0
[LAYOUT] Child element: text (parent: body)
  parent.content: x=0.0, y=0.0
  parent.padding: left=20.0, top=20.0
  child.margin: left=0.0, top=0.0
  y (accumulated): 3688.0
  child.content: x=20.0 (was 0.0), y=3688.0 (was 0.0)
  [UPDATE Y] child: text, content_height=0.0, margin.bottom=0.0, total_height=0.0, y after=3688.0
  [TEXT HEIGHT] text: "这是一个测试�...", font_size=16.0, line_height=25.6, height=25.6
  [TEXT HEIGHT] text: "這是一個測試�...", font_size=16.0, line_height=25.6, height=25.6
  [TEXT HEIGHT] text: "これはテスト�...", font_size=16.0, line_height=25.6, height=25.6
  [TEXT HEIGHT] text: "이것은 테스트 ...", font_size=16.0, line_height=25.6, height=25.6
  [TEXT HEIGHT] text: "This is a test page ...", font_size=16.0, line_height=25.6, height=25.6
  [TEXT HEIGHT] text: "混合文本 Mixed T...", font_size=16.0, line_height=25.6, height=25.6
[LAYOUT] Child element: div (parent: body)
  parent.content: x=0.0, y=0.0
  parent.padding: left=20.0, top=20.0
  child.margin: left=0.0, top=0.0
  y (accumulated): 3688.0
  child.content: x=20.0 (was 0.0), y=3688.0 (was 0.0)
  [UPDATE Y] child: div, content_height=610.3, margin.bottom=0.0, total_height=610.3, y after=4298.4
[LAYOUT] Child element: text (parent: body)
  parent.content: x=0.0, y=0.0
  parent.padding: left=20.0, top=20.0
  child.margin: left=0.0, top=0.0
  y (accumulated): 4298.4
  child.content: x=20.0 (was 0.0), y=4298.4 (was 0.0)
  [UPDATE Y] child: text, content_height=0.0, margin.bottom=0.0, total_height=0.0, y after=4298.4
  [TEXT HEIGHT] text: "这个区域有实�...", font_size=16.0, line_height=19.2, height=19.2
  [TEXT HEIGHT] text: "这个区域有虚�...", font_size=16.0, line_height=19.2, height=19.2
  [UPDATE Y] child: div, content_height=117.2, margin.bottom=0.0, total_height=117.2, y after=273.9
[LAYOUT] Child element: div (parent: body)
  parent.content: x=0.0, y=0.0
  parent.padding: left=20.0, top=20.0
  child.margin: left=0.0, top=0.0
  y (accumulated): 4298.4
  child.content: x=20.0 (was 0.0), y=4298.4 (was 0.0)
  [UPDATE Y] child: div, content_height=343.9, margin.bottom=0.0, total_height=343.9, y after=4642.3
[LAYOUT] Child element: text (parent: body)
  parent.content: x=0.0, y=0.0
  parent.padding: left=20.0, top=20.0
  child.margin: left=0.0, top=0.0
  y (accumulated): 4642.3
  child.content: x=20.0 (was 0.0), y=4642.3 (was 0.0)
  [UPDATE Y] child: text, content_height=0.0, margin.bottom=0.0, total_height=0.0, y after=4642.3
  [TEXT HEIGHT] text: "第一层嵌套...", font_size=16.0, line_height=19.2, height=19.2
  [TEXT HEIGHT] text: "第二层嵌套...", font_size=16.0, line_height=19.2, height=19.2
  [TEXT HEIGHT] text: "第三层嵌套...", font_size=16.0, line_height=19.2, height=19.2
  [UPDATE Y] child: div, content_height=71.2, margin.bottom=2.0, total_height=73.2, y after=132.4
  [UPDATE Y] child: div, content_height=160.4, margin.bottom=3.0, total_height=163.4, y after=224.6
  [UPDATE Y] child: div, content_height=258.6, margin.bottom=5.0, total_height=263.6, y after=364.1
[LAYOUT] Child element: div (parent: body)
  parent.content: x=0.0, y=0.0
  parent.padding: left=20.0, top=20.0
  child.margin: left=0.0, top=0.0
  y (accumulated): 4642.3
  child.content: x=20.0 (was 0.0), y=4642.3 (was 0.0)
  [UPDATE Y] child: div, content_height=413.1, margin.bottom=0.0, total_height=413.1, y after=5055.4
[LAYOUT] Child element: text (parent: body)
  parent.content: x=0.0, y=0.0
  parent.padding: left=20.0, top=20.0
  child.margin: left=0.0, top=0.0
  y (accumulated): 5055.4
  child.content: x=20.0 (was 0.0), y=5055.4 (was 0.0)
  [UPDATE Y] child: text, content_height=0.0, margin.bottom=0.0, total_height=0.0, y after=5055.4
  [TEXT HEIGHT] text: "HTML实体：<div> &...", font_size=16.0, line_height=19.2, height=19.2
  [TEXT HEIGHT] text: "Unicode字符：© �...", font_size=16.0, line_height=19.2, height=19.2
  [TEXT HEIGHT] text: "数学符号：∑ �...", font_size=16.0, line_height=19.2, height=19.2
  [TEXT HEIGHT] text: "箭头符号：← �...", font_size=16.0, line_height=19.2, height=19.2
  [TEXT HEIGHT] text: "Emoji：😀 😃 �...", font_size=16.0, line_height=19.2, height=19.2
[LAYOUT] Child element: div (parent: body)
  parent.content: x=0.0, y=0.0
  parent.padding: left=20.0, top=20.0
  child.margin: left=0.0, top=0.0
  y (accumulated): 5055.4
  child.content: x=20.0 (was 0.0), y=5055.4 (was 0.0)
  [UPDATE Y] child: div, content_height=405.5, margin.bottom=0.0, total_height=405.5, y after=5460.9
[LAYOUT] Child element: text (parent: body)
  parent.content: x=0.0, y=0.0
  parent.padding: left=20.0, top=20.0
  child.margin: left=0.0, top=0.0
  y (accumulated): 5460.9
  child.content: x=20.0 (was 0.0), y=5460.9 (was 0.0)
  [UPDATE Y] child: text, content_height=0.0, margin.bottom=0.0, total_height=0.0, y after=5460.9
  [TEXT HEIGHT] text: "包含块级和行�...", font_size=16.0, line_height=19.2, height=19.2
  [UPDATE Y] child: div, content_height=222.4, margin.bottom=0.0, total_height=222.4, y after=222.4
  [TEXT HEIGHT] text: "另一个Flex子项�...", font_size=16.0, line_height=19.2, height=19.2
  [TEXT HEIGHT] text: "嵌套的div...", font_size=16.0, line_height=19.2, height=19.2
  [UPDATE Y] child: div, content_height=91.2, margin.bottom=0.0, total_height=91.2, y after=245.4
  [UPDATE Y] child: div, content_height=294.4, margin.bottom=0.0, total_height=294.4, y after=516.8
  [UPDATE Y] child: div, content_height=516.8, margin.bottom=0.0, total_height=516.8, y after=622.3
  [TEXT HEIGHT] text: "相对定位容器...", font_size=16.0, line_height=19.2, height=19.2
  [UPDATE Y] child: div, content_height=115.2, margin.bottom=0.0, total_height=115.2, y after=737.5
[LAYOUT] Child element: div (parent: body)
  parent.content: x=0.0, y=0.0
  parent.padding: left=20.0, top=20.0
  child.margin: left=0.0, top=0.0
  y (accumulated): 5460.9
  child.content: x=20.0 (was 0.0), y=5460.9 (was 0.0)
  [UPDATE Y] child: div, content_height=803.5, margin.bottom=0.0, total_height=803.5, y after=6264.4
[LAYOUT] Child element: text (parent: body)
  parent.content: x=0.0, y=0.0
  parent.padding: left=20.0, top=20.0
  child.margin: left=0.0, top=0.0
  y (accumulated): 6264.4
  child.content: x=20.0 (was 0.0), y=6264.4 (was 0.0)
  [UPDATE Y] child: text, content_height=0.0, margin.bottom=0.0, total_height=0.0, y after=6264.4
  [TEXT HEIGHT] text: "ZBrowser功能测试...", font_size=16.0, line_height=19.2, height=19.2
  [TEXT HEIGHT] text: "包含：块级布�...", font_size=16.0, line_height=19.2, height=19.2
[LAYOUT] Child element: div (parent: body)
  parent.content: x=0.0, y=0.0
  parent.padding: left=20.0, top=20.0
  child.margin: left=0.0, top=30.0
  y (accumulated): 6264.4
  child.content: x=20.0 (was 0.0), y=6294.4 (was 0.0)
  [UPDATE Y] child: div, content_height=182.4, margin.bottom=0.0, total_height=182.4, y after=6446.8
[LAYOUT] Child element: body (parent: html)
  parent.content: x=0.0, y=0.0
  parent.padding: left=0.0, top=0.0
  child.margin: left=0.0, top=0.0
  y (accumulated): 0.0
  child.content: x=0.0 (was 0.0), y=0.0 (was 0.0)
  [UPDATE Y] child: body, content_height=6506.8, margin.bottom=0.0, total_height=6506.8, y after=6506.8
[LAYOUT] Child element: !DOCTYPE (parent: body)
  parent.content: x=0.0, y=0.0
  parent.padding: left=20.0, top=20.0
  child.margin: left=0.0, top=0.0
  y (accumulated): 20.0
  child.content: x=20.0 (was 0.0), y=20.0 (was 0.0)
  [UPDATE Y] child: !DOCTYPE, content_height=6506.8, margin.bottom=0.0, total_height=6506.8, y after=6526.8
[LAYOUT] Child element: body (parent: html)
  parent.content: x=0.0, y=0.0
  parent.padding: left=0.0, top=0.0
  child.margin: left=0.0, top=0.0
  y (accumulated): 0.0
  child.content: x=0.0 (was 0.0), y=0.0 (was 0.0)
  [UPDATE Y] child: body, content_height=6586.8, margin.bottom=0.0, total_height=6586.8, y after=6586.8
[LAYOUT] Element: body, is_root: false
  margin: top=0.0, right=0.0, bottom=0.0, left=0.0
  padding: top=20.0, right=20.0, bottom=20.0, left=20.0
  content: x=0.0, y=0.0, width=1160.0, height=6546.8
  containing_block: width=1200.0, height=6586.8
[LAYOUT] Body element position set: x=0.0, y=0.0 (margin: left=0.0, top=0.0)
[LAYOUT] Element: html, is_root: false
  margin: top=0.0, right=0.0, bottom=0.0, left=0.0
  padding: top=0.0, right=0.0, bottom=0.0, left=0.0
  content: x=0.0, y=0.0, width=1160.0, height=6506.8
  containing_block: width=1160.0, height=6586.8
[LAYOUT] Element: body, is_root: false
  margin: top=0.0, right=0.0, bottom=0.0, left=0.0
  padding: top=20.0, right=20.0, bottom=20.0, left=20.0
  content: x=0.0, y=0.0, width=1120.0, height=6466.8
  containing_block: width=1160.0, height=6586.8
[LAYOUT] Body element position set: x=0.0, y=0.0 (margin: left=0.0, top=0.0)
[CONTAINING BLOCK] body.content.width=1120.0, child_containing_block.width=1120.0
[WIDTH DEBUG] h1: containing_block.width=1120.0, available_width=1120.0, calculated_width=1116.0
[LAYOUT] Child element: h1 (parent: body)
  parent.content: x=0.0, y=0.0
  parent.padding: left=20.0, top=20.0
  child.margin: left=0.0, top=21.4
  y (accumulated): 20.0
  child.content: x=20.0 (was 20.0), y=41.4 (was 41.4)
  [UPDATE Y] child: h1, content_height=50.0, margin.bottom=21.4, total_height=71.4, y after=91.4
[LAYOUT] Child element: text (parent: body)
  parent.content: x=0.0, y=0.0
  parent.padding: left=20.0, top=20.0
  child.margin: left=0.0, top=0.0
  y (accumulated): 91.4
  child.content: x=20.0 (was 20.0), y=91.4 (was 91.4)
  [UPDATE Y] child: text, content_height=0.0, margin.bottom=0.0, total_height=0.0, y after=91.4
[WIDTH DEBUG] h1: containing_block.width=1086.0, available_width=1086.0, calculated_width=1086.0
[LAYOUT] Child element: h1 (parent: div)
  parent.content: x=20.0, y=91.4
  parent.padding: left=15.0, top=15.0
  child.margin: left=0.0, top=16.1
  y (accumulated): 15.0
  child.content: x=15.0 (was 15.0), y=122.5 (was 31.1)
  [UPDATE Y] child: h1, content_height=62.1, margin.bottom=16.1, total_height=78.2, y after=93.2
  [UPDATE Y] child: div, content_height=96.0, margin.bottom=0.0, total_height=96.0, y after=301.2
[LAYOUT] Child element: div (parent: body)
  parent.content: x=0.0, y=0.0
  parent.padding: left=20.0, top=20.0
  child.margin: left=0.0, top=0.0
  y (accumulated): 91.4
  child.content: x=20.0 (was 20.0), y=91.4 (was 91.4)
  [UPDATE Y] child: div, content_height=350.2, margin.bottom=0.0, total_height=350.2, y after=441.6
[LAYOUT] Child element: text (parent: body)
  parent.content: x=0.0, y=0.0
  parent.padding: left=20.0, top=20.0
  child.margin: left=0.0, top=0.0
  y (accumulated): 441.6
  child.content: x=20.0 (was 20.0), y=441.6 (was 441.6)
  [UPDATE Y] child: text, content_height=0.0, margin.bottom=0.0, total_height=0.0, y after=441.6
[LAYOUT] Child element: div (parent: body)
  parent.content: x=0.0, y=0.0
  parent.padding: left=20.0, top=20.0
  child.margin: left=0.0, top=0.0
  y (accumulated): 441.6
  child.content: x=20.0 (was 20.0), y=441.6 (was 441.6)
  [UPDATE Y] child: div, content_height=329.4, margin.bottom=0.0, total_height=329.4, y after=771.0
[LAYOUT] Child element: text (parent: body)
  parent.content: x=0.0, y=0.0
  parent.padding: left=20.0, top=20.0
  child.margin: left=0.0, top=0.0
  y (accumulated): 771.0
  child.content: x=20.0 (was 20.0), y=771.0 (was 771.0)
  [UPDATE Y] child: text, content_height=0.0, margin.bottom=0.0, total_height=0.0, y after=771.0
  [UPDATE Y] child: div, content_height=59.2, margin.bottom=5.0, total_height=64.2, y after=138.2
  [UPDATE Y] child: div, content_height=59.2, margin.bottom=5.0, total_height=64.2, y after=202.4
[LAYOUT] Child element: div (parent: body)
  parent.content: x=0.0, y=0.0
  parent.padding: left=20.0, top=20.0
  child.margin: left=0.0, top=0.0
  y (accumulated): 771.0
  child.content: x=20.0 (was 20.0), y=771.0 (was 771.0)
  [UPDATE Y] child: div, content_height=334.0, margin.bottom=0.0, total_height=334.0, y after=1105.0
[LAYOUT] Child element: text (parent: body)
  parent.content: x=0.0, y=0.0
  parent.padding: left=20.0, top=20.0
  child.margin: left=0.0, top=0.0
  y (accumulated): 1105.0
  child.content: x=20.0 (was 20.0), y=1105.0 (was 1105.0)
  [UPDATE Y] child: text, content_height=0.0, margin.bottom=0.0, total_height=0.0, y after=1105.0
  [UPDATE Y] child: div, content_height=59.2, margin.bottom=0.0, total_height=59.2, y after=287.8
[LAYOUT] Child element: div (parent: body)
  parent.content: x=0.0, y=0.0
  parent.padding: left=20.0, top=20.0
  child.margin: left=0.0, top=0.0
  y (accumulated): 1105.0
  child.content: x=20.0 (was 20.0), y=1105.0 (was 1105.0)
  [UPDATE Y] child: div, content_height=336.8, margin.bottom=0.0, total_height=336.8, y after=1441.8
[LAYOUT] Child element: text (parent: body)
  parent.content: x=0.0, y=0.0
  parent.padding: left=20.0, top=20.0
  child.margin: left=0.0, top=0.0
  y (accumulated): 1441.8
  child.content: x=20.0 (was 20.0), y=1441.8 (was 1441.8)
  [UPDATE Y] child: text, content_height=0.0, margin.bottom=0.0, total_height=0.0, y after=1441.8
  [UPDATE Y] child: div, content_height=99.2, margin.bottom=5.0, total_height=104.2, y after=119.2
  [UPDATE Y] child: div, content_height=99.2, margin.bottom=5.0, total_height=104.2, y after=223.4
  [UPDATE Y] child: div, content_height=99.2, margin.bottom=5.0, total_height=104.2, y after=327.6
  [UPDATE Y] child: div, content_height=99.2, margin.bottom=5.0, total_height=104.2, y after=431.8
  [UPDATE Y] child: div, content_height=99.2, margin.bottom=5.0, total_height=104.2, y after=536.0
  [UPDATE Y] child: div, content_height=585.0, margin.bottom=0.0, total_height=585.0, y after=697.1
  [UPDATE Y] child: div, content_height=99.2, margin.bottom=5.0, total_height=104.2, y after=119.2
  [UPDATE Y] child: div, content_height=99.2, margin.bottom=5.0, total_height=104.2, y after=223.4
  [UPDATE Y] child: div, content_height=99.2, margin.bottom=5.0, total_height=104.2, y after=327.6
  [UPDATE Y] child: div, content_height=334.0, margin.bottom=0.0, total_height=334.0, y after=1031.1
[LAYOUT] Child element: div (parent: body)
  parent.content: x=0.0, y=0.0
  parent.padding: left=20.0, top=20.0
  child.margin: left=0.0, top=0.0
  y (accumulated): 1441.8
  child.content: x=20.0 (was 20.0), y=1441.8 (was 1441.8)
  [UPDATE Y] child: div, content_height=1031.1, margin.bottom=0.0, total_height=1031.1, y after=2472.8
[LAYOUT] Child element: text (parent: body)
  parent.content: x=0.0, y=0.0
  parent.padding: left=20.0, top=20.0
  child.margin: left=0.0, top=0.0
  y (accumulated): 2472.8
  child.content: x=20.0 (was 20.0), y=2472.8 (was 2472.8)
  [UPDATE Y] child: text, content_height=0.0, margin.bottom=0.0, total_height=0.0, y after=2472.8
  [UPDATE Y] child: div, content_height=79.2, margin.bottom=0.0, total_height=79.2, y after=94.2
  [UPDATE Y] child: div, content_height=79.2, margin.bottom=0.0, total_height=79.2, y after=173.4
  [UPDATE Y] child: div, content_height=79.2, margin.bottom=0.0, total_height=79.2, y after=252.6
  [UPDATE Y] child: div, content_height=79.2, margin.bottom=0.0, total_height=79.2, y after=331.8
  [UPDATE Y] child: div, content_height=79.2, margin.bottom=0.0, total_height=79.2, y after=411.0
  [UPDATE Y] child: div, content_height=79.2, margin.bottom=0.0, total_height=79.2, y after=490.2
  [UPDATE Y] child: div, content_height=79.2, margin.bottom=0.0, total_height=79.2, y after=569.4
  [UPDATE Y] child: div, content_height=79.2, margin.bottom=0.0, total_height=79.2, y after=648.6
  [UPDATE Y] child: div, content_height=697.6, margin.bottom=0.0, total_height=697.6, y after=809.7
[LAYOUT] Child element: div (parent: body)
  parent.content: x=0.0, y=0.0
  parent.padding: left=20.0, top=20.0
  child.margin: left=0.0, top=0.0
  y (accumulated): 2472.8
  child.content: x=20.0 (was 20.0), y=2472.8 (was 2472.8)
  [UPDATE Y] child: div, content_height=809.7, margin.bottom=0.0, total_height=809.7, y after=3282.5
[LAYOUT] Child element: text (parent: body)
  parent.content: x=0.0, y=0.0
  parent.padding: left=20.0, top=20.0
  child.margin: left=0.0, top=0.0
  y (accumulated): 3282.5
  child.content: x=20.0 (was 20.0), y=3282.5 (was 3282.5)
  [UPDATE Y] child: text, content_height=0.0, margin.bottom=0.0, total_height=0.0, y after=3282.5
[LAYOUT] Child element: div (parent: body)
  parent.content: x=0.0, y=0.0
  parent.padding: left=20.0, top=20.0
  child.margin: left=0.0, top=0.0
  y (accumulated): 3282.5
  child.content: x=20.0 (was 20.0), y=3282.5 (was 3282.5)
  [UPDATE Y] child: div, content_height=405.5, margin.bottom=0.0, total_height=405.5, y after=3688.0
[LAYOUT] Child element: text (parent: body)
  parent.content: x=0.0, y=0.0
  parent.padding: left=20.0, top=20.0
  child.margin: left=0.0, top=0.0
  y (accumulated): 3688.0
  child.content: x=20.0 (was 20.0), y=3688.0 (was 3688.0)
  [UPDATE Y] child: text, content_height=0.0, margin.bottom=0.0, total_height=0.0, y after=3688.0
[LAYOUT] Child element: div (parent: body)
  parent.content: x=0.0, y=0.0
  parent.padding: left=20.0, top=20.0
  child.margin: left=0.0, top=0.0
  y (accumulated): 3688.0
  child.content: x=20.0 (was 20.0), y=3688.0 (was 3688.0)
  [UPDATE Y] child: div, content_height=610.3, margin.bottom=0.0, total_height=610.3, y after=4298.4
[LAYOUT] Child element: text (parent: body)
  parent.content: x=0.0, y=0.0
  parent.padding: left=20.0, top=20.0
  child.margin: left=0.0, top=0.0
  y (accumulated): 4298.4
  child.content: x=20.0 (was 20.0), y=4298.4 (was 4298.4)
  [UPDATE Y] child: text, content_height=0.0, margin.bottom=0.0, total_height=0.0, y after=4298.4
  [UPDATE Y] child: div, content_height=117.2, margin.bottom=0.0, total_height=117.2, y after=273.9
[LAYOUT] Child element: div (parent: body)
  parent.content: x=0.0, y=0.0
  parent.padding: left=20.0, top=20.0
  child.margin: left=0.0, top=0.0
  y (accumulated): 4298.4
  child.content: x=20.0 (was 20.0), y=4298.4 (was 4298.4)
  [UPDATE Y] child: div, content_height=343.9, margin.bottom=0.0, total_height=343.9, y after=4642.3
[LAYOUT] Child element: text (parent: body)
  parent.content: x=0.0, y=0.0
  parent.padding: left=20.0, top=20.0
  child.margin: left=0.0, top=0.0
  y (accumulated): 4642.3
  child.content: x=20.0 (was 20.0), y=4642.3 (was 4642.3)
  [UPDATE Y] child: text, content_height=0.0, margin.bottom=0.0, total_height=0.0, y after=4642.3
  [UPDATE Y] child: div, content_height=71.2, margin.bottom=2.0, total_height=73.2, y after=132.4
  [UPDATE Y] child: div, content_height=160.4, margin.bottom=3.0, total_height=163.4, y after=224.6
  [UPDATE Y] child: div, content_height=258.6, margin.bottom=5.0, total_height=263.6, y after=364.1
[LAYOUT] Child element: div (parent: body)
  parent.content: x=0.0, y=0.0
  parent.padding: left=20.0, top=20.0
  child.margin: left=0.0, top=0.0
  y (accumulated): 4642.3
  child.content: x=20.0 (was 20.0), y=4642.3 (was 4642.3)
  [UPDATE Y] child: div, content_height=413.1, margin.bottom=0.0, total_height=413.1, y after=5055.4
[LAYOUT] Child element: text (parent: body)
  parent.content: x=0.0, y=0.0
  parent.padding: left=20.0, top=20.0
  child.margin: left=0.0, top=0.0
  y (accumulated): 5055.4
  child.content: x=20.0 (was 20.0), y=5055.4 (was 5055.4)
  [UPDATE Y] child: text, content_height=0.0, margin.bottom=0.0, total_height=0.0, y after=5055.4
[LAYOUT] Child element: div (parent: body)
  parent.content: x=0.0, y=0.0
  parent.padding: left=20.0, top=20.0
  child.margin: left=0.0, top=0.0
  y (accumulated): 5055.4
  child.content: x=20.0 (was 20.0), y=5055.4 (was 5055.4)
  [UPDATE Y] child: div, content_height=405.5, margin.bottom=0.0, total_height=405.5, y after=5460.9
[LAYOUT] Child element: text (parent: body)
  parent.content: x=0.0, y=0.0
  parent.padding: left=20.0, top=20.0
  child.margin: left=0.0, top=0.0
  y (accumulated): 5460.9
  child.content: x=20.0 (was 20.0), y=5460.9 (was 5460.9)
  [UPDATE Y] child: text, content_height=0.0, margin.bottom=0.0, total_height=0.0, y after=5460.9
  [UPDATE Y] child: div, content_height=222.4, margin.bottom=0.0, total_height=222.4, y after=222.4
  [UPDATE Y] child: div, content_height=91.2, margin.bottom=0.0, total_height=91.2, y after=245.4
  [UPDATE Y] child: div, content_height=294.4, margin.bottom=0.0, total_height=294.4, y after=516.8
  [UPDATE Y] child: div, content_height=516.8, margin.bottom=0.0, total_height=516.8, y after=622.3
  [UPDATE Y] child: div, content_height=115.2, margin.bottom=0.0, total_height=115.2, y after=737.5
[LAYOUT] Child element: div (parent: body)
  parent.content: x=0.0, y=0.0
  parent.padding: left=20.0, top=20.0
  child.margin: left=0.0, top=0.0
  y (accumulated): 5460.9
  child.content: x=20.0 (was 20.0), y=5460.9 (was 5460.9)
  [UPDATE Y] child: div, content_height=803.5, margin.bottom=0.0, total_height=803.5, y after=6264.4
[LAYOUT] Child element: text (parent: body)
  parent.content: x=0.0, y=0.0
  parent.padding: left=20.0, top=20.0
  child.margin: left=0.0, top=0.0
  y (accumulated): 6264.4
  child.content: x=20.0 (was 20.0), y=6264.4 (was 6264.4)
  [UPDATE Y] child: text, content_height=0.0, margin.bottom=0.0, total_height=0.0, y after=6264.4
[LAYOUT] Child element: div (parent: body)
  parent.content: x=0.0, y=0.0
  parent.padding: left=20.0, top=20.0
  child.margin: left=0.0, top=30.0
  y (accumulated): 6264.4
  child.content: x=20.0 (was 20.0), y=6294.4 (was 6294.4)
  [UPDATE Y] child: div, content_height=182.4, margin.bottom=0.0, total_height=182.4, y after=6446.8
[LAYOUT] Child element: body (parent: html)
  parent.content: x=0.0, y=0.0
  parent.padding: left=0.0, top=0.0
  child.margin: left=0.0, top=0.0
  y (accumulated): 0.0
  child.content: x=0.0 (was 0.0), y=0.0 (was 0.0)
  [UPDATE Y] child: body, content_height=6506.8, margin.bottom=0.0, total_height=6506.8, y after=6506.8
[LAYOUT] Child element: !DOCTYPE (parent: body)
  parent.content: x=0.0, y=0.0
  parent.padding: left=20.0, top=20.0
  child.margin: left=0.0, top=0.0
  y (accumulated): 20.0
  child.content: x=20.0 (was 20.0), y=20.0 (was 20.0)
  [UPDATE Y] child: !DOCTYPE, content_height=6506.8, margin.bottom=0.0, total_height=6506.8, y after=6526.8
[LAYOUT] Element: html, is_root: false
  margin: top=0.0, right=0.0, bottom=0.0, left=0.0
  padding: top=0.0, right=0.0, bottom=0.0, left=0.0
  content: x=20.0, y=20.0, width=1160.0, height=6506.8
  containing_block: width=1160.0, height=6546.8
[LAYOUT] Element: body, is_root: false
  margin: top=0.0, right=0.0, bottom=0.0, left=0.0
  padding: top=20.0, right=20.0, bottom=20.0, left=20.0
  content: x=0.0, y=0.0, width=1120.0, height=6466.8
  containing_block: width=1160.0, height=6546.8
[LAYOUT WARNING] html.content is not (0, 0): x=20.0, y=20.0
[LAYOUT] Body element position set: x=0.0, y=0.0 (margin: left=0.0, top=0.0)
[CONTAINING BLOCK] body.content.width=1120.0, child_containing_block.width=1120.0
[WIDTH DEBUG] h1: containing_block.width=1120.0, available_width=1120.0, calculated_width=1116.0
[LAYOUT] Child element: h1 (parent: body)
  parent.content: x=0.0, y=0.0
  parent.padding: left=20.0, top=20.0
  child.margin: left=0.0, top=21.4
  y (accumulated): 20.0
  child.content: x=20.0 (was 20.0), y=41.4 (was 41.4)
  [UPDATE Y] child: h1, content_height=50.0, margin.bottom=21.4, total_height=71.4, y after=91.4
[LAYOUT] Child element: text (parent: body)
  parent.content: x=0.0, y=0.0
  parent.padding: left=20.0, top=20.0
  child.margin: left=0.0, top=0.0
  y (accumulated): 91.4
  child.content: x=20.0 (was 20.0), y=91.4 (was 91.4)
  [UPDATE Y] child: text, content_height=0.0, margin.bottom=0.0, total_height=0.0, y after=91.4
[WIDTH DEBUG] h1: containing_block.width=1086.0, available_width=1086.0, calculated_width=1086.0
[LAYOUT] Child element: h1 (parent: div)
  parent.content: x=20.0, y=91.4
  parent.padding: left=15.0, top=15.0
  child.margin: left=0.0, top=16.1
  y (accumulated): 15.0
  child.content: x=15.0 (was 15.0), y=122.5 (was 122.5)
  [UPDATE Y] child: h1, content_height=62.1, margin.bottom=16.1, total_height=78.2, y after=93.2
  [UPDATE Y] child: div, content_height=96.0, margin.bottom=0.0, total_height=96.0, y after=301.2
[LAYOUT] Child element: div (parent: body)
  parent.content: x=0.0, y=0.0
  parent.padding: left=20.0, top=20.0
  child.margin: left=0.0, top=0.0
  y (accumulated): 91.4
  child.content: x=20.0 (was 20.0), y=91.4 (was 91.4)
  [UPDATE Y] child: div, content_height=350.2, margin.bottom=0.0, total_height=350.2, y after=441.6
[LAYOUT] Child element: text (parent: body)
  parent.content: x=0.0, y=0.0
  parent.padding: left=20.0, top=20.0
  child.margin: left=0.0, top=0.0
  y (accumulated): 441.6
  child.content: x=20.0 (was 20.0), y=441.6 (was 441.6)
  [UPDATE Y] child: text, content_height=0.0, margin.bottom=0.0, total_height=0.0, y after=441.6
[LAYOUT] Child element: div (parent: body)
  parent.content: x=0.0, y=0.0
  parent.padding: left=20.0, top=20.0
  child.margin: left=0.0, top=0.0
  y (accumulated): 441.6
  child.content: x=20.0 (was 20.0), y=441.6 (was 441.6)
  [UPDATE Y] child: div, content_height=329.4, margin.bottom=0.0, total_height=329.4, y after=771.0
[LAYOUT] Child element: text (parent: body)
  parent.content: x=0.0, y=0.0
  parent.padding: left=20.0, top=20.0
  child.margin: left=0.0, top=0.0
  y (accumulated): 771.0
  child.content: x=20.0 (was 20.0), y=771.0 (was 771.0)
  [UPDATE Y] child: text, content_height=0.0, margin.bottom=0.0, total_height=0.0, y after=771.0
  [UPDATE Y] child: div, content_height=59.2, margin.bottom=5.0, total_height=64.2, y after=138.2
  [UPDATE Y] child: div, content_height=59.2, margin.bottom=5.0, total_height=64.2, y after=202.4
[LAYOUT] Child element: div (parent: body)
  parent.content: x=0.0, y=0.0
  parent.padding: left=20.0, top=20.0
  child.margin: left=0.0, top=0.0
  y (accumulated): 771.0
  child.content: x=20.0 (was 20.0), y=771.0 (was 771.0)
  [UPDATE Y] child: div, content_height=334.0, margin.bottom=0.0, total_height=334.0, y after=1105.0
[LAYOUT] Child element: text (parent: body)
  parent.content: x=0.0, y=0.0
  parent.padding: left=20.0, top=20.0
  child.margin: left=0.0, top=0.0
  y (accumulated): 1105.0
  child.content: x=20.0 (was 20.0), y=1105.0 (was 1105.0)
  [UPDATE Y] child: text, content_height=0.0, margin.bottom=0.0, total_height=0.0, y after=1105.0
  [UPDATE Y] child: div, content_height=59.2, margin.bottom=0.0, total_height=59.2, y after=287.8
[LAYOUT] Child element: div (parent: body)
  parent.content: x=0.0, y=0.0
  parent.padding: left=20.0, top=20.0
  child.margin: left=0.0, top=0.0
  y (accumulated): 1105.0
  child.content: x=20.0 (was 20.0), y=1105.0 (was 1105.0)
  [UPDATE Y] child: div, content_height=336.8, margin.bottom=0.0, total_height=336.8, y after=1441.8
[LAYOUT] Child element: text (parent: body)
  parent.content: x=0.0, y=0.0
  parent.padding: left=20.0, top=20.0
  child.margin: left=0.0, top=0.0
  y (accumulated): 1441.8
  child.content: x=20.0 (was 20.0), y=1441.8 (was 1441.8)
  [UPDATE Y] child: text, content_height=0.0, margin.bottom=0.0, total_height=0.0, y after=1441.8
  [UPDATE Y] child: div, content_height=99.2, margin.bottom=5.0, total_height=104.2, y after=119.2
  [UPDATE Y] child: div, content_height=99.2, margin.bottom=5.0, total_height=104.2, y after=223.4
  [UPDATE Y] child: div, content_height=99.2, margin.bottom=5.0, total_height=104.2, y after=327.6
  [UPDATE Y] child: div, content_height=99.2, margin.bottom=5.0, total_height=104.2, y after=431.8
  [UPDATE Y] child: div, content_height=99.2, margin.bottom=5.0, total_height=104.2, y after=536.0
  [UPDATE Y] child: div, content_height=585.0, margin.bottom=0.0, total_height=585.0, y after=697.1
  [UPDATE Y] child: div, content_height=99.2, margin.bottom=5.0, total_height=104.2, y after=119.2
  [UPDATE Y] child: div, content_height=99.2, margin.bottom=5.0, total_height=104.2, y after=223.4
  [UPDATE Y] child: div, content_height=99.2, margin.bottom=5.0, total_height=104.2, y after=327.6
  [UPDATE Y] child: div, content_height=334.0, margin.bottom=0.0, total_height=334.0, y after=1031.1
[LAYOUT] Child element: div (parent: body)
  parent.content: x=0.0, y=0.0
  parent.padding: left=20.0, top=20.0
  child.margin: left=0.0, top=0.0
  y (accumulated): 1441.8
  child.content: x=20.0 (was 20.0), y=1441.8 (was 1441.8)
  [UPDATE Y] child: div, content_height=1031.1, margin.bottom=0.0, total_height=1031.1, y after=2472.8
[LAYOUT] Child element: text (parent: body)
  parent.content: x=0.0, y=0.0
  parent.padding: left=20.0, top=20.0
  child.margin: left=0.0, top=0.0
  y (accumulated): 2472.8
  child.content: x=20.0 (was 20.0), y=2472.8 (was 2472.8)
  [UPDATE Y] child: text, content_height=0.0, margin.bottom=0.0, total_height=0.0, y after=2472.8
  [UPDATE Y] child: div, content_height=79.2, margin.bottom=0.0, total_height=79.2, y after=94.2
  [UPDATE Y] child: div, content_height=79.2, margin.bottom=0.0, total_height=79.2, y after=173.4
  [UPDATE Y] child: div, content_height=79.2, margin.bottom=0.0, total_height=79.2, y after=252.6
  [UPDATE Y] child: div, content_height=79.2, margin.bottom=0.0, total_height=79.2, y after=331.8
  [UPDATE Y] child: div, content_height=79.2, margin.bottom=0.0, total_height=79.2, y after=411.0
  [UPDATE Y] child: div, content_height=79.2, margin.bottom=0.0, total_height=79.2, y after=490.2
  [UPDATE Y] child: div, content_height=79.2, margin.bottom=0.0, total_height=79.2, y after=569.4
  [UPDATE Y] child: div, content_height=79.2, margin.bottom=0.0, total_height=79.2, y after=648.6
  [UPDATE Y] child: div, content_height=697.6, margin.bottom=0.0, total_height=697.6, y after=809.7
[LAYOUT] Child element: div (parent: body)
  parent.content: x=0.0, y=0.0
  parent.padding: left=20.0, top=20.0
  child.margin: left=0.0, top=0.0
  y (accumulated): 2472.8
  child.content: x=20.0 (was 20.0), y=2472.8 (was 2472.8)
  [UPDATE Y] child: div, content_height=809.7, margin.bottom=0.0, total_height=809.7, y after=3282.5
[LAYOUT] Child element: text (parent: body)
  parent.content: x=0.0, y=0.0
  parent.padding: left=20.0, top=20.0
  child.margin: left=0.0, top=0.0
  y (accumulated): 3282.5
  child.content: x=20.0 (was 20.0), y=3282.5 (was 3282.5)
  [UPDATE Y] child: text, content_height=0.0, margin.bottom=0.0, total_height=0.0, y after=3282.5
[LAYOUT] Child element: div (parent: body)
  parent.content: x=0.0, y=0.0
  parent.padding: left=20.0, top=20.0
  child.margin: left=0.0, top=0.0
  y (accumulated): 3282.5
  child.content: x=20.0 (was 20.0), y=3282.5 (was 3282.5)
  [UPDATE Y] child: div, content_height=405.5, margin.bottom=0.0, total_height=405.5, y after=3688.0
[LAYOUT] Child element: text (parent: body)
  parent.content: x=0.0, y=0.0
  parent.padding: left=20.0, top=20.0
  child.margin: left=0.0, top=0.0
  y (accumulated): 3688.0
  child.content: x=20.0 (was 20.0), y=3688.0 (was 3688.0)
  [UPDATE Y] child: text, content_height=0.0, margin.bottom=0.0, total_height=0.0, y after=3688.0
[LAYOUT] Child element: div (parent: body)
  parent.content: x=0.0, y=0.0
  parent.padding: left=20.0, top=20.0
  child.margin: left=0.0, top=0.0
  y (accumulated): 3688.0
  child.content: x=20.0 (was 20.0), y=3688.0 (was 3688.0)
  [UPDATE Y] child: div, content_height=610.3, margin.bottom=0.0, total_height=610.3, y after=4298.4
[LAYOUT] Child element: text (parent: body)
  parent.content: x=0.0, y=0.0
  parent.padding: left=20.0, top=20.0
  child.margin: left=0.0, top=0.0
  y (accumulated): 4298.4
  child.content: x=20.0 (was 20.0), y=4298.4 (was 4298.4)
  [UPDATE Y] child: text, content_height=0.0, margin.bottom=0.0, total_height=0.0, y after=4298.4
  [UPDATE Y] child: div, content_height=117.2, margin.bottom=0.0, total_height=117.2, y after=273.9
[LAYOUT] Child element: div (parent: body)
  parent.content: x=0.0, y=0.0
  parent.padding: left=20.0, top=20.0
  child.margin: left=0.0, top=0.0
  y (accumulated): 4298.4
  child.content: x=20.0 (was 20.0), y=4298.4 (was 4298.4)
  [UPDATE Y] child: div, content_height=343.9, margin.bottom=0.0, total_height=343.9, y after=4642.3
[LAYOUT] Child element: text (parent: body)
  parent.content: x=0.0, y=0.0
  parent.padding: left=20.0, top=20.0
  child.margin: left=0.0, top=0.0
  y (accumulated): 4642.3
  child.content: x=20.0 (was 20.0), y=4642.3 (was 4642.3)
  [UPDATE Y] child: text, content_height=0.0, margin.bottom=0.0, total_height=0.0, y after=4642.3
  [UPDATE Y] child: div, content_height=71.2, margin.bottom=2.0, total_height=73.2, y after=132.4
  [UPDATE Y] child: div, content_height=160.4, margin.bottom=3.0, total_height=163.4, y after=224.6
  [UPDATE Y] child: div, content_height=258.6, margin.bottom=5.0, total_height=263.6, y after=364.1
[LAYOUT] Child element: div (parent: body)
  parent.content: x=0.0, y=0.0
  parent.padding: left=20.0, top=20.0
  child.margin: left=0.0, top=0.0
  y (accumulated): 4642.3
  child.content: x=20.0 (was 20.0), y=4642.3 (was 4642.3)
  [UPDATE Y] child: div, content_height=413.1, margin.bottom=0.0, total_height=413.1, y after=5055.4
[LAYOUT] Child element: text (parent: body)
  parent.content: x=0.0, y=0.0
  parent.padding: left=20.0, top=20.0
  child.margin: left=0.0, top=0.0
  y (accumulated): 5055.4
  child.content: x=20.0 (was 20.0), y=5055.4 (was 5055.4)
  [UPDATE Y] child: text, content_height=0.0, margin.bottom=0.0, total_height=0.0, y after=5055.4
[LAYOUT] Child element: div (parent: body)
  parent.content: x=0.0, y=0.0
  parent.padding: left=20.0, top=20.0
  child.margin: left=0.0, top=0.0
  y (accumulated): 5055.4
  child.content: x=20.0 (was 20.0), y=5055.4 (was 5055.4)
  [UPDATE Y] child: div, content_height=405.5, margin.bottom=0.0, total_height=405.5, y after=5460.9
[LAYOUT] Child element: text (parent: body)
  parent.content: x=0.0, y=0.0
  parent.padding: left=20.0, top=20.0
  child.margin: left=0.0, top=0.0
  y (accumulated): 5460.9
  child.content: x=20.0 (was 20.0), y=5460.9 (was 5460.9)
  [UPDATE Y] child: text, content_height=0.0, margin.bottom=0.0, total_height=0.0, y after=5460.9
  [UPDATE Y] child: div, content_height=222.4, margin.bottom=0.0, total_height=222.4, y after=222.4
  [UPDATE Y] child: div, content_height=91.2, margin.bottom=0.0, total_height=91.2, y after=245.4
  [UPDATE Y] child: div, content_height=294.4, margin.bottom=0.0, total_height=294.4, y after=516.8
  [UPDATE Y] child: div, content_height=516.8, margin.bottom=0.0, total_height=516.8, y after=622.3
  [UPDATE Y] child: div, content_height=115.2, margin.bottom=0.0, total_height=115.2, y after=737.5
[LAYOUT] Child element: div (parent: body)
  parent.content: x=0.0, y=0.0
  parent.padding: left=20.0, top=20.0
  child.margin: left=0.0, top=0.0
  y (accumulated): 5460.9
  child.content: x=20.0 (was 20.0), y=5460.9 (was 5460.9)
  [UPDATE Y] child: div, content_height=803.5, margin.bottom=0.0, total_height=803.5, y after=6264.4
[LAYOUT] Child element: text (parent: body)
  parent.content: x=0.0, y=0.0
  parent.padding: left=20.0, top=20.0
  child.margin: left=0.0, top=0.0
  y (accumulated): 6264.4
  child.content: x=20.0 (was 20.0), y=6264.4 (was 6264.4)
  [UPDATE Y] child: text, content_height=0.0, margin.bottom=0.0, total_height=0.0, y after=6264.4
[LAYOUT] Child element: div (parent: body)
  parent.content: x=0.0, y=0.0
  parent.padding: left=20.0, top=20.0
  child.margin: left=0.0, top=30.0
  y (accumulated): 6264.4
  child.content: x=20.0 (was 20.0), y=6294.4 (was 6294.4)
  [UPDATE Y] child: div, content_height=182.4, margin.bottom=0.0, total_height=182.4, y after=6446.8
[LAYOUT] Child element: body (parent: html)
  parent.content: x=20.0, y=20.0
  parent.padding: left=0.0, top=0.0
  child.margin: left=0.0, top=0.0
  y (accumulated): 0.0
  child.content: x=20.0 (was 0.0), y=20.0 (was 0.0)
  [UPDATE Y] child: body, content_height=6506.8, margin.bottom=0.0, total_height=6506.8, y after=6506.8
[LAYOUT] Element: html, is_root: false
  margin: top=0.0, right=0.0, bottom=0.0, left=0.0
  padding: top=0.0, right=0.0, bottom=0.0, left=0.0
  content: x=20.0, y=20.0, width=1160.0, height=6506.8
  containing_block: width=1160.0, height=6506.8
[LAYOUT] Element: body, is_root: false
  margin: top=0.0, right=0.0, bottom=0.0, left=0.0
  padding: top=20.0, right=20.0, bottom=20.0, left=20.0
  content: x=20.0, y=20.0, width=1120.0, height=6466.8
  containing_block: width=1160.0, height=6506.8
[LAYOUT WARNING] html.content is not (0, 0): x=20.0, y=20.0
[CONTAINING BLOCK] body.content.width=1120.0, child_containing_block.width=1120.0
[WIDTH DEBUG] h1: containing_block.width=1120.0, available_width=1120.0, calculated_width=1116.0
[LAYOUT] Child element: h1 (parent: body)
  parent.content: x=20.0, y=20.0
  parent.padding: left=20.0, top=20.0
  child.margin: left=0.0, top=21.4
  y (accumulated): 20.0
  child.content: x=20.0 (was 20.0), y=61.4 (was 41.4)
  [UPDATE Y] child: h1, content_height=50.0, margin.bottom=21.4, total_height=71.4, y after=91.4
[LAYOUT] Child element: text (parent: body)
  parent.content: x=20.0, y=20.0
  parent.padding: left=20.0, top=20.0
  child.margin: left=0.0, top=0.0
  y (accumulated): 91.4
  child.content: x=20.0 (was 20.0), y=111.4 (was 91.4)
  [UPDATE Y] child: text, content_height=0.0, margin.bottom=0.0, total_height=0.0, y after=91.4
[WIDTH DEBUG] h1: containing_block.width=1086.0, available_width=1086.0, calculated_width=1086.0
[LAYOUT] Child element: h1 (parent: div)
  parent.content: x=20.0, y=91.4
  parent.padding: left=15.0, top=15.0
  child.margin: left=0.0, top=16.1
  y (accumulated): 15.0
  child.content: x=15.0 (was 15.0), y=122.5 (was 122.5)
  [UPDATE Y] child: h1, content_height=62.1, margin.bottom=16.1, total_height=78.2, y after=93.2
  [UPDATE Y] child: div, content_height=96.0, margin.bottom=0.0, total_height=96.0, y after=301.2
[LAYOUT] Child element: div (parent: body)
  parent.content: x=20.0, y=20.0
  parent.padding: left=20.0, top=20.0
  child.margin: left=0.0, top=0.0
  y (accumulated): 91.4
  child.content: x=20.0 (was 20.0), y=111.4 (was 91.4)
  [UPDATE Y] child: div, content_height=350.2, margin.bottom=0.0, total_height=350.2, y after=441.6
[LAYOUT] Child element: text (parent: body)
  parent.content: x=20.0, y=20.0
  parent.padding: left=20.0, top=20.0
  child.margin: left=0.0, top=0.0
  y (accumulated): 441.6
  child.content: x=20.0 (was 20.0), y=461.6 (was 441.6)
  [UPDATE Y] child: text, content_height=0.0, margin.bottom=0.0, total_height=0.0, y after=441.6
[LAYOUT] Child element: div (parent: body)
  parent.content: x=20.0, y=20.0
  parent.padding: left=20.0, top=20.0
  child.margin: left=0.0, top=0.0
  y (accumulated): 441.6
  child.content: x=20.0 (was 20.0), y=461.6 (was 441.6)
  [UPDATE Y] child: div, content_height=329.4, margin.bottom=0.0, total_height=329.4, y after=771.0
[LAYOUT] Child element: text (parent: body)
  parent.content: x=20.0, y=20.0
  parent.padding: left=20.0, top=20.0
  child.margin: left=0.0, top=0.0
  y (accumulated): 771.0
  child.content: x=20.0 (was 20.0), y=791.0 (was 771.0)
  [UPDATE Y] child: text, content_height=0.0, margin.bottom=0.0, total_height=0.0, y after=771.0
  [UPDATE Y] child: div, content_height=59.2, margin.bottom=5.0, total_height=64.2, y after=138.2
  [UPDATE Y] child: div, content_height=59.2, margin.bottom=5.0, total_height=64.2, y after=202.4
[LAYOUT] Child element: div (parent: body)
  parent.content: x=20.0, y=20.0
  parent.padding: left=20.0, top=20.0
  child.margin: left=0.0, top=0.0
  y (accumulated): 771.0
  child.content: x=20.0 (was 20.0), y=791.0 (was 771.0)
  [UPDATE Y] child: div, content_height=334.0, margin.bottom=0.0, total_height=334.0, y after=1105.0
[LAYOUT] Child element: text (parent: body)
  parent.content: x=20.0, y=20.0
  parent.padding: left=20.0, top=20.0
  child.margin: left=0.0, top=0.0
  y (accumulated): 1105.0
  child.content: x=20.0 (was 20.0), y=1125.0 (was 1105.0)
  [UPDATE Y] child: text, content_height=0.0, margin.bottom=0.0, total_height=0.0, y after=1105.0
  [UPDATE Y] child: div, content_height=59.2, margin.bottom=0.0, total_height=59.2, y after=287.8
[LAYOUT] Child element: div (parent: body)
  parent.content: x=20.0, y=20.0
  parent.padding: left=20.0, top=20.0
  child.margin: left=0.0, top=0.0
  y (accumulated): 1105.0
  child.content: x=20.0 (was 20.0), y=1125.0 (was 1105.0)
  [UPDATE Y] child: div, content_height=336.8, margin.bottom=0.0, total_height=336.8, y after=1441.8
[LAYOUT] Child element: text (parent: body)
  parent.content: x=20.0, y=20.0
  parent.padding: left=20.0, top=20.0
  child.margin: left=0.0, top=0.0
  y (accumulated): 1441.8
  child.content: x=20.0 (was 20.0), y=1461.8 (was 1441.8)
  [UPDATE Y] child: text, content_height=0.0, margin.bottom=0.0, total_height=0.0, y after=1441.8
  [UPDATE Y] child: div, content_height=99.2, margin.bottom=5.0, total_height=104.2, y after=119.2
  [UPDATE Y] child: div, content_height=99.2, margin.bottom=5.0, total_height=104.2, y after=223.4
  [UPDATE Y] child: div, content_height=99.2, margin.bottom=5.0, total_height=104.2, y after=327.6
  [UPDATE Y] child: div, content_height=99.2, margin.bottom=5.0, total_height=104.2, y after=431.8
  [UPDATE Y] child: div, content_height=99.2, margin.bottom=5.0, total_height=104.2, y after=536.0
  [UPDATE Y] child: div, content_height=585.0, margin.bottom=0.0, total_height=585.0, y after=697.1
  [UPDATE Y] child: div, content_height=99.2, margin.bottom=5.0, total_height=104.2, y after=119.2
  [UPDATE Y] child: div, content_height=99.2, margin.bottom=5.0, total_height=104.2, y after=223.4
  [UPDATE Y] child: div, content_height=99.2, margin.bottom=5.0, total_height=104.2, y after=327.6
  [UPDATE Y] child: div, content_height=334.0, margin.bottom=0.0, total_height=334.0, y after=1031.1
[LAYOUT] Child element: div (parent: body)
  parent.content: x=20.0, y=20.0
  parent.padding: left=20.0, top=20.0
  child.margin: left=0.0, top=0.0
  y (accumulated): 1441.8
  child.content: x=20.0 (was 20.0), y=1461.8 (was 1441.8)
  [UPDATE Y] child: div, content_height=1031.1, margin.bottom=0.0, total_height=1031.1, y after=2472.8
[LAYOUT] Child element: text (parent: body)
  parent.content: x=20.0, y=20.0
  parent.padding: left=20.0, top=20.0
  child.margin: left=0.0, top=0.0
  y (accumulated): 2472.8
  child.content: x=20.0 (was 20.0), y=2492.8 (was 2472.8)
  [UPDATE Y] child: text, content_height=0.0, margin.bottom=0.0, total_height=0.0, y after=2472.8
  [UPDATE Y] child: div, content_height=79.2, margin.bottom=0.0, total_height=79.2, y after=94.2
  [UPDATE Y] child: div, content_height=79.2, margin.bottom=0.0, total_height=79.2, y after=173.4
  [UPDATE Y] child: div, content_height=79.2, margin.bottom=0.0, total_height=79.2, y after=252.6
  [UPDATE Y] child: div, content_height=79.2, margin.bottom=0.0, total_height=79.2, y after=331.8
  [UPDATE Y] child: div, content_height=79.2, margin.bottom=0.0, total_height=79.2, y after=411.0
  [UPDATE Y] child: div, content_height=79.2, margin.bottom=0.0, total_height=79.2, y after=490.2
  [UPDATE Y] child: div, content_height=79.2, margin.bottom=0.0, total_height=79.2, y after=569.4
  [UPDATE Y] child: div, content_height=79.2, margin.bottom=0.0, total_height=79.2, y after=648.6
  [UPDATE Y] child: div, content_height=697.6, margin.bottom=0.0, total_height=697.6, y after=809.7
[LAYOUT] Child element: div (parent: body)
  parent.content: x=20.0, y=20.0
  parent.padding: left=20.0, top=20.0
  child.margin: left=0.0, top=0.0
  y (accumulated): 2472.8
  child.content: x=20.0 (was 20.0), y=2492.8 (was 2472.8)
  [UPDATE Y] child: div, content_height=809.7, margin.bottom=0.0, total_height=809.7, y after=3282.5
[LAYOUT] Child element: text (parent: body)
  parent.content: x=20.0, y=20.0
  parent.padding: left=20.0, top=20.0
  child.margin: left=0.0, top=0.0
  y (accumulated): 3282.5
  child.content: x=20.0 (was 20.0), y=3302.5 (was 3282.5)
  [UPDATE Y] child: text, content_height=0.0, margin.bottom=0.0, total_height=0.0, y after=3282.5
[LAYOUT] Child element: div (parent: body)
  parent.content: x=20.0, y=20.0
  parent.padding: left=20.0, top=20.0
  child.margin: left=0.0, top=0.0
  y (accumulated): 3282.5
  child.content: x=20.0 (was 20.0), y=3302.5 (was 3282.5)
  [UPDATE Y] child: div, content_height=405.5, margin.bottom=0.0, total_height=405.5, y after=3688.0
[LAYOUT] Child element: text (parent: body)
  parent.content: x=20.0, y=20.0
  parent.padding: left=20.0, top=20.0
  child.margin: left=0.0, top=0.0
  y (accumulated): 3688.0
  child.content: x=20.0 (was 20.0), y=3708.0 (was 3688.0)
  [UPDATE Y] child: text, content_height=0.0, margin.bottom=0.0, total_height=0.0, y after=3688.0
[LAYOUT] Child element: div (parent: body)
  parent.content: x=20.0, y=20.0
  parent.padding: left=20.0, top=20.0
  child.margin: left=0.0, top=0.0
  y (accumulated): 3688.0
  child.content: x=20.0 (was 20.0), y=3708.0 (was 3688.0)
  [UPDATE Y] child: div, content_height=610.3, margin.bottom=0.0, total_height=610.3, y after=4298.4
[LAYOUT] Child element: text (parent: body)
  parent.content: x=20.0, y=20.0
  parent.padding: left=20.0, top=20.0
  child.margin: left=0.0, top=0.0
  y (accumulated): 4298.4
  child.content: x=20.0 (was 20.0), y=4318.4 (was 4298.4)
  [UPDATE Y] child: text, content_height=0.0, margin.bottom=0.0, total_height=0.0, y after=4298.4
  [UPDATE Y] child: div, content_height=117.2, margin.bottom=0.0, total_height=117.2, y after=273.9
[LAYOUT] Child element: div (parent: body)
  parent.content: x=20.0, y=20.0
  parent.padding: left=20.0, top=20.0
  child.margin: left=0.0, top=0.0
  y (accumulated): 4298.4
  child.content: x=20.0 (was 20.0), y=4318.4 (was 4298.4)
  [UPDATE Y] child: div, content_height=343.9, margin.bottom=0.0, total_height=343.9, y after=4642.3
[LAYOUT] Child element: text (parent: body)
  parent.content: x=20.0, y=20.0
  parent.padding: left=20.0, top=20.0
  child.margin: left=0.0, top=0.0
  y (accumulated): 4642.3
  child.content: x=20.0 (was 20.0), y=4662.3 (was 4642.3)
  [UPDATE Y] child: text, content_height=0.0, margin.bottom=0.0, total_height=0.0, y after=4642.3
  [UPDATE Y] child: div, content_height=71.2, margin.bottom=2.0, total_height=73.2, y after=132.4
  [UPDATE Y] child: div, content_height=160.4, margin.bottom=3.0, total_height=163.4, y after=224.6
  [UPDATE Y] child: div, content_height=258.6, margin.bottom=5.0, total_height=263.6, y after=364.1
[LAYOUT] Child element: div (parent: body)
  parent.content: x=20.0, y=20.0
  parent.padding: left=20.0, top=20.0
  child.margin: left=0.0, top=0.0
  y (accumulated): 4642.3
  child.content: x=20.0 (was 20.0), y=4662.3 (was 4642.3)
  [UPDATE Y] child: div, content_height=413.1, margin.bottom=0.0, total_height=413.1, y after=5055.4
[LAYOUT] Child element: text (parent: body)
  parent.content: x=20.0, y=20.0
  parent.padding: left=20.0, top=20.0
  child.margin: left=0.0, top=0.0
  y (accumulated): 5055.4
  child.content: x=20.0 (was 20.0), y=5075.4 (was 5055.4)
  [UPDATE Y] child: text, content_height=0.0, margin.bottom=0.0, total_height=0.0, y after=5055.4
[LAYOUT] Child element: div (parent: body)
  parent.content: x=20.0, y=20.0
  parent.padding: left=20.0, top=20.0
  child.margin: left=0.0, top=0.0
  y (accumulated): 5055.4
  child.content: x=20.0 (was 20.0), y=5075.4 (was 5055.4)
  [UPDATE Y] child: div, content_height=405.5, margin.bottom=0.0, total_height=405.5, y after=5460.9
[LAYOUT] Child element: text (parent: body)
  parent.content: x=20.0, y=20.0
  parent.padding: left=20.0, top=20.0
  child.margin: left=0.0, top=0.0
  y (accumulated): 5460.9
  child.content: x=20.0 (was 20.0), y=5480.9 (was 5460.9)
  [UPDATE Y] child: text, content_height=0.0, margin.bottom=0.0, total_height=0.0, y after=5460.9
  [UPDATE Y] child: div, content_height=222.4, margin.bottom=0.0, total_height=222.4, y after=222.4
  [UPDATE Y] child: div, content_height=91.2, margin.bottom=0.0, total_height=91.2, y after=245.4
  [UPDATE Y] child: div, content_height=294.4, margin.bottom=0.0, total_height=294.4, y after=516.8
  [UPDATE Y] child: div, content_height=516.8, margin.bottom=0.0, total_height=516.8, y after=622.3
  [UPDATE Y] child: div, content_height=115.2, margin.bottom=0.0, total_height=115.2, y after=737.5
[LAYOUT] Child element: div (parent: body)
  parent.content: x=20.0, y=20.0
  parent.padding: left=20.0, top=20.0
  child.margin: left=0.0, top=0.0
  y (accumulated): 5460.9
  child.content: x=20.0 (was 20.0), y=5480.9 (was 5460.9)
  [UPDATE Y] child: div, content_height=803.5, margin.bottom=0.0, total_height=803.5, y after=6264.4
[LAYOUT] Child element: text (parent: body)
  parent.content: x=20.0, y=20.0
  parent.padding: left=20.0, top=20.0
  child.margin: left=0.0, top=0.0
  y (accumulated): 6264.4
  child.content: x=20.0 (was 20.0), y=6284.4 (was 6264.4)
  [UPDATE Y] child: text, content_height=0.0, margin.bottom=0.0, total_height=0.0, y after=6264.4
[LAYOUT] Child element: div (parent: body)
  parent.content: x=20.0, y=20.0
  parent.padding: left=20.0, top=20.0
  child.margin: left=0.0, top=30.0
  y (accumulated): 6264.4
  child.content: x=20.0 (was 20.0), y=6314.4 (was 6294.4)
  [UPDATE Y] child: div, content_height=182.4, margin.bottom=0.0, total_height=182.4, y after=6446.8
[LAYOUT] Child element: body (parent: html)
  parent.content: x=20.0, y=20.0
  parent.padding: left=0.0, top=0.0
  child.margin: left=0.0, top=0.0
  y (accumulated): 0.0
  child.content: x=20.0 (was 20.0), y=20.0 (was 20.0)
  [UPDATE Y] child: body, content_height=6506.8, margin.bottom=0.0, total_height=6506.8, y after=6506.8
[LAYOUT] Element: body, is_root: false
  margin: top=0.0, right=0.0, bottom=0.0, left=0.0
  padding: top=20.0, right=20.0, bottom=20.0, left=20.0
  content: x=20.0, y=20.0, width=1120.0, height=6466.8
  containing_block: width=1160.0, height=6506.8
[LAYOUT WARNING] html.content is not (0, 0): x=20.0, y=20.0
[CONTAINING BLOCK] body.content.width=1120.0, child_containing_block.width=1120.0
[WIDTH DEBUG] h1: containing_block.width=1120.0, available_width=1120.0, calculated_width=1116.0
[LAYOUT] Child element: h1 (parent: body)
  parent.content: x=20.0, y=20.0
  parent.padding: left=20.0, top=20.0
  child.margin: left=0.0, top=21.4
  y (accumulated): 20.0
  child.content: x=20.0 (was 20.0), y=61.4 (was 61.4)
  [UPDATE Y] child: h1, content_height=50.0, margin.bottom=21.4, total_height=71.4, y after=91.4
[LAYOUT] Child element: text (parent: body)
  parent.content: x=20.0, y=20.0
  parent.padding: left=20.0, top=20.0
  child.margin: left=0.0, top=0.0
  y (accumulated): 91.4
  child.content: x=20.0 (was 20.0), y=111.4 (was 111.4)
  [UPDATE Y] child: text, content_height=0.0, margin.bottom=0.0, total_height=0.0, y after=91.4
[WIDTH DEBUG] h1: containing_block.width=1086.0, available_width=1086.0, calculated_width=1086.0
[LAYOUT] Child element: h1 (parent: div)
  parent.content: x=20.0, y=111.4
  parent.padding: left=15.0, top=15.0
  child.margin: left=0.0, top=16.1
  y (accumulated): 15.0
  child.content: x=15.0 (was 15.0), y=142.5 (was 122.5)
  [UPDATE Y] child: h1, content_height=62.1, margin.bottom=16.1, total_height=78.2, y after=93.2
  [UPDATE Y] child: div, content_height=96.0, margin.bottom=0.0, total_height=96.0, y after=301.2
[LAYOUT] Child element: div (parent: body)
  parent.content: x=20.0, y=20.0
  parent.padding: left=20.0, top=20.0
  child.margin: left=0.0, top=0.0
  y (accumulated): 91.4
  child.content: x=20.0 (was 20.0), y=111.4 (was 111.4)
  [UPDATE Y] child: div, content_height=350.2, margin.bottom=0.0, total_height=350.2, y after=441.6
[LAYOUT] Child element: text (parent: body)
  parent.content: x=20.0, y=20.0
  parent.padding: left=20.0, top=20.0
  child.margin: left=0.0, top=0.0
  y (accumulated): 441.6
  child.content: x=20.0 (was 20.0), y=461.6 (was 461.6)
  [UPDATE Y] child: text, content_height=0.0, margin.bottom=0.0, total_height=0.0, y after=441.6
[LAYOUT] Child element: div (parent: body)
  parent.content: x=20.0, y=20.0
  parent.padding: left=20.0, top=20.0
  child.margin: left=0.0, top=0.0
  y (accumulated): 441.6
  child.content: x=20.0 (was 20.0), y=461.6 (was 461.6)
  [UPDATE Y] child: div, content_height=329.4, margin.bottom=0.0, total_height=329.4, y after=771.0
[LAYOUT] Child element: text (parent: body)
  parent.content: x=20.0, y=20.0
  parent.padding: left=20.0, top=20.0
  child.margin: left=0.0, top=0.0
  y (accumulated): 771.0
  child.content: x=20.0 (was 20.0), y=791.0 (was 791.0)
  [UPDATE Y] child: text, content_height=0.0, margin.bottom=0.0, total_height=0.0, y after=771.0
  [UPDATE Y] child: div, content_height=59.2, margin.bottom=5.0, total_height=64.2, y after=138.2
  [UPDATE Y] child: div, content_height=59.2, margin.bottom=5.0, total_height=64.2, y after=202.4
[LAYOUT] Child element: div (parent: body)
  parent.content: x=20.0, y=20.0
  parent.padding: left=20.0, top=20.0
  child.margin: left=0.0, top=0.0
  y (accumulated): 771.0
  child.content: x=20.0 (was 20.0), y=791.0 (was 791.0)
  [UPDATE Y] child: div, content_height=334.0, margin.bottom=0.0, total_height=334.0, y after=1105.0
[LAYOUT] Child element: text (parent: body)
  parent.content: x=20.0, y=20.0
  parent.padding: left=20.0, top=20.0
  child.margin: left=0.0, top=0.0
  y (accumulated): 1105.0
  child.content: x=20.0 (was 20.0), y=1125.0 (was 1125.0)
  [UPDATE Y] child: text, content_height=0.0, margin.bottom=0.0, total_height=0.0, y after=1105.0
  [UPDATE Y] child: div, content_height=59.2, margin.bottom=0.0, total_height=59.2, y after=267.8
[LAYOUT] Child element: div (parent: body)
  parent.content: x=20.0, y=20.0
  parent.padding: left=20.0, top=20.0
  child.margin: left=0.0, top=0.0
  y (accumulated): 1105.0
  child.content: x=20.0 (was 20.0), y=1125.0 (was 1125.0)
  [UPDATE Y] child: div, content_height=336.8, margin.bottom=0.0, total_height=336.8, y after=1441.8
[LAYOUT] Child element: text (parent: body)
  parent.content: x=20.0, y=20.0
  parent.padding: left=20.0, top=20.0
  child.margin: left=0.0, top=0.0
  y (accumulated): 1441.8
  child.content: x=20.0 (was 20.0), y=1461.8 (was 1461.8)
  [UPDATE Y] child: text, content_height=0.0, margin.bottom=0.0, total_height=0.0, y after=1441.8
  [UPDATE Y] child: div, content_height=99.2, margin.bottom=5.0, total_height=104.2, y after=119.2
  [UPDATE Y] child: div, content_height=99.2, margin.bottom=5.0, total_height=104.2, y after=223.4
  [UPDATE Y] child: div, content_height=99.2, margin.bottom=5.0, total_height=104.2, y after=327.6
  [UPDATE Y] child: div, content_height=99.2, margin.bottom=5.0, total_height=104.2, y after=431.8
  [UPDATE Y] child: div, content_height=99.2, margin.bottom=5.0, total_height=104.2, y after=536.0
  [UPDATE Y] child: div, content_height=585.0, margin.bottom=0.0, total_height=585.0, y after=697.1
  [UPDATE Y] child: div, content_height=99.2, margin.bottom=5.0, total_height=104.2, y after=119.2
  [UPDATE Y] child: div, content_height=99.2, margin.bottom=5.0, total_height=104.2, y after=223.4
  [UPDATE Y] child: div, content_height=99.2, margin.bottom=5.0, total_height=104.2, y after=327.6
  [UPDATE Y] child: div, content_height=334.0, margin.bottom=0.0, total_height=334.0, y after=1031.1
[LAYOUT] Child element: div (parent: body)
  parent.content: x=20.0, y=20.0
  parent.padding: left=20.0, top=20.0
  child.margin: left=0.0, top=0.0
  y (accumulated): 1441.8
  child.content: x=20.0 (was 20.0), y=1461.8 (was 1461.8)
  [UPDATE Y] child: div, content_height=1031.1, margin.bottom=0.0, total_height=1031.1, y after=2472.8
[LAYOUT] Child element: text (parent: body)
  parent.content: x=20.0, y=20.0
  parent.padding: left=20.0, top=20.0
  child.margin: left=0.0, top=0.0
  y (accumulated): 2472.8
  child.content: x=20.0 (was 20.0), y=2492.8 (was 2492.8)
  [UPDATE Y] child: text, content_height=0.0, margin.bottom=0.0, total_height=0.0, y after=2472.8
  [UPDATE Y] child: div, content_height=79.2, margin.bottom=0.0, total_height=79.2, y after=94.2
  [UPDATE Y] child: div, content_height=79.2, margin.bottom=0.0, total_height=79.2, y after=173.4
  [UPDATE Y] child: div, content_height=79.2, margin.bottom=0.0, total_height=79.2, y after=252.6
  [UPDATE Y] child: div, content_height=79.2, margin.bottom=0.0, total_height=79.2, y after=331.8
  [UPDATE Y] child: div, content_height=79.2, margin.bottom=0.0, total_height=79.2, y after=411.0
  [UPDATE Y] child: div, content_height=79.2, margin.bottom=0.0, total_height=79.2, y after=490.2
  [UPDATE Y] child: div, content_height=79.2, margin.bottom=0.0, total_height=79.2, y after=569.4
  [UPDATE Y] child: div, content_height=79.2, margin.bottom=0.0, total_height=79.2, y after=648.6
  [UPDATE Y] child: div, content_height=697.6, margin.bottom=0.0, total_height=697.6, y after=809.7
[LAYOUT] Child element: div (parent: body)
  parent.content: x=20.0, y=20.0
  parent.padding: left=20.0, top=20.0
  child.margin: left=0.0, top=0.0
  y (accumulated): 2472.8
  child.content: x=20.0 (was 20.0), y=2492.8 (was 2492.8)
  [UPDATE Y] child: div, content_height=809.7, margin.bottom=0.0, total_height=809.7, y after=3282.5
[LAYOUT] Child element: text (parent: body)
  parent.content: x=20.0, y=20.0
  parent.padding: left=20.0, top=20.0
  child.margin: left=0.0, top=0.0
  y (accumulated): 3282.5
  child.content: x=20.0 (was 20.0), y=3302.5 (was 3302.5)
  [UPDATE Y] child: text, content_height=0.0, margin.bottom=0.0, total_height=0.0, y after=3282.5
[LAYOUT] Child element: div (parent: body)
  parent.content: x=20.0, y=20.0
  parent.padding: left=20.0, top=20.0
  child.margin: left=0.0, top=0.0
  y (accumulated): 3282.5
  child.content: x=20.0 (was 20.0), y=3302.5 (was 3302.5)
  [UPDATE Y] child: div, content_height=405.5, margin.bottom=0.0, total_height=405.5, y after=3688.0
[LAYOUT] Child element: text (parent: body)
  parent.content: x=20.0, y=20.0
  parent.padding: left=20.0, top=20.0
  child.margin: left=0.0, top=0.0
  y (accumulated): 3688.0
  child.content: x=20.0 (was 20.0), y=3708.0 (was 3708.0)
  [UPDATE Y] child: text, content_height=0.0, margin.bottom=0.0, total_height=0.0, y after=3688.0
[LAYOUT] Child element: div (parent: body)
  parent.content: x=20.0, y=20.0
  parent.padding: left=20.0, top=20.0
  child.margin: left=0.0, top=0.0
  y (accumulated): 3688.0
  child.content: x=20.0 (was 20.0), y=3708.0 (was 3708.0)
  [UPDATE Y] child: div, content_height=610.3, margin.bottom=0.0, total_height=610.3, y after=4298.4
[LAYOUT] Child element: text (parent: body)
  parent.content: x=20.0, y=20.0
  parent.padding: left=20.0, top=20.0
  child.margin: left=0.0, top=0.0
  y (accumulated): 4298.4
  child.content: x=20.0 (was 20.0), y=4318.4 (was 4318.4)
  [UPDATE Y] child: text, content_height=0.0, margin.bottom=0.0, total_height=0.0, y after=4298.4
  [UPDATE Y] child: div, content_height=117.2, margin.bottom=0.0, total_height=117.2, y after=273.9
[LAYOUT] Child element: div (parent: body)
  parent.content: x=20.0, y=20.0
  parent.padding: left=20.0, top=20.0
  child.margin: left=0.0, top=0.0
  y (accumulated): 4298.4
  child.content: x=20.0 (was 20.0), y=4318.4 (was 4318.4)
  [UPDATE Y] child: div, content_height=343.9, margin.bottom=0.0, total_height=343.9, y after=4642.3
[LAYOUT] Child element: text (parent: body)
  parent.content: x=20.0, y=20.0
  parent.padding: left=20.0, top=20.0
  child.margin: left=0.0, top=0.0
  y (accumulated): 4642.3
  child.content: x=20.0 (was 20.0), y=4662.3 (was 4662.3)
  [UPDATE Y] child: text, content_height=0.0, margin.bottom=0.0, total_height=0.0, y after=4642.3
  [UPDATE Y] child: div, content_height=71.2, margin.bottom=2.0, total_height=73.2, y after=132.4
  [UPDATE Y] child: div, content_height=160.4, margin.bottom=3.0, total_height=163.4, y after=224.6
  [UPDATE Y] child: div, content_height=258.6, margin.bottom=5.0, total_height=263.6, y after=364.1
[LAYOUT] Child element: div (parent: body)
  parent.content: x=20.0, y=20.0
  parent.padding: left=20.0, top=20.0
  child.margin: left=0.0, top=0.0
  y (accumulated): 4642.3
  child.content: x=20.0 (was 20.0), y=4662.3 (was 4662.3)
  [UPDATE Y] child: div, content_height=413.1, margin.bottom=0.0, total_height=413.1, y after=5055.4
[LAYOUT] Child element: text (parent: body)
  parent.content: x=20.0, y=20.0
  parent.padding: left=20.0, top=20.0
  child.margin: left=0.0, top=0.0
  y (accumulated): 5055.4
  child.content: x=20.0 (was 20.0), y=5075.4 (was 5075.4)
  [UPDATE Y] child: text, content_height=0.0, margin.bottom=0.0, total_height=0.0, y after=5055.4
[LAYOUT] Child element: div (parent: body)
  parent.content: x=20.0, y=20.0
  parent.padding: left=20.0, top=20.0
  child.margin: left=0.0, top=0.0
  y (accumulated): 5055.4
  child.content: x=20.0 (was 20.0), y=5075.4 (was 5075.4)
  [UPDATE Y] child: div, content_height=405.5, margin.bottom=0.0, total_height=405.5, y after=5460.9
[LAYOUT] Child element: text (parent: body)
  parent.content: x=20.0, y=20.0
  parent.padding: left=20.0, top=20.0
  child.margin: left=0.0, top=0.0
  y (accumulated): 5460.9
  child.content: x=20.0 (was 20.0), y=5480.9 (was 5480.9)
  [UPDATE Y] child: text, content_height=0.0, margin.bottom=0.0, total_height=0.0, y after=5460.9
  [UPDATE Y] child: div, content_height=222.4, margin.bottom=0.0, total_height=222.4, y after=222.4
  [UPDATE Y] child: div, content_height=91.2, margin.bottom=0.0, total_height=91.2, y after=245.4
  [UPDATE Y] child: div, content_height=294.4, margin.bottom=0.0, total_height=294.4, y after=516.8
  [UPDATE Y] child: div, content_height=516.8, margin.bottom=0.0, total_height=516.8, y after=622.3
  [UPDATE Y] child: div, content_height=115.2, margin.bottom=0.0, total_height=115.2, y after=737.5
[LAYOUT] Child element: div (parent: body)
  parent.content: x=20.0, y=20.0
  parent.padding: left=20.0, top=20.0
  child.margin: left=0.0, top=0.0
  y (accumulated): 5460.9
  child.content: x=20.0 (was 20.0), y=5480.9 (was 5480.9)
  [UPDATE Y] child: div, content_height=803.5, margin.bottom=0.0, total_height=803.5, y after=6264.4
[LAYOUT] Child element: text (parent: body)
  parent.content: x=20.0, y=20.0
  parent.padding: left=20.0, top=20.0
  child.margin: left=0.0, top=0.0
  y (accumulated): 6264.4
  child.content: x=20.0 (was 20.0), y=6284.4 (was 6284.4)
  [UPDATE Y] child: text, content_height=0.0, margin.bottom=0.0, total_height=0.0, y after=6264.4
[LAYOUT] Child element: div (parent: body)
  parent.content: x=20.0, y=20.0
  parent.padding: left=20.0, top=20.0
  child.margin: left=0.0, top=30.0
  y (accumulated): 6264.4
  child.content: x=20.0 (was 20.0), y=6314.4 (was 6314.4)
  [UPDATE Y] child: div, content_height=182.4, margin.bottom=0.0, total_height=182.4, y after=6446.8
[WIDTH DEBUG] h1: containing_block.width=1120.0, available_width=1120.0, calculated_width=1116.0
[WIDTH DEBUG] h1: containing_block.width=1086.0, available_width=1086.0, calculated_width=1086.0
[LAYOUT] Child element: h1 (parent: div)
  parent.content: x=20.0, y=111.4
  parent.padding: left=15.0, top=15.0
  child.margin: left=0.0, top=16.1
  y (accumulated): 15.0
  child.content: x=15.0 (was 15.0), y=142.5 (was 142.5)
  [UPDATE Y] child: h1, content_height=62.1, margin.bottom=16.1, total_height=78.2, y after=93.2
  [UPDATE Y] child: div, content_height=96.0, margin.bottom=0.0, total_height=96.0, y after=301.2
[WIDTH DEBUG] h1: containing_block.width=1086.0, available_width=1086.0, calculated_width=1086.0
  [UPDATE Y] child: div, content_height=59.2, margin.bottom=5.0, total_height=64.2, y after=138.2
  [UPDATE Y] child: div, content_height=59.2, margin.bottom=5.0, total_height=64.2, y after=202.4
  [UPDATE Y] child: div, content_height=59.2, margin.bottom=0.0, total_height=59.2, y after=267.8
  [UPDATE Y] child: div, content_height=99.2, margin.bottom=5.0, total_height=104.2, y after=119.2
  [UPDATE Y] child: div, content_height=99.2, margin.bottom=5.0, total_height=104.2, y after=223.4
  [UPDATE Y] child: div, content_height=99.2, margin.bottom=5.0, total_height=104.2, y after=327.6
  [UPDATE Y] child: div, content_height=99.2, margin.bottom=5.0, total_height=104.2, y after=431.8
  [UPDATE Y] child: div, content_height=99.2, margin.bottom=5.0, total_height=104.2, y after=536.0
  [UPDATE Y] child: div, content_height=585.0, margin.bottom=0.0, total_height=585.0, y after=697.1
  [UPDATE Y] child: div, content_height=99.2, margin.bottom=5.0, total_height=104.2, y after=119.2
  [UPDATE Y] child: div, content_height=99.2, margin.bottom=5.0, total_height=104.2, y after=223.4
  [UPDATE Y] child: div, content_height=99.2, margin.bottom=5.0, total_height=104.2, y after=327.6
  [UPDATE Y] child: div, content_height=334.0, margin.bottom=0.0, total_height=334.0, y after=1031.1
  [UPDATE Y] child: div, content_height=79.2, margin.bottom=0.0, total_height=79.2, y after=94.2
  [UPDATE Y] child: div, content_height=79.2, margin.bottom=0.0, total_height=79.2, y after=173.4
  [UPDATE Y] child: div, content_height=79.2, margin.bottom=0.0, total_height=79.2, y after=252.6
  [UPDATE Y] child: div, content_height=79.2, margin.bottom=0.0, total_height=79.2, y after=331.8
  [UPDATE Y] child: div, content_height=79.2, margin.bottom=0.0, total_height=79.2, y after=411.0
  [UPDATE Y] child: div, content_height=79.2, margin.bottom=0.0, total_height=79.2, y after=490.2
  [UPDATE Y] child: div, content_height=79.2, margin.bottom=0.0, total_height=79.2, y after=569.4
  [UPDATE Y] child: div, content_height=79.2, margin.bottom=0.0, total_height=79.2, y after=648.6
  [UPDATE Y] child: div, content_height=697.6, margin.bottom=0.0, total_height=697.6, y after=809.7
  [UPDATE Y] child: div, content_height=117.2, margin.bottom=0.0, total_height=117.2, y after=273.9
  [UPDATE Y] child: div, content_height=71.2, margin.bottom=2.0, total_height=73.2, y after=132.4
  [UPDATE Y] child: div, content_height=160.4, margin.bottom=3.0, total_height=163.4, y after=224.6
  [UPDATE Y] child: div, content_height=258.6, margin.bottom=5.0, total_height=263.6, y after=364.1
  [UPDATE Y] child: div, content_height=71.2, margin.bottom=2.0, total_height=73.2, y after=132.4
  [UPDATE Y] child: div, content_height=160.4, margin.bottom=3.0, total_height=163.4, y after=224.6
  [UPDATE Y] child: div, content_height=71.2, margin.bottom=2.0, total_height=73.2, y after=132.4
  [UPDATE Y] child: div, content_height=222.4, margin.bottom=0.0, total_height=222.4, y after=222.4
  [UPDATE Y] child: div, content_height=91.2, margin.bottom=0.0, total_height=91.2, y after=245.4
  [UPDATE Y] child: div, content_height=294.4, margin.bottom=0.0, total_height=294.4, y after=516.8
  [UPDATE Y] child: div, content_height=516.8, margin.bottom=0.0, total_height=516.8, y after=622.3
  [UPDATE Y] child: div, content_height=115.2, margin.bottom=0.0, total_height=115.2, y after=737.5
[STYLE] h1 font-size parsed: 32.0px
[STYLE] p font-size parsed: 32.0px
[LAYOUT] Element: html, is_root: true
  margin: top=0.0, right=0.0, bottom=0.0, left=0.0
  padding: top=0.0, right=0.0, bottom=0.0, left=0.0
  content: x=0.0, y=0.0, width=1200.0, height=0.0
  containing_block: width=1200.0, height=800.0
[LAYOUT] Root element (html) position set to (0, 0)
[LAYOUT] Element: body, is_root: false
  margin: top=0.0, right=0.0, bottom=0.0, left=0.0
  padding: top=20.0, right=20.0, bottom=20.0, left=20.0
  content: x=0.0, y=0.0, width=1160.0, height=0.0
  containing_block: width=1200.0, height=800.0
[LAYOUT] Body element position set: x=0.0, y=0.0 (margin: left=0.0, top=0.0)
[LAYOUT] Element: html, is_root: false
  margin: top=0.0, right=0.0, bottom=0.0, left=0.0
  padding: top=0.0, right=0.0, bottom=0.0, left=0.0
  content: x=0.0, y=0.0, width=1160.0, height=0.0
  containing_block: width=1160.0, height=800.0
[LAYOUT] Element: body, is_root: false
  margin: top=0.0, right=0.0, bottom=0.0, left=0.0
  padding: top=20.0, right=20.0, bottom=20.0, left=20.0
  content: x=0.0, y=0.0, width=1120.0, height=0.0
  containing_block: width=1160.0, height=800.0
[LAYOUT] Body element position set: x=0.0, y=0.0 (margin: left=0.0, top=0.0)
[CONTAINING BLOCK] body.content.width=1120.0, child_containing_block.width=1120.0
[WIDTH DEBUG] h1: containing_block.width=1120.0, available_width=1120.0, calculated_width=1120.0
  [TEXT HEIGHT] text: "ZBrowser功能测试...", font_size=32.0, line_height=46.0, height=46.0
[LAYOUT] Child element: h1 (parent: body)
  parent.content: x=0.0, y=0.0
  parent.padding: left=20.0, top=20.0
  child.margin: left=0.0, top=21.4
  y (accumulated): 20.0
  child.content: x=20.0 (was 0.0), y=41.4 (was 0.0)
  [UPDATE Y] child: h1, content_height=50.0, margin.bottom=21.4, total_height=71.4, y after=91.4
[LAYOUT] Child element: text (parent: body)
  parent.content: x=0.0, y=0.0
  parent.padding: left=20.0, top=20.0
  child.margin: left=0.0, top=0.0
  y (accumulated): 91.4
  child.content: x=20.0 (was 0.0), y=91.4 (was 0.0)
  [UPDATE Y] child: text, content_height=0.0, margin.bottom=0.0, total_height=0.0, y after=91.4
[WIDTH DEBUG] h1: containing_block.width=1086.0, available_width=1086.0, calculated_width=1086.0
  [TEXT HEIGHT] text: "块级布局测试...", font_size=32.0, line_height=46.0, height=46.0
[LAYOUT] Child element: h1 (parent: div)
  parent.content: x=0.0, y=0.0
  parent.padding: left=15.0, top=15.0
  child.margin: left=0.0, top=16.1
  y (accumulated): 15.0
  child.content: x=15.0 (was 0.0), y=31.1 (was 0.0)
  [UPDATE Y] child: h1, content_height=62.1, margin.bottom=16.1, total_height=78.2, y after=93.2
  [TEXT HEIGHT] text: "这是一个块级�...", font_size=16.0, line_height=24.0, height=24.0
  [TEXT HEIGHT] text: "这是另一个段�...", font_size=16.0, line_height=24.0, height=24.0
  [TEXT HEIGHT] text: "嵌套的div块级�...", font_size=16.0, line_height=24.0, height=24.0
  [UPDATE Y] child: div, content_height=96.0, margin.bottom=0.0, total_height=96.0, y after=301.2
[LAYOUT] Child element: div (parent: body)
  parent.content: x=0.0, y=0.0
  parent.padding: left=20.0, top=20.0
  child.margin: left=0.0, top=0.0
  y (accumulated): 91.4
  child.content: x=20.0 (was 0.0), y=91.4 (was 0.0)
  [UPDATE Y] child: div, content_height=350.2, margin.bottom=0.0, total_height=350.2, y after=441.6
[LAYOUT] Child element: text (parent: body)
  parent.content: x=0.0, y=0.0
  parent.padding: left=20.0, top=20.0
  child.margin: left=0.0, top=0.0
  y (accumulated): 441.6
  child.content: x=20.0 (was 0.0), y=441.6 (was 0.0)
  [UPDATE Y] child: text, content_height=0.0, margin.bottom=0.0, total_height=0.0, y after=441.6
  [TEXT HEIGHT] text: "
      这是行内�...", font_size=16.0, line_height=19.2, height=19.2
  [TEXT HEIGHT] text: "行内元素不会�...", font_size=16.0, line_height=19.2, height=19.2
[LAYOUT] Child element: div (parent: body)
  parent.content: x=0.0, y=0.0
  parent.padding: left=20.0, top=20.0
  child.margin: left=0.0, top=0.0
  y (accumulated): 441.6
  child.content: x=20.0 (was 0.0), y=441.6 (was 0.0)
  [UPDATE Y] child: div, content_height=329.4, margin.bottom=0.0, total_height=329.4, y after=771.0
[LAYOUT] Child element: text (parent: body)
  parent.content: x=0.0, y=0.0
  parent.padding: left=20.0, top=20.0
  child.margin: left=0.0, top=0.0
  y (accumulated): 771.0
  child.content: x=20.0 (was 0.0), y=771.0 (was 0.0)
  [UPDATE Y] child: text, content_height=0.0, margin.bottom=0.0, total_height=0.0, y after=771.0
  [UPDATE Y] child: div, content_height=59.2, margin.bottom=5.0, total_height=64.2, y after=138.2
  [UPDATE Y] child: div, content_height=59.2, margin.bottom=5.0, total_height=64.2, y after=202.4
[LAYOUT] Child element: div (parent: body)
  parent.content: x=0.0, y=0.0
  parent.padding: left=20.0, top=20.0
  child.margin: left=0.0, top=0.0
  y (accumulated): 771.0
  child.content: x=20.0 (was 0.0), y=771.0 (was 0.0)
  [UPDATE Y] child: div, content_height=334.0, margin.bottom=0.0, total_height=334.0, y after=1105.0
[LAYOUT] Child element: text (parent: body)
  parent.content: x=0.0, y=0.0
  parent.padding: left=20.0, top=20.0
  child.margin: left=0.0, top=0.0
  y (accumulated): 1105.0
  child.content: x=20.0 (was 0.0), y=1105.0 (was 0.0)
  [UPDATE Y] child: text, content_height=0.0, margin.bottom=0.0, total_height=0.0, y after=1105.0
  [TEXT HEIGHT] text: "左浮动元素...", font_size=16.0, line_height=19.2, height=19.2
  [TEXT HEIGHT] text: "这个元素会浮�...", font_size=16.0, line_height=19.2, height=19.2
  [TEXT HEIGHT] text: "右浮动元素...", font_size=16.0, line_height=19.2, height=19.2
  [TEXT HEIGHT] text: "这个元素会浮�...", font_size=16.0, line_height=19.2, height=19.2
  [TEXT HEIGHT] text: "这是正常流中�...", font_size=16.0, line_height=19.2, height=19.2
  [UPDATE Y] child: div, content_height=59.2, margin.bottom=0.0, total_height=59.2, y after=287.8
[LAYOUT] Child element: div (parent: body)
  parent.content: x=0.0, y=0.0
  parent.padding: left=20.0, top=20.0
  child.margin: left=0.0, top=0.0
  y (accumulated): 1105.0
  child.content: x=20.0 (was 0.0), y=1105.0 (was 0.0)
  [UPDATE Y] child: div, content_height=336.8, margin.bottom=0.0, total_height=336.8, y after=1441.8
[LAYOUT] Child element: text (parent: body)
  parent.content: x=0.0, y=0.0
  parent.padding: left=20.0, top=20.0
  child.margin: left=0.0, top=0.0
  y (accumulated): 1441.8
  child.content: x=20.0 (was 0.0), y=1441.8 (was 0.0)
  [UPDATE Y] child: text, content_height=0.0, margin.bottom=0.0, total_height=0.0, y after=1441.8
  [UPDATE Y] child: div, content_height=99.2, margin.bottom=5.0, total_height=104.2, y after=119.2
  [UPDATE Y] child: div, content_height=99.2, margin.bottom=5.0, total_height=104.2, y after=223.4
  [UPDATE Y] child: div, content_height=99.2, margin.bottom=5.0, total_height=104.2, y after=327.6
  [UPDATE Y] child: div, content_height=99.2, margin.bottom=5.0, total_height=104.2, y after=431.8
  [UPDATE Y] child: div, content_height=99.2, margin.bottom=5.0, total_height=104.2, y after=536.0
  [UPDATE Y] child: div, content_height=585.0, margin.bottom=0.0, total_height=585.0, y after=697.1
  [UPDATE Y] child: div, content_height=99.2, margin.bottom=5.0, total_height=104.2, y after=119.2
  [UPDATE Y] child: div, content_height=99.2, margin.bottom=5.0, total_height=104.2, y after=223.4
  [UPDATE Y] child: div, content_height=99.2, margin.bottom=5.0, total_height=104.2, y after=327.6
  [UPDATE Y] child: div, content_height=334.0, margin.bottom=0.0, total_height=334.0, y after=1031.1
[LAYOUT] Child element: div (parent: body)
  parent.content: x=0.0, y=0.0
  parent.padding: left=20.0, top=20.0
  child.margin: left=0.0, top=0.0
  y (accumulated): 1441.8
  child.content: x=20.0 (was 0.0), y=1441.8 (was 0.0)
  [UPDATE Y] child: div, content_height=1031.1, margin.bottom=0.0, total_height=1031.1, y after=2472.8
[LAYOUT] Child element: text (parent: body)
  parent.content: x=0.0, y=0.0
  parent.padding: left=20.0, top=20.0
  child.margin: left=0.0, top=0.0
  y (accumulated): 2472.8
  child.content: x=20.0 (was 0.0), y=2472.8 (was 0.0)
  [UPDATE Y] child: text, content_height=0.0, margin.bottom=0.0, total_height=0.0, y after=2472.8
  [UPDATE Y] child: div, content_height=79.2, margin.bottom=0.0, total_height=79.2, y after=94.2
  [UPDATE Y] child: div, content_height=79.2, margin.bottom=0.0, total_height=79.2, y after=173.4
  [UPDATE Y] child: div, content_height=79.2, margin.bottom=0.0, total_height=79.2, y after=252.6
  [UPDATE Y] child: div, content_height=79.2, margin.bottom=0.0, total_height=79.2, y after=331.8
  [UPDATE Y] child: div, content_height=79.2, margin.bottom=0.0, total_height=79.2, y after=411.0
  [UPDATE Y] child: div, content_height=79.2, margin.bottom=0.0, total_height=79.2, y after=490.2
  [UPDATE Y] child: div, content_height=79.2, margin.bottom=0.0, total_height=79.2, y after=569.4
  [UPDATE Y] child: div, content_height=79.2, margin.bottom=0.0, total_height=79.2, y after=648.6
  [UPDATE Y] child: div, content_height=697.6, margin.bottom=0.0, total_height=697.6, y after=809.7
[LAYOUT] Child element: div (parent: body)
  parent.content: x=0.0, y=0.0
  parent.padding: left=20.0, top=20.0
  child.margin: left=0.0, top=0.0
  y (accumulated): 2472.8
  child.content: x=20.0 (was 0.0), y=2472.8 (was 0.0)
  [UPDATE Y] child: div, content_height=809.7, margin.bottom=0.0, total_height=809.7, y after=3282.5
[LAYOUT] Child element: text (parent: body)
  parent.content: x=0.0, y=0.0
  parent.padding: left=20.0, top=20.0
  child.margin: left=0.0, top=0.0
  y (accumulated): 3282.5
  child.content: x=20.0 (was 0.0), y=3282.5 (was 0.0)
  [UPDATE Y] child: text, content_height=0.0, margin.bottom=0.0, total_height=0.0, y after=3282.5
  [TEXT HEIGHT] text: "大号文本（32px�...", font_size=16.0, line_height=19.2, height=19.2
  [TEXT HEIGHT] text: "中等文本（20px�...", font_size=16.0, line_height=19.2, height=19.2
  [TEXT HEIGHT] text: "小号文本（12px�...", font_size=16.0, line_height=19.2, height=19.2
  [TEXT HEIGHT] text: "下划线文本...", font_size=16.0, line_height=19.2, height=19.2
  [TEXT HEIGHT] text: "删除线文本...", font_size=16.0, line_height=19.2, height=19.2
[LAYOUT] Child element: div (parent: body)
  parent.content: x=0.0, y=0.0
  parent.padding: left=20.0, top=20.0
  child.margin: left=0.0, top=0.0
  y (accumulated): 3282.5
  child.content: x=20.0 (was 0.0), y=3282.5 (was 0.0)
  [UPDATE Y] child: div, content_height=405.5, margin.bottom=0.0, total_height=405.5, y after=3688.0
[LAYOUT] Child element: text (parent: body)
  parent.content: x=0.0, y=0.0
  parent.padding: left=20.0, top=20.0
  child.margin: left=0.0, top=0.0
  y (accumulated): 3688.0
  child.content: x=20.0 (was 0.0), y=3688.0 (was 0.0)
  [UPDATE Y] child: text, content_height=0.0, margin.bottom=0.0, total_height=0.0, y after=3688.0
  [TEXT HEIGHT] text: "这是一个测试�...", font_size=16.0, line_height=25.6, height=25.6
  [TEXT HEIGHT] text: "這是一個測試�...", font_size=16.0, line_height=25.6, height=25.6
  [TEXT HEIGHT] text: "これはテスト�...", font_size=16.0, line_height=25.6, height=25.6
  [TEXT HEIGHT] text: "이것은 테스트 ...", font_size=16.0, line_height=25.6, height=25.6
  [TEXT HEIGHT] text: "This is a test page ...", font_size=16.0, line_height=25.6, height=25.6
  [TEXT HEIGHT] text: "混合文本 Mixed T...", font_size=16.0, line_height=25.6, height=25.6
[LAYOUT] Child element: div (parent: body)
  parent.content: x=0.0, y=0.0
  parent.padding: left=20.0, top=20.0
  child.margin: left=0.0, top=0.0
  y (accumulated): 3688.0
  child.content: x=20.0 (was 0.0), y=3688.0 (was 0.0)
  [UPDATE Y] child: div, content_height=610.3, margin.bottom=0.0, total_height=610.3, y after=4298.4
[LAYOUT] Child element: text (parent: body)
  parent.content: x=0.0, y=0.0
  parent.padding: left=20.0, top=20.0
  child.margin: left=0.0, top=0.0
  y (accumulated): 4298.4
  child.content: x=20.0 (was 0.0), y=4298.4 (was 0.0)
  [UPDATE Y] child: text, content_height=0.0, margin.bottom=0.0, total_height=0.0, y after=4298.4
  [TEXT HEIGHT] text: "这个区域有实�...", font_size=16.0, line_height=19.2, height=19.2
  [TEXT HEIGHT] text: "这个区域有虚�...", font_size=16.0, line_height=19.2, height=19.2
  [UPDATE Y] child: div, content_height=117.2, margin.bottom=0.0, total_height=117.2, y after=273.9
[LAYOUT] Child element: div (parent: body)
  parent.content: x=0.0, y=0.0
  parent.padding: left=20.0, top=20.0
  child.margin: left=0.0, top=0.0
  y (accumulated): 4298.4
  child.content: x=20.0 (was 0.0), y=4298.4 (was 0.0)
  [UPDATE Y] child: div, content_height=343.9, margin.bottom=0.0, total_height=343.9, y after=4642.3
[LAYOUT] Child element: text (parent: body)
  parent.content: x=0.0, y=0.0
  parent.padding: left=20.0, top=20.0
  child.margin: left=0.0, top=0.0
  y (accumulated): 4642.3
  child.content: x=20.0 (was 0.0), y=4642.3 (was 0.0)
  [UPDATE Y] child: text, content_height=0.0, margin.bottom=0.0, total_height=0.0, y after=4642.3
  [TEXT HEIGHT] text: "第一层嵌套...", font_size=16.0, line_height=19.2, height=19.2
  [TEXT HEIGHT] text: "第二层嵌套...", font_size=16.0, line_height=19.2, height=19.2
  [TEXT HEIGHT] text: "第三层嵌套...", font_size=16.0, line_height=19.2, height=19.2
  [UPDATE Y] child: div, content_height=71.2, margin.bottom=2.0, total_height=73.2, y after=132.4
  [UPDATE Y] child: div, content_height=160.4, margin.bottom=3.0, total_height=163.4, y after=224.6
  [UPDATE Y] child: div, content_height=258.6, margin.bottom=5.0, total_height=263.6, y after=364.1
[LAYOUT] Child element: div (parent: body)
  parent.content: x=0.0, y=0.0
  parent.padding: left=20.0, top=20.0
  child.margin: left=0.0, top=0.0
  y (accumulated): 4642.3
  child.content: x=20.0 (was 0.0), y=4642.3 (was 0.0)
  [UPDATE Y] child: div, content_height=413.1, margin.bottom=0.0, total_height=413.1, y after=5055.4
[LAYOUT] Child element: text (parent: body)
  parent.content: x=0.0, y=0.0
  parent.padding: left=20.0, top=20.0
  child.margin: left=0.0, top=0.0
  y (accumulated): 5055.4
  child.content: x=20.0 (was 0.0), y=5055.4 (was 0.0)
  [UPDATE Y] child: text, content_height=0.0, margin.bottom=0.0, total_height=0.0, y after=5055.4
  [TEXT HEIGHT] text: "HTML实体：<div> &...", font_size=16.0, line_height=19.2, height=19.2
  [TEXT HEIGHT] text: "Unicode字符：© �...", font_size=16.0, line_height=19.2, height=19.2
  [TEXT HEIGHT] text: "数学符号：∑ �...", font_size=16.0, line_height=19.2, height=19.2
  [TEXT HEIGHT] text: "箭头符号：← �...", font_size=16.0, line_height=19.2, height=19.2
  [TEXT HEIGHT] text: "Emoji：😀 😃 �...", font_size=16.0, line_height=19.2, height=19.2
[LAYOUT] Child element: div (parent: body)
  parent.content: x=0.0, y=0.0
  parent.padding: left=20.0, top=20.0
  child.margin: left=0.0, top=0.0
  y (accumulated): 5055.4
  child.content: x=20.0 (was 0.0), y=5055.4 (was 0.0)
  [UPDATE Y] child: div, content_height=405.5, margin.bottom=0.0, total_height=405.5, y after=5460.9
[LAYOUT] Child element: text (parent: body)
  parent.content: x=0.0, y=0.0
  parent.padding: left=20.0, top=20.0
  child.margin: left=0.0, top=0.0
  y (accumulated): 5460.9
  child.content: x=20.0 (was 0.0), y=5460.9 (was 0.0)
  [UPDATE Y] child: text, content_height=0.0, margin.bottom=0.0, total_height=0.0, y after=5460.9
  [TEXT HEIGHT] text: "包含块级和行�...", font_size=16.0, line_height=19.2, height=19.2
  [UPDATE Y] child: div, content_height=222.4, margin.bottom=0.0, total_height=222.4, y after=222.4
  [TEXT HEIGHT] text: "另一个Flex子项�...", font_size=16.0, line_height=19.2, height=19.2
  [TEXT HEIGHT] text: "嵌套的div...", font_size=16.0, line_height=19.2, height=19.2
  [UPDATE Y] child: div, content_height=91.2, margin.bottom=0.0, total_height=91.2, y after=245.4
  [UPDATE Y] child: div, content_height=294.4, margin.bottom=0.0, total_height=294.4, y after=516.8
  [UPDATE Y] child: div, content_height=516.8, margin.bottom=0.0, total_height=516.8, y after=622.3
  [TEXT HEIGHT] text: "相对定位容器...", font_size=16.0, line_height=19.2, height=19.2
  [UPDATE Y] child: div, content_height=115.2, margin.bottom=0.0, total_height=115.2, y after=737.5
[LAYOUT] Child element: div (parent: body)
  parent.content: x=0.0, y=0.0
  parent.padding: left=20.0, top=20.0
  child.margin: left=0.0, top=0.0
  y (accumulated): 5460.9
  child.content: x=20.0 (was 0.0), y=5460.9 (was 0.0)
  [UPDATE Y] child: div, content_height=803.5, margin.bottom=0.0, total_height=803.5, y after=6264.4
[LAYOUT] Child element: text (parent: body)
  parent.content: x=0.0, y=0.0
  parent.padding: left=20.0, top=20.0
  child.margin: left=0.0, top=0.0
  y (accumulated): 6264.4
  child.content: x=20.0 (was 0.0), y=6264.4 (was 0.0)
  [UPDATE Y] child: text, content_height=0.0, margin.bottom=0.0, total_height=0.0, y after=6264.4
  [TEXT HEIGHT] text: "ZBrowser功能测试...", font_size=16.0, line_height=19.2, height=19.2
  [TEXT HEIGHT] text: "包含：块级布�...", font_size=16.0, line_height=19.2, height=19.2
[LAYOUT] Child element: div (parent: body)
  parent.content: x=0.0, y=0.0
  parent.padding: left=20.0, top=20.0
  child.margin: left=0.0, top=30.0
  y (accumulated): 6264.4
  child.content: x=20.0 (was 0.0), y=6294.4 (was 0.0)
  [UPDATE Y] child: div, content_height=182.4, margin.bottom=0.0, total_height=182.4, y after=6446.8
[LAYOUT] Child element: body (parent: html)
  parent.content: x=0.0, y=0.0
  parent.padding: left=0.0, top=0.0
  child.margin: left=0.0, top=0.0
  y (accumulated): 0.0
  child.content: x=0.0 (was 0.0), y=0.0 (was 0.0)
  [UPDATE Y] child: body, content_height=6506.8, margin.bottom=0.0, total_height=6506.8, y after=6506.8
[LAYOUT] Child element: !DOCTYPE (parent: body)
  parent.content: x=0.0, y=0.0
  parent.padding: left=20.0, top=20.0
  child.margin: left=0.0, top=0.0
  y (accumulated): 20.0
  child.content: x=20.0 (was 0.0), y=20.0 (was 0.0)
  [UPDATE Y] child: !DOCTYPE, content_height=6506.8, margin.bottom=0.0, total_height=6506.8, y after=6526.8
[LAYOUT] Child element: body (parent: html)
  parent.content: x=0.0, y=0.0
  parent.padding: left=0.0, top=0.0
  child.margin: left=0.0, top=0.0
  y (accumulated): 0.0
  child.content: x=0.0 (was 0.0), y=0.0 (was 0.0)
  [UPDATE Y] child: body, content_height=6586.8, margin.bottom=0.0, total_height=6586.8, y after=6586.8
[LAYOUT] Element: body, is_root: false
  margin: top=0.0, right=0.0, bottom=0.0, left=0.0
  padding: top=20.0, right=20.0, bottom=20.0, left=20.0
  content: x=0.0, y=0.0, width=1160.0, height=6546.8
  containing_block: width=1200.0, height=6586.8
[LAYOUT] Body element position set: x=0.0, y=0.0 (margin: left=0.0, top=0.0)
[LAYOUT] Element: html, is_root: false
  margin: top=0.0, right=0.0, bottom=0.0, left=0.0
  padding: top=0.0, right=0.0, bottom=0.0, left=0.0
  content: x=0.0, y=0.0, width=1160.0, height=6506.8
  containing_block: width=1160.0, height=6586.8
[LAYOUT] Element: body, is_root: false
  margin: top=0.0, right=0.0, bottom=0.0, left=0.0
  padding: top=20.0, right=20.0, bottom=20.0, left=20.0
  content: x=0.0, y=0.0, width=1120.0, height=6466.8
  containing_block: width=1160.0, height=6586.8
[LAYOUT] Body element position set: x=0.0, y=0.0 (margin: left=0.0, top=0.0)
[CONTAINING BLOCK] body.content.width=1120.0, child_containing_block.width=1120.0
[WIDTH DEBUG] h1: containing_block.width=1120.0, available_width=1120.0, calculated_width=1116.0
[LAYOUT] Child element: h1 (parent: body)
  parent.content: x=0.0, y=0.0
  parent.padding: left=20.0, top=20.0
  child.margin: left=0.0, top=21.4
  y (accumulated): 20.0
  child.content: x=20.0 (was 20.0), y=41.4 (was 41.4)
  [UPDATE Y] child: h1, content_height=50.0, margin.bottom=21.4, total_height=71.4, y after=91.4
[LAYOUT] Child element: text (parent: body)
  parent.content: x=0.0, y=0.0
  parent.padding: left=20.0, top=20.0
  child.margin: left=0.0, top=0.0
  y (accumulated): 91.4
  child.content: x=20.0 (was 20.0), y=91.4 (was 91.4)
  [UPDATE Y] child: text, content_height=0.0, margin.bottom=0.0, total_height=0.0, y after=91.4
[WIDTH DEBUG] h1: containing_block.width=1086.0, available_width=1086.0, calculated_width=1086.0
[LAYOUT] Child element: h1 (parent: div)
  parent.content: x=20.0, y=91.4
  parent.padding: left=15.0, top=15.0
  child.margin: left=0.0, top=16.1
  y (accumulated): 15.0
  child.content: x=15.0 (was 15.0), y=122.5 (was 31.1)
  [UPDATE Y] child: h1, content_height=62.1, margin.bottom=16.1, total_height=78.2, y after=93.2
  [UPDATE Y] child: div, content_height=96.0, margin.bottom=0.0, total_height=96.0, y after=301.2
[LAYOUT] Child element: div (parent: body)
  parent.content: x=0.0, y=0.0
  parent.padding: left=20.0, top=20.0
  child.margin: left=0.0, top=0.0
  y (accumulated): 91.4
  child.content: x=20.0 (was 20.0), y=91.4 (was 91.4)
  [UPDATE Y] child: div, content_height=350.2, margin.bottom=0.0, total_height=350.2, y after=441.6
[LAYOUT] Child element: text (parent: body)
  parent.content: x=0.0, y=0.0
  parent.padding: left=20.0, top=20.0
  child.margin: left=0.0, top=0.0
  y (accumulated): 441.6
  child.content: x=20.0 (was 20.0), y=441.6 (was 441.6)
  [UPDATE Y] child: text, content_height=0.0, margin.bottom=0.0, total_height=0.0, y after=441.6
[LAYOUT] Child element: div (parent: body)
  parent.content: x=0.0, y=0.0
  parent.padding: left=20.0, top=20.0
  child.margin: left=0.0, top=0.0
  y (accumulated): 441.6
  child.content: x=20.0 (was 20.0), y=441.6 (was 441.6)
  [UPDATE Y] child: div, content_height=329.4, margin.bottom=0.0, total_height=329.4, y after=771.0
[LAYOUT] Child element: text (parent: body)
  parent.content: x=0.0, y=0.0
  parent.padding: left=20.0, top=20.0
  child.margin: left=0.0, top=0.0
  y (accumulated): 771.0
  child.content: x=20.0 (was 20.0), y=771.0 (was 771.0)
  [UPDATE Y] child: text, content_height=0.0, margin.bottom=0.0, total_height=0.0, y after=771.0
  [UPDATE Y] child: div, content_height=59.2, margin.bottom=5.0, total_height=64.2, y after=138.2
  [UPDATE Y] child: div, content_height=59.2, margin.bottom=5.0, total_height=64.2, y after=202.4
[LAYOUT] Child element: div (parent: body)
  parent.content: x=0.0, y=0.0
  parent.padding: left=20.0, top=20.0
  child.margin: left=0.0, top=0.0
  y (accumulated): 771.0
  child.content: x=20.0 (was 20.0), y=771.0 (was 771.0)
  [UPDATE Y] child: div, content_height=334.0, margin.bottom=0.0, total_height=334.0, y after=1105.0
[LAYOUT] Child element: text (parent: body)
  parent.content: x=0.0, y=0.0
  parent.padding: left=20.0, top=20.0
  child.margin: left=0.0, top=0.0
  y (accumulated): 1105.0
  child.content: x=20.0 (was 20.0), y=1105.0 (was 1105.0)
  [UPDATE Y] child: text, content_height=0.0, margin.bottom=0.0, total_height=0.0, y after=1105.0
  [UPDATE Y] child: div, content_height=59.2, margin.bottom=0.0, total_height=59.2, y after=287.8
[LAYOUT] Child element: div (parent: body)
  parent.content: x=0.0, y=0.0
  parent.padding: left=20.0, top=20.0
  child.margin: left=0.0, top=0.0
  y (accumulated): 1105.0
  child.content: x=20.0 (was 20.0), y=1105.0 (was 1105.0)
  [UPDATE Y] child: div, content_height=336.8, margin.bottom=0.0, total_height=336.8, y after=1441.8
[LAYOUT] Child element: text (parent: body)
  parent.content: x=0.0, y=0.0
  parent.padding: left=20.0, top=20.0
  child.margin: left=0.0, top=0.0
  y (accumulated): 1441.8
  child.content: x=20.0 (was 20.0), y=1441.8 (was 1441.8)
  [UPDATE Y] child: text, content_height=0.0, margin.bottom=0.0, total_height=0.0, y after=1441.8
  [UPDATE Y] child: div, content_height=99.2, margin.bottom=5.0, total_height=104.2, y after=119.2
  [UPDATE Y] child: div, content_height=99.2, margin.bottom=5.0, total_height=104.2, y after=223.4
  [UPDATE Y] child: div, content_height=99.2, margin.bottom=5.0, total_height=104.2, y after=327.6
  [UPDATE Y] child: div, content_height=99.2, margin.bottom=5.0, total_height=104.2, y after=431.8
  [UPDATE Y] child: div, content_height=99.2, margin.bottom=5.0, total_height=104.2, y after=536.0
  [UPDATE Y] child: div, content_height=585.0, margin.bottom=0.0, total_height=585.0, y after=697.1
  [UPDATE Y] child: div, content_height=99.2, margin.bottom=5.0, total_height=104.2, y after=119.2
  [UPDATE Y] child: div, content_height=99.2, margin.bottom=5.0, total_height=104.2, y after=223.4
  [UPDATE Y] child: div, content_height=99.2, margin.bottom=5.0, total_height=104.2, y after=327.6
  [UPDATE Y] child: div, content_height=334.0, margin.bottom=0.0, total_height=334.0, y after=1031.1
[LAYOUT] Child element: div (parent: body)
  parent.content: x=0.0, y=0.0
  parent.padding: left=20.0, top=20.0
  child.margin: left=0.0, top=0.0
  y (accumulated): 1441.8
  child.content: x=20.0 (was 20.0), y=1441.8 (was 1441.8)
  [UPDATE Y] child: div, content_height=1031.1, margin.bottom=0.0, total_height=1031.1, y after=2472.8
[LAYOUT] Child element: text (parent: body)
  parent.content: x=0.0, y=0.0
  parent.padding: left=20.0, top=20.0
  child.margin: left=0.0, top=0.0
  y (accumulated): 2472.8
  child.content: x=20.0 (was 20.0), y=2472.8 (was 2472.8)
  [UPDATE Y] child: text, content_height=0.0, margin.bottom=0.0, total_height=0.0, y after=2472.8
  [UPDATE Y] child: div, content_height=79.2, margin.bottom=0.0, total_height=79.2, y after=94.2
  [UPDATE Y] child: div, content_height=79.2, margin.bottom=0.0, total_height=79.2, y after=173.4
  [UPDATE Y] child: div, content_height=79.2, margin.bottom=0.0, total_height=79.2, y after=252.6
  [UPDATE Y] child: div, content_height=79.2, margin.bottom=0.0, total_height=79.2, y after=331.8
  [UPDATE Y] child: div, content_height=79.2, margin.bottom=0.0, total_height=79.2, y after=411.0
  [UPDATE Y] child: div, content_height=79.2, margin.bottom=0.0, total_height=79.2, y after=490.2
  [UPDATE Y] child: div, content_height=79.2, margin.bottom=0.0, total_height=79.2, y after=569.4
  [UPDATE Y] child: div, content_height=79.2, margin.bottom=0.0, total_height=79.2, y after=648.6
  [UPDATE Y] child: div, content_height=697.6, margin.bottom=0.0, total_height=697.6, y after=809.7
[LAYOUT] Child element: div (parent: body)
  parent.content: x=0.0, y=0.0
  parent.padding: left=20.0, top=20.0
  child.margin: left=0.0, top=0.0
  y (accumulated): 2472.8
  child.content: x=20.0 (was 20.0), y=2472.8 (was 2472.8)
  [UPDATE Y] child: div, content_height=809.7, margin.bottom=0.0, total_height=809.7, y after=3282.5
[LAYOUT] Child element: text (parent: body)
  parent.content: x=0.0, y=0.0
  parent.padding: left=20.0, top=20.0
  child.margin: left=0.0, top=0.0
  y (accumulated): 3282.5
  child.content: x=20.0 (was 20.0), y=3282.5 (was 3282.5)
  [UPDATE Y] child: text, content_height=0.0, margin.bottom=0.0, total_height=0.0, y after=3282.5
[LAYOUT] Child element: div (parent: body)
  parent.content: x=0.0, y=0.0
  parent.padding: left=20.0, top=20.0
  child.margin: left=0.0, top=0.0
  y (accumulated): 3282.5
  child.content: x=20.0 (was 20.0), y=3282.5 (was 3282.5)
  [UPDATE Y] child: div, content_height=405.5, margin.bottom=0.0, total_height=405.5, y after=3688.0
[LAYOUT] Child element: text (parent: body)
  parent.content: x=0.0, y=0.0
  parent.padding: left=20.0, top=20.0
  child.margin: left=0.0, top=0.0
  y (accumulated): 3688.0
  child.content: x=20.0 (was 20.0), y=3688.0 (was 3688.0)
  [UPDATE Y] child: text, content_height=0.0, margin.bottom=0.0, total_height=0.0, y after=3688.0
[LAYOUT] Child element: div (parent: body)
  parent.content: x=0.0, y=0.0
  parent.padding: left=20.0, top=20.0
  child.margin: left=0.0, top=0.0
  y (accumulated): 3688.0
  child.content: x=20.0 (was 20.0), y=3688.0 (was 3688.0)
  [UPDATE Y] child: div, content_height=610.3, margin.bottom=0.0, total_height=610.3, y after=4298.4
[LAYOUT] Child element: text (parent: body)
  parent.content: x=0.0, y=0.0
  parent.padding: left=20.0, top=20.0
  child.margin: left=0.0, top=0.0
  y (accumulated): 4298.4
  child.content: x=20.0 (was 20.0), y=4298.4 (was 4298.4)
  [UPDATE Y] child: text, content_height=0.0, margin.bottom=0.0, total_height=0.0, y after=4298.4
  [UPDATE Y] child: div, content_height=117.2, margin.bottom=0.0, total_height=117.2, y after=273.9
[LAYOUT] Child element: div (parent: body)
  parent.content: x=0.0, y=0.0
  parent.padding: left=20.0, top=20.0
  child.margin: left=0.0, top=0.0
  y (accumulated): 4298.4
  child.content: x=20.0 (was 20.0), y=4298.4 (was 4298.4)
  [UPDATE Y] child: div, content_height=343.9, margin.bottom=0.0, total_height=343.9, y after=4642.3
[LAYOUT] Child element: text (parent: body)
  parent.content: x=0.0, y=0.0
  parent.padding: left=20.0, top=20.0
  child.margin: left=0.0, top=0.0
  y (accumulated): 4642.3
  child.content: x=20.0 (was 20.0), y=4642.3 (was 4642.3)
  [UPDATE Y] child: text, content_height=0.0, margin.bottom=0.0, total_height=0.0, y after=4642.3
  [UPDATE Y] child: div, content_height=71.2, margin.bottom=2.0, total_height=73.2, y after=132.4
  [UPDATE Y] child: div, content_height=160.4, margin.bottom=3.0, total_height=163.4, y after=224.6
  [UPDATE Y] child: div, content_height=258.6, margin.bottom=5.0, total_height=263.6, y after=364.1
[LAYOUT] Child element: div (parent: body)
  parent.content: x=0.0, y=0.0
  parent.padding: left=20.0, top=20.0
  child.margin: left=0.0, top=0.0
  y (accumulated): 4642.3
  child.content: x=20.0 (was 20.0), y=4642.3 (was 4642.3)
  [UPDATE Y] child: div, content_height=413.1, margin.bottom=0.0, total_height=413.1, y after=5055.4
[LAYOUT] Child element: text (parent: body)
  parent.content: x=0.0, y=0.0
  parent.padding: left=20.0, top=20.0
  child.margin: left=0.0, top=0.0
  y (accumulated): 5055.4
  child.content: x=20.0 (was 20.0), y=5055.4 (was 5055.4)
  [UPDATE Y] child: text, content_height=0.0, margin.bottom=0.0, total_height=0.0, y after=5055.4
[LAYOUT] Child element: div (parent: body)
  parent.content: x=0.0, y=0.0
  parent.padding: left=20.0, top=20.0
  child.margin: left=0.0, top=0.0
  y (accumulated): 5055.4
  child.content: x=20.0 (was 20.0), y=5055.4 (was 5055.4)
  [UPDATE Y] child: div, content_height=405.5, margin.bottom=0.0, total_height=405.5, y after=5460.9
[LAYOUT] Child element: text (parent: body)
  parent.content: x=0.0, y=0.0
  parent.padding: left=20.0, top=20.0
  child.margin: left=0.0, top=0.0
  y (accumulated): 5460.9
  child.content: x=20.0 (was 20.0), y=5460.9 (was 5460.9)
  [UPDATE Y] child: text, content_height=0.0, margin.bottom=0.0, total_height=0.0, y after=5460.9
  [UPDATE Y] child: div, content_height=222.4, margin.bottom=0.0, total_height=222.4, y after=222.4
  [UPDATE Y] child: div, content_height=91.2, margin.bottom=0.0, total_height=91.2, y after=245.4
  [UPDATE Y] child: div, content_height=294.4, margin.bottom=0.0, total_height=294.4, y after=516.8
  [UPDATE Y] child: div, content_height=516.8, margin.bottom=0.0, total_height=516.8, y after=622.3
  [UPDATE Y] child: div, content_height=115.2, margin.bottom=0.0, total_height=115.2, y after=737.5
[LAYOUT] Child element: div (parent: body)
  parent.content: x=0.0, y=0.0
  parent.padding: left=20.0, top=20.0
  child.margin: left=0.0, top=0.0
  y (accumulated): 5460.9
  child.content: x=20.0 (was 20.0), y=5460.9 (was 5460.9)
  [UPDATE Y] child: div, content_height=803.5, margin.bottom=0.0, total_height=803.5, y after=6264.4
[LAYOUT] Child element: text (parent: body)
  parent.content: x=0.0, y=0.0
  parent.padding: left=20.0, top=20.0
  child.margin: left=0.0, top=0.0
  y (accumulated): 6264.4
  child.content: x=20.0 (was 20.0), y=6264.4 (was 6264.4)
  [UPDATE Y] child: text, content_height=0.0, margin.bottom=0.0, total_height=0.0, y after=6264.4
[LAYOUT] Child element: div (parent: body)
  parent.content: x=0.0, y=0.0
  parent.padding: left=20.0, top=20.0
  child.margin: left=0.0, top=30.0
  y (accumulated): 6264.4
  child.content: x=20.0 (was 20.0), y=6294.4 (was 6294.4)
  [UPDATE Y] child: div, content_height=182.4, margin.bottom=0.0, total_height=182.4, y after=6446.8
[LAYOUT] Child element: body (parent: html)
  parent.content: x=0.0, y=0.0
  parent.padding: left=0.0, top=0.0
  child.margin: left=0.0, top=0.0
  y (accumulated): 0.0
  child.content: x=0.0 (was 0.0), y=0.0 (was 0.0)
  [UPDATE Y] child: body, content_height=6506.8, margin.bottom=0.0, total_height=6506.8, y after=6506.8
[LAYOUT] Child element: !DOCTYPE (parent: body)
  parent.content: x=0.0, y=0.0
  parent.padding: left=20.0, top=20.0
  child.margin: left=0.0, top=0.0
  y (accumulated): 20.0
  child.content: x=20.0 (was 20.0), y=20.0 (was 20.0)
  [UPDATE Y] child: !DOCTYPE, content_height=6506.8, margin.bottom=0.0, total_height=6506.8, y after=6526.8
[LAYOUT] Element: html, is_root: false
  margin: top=0.0, right=0.0, bottom=0.0, left=0.0
  padding: top=0.0, right=0.0, bottom=0.0, left=0.0
  content: x=20.0, y=20.0, width=1160.0, height=6506.8
  containing_block: width=1160.0, height=6546.8
[LAYOUT] Element: body, is_root: false
  margin: top=0.0, right=0.0, bottom=0.0, left=0.0
  padding: top=20.0, right=20.0, bottom=20.0, left=20.0
  content: x=0.0, y=0.0, width=1120.0, height=6466.8
  containing_block: width=1160.0, height=6546.8
[LAYOUT WARNING] html.content is not (0, 0): x=20.0, y=20.0
[LAYOUT] Body element position set: x=0.0, y=0.0 (margin: left=0.0, top=0.0)
[CONTAINING BLOCK] body.content.width=1120.0, child_containing_block.width=1120.0
[WIDTH DEBUG] h1: containing_block.width=1120.0, available_width=1120.0, calculated_width=1116.0
[LAYOUT] Child element: h1 (parent: body)
  parent.content: x=0.0, y=0.0
  parent.padding: left=20.0, top=20.0
  child.margin: left=0.0, top=21.4
  y (accumulated): 20.0
  child.content: x=20.0 (was 20.0), y=41.4 (was 41.4)
  [UPDATE Y] child: h1, content_height=50.0, margin.bottom=21.4, total_height=71.4, y after=91.4
[LAYOUT] Child element: text (parent: body)
  parent.content: x=0.0, y=0.0
  parent.padding: left=20.0, top=20.0
  child.margin: left=0.0, top=0.0
  y (accumulated): 91.4
  child.content: x=20.0 (was 20.0), y=91.4 (was 91.4)
  [UPDATE Y] child: text, content_height=0.0, margin.bottom=0.0, total_height=0.0, y after=91.4
[WIDTH DEBUG] h1: containing_block.width=1086.0, available_width=1086.0, calculated_width=1086.0
[LAYOUT] Child element: h1 (parent: div)
  parent.content: x=20.0, y=91.4
  parent.padding: left=15.0, top=15.0
  child.margin: left=0.0, top=16.1
  y (accumulated): 15.0
  child.content: x=15.0 (was 15.0), y=122.5 (was 122.5)
  [UPDATE Y] child: h1, content_height=62.1, margin.bottom=16.1, total_height=78.2, y after=93.2
  [UPDATE Y] child: div, content_height=96.0, margin.bottom=0.0, total_height=96.0, y after=301.2
[LAYOUT] Child element: div (parent: body)
  parent.content: x=0.0, y=0.0
  parent.padding: left=20.0, top=20.0
  child.margin: left=0.0, top=0.0
  y (accumulated): 91.4
  child.content: x=20.0 (was 20.0), y=91.4 (was 91.4)
  [UPDATE Y] child: div, content_height=350.2, margin.bottom=0.0, total_height=350.2, y after=441.6
[LAYOUT] Child element: text (parent: body)
  parent.content: x=0.0, y=0.0
  parent.padding: left=20.0, top=20.0
  child.margin: left=0.0, top=0.0
  y (accumulated): 441.6
  child.content: x=20.0 (was 20.0), y=441.6 (was 441.6)
  [UPDATE Y] child: text, content_height=0.0, margin.bottom=0.0, total_height=0.0, y after=441.6
[LAYOUT] Child element: div (parent: body)
  parent.content: x=0.0, y=0.0
  parent.padding: left=20.0, top=20.0
  child.margin: left=0.0, top=0.0
  y (accumulated): 441.6
  child.content: x=20.0 (was 20.0), y=441.6 (was 441.6)
  [UPDATE Y] child: div, content_height=329.4, margin.bottom=0.0, total_height=329.4, y after=771.0
[LAYOUT] Child element: text (parent: body)
  parent.content: x=0.0, y=0.0
  parent.padding: left=20.0, top=20.0
  child.margin: left=0.0, top=0.0
  y (accumulated): 771.0
  child.content: x=20.0 (was 20.0), y=771.0 (was 771.0)
  [UPDATE Y] child: text, content_height=0.0, margin.bottom=0.0, total_height=0.0, y after=771.0
  [UPDATE Y] child: div, content_height=59.2, margin.bottom=5.0, total_height=64.2, y after=138.2
  [UPDATE Y] child: div, content_height=59.2, margin.bottom=5.0, total_height=64.2, y after=202.4
[LAYOUT] Child element: div (parent: body)
  parent.content: x=0.0, y=0.0
  parent.padding: left=20.0, top=20.0
  child.margin: left=0.0, top=0.0
  y (accumulated): 771.0
  child.content: x=20.0 (was 20.0), y=771.0 (was 771.0)
  [UPDATE Y] child: div, content_height=334.0, margin.bottom=0.0, total_height=334.0, y after=1105.0
[LAYOUT] Child element: text (parent: body)
  parent.content: x=0.0, y=0.0
  parent.padding: left=20.0, top=20.0
  child.margin: left=0.0, top=0.0
  y (accumulated): 1105.0
  child.content: x=20.0 (was 20.0), y=1105.0 (was 1105.0)
  [UPDATE Y] child: text, content_height=0.0, margin.bottom=0.0, total_height=0.0, y after=1105.0
  [UPDATE Y] child: div, content_height=59.2, margin.bottom=0.0, total_height=59.2, y after=287.8
[LAYOUT] Child element: div (parent: body)
  parent.content: x=0.0, y=0.0
  parent.padding: left=20.0, top=20.0
  child.margin: left=0.0, top=0.0
  y (accumulated): 1105.0
  child.content: x=20.0 (was 20.0), y=1105.0 (was 1105.0)
  [UPDATE Y] child: div, content_height=336.8, margin.bottom=0.0, total_height=336.8, y after=1441.8
[LAYOUT] Child element: text (parent: body)
  parent.content: x=0.0, y=0.0
  parent.padding: left=20.0, top=20.0
  child.margin: left=0.0, top=0.0
  y (accumulated): 1441.8
  child.content: x=20.0 (was 20.0), y=1441.8 (was 1441.8)
  [UPDATE Y] child: text, content_height=0.0, margin.bottom=0.0, total_height=0.0, y after=1441.8
  [UPDATE Y] child: div, content_height=99.2, margin.bottom=5.0, total_height=104.2, y after=119.2
  [UPDATE Y] child: div, content_height=99.2, margin.bottom=5.0, total_height=104.2, y after=223.4
  [UPDATE Y] child: div, content_height=99.2, margin.bottom=5.0, total_height=104.2, y after=327.6
  [UPDATE Y] child: div, content_height=99.2, margin.bottom=5.0, total_height=104.2, y after=431.8
  [UPDATE Y] child: div, content_height=99.2, margin.bottom=5.0, total_height=104.2, y after=536.0
  [UPDATE Y] child: div, content_height=585.0, margin.bottom=0.0, total_height=585.0, y after=697.1
  [UPDATE Y] child: div, content_height=99.2, margin.bottom=5.0, total_height=104.2, y after=119.2
  [UPDATE Y] child: div, content_height=99.2, margin.bottom=5.0, total_height=104.2, y after=223.4
  [UPDATE Y] child: div, content_height=99.2, margin.bottom=5.0, total_height=104.2, y after=327.6
  [UPDATE Y] child: div, content_height=334.0, margin.bottom=0.0, total_height=334.0, y after=1031.1
[LAYOUT] Child element: div (parent: body)
  parent.content: x=0.0, y=0.0
  parent.padding: left=20.0, top=20.0
  child.margin: left=0.0, top=0.0
  y (accumulated): 1441.8
  child.content: x=20.0 (was 20.0), y=1441.8 (was 1441.8)
  [UPDATE Y] child: div, content_height=1031.1, margin.bottom=0.0, total_height=1031.1, y after=2472.8
[LAYOUT] Child element: text (parent: body)
  parent.content: x=0.0, y=0.0
  parent.padding: left=20.0, top=20.0
  child.margin: left=0.0, top=0.0
  y (accumulated): 2472.8
  child.content: x=20.0 (was 20.0), y=2472.8 (was 2472.8)
  [UPDATE Y] child: text, content_height=0.0, margin.bottom=0.0, total_height=0.0, y after=2472.8
  [UPDATE Y] child: div, content_height=79.2, margin.bottom=0.0, total_height=79.2, y after=94.2
  [UPDATE Y] child: div, content_height=79.2, margin.bottom=0.0, total_height=79.2, y after=173.4
  [UPDATE Y] child: div, content_height=79.2, margin.bottom=0.0, total_height=79.2, y after=252.6
  [UPDATE Y] child: div, content_height=79.2, margin.bottom=0.0, total_height=79.2, y after=331.8
  [UPDATE Y] child: div, content_height=79.2, margin.bottom=0.0, total_height=79.2, y after=411.0
  [UPDATE Y] child: div, content_height=79.2, margin.bottom=0.0, total_height=79.2, y after=490.2
  [UPDATE Y] child: div, content_height=79.2, margin.bottom=0.0, total_height=79.2, y after=569.4
  [UPDATE Y] child: div, content_height=79.2, margin.bottom=0.0, total_height=79.2, y after=648.6
  [UPDATE Y] child: div, content_height=697.6, margin.bottom=0.0, total_height=697.6, y after=809.7
[LAYOUT] Child element: div (parent: body)
  parent.content: x=0.0, y=0.0
  parent.padding: left=20.0, top=20.0
  child.margin: left=0.0, top=0.0
  y (accumulated): 2472.8
  child.content: x=20.0 (was 20.0), y=2472.8 (was 2472.8)
  [UPDATE Y] child: div, content_height=809.7, margin.bottom=0.0, total_height=809.7, y after=3282.5
[LAYOUT] Child element: text (parent: body)
  parent.content: x=0.0, y=0.0
  parent.padding: left=20.0, top=20.0
  child.margin: left=0.0, top=0.0
  y (accumulated): 3282.5
  child.content: x=20.0 (was 20.0), y=3282.5 (was 3282.5)
  [UPDATE Y] child: text, content_height=0.0, margin.bottom=0.0, total_height=0.0, y after=3282.5
[LAYOUT] Child element: div (parent: body)
  parent.content: x=0.0, y=0.0
  parent.padding: left=20.0, top=20.0
  child.margin: left=0.0, top=0.0
  y (accumulated): 3282.5
  child.content: x=20.0 (was 20.0), y=3282.5 (was 3282.5)
  [UPDATE Y] child: div, content_height=405.5, margin.bottom=0.0, total_height=405.5, y after=3688.0
[LAYOUT] Child element: text (parent: body)
  parent.content: x=0.0, y=0.0
  parent.padding: left=20.0, top=20.0
  child.margin: left=0.0, top=0.0
  y (accumulated): 3688.0
  child.content: x=20.0 (was 20.0), y=3688.0 (was 3688.0)
  [UPDATE Y] child: text, content_height=0.0, margin.bottom=0.0, total_height=0.0, y after=3688.0
[LAYOUT] Child element: div (parent: body)
  parent.content: x=0.0, y=0.0
  parent.padding: left=20.0, top=20.0
  child.margin: left=0.0, top=0.0
  y (accumulated): 3688.0
  child.content: x=20.0 (was 20.0), y=3688.0 (was 3688.0)
  [UPDATE Y] child: div, content_height=610.3, margin.bottom=0.0, total_height=610.3, y after=4298.4
[LAYOUT] Child element: text (parent: body)
  parent.content: x=0.0, y=0.0
  parent.padding: left=20.0, top=20.0
  child.margin: left=0.0, top=0.0
  y (accumulated): 4298.4
  child.content: x=20.0 (was 20.0), y=4298.4 (was 4298.4)
  [UPDATE Y] child: text, content_height=0.0, margin.bottom=0.0, total_height=0.0, y after=4298.4
  [UPDATE Y] child: div, content_height=117.2, margin.bottom=0.0, total_height=117.2, y after=273.9
[LAYOUT] Child element: div (parent: body)
  parent.content: x=0.0, y=0.0
  parent.padding: left=20.0, top=20.0
  child.margin: left=0.0, top=0.0
  y (accumulated): 4298.4
  child.content: x=20.0 (was 20.0), y=4298.4 (was 4298.4)
  [UPDATE Y] child: div, content_height=343.9, margin.bottom=0.0, total_height=343.9, y after=4642.3
[LAYOUT] Child element: text (parent: body)
  parent.content: x=0.0, y=0.0
  parent.padding: left=20.0, top=20.0
  child.margin: left=0.0, top=0.0
  y (accumulated): 4642.3
  child.content: x=20.0 (was 20.0), y=4642.3 (was 4642.3)
  [UPDATE Y] child: text, content_height=0.0, margin.bottom=0.0, total_height=0.0, y after=4642.3
  [UPDATE Y] child: div, content_height=71.2, margin.bottom=2.0, total_height=73.2, y after=132.4
  [UPDATE Y] child: div, content_height=160.4, margin.bottom=3.0, total_height=163.4, y after=224.6
  [UPDATE Y] child: div, content_height=258.6, margin.bottom=5.0, total_height=263.6, y after=364.1
[LAYOUT] Child element: div (parent: body)
  parent.content: x=0.0, y=0.0
  parent.padding: left=20.0, top=20.0
  child.margin: left=0.0, top=0.0
  y (accumulated): 4642.3
  child.content: x=20.0 (was 20.0), y=4642.3 (was 4642.3)
  [UPDATE Y] child: div, content_height=413.1, margin.bottom=0.0, total_height=413.1, y after=5055.4
[LAYOUT] Child element: text (parent: body)
  parent.content: x=0.0, y=0.0
  parent.padding: left=20.0, top=20.0
  child.margin: left=0.0, top=0.0
  y (accumulated): 5055.4
  child.content: x=20.0 (was 20.0), y=5055.4 (was 5055.4)
  [UPDATE Y] child: text, content_height=0.0, margin.bottom=0.0, total_height=0.0, y after=5055.4
[LAYOUT] Child element: div (parent: body)
  parent.content: x=0.0, y=0.0
  parent.padding: left=20.0, top=20.0
  child.margin: left=0.0, top=0.0
  y (accumulated): 5055.4
  child.content: x=20.0 (was 20.0), y=5055.4 (was 5055.4)
  [UPDATE Y] child: div, content_height=405.5, margin.bottom=0.0, total_height=405.5, y after=5460.9
[LAYOUT] Child element: text (parent: body)
  parent.content: x=0.0, y=0.0
  parent.padding: left=20.0, top=20.0
  child.margin: left=0.0, top=0.0
  y (accumulated): 5460.9
  child.content: x=20.0 (was 20.0), y=5460.9 (was 5460.9)
  [UPDATE Y] child: text, content_height=0.0, margin.bottom=0.0, total_height=0.0, y after=5460.9
  [UPDATE Y] child: div, content_height=222.4, margin.bottom=0.0, total_height=222.4, y after=222.4
  [UPDATE Y] child: div, content_height=91.2, margin.bottom=0.0, total_height=91.2, y after=245.4
  [UPDATE Y] child: div, content_height=294.4, margin.bottom=0.0, total_height=294.4, y after=516.8
  [UPDATE Y] child: div, content_height=516.8, margin.bottom=0.0, total_height=516.8, y after=622.3
  [UPDATE Y] child: div, content_height=115.2, margin.bottom=0.0, total_height=115.2, y after=737.5
[LAYOUT] Child element: div (parent: body)
  parent.content: x=0.0, y=0.0
  parent.padding: left=20.0, top=20.0
  child.margin: left=0.0, top=0.0
  y (accumulated): 5460.9
  child.content: x=20.0 (was 20.0), y=5460.9 (was 5460.9)
  [UPDATE Y] child: div, content_height=803.5, margin.bottom=0.0, total_height=803.5, y after=6264.4
[LAYOUT] Child element: text (parent: body)
  parent.content: x=0.0, y=0.0
  parent.padding: left=20.0, top=20.0
  child.margin: left=0.0, top=0.0
  y (accumulated): 6264.4
  child.content: x=20.0 (was 20.0), y=6264.4 (was 6264.4)
  [UPDATE Y] child: text, content_height=0.0, margin.bottom=0.0, total_height=0.0, y after=6264.4
[LAYOUT] Child element: div (parent: body)
  parent.content: x=0.0, y=0.0
  parent.padding: left=20.0, top=20.0
  child.margin: left=0.0, top=30.0
  y (accumulated): 6264.4
  child.content: x=20.0 (was 20.0), y=6294.4 (was 6294.4)
  [UPDATE Y] child: div, content_height=182.4, margin.bottom=0.0, total_height=182.4, y after=6446.8
[LAYOUT] Child element: body (parent: html)
  parent.content: x=20.0, y=20.0
  parent.padding: left=0.0, top=0.0
  child.margin: left=0.0, top=0.0
  y (accumulated): 0.0
  child.content: x=20.0 (was 0.0), y=20.0 (was 0.0)
  [UPDATE Y] child: body, content_height=6506.8, margin.bottom=0.0, total_height=6506.8, y after=6506.8
[LAYOUT] Element: html, is_root: false
  margin: top=0.0, right=0.0, bottom=0.0, left=0.0
  padding: top=0.0, right=0.0, bottom=0.0, left=0.0
  content: x=20.0, y=20.0, width=1160.0, height=6506.8
  containing_block: width=1160.0, height=6506.8
[LAYOUT] Element: body, is_root: false
  margin: top=0.0, right=0.0, bottom=0.0, left=0.0
  padding: top=20.0, right=20.0, bottom=20.0, left=20.0
  content: x=20.0, y=20.0, width=1120.0, height=6466.8
  containing_block: width=1160.0, height=6506.8
[LAYOUT WARNING] html.content is not (0, 0): x=20.0, y=20.0
[CONTAINING BLOCK] body.content.width=1120.0, child_containing_block.width=1120.0
[WIDTH DEBUG] h1: containing_block.width=1120.0, available_width=1120.0, calculated_width=1116.0
[LAYOUT] Child element: h1 (parent: body)
  parent.content: x=20.0, y=20.0
  parent.padding: left=20.0, top=20.0
  child.margin: left=0.0, top=21.4
  y (accumulated): 20.0
  child.content: x=20.0 (was 20.0), y=61.4 (was 41.4)
  [UPDATE Y] child: h1, content_height=50.0, margin.bottom=21.4, total_height=71.4, y after=91.4
[LAYOUT] Child element: text (parent: body)
  parent.content: x=20.0, y=20.0
  parent.padding: left=20.0, top=20.0
  child.margin: left=0.0, top=0.0
  y (accumulated): 91.4
  child.content: x=20.0 (was 20.0), y=111.4 (was 91.4)
  [UPDATE Y] child: text, content_height=0.0, margin.bottom=0.0, total_height=0.0, y after=91.4
[WIDTH DEBUG] h1: containing_block.width=1086.0, available_width=1086.0, calculated_width=1086.0
[LAYOUT] Child element: h1 (parent: div)
  parent.content: x=20.0, y=91.4
  parent.padding: left=15.0, top=15.0
  child.margin: left=0.0, top=16.1
  y (accumulated): 15.0
  child.content: x=15.0 (was 15.0), y=122.5 (was 122.5)
  [UPDATE Y] child: h1, content_height=62.1, margin.bottom=16.1, total_height=78.2, y after=93.2
  [UPDATE Y] child: div, content_height=96.0, margin.bottom=0.0, total_height=96.0, y after=301.2
[LAYOUT] Child element: div (parent: body)
  parent.content: x=20.0, y=20.0
  parent.padding: left=20.0, top=20.0
  child.margin: left=0.0, top=0.0
  y (accumulated): 91.4
  child.content: x=20.0 (was 20.0), y=111.4 (was 91.4)
  [UPDATE Y] child: div, content_height=350.2, margin.bottom=0.0, total_height=350.2, y after=441.6
[LAYOUT] Child element: text (parent: body)
  parent.content: x=20.0, y=20.0
  parent.padding: left=20.0, top=20.0
  child.margin: left=0.0, top=0.0
  y (accumulated): 441.6
  child.content: x=20.0 (was 20.0), y=461.6 (was 441.6)
  [UPDATE Y] child: text, content_height=0.0, margin.bottom=0.0, total_height=0.0, y after=441.6
[LAYOUT] Child element: div (parent: body)
  parent.content: x=20.0, y=20.0
  parent.padding: left=20.0, top=20.0
  child.margin: left=0.0, top=0.0
  y (accumulated): 441.6
  child.content: x=20.0 (was 20.0), y=461.6 (was 441.6)
  [UPDATE Y] child: div, content_height=329.4, margin.bottom=0.0, total_height=329.4, y after=771.0
[LAYOUT] Child element: text (parent: body)
  parent.content: x=20.0, y=20.0
  parent.padding: left=20.0, top=20.0
  child.margin: left=0.0, top=0.0
  y (accumulated): 771.0
  child.content: x=20.0 (was 20.0), y=791.0 (was 771.0)
  [UPDATE Y] child: text, content_height=0.0, margin.bottom=0.0, total_height=0.0, y after=771.0
  [UPDATE Y] child: div, content_height=59.2, margin.bottom=5.0, total_height=64.2, y after=138.2
  [UPDATE Y] child: div, content_height=59.2, margin.bottom=5.0, total_height=64.2, y after=202.4
[LAYOUT] Child element: div (parent: body)
  parent.content: x=20.0, y=20.0
  parent.padding: left=20.0, top=20.0
  child.margin: left=0.0, top=0.0
  y (accumulated): 771.0
  child.content: x=20.0 (was 20.0), y=791.0 (was 771.0)
  [UPDATE Y] child: div, content_height=334.0, margin.bottom=0.0, total_height=334.0, y after=1105.0
[LAYOUT] Child element: text (parent: body)
  parent.content: x=20.0, y=20.0
  parent.padding: left=20.0, top=20.0
  child.margin: left=0.0, top=0.0
  y (accumulated): 1105.0
  child.content: x=20.0 (was 20.0), y=1125.0 (was 1105.0)
  [UPDATE Y] child: text, content_height=0.0, margin.bottom=0.0, total_height=0.0, y after=1105.0
  [UPDATE Y] child: div, content_height=59.2, margin.bottom=0.0, total_height=59.2, y after=287.8
[LAYOUT] Child element: div (parent: body)
  parent.content: x=20.0, y=20.0
  parent.padding: left=20.0, top=20.0
  child.margin: left=0.0, top=0.0
  y (accumulated): 1105.0
  child.content: x=20.0 (was 20.0), y=1125.0 (was 1105.0)
  [UPDATE Y] child: div, content_height=336.8, margin.bottom=0.0, total_height=336.8, y after=1441.8
[LAYOUT] Child element: text (parent: body)
  parent.content: x=20.0, y=20.0
  parent.padding: left=20.0, top=20.0
  child.margin: left=0.0, top=0.0
  y (accumulated): 1441.8
  child.content: x=20.0 (was 20.0), y=1461.8 (was 1441.8)
  [UPDATE Y] child: text, content_height=0.0, margin.bottom=0.0, total_height=0.0, y after=1441.8
  [UPDATE Y] child: div, content_height=99.2, margin.bottom=5.0, total_height=104.2, y after=119.2
  [UPDATE Y] child: div, content_height=99.2, margin.bottom=5.0, total_height=104.2, y after=223.4
  [UPDATE Y] child: div, content_height=99.2, margin.bottom=5.0, total_height=104.2, y after=327.6
  [UPDATE Y] child: div, content_height=99.2, margin.bottom=5.0, total_height=104.2, y after=431.8
  [UPDATE Y] child: div, content_height=99.2, margin.bottom=5.0, total_height=104.2, y after=536.0
  [UPDATE Y] child: div, content_height=585.0, margin.bottom=0.0, total_height=585.0, y after=697.1
  [UPDATE Y] child: div, content_height=99.2, margin.bottom=5.0, total_height=104.2, y after=119.2
  [UPDATE Y] child: div, content_height=99.2, margin.bottom=5.0, total_height=104.2, y after=223.4
  [UPDATE Y] child: div, content_height=99.2, margin.bottom=5.0, total_height=104.2, y after=327.6
  [UPDATE Y] child: div, content_height=334.0, margin.bottom=0.0, total_height=334.0, y after=1031.1
[LAYOUT] Child element: div (parent: body)
  parent.content: x=20.0, y=20.0
  parent.padding: left=20.0, top=20.0
  child.margin: left=0.0, top=0.0
  y (accumulated): 1441.8
  child.content: x=20.0 (was 20.0), y=1461.8 (was 1441.8)
  [UPDATE Y] child: div, content_height=1031.1, margin.bottom=0.0, total_height=1031.1, y after=2472.8
[LAYOUT] Child element: text (parent: body)
  parent.content: x=20.0, y=20.0
  parent.padding: left=20.0, top=20.0
  child.margin: left=0.0, top=0.0
  y (accumulated): 2472.8
  child.content: x=20.0 (was 20.0), y=2492.8 (was 2472.8)
  [UPDATE Y] child: text, content_height=0.0, margin.bottom=0.0, total_height=0.0, y after=2472.8
  [UPDATE Y] child: div, content_height=79.2, margin.bottom=0.0, total_height=79.2, y after=94.2
  [UPDATE Y] child: div, content_height=79.2, margin.bottom=0.0, total_height=79.2, y after=173.4
  [UPDATE Y] child: div, content_height=79.2, margin.bottom=0.0, total_height=79.2, y after=252.6
  [UPDATE Y] child: div, content_height=79.2, margin.bottom=0.0, total_height=79.2, y after=331.8
  [UPDATE Y] child: div, content_height=79.2, margin.bottom=0.0, total_height=79.2, y after=411.0
  [UPDATE Y] child: div, content_height=79.2, margin.bottom=0.0, total_height=79.2, y after=490.2
  [UPDATE Y] child: div, content_height=79.2, margin.bottom=0.0, total_height=79.2, y after=569.4
  [UPDATE Y] child: div, content_height=79.2, margin.bottom=0.0, total_height=79.2, y after=648.6
  [UPDATE Y] child: div, content_height=697.6, margin.bottom=0.0, total_height=697.6, y after=809.7
[LAYOUT] Child element: div (parent: body)
  parent.content: x=20.0, y=20.0
  parent.padding: left=20.0, top=20.0
  child.margin: left=0.0, top=0.0
  y (accumulated): 2472.8
  child.content: x=20.0 (was 20.0), y=2492.8 (was 2472.8)
  [UPDATE Y] child: div, content_height=809.7, margin.bottom=0.0, total_height=809.7, y after=3282.5
[LAYOUT] Child element: text (parent: body)
  parent.content: x=20.0, y=20.0
  parent.padding: left=20.0, top=20.0
  child.margin: left=0.0, top=0.0
  y (accumulated): 3282.5
  child.content: x=20.0 (was 20.0), y=3302.5 (was 3282.5)
  [UPDATE Y] child: text, content_height=0.0, margin.bottom=0.0, total_height=0.0, y after=3282.5
[LAYOUT] Child element: div (parent: body)
  parent.content: x=20.0, y=20.0
  parent.padding: left=20.0, top=20.0
  child.margin: left=0.0, top=0.0
  y (accumulated): 3282.5
  child.content: x=20.0 (was 20.0), y=3302.5 (was 3282.5)
  [UPDATE Y] child: div, content_height=405.5, margin.bottom=0.0, total_height=405.5, y after=3688.0
[LAYOUT] Child element: text (parent: body)
  parent.content: x=20.0, y=20.0
  parent.padding: left=20.0, top=20.0
  child.margin: left=0.0, top=0.0
  y (accumulated): 3688.0
  child.content: x=20.0 (was 20.0), y=3708.0 (was 3688.0)
  [UPDATE Y] child: text, content_height=0.0, margin.bottom=0.0, total_height=0.0, y after=3688.0
[LAYOUT] Child element: div (parent: body)
  parent.content: x=20.0, y=20.0
  parent.padding: left=20.0, top=20.0
  child.margin: left=0.0, top=0.0
  y (accumulated): 3688.0
  child.content: x=20.0 (was 20.0), y=3708.0 (was 3688.0)
  [UPDATE Y] child: div, content_height=610.3, margin.bottom=0.0, total_height=610.3, y after=4298.4
[LAYOUT] Child element: text (parent: body)
  parent.content: x=20.0, y=20.0
  parent.padding: left=20.0, top=20.0
  child.margin: left=0.0, top=0.0
  y (accumulated): 4298.4
  child.content: x=20.0 (was 20.0), y=4318.4 (was 4298.4)
  [UPDATE Y] child: text, content_height=0.0, margin.bottom=0.0, total_height=0.0, y after=4298.4
  [UPDATE Y] child: div, content_height=117.2, margin.bottom=0.0, total_height=117.2, y after=273.9
[LAYOUT] Child element: div (parent: body)
  parent.content: x=20.0, y=20.0
  parent.padding: left=20.0, top=20.0
  child.margin: left=0.0, top=0.0
  y (accumulated): 4298.4
  child.content: x=20.0 (was 20.0), y=4318.4 (was 4298.4)
  [UPDATE Y] child: div, content_height=343.9, margin.bottom=0.0, total_height=343.9, y after=4642.3
[LAYOUT] Child element: text (parent: body)
  parent.content: x=20.0, y=20.0
  parent.padding: left=20.0, top=20.0
  child.margin: left=0.0, top=0.0
  y (accumulated): 4642.3
  child.content: x=20.0 (was 20.0), y=4662.3 (was 4642.3)
  [UPDATE Y] child: text, content_height=0.0, margin.bottom=0.0, total_height=0.0, y after=4642.3
  [UPDATE Y] child: div, content_height=71.2, margin.bottom=2.0, total_height=73.2, y after=132.4
  [UPDATE Y] child: div, content_height=160.4, margin.bottom=3.0, total_height=163.4, y after=224.6
  [UPDATE Y] child: div, content_height=258.6, margin.bottom=5.0, total_height=263.6, y after=364.1
[LAYOUT] Child element: div (parent: body)
  parent.content: x=20.0, y=20.0
  parent.padding: left=20.0, top=20.0
  child.margin: left=0.0, top=0.0
  y (accumulated): 4642.3
  child.content: x=20.0 (was 20.0), y=4662.3 (was 4642.3)
  [UPDATE Y] child: div, content_height=413.1, margin.bottom=0.0, total_height=413.1, y after=5055.4
[LAYOUT] Child element: text (parent: body)
  parent.content: x=20.0, y=20.0
  parent.padding: left=20.0, top=20.0
  child.margin: left=0.0, top=0.0
  y (accumulated): 5055.4
  child.content: x=20.0 (was 20.0), y=5075.4 (was 5055.4)
  [UPDATE Y] child: text, content_height=0.0, margin.bottom=0.0, total_height=0.0, y after=5055.4
[LAYOUT] Child element: div (parent: body)
  parent.content: x=20.0, y=20.0
  parent.padding: left=20.0, top=20.0
  child.margin: left=0.0, top=0.0
  y (accumulated): 5055.4
  child.content: x=20.0 (was 20.0), y=5075.4 (was 5055.4)
  [UPDATE Y] child: div, content_height=405.5, margin.bottom=0.0, total_height=405.5, y after=5460.9
[LAYOUT] Child element: text (parent: body)
  parent.content: x=20.0, y=20.0
  parent.padding: left=20.0, top=20.0
  child.margin: left=0.0, top=0.0
  y (accumulated): 5460.9
  child.content: x=20.0 (was 20.0), y=5480.9 (was 5460.9)
  [UPDATE Y] child: text, content_height=0.0, margin.bottom=0.0, total_height=0.0, y after=5460.9
  [UPDATE Y] child: div, content_height=222.4, margin.bottom=0.0, total_height=222.4, y after=222.4
  [UPDATE Y] child: div, content_height=91.2, margin.bottom=0.0, total_height=91.2, y after=245.4
  [UPDATE Y] child: div, content_height=294.4, margin.bottom=0.0, total_height=294.4, y after=516.8
  [UPDATE Y] child: div, content_height=516.8, margin.bottom=0.0, total_height=516.8, y after=622.3
  [UPDATE Y] child: div, content_height=115.2, margin.bottom=0.0, total_height=115.2, y after=737.5
[LAYOUT] Child element: div (parent: body)
  parent.content: x=20.0, y=20.0
  parent.padding: left=20.0, top=20.0
  child.margin: left=0.0, top=0.0
  y (accumulated): 5460.9
  child.content: x=20.0 (was 20.0), y=5480.9 (was 5460.9)
  [UPDATE Y] child: div, content_height=803.5, margin.bottom=0.0, total_height=803.5, y after=6264.4
[LAYOUT] Child element: text (parent: body)
  parent.content: x=20.0, y=20.0
  parent.padding: left=20.0, top=20.0
  child.margin: left=0.0, top=0.0
  y (accumulated): 6264.4
  child.content: x=20.0 (was 20.0), y=6284.4 (was 6264.4)
  [UPDATE Y] child: text, content_height=0.0, margin.bottom=0.0, total_height=0.0, y after=6264.4
[LAYOUT] Child element: div (parent: body)
  parent.content: x=20.0, y=20.0
  parent.padding: left=20.0, top=20.0
  child.margin: left=0.0, top=30.0
  y (accumulated): 6264.4
  child.content: x=20.0 (was 20.0), y=6314.4 (was 6294.4)
  [UPDATE Y] child: div, content_height=182.4, margin.bottom=0.0, total_height=182.4, y after=6446.8
[LAYOUT] Child element: body (parent: html)
  parent.content: x=20.0, y=20.0
  parent.padding: left=0.0, top=0.0
  child.margin: left=0.0, top=0.0
  y (accumulated): 0.0
  child.content: x=20.0 (was 20.0), y=20.0 (was 20.0)
  [UPDATE Y] child: body, content_height=6506.8, margin.bottom=0.0, total_height=6506.8, y after=6506.8
[LAYOUT] Element: body, is_root: false
  margin: top=0.0, right=0.0, bottom=0.0, left=0.0
  padding: top=20.0, right=20.0, bottom=20.0, left=20.0
  content: x=20.0, y=20.0, width=1120.0, height=6466.8
  containing_block: width=1160.0, height=6506.8
[LAYOUT WARNING] html.content is not (0, 0): x=20.0, y=20.0
[CONTAINING BLOCK] body.content.width=1120.0, child_containing_block.width=1120.0
[WIDTH DEBUG] h1: containing_block.width=1120.0, available_width=1120.0, calculated_width=1116.0
[LAYOUT] Child element: h1 (parent: body)
  parent.content: x=20.0, y=20.0
  parent.padding: left=20.0, top=20.0
  child.margin: left=0.0, top=21.4
  y (accumulated): 20.0
  child.content: x=20.0 (was 20.0), y=61.4 (was 61.4)
  [UPDATE Y] child: h1, content_height=50.0, margin.bottom=21.4, total_height=71.4, y after=91.4
[LAYOUT] Child element: text (parent: body)
  parent.content: x=20.0, y=20.0
  parent.padding: left=20.0, top=20.0
  child.margin: left=0.0, top=0.0
  y (accumulated): 91.4
  child.content: x=20.0 (was 20.0), y=111.4 (was 111.4)
  [UPDATE Y] child: text, content_height=0.0, margin.bottom=0.0, total_height=0.0, y after=91.4
[WIDTH DEBUG] h1: containing_block.width=1086.0, available_width=1086.0, calculated_width=1086.0
[LAYOUT] Child element: h1 (parent: div)
  parent.content: x=20.0, y=111.4
  parent.padding: left=15.0, top=15.0
  child.margin: left=0.0, top=16.1
  y (accumulated): 15.0
  child.content: x=15.0 (was 15.0), y=142.5 (was 122.5)
  [UPDATE Y] child: h1, content_height=62.1, margin.bottom=16.1, total_height=78.2, y after=93.2
  [UPDATE Y] child: div, content_height=96.0, margin.bottom=0.0, total_height=96.0, y after=301.2
[LAYOUT] Child element: div (parent: body)
  parent.content: x=20.0, y=20.0
  parent.padding: left=20.0, top=20.0
  child.margin: left=0.0, top=0.0
  y (accumulated): 91.4
  child.content: x=20.0 (was 20.0), y=111.4 (was 111.4)
  [UPDATE Y] child: div, content_height=350.2, margin.bottom=0.0, total_height=350.2, y after=441.6
[LAYOUT] Child element: text (parent: body)
  parent.content: x=20.0, y=20.0
  parent.padding: left=20.0, top=20.0
  child.margin: left=0.0, top=0.0
  y (accumulated): 441.6
  child.content: x=20.0 (was 20.0), y=461.6 (was 461.6)
  [UPDATE Y] child: text, content_height=0.0, margin.bottom=0.0, total_height=0.0, y after=441.6
[LAYOUT] Child element: div (parent: body)
  parent.content: x=20.0, y=20.0
  parent.padding: left=20.0, top=20.0
  child.margin: left=0.0, top=0.0
  y (accumulated): 441.6
  child.content: x=20.0 (was 20.0), y=461.6 (was 461.6)
  [UPDATE Y] child: div, content_height=329.4, margin.bottom=0.0, total_height=329.4, y after=771.0
[LAYOUT] Child element: text (parent: body)
  parent.content: x=20.0, y=20.0
  parent.padding: left=20.0, top=20.0
  child.margin: left=0.0, top=0.0
  y (accumulated): 771.0
  child.content: x=20.0 (was 20.0), y=791.0 (was 791.0)
  [UPDATE Y] child: text, content_height=0.0, margin.bottom=0.0, total_height=0.0, y after=771.0
  [UPDATE Y] child: div, content_height=59.2, margin.bottom=5.0, total_height=64.2, y after=138.2
  [UPDATE Y] child: div, content_height=59.2, margin.bottom=5.0, total_height=64.2, y after=202.4
[LAYOUT] Child element: div (parent: body)
  parent.content: x=20.0, y=20.0
  parent.padding: left=20.0, top=20.0
  child.margin: left=0.0, top=0.0
  y (accumulated): 771.0
  child.content: x=20.0 (was 20.0), y=791.0 (was 791.0)
  [UPDATE Y] child: div, content_height=334.0, margin.bottom=0.0, total_height=334.0, y after=1105.0
[LAYOUT] Child element: text (parent: body)
  parent.content: x=20.0, y=20.0
  parent.padding: left=20.0, top=20.0
  child.margin: left=0.0, top=0.0
  y (accumulated): 1105.0
  child.content: x=20.0 (was 20.0), y=1125.0 (was 1125.0)
  [UPDATE Y] child: text, content_height=0.0, margin.bottom=0.0, total_height=0.0, y after=1105.0
  [UPDATE Y] child: div, content_height=59.2, margin.bottom=0.0, total_height=59.2, y after=267.8
[LAYOUT] Child element: div (parent: body)
  parent.content: x=20.0, y=20.0
  parent.padding: left=20.0, top=20.0
  child.margin: left=0.0, top=0.0
  y (accumulated): 1105.0
  child.content: x=20.0 (was 20.0), y=1125.0 (was 1125.0)
  [UPDATE Y] child: div, content_height=336.8, margin.bottom=0.0, total_height=336.8, y after=1441.8
[LAYOUT] Child element: text (parent: body)
  parent.content: x=20.0, y=20.0
  parent.padding: left=20.0, top=20.0
  child.margin: left=0.0, top=0.0
  y (accumulated): 1441.8
  child.content: x=20.0 (was 20.0), y=1461.8 (was 1461.8)
  [UPDATE Y] child: text, content_height=0.0, margin.bottom=0.0, total_height=0.0, y after=1441.8
  [UPDATE Y] child: div, content_height=99.2, margin.bottom=5.0, total_height=104.2, y after=119.2
  [UPDATE Y] child: div, content_height=99.2, margin.bottom=5.0, total_height=104.2, y after=223.4
  [UPDATE Y] child: div, content_height=99.2, margin.bottom=5.0, total_height=104.2, y after=327.6
  [UPDATE Y] child: div, content_height=99.2, margin.bottom=5.0, total_height=104.2, y after=431.8
  [UPDATE Y] child: div, content_height=99.2, margin.bottom=5.0, total_height=104.2, y after=536.0
  [UPDATE Y] child: div, content_height=585.0, margin.bottom=0.0, total_height=585.0, y after=697.1
  [UPDATE Y] child: div, content_height=99.2, margin.bottom=5.0, total_height=104.2, y after=119.2
  [UPDATE Y] child: div, content_height=99.2, margin.bottom=5.0, total_height=104.2, y after=223.4
  [UPDATE Y] child: div, content_height=99.2, margin.bottom=5.0, total_height=104.2, y after=327.6
  [UPDATE Y] child: div, content_height=334.0, margin.bottom=0.0, total_height=334.0, y after=1031.1
[LAYOUT] Child element: div (parent: body)
  parent.content: x=20.0, y=20.0
  parent.padding: left=20.0, top=20.0
  child.margin: left=0.0, top=0.0
  y (accumulated): 1441.8
  child.content: x=20.0 (was 20.0), y=1461.8 (was 1461.8)
  [UPDATE Y] child: div, content_height=1031.1, margin.bottom=0.0, total_height=1031.1, y after=2472.8
[LAYOUT] Child element: text (parent: body)
  parent.content: x=20.0, y=20.0
  parent.padding: left=20.0, top=20.0
  child.margin: left=0.0, top=0.0
  y (accumulated): 2472.8
  child.content: x=20.0 (was 20.0), y=2492.8 (was 2492.8)
  [UPDATE Y] child: text, content_height=0.0, margin.bottom=0.0, total_height=0.0, y after=2472.8
  [UPDATE Y] child: div, content_height=79.2, margin.bottom=0.0, total_height=79.2, y after=94.2
  [UPDATE Y] child: div, content_height=79.2, margin.bottom=0.0, total_height=79.2, y after=173.4
  [UPDATE Y] child: div, content_height=79.2, margin.bottom=0.0, total_height=79.2, y after=252.6
  [UPDATE Y] child: div, content_height=79.2, margin.bottom=0.0, total_height=79.2, y after=331.8
  [UPDATE Y] child: div, content_height=79.2, margin.bottom=0.0, total_height=79.2, y after=411.0
  [UPDATE Y] child: div, content_height=79.2, margin.bottom=0.0, total_height=79.2, y after=490.2
  [UPDATE Y] child: div, content_height=79.2, margin.bottom=0.0, total_height=79.2, y after=569.4
  [UPDATE Y] child: div, content_height=79.2, margin.bottom=0.0, total_height=79.2, y after=648.6
  [UPDATE Y] child: div, content_height=697.6, margin.bottom=0.0, total_height=697.6, y after=809.7
[LAYOUT] Child element: div (parent: body)
  parent.content: x=20.0, y=20.0
  parent.padding: left=20.0, top=20.0
  child.margin: left=0.0, top=0.0
  y (accumulated): 2472.8
  child.content: x=20.0 (was 20.0), y=2492.8 (was 2492.8)
  [UPDATE Y] child: div, content_height=809.7, margin.bottom=0.0, total_height=809.7, y after=3282.5
[LAYOUT] Child element: text (parent: body)
  parent.content: x=20.0, y=20.0
  parent.padding: left=20.0, top=20.0
  child.margin: left=0.0, top=0.0
  y (accumulated): 3282.5
  child.content: x=20.0 (was 20.0), y=3302.5 (was 3302.5)
  [UPDATE Y] child: text, content_height=0.0, margin.bottom=0.0, total_height=0.0, y after=3282.5
[LAYOUT] Child element: div (parent: body)
  parent.content: x=20.0, y=20.0
  parent.padding: left=20.0, top=20.0
  child.margin: left=0.0, top=0.0
  y (accumulated): 3282.5
  child.content: x=20.0 (was 20.0), y=3302.5 (was 3302.5)
  [UPDATE Y] child: div, content_height=405.5, margin.bottom=0.0, total_height=405.5, y after=3688.0
[LAYOUT] Child element: text (parent: body)
  parent.content: x=20.0, y=20.0
  parent.padding: left=20.0, top=20.0
  child.margin: left=0.0, top=0.0
  y (accumulated): 3688.0
  child.content: x=20.0 (was 20.0), y=3708.0 (was 3708.0)
  [UPDATE Y] child: text, content_height=0.0, margin.bottom=0.0, total_height=0.0, y after=3688.0
[LAYOUT] Child element: div (parent: body)
  parent.content: x=20.0, y=20.0
  parent.padding: left=20.0, top=20.0
  child.margin: left=0.0, top=0.0
  y (accumulated): 3688.0
  child.content: x=20.0 (was 20.0), y=3708.0 (was 3708.0)
  [UPDATE Y] child: div, content_height=610.3, margin.bottom=0.0, total_height=610.3, y after=4298.4
[LAYOUT] Child element: text (parent: body)
  parent.content: x=20.0, y=20.0
  parent.padding: left=20.0, top=20.0
  child.margin: left=0.0, top=0.0
  y (accumulated): 4298.4
  child.content: x=20.0 (was 20.0), y=4318.4 (was 4318.4)
  [UPDATE Y] child: text, content_height=0.0, margin.bottom=0.0, total_height=0.0, y after=4298.4
  [UPDATE Y] child: div, content_height=117.2, margin.bottom=0.0, total_height=117.2, y after=273.9
[LAYOUT] Child element: div (parent: body)
  parent.content: x=20.0, y=20.0
  parent.padding: left=20.0, top=20.0
  child.margin: left=0.0, top=0.0
  y (accumulated): 4298.4
  child.content: x=20.0 (was 20.0), y=4318.4 (was 4318.4)
  [UPDATE Y] child: div, content_height=343.9, margin.bottom=0.0, total_height=343.9, y after=4642.3
[LAYOUT] Child element: text (parent: body)
  parent.content: x=20.0, y=20.0
  parent.padding: left=20.0, top=20.0
  child.margin: left=0.0, top=0.0
  y (accumulated): 4642.3
  child.content: x=20.0 (was 20.0), y=4662.3 (was 4662.3)
  [UPDATE Y] child: text, content_height=0.0, margin.bottom=0.0, total_height=0.0, y after=4642.3
  [UPDATE Y] child: div, content_height=71.2, margin.bottom=2.0, total_height=73.2, y after=132.4
  [UPDATE Y] child: div, content_height=160.4, margin.bottom=3.0, total_height=163.4, y after=224.6
  [UPDATE Y] child: div, content_height=258.6, margin.bottom=5.0, total_height=263.6, y after=364.1
[LAYOUT] Child element: div (parent: body)
  parent.content: x=20.0, y=20.0
  parent.padding: left=20.0, top=20.0
  child.margin: left=0.0, top=0.0
  y (accumulated): 4642.3
  child.content: x=20.0 (was 20.0), y=4662.3 (was 4662.3)
  [UPDATE Y] child: div, content_height=413.1, margin.bottom=0.0, total_height=413.1, y after=5055.4
[LAYOUT] Child element: text (parent: body)
  parent.content: x=20.0, y=20.0
  parent.padding: left=20.0, top=20.0
  child.margin: left=0.0, top=0.0
  y (accumulated): 5055.4
  child.content: x=20.0 (was 20.0), y=5075.4 (was 5075.4)
  [UPDATE Y] child: text, content_height=0.0, margin.bottom=0.0, total_height=0.0, y after=5055.4
[LAYOUT] Child element: div (parent: body)
  parent.content: x=20.0, y=20.0
  parent.padding: left=20.0, top=20.0
  child.margin: left=0.0, top=0.0
  y (accumulated): 5055.4
  child.content: x=20.0 (was 20.0), y=5075.4 (was 5075.4)
  [UPDATE Y] child: div, content_height=405.5, margin.bottom=0.0, total_height=405.5, y after=5460.9
[LAYOUT] Child element: text (parent: body)
  parent.content: x=20.0, y=20.0
  parent.padding: left=20.0, top=20.0
  child.margin: left=0.0, top=0.0
  y (accumulated): 5460.9
  child.content: x=20.0 (was 20.0), y=5480.9 (was 5480.9)
  [UPDATE Y] child: text, content_height=0.0, margin.bottom=0.0, total_height=0.0, y after=5460.9
  [UPDATE Y] child: div, content_height=222.4, margin.bottom=0.0, total_height=222.4, y after=222.4
  [UPDATE Y] child: div, content_height=91.2, margin.bottom=0.0, total_height=91.2, y after=245.4
  [UPDATE Y] child: div, content_height=294.4, margin.bottom=0.0, total_height=294.4, y after=516.8
  [UPDATE Y] child: div, content_height=516.8, margin.bottom=0.0, total_height=516.8, y after=622.3
  [UPDATE Y] child: div, content_height=115.2, margin.bottom=0.0, total_height=115.2, y after=737.5
[LAYOUT] Child element: div (parent: body)
  parent.content: x=20.0, y=20.0
  parent.padding: left=20.0, top=20.0
  child.margin: left=0.0, top=0.0
  y (accumulated): 5460.9
  child.content: x=20.0 (was 20.0), y=5480.9 (was 5480.9)
  [UPDATE Y] child: div, content_height=803.5, margin.bottom=0.0, total_height=803.5, y after=6264.4
[LAYOUT] Child element: text (parent: body)
  parent.content: x=20.0, y=20.0
  parent.padding: left=20.0, top=20.0
  child.margin: left=0.0, top=0.0
  y (accumulated): 6264.4
  child.content: x=20.0 (was 20.0), y=6284.4 (was 6284.4)
  [UPDATE Y] child: text, content_height=0.0, margin.bottom=0.0, total_height=0.0, y after=6264.4
[LAYOUT] Child element: div (parent: body)
  parent.content: x=20.0, y=20.0
  parent.padding: left=20.0, top=20.0
  child.margin: left=0.0, top=30.0
  y (accumulated): 6264.4
  child.content: x=20.0 (was 20.0), y=6314.4 (was 6314.4)
  [UPDATE Y] child: div, content_height=182.4, margin.bottom=0.0, total_height=182.4, y after=6446.8
[WIDTH DEBUG] h1: containing_block.width=1120.0, available_width=1120.0, calculated_width=1116.0
[WIDTH DEBUG] h1: containing_block.width=1086.0, available_width=1086.0, calculated_width=1086.0
[LAYOUT] Child element: h1 (parent: div)
  parent.content: x=20.0, y=111.4
  parent.padding: left=15.0, top=15.0
  child.margin: left=0.0, top=16.1
  y (accumulated): 15.0
  child.content: x=15.0 (was 15.0), y=142.5 (was 142.5)
  [UPDATE Y] child: h1, content_height=62.1, margin.bottom=16.1, total_height=78.2, y after=93.2
  [UPDATE Y] child: div, content_height=96.0, margin.bottom=0.0, total_height=96.0, y after=301.2
[WIDTH DEBUG] h1: containing_block.width=1086.0, available_width=1086.0, calculated_width=1086.0
  [UPDATE Y] child: div, content_height=59.2, margin.bottom=5.0, total_height=64.2, y after=138.2
  [UPDATE Y] child: div, content_height=59.2, margin.bottom=5.0, total_height=64.2, y after=202.4
  [UPDATE Y] child: div, content_height=59.2, margin.bottom=0.0, total_height=59.2, y after=267.8
  [UPDATE Y] child: div, content_height=99.2, margin.bottom=5.0, total_height=104.2, y after=119.2
  [UPDATE Y] child: div, content_height=99.2, margin.bottom=5.0, total_height=104.2, y after=223.4
  [UPDATE Y] child: div, content_height=99.2, margin.bottom=5.0, total_height=104.2, y after=327.6
  [UPDATE Y] child: div, content_height=99.2, margin.bottom=5.0, total_height=104.2, y after=431.8
  [UPDATE Y] child: div, content_height=99.2, margin.bottom=5.0, total_height=104.2, y after=536.0
  [UPDATE Y] child: div, content_height=585.0, margin.bottom=0.0, total_height=585.0, y after=697.1
  [UPDATE Y] child: div, content_height=99.2, margin.bottom=5.0, total_height=104.2, y after=119.2
  [UPDATE Y] child: div, content_height=99.2, margin.bottom=5.0, total_height=104.2, y after=223.4
  [UPDATE Y] child: div, content_height=99.2, margin.bottom=5.0, total_height=104.2, y after=327.6
  [UPDATE Y] child: div, content_height=334.0, margin.bottom=0.0, total_height=334.0, y after=1031.1
  [UPDATE Y] child: div, content_height=79.2, margin.bottom=0.0, total_height=79.2, y after=94.2
  [UPDATE Y] child: div, content_height=79.2, margin.bottom=0.0, total_height=79.2, y after=173.4
  [UPDATE Y] child: div, content_height=79.2, margin.bottom=0.0, total_height=79.2, y after=252.6
  [UPDATE Y] child: div, content_height=79.2, margin.bottom=0.0, total_height=79.2, y after=331.8
  [UPDATE Y] child: div, content_height=79.2, margin.bottom=0.0, total_height=79.2, y after=411.0
  [UPDATE Y] child: div, content_height=79.2, margin.bottom=0.0, total_height=79.2, y after=490.2
  [UPDATE Y] child: div, content_height=79.2, margin.bottom=0.0, total_height=79.2, y after=569.4
  [UPDATE Y] child: div, content_height=79.2, margin.bottom=0.0, total_height=79.2, y after=648.6
  [UPDATE Y] child: div, content_height=697.6, margin.bottom=0.0, total_height=697.6, y after=809.7
  [UPDATE Y] child: div, content_height=117.2, margin.bottom=0.0, total_height=117.2, y after=273.9
  [UPDATE Y] child: div, content_height=71.2, margin.bottom=2.0, total_height=73.2, y after=132.4
  [UPDATE Y] child: div, content_height=160.4, margin.bottom=3.0, total_height=163.4, y after=224.6
  [UPDATE Y] child: div, content_height=258.6, margin.bottom=5.0, total_height=263.6, y after=364.1
  [UPDATE Y] child: div, content_height=71.2, margin.bottom=2.0, total_height=73.2, y after=132.4
  [UPDATE Y] child: div, content_height=160.4, margin.bottom=3.0, total_height=163.4, y after=224.6
  [UPDATE Y] child: div, content_height=71.2, margin.bottom=2.0, total_height=73.2, y after=132.4
  [UPDATE Y] child: div, content_height=222.4, margin.bottom=0.0, total_height=222.4, y after=222.4
  [UPDATE Y] child: div, content_height=91.2, margin.bottom=0.0, total_height=91.2, y after=245.4
  [UPDATE Y] child: div, content_height=294.4, margin.bottom=0.0, total_height=294.4, y after=516.8
  [UPDATE Y] child: div, content_height=516.8, margin.bottom=0.0, total_height=516.8, y after=622.3
  [UPDATE Y] child: div, content_height=115.2, margin.bottom=0.0, total_height=115.2, y after=737.5
[STYLE] h1 font-size parsed: 32.0px
[STYLE] p font-size parsed: 32.0px
[LAYOUT] Element: html, is_root: true
  margin: top=0.0, right=0.0, bottom=0.0, left=0.0
  padding: top=0.0, right=0.0, bottom=0.0, left=0.0
  content: x=0.0, y=0.0, width=1200.0, height=0.0
  containing_block: width=1200.0, height=800.0
[LAYOUT] Root element (html) position set to (0, 0)
[LAYOUT] Element: body, is_root: false
  margin: top=0.0, right=0.0, bottom=0.0, left=0.0
  padding: top=20.0, right=20.0, bottom=20.0, left=20.0
  content: x=0.0, y=0.0, width=1160.0, height=0.0
  containing_block: width=1200.0, height=800.0
[LAYOUT] Body element position set: x=0.0, y=0.0 (margin: left=0.0, top=0.0)
[LAYOUT] Element: html, is_root: false
  margin: top=0.0, right=0.0, bottom=0.0, left=0.0
  padding: top=0.0, right=0.0, bottom=0.0, left=0.0
  content: x=0.0, y=0.0, width=1160.0, height=0.0
  containing_block: width=1160.0, height=800.0
[LAYOUT] Element: body, is_root: false
  margin: top=0.0, right=0.0, bottom=0.0, left=0.0
  padding: top=20.0, right=20.0, bottom=20.0, left=20.0
  content: x=0.0, y=0.0, width=1120.0, height=0.0
  containing_block: width=1160.0, height=800.0
[LAYOUT] Body element position set: x=0.0, y=0.0 (margin: left=0.0, top=0.0)
[CONTAINING BLOCK] body.content.width=1120.0, child_containing_block.width=1120.0
[WIDTH DEBUG] h1: containing_block.width=1120.0, available_width=1120.0, calculated_width=1120.0
  [TEXT HEIGHT] text: "ZBrowser功能测试...", font_size=32.0, line_height=46.0, height=46.0
[LAYOUT] Child element: h1 (parent: body)
  parent.content: x=0.0, y=0.0
  parent.padding: left=20.0, top=20.0
  child.margin: left=0.0, top=21.4
  y (accumulated): 20.0
  child.content: x=20.0 (was 0.0), y=41.4 (was 0.0)
  [UPDATE Y] child: h1, content_height=50.0, margin.bottom=21.4, total_height=71.4, y after=91.4
[LAYOUT] Child element: text (parent: body)
  parent.content: x=0.0, y=0.0
  parent.padding: left=20.0, top=20.0
  child.margin: left=0.0, top=0.0
  y (accumulated): 91.4
  child.content: x=20.0 (was 0.0), y=91.4 (was 0.0)
  [UPDATE Y] child: text, content_height=0.0, margin.bottom=0.0, total_height=0.0, y after=91.4
[WIDTH DEBUG] h1: containing_block.width=1086.0, available_width=1086.0, calculated_width=1086.0
  [TEXT HEIGHT] text: "块级布局测试...", font_size=32.0, line_height=46.0, height=46.0
[LAYOUT] Child element: h1 (parent: div)
  parent.content: x=0.0, y=0.0
  parent.padding: left=15.0, top=15.0
  child.margin: left=0.0, top=16.1
  y (accumulated): 15.0
  child.content: x=15.0 (was 0.0), y=31.1 (was 0.0)
  [UPDATE Y] child: h1, content_height=62.1, margin.bottom=16.1, total_height=78.2, y after=93.2
  [TEXT HEIGHT] text: "这是一个块级�...", font_size=16.0, line_height=24.0, height=24.0
  [TEXT HEIGHT] text: "这是另一个段�...", font_size=16.0, line_height=24.0, height=24.0
  [TEXT HEIGHT] text: "嵌套的div块级�...", font_size=16.0, line_height=24.0, height=24.0
  [UPDATE Y] child: div, content_height=96.0, margin.bottom=0.0, total_height=96.0, y after=301.2
[LAYOUT] Child element: div (parent: body)
  parent.content: x=0.0, y=0.0
  parent.padding: left=20.0, top=20.0
  child.margin: left=0.0, top=0.0
  y (accumulated): 91.4
  child.content: x=20.0 (was 0.0), y=91.4 (was 0.0)
  [UPDATE Y] child: div, content_height=350.2, margin.bottom=0.0, total_height=350.2, y after=441.6
[LAYOUT] Child element: text (parent: body)
  parent.content: x=0.0, y=0.0
  parent.padding: left=20.0, top=20.0
  child.margin: left=0.0, top=0.0
  y (accumulated): 441.6
  child.content: x=20.0 (was 0.0), y=441.6 (was 0.0)
  [UPDATE Y] child: text, content_height=0.0, margin.bottom=0.0, total_height=0.0, y after=441.6
  [TEXT HEIGHT] text: "
      这是行内�...", font_size=16.0, line_height=19.2, height=19.2
  [TEXT HEIGHT] text: "行内元素不会�...", font_size=16.0, line_height=19.2, height=19.2
[LAYOUT] Child element: div (parent: body)
  parent.content: x=0.0, y=0.0
  parent.padding: left=20.0, top=20.0
  child.margin: left=0.0, top=0.0
  y (accumulated): 441.6
  child.content: x=20.0 (was 0.0), y=441.6 (was 0.0)
  [UPDATE Y] child: div, content_height=329.4, margin.bottom=0.0, total_height=329.4, y after=771.0
[LAYOUT] Child element: text (parent: body)
  parent.content: x=0.0, y=0.0
  parent.padding: left=20.0, top=20.0
  child.margin: left=0.0, top=0.0
  y (accumulated): 771.0
  child.content: x=20.0 (was 0.0), y=771.0 (was 0.0)
  [UPDATE Y] child: text, content_height=0.0, margin.bottom=0.0, total_height=0.0, y after=771.0
  [UPDATE Y] child: div, content_height=59.2, margin.bottom=5.0, total_height=64.2, y after=138.2
  [UPDATE Y] child: div, content_height=59.2, margin.bottom=5.0, total_height=64.2, y after=202.4
[LAYOUT] Child element: div (parent: body)
  parent.content: x=0.0, y=0.0
  parent.padding: left=20.0, top=20.0
  child.margin: left=0.0, top=0.0
  y (accumulated): 771.0
  child.content: x=20.0 (was 0.0), y=771.0 (was 0.0)
  [UPDATE Y] child: div, content_height=334.0, margin.bottom=0.0, total_height=334.0, y after=1105.0
[LAYOUT] Child element: text (parent: body)
  parent.content: x=0.0, y=0.0
  parent.padding: left=20.0, top=20.0
  child.margin: left=0.0, top=0.0
  y (accumulated): 1105.0
  child.content: x=20.0 (was 0.0), y=1105.0 (was 0.0)
  [UPDATE Y] child: text, content_height=0.0, margin.bottom=0.0, total_height=0.0, y after=1105.0
  [TEXT HEIGHT] text: "左浮动元素...", font_size=16.0, line_height=19.2, height=19.2
  [TEXT HEIGHT] text: "这个元素会浮�...", font_size=16.0, line_height=19.2, height=19.2
  [TEXT HEIGHT] text: "右浮动元素...", font_size=16.0, line_height=19.2, height=19.2
  [TEXT HEIGHT] text: "这个元素会浮�...", font_size=16.0, line_height=19.2, height=19.2
  [TEXT HEIGHT] text: "这是正常流中�...", font_size=16.0, line_height=19.2, height=19.2
  [UPDATE Y] child: div, content_height=59.2, margin.bottom=0.0, total_height=59.2, y after=287.8
[LAYOUT] Child element: div (parent: body)
  parent.content: x=0.0, y=0.0
  parent.padding: left=20.0, top=20.0
  child.margin: left=0.0, top=0.0
  y (accumulated): 1105.0
  child.content: x=20.0 (was 0.0), y=1105.0 (was 0.0)
  [UPDATE Y] child: div, content_height=336.8, margin.bottom=0.0, total_height=336.8, y after=1441.8
[LAYOUT] Child element: text (parent: body)
  parent.content: x=0.0, y=0.0
  parent.padding: left=20.0, top=20.0
  child.margin: left=0.0, top=0.0
  y (accumulated): 1441.8
  child.content: x=20.0 (was 0.0), y=1441.8 (was 0.0)
  [UPDATE Y] child: text, content_height=0.0, margin.bottom=0.0, total_height=0.0, y after=1441.8
  [UPDATE Y] child: div, content_height=99.2, margin.bottom=5.0, total_height=104.2, y after=119.2
  [UPDATE Y] child: div, content_height=99.2, margin.bottom=5.0, total_height=104.2, y after=223.4
  [UPDATE Y] child: div, content_height=99.2, margin.bottom=5.0, total_height=104.2, y after=327.6
  [UPDATE Y] child: div, content_height=99.2, margin.bottom=5.0, total_height=104.2, y after=431.8
  [UPDATE Y] child: div, content_height=99.2, margin.bottom=5.0, total_height=104.2, y after=536.0
  [UPDATE Y] child: div, content_height=585.0, margin.bottom=0.0, total_height=585.0, y after=697.1
  [UPDATE Y] child: div, content_height=99.2, margin.bottom=5.0, total_height=104.2, y after=119.2
  [UPDATE Y] child: div, content_height=99.2, margin.bottom=5.0, total_height=104.2, y after=223.4
  [UPDATE Y] child: div, content_height=99.2, margin.bottom=5.0, total_height=104.2, y after=327.6
  [UPDATE Y] child: div, content_height=334.0, margin.bottom=0.0, total_height=334.0, y after=1031.1
[LAYOUT] Child element: div (parent: body)
  parent.content: x=0.0, y=0.0
  parent.padding: left=20.0, top=20.0
  child.margin: left=0.0, top=0.0
  y (accumulated): 1441.8
  child.content: x=20.0 (was 0.0), y=1441.8 (was 0.0)
  [UPDATE Y] child: div, content_height=1031.1, margin.bottom=0.0, total_height=1031.1, y after=2472.8
[LAYOUT] Child element: text (parent: body)
  parent.content: x=0.0, y=0.0
  parent.padding: left=20.0, top=20.0
  child.margin: left=0.0, top=0.0
  y (accumulated): 2472.8
  child.content: x=20.0 (was 0.0), y=2472.8 (was 0.0)
  [UPDATE Y] child: text, content_height=0.0, margin.bottom=0.0, total_height=0.0, y after=2472.8
  [UPDATE Y] child: div, content_height=79.2, margin.bottom=0.0, total_height=79.2, y after=94.2
  [UPDATE Y] child: div, content_height=79.2, margin.bottom=0.0, total_height=79.2, y after=173.4
  [UPDATE Y] child: div, content_height=79.2, margin.bottom=0.0, total_height=79.2, y after=252.6
  [UPDATE Y] child: div, content_height=79.2, margin.bottom=0.0, total_height=79.2, y after=331.8
  [UPDATE Y] child: div, content_height=79.2, margin.bottom=0.0, total_height=79.2, y after=411.0
  [UPDATE Y] child: div, content_height=79.2, margin.bottom=0.0, total_height=79.2, y after=490.2
  [UPDATE Y] child: div, content_height=79.2, margin.bottom=0.0, total_height=79.2, y after=569.4
  [UPDATE Y] child: div, content_height=79.2, margin.bottom=0.0, total_height=79.2, y after=648.6
  [UPDATE Y] child: div, content_height=697.6, margin.bottom=0.0, total_height=697.6, y after=809.7
[LAYOUT] Child element: div (parent: body)
  parent.content: x=0.0, y=0.0
  parent.padding: left=20.0, top=20.0
  child.margin: left=0.0, top=0.0
  y (accumulated): 2472.8
  child.content: x=20.0 (was 0.0), y=2472.8 (was 0.0)
  [UPDATE Y] child: div, content_height=809.7, margin.bottom=0.0, total_height=809.7, y after=3282.5
[LAYOUT] Child element: text (parent: body)
  parent.content: x=0.0, y=0.0
  parent.padding: left=20.0, top=20.0
  child.margin: left=0.0, top=0.0
  y (accumulated): 3282.5
  child.content: x=20.0 (was 0.0), y=3282.5 (was 0.0)
  [UPDATE Y] child: text, content_height=0.0, margin.bottom=0.0, total_height=0.0, y after=3282.5
  [TEXT HEIGHT] text: "大号文本（32px�...", font_size=16.0, line_height=19.2, height=19.2
  [TEXT HEIGHT] text: "中等文本（20px�...", font_size=16.0, line_height=19.2, height=19.2
  [TEXT HEIGHT] text: "小号文本（12px�...", font_size=16.0, line_height=19.2, height=19.2
  [TEXT HEIGHT] text: "下划线文本...", font_size=16.0, line_height=19.2, height=19.2
  [TEXT HEIGHT] text: "删除线文本...", font_size=16.0, line_height=19.2, height=19.2
[LAYOUT] Child element: div (parent: body)
  parent.content: x=0.0, y=0.0
  parent.padding: left=20.0, top=20.0
  child.margin: left=0.0, top=0.0
  y (accumulated): 3282.5
  child.content: x=20.0 (was 0.0), y=3282.5 (was 0.0)
  [UPDATE Y] child: div, content_height=405.5, margin.bottom=0.0, total_height=405.5, y after=3688.0
[LAYOUT] Child element: text (parent: body)
  parent.content: x=0.0, y=0.0
  parent.padding: left=20.0, top=20.0
  child.margin: left=0.0, top=0.0
  y (accumulated): 3688.0
  child.content: x=20.0 (was 0.0), y=3688.0 (was 0.0)
  [UPDATE Y] child: text, content_height=0.0, margin.bottom=0.0, total_height=0.0, y after=3688.0
  [TEXT HEIGHT] text: "这是一个测试�...", font_size=16.0, line_height=25.6, height=25.6
  [TEXT HEIGHT] text: "這是一個測試�...", font_size=16.0, line_height=25.6, height=25.6
  [TEXT HEIGHT] text: "これはテスト�...", font_size=16.0, line_height=25.6, height=25.6
  [TEXT HEIGHT] text: "이것은 테스트 ...", font_size=16.0, line_height=25.6, height=25.6
  [TEXT HEIGHT] text: "This is a test page ...", font_size=16.0, line_height=25.6, height=25.6
  [TEXT HEIGHT] text: "混合文本 Mixed T...", font_size=16.0, line_height=25.6, height=25.6
[LAYOUT] Child element: div (parent: body)
  parent.content: x=0.0, y=0.0
  parent.padding: left=20.0, top=20.0
  child.margin: left=0.0, top=0.0
  y (accumulated): 3688.0
  child.content: x=20.0 (was 0.0), y=3688.0 (was 0.0)
  [UPDATE Y] child: div, content_height=610.3, margin.bottom=0.0, total_height=610.3, y after=4298.4
[LAYOUT] Child element: text (parent: body)
  parent.content: x=0.0, y=0.0
  parent.padding: left=20.0, top=20.0
  child.margin: left=0.0, top=0.0
  y (accumulated): 4298.4
  child.content: x=20.0 (was 0.0), y=4298.4 (was 0.0)
  [UPDATE Y] child: text, content_height=0.0, margin.bottom=0.0, total_height=0.0, y after=4298.4
  [TEXT HEIGHT] text: "这个区域有实�...", font_size=16.0, line_height=19.2, height=19.2
  [TEXT HEIGHT] text: "这个区域有虚�...", font_size=16.0, line_height=19.2, height=19.2
  [UPDATE Y] child: div, content_height=117.2, margin.bottom=0.0, total_height=117.2, y after=273.9
[LAYOUT] Child element: div (parent: body)
  parent.content: x=0.0, y=0.0
  parent.padding: left=20.0, top=20.0
  child.margin: left=0.0, top=0.0
  y (accumulated): 4298.4
  child.content: x=20.0 (was 0.0), y=4298.4 (was 0.0)
  [UPDATE Y] child: div, content_height=343.9, margin.bottom=0.0, total_height=343.9, y after=4642.3
[LAYOUT] Child element: text (parent: body)
  parent.content: x=0.0, y=0.0
  parent.padding: left=20.0, top=20.0
  child.margin: left=0.0, top=0.0
  y (accumulated): 4642.3
  child.content: x=20.0 (was 0.0), y=4642.3 (was 0.0)
  [UPDATE Y] child: text, content_height=0.0, margin.bottom=0.0, total_height=0.0, y after=4642.3
  [TEXT HEIGHT] text: "第一层嵌套...", font_size=16.0, line_height=19.2, height=19.2
  [TEXT HEIGHT] text: "第二层嵌套...", font_size=16.0, line_height=19.2, height=19.2
  [TEXT HEIGHT] text: "第三层嵌套...", font_size=16.0, line_height=19.2, height=19.2
  [UPDATE Y] child: div, content_height=71.2, margin.bottom=2.0, total_height=73.2, y after=132.4
  [UPDATE Y] child: div, content_height=160.4, margin.bottom=3.0, total_height=163.4, y after=224.6
  [UPDATE Y] child: div, content_height=258.6, margin.bottom=5.0, total_height=263.6, y after=364.1
[LAYOUT] Child element: div (parent: body)
  parent.content: x=0.0, y=0.0
  parent.padding: left=20.0, top=20.0
  child.margin: left=0.0, top=0.0
  y (accumulated): 4642.3
  child.content: x=20.0 (was 0.0), y=4642.3 (was 0.0)
  [UPDATE Y] child: div, content_height=413.1, margin.bottom=0.0, total_height=413.1, y after=5055.4
[LAYOUT] Child element: text (parent: body)
  parent.content: x=0.0, y=0.0
  parent.padding: left=20.0, top=20.0
  child.margin: left=0.0, top=0.0
  y (accumulated): 5055.4
  child.content: x=20.0 (was 0.0), y=5055.4 (was 0.0)
  [UPDATE Y] child: text, content_height=0.0, margin.bottom=0.0, total_height=0.0, y after=5055.4
  [TEXT HEIGHT] text: "HTML实体：<div> &...", font_size=16.0, line_height=19.2, height=19.2
  [TEXT HEIGHT] text: "Unicode字符：© �...", font_size=16.0, line_height=19.2, height=19.2
  [TEXT HEIGHT] text: "数学符号：∑ �...", font_size=16.0, line_height=19.2, height=19.2
  [TEXT HEIGHT] text: "箭头符号：← �...", font_size=16.0, line_height=19.2, height=19.2
  [TEXT HEIGHT] text: "Emoji：😀 😃 �...", font_size=16.0, line_height=19.2, height=19.2
[LAYOUT] Child element: div (parent: body)
  parent.content: x=0.0, y=0.0
  parent.padding: left=20.0, top=20.0
  child.margin: left=0.0, top=0.0
  y (accumulated): 5055.4
  child.content: x=20.0 (was 0.0), y=5055.4 (was 0.0)
  [UPDATE Y] child: div, content_height=405.5, margin.bottom=0.0, total_height=405.5, y after=5460.9
[LAYOUT] Child element: text (parent: body)
  parent.content: x=0.0, y=0.0
  parent.padding: left=20.0, top=20.0
  child.margin: left=0.0, top=0.0
  y (accumulated): 5460.9
  child.content: x=20.0 (was 0.0), y=5460.9 (was 0.0)
  [UPDATE Y] child: text, content_height=0.0, margin.bottom=0.0, total_height=0.0, y after=5460.9
  [TEXT HEIGHT] text: "包含块级和行�...", font_size=16.0, line_height=19.2, height=19.2
  [UPDATE Y] child: div, content_height=222.4, margin.bottom=0.0, total_height=222.4, y after=222.4
  [TEXT HEIGHT] text: "另一个Flex子项�...", font_size=16.0, line_height=19.2, height=19.2
  [TEXT HEIGHT] text: "嵌套的div...", font_size=16.0, line_height=19.2, height=19.2
  [UPDATE Y] child: div, content_height=91.2, margin.bottom=0.0, total_height=91.2, y after=245.4
  [UPDATE Y] child: div, content_height=294.4, margin.bottom=0.0, total_height=294.4, y after=516.8
  [UPDATE Y] child: div, content_height=516.8, margin.bottom=0.0, total_height=516.8, y after=622.3
  [TEXT HEIGHT] text: "相对定位容器...", font_size=16.0, line_height=19.2, height=19.2
  [UPDATE Y] child: div, content_height=115.2, margin.bottom=0.0, total_height=115.2, y after=737.5
[LAYOUT] Child element: div (parent: body)
  parent.content: x=0.0, y=0.0
  parent.padding: left=20.0, top=20.0
  child.margin: left=0.0, top=0.0
  y (accumulated): 5460.9
  child.content: x=20.0 (was 0.0), y=5460.9 (was 0.0)
  [UPDATE Y] child: div, content_height=803.5, margin.bottom=0.0, total_height=803.5, y after=6264.4
[LAYOUT] Child element: text (parent: body)
  parent.content: x=0.0, y=0.0
  parent.padding: left=20.0, top=20.0
  child.margin: left=0.0, top=0.0
  y (accumulated): 6264.4
  child.content: x=20.0 (was 0.0), y=6264.4 (was 0.0)
  [UPDATE Y] child: text, content_height=0.0, margin.bottom=0.0, total_height=0.0, y after=6264.4
  [TEXT HEIGHT] text: "ZBrowser功能测试...", font_size=16.0, line_height=19.2, height=19.2
  [TEXT HEIGHT] text: "包含：块级布�...", font_size=16.0, line_height=19.2, height=19.2
[LAYOUT] Child element: div (parent: body)
  parent.content: x=0.0, y=0.0
  parent.padding: left=20.0, top=20.0
  child.margin: left=0.0, top=30.0
  y (accumulated): 6264.4
  child.content: x=20.0 (was 0.0), y=6294.4 (was 0.0)
  [UPDATE Y] child: div, content_height=182.4, margin.bottom=0.0, total_height=182.4, y after=6446.8
[LAYOUT] Child element: body (parent: html)
  parent.content: x=0.0, y=0.0
  parent.padding: left=0.0, top=0.0
  child.margin: left=0.0, top=0.0
  y (accumulated): 0.0
  child.content: x=0.0 (was 0.0), y=0.0 (was 0.0)
  [UPDATE Y] child: body, content_height=6506.8, margin.bottom=0.0, total_height=6506.8, y after=6506.8
[LAYOUT] Child element: !DOCTYPE (parent: body)
  parent.content: x=0.0, y=0.0
  parent.padding: left=20.0, top=20.0
  child.margin: left=0.0, top=0.0
  y (accumulated): 20.0
  child.content: x=20.0 (was 0.0), y=20.0 (was 0.0)
  [UPDATE Y] child: !DOCTYPE, content_height=6506.8, margin.bottom=0.0, total_height=6506.8, y after=6526.8
[LAYOUT] Child element: body (parent: html)
  parent.content: x=0.0, y=0.0
  parent.padding: left=0.0, top=0.0
  child.margin: left=0.0, top=0.0
  y (accumulated): 0.0
  child.content: x=0.0 (was 0.0), y=0.0 (was 0.0)
  [UPDATE Y] child: body, content_height=6586.8, margin.bottom=0.0, total_height=6586.8, y after=6586.8
[LAYOUT] Element: body, is_root: false
  margin: top=0.0, right=0.0, bottom=0.0, left=0.0
  padding: top=20.0, right=20.0, bottom=20.0, left=20.0
  content: x=0.0, y=0.0, width=1160.0, height=6546.8
  containing_block: width=1200.0, height=6586.8
[LAYOUT] Body element position set: x=0.0, y=0.0 (margin: left=0.0, top=0.0)
[LAYOUT] Element: html, is_root: false
  margin: top=0.0, right=0.0, bottom=0.0, left=0.0
  padding: top=0.0, right=0.0, bottom=0.0, left=0.0
  content: x=0.0, y=0.0, width=1160.0, height=6506.8
  containing_block: width=1160.0, height=6586.8
[LAYOUT] Element: body, is_root: false
  margin: top=0.0, right=0.0, bottom=0.0, left=0.0
  padding: top=20.0, right=20.0, bottom=20.0, left=20.0
  content: x=0.0, y=0.0, width=1120.0, height=6466.8
  containing_block: width=1160.0, height=6586.8
[LAYOUT] Body element position set: x=0.0, y=0.0 (margin: left=0.0, top=0.0)
[CONTAINING BLOCK] body.content.width=1120.0, child_containing_block.width=1120.0
[WIDTH DEBUG] h1: containing_block.width=1120.0, available_width=1120.0, calculated_width=1116.0
[LAYOUT] Child element: h1 (parent: body)
  parent.content: x=0.0, y=0.0
  parent.padding: left=20.0, top=20.0
  child.margin: left=0.0, top=21.4
  y (accumulated): 20.0
  child.content: x=20.0 (was 20.0), y=41.4 (was 41.4)
  [UPDATE Y] child: h1, content_height=50.0, margin.bottom=21.4, total_height=71.4, y after=91.4
[LAYOUT] Child element: text (parent: body)
  parent.content: x=0.0, y=0.0
  parent.padding: left=20.0, top=20.0
  child.margin: left=0.0, top=0.0
  y (accumulated): 91.4
  child.content: x=20.0 (was 20.0), y=91.4 (was 91.4)
  [UPDATE Y] child: text, content_height=0.0, margin.bottom=0.0, total_height=0.0, y after=91.4
[WIDTH DEBUG] h1: containing_block.width=1086.0, available_width=1086.0, calculated_width=1086.0
[LAYOUT] Child element: h1 (parent: div)
  parent.content: x=20.0, y=91.4
  parent.padding: left=15.0, top=15.0
  child.margin: left=0.0, top=16.1
  y (accumulated): 15.0
  child.content: x=15.0 (was 15.0), y=122.5 (was 31.1)
  [UPDATE Y] child: h1, content_height=62.1, margin.bottom=16.1, total_height=78.2, y after=93.2
  [UPDATE Y] child: div, content_height=96.0, margin.bottom=0.0, total_height=96.0, y after=301.2
[LAYOUT] Child element: div (parent: body)
  parent.content: x=0.0, y=0.0
  parent.padding: left=20.0, top=20.0
  child.margin: left=0.0, top=0.0
  y (accumulated): 91.4
  child.content: x=20.0 (was 20.0), y=91.4 (was 91.4)
  [UPDATE Y] child: div, content_height=350.2, margin.bottom=0.0, total_height=350.2, y after=441.6
[LAYOUT] Child element: text (parent: body)
  parent.content: x=0.0, y=0.0
  parent.padding: left=20.0, top=20.0
  child.margin: left=0.0, top=0.0
  y (accumulated): 441.6
  child.content: x=20.0 (was 20.0), y=441.6 (was 441.6)
  [UPDATE Y] child: text, content_height=0.0, margin.bottom=0.0, total_height=0.0, y after=441.6
[LAYOUT] Child element: div (parent: body)
  parent.content: x=0.0, y=0.0
  parent.padding: left=20.0, top=20.0
  child.margin: left=0.0, top=0.0
  y (accumulated): 441.6
  child.content: x=20.0 (was 20.0), y=441.6 (was 441.6)
  [UPDATE Y] child: div, content_height=329.4, margin.bottom=0.0, total_height=329.4, y after=771.0
[LAYOUT] Child element: text (parent: body)
  parent.content: x=0.0, y=0.0
  parent.padding: left=20.0, top=20.0
  child.margin: left=0.0, top=0.0
  y (accumulated): 771.0
  child.content: x=20.0 (was 20.0), y=771.0 (was 771.0)
  [UPDATE Y] child: text, content_height=0.0, margin.bottom=0.0, total_height=0.0, y after=771.0
  [UPDATE Y] child: div, content_height=59.2, margin.bottom=5.0, total_height=64.2, y after=138.2
  [UPDATE Y] child: div, content_height=59.2, margin.bottom=5.0, total_height=64.2, y after=202.4
[LAYOUT] Child element: div (parent: body)
  parent.content: x=0.0, y=0.0
  parent.padding: left=20.0, top=20.0
  child.margin: left=0.0, top=0.0
  y (accumulated): 771.0
  child.content: x=20.0 (was 20.0), y=771.0 (was 771.0)
  [UPDATE Y] child: div, content_height=334.0, margin.bottom=0.0, total_height=334.0, y after=1105.0
[LAYOUT] Child element: text (parent: body)
  parent.content: x=0.0, y=0.0
  parent.padding: left=20.0, top=20.0
  child.margin: left=0.0, top=0.0
  y (accumulated): 1105.0
  child.content: x=20.0 (was 20.0), y=1105.0 (was 1105.0)
  [UPDATE Y] child: text, content_height=0.0, margin.bottom=0.0, total_height=0.0, y after=1105.0
  [UPDATE Y] child: div, content_height=59.2, margin.bottom=0.0, total_height=59.2, y after=287.8
[LAYOUT] Child element: div (parent: body)
  parent.content: x=0.0, y=0.0
  parent.padding: left=20.0, top=20.0
  child.margin: left=0.0, top=0.0
  y (accumulated): 1105.0
  child.content: x=20.0 (was 20.0), y=1105.0 (was 1105.0)
  [UPDATE Y] child: div, content_height=336.8, margin.bottom=0.0, total_height=336.8, y after=1441.8
[LAYOUT] Child element: text (parent: body)
  parent.content: x=0.0, y=0.0
  parent.padding: left=20.0, top=20.0
  child.margin: left=0.0, top=0.0
  y (accumulated): 1441.8
  child.content: x=20.0 (was 20.0), y=1441.8 (was 1441.8)
  [UPDATE Y] child: text, content_height=0.0, margin.bottom=0.0, total_height=0.0, y after=1441.8
  [UPDATE Y] child: div, content_height=99.2, margin.bottom=5.0, total_height=104.2, y after=119.2
  [UPDATE Y] child: div, content_height=99.2, margin.bottom=5.0, total_height=104.2, y after=223.4
  [UPDATE Y] child: div, content_height=99.2, margin.bottom=5.0, total_height=104.2, y after=327.6
  [UPDATE Y] child: div, content_height=99.2, margin.bottom=5.0, total_height=104.2, y after=431.8
  [UPDATE Y] child: div, content_height=99.2, margin.bottom=5.0, total_height=104.2, y after=536.0
  [UPDATE Y] child: div, content_height=585.0, margin.bottom=0.0, total_height=585.0, y after=697.1
  [UPDATE Y] child: div, content_height=99.2, margin.bottom=5.0, total_height=104.2, y after=119.2
  [UPDATE Y] child: div, content_height=99.2, margin.bottom=5.0, total_height=104.2, y after=223.4
  [UPDATE Y] child: div, content_height=99.2, margin.bottom=5.0, total_height=104.2, y after=327.6
  [UPDATE Y] child: div, content_height=334.0, margin.bottom=0.0, total_height=334.0, y after=1031.1
[LAYOUT] Child element: div (parent: body)
  parent.content: x=0.0, y=0.0
  parent.padding: left=20.0, top=20.0
  child.margin: left=0.0, top=0.0
  y (accumulated): 1441.8
  child.content: x=20.0 (was 20.0), y=1441.8 (was 1441.8)
  [UPDATE Y] child: div, content_height=1031.1, margin.bottom=0.0, total_height=1031.1, y after=2472.8
[LAYOUT] Child element: text (parent: body)
  parent.content: x=0.0, y=0.0
  parent.padding: left=20.0, top=20.0
  child.margin: left=0.0, top=0.0
  y (accumulated): 2472.8
  child.content: x=20.0 (was 20.0), y=2472.8 (was 2472.8)
  [UPDATE Y] child: text, content_height=0.0, margin.bottom=0.0, total_height=0.0, y after=2472.8
  [UPDATE Y] child: div, content_height=79.2, margin.bottom=0.0, total_height=79.2, y after=94.2
  [UPDATE Y] child: div, content_height=79.2, margin.bottom=0.0, total_height=79.2, y after=173.4
  [UPDATE Y] child: div, content_height=79.2, margin.bottom=0.0, total_height=79.2, y after=252.6
  [UPDATE Y] child: div, content_height=79.2, margin.bottom=0.0, total_height=79.2, y after=331.8
  [UPDATE Y] child: div, content_height=79.2, margin.bottom=0.0, total_height=79.2, y after=411.0
  [UPDATE Y] child: div, content_height=79.2, margin.bottom=0.0, total_height=79.2, y after=490.2
  [UPDATE Y] child: div, content_height=79.2, margin.bottom=0.0, total_height=79.2, y after=569.4
  [UPDATE Y] child: div, content_height=79.2, margin.bottom=0.0, total_height=79.2, y after=648.6
  [UPDATE Y] child: div, content_height=697.6, margin.bottom=0.0, total_height=697.6, y after=809.7
[LAYOUT] Child element: div (parent: body)
  parent.content: x=0.0, y=0.0
  parent.padding: left=20.0, top=20.0
  child.margin: left=0.0, top=0.0
  y (accumulated): 2472.8
  child.content: x=20.0 (was 20.0), y=2472.8 (was 2472.8)
  [UPDATE Y] child: div, content_height=809.7, margin.bottom=0.0, total_height=809.7, y after=3282.5
[LAYOUT] Child element: text (parent: body)
  parent.content: x=0.0, y=0.0
  parent.padding: left=20.0, top=20.0
  child.margin: left=0.0, top=0.0
  y (accumulated): 3282.5
  child.content: x=20.0 (was 20.0), y=3282.5 (was 3282.5)
  [UPDATE Y] child: text, content_height=0.0, margin.bottom=0.0, total_height=0.0, y after=3282.5
[LAYOUT] Child element: div (parent: body)
  parent.content: x=0.0, y=0.0
  parent.padding: left=20.0, top=20.0
  child.margin: left=0.0, top=0.0
  y (accumulated): 3282.5
  child.content: x=20.0 (was 20.0), y=3282.5 (was 3282.5)
  [UPDATE Y] child: div, content_height=405.5, margin.bottom=0.0, total_height=405.5, y after=3688.0
[LAYOUT] Child element: text (parent: body)
  parent.content: x=0.0, y=0.0
  parent.padding: left=20.0, top=20.0
  child.margin: left=0.0, top=0.0
  y (accumulated): 3688.0
  child.content: x=20.0 (was 20.0), y=3688.0 (was 3688.0)
  [UPDATE Y] child: text, content_height=0.0, margin.bottom=0.0, total_height=0.0, y after=3688.0
[LAYOUT] Child element: div (parent: body)
  parent.content: x=0.0, y=0.0
  parent.padding: left=20.0, top=20.0
  child.margin: left=0.0, top=0.0
  y (accumulated): 3688.0
  child.content: x=20.0 (was 20.0), y=3688.0 (was 3688.0)
  [UPDATE Y] child: div, content_height=610.3, margin.bottom=0.0, total_height=610.3, y after=4298.4
[LAYOUT] Child element: text (parent: body)
  parent.content: x=0.0, y=0.0
  parent.padding: left=20.0, top=20.0
  child.margin: left=0.0, top=0.0
  y (accumulated): 4298.4
  child.content: x=20.0 (was 20.0), y=4298.4 (was 4298.4)
  [UPDATE Y] child: text, content_height=0.0, margin.bottom=0.0, total_height=0.0, y after=4298.4
  [UPDATE Y] child: div, content_height=117.2, margin.bottom=0.0, total_height=117.2, y after=273.9
[LAYOUT] Child element: div (parent: body)
  parent.content: x=0.0, y=0.0
  parent.padding: left=20.0, top=20.0
  child.margin: left=0.0, top=0.0
  y (accumulated): 4298.4
  child.content: x=20.0 (was 20.0), y=4298.4 (was 4298.4)
  [UPDATE Y] child: div, content_height=343.9, margin.bottom=0.0, total_height=343.9, y after=4642.3
[LAYOUT] Child element: text (parent: body)
  parent.content: x=0.0, y=0.0
  parent.padding: left=20.0, top=20.0
  child.margin: left=0.0, top=0.0
  y (accumulated): 4642.3
  child.content: x=20.0 (was 20.0), y=4642.3 (was 4642.3)
  [UPDATE Y] child: text, content_height=0.0, margin.bottom=0.0, total_height=0.0, y after=4642.3
  [UPDATE Y] child: div, content_height=71.2, margin.bottom=2.0, total_height=73.2, y after=132.4
  [UPDATE Y] child: div, content_height=160.4, margin.bottom=3.0, total_height=163.4, y after=224.6
  [UPDATE Y] child: div, content_height=258.6, margin.bottom=5.0, total_height=263.6, y after=364.1
[LAYOUT] Child element: div (parent: body)
  parent.content: x=0.0, y=0.0
  parent.padding: left=20.0, top=20.0
  child.margin: left=0.0, top=0.0
  y (accumulated): 4642.3
  child.content: x=20.0 (was 20.0), y=4642.3 (was 4642.3)
  [UPDATE Y] child: div, content_height=413.1, margin.bottom=0.0, total_height=413.1, y after=5055.4
[LAYOUT] Child element: text (parent: body)
  parent.content: x=0.0, y=0.0
  parent.padding: left=20.0, top=20.0
  child.margin: left=0.0, top=0.0
  y (accumulated): 5055.4
  child.content: x=20.0 (was 20.0), y=5055.4 (was 5055.4)
  [UPDATE Y] child: text, content_height=0.0, margin.bottom=0.0, total_height=0.0, y after=5055.4
[LAYOUT] Child element: div (parent: body)
  parent.content: x=0.0, y=0.0
  parent.padding: left=20.0, top=20.0
  child.margin: left=0.0, top=0.0
  y (accumulated): 5055.4
  child.content: x=20.0 (was 20.0), y=5055.4 (was 5055.4)
  [UPDATE Y] child: div, content_height=405.5, margin.bottom=0.0, total_height=405.5, y after=5460.9
[LAYOUT] Child element: text (parent: body)
  parent.content: x=0.0, y=0.0
  parent.padding: left=20.0, top=20.0
  child.margin: left=0.0, top=0.0
  y (accumulated): 5460.9
  child.content: x=20.0 (was 20.0), y=5460.9 (was 5460.9)
  [UPDATE Y] child: text, content_height=0.0, margin.bottom=0.0, total_height=0.0, y after=5460.9
  [UPDATE Y] child: div, content_height=222.4, margin.bottom=0.0, total_height=222.4, y after=222.4
  [UPDATE Y] child: div, content_height=91.2, margin.bottom=0.0, total_height=91.2, y after=245.4
  [UPDATE Y] child: div, content_height=294.4, margin.bottom=0.0, total_height=294.4, y after=516.8
  [UPDATE Y] child: div, content_height=516.8, margin.bottom=0.0, total_height=516.8, y after=622.3
  [UPDATE Y] child: div, content_height=115.2, margin.bottom=0.0, total_height=115.2, y after=737.5
[LAYOUT] Child element: div (parent: body)
  parent.content: x=0.0, y=0.0
  parent.padding: left=20.0, top=20.0
  child.margin: left=0.0, top=0.0
  y (accumulated): 5460.9
  child.content: x=20.0 (was 20.0), y=5460.9 (was 5460.9)
  [UPDATE Y] child: div, content_height=803.5, margin.bottom=0.0, total_height=803.5, y after=6264.4
[LAYOUT] Child element: text (parent: body)
  parent.content: x=0.0, y=0.0
  parent.padding: left=20.0, top=20.0
  child.margin: left=0.0, top=0.0
  y (accumulated): 6264.4
  child.content: x=20.0 (was 20.0), y=6264.4 (was 6264.4)
  [UPDATE Y] child: text, content_height=0.0, margin.bottom=0.0, total_height=0.0, y after=6264.4
[LAYOUT] Child element: div (parent: body)
  parent.content: x=0.0, y=0.0
  parent.padding: left=20.0, top=20.0
  child.margin: left=0.0, top=30.0
  y (accumulated): 6264.4
  child.content: x=20.0 (was 20.0), y=6294.4 (was 6294.4)
  [UPDATE Y] child: div, content_height=182.4, margin.bottom=0.0, total_height=182.4, y after=6446.8
[LAYOUT] Child element: body (parent: html)
  parent.content: x=0.0, y=0.0
  parent.padding: left=0.0, top=0.0
  child.margin: left=0.0, top=0.0
  y (accumulated): 0.0
  child.content: x=0.0 (was 0.0), y=0.0 (was 0.0)
  [UPDATE Y] child: body, content_height=6506.8, margin.bottom=0.0, total_height=6506.8, y after=6506.8
[LAYOUT] Child element: !DOCTYPE (parent: body)
  parent.content: x=0.0, y=0.0
  parent.padding: left=20.0, top=20.0
  child.margin: left=0.0, top=0.0
  y (accumulated): 20.0
  child.content: x=20.0 (was 20.0), y=20.0 (was 20.0)
  [UPDATE Y] child: !DOCTYPE, content_height=6506.8, margin.bottom=0.0, total_height=6506.8, y after=6526.8
[LAYOUT] Element: html, is_root: false
  margin: top=0.0, right=0.0, bottom=0.0, left=0.0
  padding: top=0.0, right=0.0, bottom=0.0, left=0.0
  content: x=20.0, y=20.0, width=1160.0, height=6506.8
  containing_block: width=1160.0, height=6546.8
[LAYOUT] Element: body, is_root: false
  margin: top=0.0, right=0.0, bottom=0.0, left=0.0
  padding: top=20.0, right=20.0, bottom=20.0, left=20.0
  content: x=0.0, y=0.0, width=1120.0, height=6466.8
  containing_block: width=1160.0, height=6546.8
[LAYOUT WARNING] html.content is not (0, 0): x=20.0, y=20.0
[LAYOUT] Body element position set: x=0.0, y=0.0 (margin: left=0.0, top=0.0)
[CONTAINING BLOCK] body.content.width=1120.0, child_containing_block.width=1120.0
[WIDTH DEBUG] h1: containing_block.width=1120.0, available_width=1120.0, calculated_width=1116.0
[LAYOUT] Child element: h1 (parent: body)
  parent.content: x=0.0, y=0.0
  parent.padding: left=20.0, top=20.0
  child.margin: left=0.0, top=21.4
  y (accumulated): 20.0
  child.content: x=20.0 (was 20.0), y=41.4 (was 41.4)
  [UPDATE Y] child: h1, content_height=50.0, margin.bottom=21.4, total_height=71.4, y after=91.4
[LAYOUT] Child element: text (parent: body)
  parent.content: x=0.0, y=0.0
  parent.padding: left=20.0, top=20.0
  child.margin: left=0.0, top=0.0
  y (accumulated): 91.4
  child.content: x=20.0 (was 20.0), y=91.4 (was 91.4)
  [UPDATE Y] child: text, content_height=0.0, margin.bottom=0.0, total_height=0.0, y after=91.4
[WIDTH DEBUG] h1: containing_block.width=1086.0, available_width=1086.0, calculated_width=1086.0
[LAYOUT] Child element: h1 (parent: div)
  parent.content: x=20.0, y=91.4
  parent.padding: left=15.0, top=15.0
  child.margin: left=0.0, top=16.1
  y (accumulated): 15.0
  child.content: x=15.0 (was 15.0), y=122.5 (was 122.5)
  [UPDATE Y] child: h1, content_height=62.1, margin.bottom=16.1, total_height=78.2, y after=93.2
  [UPDATE Y] child: div, content_height=96.0, margin.bottom=0.0, total_height=96.0, y after=301.2
[LAYOUT] Child element: div (parent: body)
  parent.content: x=0.0, y=0.0
  parent.padding: left=20.0, top=20.0
  child.margin: left=0.0, top=0.0
  y (accumulated): 91.4
  child.content: x=20.0 (was 20.0), y=91.4 (was 91.4)
  [UPDATE Y] child: div, content_height=350.2, margin.bottom=0.0, total_height=350.2, y after=441.6
[LAYOUT] Child element: text (parent: body)
  parent.content: x=0.0, y=0.0
  parent.padding: left=20.0, top=20.0
  child.margin: left=0.0, top=0.0
  y (accumulated): 441.6
  child.content: x=20.0 (was 20.0), y=441.6 (was 441.6)
  [UPDATE Y] child: text, content_height=0.0, margin.bottom=0.0, total_height=0.0, y after=441.6
[LAYOUT] Child element: div (parent: body)
  parent.content: x=0.0, y=0.0
  parent.padding: left=20.0, top=20.0
  child.margin: left=0.0, top=0.0
  y (accumulated): 441.6
  child.content: x=20.0 (was 20.0), y=441.6 (was 441.6)
  [UPDATE Y] child: div, content_height=329.4, margin.bottom=0.0, total_height=329.4, y after=771.0
[LAYOUT] Child element: text (parent: body)
  parent.content: x=0.0, y=0.0
  parent.padding: left=20.0, top=20.0
  child.margin: left=0.0, top=0.0
  y (accumulated): 771.0
  child.content: x=20.0 (was 20.0), y=771.0 (was 771.0)
  [UPDATE Y] child: text, content_height=0.0, margin.bottom=0.0, total_height=0.0, y after=771.0
  [UPDATE Y] child: div, content_height=59.2, margin.bottom=5.0, total_height=64.2, y after=138.2
  [UPDATE Y] child: div, content_height=59.2, margin.bottom=5.0, total_height=64.2, y after=202.4
[LAYOUT] Child element: div (parent: body)
  parent.content: x=0.0, y=0.0
  parent.padding: left=20.0, top=20.0
  child.margin: left=0.0, top=0.0
  y (accumulated): 771.0
  child.content: x=20.0 (was 20.0), y=771.0 (was 771.0)
  [UPDATE Y] child: div, content_height=334.0, margin.bottom=0.0, total_height=334.0, y after=1105.0
[LAYOUT] Child element: text (parent: body)
  parent.content: x=0.0, y=0.0
  parent.padding: left=20.0, top=20.0
  child.margin: left=0.0, top=0.0
  y (accumulated): 1105.0
  child.content: x=20.0 (was 20.0), y=1105.0 (was 1105.0)
  [UPDATE Y] child: text, content_height=0.0, margin.bottom=0.0, total_height=0.0, y after=1105.0
  [UPDATE Y] child: div, content_height=59.2, margin.bottom=0.0, total_height=59.2, y after=287.8
[LAYOUT] Child element: div (parent: body)
  parent.content: x=0.0, y=0.0
  parent.padding: left=20.0, top=20.0
  child.margin: left=0.0, top=0.0
  y (accumulated): 1105.0
  child.content: x=20.0 (was 20.0), y=1105.0 (was 1105.0)
  [UPDATE Y] child: div, content_height=336.8, margin.bottom=0.0, total_height=336.8, y after=1441.8
[LAYOUT] Child element: text (parent: body)
  parent.content: x=0.0, y=0.0
  parent.padding: left=20.0, top=20.0
  child.margin: left=0.0, top=0.0
  y (accumulated): 1441.8
  child.content: x=20.0 (was 20.0), y=1441.8 (was 1441.8)
  [UPDATE Y] child: text, content_height=0.0, margin.bottom=0.0, total_height=0.0, y after=1441.8
  [UPDATE Y] child: div, content_height=99.2, margin.bottom=5.0, total_height=104.2, y after=119.2
  [UPDATE Y] child: div, content_height=99.2, margin.bottom=5.0, total_height=104.2, y after=223.4
  [UPDATE Y] child: div, content_height=99.2, margin.bottom=5.0, total_height=104.2, y after=327.6
  [UPDATE Y] child: div, content_height=99.2, margin.bottom=5.0, total_height=104.2, y after=431.8
  [UPDATE Y] child: div, content_height=99.2, margin.bottom=5.0, total_height=104.2, y after=536.0
  [UPDATE Y] child: div, content_height=585.0, margin.bottom=0.0, total_height=585.0, y after=697.1
  [UPDATE Y] child: div, content_height=99.2, margin.bottom=5.0, total_height=104.2, y after=119.2
  [UPDATE Y] child: div, content_height=99.2, margin.bottom=5.0, total_height=104.2, y after=223.4
  [UPDATE Y] child: div, content_height=99.2, margin.bottom=5.0, total_height=104.2, y after=327.6
  [UPDATE Y] child: div, content_height=334.0, margin.bottom=0.0, total_height=334.0, y after=1031.1
[LAYOUT] Child element: div (parent: body)
  parent.content: x=0.0, y=0.0
  parent.padding: left=20.0, top=20.0
  child.margin: left=0.0, top=0.0
  y (accumulated): 1441.8
  child.content: x=20.0 (was 20.0), y=1441.8 (was 1441.8)
  [UPDATE Y] child: div, content_height=1031.1, margin.bottom=0.0, total_height=1031.1, y after=2472.8
[LAYOUT] Child element: text (parent: body)
  parent.content: x=0.0, y=0.0
  parent.padding: left=20.0, top=20.0
  child.margin: left=0.0, top=0.0
  y (accumulated): 2472.8
  child.content: x=20.0 (was 20.0), y=2472.8 (was 2472.8)
  [UPDATE Y] child: text, content_height=0.0, margin.bottom=0.0, total_height=0.0, y after=2472.8
  [UPDATE Y] child: div, content_height=79.2, margin.bottom=0.0, total_height=79.2, y after=94.2
  [UPDATE Y] child: div, content_height=79.2, margin.bottom=0.0, total_height=79.2, y after=173.4
  [UPDATE Y] child: div, content_height=79.2, margin.bottom=0.0, total_height=79.2, y after=252.6
  [UPDATE Y] child: div, content_height=79.2, margin.bottom=0.0, total_height=79.2, y after=331.8
  [UPDATE Y] child: div, content_height=79.2, margin.bottom=0.0, total_height=79.2, y after=411.0
  [UPDATE Y] child: div, content_height=79.2, margin.bottom=0.0, total_height=79.2, y after=490.2
  [UPDATE Y] child: div, content_height=79.2, margin.bottom=0.0, total_height=79.2, y after=569.4
  [UPDATE Y] child: div, content_height=79.2, margin.bottom=0.0, total_height=79.2, y after=648.6
  [UPDATE Y] child: div, content_height=697.6, margin.bottom=0.0, total_height=697.6, y after=809.7
[LAYOUT] Child element: div (parent: body)
  parent.content: x=0.0, y=0.0
  parent.padding: left=20.0, top=20.0
  child.margin: left=0.0, top=0.0
  y (accumulated): 2472.8
  child.content: x=20.0 (was 20.0), y=2472.8 (was 2472.8)
  [UPDATE Y] child: div, content_height=809.7, margin.bottom=0.0, total_height=809.7, y after=3282.5
[LAYOUT] Child element: text (parent: body)
  parent.content: x=0.0, y=0.0
  parent.padding: left=20.0, top=20.0
  child.margin: left=0.0, top=0.0
  y (accumulated): 3282.5
  child.content: x=20.0 (was 20.0), y=3282.5 (was 3282.5)
  [UPDATE Y] child: text, content_height=0.0, margin.bottom=0.0, total_height=0.0, y after=3282.5
[LAYOUT] Child element: div (parent: body)
  parent.content: x=0.0, y=0.0
  parent.padding: left=20.0, top=20.0
  child.margin: left=0.0, top=0.0
  y (accumulated): 3282.5
  child.content: x=20.0 (was 20.0), y=3282.5 (was 3282.5)
  [UPDATE Y] child: div, content_height=405.5, margin.bottom=0.0, total_height=405.5, y after=3688.0
[LAYOUT] Child element: text (parent: body)
  parent.content: x=0.0, y=0.0
  parent.padding: left=20.0, top=20.0
  child.margin: left=0.0, top=0.0
  y (accumulated): 3688.0
  child.content: x=20.0 (was 20.0), y=3688.0 (was 3688.0)
  [UPDATE Y] child: text, content_height=0.0, margin.bottom=0.0, total_height=0.0, y after=3688.0
[LAYOUT] Child element: div (parent: body)
  parent.content: x=0.0, y=0.0
  parent.padding: left=20.0, top=20.0
  child.margin: left=0.0, top=0.0
  y (accumulated): 3688.0
  child.content: x=20.0 (was 20.0), y=3688.0 (was 3688.0)
  [UPDATE Y] child: div, content_height=610.3, margin.bottom=0.0, total_height=610.3, y after=4298.4
[LAYOUT] Child element: text (parent: body)
  parent.content: x=0.0, y=0.0
  parent.padding: left=20.0, top=20.0
  child.margin: left=0.0, top=0.0
  y (accumulated): 4298.4
  child.content: x=20.0 (was 20.0), y=4298.4 (was 4298.4)
  [UPDATE Y] child: text, content_height=0.0, margin.bottom=0.0, total_height=0.0, y after=4298.4
  [UPDATE Y] child: div, content_height=117.2, margin.bottom=0.0, total_height=117.2, y after=273.9
[LAYOUT] Child element: div (parent: body)
  parent.content: x=0.0, y=0.0
  parent.padding: left=20.0, top=20.0
  child.margin: left=0.0, top=0.0
  y (accumulated): 4298.4
  child.content: x=20.0 (was 20.0), y=4298.4 (was 4298.4)
  [UPDATE Y] child: div, content_height=343.9, margin.bottom=0.0, total_height=343.9, y after=4642.3
[LAYOUT] Child element: text (parent: body)
  parent.content: x=0.0, y=0.0
  parent.padding: left=20.0, top=20.0
  child.margin: left=0.0, top=0.0
  y (accumulated): 4642.3
  child.content: x=20.0 (was 20.0), y=4642.3 (was 4642.3)
  [UPDATE Y] child: text, content_height=0.0, margin.bottom=0.0, total_height=0.0, y after=4642.3
  [UPDATE Y] child: div, content_height=71.2, margin.bottom=2.0, total_height=73.2, y after=132.4
  [UPDATE Y] child: div, content_height=160.4, margin.bottom=3.0, total_height=163.4, y after=224.6
  [UPDATE Y] child: div, content_height=258.6, margin.bottom=5.0, total_height=263.6, y after=364.1
[LAYOUT] Child element: div (parent: body)
  parent.content: x=0.0, y=0.0
  parent.padding: left=20.0, top=20.0
  child.margin: left=0.0, top=0.0
  y (accumulated): 4642.3
  child.content: x=20.0 (was 20.0), y=4642.3 (was 4642.3)
  [UPDATE Y] child: div, content_height=413.1, margin.bottom=0.0, total_height=413.1, y after=5055.4
[LAYOUT] Child element: text (parent: body)
  parent.content: x=0.0, y=0.0
  parent.padding: left=20.0, top=20.0
  child.margin: left=0.0, top=0.0
  y (accumulated): 5055.4
  child.content: x=20.0 (was 20.0), y=5055.4 (was 5055.4)
  [UPDATE Y] child: text, content_height=0.0, margin.bottom=0.0, total_height=0.0, y after=5055.4
[LAYOUT] Child element: div (parent: body)
  parent.content: x=0.0, y=0.0
  parent.padding: left=20.0, top=20.0
  child.margin: left=0.0, top=0.0
  y (accumulated): 5055.4
  child.content: x=20.0 (was 20.0), y=5055.4 (was 5055.4)
  [UPDATE Y] child: div, content_height=405.5, margin.bottom=0.0, total_height=405.5, y after=5460.9
[LAYOUT] Child element: text (parent: body)
  parent.content: x=0.0, y=0.0
  parent.padding: left=20.0, top=20.0
  child.margin: left=0.0, top=0.0
  y (accumulated): 5460.9
  child.content: x=20.0 (was 20.0), y=5460.9 (was 5460.9)
  [UPDATE Y] child: text, content_height=0.0, margin.bottom=0.0, total_height=0.0, y after=5460.9
  [UPDATE Y] child: div, content_height=222.4, margin.bottom=0.0, total_height=222.4, y after=222.4
  [UPDATE Y] child: div, content_height=91.2, margin.bottom=0.0, total_height=91.2, y after=245.4
  [UPDATE Y] child: div, content_height=294.4, margin.bottom=0.0, total_height=294.4, y after=516.8
  [UPDATE Y] child: div, content_height=516.8, margin.bottom=0.0, total_height=516.8, y after=622.3
  [UPDATE Y] child: div, content_height=115.2, margin.bottom=0.0, total_height=115.2, y after=737.5
[LAYOUT] Child element: div (parent: body)
  parent.content: x=0.0, y=0.0
  parent.padding: left=20.0, top=20.0
  child.margin: left=0.0, top=0.0
  y (accumulated): 5460.9
  child.content: x=20.0 (was 20.0), y=5460.9 (was 5460.9)
  [UPDATE Y] child: div, content_height=803.5, margin.bottom=0.0, total_height=803.5, y after=6264.4
[LAYOUT] Child element: text (parent: body)
  parent.content: x=0.0, y=0.0
  parent.padding: left=20.0, top=20.0
  child.margin: left=0.0, top=0.0
  y (accumulated): 6264.4
  child.content: x=20.0 (was 20.0), y=6264.4 (was 6264.4)
  [UPDATE Y] child: text, content_height=0.0, margin.bottom=0.0, total_height=0.0, y after=6264.4
[LAYOUT] Child element: div (parent: body)
  parent.content: x=0.0, y=0.0
  parent.padding: left=20.0, top=20.0
  child.margin: left=0.0, top=30.0
  y (accumulated): 6264.4
  child.content: x=20.0 (was 20.0), y=6294.4 (was 6294.4)
  [UPDATE Y] child: div, content_height=182.4, margin.bottom=0.0, total_height=182.4, y after=6446.8
[LAYOUT] Child element: body (parent: html)
  parent.content: x=20.0, y=20.0
  parent.padding: left=0.0, top=0.0
  child.margin: left=0.0, top=0.0
  y (accumulated): 0.0
  child.content: x=20.0 (was 0.0), y=20.0 (was 0.0)
  [UPDATE Y] child: body, content_height=6506.8, margin.bottom=0.0, total_height=6506.8, y after=6506.8
[LAYOUT] Element: html, is_root: false
  margin: top=0.0, right=0.0, bottom=0.0, left=0.0
  padding: top=0.0, right=0.0, bottom=0.0, left=0.0
  content: x=20.0, y=20.0, width=1160.0, height=6506.8
  containing_block: width=1160.0, height=6506.8
[LAYOUT] Element: body, is_root: false
  margin: top=0.0, right=0.0, bottom=0.0, left=0.0
  padding: top=20.0, right=20.0, bottom=20.0, left=20.0
  content: x=20.0, y=20.0, width=1120.0, height=6466.8
  containing_block: width=1160.0, height=6506.8
[LAYOUT WARNING] html.content is not (0, 0): x=20.0, y=20.0
[CONTAINING BLOCK] body.content.width=1120.0, child_containing_block.width=1120.0
[WIDTH DEBUG] h1: containing_block.width=1120.0, available_width=1120.0, calculated_width=1116.0
[LAYOUT] Child element: h1 (parent: body)
  parent.content: x=20.0, y=20.0
  parent.padding: left=20.0, top=20.0
  child.margin: left=0.0, top=21.4
  y (accumulated): 20.0
  child.content: x=20.0 (was 20.0), y=61.4 (was 41.4)
  [UPDATE Y] child: h1, content_height=50.0, margin.bottom=21.4, total_height=71.4, y after=91.4
[LAYOUT] Child element: text (parent: body)
  parent.content: x=20.0, y=20.0
  parent.padding: left=20.0, top=20.0
  child.margin: left=0.0, top=0.0
  y (accumulated): 91.4
  child.content: x=20.0 (was 20.0), y=111.4 (was 91.4)
  [UPDATE Y] child: text, content_height=0.0, margin.bottom=0.0, total_height=0.0, y after=91.4
[WIDTH DEBUG] h1: containing_block.width=1086.0, available_width=1086.0, calculated_width=1086.0
[LAYOUT] Child element: h1 (parent: div)
  parent.content: x=20.0, y=91.4
  parent.padding: left=15.0, top=15.0
  child.margin: left=0.0, top=16.1
  y (accumulated): 15.0
  child.content: x=15.0 (was 15.0), y=122.5 (was 122.5)
  [UPDATE Y] child: h1, content_height=62.1, margin.bottom=16.1, total_height=78.2, y after=93.2
  [UPDATE Y] child: div, content_height=96.0, margin.bottom=0.0, total_height=96.0, y after=301.2
[LAYOUT] Child element: div (parent: body)
  parent.content: x=20.0, y=20.0
  parent.padding: left=20.0, top=20.0
  child.margin: left=0.0, top=0.0
  y (accumulated): 91.4
  child.content: x=20.0 (was 20.0), y=111.4 (was 91.4)
  [UPDATE Y] child: div, content_height=350.2, margin.bottom=0.0, total_height=350.2, y after=441.6
[LAYOUT] Child element: text (parent: body)
  parent.content: x=20.0, y=20.0
  parent.padding: left=20.0, top=20.0
  child.margin: left=0.0, top=0.0
  y (accumulated): 441.6
  child.content: x=20.0 (was 20.0), y=461.6 (was 441.6)
  [UPDATE Y] child: text, content_height=0.0, margin.bottom=0.0, total_height=0.0, y after=441.6
[LAYOUT] Child element: div (parent: body)
  parent.content: x=20.0, y=20.0
  parent.padding: left=20.0, top=20.0
  child.margin: left=0.0, top=0.0
  y (accumulated): 441.6
  child.content: x=20.0 (was 20.0), y=461.6 (was 441.6)
  [UPDATE Y] child: div, content_height=329.4, margin.bottom=0.0, total_height=329.4, y after=771.0
[LAYOUT] Child element: text (parent: body)
  parent.content: x=20.0, y=20.0
  parent.padding: left=20.0, top=20.0
  child.margin: left=0.0, top=0.0
  y (accumulated): 771.0
  child.content: x=20.0 (was 20.0), y=791.0 (was 771.0)
  [UPDATE Y] child: text, content_height=0.0, margin.bottom=0.0, total_height=0.0, y after=771.0
  [UPDATE Y] child: div, content_height=59.2, margin.bottom=5.0, total_height=64.2, y after=138.2
  [UPDATE Y] child: div, content_height=59.2, margin.bottom=5.0, total_height=64.2, y after=202.4
[LAYOUT] Child element: div (parent: body)
  parent.content: x=20.0, y=20.0
  parent.padding: left=20.0, top=20.0
  child.margin: left=0.0, top=0.0
  y (accumulated): 771.0
  child.content: x=20.0 (was 20.0), y=791.0 (was 771.0)
  [UPDATE Y] child: div, content_height=334.0, margin.bottom=0.0, total_height=334.0, y after=1105.0
[LAYOUT] Child element: text (parent: body)
  parent.content: x=20.0, y=20.0
  parent.padding: left=20.0, top=20.0
  child.margin: left=0.0, top=0.0
  y (accumulated): 1105.0
  child.content: x=20.0 (was 20.0), y=1125.0 (was 1105.0)
  [UPDATE Y] child: text, content_height=0.0, margin.bottom=0.0, total_height=0.0, y after=1105.0
  [UPDATE Y] child: div, content_height=59.2, margin.bottom=0.0, total_height=59.2, y after=287.8
[LAYOUT] Child element: div (parent: body)
  parent.content: x=20.0, y=20.0
  parent.padding: left=20.0, top=20.0
  child.margin: left=0.0, top=0.0
  y (accumulated): 1105.0
  child.content: x=20.0 (was 20.0), y=1125.0 (was 1105.0)
  [UPDATE Y] child: div, content_height=336.8, margin.bottom=0.0, total_height=336.8, y after=1441.8
[LAYOUT] Child element: text (parent: body)
  parent.content: x=20.0, y=20.0
  parent.padding: left=20.0, top=20.0
  child.margin: left=0.0, top=0.0
  y (accumulated): 1441.8
  child.content: x=20.0 (was 20.0), y=1461.8 (was 1441.8)
  [UPDATE Y] child: text, content_height=0.0, margin.bottom=0.0, total_height=0.0, y after=1441.8
  [UPDATE Y] child: div, content_height=99.2, margin.bottom=5.0, total_height=104.2, y after=119.2
  [UPDATE Y] child: div, content_height=99.2, margin.bottom=5.0, total_height=104.2, y after=223.4
  [UPDATE Y] child: div, content_height=99.2, margin.bottom=5.0, total_height=104.2, y after=327.6
  [UPDATE Y] child: div, content_height=99.2, margin.bottom=5.0, total_height=104.2, y after=431.8
  [UPDATE Y] child: div, content_height=99.2, margin.bottom=5.0, total_height=104.2, y after=536.0
  [UPDATE Y] child: div, content_height=585.0, margin.bottom=0.0, total_height=585.0, y after=697.1
  [UPDATE Y] child: div, content_height=99.2, margin.bottom=5.0, total_height=104.2, y after=119.2
  [UPDATE Y] child: div, content_height=99.2, margin.bottom=5.0, total_height=104.2, y after=223.4
  [UPDATE Y] child: div, content_height=99.2, margin.bottom=5.0, total_height=104.2, y after=327.6
  [UPDATE Y] child: div, content_height=334.0, margin.bottom=0.0, total_height=334.0, y after=1031.1
[LAYOUT] Child element: div (parent: body)
  parent.content: x=20.0, y=20.0
  parent.padding: left=20.0, top=20.0
  child.margin: left=0.0, top=0.0
  y (accumulated): 1441.8
  child.content: x=20.0 (was 20.0), y=1461.8 (was 1441.8)
  [UPDATE Y] child: div, content_height=1031.1, margin.bottom=0.0, total_height=1031.1, y after=2472.8
[LAYOUT] Child element: text (parent: body)
  parent.content: x=20.0, y=20.0
  parent.padding: left=20.0, top=20.0
  child.margin: left=0.0, top=0.0
  y (accumulated): 2472.8
  child.content: x=20.0 (was 20.0), y=2492.8 (was 2472.8)
  [UPDATE Y] child: text, content_height=0.0, margin.bottom=0.0, total_height=0.0, y after=2472.8
  [UPDATE Y] child: div, content_height=79.2, margin.bottom=0.0, total_height=79.2, y after=94.2
  [UPDATE Y] child: div, content_height=79.2, margin.bottom=0.0, total_height=79.2, y after=173.4
  [UPDATE Y] child: div, content_height=79.2, margin.bottom=0.0, total_height=79.2, y after=252.6
  [UPDATE Y] child: div, content_height=79.2, margin.bottom=0.0, total_height=79.2, y after=331.8
  [UPDATE Y] child: div, content_height=79.2, margin.bottom=0.0, total_height=79.2, y after=411.0
  [UPDATE Y] child: div, content_height=79.2, margin.bottom=0.0, total_height=79.2, y after=490.2
  [UPDATE Y] child: div, content_height=79.2, margin.bottom=0.0, total_height=79.2, y after=569.4
  [UPDATE Y] child: div, content_height=79.2, margin.bottom=0.0, total_height=79.2, y after=648.6
  [UPDATE Y] child: div, content_height=697.6, margin.bottom=0.0, total_height=697.6, y after=809.7
[LAYOUT] Child element: div (parent: body)
  parent.content: x=20.0, y=20.0
  parent.padding: left=20.0, top=20.0
  child.margin: left=0.0, top=0.0
  y (accumulated): 2472.8
  child.content: x=20.0 (was 20.0), y=2492.8 (was 2472.8)
  [UPDATE Y] child: div, content_height=809.7, margin.bottom=0.0, total_height=809.7, y after=3282.5
[LAYOUT] Child element: text (parent: body)
  parent.content: x=20.0, y=20.0
  parent.padding: left=20.0, top=20.0
  child.margin: left=0.0, top=0.0
  y (accumulated): 3282.5
  child.content: x=20.0 (was 20.0), y=3302.5 (was 3282.5)
  [UPDATE Y] child: text, content_height=0.0, margin.bottom=0.0, total_height=0.0, y after=3282.5
[LAYOUT] Child element: div (parent: body)
  parent.content: x=20.0, y=20.0
  parent.padding: left=20.0, top=20.0
  child.margin: left=0.0, top=0.0
  y (accumulated): 3282.5
  child.content: x=20.0 (was 20.0), y=3302.5 (was 3282.5)
  [UPDATE Y] child: div, content_height=405.5, margin.bottom=0.0, total_height=405.5, y after=3688.0
[LAYOUT] Child element: text (parent: body)
  parent.content: x=20.0, y=20.0
  parent.padding: left=20.0, top=20.0
  child.margin: left=0.0, top=0.0
  y (accumulated): 3688.0
  child.content: x=20.0 (was 20.0), y=3708.0 (was 3688.0)
  [UPDATE Y] child: text, content_height=0.0, margin.bottom=0.0, total_height=0.0, y after=3688.0
[LAYOUT] Child element: div (parent: body)
  parent.content: x=20.0, y=20.0
  parent.padding: left=20.0, top=20.0
  child.margin: left=0.0, top=0.0
  y (accumulated): 3688.0
  child.content: x=20.0 (was 20.0), y=3708.0 (was 3688.0)
  [UPDATE Y] child: div, content_height=610.3, margin.bottom=0.0, total_height=610.3, y after=4298.4
[LAYOUT] Child element: text (parent: body)
  parent.content: x=20.0, y=20.0
  parent.padding: left=20.0, top=20.0
  child.margin: left=0.0, top=0.0
  y (accumulated): 4298.4
  child.content: x=20.0 (was 20.0), y=4318.4 (was 4298.4)
  [UPDATE Y] child: text, content_height=0.0, margin.bottom=0.0, total_height=0.0, y after=4298.4
  [UPDATE Y] child: div, content_height=117.2, margin.bottom=0.0, total_height=117.2, y after=273.9
[LAYOUT] Child element: div (parent: body)
  parent.content: x=20.0, y=20.0
  parent.padding: left=20.0, top=20.0
  child.margin: left=0.0, top=0.0
  y (accumulated): 4298.4
  child.content: x=20.0 (was 20.0), y=4318.4 (was 4298.4)
  [UPDATE Y] child: div, content_height=343.9, margin.bottom=0.0, total_height=343.9, y after=4642.3
[LAYOUT] Child element: text (parent: body)
  parent.content: x=20.0, y=20.0
  parent.padding: left=20.0, top=20.0
  child.margin: left=0.0, top=0.0
  y (accumulated): 4642.3
  child.content: x=20.0 (was 20.0), y=4662.3 (was 4642.3)
  [UPDATE Y] child: text, content_height=0.0, margin.bottom=0.0, total_height=0.0, y after=4642.3
  [UPDATE Y] child: div, content_height=71.2, margin.bottom=2.0, total_height=73.2, y after=132.4
  [UPDATE Y] child: div, content_height=160.4, margin.bottom=3.0, total_height=163.4, y after=224.6
  [UPDATE Y] child: div, content_height=258.6, margin.bottom=5.0, total_height=263.6, y after=364.1
[LAYOUT] Child element: div (parent: body)
  parent.content: x=20.0, y=20.0
  parent.padding: left=20.0, top=20.0
  child.margin: left=0.0, top=0.0
  y (accumulated): 4642.3
  child.content: x=20.0 (was 20.0), y=4662.3 (was 4642.3)
  [UPDATE Y] child: div, content_height=413.1, margin.bottom=0.0, total_height=413.1, y after=5055.4
[LAYOUT] Child element: text (parent: body)
  parent.content: x=20.0, y=20.0
  parent.padding: left=20.0, top=20.0
  child.margin: left=0.0, top=0.0
  y (accumulated): 5055.4
  child.content: x=20.0 (was 20.0), y=5075.4 (was 5055.4)
  [UPDATE Y] child: text, content_height=0.0, margin.bottom=0.0, total_height=0.0, y after=5055.4
[LAYOUT] Child element: div (parent: body)
  parent.content: x=20.0, y=20.0
  parent.padding: left=20.0, top=20.0
  child.margin: left=0.0, top=0.0
  y (accumulated): 5055.4
  child.content: x=20.0 (was 20.0), y=5075.4 (was 5055.4)
  [UPDATE Y] child: div, content_height=405.5, margin.bottom=0.0, total_height=405.5, y after=5460.9
[LAYOUT] Child element: text (parent: body)
  parent.content: x=20.0, y=20.0
  parent.padding: left=20.0, top=20.0
  child.margin: left=0.0, top=0.0
  y (accumulated): 5460.9
  child.content: x=20.0 (was 20.0), y=5480.9 (was 5460.9)
  [UPDATE Y] child: text, content_height=0.0, margin.bottom=0.0, total_height=0.0, y after=5460.9
  [UPDATE Y] child: div, content_height=222.4, margin.bottom=0.0, total_height=222.4, y after=222.4
  [UPDATE Y] child: div, content_height=91.2, margin.bottom=0.0, total_height=91.2, y after=245.4
  [UPDATE Y] child: div, content_height=294.4, margin.bottom=0.0, total_height=294.4, y after=516.8
  [UPDATE Y] child: div, content_height=516.8, margin.bottom=0.0, total_height=516.8, y after=622.3
  [UPDATE Y] child: div, content_height=115.2, margin.bottom=0.0, total_height=115.2, y after=737.5
[LAYOUT] Child element: div (parent: body)
  parent.content: x=20.0, y=20.0
  parent.padding: left=20.0, top=20.0
  child.margin: left=0.0, top=0.0
  y (accumulated): 5460.9
  child.content: x=20.0 (was 20.0), y=5480.9 (was 5460.9)
  [UPDATE Y] child: div, content_height=803.5, margin.bottom=0.0, total_height=803.5, y after=6264.4
[LAYOUT] Child element: text (parent: body)
  parent.content: x=20.0, y=20.0
  parent.padding: left=20.0, top=20.0
  child.margin: left=0.0, top=0.0
  y (accumulated): 6264.4
  child.content: x=20.0 (was 20.0), y=6284.4 (was 6264.4)
  [UPDATE Y] child: text, content_height=0.0, margin.bottom=0.0, total_height=0.0, y after=6264.4
[LAYOUT] Child element: div (parent: body)
  parent.content: x=20.0, y=20.0
  parent.padding: left=20.0, top=20.0
  child.margin: left=0.0, top=30.0
  y (accumulated): 6264.4
  child.content: x=20.0 (was 20.0), y=6314.4 (was 6294.4)
  [UPDATE Y] child: div, content_height=182.4, margin.bottom=0.0, total_height=182.4, y after=6446.8
[LAYOUT] Child element: body (parent: html)
  parent.content: x=20.0, y=20.0
  parent.padding: left=0.0, top=0.0
  child.margin: left=0.0, top=0.0
  y (accumulated): 0.0
  child.content: x=20.0 (was 20.0), y=20.0 (was 20.0)
  [UPDATE Y] child: body, content_height=6506.8, margin.bottom=0.0, total_height=6506.8, y after=6506.8
[LAYOUT] Element: body, is_root: false
  margin: top=0.0, right=0.0, bottom=0.0, left=0.0
  padding: top=20.0, right=20.0, bottom=20.0, left=20.0
  content: x=20.0, y=20.0, width=1120.0, height=6466.8
  containing_block: width=1160.0, height=6506.8
[LAYOUT WARNING] html.content is not (0, 0): x=20.0, y=20.0
[CONTAINING BLOCK] body.content.width=1120.0, child_containing_block.width=1120.0
[WIDTH DEBUG] h1: containing_block.width=1120.0, available_width=1120.0, calculated_width=1116.0
[LAYOUT] Child element: h1 (parent: body)
  parent.content: x=20.0, y=20.0
  parent.padding: left=20.0, top=20.0
  child.margin: left=0.0, top=21.4
  y (accumulated): 20.0
  child.content: x=20.0 (was 20.0), y=61.4 (was 61.4)
  [UPDATE Y] child: h1, content_height=50.0, margin.bottom=21.4, total_height=71.4, y after=91.4
[LAYOUT] Child element: text (parent: body)
  parent.content: x=20.0, y=20.0
  parent.padding: left=20.0, top=20.0
  child.margin: left=0.0, top=0.0
  y (accumulated): 91.4
  child.content: x=20.0 (was 20.0), y=111.4 (was 111.4)
  [UPDATE Y] child: text, content_height=0.0, margin.bottom=0.0, total_height=0.0, y after=91.4
[WIDTH DEBUG] h1: containing_block.width=1086.0, available_width=1086.0, calculated_width=1086.0
[LAYOUT] Child element: h1 (parent: div)
  parent.content: x=20.0, y=111.4
  parent.padding: left=15.0, top=15.0
  child.margin: left=0.0, top=16.1
  y (accumulated): 15.0
  child.content: x=15.0 (was 15.0), y=142.5 (was 122.5)
  [UPDATE Y] child: h1, content_height=62.1, margin.bottom=16.1, total_height=78.2, y after=93.2
  [UPDATE Y] child: div, content_height=96.0, margin.bottom=0.0, total_height=96.0, y after=301.2
[LAYOUT] Child element: div (parent: body)
  parent.content: x=20.0, y=20.0
  parent.padding: left=20.0, top=20.0
  child.margin: left=0.0, top=0.0
  y (accumulated): 91.4
  child.content: x=20.0 (was 20.0), y=111.4 (was 111.4)
  [UPDATE Y] child: div, content_height=350.2, margin.bottom=0.0, total_height=350.2, y after=441.6
[LAYOUT] Child element: text (parent: body)
  parent.content: x=20.0, y=20.0
  parent.padding: left=20.0, top=20.0
  child.margin: left=0.0, top=0.0
  y (accumulated): 441.6
  child.content: x=20.0 (was 20.0), y=461.6 (was 461.6)
  [UPDATE Y] child: text, content_height=0.0, margin.bottom=0.0, total_height=0.0, y after=441.6
[LAYOUT] Child element: div (parent: body)
  parent.content: x=20.0, y=20.0
  parent.padding: left=20.0, top=20.0
  child.margin: left=0.0, top=0.0
  y (accumulated): 441.6
  child.content: x=20.0 (was 20.0), y=461.6 (was 461.6)
  [UPDATE Y] child: div, content_height=329.4, margin.bottom=0.0, total_height=329.4, y after=771.0
[LAYOUT] Child element: text (parent: body)
  parent.content: x=20.0, y=20.0
  parent.padding: left=20.0, top=20.0
  child.margin: left=0.0, top=0.0
  y (accumulated): 771.0
  child.content: x=20.0 (was 20.0), y=791.0 (was 791.0)
  [UPDATE Y] child: text, content_height=0.0, margin.bottom=0.0, total_height=0.0, y after=771.0
  [UPDATE Y] child: div, content_height=59.2, margin.bottom=5.0, total_height=64.2, y after=138.2
  [UPDATE Y] child: div, content_height=59.2, margin.bottom=5.0, total_height=64.2, y after=202.4
[LAYOUT] Child element: div (parent: body)
  parent.content: x=20.0, y=20.0
  parent.padding: left=20.0, top=20.0
  child.margin: left=0.0, top=0.0
  y (accumulated): 771.0
  child.content: x=20.0 (was 20.0), y=791.0 (was 791.0)
  [UPDATE Y] child: div, content_height=334.0, margin.bottom=0.0, total_height=334.0, y after=1105.0
[LAYOUT] Child element: text (parent: body)
  parent.content: x=20.0, y=20.0
  parent.padding: left=20.0, top=20.0
  child.margin: left=0.0, top=0.0
  y (accumulated): 1105.0
  child.content: x=20.0 (was 20.0), y=1125.0 (was 1125.0)
  [UPDATE Y] child: text, content_height=0.0, margin.bottom=0.0, total_height=0.0, y after=1105.0
  [UPDATE Y] child: div, content_height=59.2, margin.bottom=0.0, total_height=59.2, y after=267.8
[LAYOUT] Child element: div (parent: body)
  parent.content: x=20.0, y=20.0
  parent.padding: left=20.0, top=20.0
  child.margin: left=0.0, top=0.0
  y (accumulated): 1105.0
  child.content: x=20.0 (was 20.0), y=1125.0 (was 1125.0)
  [UPDATE Y] child: div, content_height=336.8, margin.bottom=0.0, total_height=336.8, y after=1441.8
[LAYOUT] Child element: text (parent: body)
  parent.content: x=20.0, y=20.0
  parent.padding: left=20.0, top=20.0
  child.margin: left=0.0, top=0.0
  y (accumulated): 1441.8
  child.content: x=20.0 (was 20.0), y=1461.8 (was 1461.8)
  [UPDATE Y] child: text, content_height=0.0, margin.bottom=0.0, total_height=0.0, y after=1441.8
  [UPDATE Y] child: div, content_height=99.2, margin.bottom=5.0, total_height=104.2, y after=119.2
  [UPDATE Y] child: div, content_height=99.2, margin.bottom=5.0, total_height=104.2, y after=223.4
  [UPDATE Y] child: div, content_height=99.2, margin.bottom=5.0, total_height=104.2, y after=327.6
  [UPDATE Y] child: div, content_height=99.2, margin.bottom=5.0, total_height=104.2, y after=431.8
  [UPDATE Y] child: div, content_height=99.2, margin.bottom=5.0, total_height=104.2, y after=536.0
  [UPDATE Y] child: div, content_height=585.0, margin.bottom=0.0, total_height=585.0, y after=697.1
  [UPDATE Y] child: div, content_height=99.2, margin.bottom=5.0, total_height=104.2, y after=119.2
  [UPDATE Y] child: div, content_height=99.2, margin.bottom=5.0, total_height=104.2, y after=223.4
  [UPDATE Y] child: div, content_height=99.2, margin.bottom=5.0, total_height=104.2, y after=327.6
  [UPDATE Y] child: div, content_height=334.0, margin.bottom=0.0, total_height=334.0, y after=1031.1
[LAYOUT] Child element: div (parent: body)
  parent.content: x=20.0, y=20.0
  parent.padding: left=20.0, top=20.0
  child.margin: left=0.0, top=0.0
  y (accumulated): 1441.8
  child.content: x=20.0 (was 20.0), y=1461.8 (was 1461.8)
  [UPDATE Y] child: div, content_height=1031.1, margin.bottom=0.0, total_height=1031.1, y after=2472.8
[LAYOUT] Child element: text (parent: body)
  parent.content: x=20.0, y=20.0
  parent.padding: left=20.0, top=20.0
  child.margin: left=0.0, top=0.0
  y (accumulated): 2472.8
  child.content: x=20.0 (was 20.0), y=2492.8 (was 2492.8)
  [UPDATE Y] child: text, content_height=0.0, margin.bottom=0.0, total_height=0.0, y after=2472.8
  [UPDATE Y] child: div, content_height=79.2, margin.bottom=0.0, total_height=79.2, y after=94.2
  [UPDATE Y] child: div, content_height=79.2, margin.bottom=0.0, total_height=79.2, y after=173.4
  [UPDATE Y] child: div, content_height=79.2, margin.bottom=0.0, total_height=79.2, y after=252.6
  [UPDATE Y] child: div, content_height=79.2, margin.bottom=0.0, total_height=79.2, y after=331.8
  [UPDATE Y] child: div, content_height=79.2, margin.bottom=0.0, total_height=79.2, y after=411.0
  [UPDATE Y] child: div, content_height=79.2, margin.bottom=0.0, total_height=79.2, y after=490.2
  [UPDATE Y] child: div, content_height=79.2, margin.bottom=0.0, total_height=79.2, y after=569.4
  [UPDATE Y] child: div, content_height=79.2, margin.bottom=0.0, total_height=79.2, y after=648.6
  [UPDATE Y] child: div, content_height=697.6, margin.bottom=0.0, total_height=697.6, y after=809.7
[LAYOUT] Child element: div (parent: body)
  parent.content: x=20.0, y=20.0
  parent.padding: left=20.0, top=20.0
  child.margin: left=0.0, top=0.0
  y (accumulated): 2472.8
  child.content: x=20.0 (was 20.0), y=2492.8 (was 2492.8)
  [UPDATE Y] child: div, content_height=809.7, margin.bottom=0.0, total_height=809.7, y after=3282.5
[LAYOUT] Child element: text (parent: body)
  parent.content: x=20.0, y=20.0
  parent.padding: left=20.0, top=20.0
  child.margin: left=0.0, top=0.0
  y (accumulated): 3282.5
  child.content: x=20.0 (was 20.0), y=3302.5 (was 3302.5)
  [UPDATE Y] child: text, content_height=0.0, margin.bottom=0.0, total_height=0.0, y after=3282.5
[LAYOUT] Child element: div (parent: body)
  parent.content: x=20.0, y=20.0
  parent.padding: left=20.0, top=20.0
  child.margin: left=0.0, top=0.0
  y (accumulated): 3282.5
  child.content: x=20.0 (was 20.0), y=3302.5 (was 3302.5)
  [UPDATE Y] child: div, content_height=405.5, margin.bottom=0.0, total_height=405.5, y after=3688.0
[LAYOUT] Child element: text (parent: body)
  parent.content: x=20.0, y=20.0
  parent.padding: left=20.0, top=20.0
  child.margin: left=0.0, top=0.0
  y (accumulated): 3688.0
  child.content: x=20.0 (was 20.0), y=3708.0 (was 3708.0)
  [UPDATE Y] child: text, content_height=0.0, margin.bottom=0.0, total_height=0.0, y after=3688.0
[LAYOUT] Child element: div (parent: body)
  parent.content: x=20.0, y=20.0
  parent.padding: left=20.0, top=20.0
  child.margin: left=0.0, top=0.0
  y (accumulated): 3688.0
  child.content: x=20.0 (was 20.0), y=3708.0 (was 3708.0)
  [UPDATE Y] child: div, content_height=610.3, margin.bottom=0.0, total_height=610.3, y after=4298.4
[LAYOUT] Child element: text (parent: body)
  parent.content: x=20.0, y=20.0
  parent.padding: left=20.0, top=20.0
  child.margin: left=0.0, top=0.0
  y (accumulated): 4298.4
  child.content: x=20.0 (was 20.0), y=4318.4 (was 4318.4)
  [UPDATE Y] child: text, content_height=0.0, margin.bottom=0.0, total_height=0.0, y after=4298.4
  [UPDATE Y] child: div, content_height=117.2, margin.bottom=0.0, total_height=117.2, y after=273.9
[LAYOUT] Child element: div (parent: body)
  parent.content: x=20.0, y=20.0
  parent.padding: left=20.0, top=20.0
  child.margin: left=0.0, top=0.0
  y (accumulated): 4298.4
  child.content: x=20.0 (was 20.0), y=4318.4 (was 4318.4)
  [UPDATE Y] child: div, content_height=343.9, margin.bottom=0.0, total_height=343.9, y after=4642.3
[LAYOUT] Child element: text (parent: body)
  parent.content: x=20.0, y=20.0
  parent.padding: left=20.0, top=20.0
  child.margin: left=0.0, top=0.0
  y (accumulated): 4642.3
  child.content: x=20.0 (was 20.0), y=4662.3 (was 4662.3)
  [UPDATE Y] child: text, content_height=0.0, margin.bottom=0.0, total_height=0.0, y after=4642.3
  [UPDATE Y] child: div, content_height=71.2, margin.bottom=2.0, total_height=73.2, y after=132.4
  [UPDATE Y] child: div, content_height=160.4, margin.bottom=3.0, total_height=163.4, y after=224.6
  [UPDATE Y] child: div, content_height=258.6, margin.bottom=5.0, total_height=263.6, y after=364.1
[LAYOUT] Child element: div (parent: body)
  parent.content: x=20.0, y=20.0
  parent.padding: left=20.0, top=20.0
  child.margin: left=0.0, top=0.0
  y (accumulated): 4642.3
  child.content: x=20.0 (was 20.0), y=4662.3 (was 4662.3)
  [UPDATE Y] child: div, content_height=413.1, margin.bottom=0.0, total_height=413.1, y after=5055.4
[LAYOUT] Child element: text (parent: body)
  parent.content: x=20.0, y=20.0
  parent.padding: left=20.0, top=20.0
  child.margin: left=0.0, top=0.0
  y (accumulated): 5055.4
  child.content: x=20.0 (was 20.0), y=5075.4 (was 5075.4)
  [UPDATE Y] child: text, content_height=0.0, margin.bottom=0.0, total_height=0.0, y after=5055.4
[LAYOUT] Child element: div (parent: body)
  parent.content: x=20.0, y=20.0
  parent.padding: left=20.0, top=20.0
  child.margin: left=0.0, top=0.0
  y (accumulated): 5055.4
  child.content: x=20.0 (was 20.0), y=5075.4 (was 5075.4)
  [UPDATE Y] child: div, content_height=405.5, margin.bottom=0.0, total_height=405.5, y after=5460.9
[LAYOUT] Child element: text (parent: body)
  parent.content: x=20.0, y=20.0
  parent.padding: left=20.0, top=20.0
  child.margin: left=0.0, top=0.0
  y (accumulated): 5460.9
  child.content: x=20.0 (was 20.0), y=5480.9 (was 5480.9)
  [UPDATE Y] child: text, content_height=0.0, margin.bottom=0.0, total_height=0.0, y after=5460.9
  [UPDATE Y] child: div, content_height=222.4, margin.bottom=0.0, total_height=222.4, y after=222.4
  [UPDATE Y] child: div, content_height=91.2, margin.bottom=0.0, total_height=91.2, y after=245.4
  [UPDATE Y] child: div, content_height=294.4, margin.bottom=0.0, total_height=294.4, y after=516.8
  [UPDATE Y] child: div, content_height=516.8, margin.bottom=0.0, total_height=516.8, y after=622.3
  [UPDATE Y] child: div, content_height=115.2, margin.bottom=0.0, total_height=115.2, y after=737.5
[LAYOUT] Child element: div (parent: body)
  parent.content: x=20.0, y=20.0
  parent.padding: left=20.0, top=20.0
  child.margin: left=0.0, top=0.0
  y (accumulated): 5460.9
  child.content: x=20.0 (was 20.0), y=5480.9 (was 5480.9)
  [UPDATE Y] child: div, content_height=803.5, margin.bottom=0.0, total_height=803.5, y after=6264.4
[LAYOUT] Child element: text (parent: body)
  parent.content: x=20.0, y=20.0
  parent.padding: left=20.0, top=20.0
  child.margin: left=0.0, top=0.0
  y (accumulated): 6264.4
  child.content: x=20.0 (was 20.0), y=6284.4 (was 6284.4)
  [UPDATE Y] child: text, content_height=0.0, margin.bottom=0.0, total_height=0.0, y after=6264.4
[LAYOUT] Child element: div (parent: body)
  parent.content: x=20.0, y=20.0
  parent.padding: left=20.0, top=20.0
  child.margin: left=0.0, top=30.0
  y (accumulated): 6264.4
  child.content: x=20.0 (was 20.0), y=6314.4 (was 6314.4)
  [UPDATE Y] child: div, content_height=182.4, margin.bottom=0.0, total_height=182.4, y after=6446.8
[WIDTH DEBUG] h1: containing_block.width=1120.0, available_width=1120.0, calculated_width=1116.0
[WIDTH DEBUG] h1: containing_block.width=1086.0, available_width=1086.0, calculated_width=1086.0
[LAYOUT] Child element: h1 (parent: div)
  parent.content: x=20.0, y=111.4
  parent.padding: left=15.0, top=15.0
  child.margin: left=0.0, top=16.1
  y (accumulated): 15.0
  child.content: x=15.0 (was 15.0), y=142.5 (was 142.5)
  [UPDATE Y] child: h1, content_height=62.1, margin.bottom=16.1, total_height=78.2, y after=93.2
  [UPDATE Y] child: div, content_height=96.0, margin.bottom=0.0, total_height=96.0, y after=301.2
[WIDTH DEBUG] h1: containing_block.width=1086.0, available_width=1086.0, calculated_width=1086.0
  [UPDATE Y] child: div, content_height=59.2, margin.bottom=5.0, total_height=64.2, y after=138.2
  [UPDATE Y] child: div, content_height=59.2, margin.bottom=5.0, total_height=64.2, y after=202.4
  [UPDATE Y] child: div, content_height=59.2, margin.bottom=0.0, total_height=59.2, y after=267.8
  [UPDATE Y] child: div, content_height=99.2, margin.bottom=5.0, total_height=104.2, y after=119.2
  [UPDATE Y] child: div, content_height=99.2, margin.bottom=5.0, total_height=104.2, y after=223.4
  [UPDATE Y] child: div, content_height=99.2, margin.bottom=5.0, total_height=104.2, y after=327.6
  [UPDATE Y] child: div, content_height=99.2, margin.bottom=5.0, total_height=104.2, y after=431.8
  [UPDATE Y] child: div, content_height=99.2, margin.bottom=5.0, total_height=104.2, y after=536.0
  [UPDATE Y] child: div, content_height=585.0, margin.bottom=0.0, total_height=585.0, y after=697.1
  [UPDATE Y] child: div, content_height=99.2, margin.bottom=5.0, total_height=104.2, y after=119.2
  [UPDATE Y] child: div, content_height=99.2, margin.bottom=5.0, total_height=104.2, y after=223.4
  [UPDATE Y] child: div, content_height=99.2, margin.bottom=5.0, total_height=104.2, y after=327.6
  [UPDATE Y] child: div, content_height=334.0, margin.bottom=0.0, total_height=334.0, y after=1031.1
  [UPDATE Y] child: div, content_height=79.2, margin.bottom=0.0, total_height=79.2, y after=94.2
  [UPDATE Y] child: div, content_height=79.2, margin.bottom=0.0, total_height=79.2, y after=173.4
  [UPDATE Y] child: div, content_height=79.2, margin.bottom=0.0, total_height=79.2, y after=252.6
  [UPDATE Y] child: div, content_height=79.2, margin.bottom=0.0, total_height=79.2, y after=331.8
  [UPDATE Y] child: div, content_height=79.2, margin.bottom=0.0, total_height=79.2, y after=411.0
  [UPDATE Y] child: div, content_height=79.2, margin.bottom=0.0, total_height=79.2, y after=490.2
  [UPDATE Y] child: div, content_height=79.2, margin.bottom=0.0, total_height=79.2, y after=569.4
  [UPDATE Y] child: div, content_height=79.2, margin.bottom=0.0, total_height=79.2, y after=648.6
  [UPDATE Y] child: div, content_height=697.6, margin.bottom=0.0, total_height=697.6, y after=809.7
  [UPDATE Y] child: div, content_height=117.2, margin.bottom=0.0, total_height=117.2, y after=273.9
  [UPDATE Y] child: div, content_height=71.2, margin.bottom=2.0, total_height=73.2, y after=132.4
  [UPDATE Y] child: div, content_height=160.4, margin.bottom=3.0, total_height=163.4, y after=224.6
  [UPDATE Y] child: div, content_height=258.6, margin.bottom=5.0, total_height=263.6, y after=364.1
  [UPDATE Y] child: div, content_height=71.2, margin.bottom=2.0, total_height=73.2, y after=132.4
  [UPDATE Y] child: div, content_height=160.4, margin.bottom=3.0, total_height=163.4, y after=224.6
  [UPDATE Y] child: div, content_height=71.2, margin.bottom=2.0, total_height=73.2, y after=132.4
  [UPDATE Y] child: div, content_height=222.4, margin.bottom=0.0, total_height=222.4, y after=222.4
  [UPDATE Y] child: div, content_height=91.2, margin.bottom=0.0, total_height=91.2, y after=245.4
  [UPDATE Y] child: div, content_height=294.4, margin.bottom=0.0, total_height=294.4, y after=516.8
  [UPDATE Y] child: div, content_height=516.8, margin.bottom=0.0, total_height=516.8, y after=622.3
  [UPDATE Y] child: div, content_height=115.2, margin.bottom=0.0, total_height=115.2, y after=737.5
[STYLE] h1 font-size parsed: 32.0px
[STYLE] p font-size parsed: 32.0px
[LAYOUT] Element: html, is_root: true
  margin: top=0.0, right=0.0, bottom=0.0, left=0.0
  padding: top=0.0, right=0.0, bottom=0.0, left=0.0
  content: x=0.0, y=0.0, width=1200.0, height=0.0
  containing_block: width=1200.0, height=800.0
[LAYOUT] Root element (html) position set to (0, 0)
[LAYOUT] Element: body, is_root: false
  margin: top=0.0, right=0.0, bottom=0.0, left=0.0
  padding: top=20.0, right=20.0, bottom=20.0, left=20.0
  content: x=0.0, y=0.0, width=1160.0, height=0.0
  containing_block: width=1200.0, height=800.0
[LAYOUT] Body element position set: x=0.0, y=0.0 (margin: left=0.0, top=0.0)
[LAYOUT] Element: html, is_root: false
  margin: top=0.0, right=0.0, bottom=0.0, left=0.0
  padding: top=0.0, right=0.0, bottom=0.0, left=0.0
  content: x=0.0, y=0.0, width=1160.0, height=0.0
  containing_block: width=1160.0, height=800.0
[LAYOUT] Element: body, is_root: false
  margin: top=0.0, right=0.0, bottom=0.0, left=0.0
  padding: top=20.0, right=20.0, bottom=20.0, left=20.0
  content: x=0.0, y=0.0, width=1120.0, height=0.0
  containing_block: width=1160.0, height=800.0
[LAYOUT] Body element position set: x=0.0, y=0.0 (margin: left=0.0, top=0.0)
[CONTAINING BLOCK] body.content.width=1120.0, child_containing_block.width=1120.0
[WIDTH DEBUG] h1: containing_block.width=1120.0, available_width=1120.0, calculated_width=1120.0
  [TEXT HEIGHT] text: "ZBrowser功能测试...", font_size=32.0, line_height=46.0, height=46.0
[LAYOUT] Child element: h1 (parent: body)
  parent.content: x=0.0, y=0.0
  parent.padding: left=20.0, top=20.0
  child.margin: left=0.0, top=21.4
  y (accumulated): 20.0
  child.content: x=20.0 (was 0.0), y=41.4 (was 0.0)
  [UPDATE Y] child: h1, content_height=50.0, margin.bottom=21.4, total_height=71.4, y after=91.4
[LAYOUT] Child element: text (parent: body)
  parent.content: x=0.0, y=0.0
  parent.padding: left=20.0, top=20.0
  child.margin: left=0.0, top=0.0
  y (accumulated): 91.4
  child.content: x=20.0 (was 0.0), y=91.4 (was 0.0)
  [UPDATE Y] child: text, content_height=0.0, margin.bottom=0.0, total_height=0.0, y after=91.4
[WIDTH DEBUG] h1: containing_block.width=1086.0, available_width=1086.0, calculated_width=1086.0
  [TEXT HEIGHT] text: "块级布局测试...", font_size=32.0, line_height=46.0, height=46.0
[LAYOUT] Child element: h1 (parent: div)
  parent.content: x=0.0, y=0.0
  parent.padding: left=15.0, top=15.0
  child.margin: left=0.0, top=16.1
  y (accumulated): 15.0
  child.content: x=15.0 (was 0.0), y=31.1 (was 0.0)
  [UPDATE Y] child: h1, content_height=62.1, margin.bottom=16.1, total_height=78.2, y after=93.2
  [TEXT HEIGHT] text: "这是一个块级�...", font_size=16.0, line_height=24.0, height=24.0
  [TEXT HEIGHT] text: "这是另一个段�...", font_size=16.0, line_height=24.0, height=24.0
  [TEXT HEIGHT] text: "嵌套的div块级�...", font_size=16.0, line_height=24.0, height=24.0
  [UPDATE Y] child: div, content_height=96.0, margin.bottom=0.0, total_height=96.0, y after=301.2
[LAYOUT] Child element: div (parent: body)
  parent.content: x=0.0, y=0.0
  parent.padding: left=20.0, top=20.0
  child.margin: left=0.0, top=0.0
  y (accumulated): 91.4
  child.content: x=20.0 (was 0.0), y=91.4 (was 0.0)
  [UPDATE Y] child: div, content_height=350.2, margin.bottom=0.0, total_height=350.2, y after=441.6
[LAYOUT] Child element: text (parent: body)
  parent.content: x=0.0, y=0.0
  parent.padding: left=20.0, top=20.0
  child.margin: left=0.0, top=0.0
  y (accumulated): 441.6
  child.content: x=20.0 (was 0.0), y=441.6 (was 0.0)
  [UPDATE Y] child: text, content_height=0.0, margin.bottom=0.0, total_height=0.0, y after=441.6
  [TEXT HEIGHT] text: "
      这是行内�...", font_size=16.0, line_height=19.2, height=19.2
  [TEXT HEIGHT] text: "行内元素不会�...", font_size=16.0, line_height=19.2, height=19.2
[LAYOUT] Child element: div (parent: body)
  parent.content: x=0.0, y=0.0
  parent.padding: left=20.0, top=20.0
  child.margin: left=0.0, top=0.0
  y (accumulated): 441.6
  child.content: x=20.0 (was 0.0), y=441.6 (was 0.0)
  [UPDATE Y] child: div, content_height=329.4, margin.bottom=0.0, total_height=329.4, y after=771.0
[LAYOUT] Child element: text (parent: body)
  parent.content: x=0.0, y=0.0
  parent.padding: left=20.0, top=20.0
  child.margin: left=0.0, top=0.0
  y (accumulated): 771.0
  child.content: x=20.0 (was 0.0), y=771.0 (was 0.0)
  [UPDATE Y] child: text, content_height=0.0, margin.bottom=0.0, total_height=0.0, y after=771.0
  [UPDATE Y] child: div, content_height=59.2, margin.bottom=5.0, total_height=64.2, y after=138.2
  [UPDATE Y] child: div, content_height=59.2, margin.bottom=5.0, total_height=64.2, y after=202.4
[LAYOUT] Child element: div (parent: body)
  parent.content: x=0.0, y=0.0
  parent.padding: left=20.0, top=20.0
  child.margin: left=0.0, top=0.0
  y (accumulated): 771.0
  child.content: x=20.0 (was 0.0), y=771.0 (was 0.0)
  [UPDATE Y] child: div, content_height=334.0, margin.bottom=0.0, total_height=334.0, y after=1105.0
[LAYOUT] Child element: text (parent: body)
  parent.content: x=0.0, y=0.0
  parent.padding: left=20.0, top=20.0
  child.margin: left=0.0, top=0.0
  y (accumulated): 1105.0
  child.content: x=20.0 (was 0.0), y=1105.0 (was 0.0)
  [UPDATE Y] child: text, content_height=0.0, margin.bottom=0.0, total_height=0.0, y after=1105.0
  [TEXT HEIGHT] text: "左浮动元素...", font_size=16.0, line_height=19.2, height=19.2
  [TEXT HEIGHT] text: "这个元素会浮�...", font_size=16.0, line_height=19.2, height=19.2
  [TEXT HEIGHT] text: "右浮动元素...", font_size=16.0, line_height=19.2, height=19.2
  [TEXT HEIGHT] text: "这个元素会浮�...", font_size=16.0, line_height=19.2, height=19.2
  [TEXT HEIGHT] text: "这是正常流中�...", font_size=16.0, line_height=19.2, height=19.2
  [UPDATE Y] child: div, content_height=59.2, margin.bottom=0.0, total_height=59.2, y after=287.8
[LAYOUT] Child element: div (parent: body)
  parent.content: x=0.0, y=0.0
  parent.padding: left=20.0, top=20.0
  child.margin: left=0.0, top=0.0
  y (accumulated): 1105.0
  child.content: x=20.0 (was 0.0), y=1105.0 (was 0.0)
  [UPDATE Y] child: div, content_height=336.8, margin.bottom=0.0, total_height=336.8, y after=1441.8
[LAYOUT] Child element: text (parent: body)
  parent.content: x=0.0, y=0.0
  parent.padding: left=20.0, top=20.0
  child.margin: left=0.0, top=0.0
  y (accumulated): 1441.8
  child.content: x=20.0 (was 0.0), y=1441.8 (was 0.0)
  [UPDATE Y] child: text, content_height=0.0, margin.bottom=0.0, total_height=0.0, y after=1441.8
  [UPDATE Y] child: div, content_height=99.2, margin.bottom=5.0, total_height=104.2, y after=119.2
  [UPDATE Y] child: div, content_height=99.2, margin.bottom=5.0, total_height=104.2, y after=223.4
  [UPDATE Y] child: div, content_height=99.2, margin.bottom=5.0, total_height=104.2, y after=327.6
  [UPDATE Y] child: div, content_height=99.2, margin.bottom=5.0, total_height=104.2, y after=431.8
  [UPDATE Y] child: div, content_height=99.2, margin.bottom=5.0, total_height=104.2, y after=536.0
  [UPDATE Y] child: div, content_height=585.0, margin.bottom=0.0, total_height=585.0, y after=697.1
  [UPDATE Y] child: div, content_height=99.2, margin.bottom=5.0, total_height=104.2, y after=119.2
  [UPDATE Y] child: div, content_height=99.2, margin.bottom=5.0, total_height=104.2, y after=223.4
  [UPDATE Y] child: div, content_height=99.2, margin.bottom=5.0, total_height=104.2, y after=327.6
  [UPDATE Y] child: div, content_height=334.0, margin.bottom=0.0, total_height=334.0, y after=1031.1
[LAYOUT] Child element: div (parent: body)
  parent.content: x=0.0, y=0.0
  parent.padding: left=20.0, top=20.0
  child.margin: left=0.0, top=0.0
  y (accumulated): 1441.8
  child.content: x=20.0 (was 0.0), y=1441.8 (was 0.0)
  [UPDATE Y] child: div, content_height=1031.1, margin.bottom=0.0, total_height=1031.1, y after=2472.8
[LAYOUT] Child element: text (parent: body)
  parent.content: x=0.0, y=0.0
  parent.padding: left=20.0, top=20.0
  child.margin: left=0.0, top=0.0
  y (accumulated): 2472.8
  child.content: x=20.0 (was 0.0), y=2472.8 (was 0.0)
  [UPDATE Y] child: text, content_height=0.0, margin.bottom=0.0, total_height=0.0, y after=2472.8
  [UPDATE Y] child: div, content_height=79.2, margin.bottom=0.0, total_height=79.2, y after=94.2
  [UPDATE Y] child: div, content_height=79.2, margin.bottom=0.0, total_height=79.2, y after=173.4
  [UPDATE Y] child: div, content_height=79.2, margin.bottom=0.0, total_height=79.2, y after=252.6
  [UPDATE Y] child: div, content_height=79.2, margin.bottom=0.0, total_height=79.2, y after=331.8
  [UPDATE Y] child: div, content_height=79.2, margin.bottom=0.0, total_height=79.2, y after=411.0
  [UPDATE Y] child: div, content_height=79.2, margin.bottom=0.0, total_height=79.2, y after=490.2
  [UPDATE Y] child: div, content_height=79.2, margin.bottom=0.0, total_height=79.2, y after=569.4
  [UPDATE Y] child: div, content_height=79.2, margin.bottom=0.0, total_height=79.2, y after=648.6
  [UPDATE Y] child: div, content_height=697.6, margin.bottom=0.0, total_height=697.6, y after=809.7
[LAYOUT] Child element: div (parent: body)
  parent.content: x=0.0, y=0.0
  parent.padding: left=20.0, top=20.0
  child.margin: left=0.0, top=0.0
  y (accumulated): 2472.8
  child.content: x=20.0 (was 0.0), y=2472.8 (was 0.0)
  [UPDATE Y] child: div, content_height=809.7, margin.bottom=0.0, total_height=809.7, y after=3282.5
[LAYOUT] Child element: text (parent: body)
  parent.content: x=0.0, y=0.0
  parent.padding: left=20.0, top=20.0
  child.margin: left=0.0, top=0.0
  y (accumulated): 3282.5
  child.content: x=20.0 (was 0.0), y=3282.5 (was 0.0)
  [UPDATE Y] child: text, content_height=0.0, margin.bottom=0.0, total_height=0.0, y after=3282.5
  [TEXT HEIGHT] text: "大号文本（32px�...", font_size=16.0, line_height=19.2, height=19.2
  [TEXT HEIGHT] text: "中等文本（20px�...", font_size=16.0, line_height=19.2, height=19.2
  [TEXT HEIGHT] text: "小号文本（12px�...", font_size=16.0, line_height=19.2, height=19.2
  [TEXT HEIGHT] text: "下划线文本...", font_size=16.0, line_height=19.2, height=19.2
  [TEXT HEIGHT] text: "删除线文本...", font_size=16.0, line_height=19.2, height=19.2
[LAYOUT] Child element: div (parent: body)
  parent.content: x=0.0, y=0.0
  parent.padding: left=20.0, top=20.0
  child.margin: left=0.0, top=0.0
  y (accumulated): 3282.5
  child.content: x=20.0 (was 0.0), y=3282.5 (was 0.0)
  [UPDATE Y] child: div, content_height=405.5, margin.bottom=0.0, total_height=405.5, y after=3688.0
[LAYOUT] Child element: text (parent: body)
  parent.content: x=0.0, y=0.0
  parent.padding: left=20.0, top=20.0
  child.margin: left=0.0, top=0.0
  y (accumulated): 3688.0
  child.content: x=20.0 (was 0.0), y=3688.0 (was 0.0)
  [UPDATE Y] child: text, content_height=0.0, margin.bottom=0.0, total_height=0.0, y after=3688.0
  [TEXT HEIGHT] text: "这是一个测试�...", font_size=16.0, line_height=25.6, height=25.6
  [TEXT HEIGHT] text: "這是一個測試�...", font_size=16.0, line_height=25.6, height=25.6
  [TEXT HEIGHT] text: "これはテスト�...", font_size=16.0, line_height=25.6, height=25.6
  [TEXT HEIGHT] text: "이것은 테스트 ...", font_size=16.0, line_height=25.6, height=25.6
  [TEXT HEIGHT] text: "This is a test page ...", font_size=16.0, line_height=25.6, height=25.6
  [TEXT HEIGHT] text: "混合文本 Mixed T...", font_size=16.0, line_height=25.6, height=25.6
[LAYOUT] Child element: div (parent: body)
  parent.content: x=0.0, y=0.0
  parent.padding: left=20.0, top=20.0
  child.margin: left=0.0, top=0.0
  y (accumulated): 3688.0
  child.content: x=20.0 (was 0.0), y=3688.0 (was 0.0)
  [UPDATE Y] child: div, content_height=610.3, margin.bottom=0.0, total_height=610.3, y after=4298.4
[LAYOUT] Child element: text (parent: body)
  parent.content: x=0.0, y=0.0
  parent.padding: left=20.0, top=20.0
  child.margin: left=0.0, top=0.0
  y (accumulated): 4298.4
  child.content: x=20.0 (was 0.0), y=4298.4 (was 0.0)
  [UPDATE Y] child: text, content_height=0.0, margin.bottom=0.0, total_height=0.0, y after=4298.4
  [TEXT HEIGHT] text: "这个区域有实�...", font_size=16.0, line_height=19.2, height=19.2
  [TEXT HEIGHT] text: "这个区域有虚�...", font_size=16.0, line_height=19.2, height=19.2
  [UPDATE Y] child: div, content_height=117.2, margin.bottom=0.0, total_height=117.2, y after=273.9
[LAYOUT] Child element: div (parent: body)
  parent.content: x=0.0, y=0.0
  parent.padding: left=20.0, top=20.0
  child.margin: left=0.0, top=0.0
  y (accumulated): 4298.4
  child.content: x=20.0 (was 0.0), y=4298.4 (was 0.0)
  [UPDATE Y] child: div, content_height=343.9, margin.bottom=0.0, total_height=343.9, y after=4642.3
[LAYOUT] Child element: text (parent: body)
  parent.content: x=0.0, y=0.0
  parent.padding: left=20.0, top=20.0
  child.margin: left=0.0, top=0.0
  y (accumulated): 4642.3
  child.content: x=20.0 (was 0.0), y=4642.3 (was 0.0)
  [UPDATE Y] child: text, content_height=0.0, margin.bottom=0.0, total_height=0.0, y after=4642.3
  [TEXT HEIGHT] text: "第一层嵌套...", font_size=16.0, line_height=19.2, height=19.2
  [TEXT HEIGHT] text: "第二层嵌套...", font_size=16.0, line_height=19.2, height=19.2
  [TEXT HEIGHT] text: "第三层嵌套...", font_size=16.0, line_height=19.2, height=19.2
  [UPDATE Y] child: div, content_height=71.2, margin.bottom=2.0, total_height=73.2, y after=132.4
  [UPDATE Y] child: div, content_height=160.4, margin.bottom=3.0, total_height=163.4, y after=224.6
  [UPDATE Y] child: div, content_height=258.6, margin.bottom=5.0, total_height=263.6, y after=364.1
[LAYOUT] Child element: div (parent: body)
  parent.content: x=0.0, y=0.0
  parent.padding: left=20.0, top=20.0
  child.margin: left=0.0, top=0.0
  y (accumulated): 4642.3
  child.content: x=20.0 (was 0.0), y=4642.3 (was 0.0)
  [UPDATE Y] child: div, content_height=413.1, margin.bottom=0.0, total_height=413.1, y after=5055.4
[LAYOUT] Child element: text (parent: body)
  parent.content: x=0.0, y=0.0
  parent.padding: left=20.0, top=20.0
  child.margin: left=0.0, top=0.0
  y (accumulated): 5055.4
  child.content: x=20.0 (was 0.0), y=5055.4 (was 0.0)
  [UPDATE Y] child: text, content_height=0.0, margin.bottom=0.0, total_height=0.0, y after=5055.4
  [TEXT HEIGHT] text: "HTML实体：<div> &...", font_size=16.0, line_height=19.2, height=19.2
  [TEXT HEIGHT] text: "Unicode字符：© �...", font_size=16.0, line_height=19.2, height=19.2
  [TEXT HEIGHT] text: "数学符号：∑ �...", font_size=16.0, line_height=19.2, height=19.2
  [TEXT HEIGHT] text: "箭头符号：← �...", font_size=16.0, line_height=19.2, height=19.2
  [TEXT HEIGHT] text: "Emoji：😀 😃 �...", font_size=16.0, line_height=19.2, height=19.2
[LAYOUT] Child element: div (parent: body)
  parent.content: x=0.0, y=0.0
  parent.padding: left=20.0, top=20.0
  child.margin: left=0.0, top=0.0
  y (accumulated): 5055.4
  child.content: x=20.0 (was 0.0), y=5055.4 (was 0.0)
  [UPDATE Y] child: div, content_height=405.5, margin.bottom=0.0, total_height=405.5, y after=5460.9
[LAYOUT] Child element: text (parent: body)
  parent.content: x=0.0, y=0.0
  parent.padding: left=20.0, top=20.0
  child.margin: left=0.0, top=0.0
  y (accumulated): 5460.9
  child.content: x=20.0 (was 0.0), y=5460.9 (was 0.0)
  [UPDATE Y] child: text, content_height=0.0, margin.bottom=0.0, total_height=0.0, y after=5460.9
  [TEXT HEIGHT] text: "包含块级和行�...", font_size=16.0, line_height=19.2, height=19.2
  [UPDATE Y] child: div, content_height=222.4, margin.bottom=0.0, total_height=222.4, y after=222.4
  [TEXT HEIGHT] text: "另一个Flex子项�...", font_size=16.0, line_height=19.2, height=19.2
  [TEXT HEIGHT] text: "嵌套的div...", font_size=16.0, line_height=19.2, height=19.2
  [UPDATE Y] child: div, content_height=91.2, margin.bottom=0.0, total_height=91.2, y after=245.4
  [UPDATE Y] child: div, content_height=294.4, margin.bottom=0.0, total_height=294.4, y after=516.8
  [UPDATE Y] child: div, content_height=516.8, margin.bottom=0.0, total_height=516.8, y after=622.3
  [TEXT HEIGHT] text: "相对定位容器...", font_size=16.0, line_height=19.2, height=19.2
  [UPDATE Y] child: div, content_height=115.2, margin.bottom=0.0, total_height=115.2, y after=737.5
[LAYOUT] Child element: div (parent: body)
  parent.content: x=0.0, y=0.0
  parent.padding: left=20.0, top=20.0
  child.margin: left=0.0, top=0.0
  y (accumulated): 5460.9
  child.content: x=20.0 (was 0.0), y=5460.9 (was 0.0)
  [UPDATE Y] child: div, content_height=803.5, margin.bottom=0.0, total_height=803.5, y after=6264.4
[LAYOUT] Child element: text (parent: body)
  parent.content: x=0.0, y=0.0
  parent.padding: left=20.0, top=20.0
  child.margin: left=0.0, top=0.0
  y (accumulated): 6264.4
  child.content: x=20.0 (was 0.0), y=6264.4 (was 0.0)
  [UPDATE Y] child: text, content_height=0.0, margin.bottom=0.0, total_height=0.0, y after=6264.4
  [TEXT HEIGHT] text: "ZBrowser功能测试...", font_size=16.0, line_height=19.2, height=19.2
  [TEXT HEIGHT] text: "包含：块级布�...", font_size=16.0, line_height=19.2, height=19.2
[LAYOUT] Child element: div (parent: body)
  parent.content: x=0.0, y=0.0
  parent.padding: left=20.0, top=20.0
  child.margin: left=0.0, top=30.0
  y (accumulated): 6264.4
  child.content: x=20.0 (was 0.0), y=6294.4 (was 0.0)
  [UPDATE Y] child: div, content_height=182.4, margin.bottom=0.0, total_height=182.4, y after=6446.8
[LAYOUT] Child element: body (parent: html)
  parent.content: x=0.0, y=0.0
  parent.padding: left=0.0, top=0.0
  child.margin: left=0.0, top=0.0
  y (accumulated): 0.0
  child.content: x=0.0 (was 0.0), y=0.0 (was 0.0)
  [UPDATE Y] child: body, content_height=6506.8, margin.bottom=0.0, total_height=6506.8, y after=6506.8
[LAYOUT] Child element: !DOCTYPE (parent: body)
  parent.content: x=0.0, y=0.0
  parent.padding: left=20.0, top=20.0
  child.margin: left=0.0, top=0.0
  y (accumulated): 20.0
  child.content: x=20.0 (was 0.0), y=20.0 (was 0.0)
  [UPDATE Y] child: !DOCTYPE, content_height=6506.8, margin.bottom=0.0, total_height=6506.8, y after=6526.8
[LAYOUT] Child element: body (parent: html)
  parent.content: x=0.0, y=0.0
  parent.padding: left=0.0, top=0.0
  child.margin: left=0.0, top=0.0
  y (accumulated): 0.0
  child.content: x=0.0 (was 0.0), y=0.0 (was 0.0)
  [UPDATE Y] child: body, content_height=6586.8, margin.bottom=0.0, total_height=6586.8, y after=6586.8
[LAYOUT] Element: body, is_root: false
  margin: top=0.0, right=0.0, bottom=0.0, left=0.0
  padding: top=20.0, right=20.0, bottom=20.0, left=20.0
  content: x=0.0, y=0.0, width=1160.0, height=6546.8
  containing_block: width=1200.0, height=6586.8
[LAYOUT] Body element position set: x=0.0, y=0.0 (margin: left=0.0, top=0.0)
[LAYOUT] Element: html, is_root: false
  margin: top=0.0, right=0.0, bottom=0.0, left=0.0
  padding: top=0.0, right=0.0, bottom=0.0, left=0.0
  content: x=0.0, y=0.0, width=1160.0, height=6506.8
  containing_block: width=1160.0, height=6586.8
[LAYOUT] Element: body, is_root: false
  margin: top=0.0, right=0.0, bottom=0.0, left=0.0
  padding: top=20.0, right=20.0, bottom=20.0, left=20.0
  content: x=0.0, y=0.0, width=1120.0, height=6466.8
  containing_block: width=1160.0, height=6586.8
[LAYOUT] Body element position set: x=0.0, y=0.0 (margin: left=0.0, top=0.0)
[CONTAINING BLOCK] body.content.width=1120.0, child_containing_block.width=1120.0
[WIDTH DEBUG] h1: containing_block.width=1120.0, available_width=1120.0, calculated_width=1116.0
[LAYOUT] Child element: h1 (parent: body)
  parent.content: x=0.0, y=0.0
  parent.padding: left=20.0, top=20.0
  child.margin: left=0.0, top=21.4
  y (accumulated): 20.0
  child.content: x=20.0 (was 20.0), y=41.4 (was 41.4)
  [UPDATE Y] child: h1, content_height=50.0, margin.bottom=21.4, total_height=71.4, y after=91.4
[LAYOUT] Child element: text (parent: body)
  parent.content: x=0.0, y=0.0
  parent.padding: left=20.0, top=20.0
  child.margin: left=0.0, top=0.0
  y (accumulated): 91.4
  child.content: x=20.0 (was 20.0), y=91.4 (was 91.4)
  [UPDATE Y] child: text, content_height=0.0, margin.bottom=0.0, total_height=0.0, y after=91.4
[WIDTH DEBUG] h1: containing_block.width=1086.0, available_width=1086.0, calculated_width=1086.0
[LAYOUT] Child element: h1 (parent: div)
  parent.content: x=20.0, y=91.4
  parent.padding: left=15.0, top=15.0
  child.margin: left=0.0, top=16.1
  y (accumulated): 15.0
  child.content: x=15.0 (was 15.0), y=122.5 (was 31.1)
  [UPDATE Y] child: h1, content_height=62.1, margin.bottom=16.1, total_height=78.2, y after=93.2
  [UPDATE Y] child: div, content_height=96.0, margin.bottom=0.0, total_height=96.0, y after=301.2
[LAYOUT] Child element: div (parent: body)
  parent.content: x=0.0, y=0.0
  parent.padding: left=20.0, top=20.0
  child.margin: left=0.0, top=0.0
  y (accumulated): 91.4
  child.content: x=20.0 (was 20.0), y=91.4 (was 91.4)
  [UPDATE Y] child: div, content_height=350.2, margin.bottom=0.0, total_height=350.2, y after=441.6
[LAYOUT] Child element: text (parent: body)
  parent.content: x=0.0, y=0.0
  parent.padding: left=20.0, top=20.0
  child.margin: left=0.0, top=0.0
  y (accumulated): 441.6
  child.content: x=20.0 (was 20.0), y=441.6 (was 441.6)
  [UPDATE Y] child: text, content_height=0.0, margin.bottom=0.0, total_height=0.0, y after=441.6
[LAYOUT] Child element: div (parent: body)
  parent.content: x=0.0, y=0.0
  parent.padding: left=20.0, top=20.0
  child.margin: left=0.0, top=0.0
  y (accumulated): 441.6
  child.content: x=20.0 (was 20.0), y=441.6 (was 441.6)
  [UPDATE Y] child: div, content_height=329.4, margin.bottom=0.0, total_height=329.4, y after=771.0
[LAYOUT] Child element: text (parent: body)
  parent.content: x=0.0, y=0.0
  parent.padding: left=20.0, top=20.0
  child.margin: left=0.0, top=0.0
  y (accumulated): 771.0
  child.content: x=20.0 (was 20.0), y=771.0 (was 771.0)
  [UPDATE Y] child: text, content_height=0.0, margin.bottom=0.0, total_height=0.0, y after=771.0
  [UPDATE Y] child: div, content_height=59.2, margin.bottom=5.0, total_height=64.2, y after=138.2
  [UPDATE Y] child: div, content_height=59.2, margin.bottom=5.0, total_height=64.2, y after=202.4
[LAYOUT] Child element: div (parent: body)
  parent.content: x=0.0, y=0.0
  parent.padding: left=20.0, top=20.0
  child.margin: left=0.0, top=0.0
  y (accumulated): 771.0
  child.content: x=20.0 (was 20.0), y=771.0 (was 771.0)
  [UPDATE Y] child: div, content_height=334.0, margin.bottom=0.0, total_height=334.0, y after=1105.0
[LAYOUT] Child element: text (parent: body)
  parent.content: x=0.0, y=0.0
  parent.padding: left=20.0, top=20.0
  child.margin: left=0.0, top=0.0
  y (accumulated): 1105.0
  child.content: x=20.0 (was 20.0), y=1105.0 (was 1105.0)
  [UPDATE Y] child: text, content_height=0.0, margin.bottom=0.0, total_height=0.0, y after=1105.0
  [UPDATE Y] child: div, content_height=59.2, margin.bottom=0.0, total_height=59.2, y after=287.8
[LAYOUT] Child element: div (parent: body)
  parent.content: x=0.0, y=0.0
  parent.padding: left=20.0, top=20.0
  child.margin: left=0.0, top=0.0
  y (accumulated): 1105.0
  child.content: x=20.0 (was 20.0), y=1105.0 (was 1105.0)
  [UPDATE Y] child: div, content_height=336.8, margin.bottom=0.0, total_height=336.8, y after=1441.8
[LAYOUT] Child element: text (parent: body)
  parent.content: x=0.0, y=0.0
  parent.padding: left=20.0, top=20.0
  child.margin: left=0.0, top=0.0
  y (accumulated): 1441.8
  child.content: x=20.0 (was 20.0), y=1441.8 (was 1441.8)
  [UPDATE Y] child: text, content_height=0.0, margin.bottom=0.0, total_height=0.0, y after=1441.8
  [UPDATE Y] child: div, content_height=99.2, margin.bottom=5.0, total_height=104.2, y after=119.2
  [UPDATE Y] child: div, content_height=99.2, margin.bottom=5.0, total_height=104.2, y after=223.4
  [UPDATE Y] child: div, content_height=99.2, margin.bottom=5.0, total_height=104.2, y after=327.6
  [UPDATE Y] child: div, content_height=99.2, margin.bottom=5.0, total_height=104.2, y after=431.8
  [UPDATE Y] child: div, content_height=99.2, margin.bottom=5.0, total_height=104.2, y after=536.0
  [UPDATE Y] child: div, content_height=585.0, margin.bottom=0.0, total_height=585.0, y after=697.1
  [UPDATE Y] child: div, content_height=99.2, margin.bottom=5.0, total_height=104.2, y after=119.2
  [UPDATE Y] child: div, content_height=99.2, margin.bottom=5.0, total_height=104.2, y after=223.4
  [UPDATE Y] child: div, content_height=99.2, margin.bottom=5.0, total_height=104.2, y after=327.6
  [UPDATE Y] child: div, content_height=334.0, margin.bottom=0.0, total_height=334.0, y after=1031.1
[LAYOUT] Child element: div (parent: body)
  parent.content: x=0.0, y=0.0
  parent.padding: left=20.0, top=20.0
  child.margin: left=0.0, top=0.0
  y (accumulated): 1441.8
  child.content: x=20.0 (was 20.0), y=1441.8 (was 1441.8)
  [UPDATE Y] child: div, content_height=1031.1, margin.bottom=0.0, total_height=1031.1, y after=2472.8
[LAYOUT] Child element: text (parent: body)
  parent.content: x=0.0, y=0.0
  parent.padding: left=20.0, top=20.0
  child.margin: left=0.0, top=0.0
  y (accumulated): 2472.8
  child.content: x=20.0 (was 20.0), y=2472.8 (was 2472.8)
  [UPDATE Y] child: text, content_height=0.0, margin.bottom=0.0, total_height=0.0, y after=2472.8
  [UPDATE Y] child: div, content_height=79.2, margin.bottom=0.0, total_height=79.2, y after=94.2
  [UPDATE Y] child: div, content_height=79.2, margin.bottom=0.0, total_height=79.2, y after=173.4
  [UPDATE Y] child: div, content_height=79.2, margin.bottom=0.0, total_height=79.2, y after=252.6
  [UPDATE Y] child: div, content_height=79.2, margin.bottom=0.0, total_height=79.2, y after=331.8
  [UPDATE Y] child: div, content_height=79.2, margin.bottom=0.0, total_height=79.2, y after=411.0
  [UPDATE Y] child: div, content_height=79.2, margin.bottom=0.0, total_height=79.2, y after=490.2
  [UPDATE Y] child: div, content_height=79.2, margin.bottom=0.0, total_height=79.2, y after=569.4
  [UPDATE Y] child: div, content_height=79.2, margin.bottom=0.0, total_height=79.2, y after=648.6
  [UPDATE Y] child: div, content_height=697.6, margin.bottom=0.0, total_height=697.6, y after=809.7
[LAYOUT] Child element: div (parent: body)
  parent.content: x=0.0, y=0.0
  parent.padding: left=20.0, top=20.0
  child.margin: left=0.0, top=0.0
  y (accumulated): 2472.8
  child.content: x=20.0 (was 20.0), y=2472.8 (was 2472.8)
  [UPDATE Y] child: div, content_height=809.7, margin.bottom=0.0, total_height=809.7, y after=3282.5
[LAYOUT] Child element: text (parent: body)
  parent.content: x=0.0, y=0.0
  parent.padding: left=20.0, top=20.0
  child.margin: left=0.0, top=0.0
  y (accumulated): 3282.5
  child.content: x=20.0 (was 20.0), y=3282.5 (was 3282.5)
  [UPDATE Y] child: text, content_height=0.0, margin.bottom=0.0, total_height=0.0, y after=3282.5
[LAYOUT] Child element: div (parent: body)
  parent.content: x=0.0, y=0.0
  parent.padding: left=20.0, top=20.0
  child.margin: left=0.0, top=0.0
  y (accumulated): 3282.5
  child.content: x=20.0 (was 20.0), y=3282.5 (was 3282.5)
  [UPDATE Y] child: div, content_height=405.5, margin.bottom=0.0, total_height=405.5, y after=3688.0
[LAYOUT] Child element: text (parent: body)
  parent.content: x=0.0, y=0.0
  parent.padding: left=20.0, top=20.0
  child.margin: left=0.0, top=0.0
  y (accumulated): 3688.0
  child.content: x=20.0 (was 20.0), y=3688.0 (was 3688.0)
  [UPDATE Y] child: text, content_height=0.0, margin.bottom=0.0, total_height=0.0, y after=3688.0
[LAYOUT] Child element: div (parent: body)
  parent.content: x=0.0, y=0.0
  parent.padding: left=20.0, top=20.0
  child.margin: left=0.0, top=0.0
  y (accumulated): 3688.0
  child.content: x=20.0 (was 20.0), y=3688.0 (was 3688.0)
  [UPDATE Y] child: div, content_height=610.3, margin.bottom=0.0, total_height=610.3, y after=4298.4
[LAYOUT] Child element: text (parent: body)
  parent.content: x=0.0, y=0.0
  parent.padding: left=20.0, top=20.0
  child.margin: left=0.0, top=0.0
  y (accumulated): 4298.4
  child.content: x=20.0 (was 20.0), y=4298.4 (was 4298.4)
  [UPDATE Y] child: text, content_height=0.0, margin.bottom=0.0, total_height=0.0, y after=4298.4
  [UPDATE Y] child: div, content_height=117.2, margin.bottom=0.0, total_height=117.2, y after=273.9
[LAYOUT] Child element: div (parent: body)
  parent.content: x=0.0, y=0.0
  parent.padding: left=20.0, top=20.0
  child.margin: left=0.0, top=0.0
  y (accumulated): 4298.4
  child.content: x=20.0 (was 20.0), y=4298.4 (was 4298.4)
  [UPDATE Y] child: div, content_height=343.9, margin.bottom=0.0, total_height=343.9, y after=4642.3
[LAYOUT] Child element: text (parent: body)
  parent.content: x=0.0, y=0.0
  parent.padding: left=20.0, top=20.0
  child.margin: left=0.0, top=0.0
  y (accumulated): 4642.3
  child.content: x=20.0 (was 20.0), y=4642.3 (was 4642.3)
  [UPDATE Y] child: text, content_height=0.0, margin.bottom=0.0, total_height=0.0, y after=4642.3
  [UPDATE Y] child: div, content_height=71.2, margin.bottom=2.0, total_height=73.2, y after=132.4
  [UPDATE Y] child: div, content_height=160.4, margin.bottom=3.0, total_height=163.4, y after=224.6
  [UPDATE Y] child: div, content_height=258.6, margin.bottom=5.0, total_height=263.6, y after=364.1
[LAYOUT] Child element: div (parent: body)
  parent.content: x=0.0, y=0.0
  parent.padding: left=20.0, top=20.0
  child.margin: left=0.0, top=0.0
  y (accumulated): 4642.3
  child.content: x=20.0 (was 20.0), y=4642.3 (was 4642.3)
  [UPDATE Y] child: div, content_height=413.1, margin.bottom=0.0, total_height=413.1, y after=5055.4
[LAYOUT] Child element: text (parent: body)
  parent.content: x=0.0, y=0.0
  parent.padding: left=20.0, top=20.0
  child.margin: left=0.0, top=0.0
  y (accumulated): 5055.4
  child.content: x=20.0 (was 20.0), y=5055.4 (was 5055.4)
  [UPDATE Y] child: text, content_height=0.0, margin.bottom=0.0, total_height=0.0, y after=5055.4
[LAYOUT] Child element: div (parent: body)
  parent.content: x=0.0, y=0.0
  parent.padding: left=20.0, top=20.0
  child.margin: left=0.0, top=0.0
  y (accumulated): 5055.4
  child.content: x=20.0 (was 20.0), y=5055.4 (was 5055.4)
  [UPDATE Y] child: div, content_height=405.5, margin.bottom=0.0, total_height=405.5, y after=5460.9
[LAYOUT] Child element: text (parent: body)
  parent.content: x=0.0, y=0.0
  parent.padding: left=20.0, top=20.0
  child.margin: left=0.0, top=0.0
  y (accumulated): 5460.9
  child.content: x=20.0 (was 20.0), y=5460.9 (was 5460.9)
  [UPDATE Y] child: text, content_height=0.0, margin.bottom=0.0, total_height=0.0, y after=5460.9
  [UPDATE Y] child: div, content_height=222.4, margin.bottom=0.0, total_height=222.4, y after=222.4
  [UPDATE Y] child: div, content_height=91.2, margin.bottom=0.0, total_height=91.2, y after=245.4
  [UPDATE Y] child: div, content_height=294.4, margin.bottom=0.0, total_height=294.4, y after=516.8
  [UPDATE Y] child: div, content_height=516.8, margin.bottom=0.0, total_height=516.8, y after=622.3
  [UPDATE Y] child: div, content_height=115.2, margin.bottom=0.0, total_height=115.2, y after=737.5
[LAYOUT] Child element: div (parent: body)
  parent.content: x=0.0, y=0.0
  parent.padding: left=20.0, top=20.0
  child.margin: left=0.0, top=0.0
  y (accumulated): 5460.9
  child.content: x=20.0 (was 20.0), y=5460.9 (was 5460.9)
  [UPDATE Y] child: div, content_height=803.5, margin.bottom=0.0, total_height=803.5, y after=6264.4
[LAYOUT] Child element: text (parent: body)
  parent.content: x=0.0, y=0.0
  parent.padding: left=20.0, top=20.0
  child.margin: left=0.0, top=0.0
  y (accumulated): 6264.4
  child.content: x=20.0 (was 20.0), y=6264.4 (was 6264.4)
  [UPDATE Y] child: text, content_height=0.0, margin.bottom=0.0, total_height=0.0, y after=6264.4
[LAYOUT] Child element: div (parent: body)
  parent.content: x=0.0, y=0.0
  parent.padding: left=20.0, top=20.0
  child.margin: left=0.0, top=30.0
  y (accumulated): 6264.4
  child.content: x=20.0 (was 20.0), y=6294.4 (was 6294.4)
  [UPDATE Y] child: div, content_height=182.4, margin.bottom=0.0, total_height=182.4, y after=6446.8
[LAYOUT] Child element: body (parent: html)
  parent.content: x=0.0, y=0.0
  parent.padding: left=0.0, top=0.0
  child.margin: left=0.0, top=0.0
  y (accumulated): 0.0
  child.content: x=0.0 (was 0.0), y=0.0 (was 0.0)
  [UPDATE Y] child: body, content_height=6506.8, margin.bottom=0.0, total_height=6506.8, y after=6506.8
[LAYOUT] Child element: !DOCTYPE (parent: body)
  parent.content: x=0.0, y=0.0
  parent.padding: left=20.0, top=20.0
  child.margin: left=0.0, top=0.0
  y (accumulated): 20.0
  child.content: x=20.0 (was 20.0), y=20.0 (was 20.0)
  [UPDATE Y] child: !DOCTYPE, content_height=6506.8, margin.bottom=0.0, total_height=6506.8, y after=6526.8
[LAYOUT] Element: html, is_root: false
  margin: top=0.0, right=0.0, bottom=0.0, left=0.0
  padding: top=0.0, right=0.0, bottom=0.0, left=0.0
  content: x=20.0, y=20.0, width=1160.0, height=6506.8
  containing_block: width=1160.0, height=6546.8
[LAYOUT] Element: body, is_root: false
  margin: top=0.0, right=0.0, bottom=0.0, left=0.0
  padding: top=20.0, right=20.0, bottom=20.0, left=20.0
  content: x=0.0, y=0.0, width=1120.0, height=6466.8
  containing_block: width=1160.0, height=6546.8
[LAYOUT WARNING] html.content is not (0, 0): x=20.0, y=20.0
[LAYOUT] Body element position set: x=0.0, y=0.0 (margin: left=0.0, top=0.0)
[CONTAINING BLOCK] body.content.width=1120.0, child_containing_block.width=1120.0
[WIDTH DEBUG] h1: containing_block.width=1120.0, available_width=1120.0, calculated_width=1116.0
[LAYOUT] Child element: h1 (parent: body)
  parent.content: x=0.0, y=0.0
  parent.padding: left=20.0, top=20.0
  child.margin: left=0.0, top=21.4
  y (accumulated): 20.0
  child.content: x=20.0 (was 20.0), y=41.4 (was 41.4)
  [UPDATE Y] child: h1, content_height=50.0, margin.bottom=21.4, total_height=71.4, y after=91.4
[LAYOUT] Child element: text (parent: body)
  parent.content: x=0.0, y=0.0
  parent.padding: left=20.0, top=20.0
  child.margin: left=0.0, top=0.0
  y (accumulated): 91.4
  child.content: x=20.0 (was 20.0), y=91.4 (was 91.4)
  [UPDATE Y] child: text, content_height=0.0, margin.bottom=0.0, total_height=0.0, y after=91.4
[WIDTH DEBUG] h1: containing_block.width=1086.0, available_width=1086.0, calculated_width=1086.0
[LAYOUT] Child element: h1 (parent: div)
  parent.content: x=20.0, y=91.4
  parent.padding: left=15.0, top=15.0
  child.margin: left=0.0, top=16.1
  y (accumulated): 15.0
  child.content: x=15.0 (was 15.0), y=122.5 (was 122.5)
  [UPDATE Y] child: h1, content_height=62.1, margin.bottom=16.1, total_height=78.2, y after=93.2
  [UPDATE Y] child: div, content_height=96.0, margin.bottom=0.0, total_height=96.0, y after=301.2
[LAYOUT] Child element: div (parent: body)
  parent.content: x=0.0, y=0.0
  parent.padding: left=20.0, top=20.0
  child.margin: left=0.0, top=0.0
  y (accumulated): 91.4
  child.content: x=20.0 (was 20.0), y=91.4 (was 91.4)
  [UPDATE Y] child: div, content_height=350.2, margin.bottom=0.0, total_height=350.2, y after=441.6
[LAYOUT] Child element: text (parent: body)
  parent.content: x=0.0, y=0.0
  parent.padding: left=20.0, top=20.0
  child.margin: left=0.0, top=0.0
  y (accumulated): 441.6
  child.content: x=20.0 (was 20.0), y=441.6 (was 441.6)
  [UPDATE Y] child: text, content_height=0.0, margin.bottom=0.0, total_height=0.0, y after=441.6
[LAYOUT] Child element: div (parent: body)
  parent.content: x=0.0, y=0.0
  parent.padding: left=20.0, top=20.0
  child.margin: left=0.0, top=0.0
  y (accumulated): 441.6
  child.content: x=20.0 (was 20.0), y=441.6 (was 441.6)
  [UPDATE Y] child: div, content_height=329.4, margin.bottom=0.0, total_height=329.4, y after=771.0
[LAYOUT] Child element: text (parent: body)
  parent.content: x=0.0, y=0.0
  parent.padding: left=20.0, top=20.0
  child.margin: left=0.0, top=0.0
  y (accumulated): 771.0
  child.content: x=20.0 (was 20.0), y=771.0 (was 771.0)
  [UPDATE Y] child: text, content_height=0.0, margin.bottom=0.0, total_height=0.0, y after=771.0
  [UPDATE Y] child: div, content_height=59.2, margin.bottom=5.0, total_height=64.2, y after=138.2
  [UPDATE Y] child: div, content_height=59.2, margin.bottom=5.0, total_height=64.2, y after=202.4
[LAYOUT] Child element: div (parent: body)
  parent.content: x=0.0, y=0.0
  parent.padding: left=20.0, top=20.0
  child.margin: left=0.0, top=0.0
  y (accumulated): 771.0
  child.content: x=20.0 (was 20.0), y=771.0 (was 771.0)
  [UPDATE Y] child: div, content_height=334.0, margin.bottom=0.0, total_height=334.0, y after=1105.0
[LAYOUT] Child element: text (parent: body)
  parent.content: x=0.0, y=0.0
  parent.padding: left=20.0, top=20.0
  child.margin: left=0.0, top=0.0
  y (accumulated): 1105.0
  child.content: x=20.0 (was 20.0), y=1105.0 (was 1105.0)
  [UPDATE Y] child: text, content_height=0.0, margin.bottom=0.0, total_height=0.0, y after=1105.0
  [UPDATE Y] child: div, content_height=59.2, margin.bottom=0.0, total_height=59.2, y after=287.8
[LAYOUT] Child element: div (parent: body)
  parent.content: x=0.0, y=0.0
  parent.padding: left=20.0, top=20.0
  child.margin: left=0.0, top=0.0
  y (accumulated): 1105.0
  child.content: x=20.0 (was 20.0), y=1105.0 (was 1105.0)
  [UPDATE Y] child: div, content_height=336.8, margin.bottom=0.0, total_height=336.8, y after=1441.8
[LAYOUT] Child element: text (parent: body)
  parent.content: x=0.0, y=0.0
  parent.padding: left=20.0, top=20.0
  child.margin: left=0.0, top=0.0
  y (accumulated): 1441.8
  child.content: x=20.0 (was 20.0), y=1441.8 (was 1441.8)
  [UPDATE Y] child: text, content_height=0.0, margin.bottom=0.0, total_height=0.0, y after=1441.8
  [UPDATE Y] child: div, content_height=99.2, margin.bottom=5.0, total_height=104.2, y after=119.2
  [UPDATE Y] child: div, content_height=99.2, margin.bottom=5.0, total_height=104.2, y after=223.4
  [UPDATE Y] child: div, content_height=99.2, margin.bottom=5.0, total_height=104.2, y after=327.6
  [UPDATE Y] child: div, content_height=99.2, margin.bottom=5.0, total_height=104.2, y after=431.8
  [UPDATE Y] child: div, content_height=99.2, margin.bottom=5.0, total_height=104.2, y after=536.0
  [UPDATE Y] child: div, content_height=585.0, margin.bottom=0.0, total_height=585.0, y after=697.1
  [UPDATE Y] child: div, content_height=99.2, margin.bottom=5.0, total_height=104.2, y after=119.2
  [UPDATE Y] child: div, content_height=99.2, margin.bottom=5.0, total_height=104.2, y after=223.4
  [UPDATE Y] child: div, content_height=99.2, margin.bottom=5.0, total_height=104.2, y after=327.6
  [UPDATE Y] child: div, content_height=334.0, margin.bottom=0.0, total_height=334.0, y after=1031.1
[LAYOUT] Child element: div (parent: body)
  parent.content: x=0.0, y=0.0
  parent.padding: left=20.0, top=20.0
  child.margin: left=0.0, top=0.0
  y (accumulated): 1441.8
  child.content: x=20.0 (was 20.0), y=1441.8 (was 1441.8)
  [UPDATE Y] child: div, content_height=1031.1, margin.bottom=0.0, total_height=1031.1, y after=2472.8
[LAYOUT] Child element: text (parent: body)
  parent.content: x=0.0, y=0.0
  parent.padding: left=20.0, top=20.0
  child.margin: left=0.0, top=0.0
  y (accumulated): 2472.8
  child.content: x=20.0 (was 20.0), y=2472.8 (was 2472.8)
  [UPDATE Y] child: text, content_height=0.0, margin.bottom=0.0, total_height=0.0, y after=2472.8
  [UPDATE Y] child: div, content_height=79.2, margin.bottom=0.0, total_height=79.2, y after=94.2
  [UPDATE Y] child: div, content_height=79.2, margin.bottom=0.0, total_height=79.2, y after=173.4
  [UPDATE Y] child: div, content_height=79.2, margin.bottom=0.0, total_height=79.2, y after=252.6
  [UPDATE Y] child: div, content_height=79.2, margin.bottom=0.0, total_height=79.2, y after=331.8
  [UPDATE Y] child: div, content_height=79.2, margin.bottom=0.0, total_height=79.2, y after=411.0
  [UPDATE Y] child: div, content_height=79.2, margin.bottom=0.0, total_height=79.2, y after=490.2
  [UPDATE Y] child: div, content_height=79.2, margin.bottom=0.0, total_height=79.2, y after=569.4
  [UPDATE Y] child: div, content_height=79.2, margin.bottom=0.0, total_height=79.2, y after=648.6
  [UPDATE Y] child: div, content_height=697.6, margin.bottom=0.0, total_height=697.6, y after=809.7
[LAYOUT] Child element: div (parent: body)
  parent.content: x=0.0, y=0.0
  parent.padding: left=20.0, top=20.0
  child.margin: left=0.0, top=0.0
  y (accumulated): 2472.8
  child.content: x=20.0 (was 20.0), y=2472.8 (was 2472.8)
  [UPDATE Y] child: div, content_height=809.7, margin.bottom=0.0, total_height=809.7, y after=3282.5
[LAYOUT] Child element: text (parent: body)
  parent.content: x=0.0, y=0.0
  parent.padding: left=20.0, top=20.0
  child.margin: left=0.0, top=0.0
  y (accumulated): 3282.5
  child.content: x=20.0 (was 20.0), y=3282.5 (was 3282.5)
  [UPDATE Y] child: text, content_height=0.0, margin.bottom=0.0, total_height=0.0, y after=3282.5
[LAYOUT] Child element: div (parent: body)
  parent.content: x=0.0, y=0.0
  parent.padding: left=20.0, top=20.0
  child.margin: left=0.0, top=0.0
  y (accumulated): 3282.5
  child.content: x=20.0 (was 20.0), y=3282.5 (was 3282.5)
  [UPDATE Y] child: div, content_height=405.5, margin.bottom=0.0, total_height=405.5, y after=3688.0
[LAYOUT] Child element: text (parent: body)
  parent.content: x=0.0, y=0.0
  parent.padding: left=20.0, top=20.0
  child.margin: left=0.0, top=0.0
  y (accumulated): 3688.0
  child.content: x=20.0 (was 20.0), y=3688.0 (was 3688.0)
  [UPDATE Y] child: text, content_height=0.0, margin.bottom=0.0, total_height=0.0, y after=3688.0
[LAYOUT] Child element: div (parent: body)
  parent.content: x=0.0, y=0.0
  parent.padding: left=20.0, top=20.0
  child.margin: left=0.0, top=0.0
  y (accumulated): 3688.0
  child.content: x=20.0 (was 20.0), y=3688.0 (was 3688.0)
  [UPDATE Y] child: div, content_height=610.3, margin.bottom=0.0, total_height=610.3, y after=4298.4
[LAYOUT] Child element: text (parent: body)
  parent.content: x=0.0, y=0.0
  parent.padding: left=20.0, top=20.0
  child.margin: left=0.0, top=0.0
  y (accumulated): 4298.4
  child.content: x=20.0 (was 20.0), y=4298.4 (was 4298.4)
  [UPDATE Y] child: text, content_height=0.0, margin.bottom=0.0, total_height=0.0, y after=4298.4
  [UPDATE Y] child: div, content_height=117.2, margin.bottom=0.0, total_height=117.2, y after=273.9
[LAYOUT] Child element: div (parent: body)
  parent.content: x=0.0, y=0.0
  parent.padding: left=20.0, top=20.0
  child.margin: left=0.0, top=0.0
  y (accumulated): 4298.4
  child.content: x=20.0 (was 20.0), y=4298.4 (was 4298.4)
  [UPDATE Y] child: div, content_height=343.9, margin.bottom=0.0, total_height=343.9, y after=4642.3
[LAYOUT] Child element: text (parent: body)
  parent.content: x=0.0, y=0.0
  parent.padding: left=20.0, top=20.0
  child.margin: left=0.0, top=0.0
  y (accumulated): 4642.3
  child.content: x=20.0 (was 20.0), y=4642.3 (was 4642.3)
  [UPDATE Y] child: text, content_height=0.0, margin.bottom=0.0, total_height=0.0, y after=4642.3
  [UPDATE Y] child: div, content_height=71.2, margin.bottom=2.0, total_height=73.2, y after=132.4
  [UPDATE Y] child: div, content_height=160.4, margin.bottom=3.0, total_height=163.4, y after=224.6
  [UPDATE Y] child: div, content_height=258.6, margin.bottom=5.0, total_height=263.6, y after=364.1
[LAYOUT] Child element: div (parent: body)
  parent.content: x=0.0, y=0.0
  parent.padding: left=20.0, top=20.0
  child.margin: left=0.0, top=0.0
  y (accumulated): 4642.3
  child.content: x=20.0 (was 20.0), y=4642.3 (was 4642.3)
  [UPDATE Y] child: div, content_height=413.1, margin.bottom=0.0, total_height=413.1, y after=5055.4
[LAYOUT] Child element: text (parent: body)
  parent.content: x=0.0, y=0.0
  parent.padding: left=20.0, top=20.0
  child.margin: left=0.0, top=0.0
  y (accumulated): 5055.4
  child.content: x=20.0 (was 20.0), y=5055.4 (was 5055.4)
  [UPDATE Y] child: text, content_height=0.0, margin.bottom=0.0, total_height=0.0, y after=5055.4
[LAYOUT] Child element: div (parent: body)
  parent.content: x=0.0, y=0.0
  parent.padding: left=20.0, top=20.0
  child.margin: left=0.0, top=0.0
  y (accumulated): 5055.4
  child.content: x=20.0 (was 20.0), y=5055.4 (was 5055.4)
  [UPDATE Y] child: div, content_height=405.5, margin.bottom=0.0, total_height=405.5, y after=5460.9
[LAYOUT] Child element: text (parent: body)
  parent.content: x=0.0, y=0.0
  parent.padding: left=20.0, top=20.0
  child.margin: left=0.0, top=0.0
  y (accumulated): 5460.9
  child.content: x=20.0 (was 20.0), y=5460.9 (was 5460.9)
  [UPDATE Y] child: text, content_height=0.0, margin.bottom=0.0, total_height=0.0, y after=5460.9
  [UPDATE Y] child: div, content_height=222.4, margin.bottom=0.0, total_height=222.4, y after=222.4
  [UPDATE Y] child: div, content_height=91.2, margin.bottom=0.0, total_height=91.2, y after=245.4
  [UPDATE Y] child: div, content_height=294.4, margin.bottom=0.0, total_height=294.4, y after=516.8
  [UPDATE Y] child: div, content_height=516.8, margin.bottom=0.0, total_height=516.8, y after=622.3
  [UPDATE Y] child: div, content_height=115.2, margin.bottom=0.0, total_height=115.2, y after=737.5
[LAYOUT] Child element: div (parent: body)
  parent.content: x=0.0, y=0.0
  parent.padding: left=20.0, top=20.0
  child.margin: left=0.0, top=0.0
  y (accumulated): 5460.9
  child.content: x=20.0 (was 20.0), y=5460.9 (was 5460.9)
  [UPDATE Y] child: div, content_height=803.5, margin.bottom=0.0, total_height=803.5, y after=6264.4
[LAYOUT] Child element: text (parent: body)
  parent.content: x=0.0, y=0.0
  parent.padding: left=20.0, top=20.0
  child.margin: left=0.0, top=0.0
  y (accumulated): 6264.4
  child.content: x=20.0 (was 20.0), y=6264.4 (was 6264.4)
  [UPDATE Y] child: text, content_height=0.0, margin.bottom=0.0, total_height=0.0, y after=6264.4
[LAYOUT] Child element: div (parent: body)
  parent.content: x=0.0, y=0.0
  parent.padding: left=20.0, top=20.0
  child.margin: left=0.0, top=30.0
  y (accumulated): 6264.4
  child.content: x=20.0 (was 20.0), y=6294.4 (was 6294.4)
  [UPDATE Y] child: div, content_height=182.4, margin.bottom=0.0, total_height=182.4, y after=6446.8
[LAYOUT] Child element: body (parent: html)
  parent.content: x=20.0, y=20.0
  parent.padding: left=0.0, top=0.0
  child.margin: left=0.0, top=0.0
  y (accumulated): 0.0
  child.content: x=20.0 (was 0.0), y=20.0 (was 0.0)
  [UPDATE Y] child: body, content_height=6506.8, margin.bottom=0.0, total_height=6506.8, y after=6506.8
[LAYOUT] Element: html, is_root: false
  margin: top=0.0, right=0.0, bottom=0.0, left=0.0
  padding: top=0.0, right=0.0, bottom=0.0, left=0.0
  content: x=20.0, y=20.0, width=1160.0, height=6506.8
  containing_block: width=1160.0, height=6506.8
[LAYOUT] Element: body, is_root: false
  margin: top=0.0, right=0.0, bottom=0.0, left=0.0
  padding: top=20.0, right=20.0, bottom=20.0, left=20.0
  content: x=20.0, y=20.0, width=1120.0, height=6466.8
  containing_block: width=1160.0, height=6506.8
[LAYOUT WARNING] html.content is not (0, 0): x=20.0, y=20.0
[CONTAINING BLOCK] body.content.width=1120.0, child_containing_block.width=1120.0
[WIDTH DEBUG] h1: containing_block.width=1120.0, available_width=1120.0, calculated_width=1116.0
[LAYOUT] Child element: h1 (parent: body)
  parent.content: x=20.0, y=20.0
  parent.padding: left=20.0, top=20.0
  child.margin: left=0.0, top=21.4
  y (accumulated): 20.0
  child.content: x=20.0 (was 20.0), y=61.4 (was 41.4)
  [UPDATE Y] child: h1, content_height=50.0, margin.bottom=21.4, total_height=71.4, y after=91.4
[LAYOUT] Child element: text (parent: body)
  parent.content: x=20.0, y=20.0
  parent.padding: left=20.0, top=20.0
  child.margin: left=0.0, top=0.0
  y (accumulated): 91.4
  child.content: x=20.0 (was 20.0), y=111.4 (was 91.4)
  [UPDATE Y] child: text, content_height=0.0, margin.bottom=0.0, total_height=0.0, y after=91.4
[WIDTH DEBUG] h1: containing_block.width=1086.0, available_width=1086.0, calculated_width=1086.0
[LAYOUT] Child element: h1 (parent: div)
  parent.content: x=20.0, y=91.4
  parent.padding: left=15.0, top=15.0
  child.margin: left=0.0, top=16.1
  y (accumulated): 15.0
  child.content: x=15.0 (was 15.0), y=122.5 (was 122.5)
  [UPDATE Y] child: h1, content_height=62.1, margin.bottom=16.1, total_height=78.2, y after=93.2
  [UPDATE Y] child: div, content_height=96.0, margin.bottom=0.0, total_height=96.0, y after=301.2
[LAYOUT] Child element: div (parent: body)
  parent.content: x=20.0, y=20.0
  parent.padding: left=20.0, top=20.0
  child.margin: left=0.0, top=0.0
  y (accumulated): 91.4
  child.content: x=20.0 (was 20.0), y=111.4 (was 91.4)
  [UPDATE Y] child: div, content_height=350.2, margin.bottom=0.0, total_height=350.2, y after=441.6
[LAYOUT] Child element: text (parent: body)
  parent.content: x=20.0, y=20.0
  parent.padding: left=20.0, top=20.0
  child.margin: left=0.0, top=0.0
  y (accumulated): 441.6
  child.content: x=20.0 (was 20.0), y=461.6 (was 441.6)
  [UPDATE Y] child: text, content_height=0.0, margin.bottom=0.0, total_height=0.0, y after=441.6
[LAYOUT] Child element: div (parent: body)
  parent.content: x=20.0, y=20.0
  parent.padding: left=20.0, top=20.0
  child.margin: left=0.0, top=0.0
  y (accumulated): 441.6
  child.content: x=20.0 (was 20.0), y=461.6 (was 441.6)
  [UPDATE Y] child: div, content_height=329.4, margin.bottom=0.0, total_height=329.4, y after=771.0
[LAYOUT] Child element: text (parent: body)
  parent.content: x=20.0, y=20.0
  parent.padding: left=20.0, top=20.0
  child.margin: left=0.0, top=0.0
  y (accumulated): 771.0
  child.content: x=20.0 (was 20.0), y=791.0 (was 771.0)
  [UPDATE Y] child: text, content_height=0.0, margin.bottom=0.0, total_height=0.0, y after=771.0
  [UPDATE Y] child: div, content_height=59.2, margin.bottom=5.0, total_height=64.2, y after=138.2
  [UPDATE Y] child: div, content_height=59.2, margin.bottom=5.0, total_height=64.2, y after=202.4
[LAYOUT] Child element: div (parent: body)
  parent.content: x=20.0, y=20.0
  parent.padding: left=20.0, top=20.0
  child.margin: left=0.0, top=0.0
  y (accumulated): 771.0
  child.content: x=20.0 (was 20.0), y=791.0 (was 771.0)
  [UPDATE Y] child: div, content_height=334.0, margin.bottom=0.0, total_height=334.0, y after=1105.0
[LAYOUT] Child element: text (parent: body)
  parent.content: x=20.0, y=20.0
  parent.padding: left=20.0, top=20.0
  child.margin: left=0.0, top=0.0
  y (accumulated): 1105.0
  child.content: x=20.0 (was 20.0), y=1125.0 (was 1105.0)
  [UPDATE Y] child: text, content_height=0.0, margin.bottom=0.0, total_height=0.0, y after=1105.0
  [UPDATE Y] child: div, content_height=59.2, margin.bottom=0.0, total_height=59.2, y after=287.8
[LAYOUT] Child element: div (parent: body)
  parent.content: x=20.0, y=20.0
  parent.padding: left=20.0, top=20.0
  child.margin: left=0.0, top=0.0
  y (accumulated): 1105.0
  child.content: x=20.0 (was 20.0), y=1125.0 (was 1105.0)
  [UPDATE Y] child: div, content_height=336.8, margin.bottom=0.0, total_height=336.8, y after=1441.8
[LAYOUT] Child element: text (parent: body)
  parent.content: x=20.0, y=20.0
  parent.padding: left=20.0, top=20.0
  child.margin: left=0.0, top=0.0
  y (accumulated): 1441.8
  child.content: x=20.0 (was 20.0), y=1461.8 (was 1441.8)
  [UPDATE Y] child: text, content_height=0.0, margin.bottom=0.0, total_height=0.0, y after=1441.8
  [UPDATE Y] child: div, content_height=99.2, margin.bottom=5.0, total_height=104.2, y after=119.2
  [UPDATE Y] child: div, content_height=99.2, margin.bottom=5.0, total_height=104.2, y after=223.4
  [UPDATE Y] child: div, content_height=99.2, margin.bottom=5.0, total_height=104.2, y after=327.6
  [UPDATE Y] child: div, content_height=99.2, margin.bottom=5.0, total_height=104.2, y after=431.8
  [UPDATE Y] child: div, content_height=99.2, margin.bottom=5.0, total_height=104.2, y after=536.0
  [UPDATE Y] child: div, content_height=585.0, margin.bottom=0.0, total_height=585.0, y after=697.1
  [UPDATE Y] child: div, content_height=99.2, margin.bottom=5.0, total_height=104.2, y after=119.2
  [UPDATE Y] child: div, content_height=99.2, margin.bottom=5.0, total_height=104.2, y after=223.4
  [UPDATE Y] child: div, content_height=99.2, margin.bottom=5.0, total_height=104.2, y after=327.6
  [UPDATE Y] child: div, content_height=334.0, margin.bottom=0.0, total_height=334.0, y after=1031.1
[LAYOUT] Child element: div (parent: body)
  parent.content: x=20.0, y=20.0
  parent.padding: left=20.0, top=20.0
  child.margin: left=0.0, top=0.0
  y (accumulated): 1441.8
  child.content: x=20.0 (was 20.0), y=1461.8 (was 1441.8)
  [UPDATE Y] child: div, content_height=1031.1, margin.bottom=0.0, total_height=1031.1, y after=2472.8
[LAYOUT] Child element: text (parent: body)
  parent.content: x=20.0, y=20.0
  parent.padding: left=20.0, top=20.0
  child.margin: left=0.0, top=0.0
  y (accumulated): 2472.8
  child.content: x=20.0 (was 20.0), y=2492.8 (was 2472.8)
  [UPDATE Y] child: text, content_height=0.0, margin.bottom=0.0, total_height=0.0, y after=2472.8
  [UPDATE Y] child: div, content_height=79.2, margin.bottom=0.0, total_height=79.2, y after=94.2
  [UPDATE Y] child: div, content_height=79.2, margin.bottom=0.0, total_height=79.2, y after=173.4
  [UPDATE Y] child: div, content_height=79.2, margin.bottom=0.0, total_height=79.2, y after=252.6
  [UPDATE Y] child: div, content_height=79.2, margin.bottom=0.0, total_height=79.2, y after=331.8
  [UPDATE Y] child: div, content_height=79.2, margin.bottom=0.0, total_height=79.2, y after=411.0
  [UPDATE Y] child: div, content_height=79.2, margin.bottom=0.0, total_height=79.2, y after=490.2
  [UPDATE Y] child: div, content_height=79.2, margin.bottom=0.0, total_height=79.2, y after=569.4
  [UPDATE Y] child: div, content_height=79.2, margin.bottom=0.0, total_height=79.2, y after=648.6
  [UPDATE Y] child: div, content_height=697.6, margin.bottom=0.0, total_height=697.6, y after=809.7
[LAYOUT] Child element: div (parent: body)
  parent.content: x=20.0, y=20.0
  parent.padding: left=20.0, top=20.0
  child.margin: left=0.0, top=0.0
  y (accumulated): 2472.8
  child.content: x=20.0 (was 20.0), y=2492.8 (was 2472.8)
  [UPDATE Y] child: div, content_height=809.7, margin.bottom=0.0, total_height=809.7, y after=3282.5
[LAYOUT] Child element: text (parent: body)
  parent.content: x=20.0, y=20.0
  parent.padding: left=20.0, top=20.0
  child.margin: left=0.0, top=0.0
  y (accumulated): 3282.5
  child.content: x=20.0 (was 20.0), y=3302.5 (was 3282.5)
  [UPDATE Y] child: text, content_height=0.0, margin.bottom=0.0, total_height=0.0, y after=3282.5
[LAYOUT] Child element: div (parent: body)
  parent.content: x=20.0, y=20.0
  parent.padding: left=20.0, top=20.0
  child.margin: left=0.0, top=0.0
  y (accumulated): 3282.5
  child.content: x=20.0 (was 20.0), y=3302.5 (was 3282.5)
  [UPDATE Y] child: div, content_height=405.5, margin.bottom=0.0, total_height=405.5, y after=3688.0
[LAYOUT] Child element: text (parent: body)
  parent.content: x=20.0, y=20.0
  parent.padding: left=20.0, top=20.0
  child.margin: left=0.0, top=0.0
  y (accumulated): 3688.0
  child.content: x=20.0 (was 20.0), y=3708.0 (was 3688.0)
  [UPDATE Y] child: text, content_height=0.0, margin.bottom=0.0, total_height=0.0, y after=3688.0
[LAYOUT] Child element: div (parent: body)
  parent.content: x=20.0, y=20.0
  parent.padding: left=20.0, top=20.0
  child.margin: left=0.0, top=0.0
  y (accumulated): 3688.0
  child.content: x=20.0 (was 20.0), y=3708.0 (was 3688.0)
  [UPDATE Y] child: div, content_height=610.3, margin.bottom=0.0, total_height=610.3, y after=4298.4
[LAYOUT] Child element: text (parent: body)
  parent.content: x=20.0, y=20.0
  parent.padding: left=20.0, top=20.0
  child.margin: left=0.0, top=0.0
  y (accumulated): 4298.4
  child.content: x=20.0 (was 20.0), y=4318.4 (was 4298.4)
  [UPDATE Y] child: text, content_height=0.0, margin.bottom=0.0, total_height=0.0, y after=4298.4
  [UPDATE Y] child: div, content_height=117.2, margin.bottom=0.0, total_height=117.2, y after=273.9
[LAYOUT] Child element: div (parent: body)
  parent.content: x=20.0, y=20.0
  parent.padding: left=20.0, top=20.0
  child.margin: left=0.0, top=0.0
  y (accumulated): 4298.4
  child.content: x=20.0 (was 20.0), y=4318.4 (was 4298.4)
  [UPDATE Y] child: div, content_height=343.9, margin.bottom=0.0, total_height=343.9, y after=4642.3
[LAYOUT] Child element: text (parent: body)
  parent.content: x=20.0, y=20.0
  parent.padding: left=20.0, top=20.0
  child.margin: left=0.0, top=0.0
  y (accumulated): 4642.3
  child.content: x=20.0 (was 20.0), y=4662.3 (was 4642.3)
  [UPDATE Y] child: text, content_height=0.0, margin.bottom=0.0, total_height=0.0, y after=4642.3
  [UPDATE Y] child: div, content_height=71.2, margin.bottom=2.0, total_height=73.2, y after=132.4
  [UPDATE Y] child: div, content_height=160.4, margin.bottom=3.0, total_height=163.4, y after=224.6
  [UPDATE Y] child: div, content_height=258.6, margin.bottom=5.0, total_height=263.6, y after=364.1
[LAYOUT] Child element: div (parent: body)
  parent.content: x=20.0, y=20.0
  parent.padding: left=20.0, top=20.0
  child.margin: left=0.0, top=0.0
  y (accumulated): 4642.3
  child.content: x=20.0 (was 20.0), y=4662.3 (was 4642.3)
  [UPDATE Y] child: div, content_height=413.1, margin.bottom=0.0, total_height=413.1, y after=5055.4
[LAYOUT] Child element: text (parent: body)
  parent.content: x=20.0, y=20.0
  parent.padding: left=20.0, top=20.0
  child.margin: left=0.0, top=0.0
  y (accumulated): 5055.4
  child.content: x=20.0 (was 20.0), y=5075.4 (was 5055.4)
  [UPDATE Y] child: text, content_height=0.0, margin.bottom=0.0, total_height=0.0, y after=5055.4
[LAYOUT] Child element: div (parent: body)
  parent.content: x=20.0, y=20.0
  parent.padding: left=20.0, top=20.0
  child.margin: left=0.0, top=0.0
  y (accumulated): 5055.4
  child.content: x=20.0 (was 20.0), y=5075.4 (was 5055.4)
  [UPDATE Y] child: div, content_height=405.5, margin.bottom=0.0, total_height=405.5, y after=5460.9
[LAYOUT] Child element: text (parent: body)
  parent.content: x=20.0, y=20.0
  parent.padding: left=20.0, top=20.0
  child.margin: left=0.0, top=0.0
  y (accumulated): 5460.9
  child.content: x=20.0 (was 20.0), y=5480.9 (was 5460.9)
  [UPDATE Y] child: text, content_height=0.0, margin.bottom=0.0, total_height=0.0, y after=5460.9
  [UPDATE Y] child: div, content_height=222.4, margin.bottom=0.0, total_height=222.4, y after=222.4
  [UPDATE Y] child: div, content_height=91.2, margin.bottom=0.0, total_height=91.2, y after=245.4
  [UPDATE Y] child: div, content_height=294.4, margin.bottom=0.0, total_height=294.4, y after=516.8
  [UPDATE Y] child: div, content_height=516.8, margin.bottom=0.0, total_height=516.8, y after=622.3
  [UPDATE Y] child: div, content_height=115.2, margin.bottom=0.0, total_height=115.2, y after=737.5
[LAYOUT] Child element: div (parent: body)
  parent.content: x=20.0, y=20.0
  parent.padding: left=20.0, top=20.0
  child.margin: left=0.0, top=0.0
  y (accumulated): 5460.9
  child.content: x=20.0 (was 20.0), y=5480.9 (was 5460.9)
  [UPDATE Y] child: div, content_height=803.5, margin.bottom=0.0, total_height=803.5, y after=6264.4
[LAYOUT] Child element: text (parent: body)
  parent.content: x=20.0, y=20.0
  parent.padding: left=20.0, top=20.0
  child.margin: left=0.0, top=0.0
  y (accumulated): 6264.4
  child.content: x=20.0 (was 20.0), y=6284.4 (was 6264.4)
  [UPDATE Y] child: text, content_height=0.0, margin.bottom=0.0, total_height=0.0, y after=6264.4
[LAYOUT] Child element: div (parent: body)
  parent.content: x=20.0, y=20.0
  parent.padding: left=20.0, top=20.0
  child.margin: left=0.0, top=30.0
  y (accumulated): 6264.4
  child.content: x=20.0 (was 20.0), y=6314.4 (was 6294.4)
  [UPDATE Y] child: div, content_height=182.4, margin.bottom=0.0, total_height=182.4, y after=6446.8
[LAYOUT] Child element: body (parent: html)
  parent.content: x=20.0, y=20.0
  parent.padding: left=0.0, top=0.0
  child.margin: left=0.0, top=0.0
  y (accumulated): 0.0
  child.content: x=20.0 (was 20.0), y=20.0 (was 20.0)
  [UPDATE Y] child: body, content_height=6506.8, margin.bottom=0.0, total_height=6506.8, y after=6506.8
[LAYOUT] Element: body, is_root: false
  margin: top=0.0, right=0.0, bottom=0.0, left=0.0
  padding: top=20.0, right=20.0, bottom=20.0, left=20.0
  content: x=20.0, y=20.0, width=1120.0, height=6466.8
  containing_block: width=1160.0, height=6506.8
[LAYOUT WARNING] html.content is not (0, 0): x=20.0, y=20.0
[CONTAINING BLOCK] body.content.width=1120.0, child_containing_block.width=1120.0
[WIDTH DEBUG] h1: containing_block.width=1120.0, available_width=1120.0, calculated_width=1116.0
[LAYOUT] Child element: h1 (parent: body)
  parent.content: x=20.0, y=20.0
  parent.padding: left=20.0, top=20.0
  child.margin: left=0.0, top=21.4
  y (accumulated): 20.0
  child.content: x=20.0 (was 20.0), y=61.4 (was 61.4)
  [UPDATE Y] child: h1, content_height=50.0, margin.bottom=21.4, total_height=71.4, y after=91.4
[LAYOUT] Child element: text (parent: body)
  parent.content: x=20.0, y=20.0
  parent.padding: left=20.0, top=20.0
  child.margin: left=0.0, top=0.0
  y (accumulated): 91.4
  child.content: x=20.0 (was 20.0), y=111.4 (was 111.4)
  [UPDATE Y] child: text, content_height=0.0, margin.bottom=0.0, total_height=0.0, y after=91.4
[WIDTH DEBUG] h1: containing_block.width=1086.0, available_width=1086.0, calculated_width=1086.0
[LAYOUT] Child element: h1 (parent: div)
  parent.content: x=20.0, y=111.4
  parent.padding: left=15.0, top=15.0
  child.margin: left=0.0, top=16.1
  y (accumulated): 15.0
  child.content: x=15.0 (was 15.0), y=142.5 (was 122.5)
  [UPDATE Y] child: h1, content_height=62.1, margin.bottom=16.1, total_height=78.2, y after=93.2
  [UPDATE Y] child: div, content_height=96.0, margin.bottom=0.0, total_height=96.0, y after=301.2
[LAYOUT] Child element: div (parent: body)
  parent.content: x=20.0, y=20.0
  parent.padding: left=20.0, top=20.0
  child.margin: left=0.0, top=0.0
  y (accumulated): 91.4
  child.content: x=20.0 (was 20.0), y=111.4 (was 111.4)
  [UPDATE Y] child: div, content_height=350.2, margin.bottom=0.0, total_height=350.2, y after=441.6
[LAYOUT] Child element: text (parent: body)
  parent.content: x=20.0, y=20.0
  parent.padding: left=20.0, top=20.0
  child.margin: left=0.0, top=0.0
  y (accumulated): 441.6
  child.content: x=20.0 (was 20.0), y=461.6 (was 461.6)
  [UPDATE Y] child: text, content_height=0.0, margin.bottom=0.0, total_height=0.0, y after=441.6
[LAYOUT] Child element: div (parent: body)
  parent.content: x=20.0, y=20.0
  parent.padding: left=20.0, top=20.0
  child.margin: left=0.0, top=0.0
  y (accumulated): 441.6
  child.content: x=20.0 (was 20.0), y=461.6 (was 461.6)
  [UPDATE Y] child: div, content_height=329.4, margin.bottom=0.0, total_height=329.4, y after=771.0
[LAYOUT] Child element: text (parent: body)
  parent.content: x=20.0, y=20.0
  parent.padding: left=20.0, top=20.0
  child.margin: left=0.0, top=0.0
  y (accumulated): 771.0
  child.content: x=20.0 (was 20.0), y=791.0 (was 791.0)
  [UPDATE Y] child: text, content_height=0.0, margin.bottom=0.0, total_height=0.0, y after=771.0
  [UPDATE Y] child: div, content_height=59.2, margin.bottom=5.0, total_height=64.2, y after=138.2
  [UPDATE Y] child: div, content_height=59.2, margin.bottom=5.0, total_height=64.2, y after=202.4
[LAYOUT] Child element: div (parent: body)
  parent.content: x=20.0, y=20.0
  parent.padding: left=20.0, top=20.0
  child.margin: left=0.0, top=0.0
  y (accumulated): 771.0
  child.content: x=20.0 (was 20.0), y=791.0 (was 791.0)
  [UPDATE Y] child: div, content_height=334.0, margin.bottom=0.0, total_height=334.0, y after=1105.0
[LAYOUT] Child element: text (parent: body)
  parent.content: x=20.0, y=20.0
  parent.padding: left=20.0, top=20.0
  child.margin: left=0.0, top=0.0
  y (accumulated): 1105.0
  child.content: x=20.0 (was 20.0), y=1125.0 (was 1125.0)
  [UPDATE Y] child: text, content_height=0.0, margin.bottom=0.0, total_height=0.0, y after=1105.0
  [UPDATE Y] child: div, content_height=59.2, margin.bottom=0.0, total_height=59.2, y after=267.8
[LAYOUT] Child element: div (parent: body)
  parent.content: x=20.0, y=20.0
  parent.padding: left=20.0, top=20.0
  child.margin: left=0.0, top=0.0
  y (accumulated): 1105.0
  child.content: x=20.0 (was 20.0), y=1125.0 (was 1125.0)
  [UPDATE Y] child: div, content_height=336.8, margin.bottom=0.0, total_height=336.8, y after=1441.8
[LAYOUT] Child element: text (parent: body)
  parent.content: x=20.0, y=20.0
  parent.padding: left=20.0, top=20.0
  child.margin: left=0.0, top=0.0
  y (accumulated): 1441.8
  child.content: x=20.0 (was 20.0), y=1461.8 (was 1461.8)
  [UPDATE Y] child: text, content_height=0.0, margin.bottom=0.0, total_height=0.0, y after=1441.8
  [UPDATE Y] child: div, content_height=99.2, margin.bottom=5.0, total_height=104.2, y after=119.2
  [UPDATE Y] child: div, content_height=99.2, margin.bottom=5.0, total_height=104.2, y after=223.4
  [UPDATE Y] child: div, content_height=99.2, margin.bottom=5.0, total_height=104.2, y after=327.6
  [UPDATE Y] child: div, content_height=99.2, margin.bottom=5.0, total_height=104.2, y after=431.8
  [UPDATE Y] child: div, content_height=99.2, margin.bottom=5.0, total_height=104.2, y after=536.0
  [UPDATE Y] child: div, content_height=585.0, margin.bottom=0.0, total_height=585.0, y after=697.1
  [UPDATE Y] child: div, content_height=99.2, margin.bottom=5.0, total_height=104.2, y after=119.2
  [UPDATE Y] child: div, content_height=99.2, margin.bottom=5.0, total_height=104.2, y after=223.4
  [UPDATE Y] child: div, content_height=99.2, margin.bottom=5.0, total_height=104.2, y after=327.6
  [UPDATE Y] child: div, content_height=334.0, margin.bottom=0.0, total_height=334.0, y after=1031.1
[LAYOUT] Child element: div (parent: body)
  parent.content: x=20.0, y=20.0
  parent.padding: left=20.0, top=20.0
  child.margin: left=0.0, top=0.0
  y (accumulated): 1441.8
  child.content: x=20.0 (was 20.0), y=1461.8 (was 1461.8)
  [UPDATE Y] child: div, content_height=1031.1, margin.bottom=0.0, total_height=1031.1, y after=2472.8
[LAYOUT] Child element: text (parent: body)
  parent.content: x=20.0, y=20.0
  parent.padding: left=20.0, top=20.0
  child.margin: left=0.0, top=0.0
  y (accumulated): 2472.8
  child.content: x=20.0 (was 20.0), y=2492.8 (was 2492.8)
  [UPDATE Y] child: text, content_height=0.0, margin.bottom=0.0, total_height=0.0, y after=2472.8
  [UPDATE Y] child: div, content_height=79.2, margin.bottom=0.0, total_height=79.2, y after=94.2
  [UPDATE Y] child: div, content_height=79.2, margin.bottom=0.0, total_height=79.2, y after=173.4
  [UPDATE Y] child: div, content_height=79.2, margin.bottom=0.0, total_height=79.2, y after=252.6
  [UPDATE Y] child: div, content_height=79.2, margin.bottom=0.0, total_height=79.2, y after=331.8
  [UPDATE Y] child: div, content_height=79.2, margin.bottom=0.0, total_height=79.2, y after=411.0
  [UPDATE Y] child: div, content_height=79.2, margin.bottom=0.0, total_height=79.2, y after=490.2
  [UPDATE Y] child: div, content_height=79.2, margin.bottom=0.0, total_height=79.2, y after=569.4
  [UPDATE Y] child: div, content_height=79.2, margin.bottom=0.0, total_height=79.2, y after=648.6
  [UPDATE Y] child: div, content_height=697.6, margin.bottom=0.0, total_height=697.6, y after=809.7
[LAYOUT] Child element: div (parent: body)
  parent.content: x=20.0, y=20.0
  parent.padding: left=20.0, top=20.0
  child.margin: left=0.0, top=0.0
  y (accumulated): 2472.8
  child.content: x=20.0 (was 20.0), y=2492.8 (was 2492.8)
  [UPDATE Y] child: div, content_height=809.7, margin.bottom=0.0, total_height=809.7, y after=3282.5
[LAYOUT] Child element: text (parent: body)
  parent.content: x=20.0, y=20.0
  parent.padding: left=20.0, top=20.0
  child.margin: left=0.0, top=0.0
  y (accumulated): 3282.5
  child.content: x=20.0 (was 20.0), y=3302.5 (was 3302.5)
  [UPDATE Y] child: text, content_height=0.0, margin.bottom=0.0, total_height=0.0, y after=3282.5
[LAYOUT] Child element: div (parent: body)
  parent.content: x=20.0, y=20.0
  parent.padding: left=20.0, top=20.0
  child.margin: left=0.0, top=0.0
  y (accumulated): 3282.5
  child.content: x=20.0 (was 20.0), y=3302.5 (was 3302.5)
  [UPDATE Y] child: div, content_height=405.5, margin.bottom=0.0, total_height=405.5, y after=3688.0
[LAYOUT] Child element: text (parent: body)
  parent.content: x=20.0, y=20.0
  parent.padding: left=20.0, top=20.0
  child.margin: left=0.0, top=0.0
  y (accumulated): 3688.0
  child.content: x=20.0 (was 20.0), y=3708.0 (was 3708.0)
  [UPDATE Y] child: text, content_height=0.0, margin.bottom=0.0, total_height=0.0, y after=3688.0
[LAYOUT] Child element: div (parent: body)
  parent.content: x=20.0, y=20.0
  parent.padding: left=20.0, top=20.0
  child.margin: left=0.0, top=0.0
  y (accumulated): 3688.0
  child.content: x=20.0 (was 20.0), y=3708.0 (was 3708.0)
  [UPDATE Y] child: div, content_height=610.3, margin.bottom=0.0, total_height=610.3, y after=4298.4
[LAYOUT] Child element: text (parent: body)
  parent.content: x=20.0, y=20.0
  parent.padding: left=20.0, top=20.0
  child.margin: left=0.0, top=0.0
  y (accumulated): 4298.4
  child.content: x=20.0 (was 20.0), y=4318.4 (was 4318.4)
  [UPDATE Y] child: text, content_height=0.0, margin.bottom=0.0, total_height=0.0, y after=4298.4
  [UPDATE Y] child: div, content_height=117.2, margin.bottom=0.0, total_height=117.2, y after=273.9
[LAYOUT] Child element: div (parent: body)
  parent.content: x=20.0, y=20.0
  parent.padding: left=20.0, top=20.0
  child.margin: left=0.0, top=0.0
  y (accumulated): 4298.4
  child.content: x=20.0 (was 20.0), y=4318.4 (was 4318.4)
  [UPDATE Y] child: div, content_height=343.9, margin.bottom=0.0, total_height=343.9, y after=4642.3
[LAYOUT] Child element: text (parent: body)
  parent.content: x=20.0, y=20.0
  parent.padding: left=20.0, top=20.0
  child.margin: left=0.0, top=0.0
  y (accumulated): 4642.3
  child.content: x=20.0 (was 20.0), y=4662.3 (was 4662.3)
  [UPDATE Y] child: text, content_height=0.0, margin.bottom=0.0, total_height=0.0, y after=4642.3
  [UPDATE Y] child: div, content_height=71.2, margin.bottom=2.0, total_height=73.2, y after=132.4
  [UPDATE Y] child: div, content_height=160.4, margin.bottom=3.0, total_height=163.4, y after=224.6
  [UPDATE Y] child: div, content_height=258.6, margin.bottom=5.0, total_height=263.6, y after=364.1
[LAYOUT] Child element: div (parent: body)
  parent.content: x=20.0, y=20.0
  parent.padding: left=20.0, top=20.0
  child.margin: left=0.0, top=0.0
  y (accumulated): 4642.3
  child.content: x=20.0 (was 20.0), y=4662.3 (was 4662.3)
  [UPDATE Y] child: div, content_height=413.1, margin.bottom=0.0, total_height=413.1, y after=5055.4
[LAYOUT] Child element: text (parent: body)
  parent.content: x=20.0, y=20.0
  parent.padding: left=20.0, top=20.0
  child.margin: left=0.0, top=0.0
  y (accumulated): 5055.4
  child.content: x=20.0 (was 20.0), y=5075.4 (was 5075.4)
  [UPDATE Y] child: text, content_height=0.0, margin.bottom=0.0, total_height=0.0, y after=5055.4
[LAYOUT] Child element: div (parent: body)
  parent.content: x=20.0, y=20.0
  parent.padding: left=20.0, top=20.0
  child.margin: left=0.0, top=0.0
  y (accumulated): 5055.4
  child.content: x=20.0 (was 20.0), y=5075.4 (was 5075.4)
  [UPDATE Y] child: div, content_height=405.5, margin.bottom=0.0, total_height=405.5, y after=5460.9
[LAYOUT] Child element: text (parent: body)
  parent.content: x=20.0, y=20.0
  parent.padding: left=20.0, top=20.0
  child.margin: left=0.0, top=0.0
  y (accumulated): 5460.9
  child.content: x=20.0 (was 20.0), y=5480.9 (was 5480.9)
  [UPDATE Y] child: text, content_height=0.0, margin.bottom=0.0, total_height=0.0, y after=5460.9
  [UPDATE Y] child: div, content_height=222.4, margin.bottom=0.0, total_height=222.4, y after=222.4
  [UPDATE Y] child: div, content_height=91.2, margin.bottom=0.0, total_height=91.2, y after=245.4
  [UPDATE Y] child: div, content_height=294.4, margin.bottom=0.0, total_height=294.4, y after=516.8
  [UPDATE Y] child: div, content_height=516.8, margin.bottom=0.0, total_height=516.8, y after=622.3
  [UPDATE Y] child: div, content_height=115.2, margin.bottom=0.0, total_height=115.2, y after=737.5
[LAYOUT] Child element: div (parent: body)
  parent.content: x=20.0, y=20.0
  parent.padding: left=20.0, top=20.0
  child.margin: left=0.0, top=0.0
  y (accumulated): 5460.9
  child.content: x=20.0 (was 20.0), y=5480.9 (was 5480.9)
  [UPDATE Y] child: div, content_height=803.5, margin.bottom=0.0, total_height=803.5, y after=6264.4
[LAYOUT] Child element: text (parent: body)
  parent.content: x=20.0, y=20.0
  parent.padding: left=20.0, top=20.0
  child.margin: left=0.0, top=0.0
  y (accumulated): 6264.4
  child.content: x=20.0 (was 20.0), y=6284.4 (was 6284.4)
  [UPDATE Y] child: text, content_height=0.0, margin.bottom=0.0, total_height=0.0, y after=6264.4
[LAYOUT] Child element: div (parent: body)
  parent.content: x=20.0, y=20.0
  parent.padding: left=20.0, top=20.0
  child.margin: left=0.0, top=30.0
  y (accumulated): 6264.4
  child.content: x=20.0 (was 20.0), y=6314.4 (was 6314.4)
  [UPDATE Y] child: div, content_height=182.4, margin.bottom=0.0, total_height=182.4, y after=6446.8
[WIDTH DEBUG] h1: containing_block.width=1120.0, available_width=1120.0, calculated_width=1116.0
[WIDTH DEBUG] h1: containing_block.width=1086.0, available_width=1086.0, calculated_width=1086.0
[LAYOUT] Child element: h1 (parent: div)
  parent.content: x=20.0, y=111.4
  parent.padding: left=15.0, top=15.0
  child.margin: left=0.0, top=16.1
  y (accumulated): 15.0
  child.content: x=15.0 (was 15.0), y=142.5 (was 142.5)
  [UPDATE Y] child: h1, content_height=62.1, margin.bottom=16.1, total_height=78.2, y after=93.2
  [UPDATE Y] child: div, content_height=96.0, margin.bottom=0.0, total_height=96.0, y after=301.2
[WIDTH DEBUG] h1: containing_block.width=1086.0, available_width=1086.0, calculated_width=1086.0
  [UPDATE Y] child: div, content_height=59.2, margin.bottom=5.0, total_height=64.2, y after=138.2
  [UPDATE Y] child: div, content_height=59.2, margin.bottom=5.0, total_height=64.2, y after=202.4
  [UPDATE Y] child: div, content_height=59.2, margin.bottom=0.0, total_height=59.2, y after=267.8
  [UPDATE Y] child: div, content_height=99.2, margin.bottom=5.0, total_height=104.2, y after=119.2
  [UPDATE Y] child: div, content_height=99.2, margin.bottom=5.0, total_height=104.2, y after=223.4
  [UPDATE Y] child: div, content_height=99.2, margin.bottom=5.0, total_height=104.2, y after=327.6
  [UPDATE Y] child: div, content_height=99.2, margin.bottom=5.0, total_height=104.2, y after=431.8
  [UPDATE Y] child: div, content_height=99.2, margin.bottom=5.0, total_height=104.2, y after=536.0
  [UPDATE Y] child: div, content_height=585.0, margin.bottom=0.0, total_height=585.0, y after=697.1
  [UPDATE Y] child: div, content_height=99.2, margin.bottom=5.0, total_height=104.2, y after=119.2
  [UPDATE Y] child: div, content_height=99.2, margin.bottom=5.0, total_height=104.2, y after=223.4
  [UPDATE Y] child: div, content_height=99.2, margin.bottom=5.0, total_height=104.2, y after=327.6
  [UPDATE Y] child: div, content_height=334.0, margin.bottom=0.0, total_height=334.0, y after=1031.1
  [UPDATE Y] child: div, content_height=79.2, margin.bottom=0.0, total_height=79.2, y after=94.2
  [UPDATE Y] child: div, content_height=79.2, margin.bottom=0.0, total_height=79.2, y after=173.4
  [UPDATE Y] child: div, content_height=79.2, margin.bottom=0.0, total_height=79.2, y after=252.6
  [UPDATE Y] child: div, content_height=79.2, margin.bottom=0.0, total_height=79.2, y after=331.8
  [UPDATE Y] child: div, content_height=79.2, margin.bottom=0.0, total_height=79.2, y after=411.0
  [UPDATE Y] child: div, content_height=79.2, margin.bottom=0.0, total_height=79.2, y after=490.2
  [UPDATE Y] child: div, content_height=79.2, margin.bottom=0.0, total_height=79.2, y after=569.4
  [UPDATE Y] child: div, content_height=79.2, margin.bottom=0.0, total_height=79.2, y after=648.6
  [UPDATE Y] child: div, content_height=697.6, margin.bottom=0.0, total_height=697.6, y after=809.7
  [UPDATE Y] child: div, content_height=117.2, margin.bottom=0.0, total_height=117.2, y after=273.9
  [UPDATE Y] child: div, content_height=71.2, margin.bottom=2.0, total_height=73.2, y after=132.4
  [UPDATE Y] child: div, content_height=160.4, margin.bottom=3.0, total_height=163.4, y after=224.6
  [UPDATE Y] child: div, content_height=258.6, margin.bottom=5.0, total_height=263.6, y after=364.1
  [UPDATE Y] child: div, content_height=71.2, margin.bottom=2.0, total_height=73.2, y after=132.4
  [UPDATE Y] child: div, content_height=160.4, margin.bottom=3.0, total_height=163.4, y after=224.6
  [UPDATE Y] child: div, content_height=71.2, margin.bottom=2.0, total_height=73.2, y after=132.4
  [UPDATE Y] child: div, content_height=222.4, margin.bottom=0.0, total_height=222.4, y after=222.4
  [UPDATE Y] child: div, content_height=91.2, margin.bottom=0.0, total_height=91.2, y after=245.4
  [UPDATE Y] child: div, content_height=294.4, margin.bottom=0.0, total_height=294.4, y after=516.8
  [UPDATE Y] child: div, content_height=516.8, margin.bottom=0.0, total_height=516.8, y after=622.3
  [UPDATE Y] child: div, content_height=115.2, margin.bottom=0.0, total_height=115.2, y after=737.5

=== Element Layout Info ===
Tag: html

Box Model:
  Margin: top=0.00, right=0.00, bottom=0.00, left=0.00
  Border: top=0.00, right=0.00, bottom=0.00, left=0.00
  Padding: top=0.00, right=0.00, bottom=0.00, left=0.00
  Content: x=0.00, y=0.00, width=1200.00, height=6586.84
  Total Size: width=1200.00, height=6586.84
  Actual Position (content box): x=0.00, y=0.00
  Position (with margin): x=0.00, y=0.00

Computed Styles:
  display: block
==========================


=== Element Layout Info ===
Tag: body

Box Model:
  Margin: top=0.00, right=0.00, bottom=0.00, left=0.00
  Border: top=0.00, right=0.00, bottom=0.00, left=0.00
  Padding: top=20.00, right=20.00, bottom=20.00, left=20.00
  Content: x=0.00, y=0.00, width=1160.00, height=6546.84
  Total Size: width=1200.00, height=6586.84
  Actual Position (content box): x=0.00, y=0.00
  Position (with margin): x=0.00, y=0.00

Computed Styles:
  display: block
==========================


=== Element Layout Info ===
Tag: h1

Box Model:
  Margin: top=21.44, right=0.00, bottom=21.44, left=0.00
  Border: top=2.00, right=2.00, bottom=2.00, left=2.00
  Padding: top=0.00, right=0.00, bottom=0.00, left=0.00
  Content: x=20.00, y=61.44, width=1116.00, height=46.00
  Total Size: width=1120.00, height=50.00
  Actual Position (content box): x=20.00, y=61.44
  Position (with margin): x=20.00, y=40.00

Computed Styles:
  display: block
==========================

[FONT] font-size parsed: 32.0px
[FONT] font-size parsed: 32.0px
[STYLE] h1 font-size parsed: 32.0px
[STYLE] p font-size parsed: 32.0px
[LAYOUT] Element: html, is_root: true
  margin: top=0.0, right=0.0, bottom=0.0, left=0.0
  padding: top=0.0, right=0.0, bottom=0.0, left=0.0
  content: x=0.0, y=0.0, width=1200.0, height=0.0
  containing_block: width=1200.0, height=800.0
[LAYOUT] Root element (html) position set to (0, 0)
[LAYOUT] Element: body, is_root: false
  margin: top=0.0, right=0.0, bottom=0.0, left=0.0
  padding: top=20.0, right=20.0, bottom=20.0, left=20.0
  content: x=0.0, y=0.0, width=1160.0, height=0.0
  containing_block: width=1200.0, height=800.0
[LAYOUT] Body element position set: x=0.0, y=0.0 (margin: left=0.0, top=0.0)
[LAYOUT] Element: html, is_root: false
  margin: top=0.0, right=0.0, bottom=0.0, left=0.0
  padding: top=0.0, right=0.0, bottom=0.0, left=0.0
  content: x=0.0, y=0.0, width=1160.0, height=0.0
  containing_block: width=1160.0, height=800.0
[LAYOUT] Element: body, is_root: false
  margin: top=0.0, right=0.0, bottom=0.0, left=0.0
  padding: top=20.0, right=20.0, bottom=20.0, left=20.0
  content: x=0.0, y=0.0, width=1120.0, height=0.0
  containing_block: width=1160.0, height=800.0
[LAYOUT] Body element position set: x=0.0, y=0.0 (margin: left=0.0, top=0.0)
[CONTAINING BLOCK] body.content.width=1120.0, child_containing_block.width=1120.0
[WIDTH DEBUG] h1: containing_block.width=1120.0, available_width=1120.0, calculated_width=1120.0
  [TEXT HEIGHT] text: "ZBrowser功能测试...", font_size=32.0, line_height=46.0, height=46.0
[LAYOUT] Child element: h1 (parent: body)
  parent.content: x=0.0, y=0.0
  parent.padding: left=20.0, top=20.0
  child.margin: left=0.0, top=21.4
  y (accumulated): 20.0
  child.content: x=20.0 (was 0.0), y=41.4 (was 0.0)
  [UPDATE Y] child: h1, content_height=50.0, margin.bottom=21.4, total_height=71.4, y after=91.4
[LAYOUT] Child element: text (parent: body)
  parent.content: x=0.0, y=0.0
  parent.padding: left=20.0, top=20.0
  child.margin: left=0.0, top=0.0
  y (accumulated): 91.4
  child.content: x=20.0 (was 0.0), y=91.4 (was 0.0)
  [UPDATE Y] child: text, content_height=0.0, margin.bottom=0.0, total_height=0.0, y after=91.4
[WIDTH DEBUG] h1: containing_block.width=1086.0, available_width=1086.0, calculated_width=1086.0
  [TEXT HEIGHT] text: "块级布局测试...", font_size=32.0, line_height=46.0, height=46.0
[LAYOUT] Child element: h1 (parent: div)
  parent.content: x=0.0, y=0.0
  parent.padding: left=15.0, top=15.0
  child.margin: left=0.0, top=16.1
  y (accumulated): 15.0
  child.content: x=15.0 (was 0.0), y=31.1 (was 0.0)
  [UPDATE Y] child: h1, content_height=62.1, margin.bottom=16.1, total_height=78.2, y after=93.2
  [TEXT HEIGHT] text: "这是一个块级�...", font_size=16.0, line_height=24.0, height=24.0
  [TEXT HEIGHT] text: "这是另一个段�...", font_size=16.0, line_height=24.0, height=24.0
  [TEXT HEIGHT] text: "嵌套的div块级�...", font_size=16.0, line_height=24.0, height=24.0
  [UPDATE Y] child: div, content_height=96.0, margin.bottom=0.0, total_height=96.0, y after=301.2
[LAYOUT] Child element: div (parent: body)
  parent.content: x=0.0, y=0.0
  parent.padding: left=20.0, top=20.0
  child.margin: left=0.0, top=0.0
  y (accumulated): 91.4
  child.content: x=20.0 (was 0.0), y=91.4 (was 0.0)
  [UPDATE Y] child: div, content_height=350.2, margin.bottom=0.0, total_height=350.2, y after=441.6
[LAYOUT] Child element: text (parent: body)
  parent.content: x=0.0, y=0.0
  parent.padding: left=20.0, top=20.0
  child.margin: left=0.0, top=0.0
  y (accumulated): 441.6
  child.content: x=20.0 (was 0.0), y=441.6 (was 0.0)
  [UPDATE Y] child: text, content_height=0.0, margin.bottom=0.0, total_height=0.0, y after=441.6
  [TEXT HEIGHT] text: "
      这是行内�...", font_size=16.0, line_height=19.2, height=19.2
  [TEXT HEIGHT] text: "行内元素不会�...", font_size=16.0, line_height=19.2, height=19.2
[LAYOUT] Child element: div (parent: body)
  parent.content: x=0.0, y=0.0
  parent.padding: left=20.0, top=20.0
  child.margin: left=0.0, top=0.0
  y (accumulated): 441.6
  child.content: x=20.0 (was 0.0), y=441.6 (was 0.0)
  [UPDATE Y] child: div, content_height=329.4, margin.bottom=0.0, total_height=329.4, y after=771.0
[LAYOUT] Child element: text (parent: body)
  parent.content: x=0.0, y=0.0
  parent.padding: left=20.0, top=20.0
  child.margin: left=0.0, top=0.0
  y (accumulated): 771.0
  child.content: x=20.0 (was 0.0), y=771.0 (was 0.0)
  [UPDATE Y] child: text, content_height=0.0, margin.bottom=0.0, total_height=0.0, y after=771.0
  [UPDATE Y] child: div, content_height=59.2, margin.bottom=5.0, total_height=64.2, y after=138.2
  [UPDATE Y] child: div, content_height=59.2, margin.bottom=5.0, total_height=64.2, y after=202.4
[LAYOUT] Child element: div (parent: body)
  parent.content: x=0.0, y=0.0
  parent.padding: left=20.0, top=20.0
  child.margin: left=0.0, top=0.0
  y (accumulated): 771.0
  child.content: x=20.0 (was 0.0), y=771.0 (was 0.0)
  [UPDATE Y] child: div, content_height=334.0, margin.bottom=0.0, total_height=334.0, y after=1105.0
[LAYOUT] Child element: text (parent: body)
  parent.content: x=0.0, y=0.0
  parent.padding: left=20.0, top=20.0
  child.margin: left=0.0, top=0.0
  y (accumulated): 1105.0
  child.content: x=20.0 (was 0.0), y=1105.0 (was 0.0)
  [UPDATE Y] child: text, content_height=0.0, margin.bottom=0.0, total_height=0.0, y after=1105.0
  [TEXT HEIGHT] text: "左浮动元素...", font_size=16.0, line_height=19.2, height=19.2
  [TEXT HEIGHT] text: "这个元素会浮�...", font_size=16.0, line_height=19.2, height=19.2
  [TEXT HEIGHT] text: "右浮动元素...", font_size=16.0, line_height=19.2, height=19.2
  [TEXT HEIGHT] text: "这个元素会浮�...", font_size=16.0, line_height=19.2, height=19.2
  [TEXT HEIGHT] text: "这是正常流中�...", font_size=16.0, line_height=19.2, height=19.2
  [UPDATE Y] child: div, content_height=59.2, margin.bottom=0.0, total_height=59.2, y after=287.8
[LAYOUT] Child element: div (parent: body)
  parent.content: x=0.0, y=0.0
  parent.padding: left=20.0, top=20.0
  child.margin: left=0.0, top=0.0
  y (accumulated): 1105.0
  child.content: x=20.0 (was 0.0), y=1105.0 (was 0.0)
  [UPDATE Y] child: div, content_height=336.8, margin.bottom=0.0, total_height=336.8, y after=1441.8
[LAYOUT] Child element: text (parent: body)
  parent.content: x=0.0, y=0.0
  parent.padding: left=20.0, top=20.0
  child.margin: left=0.0, top=0.0
  y (accumulated): 1441.8
  child.content: x=20.0 (was 0.0), y=1441.8 (was 0.0)
  [UPDATE Y] child: text, content_height=0.0, margin.bottom=0.0, total_height=0.0, y after=1441.8
  [UPDATE Y] child: div, content_height=99.2, margin.bottom=5.0, total_height=104.2, y after=119.2
  [UPDATE Y] child: div, content_height=99.2, margin.bottom=5.0, total_height=104.2, y after=223.4
  [UPDATE Y] child: div, content_height=99.2, margin.bottom=5.0, total_height=104.2, y after=327.6
  [UPDATE Y] child: div, content_height=99.2, margin.bottom=5.0, total_height=104.2, y after=431.8
  [UPDATE Y] child: div, content_height=99.2, margin.bottom=5.0, total_height=104.2, y after=536.0
  [UPDATE Y] child: div, content_height=585.0, margin.bottom=0.0, total_height=585.0, y after=697.1
  [UPDATE Y] child: div, content_height=99.2, margin.bottom=5.0, total_height=104.2, y after=119.2
  [UPDATE Y] child: div, content_height=99.2, margin.bottom=5.0, total_height=104.2, y after=223.4
  [UPDATE Y] child: div, content_height=99.2, margin.bottom=5.0, total_height=104.2, y after=327.6
  [UPDATE Y] child: div, content_height=334.0, margin.bottom=0.0, total_height=334.0, y after=1031.1
[LAYOUT] Child element: div (parent: body)
  parent.content: x=0.0, y=0.0
  parent.padding: left=20.0, top=20.0
  child.margin: left=0.0, top=0.0
  y (accumulated): 1441.8
  child.content: x=20.0 (was 0.0), y=1441.8 (was 0.0)
  [UPDATE Y] child: div, content_height=1031.1, margin.bottom=0.0, total_height=1031.1, y after=2472.8
[LAYOUT] Child element: text (parent: body)
  parent.content: x=0.0, y=0.0
  parent.padding: left=20.0, top=20.0
  child.margin: left=0.0, top=0.0
  y (accumulated): 2472.8
  child.content: x=20.0 (was 0.0), y=2472.8 (was 0.0)
  [UPDATE Y] child: text, content_height=0.0, margin.bottom=0.0, total_height=0.0, y after=2472.8
  [UPDATE Y] child: div, content_height=79.2, margin.bottom=0.0, total_height=79.2, y after=94.2
  [UPDATE Y] child: div, content_height=79.2, margin.bottom=0.0, total_height=79.2, y after=173.4
  [UPDATE Y] child: div, content_height=79.2, margin.bottom=0.0, total_height=79.2, y after=252.6
  [UPDATE Y] child: div, content_height=79.2, margin.bottom=0.0, total_height=79.2, y after=331.8
  [UPDATE Y] child: div, content_height=79.2, margin.bottom=0.0, total_height=79.2, y after=411.0
  [UPDATE Y] child: div, content_height=79.2, margin.bottom=0.0, total_height=79.2, y after=490.2
  [UPDATE Y] child: div, content_height=79.2, margin.bottom=0.0, total_height=79.2, y after=569.4
  [UPDATE Y] child: div, content_height=79.2, margin.bottom=0.0, total_height=79.2, y after=648.6
  [UPDATE Y] child: div, content_height=697.6, margin.bottom=0.0, total_height=697.6, y after=809.7
[LAYOUT] Child element: div (parent: body)
  parent.content: x=0.0, y=0.0
  parent.padding: left=20.0, top=20.0
  child.margin: left=0.0, top=0.0
  y (accumulated): 2472.8
  child.content: x=20.0 (was 0.0), y=2472.8 (was 0.0)
  [UPDATE Y] child: div, content_height=809.7, margin.bottom=0.0, total_height=809.7, y after=3282.5
[LAYOUT] Child element: text (parent: body)
  parent.content: x=0.0, y=0.0
  parent.padding: left=20.0, top=20.0
  child.margin: left=0.0, top=0.0
  y (accumulated): 3282.5
  child.content: x=20.0 (was 0.0), y=3282.5 (was 0.0)
  [UPDATE Y] child: text, content_height=0.0, margin.bottom=0.0, total_height=0.0, y after=3282.5
  [TEXT HEIGHT] text: "大号文本（32px�...", font_size=16.0, line_height=19.2, height=19.2
  [TEXT HEIGHT] text: "中等文本（20px�...", font_size=16.0, line_height=19.2, height=19.2
  [TEXT HEIGHT] text: "小号文本（12px�...", font_size=16.0, line_height=19.2, height=19.2
  [TEXT HEIGHT] text: "下划线文本...", font_size=16.0, line_height=19.2, height=19.2
  [TEXT HEIGHT] text: "删除线文本...", font_size=16.0, line_height=19.2, height=19.2
[LAYOUT] Child element: div (parent: body)
  parent.content: x=0.0, y=0.0
  parent.padding: left=20.0, top=20.0
  child.margin: left=0.0, top=0.0
  y (accumulated): 3282.5
  child.content: x=20.0 (was 0.0), y=3282.5 (was 0.0)
  [UPDATE Y] child: div, content_height=405.5, margin.bottom=0.0, total_height=405.5, y after=3688.0
[LAYOUT] Child element: text (parent: body)
  parent.content: x=0.0, y=0.0
  parent.padding: left=20.0, top=20.0
  child.margin: left=0.0, top=0.0
  y (accumulated): 3688.0
  child.content: x=20.0 (was 0.0), y=3688.0 (was 0.0)
  [UPDATE Y] child: text, content_height=0.0, margin.bottom=0.0, total_height=0.0, y after=3688.0
  [TEXT HEIGHT] text: "这是一个测试�...", font_size=16.0, line_height=25.6, height=25.6
  [TEXT HEIGHT] text: "這是一個測試�...", font_size=16.0, line_height=25.6, height=25.6
  [TEXT HEIGHT] text: "これはテスト�...", font_size=16.0, line_height=25.6, height=25.6
  [TEXT HEIGHT] text: "이것은 테스트 ...", font_size=16.0, line_height=25.6, height=25.6
  [TEXT HEIGHT] text: "This is a test page ...", font_size=16.0, line_height=25.6, height=25.6
  [TEXT HEIGHT] text: "混合文本 Mixed T...", font_size=16.0, line_height=25.6, height=25.6
[LAYOUT] Child element: div (parent: body)
  parent.content: x=0.0, y=0.0
  parent.padding: left=20.0, top=20.0
  child.margin: left=0.0, top=0.0
  y (accumulated): 3688.0
  child.content: x=20.0 (was 0.0), y=3688.0 (was 0.0)
  [UPDATE Y] child: div, content_height=610.3, margin.bottom=0.0, total_height=610.3, y after=4298.4
[LAYOUT] Child element: text (parent: body)
  parent.content: x=0.0, y=0.0
  parent.padding: left=20.0, top=20.0
  child.margin: left=0.0, top=0.0
  y (accumulated): 4298.4
  child.content: x=20.0 (was 0.0), y=4298.4 (was 0.0)
  [UPDATE Y] child: text, content_height=0.0, margin.bottom=0.0, total_height=0.0, y after=4298.4
  [TEXT HEIGHT] text: "这个区域有实�...", font_size=16.0, line_height=19.2, height=19.2
  [TEXT HEIGHT] text: "这个区域有虚�...", font_size=16.0, line_height=19.2, height=19.2
  [UPDATE Y] child: div, content_height=117.2, margin.bottom=0.0, total_height=117.2, y after=273.9
[LAYOUT] Child element: div (parent: body)
  parent.content: x=0.0, y=0.0
  parent.padding: left=20.0, top=20.0
  child.margin: left=0.0, top=0.0
  y (accumulated): 4298.4
  child.content: x=20.0 (was 0.0), y=4298.4 (was 0.0)
  [UPDATE Y] child: div, content_height=343.9, margin.bottom=0.0, total_height=343.9, y after=4642.3
[LAYOUT] Child element: text (parent: body)
  parent.content: x=0.0, y=0.0
  parent.padding: left=20.0, top=20.0
  child.margin: left=0.0, top=0.0
  y (accumulated): 4642.3
  child.content: x=20.0 (was 0.0), y=4642.3 (was 0.0)
  [UPDATE Y] child: text, content_height=0.0, margin.bottom=0.0, total_height=0.0, y after=4642.3
  [TEXT HEIGHT] text: "第一层嵌套...", font_size=16.0, line_height=19.2, height=19.2
  [TEXT HEIGHT] text: "第二层嵌套...", font_size=16.0, line_height=19.2, height=19.2
  [TEXT HEIGHT] text: "第三层嵌套...", font_size=16.0, line_height=19.2, height=19.2
  [UPDATE Y] child: div, content_height=71.2, margin.bottom=2.0, total_height=73.2, y after=132.4
  [UPDATE Y] child: div, content_height=160.4, margin.bottom=3.0, total_height=163.4, y after=224.6
  [UPDATE Y] child: div, content_height=258.6, margin.bottom=5.0, total_height=263.6, y after=364.1
[LAYOUT] Child element: div (parent: body)
  parent.content: x=0.0, y=0.0
  parent.padding: left=20.0, top=20.0
  child.margin: left=0.0, top=0.0
  y (accumulated): 4642.3
  child.content: x=20.0 (was 0.0), y=4642.3 (was 0.0)
  [UPDATE Y] child: div, content_height=413.1, margin.bottom=0.0, total_height=413.1, y after=5055.4
[LAYOUT] Child element: text (parent: body)
  parent.content: x=0.0, y=0.0
  parent.padding: left=20.0, top=20.0
  child.margin: left=0.0, top=0.0
  y (accumulated): 5055.4
  child.content: x=20.0 (was 0.0), y=5055.4 (was 0.0)
  [UPDATE Y] child: text, content_height=0.0, margin.bottom=0.0, total_height=0.0, y after=5055.4
  [TEXT HEIGHT] text: "HTML实体：<div> &...", font_size=16.0, line_height=19.2, height=19.2
  [TEXT HEIGHT] text: "Unicode字符：© �...", font_size=16.0, line_height=19.2, height=19.2
  [TEXT HEIGHT] text: "数学符号：∑ �...", font_size=16.0, line_height=19.2, height=19.2
  [TEXT HEIGHT] text: "箭头符号：← �...", font_size=16.0, line_height=19.2, height=19.2
  [TEXT HEIGHT] text: "Emoji：😀 😃 �...", font_size=16.0, line_height=19.2, height=19.2
[LAYOUT] Child element: div (parent: body)
  parent.content: x=0.0, y=0.0
  parent.padding: left=20.0, top=20.0
  child.margin: left=0.0, top=0.0
  y (accumulated): 5055.4
  child.content: x=20.0 (was 0.0), y=5055.4 (was 0.0)
  [UPDATE Y] child: div, content_height=405.5, margin.bottom=0.0, total_height=405.5, y after=5460.9
[LAYOUT] Child element: text (parent: body)
  parent.content: x=0.0, y=0.0
  parent.padding: left=20.0, top=20.0
  child.margin: left=0.0, top=0.0
  y (accumulated): 5460.9
  child.content: x=20.0 (was 0.0), y=5460.9 (was 0.0)
  [UPDATE Y] child: text, content_height=0.0, margin.bottom=0.0, total_height=0.0, y after=5460.9
  [TEXT HEIGHT] text: "包含块级和行�...", font_size=16.0, line_height=19.2, height=19.2
  [UPDATE Y] child: div, content_height=222.4, margin.bottom=0.0, total_height=222.4, y after=222.4
  [TEXT HEIGHT] text: "另一个Flex子项�...", font_size=16.0, line_height=19.2, height=19.2
  [TEXT HEIGHT] text: "嵌套的div...", font_size=16.0, line_height=19.2, height=19.2
  [UPDATE Y] child: div, content_height=91.2, margin.bottom=0.0, total_height=91.2, y after=245.4
  [UPDATE Y] child: div, content_height=294.4, margin.bottom=0.0, total_height=294.4, y after=516.8
  [UPDATE Y] child: div, content_height=516.8, margin.bottom=0.0, total_height=516.8, y after=622.3
  [TEXT HEIGHT] text: "相对定位容器...", font_size=16.0, line_height=19.2, height=19.2
  [UPDATE Y] child: div, content_height=115.2, margin.bottom=0.0, total_height=115.2, y after=737.5
[LAYOUT] Child element: div (parent: body)
  parent.content: x=0.0, y=0.0
  parent.padding: left=20.0, top=20.0
  child.margin: left=0.0, top=0.0
  y (accumulated): 5460.9
  child.content: x=20.0 (was 0.0), y=5460.9 (was 0.0)
  [UPDATE Y] child: div, content_height=803.5, margin.bottom=0.0, total_height=803.5, y after=6264.4
[LAYOUT] Child element: text (parent: body)
  parent.content: x=0.0, y=0.0
  parent.padding: left=20.0, top=20.0
  child.margin: left=0.0, top=0.0
  y (accumulated): 6264.4
  child.content: x=20.0 (was 0.0), y=6264.4 (was 0.0)
  [UPDATE Y] child: text, content_height=0.0, margin.bottom=0.0, total_height=0.0, y after=6264.4
  [TEXT HEIGHT] text: "ZBrowser功能测试...", font_size=16.0, line_height=19.2, height=19.2
  [TEXT HEIGHT] text: "包含：块级布�...", font_size=16.0, line_height=19.2, height=19.2
[LAYOUT] Child element: div (parent: body)
  parent.content: x=0.0, y=0.0
  parent.padding: left=20.0, top=20.0
  child.margin: left=0.0, top=30.0
  y (accumulated): 6264.4
  child.content: x=20.0 (was 0.0), y=6294.4 (was 0.0)
  [UPDATE Y] child: div, content_height=182.4, margin.bottom=0.0, total_height=182.4, y after=6446.8
[LAYOUT] Child element: body (parent: html)
  parent.content: x=0.0, y=0.0
  parent.padding: left=0.0, top=0.0
  child.margin: left=0.0, top=0.0
  y (accumulated): 0.0
  child.content: x=0.0 (was 0.0), y=0.0 (was 0.0)
  [UPDATE Y] child: body, content_height=6506.8, margin.bottom=0.0, total_height=6506.8, y after=6506.8
[LAYOUT] Child element: !DOCTYPE (parent: body)
  parent.content: x=0.0, y=0.0
  parent.padding: left=20.0, top=20.0
  child.margin: left=0.0, top=0.0
  y (accumulated): 20.0
  child.content: x=20.0 (was 0.0), y=20.0 (was 0.0)
  [UPDATE Y] child: !DOCTYPE, content_height=6506.8, margin.bottom=0.0, total_height=6506.8, y after=6526.8
[LAYOUT] Child element: body (parent: html)
  parent.content: x=0.0, y=0.0
  parent.padding: left=0.0, top=0.0
  child.margin: left=0.0, top=0.0
  y (accumulated): 0.0
  child.content: x=0.0 (was 0.0), y=0.0 (was 0.0)
  [UPDATE Y] child: body, content_height=6586.8, margin.bottom=0.0, total_height=6586.8, y after=6586.8
[LAYOUT] Element: body, is_root: false
  margin: top=0.0, right=0.0, bottom=0.0, left=0.0
  padding: top=20.0, right=20.0, bottom=20.0, left=20.0
  content: x=0.0, y=0.0, width=1160.0, height=6546.8
  containing_block: width=1200.0, height=6586.8
[LAYOUT] Body element position set: x=0.0, y=0.0 (margin: left=0.0, top=0.0)
[LAYOUT] Element: html, is_root: false
  margin: top=0.0, right=0.0, bottom=0.0, left=0.0
  padding: top=0.0, right=0.0, bottom=0.0, left=0.0
  content: x=0.0, y=0.0, width=1160.0, height=6506.8
  containing_block: width=1160.0, height=6586.8
[LAYOUT] Element: body, is_root: false
  margin: top=0.0, right=0.0, bottom=0.0, left=0.0
  padding: top=20.0, right=20.0, bottom=20.0, left=20.0
  content: x=0.0, y=0.0, width=1120.0, height=6466.8
  containing_block: width=1160.0, height=6586.8
[LAYOUT] Body element position set: x=0.0, y=0.0 (margin: left=0.0, top=0.0)
[CONTAINING BLOCK] body.content.width=1120.0, child_containing_block.width=1120.0
[WIDTH DEBUG] h1: containing_block.width=1120.0, available_width=1120.0, calculated_width=1116.0
[LAYOUT] Child element: h1 (parent: body)
  parent.content: x=0.0, y=0.0
  parent.padding: left=20.0, top=20.0
  child.margin: left=0.0, top=21.4
  y (accumulated): 20.0
  child.content: x=20.0 (was 20.0), y=41.4 (was 41.4)
  [UPDATE Y] child: h1, content_height=50.0, margin.bottom=21.4, total_height=71.4, y after=91.4
[LAYOUT] Child element: text (parent: body)
  parent.content: x=0.0, y=0.0
  parent.padding: left=20.0, top=20.0
  child.margin: left=0.0, top=0.0
  y (accumulated): 91.4
  child.content: x=20.0 (was 20.0), y=91.4 (was 91.4)
  [UPDATE Y] child: text, content_height=0.0, margin.bottom=0.0, total_height=0.0, y after=91.4
[WIDTH DEBUG] h1: containing_block.width=1086.0, available_width=1086.0, calculated_width=1086.0
[LAYOUT] Child element: h1 (parent: div)
  parent.content: x=20.0, y=91.4
  parent.padding: left=15.0, top=15.0
  child.margin: left=0.0, top=16.1
  y (accumulated): 15.0
  child.content: x=15.0 (was 15.0), y=122.5 (was 31.1)
  [UPDATE Y] child: h1, content_height=62.1, margin.bottom=16.1, total_height=78.2, y after=93.2
  [UPDATE Y] child: div, content_height=96.0, margin.bottom=0.0, total_height=96.0, y after=301.2
[LAYOUT] Child element: div (parent: body)
  parent.content: x=0.0, y=0.0
  parent.padding: left=20.0, top=20.0
  child.margin: left=0.0, top=0.0
  y (accumulated): 91.4
  child.content: x=20.0 (was 20.0), y=91.4 (was 91.4)
  [UPDATE Y] child: div, content_height=350.2, margin.bottom=0.0, total_height=350.2, y after=441.6
[LAYOUT] Child element: text (parent: body)
  parent.content: x=0.0, y=0.0
  parent.padding: left=20.0, top=20.0
  child.margin: left=0.0, top=0.0
  y (accumulated): 441.6
  child.content: x=20.0 (was 20.0), y=441.6 (was 441.6)
  [UPDATE Y] child: text, content_height=0.0, margin.bottom=0.0, total_height=0.0, y after=441.6
[LAYOUT] Child element: div (parent: body)
  parent.content: x=0.0, y=0.0
  parent.padding: left=20.0, top=20.0
  child.margin: left=0.0, top=0.0
  y (accumulated): 441.6
  child.content: x=20.0 (was 20.0), y=441.6 (was 441.6)
  [UPDATE Y] child: div, content_height=329.4, margin.bottom=0.0, total_height=329.4, y after=771.0
[LAYOUT] Child element: text (parent: body)
  parent.content: x=0.0, y=0.0
  parent.padding: left=20.0, top=20.0
  child.margin: left=0.0, top=0.0
  y (accumulated): 771.0
  child.content: x=20.0 (was 20.0), y=771.0 (was 771.0)
  [UPDATE Y] child: text, content_height=0.0, margin.bottom=0.0, total_height=0.0, y after=771.0
  [UPDATE Y] child: div, content_height=59.2, margin.bottom=5.0, total_height=64.2, y after=138.2
  [UPDATE Y] child: div, content_height=59.2, margin.bottom=5.0, total_height=64.2, y after=202.4
[LAYOUT] Child element: div (parent: body)
  parent.content: x=0.0, y=0.0
  parent.padding: left=20.0, top=20.0
  child.margin: left=0.0, top=0.0
  y (accumulated): 771.0
  child.content: x=20.0 (was 20.0), y=771.0 (was 771.0)
  [UPDATE Y] child: div, content_height=334.0, margin.bottom=0.0, total_height=334.0, y after=1105.0
[LAYOUT] Child element: text (parent: body)
  parent.content: x=0.0, y=0.0
  parent.padding: left=20.0, top=20.0
  child.margin: left=0.0, top=0.0
  y (accumulated): 1105.0
  child.content: x=20.0 (was 20.0), y=1105.0 (was 1105.0)
  [UPDATE Y] child: text, content_height=0.0, margin.bottom=0.0, total_height=0.0, y after=1105.0
  [UPDATE Y] child: div, content_height=59.2, margin.bottom=0.0, total_height=59.2, y after=287.8
[LAYOUT] Child element: div (parent: body)
  parent.content: x=0.0, y=0.0
  parent.padding: left=20.0, top=20.0
  child.margin: left=0.0, top=0.0
  y (accumulated): 1105.0
  child.content: x=20.0 (was 20.0), y=1105.0 (was 1105.0)
  [UPDATE Y] child: div, content_height=336.8, margin.bottom=0.0, total_height=336.8, y after=1441.8
[LAYOUT] Child element: text (parent: body)
  parent.content: x=0.0, y=0.0
  parent.padding: left=20.0, top=20.0
  child.margin: left=0.0, top=0.0
  y (accumulated): 1441.8
  child.content: x=20.0 (was 20.0), y=1441.8 (was 1441.8)
  [UPDATE Y] child: text, content_height=0.0, margin.bottom=0.0, total_height=0.0, y after=1441.8
  [UPDATE Y] child: div, content_height=99.2, margin.bottom=5.0, total_height=104.2, y after=119.2
  [UPDATE Y] child: div, content_height=99.2, margin.bottom=5.0, total_height=104.2, y after=223.4
  [UPDATE Y] child: div, content_height=99.2, margin.bottom=5.0, total_height=104.2, y after=327.6
  [UPDATE Y] child: div, content_height=99.2, margin.bottom=5.0, total_height=104.2, y after=431.8
  [UPDATE Y] child: div, content_height=99.2, margin.bottom=5.0, total_height=104.2, y after=536.0
  [UPDATE Y] child: div, content_height=585.0, margin.bottom=0.0, total_height=585.0, y after=697.1
  [UPDATE Y] child: div, content_height=99.2, margin.bottom=5.0, total_height=104.2, y after=119.2
  [UPDATE Y] child: div, content_height=99.2, margin.bottom=5.0, total_height=104.2, y after=223.4
  [UPDATE Y] child: div, content_height=99.2, margin.bottom=5.0, total_height=104.2, y after=327.6
  [UPDATE Y] child: div, content_height=334.0, margin.bottom=0.0, total_height=334.0, y after=1031.1
[LAYOUT] Child element: div (parent: body)
  parent.content: x=0.0, y=0.0
  parent.padding: left=20.0, top=20.0
  child.margin: left=0.0, top=0.0
  y (accumulated): 1441.8
  child.content: x=20.0 (was 20.0), y=1441.8 (was 1441.8)
  [UPDATE Y] child: div, content_height=1031.1, margin.bottom=0.0, total_height=1031.1, y after=2472.8
[LAYOUT] Child element: text (parent: body)
  parent.content: x=0.0, y=0.0
  parent.padding: left=20.0, top=20.0
  child.margin: left=0.0, top=0.0
  y (accumulated): 2472.8
  child.content: x=20.0 (was 20.0), y=2472.8 (was 2472.8)
  [UPDATE Y] child: text, content_height=0.0, margin.bottom=0.0, total_height=0.0, y after=2472.8
  [UPDATE Y] child: div, content_height=79.2, margin.bottom=0.0, total_height=79.2, y after=94.2
  [UPDATE Y] child: div, content_height=79.2, margin.bottom=0.0, total_height=79.2, y after=173.4
  [UPDATE Y] child: div, content_height=79.2, margin.bottom=0.0, total_height=79.2, y after=252.6
  [UPDATE Y] child: div, content_height=79.2, margin.bottom=0.0, total_height=79.2, y after=331.8
  [UPDATE Y] child: div, content_height=79.2, margin.bottom=0.0, total_height=79.2, y after=411.0
  [UPDATE Y] child: div, content_height=79.2, margin.bottom=0.0, total_height=79.2, y after=490.2
  [UPDATE Y] child: div, content_height=79.2, margin.bottom=0.0, total_height=79.2, y after=569.4
  [UPDATE Y] child: div, content_height=79.2, margin.bottom=0.0, total_height=79.2, y after=648.6
  [UPDATE Y] child: div, content_height=697.6, margin.bottom=0.0, total_height=697.6, y after=809.7
[LAYOUT] Child element: div (parent: body)
  parent.content: x=0.0, y=0.0
  parent.padding: left=20.0, top=20.0
  child.margin: left=0.0, top=0.0
  y (accumulated): 2472.8
  child.content: x=20.0 (was 20.0), y=2472.8 (was 2472.8)
  [UPDATE Y] child: div, content_height=809.7, margin.bottom=0.0, total_height=809.7, y after=3282.5
[LAYOUT] Child element: text (parent: body)
  parent.content: x=0.0, y=0.0
  parent.padding: left=20.0, top=20.0
  child.margin: left=0.0, top=0.0
  y (accumulated): 3282.5
  child.content: x=20.0 (was 20.0), y=3282.5 (was 3282.5)
  [UPDATE Y] child: text, content_height=0.0, margin.bottom=0.0, total_height=0.0, y after=3282.5
[LAYOUT] Child element: div (parent: body)
  parent.content: x=0.0, y=0.0
  parent.padding: left=20.0, top=20.0
  child.margin: left=0.0, top=0.0
  y (accumulated): 3282.5
  child.content: x=20.0 (was 20.0), y=3282.5 (was 3282.5)
  [UPDATE Y] child: div, content_height=405.5, margin.bottom=0.0, total_height=405.5, y after=3688.0
[LAYOUT] Child element: text (parent: body)
  parent.content: x=0.0, y=0.0
  parent.padding: left=20.0, top=20.0
  child.margin: left=0.0, top=0.0
  y (accumulated): 3688.0
  child.content: x=20.0 (was 20.0), y=3688.0 (was 3688.0)
  [UPDATE Y] child: text, content_height=0.0, margin.bottom=0.0, total_height=0.0, y after=3688.0
[LAYOUT] Child element: div (parent: body)
  parent.content: x=0.0, y=0.0
  parent.padding: left=20.0, top=20.0
  child.margin: left=0.0, top=0.0
  y (accumulated): 3688.0
  child.content: x=20.0 (was 20.0), y=3688.0 (was 3688.0)
  [UPDATE Y] child: div, content_height=610.3, margin.bottom=0.0, total_height=610.3, y after=4298.4
[LAYOUT] Child element: text (parent: body)
  parent.content: x=0.0, y=0.0
  parent.padding: left=20.0, top=20.0
  child.margin: left=0.0, top=0.0
  y (accumulated): 4298.4
  child.content: x=20.0 (was 20.0), y=4298.4 (was 4298.4)
  [UPDATE Y] child: text, content_height=0.0, margin.bottom=0.0, total_height=0.0, y after=4298.4
  [UPDATE Y] child: div, content_height=117.2, margin.bottom=0.0, total_height=117.2, y after=273.9
[LAYOUT] Child element: div (parent: body)
  parent.content: x=0.0, y=0.0
  parent.padding: left=20.0, top=20.0
  child.margin: left=0.0, top=0.0
  y (accumulated): 4298.4
  child.content: x=20.0 (was 20.0), y=4298.4 (was 4298.4)
  [UPDATE Y] child: div, content_height=343.9, margin.bottom=0.0, total_height=343.9, y after=4642.3
[LAYOUT] Child element: text (parent: body)
  parent.content: x=0.0, y=0.0
  parent.padding: left=20.0, top=20.0
  child.margin: left=0.0, top=0.0
  y (accumulated): 4642.3
  child.content: x=20.0 (was 20.0), y=4642.3 (was 4642.3)
  [UPDATE Y] child: text, content_height=0.0, margin.bottom=0.0, total_height=0.0, y after=4642.3
  [UPDATE Y] child: div, content_height=71.2, margin.bottom=2.0, total_height=73.2, y after=132.4
  [UPDATE Y] child: div, content_height=160.4, margin.bottom=3.0, total_height=163.4, y after=224.6
  [UPDATE Y] child: div, content_height=258.6, margin.bottom=5.0, total_height=263.6, y after=364.1
[LAYOUT] Child element: div (parent: body)
  parent.content: x=0.0, y=0.0
  parent.padding: left=20.0, top=20.0
  child.margin: left=0.0, top=0.0
  y (accumulated): 4642.3
  child.content: x=20.0 (was 20.0), y=4642.3 (was 4642.3)
  [UPDATE Y] child: div, content_height=413.1, margin.bottom=0.0, total_height=413.1, y after=5055.4
[LAYOUT] Child element: text (parent: body)
  parent.content: x=0.0, y=0.0
  parent.padding: left=20.0, top=20.0
  child.margin: left=0.0, top=0.0
  y (accumulated): 5055.4
  child.content: x=20.0 (was 20.0), y=5055.4 (was 5055.4)
  [UPDATE Y] child: text, content_height=0.0, margin.bottom=0.0, total_height=0.0, y after=5055.4
[LAYOUT] Child element: div (parent: body)
  parent.content: x=0.0, y=0.0
  parent.padding: left=20.0, top=20.0
  child.margin: left=0.0, top=0.0
  y (accumulated): 5055.4
  child.content: x=20.0 (was 20.0), y=5055.4 (was 5055.4)
  [UPDATE Y] child: div, content_height=405.5, margin.bottom=0.0, total_height=405.5, y after=5460.9
[LAYOUT] Child element: text (parent: body)
  parent.content: x=0.0, y=0.0
  parent.padding: left=20.0, top=20.0
  child.margin: left=0.0, top=0.0
  y (accumulated): 5460.9
  child.content: x=20.0 (was 20.0), y=5460.9 (was 5460.9)
  [UPDATE Y] child: text, content_height=0.0, margin.bottom=0.0, total_height=0.0, y after=5460.9
  [UPDATE Y] child: div, content_height=222.4, margin.bottom=0.0, total_height=222.4, y after=222.4
  [UPDATE Y] child: div, content_height=91.2, margin.bottom=0.0, total_height=91.2, y after=245.4
  [UPDATE Y] child: div, content_height=294.4, margin.bottom=0.0, total_height=294.4, y after=516.8
  [UPDATE Y] child: div, content_height=516.8, margin.bottom=0.0, total_height=516.8, y after=622.3
  [UPDATE Y] child: div, content_height=115.2, margin.bottom=0.0, total_height=115.2, y after=737.5
[LAYOUT] Child element: div (parent: body)
  parent.content: x=0.0, y=0.0
  parent.padding: left=20.0, top=20.0
  child.margin: left=0.0, top=0.0
  y (accumulated): 5460.9
  child.content: x=20.0 (was 20.0), y=5460.9 (was 5460.9)
  [UPDATE Y] child: div, content_height=803.5, margin.bottom=0.0, total_height=803.5, y after=6264.4
[LAYOUT] Child element: text (parent: body)
  parent.content: x=0.0, y=0.0
  parent.padding: left=20.0, top=20.0
  child.margin: left=0.0, top=0.0
  y (accumulated): 6264.4
  child.content: x=20.0 (was 20.0), y=6264.4 (was 6264.4)
  [UPDATE Y] child: text, content_height=0.0, margin.bottom=0.0, total_height=0.0, y after=6264.4
[LAYOUT] Child element: div (parent: body)
  parent.content: x=0.0, y=0.0
  parent.padding: left=20.0, top=20.0
  child.margin: left=0.0, top=30.0
  y (accumulated): 6264.4
  child.content: x=20.0 (was 20.0), y=6294.4 (was 6294.4)
  [UPDATE Y] child: div, content_height=182.4, margin.bottom=0.0, total_height=182.4, y after=6446.8
[LAYOUT] Child element: body (parent: html)
  parent.content: x=0.0, y=0.0
  parent.padding: left=0.0, top=0.0
  child.margin: left=0.0, top=0.0
  y (accumulated): 0.0
  child.content: x=0.0 (was 0.0), y=0.0 (was 0.0)
  [UPDATE Y] child: body, content_height=6506.8, margin.bottom=0.0, total_height=6506.8, y after=6506.8
[LAYOUT] Child element: !DOCTYPE (parent: body)
  parent.content: x=0.0, y=0.0
  parent.padding: left=20.0, top=20.0
  child.margin: left=0.0, top=0.0
  y (accumulated): 20.0
  child.content: x=20.0 (was 20.0), y=20.0 (was 20.0)
  [UPDATE Y] child: !DOCTYPE, content_height=6506.8, margin.bottom=0.0, total_height=6506.8, y after=6526.8
[LAYOUT] Element: html, is_root: false
  margin: top=0.0, right=0.0, bottom=0.0, left=0.0
  padding: top=0.0, right=0.0, bottom=0.0, left=0.0
  content: x=20.0, y=20.0, width=1160.0, height=6506.8
  containing_block: width=1160.0, height=6546.8
[LAYOUT] Element: body, is_root: false
  margin: top=0.0, right=0.0, bottom=0.0, left=0.0
  padding: top=20.0, right=20.0, bottom=20.0, left=20.0
  content: x=0.0, y=0.0, width=1120.0, height=6466.8
  containing_block: width=1160.0, height=6546.8
[LAYOUT WARNING] html.content is not (0, 0): x=20.0, y=20.0
[LAYOUT] Body element position set: x=0.0, y=0.0 (margin: left=0.0, top=0.0)
[CONTAINING BLOCK] body.content.width=1120.0, child_containing_block.width=1120.0
[WIDTH DEBUG] h1: containing_block.width=1120.0, available_width=1120.0, calculated_width=1116.0
[LAYOUT] Child element: h1 (parent: body)
  parent.content: x=0.0, y=0.0
  parent.padding: left=20.0, top=20.0
  child.margin: left=0.0, top=21.4
  y (accumulated): 20.0
  child.content: x=20.0 (was 20.0), y=41.4 (was 41.4)
  [UPDATE Y] child: h1, content_height=50.0, margin.bottom=21.4, total_height=71.4, y after=91.4
[LAYOUT] Child element: text (parent: body)
  parent.content: x=0.0, y=0.0
  parent.padding: left=20.0, top=20.0
  child.margin: left=0.0, top=0.0
  y (accumulated): 91.4
  child.content: x=20.0 (was 20.0), y=91.4 (was 91.4)
  [UPDATE Y] child: text, content_height=0.0, margin.bottom=0.0, total_height=0.0, y after=91.4
[WIDTH DEBUG] h1: containing_block.width=1086.0, available_width=1086.0, calculated_width=1086.0
[LAYOUT] Child element: h1 (parent: div)
  parent.content: x=20.0, y=91.4
  parent.padding: left=15.0, top=15.0
  child.margin: left=0.0, top=16.1
  y (accumulated): 15.0
  child.content: x=15.0 (was 15.0), y=122.5 (was 122.5)
  [UPDATE Y] child: h1, content_height=62.1, margin.bottom=16.1, total_height=78.2, y after=93.2
  [UPDATE Y] child: div, content_height=96.0, margin.bottom=0.0, total_height=96.0, y after=301.2
[LAYOUT] Child element: div (parent: body)
  parent.content: x=0.0, y=0.0
  parent.padding: left=20.0, top=20.0
  child.margin: left=0.0, top=0.0
  y (accumulated): 91.4
  child.content: x=20.0 (was 20.0), y=91.4 (was 91.4)
  [UPDATE Y] child: div, content_height=350.2, margin.bottom=0.0, total_height=350.2, y after=441.6
[LAYOUT] Child element: text (parent: body)
  parent.content: x=0.0, y=0.0
  parent.padding: left=20.0, top=20.0
  child.margin: left=0.0, top=0.0
  y (accumulated): 441.6
  child.content: x=20.0 (was 20.0), y=441.6 (was 441.6)
  [UPDATE Y] child: text, content_height=0.0, margin.bottom=0.0, total_height=0.0, y after=441.6
[LAYOUT] Child element: div (parent: body)
  parent.content: x=0.0, y=0.0
  parent.padding: left=20.0, top=20.0
  child.margin: left=0.0, top=0.0
  y (accumulated): 441.6
  child.content: x=20.0 (was 20.0), y=441.6 (was 441.6)
  [UPDATE Y] child: div, content_height=329.4, margin.bottom=0.0, total_height=329.4, y after=771.0
[LAYOUT] Child element: text (parent: body)
  parent.content: x=0.0, y=0.0
  parent.padding: left=20.0, top=20.0
  child.margin: left=0.0, top=0.0
  y (accumulated): 771.0
  child.content: x=20.0 (was 20.0), y=771.0 (was 771.0)
  [UPDATE Y] child: text, content_height=0.0, margin.bottom=0.0, total_height=0.0, y after=771.0
  [UPDATE Y] child: div, content_height=59.2, margin.bottom=5.0, total_height=64.2, y after=138.2
  [UPDATE Y] child: div, content_height=59.2, margin.bottom=5.0, total_height=64.2, y after=202.4
[LAYOUT] Child element: div (parent: body)
  parent.content: x=0.0, y=0.0
  parent.padding: left=20.0, top=20.0
  child.margin: left=0.0, top=0.0
  y (accumulated): 771.0
  child.content: x=20.0 (was 20.0), y=771.0 (was 771.0)
  [UPDATE Y] child: div, content_height=334.0, margin.bottom=0.0, total_height=334.0, y after=1105.0
[LAYOUT] Child element: text (parent: body)
  parent.content: x=0.0, y=0.0
  parent.padding: left=20.0, top=20.0
  child.margin: left=0.0, top=0.0
  y (accumulated): 1105.0
  child.content: x=20.0 (was 20.0), y=1105.0 (was 1105.0)
  [UPDATE Y] child: text, content_height=0.0, margin.bottom=0.0, total_height=0.0, y after=1105.0
  [UPDATE Y] child: div, content_height=59.2, margin.bottom=0.0, total_height=59.2, y after=287.8
[LAYOUT] Child element: div (parent: body)
  parent.content: x=0.0, y=0.0
  parent.padding: left=20.0, top=20.0
  child.margin: left=0.0, top=0.0
  y (accumulated): 1105.0
  child.content: x=20.0 (was 20.0), y=1105.0 (was 1105.0)
  [UPDATE Y] child: div, content_height=336.8, margin.bottom=0.0, total_height=336.8, y after=1441.8
[LAYOUT] Child element: text (parent: body)
  parent.content: x=0.0, y=0.0
  parent.padding: left=20.0, top=20.0
  child.margin: left=0.0, top=0.0
  y (accumulated): 1441.8
  child.content: x=20.0 (was 20.0), y=1441.8 (was 1441.8)
  [UPDATE Y] child: text, content_height=0.0, margin.bottom=0.0, total_height=0.0, y after=1441.8
  [UPDATE Y] child: div, content_height=99.2, margin.bottom=5.0, total_height=104.2, y after=119.2
  [UPDATE Y] child: div, content_height=99.2, margin.bottom=5.0, total_height=104.2, y after=223.4
  [UPDATE Y] child: div, content_height=99.2, margin.bottom=5.0, total_height=104.2, y after=327.6
  [UPDATE Y] child: div, content_height=99.2, margin.bottom=5.0, total_height=104.2, y after=431.8
  [UPDATE Y] child: div, content_height=99.2, margin.bottom=5.0, total_height=104.2, y after=536.0
  [UPDATE Y] child: div, content_height=585.0, margin.bottom=0.0, total_height=585.0, y after=697.1
  [UPDATE Y] child: div, content_height=99.2, margin.bottom=5.0, total_height=104.2, y after=119.2
  [UPDATE Y] child: div, content_height=99.2, margin.bottom=5.0, total_height=104.2, y after=223.4
  [UPDATE Y] child: div, content_height=99.2, margin.bottom=5.0, total_height=104.2, y after=327.6
  [UPDATE Y] child: div, content_height=334.0, margin.bottom=0.0, total_height=334.0, y after=1031.1
[LAYOUT] Child element: div (parent: body)
  parent.content: x=0.0, y=0.0
  parent.padding: left=20.0, top=20.0
  child.margin: left=0.0, top=0.0
  y (accumulated): 1441.8
  child.content: x=20.0 (was 20.0), y=1441.8 (was 1441.8)
  [UPDATE Y] child: div, content_height=1031.1, margin.bottom=0.0, total_height=1031.1, y after=2472.8
[LAYOUT] Child element: text (parent: body)
  parent.content: x=0.0, y=0.0
  parent.padding: left=20.0, top=20.0
  child.margin: left=0.0, top=0.0
  y (accumulated): 2472.8
  child.content: x=20.0 (was 20.0), y=2472.8 (was 2472.8)
  [UPDATE Y] child: text, content_height=0.0, margin.bottom=0.0, total_height=0.0, y after=2472.8
  [UPDATE Y] child: div, content_height=79.2, margin.bottom=0.0, total_height=79.2, y after=94.2
  [UPDATE Y] child: div, content_height=79.2, margin.bottom=0.0, total_height=79.2, y after=173.4
  [UPDATE Y] child: div, content_height=79.2, margin.bottom=0.0, total_height=79.2, y after=252.6
  [UPDATE Y] child: div, content_height=79.2, margin.bottom=0.0, total_height=79.2, y after=331.8
  [UPDATE Y] child: div, content_height=79.2, margin.bottom=0.0, total_height=79.2, y after=411.0
  [UPDATE Y] child: div, content_height=79.2, margin.bottom=0.0, total_height=79.2, y after=490.2
  [UPDATE Y] child: div, content_height=79.2, margin.bottom=0.0, total_height=79.2, y after=569.4
  [UPDATE Y] child: div, content_height=79.2, margin.bottom=0.0, total_height=79.2, y after=648.6
  [UPDATE Y] child: div, content_height=697.6, margin.bottom=0.0, total_height=697.6, y after=809.7
[LAYOUT] Child element: div (parent: body)
  parent.content: x=0.0, y=0.0
  parent.padding: left=20.0, top=20.0
  child.margin: left=0.0, top=0.0
  y (accumulated): 2472.8
  child.content: x=20.0 (was 20.0), y=2472.8 (was 2472.8)
  [UPDATE Y] child: div, content_height=809.7, margin.bottom=0.0, total_height=809.7, y after=3282.5
[LAYOUT] Child element: text (parent: body)
  parent.content: x=0.0, y=0.0
  parent.padding: left=20.0, top=20.0
  child.margin: left=0.0, top=0.0
  y (accumulated): 3282.5
  child.content: x=20.0 (was 20.0), y=3282.5 (was 3282.5)
  [UPDATE Y] child: text, content_height=0.0, margin.bottom=0.0, total_height=0.0, y after=3282.5
[LAYOUT] Child element: div (parent: body)
  parent.content: x=0.0, y=0.0
  parent.padding: left=20.0, top=20.0
  child.margin: left=0.0, top=0.0
  y (accumulated): 3282.5
  child.content: x=20.0 (was 20.0), y=3282.5 (was 3282.5)
  [UPDATE Y] child: div, content_height=405.5, margin.bottom=0.0, total_height=405.5, y after=3688.0
[LAYOUT] Child element: text (parent: body)
  parent.content: x=0.0, y=0.0
  parent.padding: left=20.0, top=20.0
  child.margin: left=0.0, top=0.0
  y (accumulated): 3688.0
  child.content: x=20.0 (was 20.0), y=3688.0 (was 3688.0)
  [UPDATE Y] child: text, content_height=0.0, margin.bottom=0.0, total_height=0.0, y after=3688.0
[LAYOUT] Child element: div (parent: body)
  parent.content: x=0.0, y=0.0
  parent.padding: left=20.0, top=20.0
  child.margin: left=0.0, top=0.0
  y (accumulated): 3688.0
  child.content: x=20.0 (was 20.0), y=3688.0 (was 3688.0)
  [UPDATE Y] child: div, content_height=610.3, margin.bottom=0.0, total_height=610.3, y after=4298.4
[LAYOUT] Child element: text (parent: body)
  parent.content: x=0.0, y=0.0
  parent.padding: left=20.0, top=20.0
  child.margin: left=0.0, top=0.0
  y (accumulated): 4298.4
  child.content: x=20.0 (was 20.0), y=4298.4 (was 4298.4)
  [UPDATE Y] child: text, content_height=0.0, margin.bottom=0.0, total_height=0.0, y after=4298.4
  [UPDATE Y] child: div, content_height=117.2, margin.bottom=0.0, total_height=117.2, y after=273.9
[LAYOUT] Child element: div (parent: body)
  parent.content: x=0.0, y=0.0
  parent.padding: left=20.0, top=20.0
  child.margin: left=0.0, top=0.0
  y (accumulated): 4298.4
  child.content: x=20.0 (was 20.0), y=4298.4 (was 4298.4)
  [UPDATE Y] child: div, content_height=343.9, margin.bottom=0.0, total_height=343.9, y after=4642.3
[LAYOUT] Child element: text (parent: body)
  parent.content: x=0.0, y=0.0
  parent.padding: left=20.0, top=20.0
  child.margin: left=0.0, top=0.0
  y (accumulated): 4642.3
  child.content: x=20.0 (was 20.0), y=4642.3 (was 4642.3)
  [UPDATE Y] child: text, content_height=0.0, margin.bottom=0.0, total_height=0.0, y after=4642.3
  [UPDATE Y] child: div, content_height=71.2, margin.bottom=2.0, total_height=73.2, y after=132.4
  [UPDATE Y] child: div, content_height=160.4, margin.bottom=3.0, total_height=163.4, y after=224.6
  [UPDATE Y] child: div, content_height=258.6, margin.bottom=5.0, total_height=263.6, y after=364.1
[LAYOUT] Child element: div (parent: body)
  parent.content: x=0.0, y=0.0
  parent.padding: left=20.0, top=20.0
  child.margin: left=0.0, top=0.0
  y (accumulated): 4642.3
  child.content: x=20.0 (was 20.0), y=4642.3 (was 4642.3)
  [UPDATE Y] child: div, content_height=413.1, margin.bottom=0.0, total_height=413.1, y after=5055.4
[LAYOUT] Child element: text (parent: body)
  parent.content: x=0.0, y=0.0
  parent.padding: left=20.0, top=20.0
  child.margin: left=0.0, top=0.0
  y (accumulated): 5055.4
  child.content: x=20.0 (was 20.0), y=5055.4 (was 5055.4)
  [UPDATE Y] child: text, content_height=0.0, margin.bottom=0.0, total_height=0.0, y after=5055.4
[LAYOUT] Child element: div (parent: body)
  parent.content: x=0.0, y=0.0
  parent.padding: left=20.0, top=20.0
  child.margin: left=0.0, top=0.0
  y (accumulated): 5055.4
  child.content: x=20.0 (was 20.0), y=5055.4 (was 5055.4)
  [UPDATE Y] child: div, content_height=405.5, margin.bottom=0.0, total_height=405.5, y after=5460.9
[LAYOUT] Child element: text (parent: body)
  parent.content: x=0.0, y=0.0
  parent.padding: left=20.0, top=20.0
  child.margin: left=0.0, top=0.0
  y (accumulated): 5460.9
  child.content: x=20.0 (was 20.0), y=5460.9 (was 5460.9)
  [UPDATE Y] child: text, content_height=0.0, margin.bottom=0.0, total_height=0.0, y after=5460.9
  [UPDATE Y] child: div, content_height=222.4, margin.bottom=0.0, total_height=222.4, y after=222.4
  [UPDATE Y] child: div, content_height=91.2, margin.bottom=0.0, total_height=91.2, y after=245.4
  [UPDATE Y] child: div, content_height=294.4, margin.bottom=0.0, total_height=294.4, y after=516.8
  [UPDATE Y] child: div, content_height=516.8, margin.bottom=0.0, total_height=516.8, y after=622.3
  [UPDATE Y] child: div, content_height=115.2, margin.bottom=0.0, total_height=115.2, y after=737.5
[LAYOUT] Child element: div (parent: body)
  parent.content: x=0.0, y=0.0
  parent.padding: left=20.0, top=20.0
  child.margin: left=0.0, top=0.0
  y (accumulated): 5460.9
  child.content: x=20.0 (was 20.0), y=5460.9 (was 5460.9)
  [UPDATE Y] child: div, content_height=803.5, margin.bottom=0.0, total_height=803.5, y after=6264.4
[LAYOUT] Child element: text (parent: body)
  parent.content: x=0.0, y=0.0
  parent.padding: left=20.0, top=20.0
  child.margin: left=0.0, top=0.0
  y (accumulated): 6264.4
  child.content: x=20.0 (was 20.0), y=6264.4 (was 6264.4)
  [UPDATE Y] child: text, content_height=0.0, margin.bottom=0.0, total_height=0.0, y after=6264.4
[LAYOUT] Child element: div (parent: body)
  parent.content: x=0.0, y=0.0
  parent.padding: left=20.0, top=20.0
  child.margin: left=0.0, top=30.0
  y (accumulated): 6264.4
  child.content: x=20.0 (was 20.0), y=6294.4 (was 6294.4)
  [UPDATE Y] child: div, content_height=182.4, margin.bottom=0.0, total_height=182.4, y after=6446.8
[LAYOUT] Child element: body (parent: html)
  parent.content: x=20.0, y=20.0
  parent.padding: left=0.0, top=0.0
  child.margin: left=0.0, top=0.0
  y (accumulated): 0.0
  child.content: x=20.0 (was 0.0), y=20.0 (was 0.0)
  [UPDATE Y] child: body, content_height=6506.8, margin.bottom=0.0, total_height=6506.8, y after=6506.8
[LAYOUT] Element: html, is_root: false
  margin: top=0.0, right=0.0, bottom=0.0, left=0.0
  padding: top=0.0, right=0.0, bottom=0.0, left=0.0
  content: x=20.0, y=20.0, width=1160.0, height=6506.8
  containing_block: width=1160.0, height=6506.8
[LAYOUT] Element: body, is_root: false
  margin: top=0.0, right=0.0, bottom=0.0, left=0.0
  padding: top=20.0, right=20.0, bottom=20.0, left=20.0
  content: x=20.0, y=20.0, width=1120.0, height=6466.8
  containing_block: width=1160.0, height=6506.8
[LAYOUT WARNING] html.content is not (0, 0): x=20.0, y=20.0
[CONTAINING BLOCK] body.content.width=1120.0, child_containing_block.width=1120.0
[WIDTH DEBUG] h1: containing_block.width=1120.0, available_width=1120.0, calculated_width=1116.0
[LAYOUT] Child element: h1 (parent: body)
  parent.content: x=20.0, y=20.0
  parent.padding: left=20.0, top=20.0
  child.margin: left=0.0, top=21.4
  y (accumulated): 20.0
  child.content: x=20.0 (was 20.0), y=61.4 (was 41.4)
  [UPDATE Y] child: h1, content_height=50.0, margin.bottom=21.4, total_height=71.4, y after=91.4
[LAYOUT] Child element: text (parent: body)
  parent.content: x=20.0, y=20.0
  parent.padding: left=20.0, top=20.0
  child.margin: left=0.0, top=0.0
  y (accumulated): 91.4
  child.content: x=20.0 (was 20.0), y=111.4 (was 91.4)
  [UPDATE Y] child: text, content_height=0.0, margin.bottom=0.0, total_height=0.0, y after=91.4
[WIDTH DEBUG] h1: containing_block.width=1086.0, available_width=1086.0, calculated_width=1086.0
[LAYOUT] Child element: h1 (parent: div)
  parent.content: x=20.0, y=91.4
  parent.padding: left=15.0, top=15.0
  child.margin: left=0.0, top=16.1
  y (accumulated): 15.0
  child.content: x=15.0 (was 15.0), y=122.5 (was 122.5)
  [UPDATE Y] child: h1, content_height=62.1, margin.bottom=16.1, total_height=78.2, y after=93.2
  [UPDATE Y] child: div, content_height=96.0, margin.bottom=0.0, total_height=96.0, y after=301.2
[LAYOUT] Child element: div (parent: body)
  parent.content: x=20.0, y=20.0
  parent.padding: left=20.0, top=20.0
  child.margin: left=0.0, top=0.0
  y (accumulated): 91.4
  child.content: x=20.0 (was 20.0), y=111.4 (was 91.4)
  [UPDATE Y] child: div, content_height=350.2, margin.bottom=0.0, total_height=350.2, y after=441.6
[LAYOUT] Child element: text (parent: body)
  parent.content: x=20.0, y=20.0
  parent.padding: left=20.0, top=20.0
  child.margin: left=0.0, top=0.0
  y (accumulated): 441.6
  child.content: x=20.0 (was 20.0), y=461.6 (was 441.6)
  [UPDATE Y] child: text, content_height=0.0, margin.bottom=0.0, total_height=0.0, y after=441.6
[LAYOUT] Child element: div (parent: body)
  parent.content: x=20.0, y=20.0
  parent.padding: left=20.0, top=20.0
  child.margin: left=0.0, top=0.0
  y (accumulated): 441.6
  child.content: x=20.0 (was 20.0), y=461.6 (was 441.6)
  [UPDATE Y] child: div, content_height=329.4, margin.bottom=0.0, total_height=329.4, y after=771.0
[LAYOUT] Child element: text (parent: body)
  parent.content: x=20.0, y=20.0
  parent.padding: left=20.0, top=20.0
  child.margin: left=0.0, top=0.0
  y (accumulated): 771.0
  child.content: x=20.0 (was 20.0), y=791.0 (was 771.0)
  [UPDATE Y] child: text, content_height=0.0, margin.bottom=0.0, total_height=0.0, y after=771.0
  [UPDATE Y] child: div, content_height=59.2, margin.bottom=5.0, total_height=64.2, y after=138.2
  [UPDATE Y] child: div, content_height=59.2, margin.bottom=5.0, total_height=64.2, y after=202.4
[LAYOUT] Child element: div (parent: body)
  parent.content: x=20.0, y=20.0
  parent.padding: left=20.0, top=20.0
  child.margin: left=0.0, top=0.0
  y (accumulated): 771.0
  child.content: x=20.0 (was 20.0), y=791.0 (was 771.0)
  [UPDATE Y] child: div, content_height=334.0, margin.bottom=0.0, total_height=334.0, y after=1105.0
[LAYOUT] Child element: text (parent: body)
  parent.content: x=20.0, y=20.0
  parent.padding: left=20.0, top=20.0
  child.margin: left=0.0, top=0.0
  y (accumulated): 1105.0
  child.content: x=20.0 (was 20.0), y=1125.0 (was 1105.0)
  [UPDATE Y] child: text, content_height=0.0, margin.bottom=0.0, total_height=0.0, y after=1105.0
  [UPDATE Y] child: div, content_height=59.2, margin.bottom=0.0, total_height=59.2, y after=287.8
[LAYOUT] Child element: div (parent: body)
  parent.content: x=20.0, y=20.0
  parent.padding: left=20.0, top=20.0
  child.margin: left=0.0, top=0.0
  y (accumulated): 1105.0
  child.content: x=20.0 (was 20.0), y=1125.0 (was 1105.0)
  [UPDATE Y] child: div, content_height=336.8, margin.bottom=0.0, total_height=336.8, y after=1441.8
[LAYOUT] Child element: text (parent: body)
  parent.content: x=20.0, y=20.0
  parent.padding: left=20.0, top=20.0
  child.margin: left=0.0, top=0.0
  y (accumulated): 1441.8
  child.content: x=20.0 (was 20.0), y=1461.8 (was 1441.8)
  [UPDATE Y] child: text, content_height=0.0, margin.bottom=0.0, total_height=0.0, y after=1441.8
  [UPDATE Y] child: div, content_height=99.2, margin.bottom=5.0, total_height=104.2, y after=119.2
  [UPDATE Y] child: div, content_height=99.2, margin.bottom=5.0, total_height=104.2, y after=223.4
  [UPDATE Y] child: div, content_height=99.2, margin.bottom=5.0, total_height=104.2, y after=327.6
  [UPDATE Y] child: div, content_height=99.2, margin.bottom=5.0, total_height=104.2, y after=431.8
  [UPDATE Y] child: div, content_height=99.2, margin.bottom=5.0, total_height=104.2, y after=536.0
  [UPDATE Y] child: div, content_height=585.0, margin.bottom=0.0, total_height=585.0, y after=697.1
  [UPDATE Y] child: div, content_height=99.2, margin.bottom=5.0, total_height=104.2, y after=119.2
  [UPDATE Y] child: div, content_height=99.2, margin.bottom=5.0, total_height=104.2, y after=223.4
  [UPDATE Y] child: div, content_height=99.2, margin.bottom=5.0, total_height=104.2, y after=327.6
  [UPDATE Y] child: div, content_height=334.0, margin.bottom=0.0, total_height=334.0, y after=1031.1
[LAYOUT] Child element: div (parent: body)
  parent.content: x=20.0, y=20.0
  parent.padding: left=20.0, top=20.0
  child.margin: left=0.0, top=0.0
  y (accumulated): 1441.8
  child.content: x=20.0 (was 20.0), y=1461.8 (was 1441.8)
  [UPDATE Y] child: div, content_height=1031.1, margin.bottom=0.0, total_height=1031.1, y after=2472.8
[LAYOUT] Child element: text (parent: body)
  parent.content: x=20.0, y=20.0
  parent.padding: left=20.0, top=20.0
  child.margin: left=0.0, top=0.0
  y (accumulated): 2472.8
  child.content: x=20.0 (was 20.0), y=2492.8 (was 2472.8)
  [UPDATE Y] child: text, content_height=0.0, margin.bottom=0.0, total_height=0.0, y after=2472.8
  [UPDATE Y] child: div, content_height=79.2, margin.bottom=0.0, total_height=79.2, y after=94.2
  [UPDATE Y] child: div, content_height=79.2, margin.bottom=0.0, total_height=79.2, y after=173.4
  [UPDATE Y] child: div, content_height=79.2, margin.bottom=0.0, total_height=79.2, y after=252.6
  [UPDATE Y] child: div, content_height=79.2, margin.bottom=0.0, total_height=79.2, y after=331.8
  [UPDATE Y] child: div, content_height=79.2, margin.bottom=0.0, total_height=79.2, y after=411.0
  [UPDATE Y] child: div, content_height=79.2, margin.bottom=0.0, total_height=79.2, y after=490.2
  [UPDATE Y] child: div, content_height=79.2, margin.bottom=0.0, total_height=79.2, y after=569.4
  [UPDATE Y] child: div, content_height=79.2, margin.bottom=0.0, total_height=79.2, y after=648.6
  [UPDATE Y] child: div, content_height=697.6, margin.bottom=0.0, total_height=697.6, y after=809.7
[LAYOUT] Child element: div (parent: body)
  parent.content: x=20.0, y=20.0
  parent.padding: left=20.0, top=20.0
  child.margin: left=0.0, top=0.0
  y (accumulated): 2472.8
  child.content: x=20.0 (was 20.0), y=2492.8 (was 2472.8)
  [UPDATE Y] child: div, content_height=809.7, margin.bottom=0.0, total_height=809.7, y after=3282.5
[LAYOUT] Child element: text (parent: body)
  parent.content: x=20.0, y=20.0
  parent.padding: left=20.0, top=20.0
  child.margin: left=0.0, top=0.0
  y (accumulated): 3282.5
  child.content: x=20.0 (was 20.0), y=3302.5 (was 3282.5)
  [UPDATE Y] child: text, content_height=0.0, margin.bottom=0.0, total_height=0.0, y after=3282.5
[LAYOUT] Child element: div (parent: body)
  parent.content: x=20.0, y=20.0
  parent.padding: left=20.0, top=20.0
  child.margin: left=0.0, top=0.0
  y (accumulated): 3282.5
  child.content: x=20.0 (was 20.0), y=3302.5 (was 3282.5)
  [UPDATE Y] child: div, content_height=405.5, margin.bottom=0.0, total_height=405.5, y after=3688.0
[LAYOUT] Child element: text (parent: body)
  parent.content: x=20.0, y=20.0
  parent.padding: left=20.0, top=20.0
  child.margin: left=0.0, top=0.0
  y (accumulated): 3688.0
  child.content: x=20.0 (was 20.0), y=3708.0 (was 3688.0)
  [UPDATE Y] child: text, content_height=0.0, margin.bottom=0.0, total_height=0.0, y after=3688.0
[LAYOUT] Child element: div (parent: body)
  parent.content: x=20.0, y=20.0
  parent.padding: left=20.0, top=20.0
  child.margin: left=0.0, top=0.0
  y (accumulated): 3688.0
  child.content: x=20.0 (was 20.0), y=3708.0 (was 3688.0)
  [UPDATE Y] child: div, content_height=610.3, margin.bottom=0.0, total_height=610.3, y after=4298.4
[LAYOUT] Child element: text (parent: body)
  parent.content: x=20.0, y=20.0
  parent.padding: left=20.0, top=20.0
  child.margin: left=0.0, top=0.0
  y (accumulated): 4298.4
  child.content: x=20.0 (was 20.0), y=4318.4 (was 4298.4)
  [UPDATE Y] child: text, content_height=0.0, margin.bottom=0.0, total_height=0.0, y after=4298.4
  [UPDATE Y] child: div, content_height=117.2, margin.bottom=0.0, total_height=117.2, y after=273.9
[LAYOUT] Child element: div (parent: body)
  parent.content: x=20.0, y=20.0
  parent.padding: left=20.0, top=20.0
  child.margin: left=0.0, top=0.0
  y (accumulated): 4298.4
  child.content: x=20.0 (was 20.0), y=4318.4 (was 4298.4)
  [UPDATE Y] child: div, content_height=343.9, margin.bottom=0.0, total_height=343.9, y after=4642.3
[LAYOUT] Child element: text (parent: body)
  parent.content: x=20.0, y=20.0
  parent.padding: left=20.0, top=20.0
  child.margin: left=0.0, top=0.0
  y (accumulated): 4642.3
  child.content: x=20.0 (was 20.0), y=4662.3 (was 4642.3)
  [UPDATE Y] child: text, content_height=0.0, margin.bottom=0.0, total_height=0.0, y after=4642.3
  [UPDATE Y] child: div, content_height=71.2, margin.bottom=2.0, total_height=73.2, y after=132.4
  [UPDATE Y] child: div, content_height=160.4, margin.bottom=3.0, total_height=163.4, y after=224.6
  [UPDATE Y] child: div, content_height=258.6, margin.bottom=5.0, total_height=263.6, y after=364.1
[LAYOUT] Child element: div (parent: body)
  parent.content: x=20.0, y=20.0
  parent.padding: left=20.0, top=20.0
  child.margin: left=0.0, top=0.0
  y (accumulated): 4642.3
  child.content: x=20.0 (was 20.0), y=4662.3 (was 4642.3)
  [UPDATE Y] child: div, content_height=413.1, margin.bottom=0.0, total_height=413.1, y after=5055.4
[LAYOUT] Child element: text (parent: body)
  parent.content: x=20.0, y=20.0
  parent.padding: left=20.0, top=20.0
  child.margin: left=0.0, top=0.0
  y (accumulated): 5055.4
  child.content: x=20.0 (was 20.0), y=5075.4 (was 5055.4)
  [UPDATE Y] child: text, content_height=0.0, margin.bottom=0.0, total_height=0.0, y after=5055.4
[LAYOUT] Child element: div (parent: body)
  parent.content: x=20.0, y=20.0
  parent.padding: left=20.0, top=20.0
  child.margin: left=0.0, top=0.0
  y (accumulated): 5055.4
  child.content: x=20.0 (was 20.0), y=5075.4 (was 5055.4)
  [UPDATE Y] child: div, content_height=405.5, margin.bottom=0.0, total_height=405.5, y after=5460.9
[LAYOUT] Child element: text (parent: body)
  parent.content: x=20.0, y=20.0
  parent.padding: left=20.0, top=20.0
  child.margin: left=0.0, top=0.0
  y (accumulated): 5460.9
  child.content: x=20.0 (was 20.0), y=5480.9 (was 5460.9)
  [UPDATE Y] child: text, content_height=0.0, margin.bottom=0.0, total_height=0.0, y after=5460.9
  [UPDATE Y] child: div, content_height=222.4, margin.bottom=0.0, total_height=222.4, y after=222.4
  [UPDATE Y] child: div, content_height=91.2, margin.bottom=0.0, total_height=91.2, y after=245.4
  [UPDATE Y] child: div, content_height=294.4, margin.bottom=0.0, total_height=294.4, y after=516.8
  [UPDATE Y] child: div, content_height=516.8, margin.bottom=0.0, total_height=516.8, y after=622.3
  [UPDATE Y] child: div, content_height=115.2, margin.bottom=0.0, total_height=115.2, y after=737.5
[LAYOUT] Child element: div (parent: body)
  parent.content: x=20.0, y=20.0
  parent.padding: left=20.0, top=20.0
  child.margin: left=0.0, top=0.0
  y (accumulated): 5460.9
  child.content: x=20.0 (was 20.0), y=5480.9 (was 5460.9)
  [UPDATE Y] child: div, content_height=803.5, margin.bottom=0.0, total_height=803.5, y after=6264.4
[LAYOUT] Child element: text (parent: body)
  parent.content: x=20.0, y=20.0
  parent.padding: left=20.0, top=20.0
  child.margin: left=0.0, top=0.0
  y (accumulated): 6264.4
  child.content: x=20.0 (was 20.0), y=6284.4 (was 6264.4)
  [UPDATE Y] child: text, content_height=0.0, margin.bottom=0.0, total_height=0.0, y after=6264.4
[LAYOUT] Child element: div (parent: body)
  parent.content: x=20.0, y=20.0
  parent.padding: left=20.0, top=20.0
  child.margin: left=0.0, top=30.0
  y (accumulated): 6264.4
  child.content: x=20.0 (was 20.0), y=6314.4 (was 6294.4)
  [UPDATE Y] child: div, content_height=182.4, margin.bottom=0.0, total_height=182.4, y after=6446.8
[LAYOUT] Child element: body (parent: html)
  parent.content: x=20.0, y=20.0
  parent.padding: left=0.0, top=0.0
  child.margin: left=0.0, top=0.0
  y (accumulated): 0.0
  child.content: x=20.0 (was 20.0), y=20.0 (was 20.0)
  [UPDATE Y] child: body, content_height=6506.8, margin.bottom=0.0, total_height=6506.8, y after=6506.8
[LAYOUT] Element: body, is_root: false
  margin: top=0.0, right=0.0, bottom=0.0, left=0.0
  padding: top=20.0, right=20.0, bottom=20.0, left=20.0
  content: x=20.0, y=20.0, width=1120.0, height=6466.8
  containing_block: width=1160.0, height=6506.8
[LAYOUT WARNING] html.content is not (0, 0): x=20.0, y=20.0
[CONTAINING BLOCK] body.content.width=1120.0, child_containing_block.width=1120.0
[WIDTH DEBUG] h1: containing_block.width=1120.0, available_width=1120.0, calculated_width=1116.0
[LAYOUT] Child element: h1 (parent: body)
  parent.content: x=20.0, y=20.0
  parent.padding: left=20.0, top=20.0
  child.margin: left=0.0, top=21.4
  y (accumulated): 20.0
  child.content: x=20.0 (was 20.0), y=61.4 (was 61.4)
  [UPDATE Y] child: h1, content_height=50.0, margin.bottom=21.4, total_height=71.4, y after=91.4
[LAYOUT] Child element: text (parent: body)
  parent.content: x=20.0, y=20.0
  parent.padding: left=20.0, top=20.0
  child.margin: left=0.0, top=0.0
  y (accumulated): 91.4
  child.content: x=20.0 (was 20.0), y=111.4 (was 111.4)
  [UPDATE Y] child: text, content_height=0.0, margin.bottom=0.0, total_height=0.0, y after=91.4
[WIDTH DEBUG] h1: containing_block.width=1086.0, available_width=1086.0, calculated_width=1086.0
[LAYOUT] Child element: h1 (parent: div)
  parent.content: x=20.0, y=111.4
  parent.padding: left=15.0, top=15.0
  child.margin: left=0.0, top=16.1
  y (accumulated): 15.0
  child.content: x=15.0 (was 15.0), y=142.5 (was 122.5)
  [UPDATE Y] child: h1, content_height=62.1, margin.bottom=16.1, total_height=78.2, y after=93.2
  [UPDATE Y] child: div, content_height=96.0, margin.bottom=0.0, total_height=96.0, y after=301.2
[LAYOUT] Child element: div (parent: body)
  parent.content: x=20.0, y=20.0
  parent.padding: left=20.0, top=20.0
  child.margin: left=0.0, top=0.0
  y (accumulated): 91.4
  child.content: x=20.0 (was 20.0), y=111.4 (was 111.4)
  [UPDATE Y] child: div, content_height=350.2, margin.bottom=0.0, total_height=350.2, y after=441.6
[LAYOUT] Child element: text (parent: body)
  parent.content: x=20.0, y=20.0
  parent.padding: left=20.0, top=20.0
  child.margin: left=0.0, top=0.0
  y (accumulated): 441.6
  child.content: x=20.0 (was 20.0), y=461.6 (was 461.6)
  [UPDATE Y] child: text, content_height=0.0, margin.bottom=0.0, total_height=0.0, y after=441.6
[LAYOUT] Child element: div (parent: body)
  parent.content: x=20.0, y=20.0
  parent.padding: left=20.0, top=20.0
  child.margin: left=0.0, top=0.0
  y (accumulated): 441.6
  child.content: x=20.0 (was 20.0), y=461.6 (was 461.6)
  [UPDATE Y] child: div, content_height=329.4, margin.bottom=0.0, total_height=329.4, y after=771.0
[LAYOUT] Child element: text (parent: body)
  parent.content: x=20.0, y=20.0
  parent.padding: left=20.0, top=20.0
  child.margin: left=0.0, top=0.0
  y (accumulated): 771.0
  child.content: x=20.0 (was 20.0), y=791.0 (was 791.0)
  [UPDATE Y] child: text, content_height=0.0, margin.bottom=0.0, total_height=0.0, y after=771.0
  [UPDATE Y] child: div, content_height=59.2, margin.bottom=5.0, total_height=64.2, y after=138.2
  [UPDATE Y] child: div, content_height=59.2, margin.bottom=5.0, total_height=64.2, y after=202.4
[LAYOUT] Child element: div (parent: body)
  parent.content: x=20.0, y=20.0
  parent.padding: left=20.0, top=20.0
  child.margin: left=0.0, top=0.0
  y (accumulated): 771.0
  child.content: x=20.0 (was 20.0), y=791.0 (was 791.0)
  [UPDATE Y] child: div, content_height=334.0, margin.bottom=0.0, total_height=334.0, y after=1105.0
[LAYOUT] Child element: text (parent: body)
  parent.content: x=20.0, y=20.0
  parent.padding: left=20.0, top=20.0
  child.margin: left=0.0, top=0.0
  y (accumulated): 1105.0
  child.content: x=20.0 (was 20.0), y=1125.0 (was 1125.0)
  [UPDATE Y] child: text, content_height=0.0, margin.bottom=0.0, total_height=0.0, y after=1105.0
  [UPDATE Y] child: div, content_height=59.2, margin.bottom=0.0, total_height=59.2, y after=267.8
[LAYOUT] Child element: div (parent: body)
  parent.content: x=20.0, y=20.0
  parent.padding: left=20.0, top=20.0
  child.margin: left=0.0, top=0.0
  y (accumulated): 1105.0
  child.content: x=20.0 (was 20.0), y=1125.0 (was 1125.0)
  [UPDATE Y] child: div, content_height=336.8, margin.bottom=0.0, total_height=336.8, y after=1441.8
[LAYOUT] Child element: text (parent: body)
  parent.content: x=20.0, y=20.0
  parent.padding: left=20.0, top=20.0
  child.margin: left=0.0, top=0.0
  y (accumulated): 1441.8
  child.content: x=20.0 (was 20.0), y=1461.8 (was 1461.8)
  [UPDATE Y] child: text, content_height=0.0, margin.bottom=0.0, total_height=0.0, y after=1441.8
  [UPDATE Y] child: div, content_height=99.2, margin.bottom=5.0, total_height=104.2, y after=119.2
  [UPDATE Y] child: div, content_height=99.2, margin.bottom=5.0, total_height=104.2, y after=223.4
  [UPDATE Y] child: div, content_height=99.2, margin.bottom=5.0, total_height=104.2, y after=327.6
  [UPDATE Y] child: div, content_height=99.2, margin.bottom=5.0, total_height=104.2, y after=431.8
  [UPDATE Y] child: div, content_height=99.2, margin.bottom=5.0, total_height=104.2, y after=536.0
  [UPDATE Y] child: div, content_height=585.0, margin.bottom=0.0, total_height=585.0, y after=697.1
  [UPDATE Y] child: div, content_height=99.2, margin.bottom=5.0, total_height=104.2, y after=119.2
  [UPDATE Y] child: div, content_height=99.2, margin.bottom=5.0, total_height=104.2, y after=223.4
  [UPDATE Y] child: div, content_height=99.2, margin.bottom=5.0, total_height=104.2, y after=327.6
  [UPDATE Y] child: div, content_height=334.0, margin.bottom=0.0, total_height=334.0, y after=1031.1
[LAYOUT] Child element: div (parent: body)
  parent.content: x=20.0, y=20.0
  parent.padding: left=20.0, top=20.0
  child.margin: left=0.0, top=0.0
  y (accumulated): 1441.8
  child.content: x=20.0 (was 20.0), y=1461.8 (was 1461.8)
  [UPDATE Y] child: div, content_height=1031.1, margin.bottom=0.0, total_height=1031.1, y after=2472.8
[LAYOUT] Child element: text (parent: body)
  parent.content: x=20.0, y=20.0
  parent.padding: left=20.0, top=20.0
  child.margin: left=0.0, top=0.0
  y (accumulated): 2472.8
  child.content: x=20.0 (was 20.0), y=2492.8 (was 2492.8)
  [UPDATE Y] child: text, content_height=0.0, margin.bottom=0.0, total_height=0.0, y after=2472.8
  [UPDATE Y] child: div, content_height=79.2, margin.bottom=0.0, total_height=79.2, y after=94.2
  [UPDATE Y] child: div, content_height=79.2, margin.bottom=0.0, total_height=79.2, y after=173.4
  [UPDATE Y] child: div, content_height=79.2, margin.bottom=0.0, total_height=79.2, y after=252.6
  [UPDATE Y] child: div, content_height=79.2, margin.bottom=0.0, total_height=79.2, y after=331.8
  [UPDATE Y] child: div, content_height=79.2, margin.bottom=0.0, total_height=79.2, y after=411.0
  [UPDATE Y] child: div, content_height=79.2, margin.bottom=0.0, total_height=79.2, y after=490.2
  [UPDATE Y] child: div, content_height=79.2, margin.bottom=0.0, total_height=79.2, y after=569.4
  [UPDATE Y] child: div, content_height=79.2, margin.bottom=0.0, total_height=79.2, y after=648.6
  [UPDATE Y] child: div, content_height=697.6, margin.bottom=0.0, total_height=697.6, y after=809.7
[LAYOUT] Child element: div (parent: body)
  parent.content: x=20.0, y=20.0
  parent.padding: left=20.0, top=20.0
  child.margin: left=0.0, top=0.0
  y (accumulated): 2472.8
  child.content: x=20.0 (was 20.0), y=2492.8 (was 2492.8)
  [UPDATE Y] child: div, content_height=809.7, margin.bottom=0.0, total_height=809.7, y after=3282.5
[LAYOUT] Child element: text (parent: body)
  parent.content: x=20.0, y=20.0
  parent.padding: left=20.0, top=20.0
  child.margin: left=0.0, top=0.0
  y (accumulated): 3282.5
  child.content: x=20.0 (was 20.0), y=3302.5 (was 3302.5)
  [UPDATE Y] child: text, content_height=0.0, margin.bottom=0.0, total_height=0.0, y after=3282.5
[LAYOUT] Child element: div (parent: body)
  parent.content: x=20.0, y=20.0
  parent.padding: left=20.0, top=20.0
  child.margin: left=0.0, top=0.0
  y (accumulated): 3282.5
  child.content: x=20.0 (was 20.0), y=3302.5 (was 3302.5)
  [UPDATE Y] child: div, content_height=405.5, margin.bottom=0.0, total_height=405.5, y after=3688.0
[LAYOUT] Child element: text (parent: body)
  parent.content: x=20.0, y=20.0
  parent.padding: left=20.0, top=20.0
  child.margin: left=0.0, top=0.0
  y (accumulated): 3688.0
  child.content: x=20.0 (was 20.0), y=3708.0 (was 3708.0)
  [UPDATE Y] child: text, content_height=0.0, margin.bottom=0.0, total_height=0.0, y after=3688.0
[LAYOUT] Child element: div (parent: body)
  parent.content: x=20.0, y=20.0
  parent.padding: left=20.0, top=20.0
  child.margin: left=0.0, top=0.0
  y (accumulated): 3688.0
  child.content: x=20.0 (was 20.0), y=3708.0 (was 3708.0)
  [UPDATE Y] child: div, content_height=610.3, margin.bottom=0.0, total_height=610.3, y after=4298.4
[LAYOUT] Child element: text (parent: body)
  parent.content: x=20.0, y=20.0
  parent.padding: left=20.0, top=20.0
  child.margin: left=0.0, top=0.0
  y (accumulated): 4298.4
  child.content: x=20.0 (was 20.0), y=4318.4 (was 4318.4)
  [UPDATE Y] child: text, content_height=0.0, margin.bottom=0.0, total_height=0.0, y after=4298.4
  [UPDATE Y] child: div, content_height=117.2, margin.bottom=0.0, total_height=117.2, y after=273.9
[LAYOUT] Child element: div (parent: body)
  parent.content: x=20.0, y=20.0
  parent.padding: left=20.0, top=20.0
  child.margin: left=0.0, top=0.0
  y (accumulated): 4298.4
  child.content: x=20.0 (was 20.0), y=4318.4 (was 4318.4)
  [UPDATE Y] child: div, content_height=343.9, margin.bottom=0.0, total_height=343.9, y after=4642.3
[LAYOUT] Child element: text (parent: body)
  parent.content: x=20.0, y=20.0
  parent.padding: left=20.0, top=20.0
  child.margin: left=0.0, top=0.0
  y (accumulated): 4642.3
  child.content: x=20.0 (was 20.0), y=4662.3 (was 4662.3)
  [UPDATE Y] child: text, content_height=0.0, margin.bottom=0.0, total_height=0.0, y after=4642.3
  [UPDATE Y] child: div, content_height=71.2, margin.bottom=2.0, total_height=73.2, y after=132.4
  [UPDATE Y] child: div, content_height=160.4, margin.bottom=3.0, total_height=163.4, y after=224.6
  [UPDATE Y] child: div, content_height=258.6, margin.bottom=5.0, total_height=263.6, y after=364.1
[LAYOUT] Child element: div (parent: body)
  parent.content: x=20.0, y=20.0
  parent.padding: left=20.0, top=20.0
  child.margin: left=0.0, top=0.0
  y (accumulated): 4642.3
  child.content: x=20.0 (was 20.0), y=4662.3 (was 4662.3)
  [UPDATE Y] child: div, content_height=413.1, margin.bottom=0.0, total_height=413.1, y after=5055.4
[LAYOUT] Child element: text (parent: body)
  parent.content: x=20.0, y=20.0
  parent.padding: left=20.0, top=20.0
  child.margin: left=0.0, top=0.0
  y (accumulated): 5055.4
  child.content: x=20.0 (was 20.0), y=5075.4 (was 5075.4)
  [UPDATE Y] child: text, content_height=0.0, margin.bottom=0.0, total_height=0.0, y after=5055.4
[LAYOUT] Child element: div (parent: body)
  parent.content: x=20.0, y=20.0
  parent.padding: left=20.0, top=20.0
  child.margin: left=0.0, top=0.0
  y (accumulated): 5055.4
  child.content: x=20.0 (was 20.0), y=5075.4 (was 5075.4)
  [UPDATE Y] child: div, content_height=405.5, margin.bottom=0.0, total_height=405.5, y after=5460.9
[LAYOUT] Child element: text (parent: body)
  parent.content: x=20.0, y=20.0
  parent.padding: left=20.0, top=20.0
  child.margin: left=0.0, top=0.0
  y (accumulated): 5460.9
  child.content: x=20.0 (was 20.0), y=5480.9 (was 5480.9)
  [UPDATE Y] child: text, content_height=0.0, margin.bottom=0.0, total_height=0.0, y after=5460.9
  [UPDATE Y] child: div, content_height=222.4, margin.bottom=0.0, total_height=222.4, y after=222.4
  [UPDATE Y] child: div, content_height=91.2, margin.bottom=0.0, total_height=91.2, y after=245.4
  [UPDATE Y] child: div, content_height=294.4, margin.bottom=0.0, total_height=294.4, y after=516.8
  [UPDATE Y] child: div, content_height=516.8, margin.bottom=0.0, total_height=516.8, y after=622.3
  [UPDATE Y] child: div, content_height=115.2, margin.bottom=0.0, total_height=115.2, y after=737.5
[LAYOUT] Child element: div (parent: body)
  parent.content: x=20.0, y=20.0
  parent.padding: left=20.0, top=20.0
  child.margin: left=0.0, top=0.0
  y (accumulated): 5460.9
  child.content: x=20.0 (was 20.0), y=5480.9 (was 5480.9)
  [UPDATE Y] child: div, content_height=803.5, margin.bottom=0.0, total_height=803.5, y after=6264.4
[LAYOUT] Child element: text (parent: body)
  parent.content: x=20.0, y=20.0
  parent.padding: left=20.0, top=20.0
  child.margin: left=0.0, top=0.0
  y (accumulated): 6264.4
  child.content: x=20.0 (was 20.0), y=6284.4 (was 6284.4)
  [UPDATE Y] child: text, content_height=0.0, margin.bottom=0.0, total_height=0.0, y after=6264.4
[LAYOUT] Child element: div (parent: body)
  parent.content: x=20.0, y=20.0
  parent.padding: left=20.0, top=20.0
  child.margin: left=0.0, top=30.0
  y (accumulated): 6264.4
  child.content: x=20.0 (was 20.0), y=6314.4 (was 6314.4)
  [UPDATE Y] child: div, content_height=182.4, margin.bottom=0.0, total_height=182.4, y after=6446.8
[WIDTH DEBUG] h1: containing_block.width=1120.0, available_width=1120.0, calculated_width=1116.0
[WIDTH DEBUG] h1: containing_block.width=1086.0, available_width=1086.0, calculated_width=1086.0
[LAYOUT] Child element: h1 (parent: div)
  parent.content: x=20.0, y=111.4
  parent.padding: left=15.0, top=15.0
  child.margin: left=0.0, top=16.1
  y (accumulated): 15.0
  child.content: x=15.0 (was 15.0), y=142.5 (was 142.5)
  [UPDATE Y] child: h1, content_height=62.1, margin.bottom=16.1, total_height=78.2, y after=93.2
  [UPDATE Y] child: div, content_height=96.0, margin.bottom=0.0, total_height=96.0, y after=301.2
[WIDTH DEBUG] h1: containing_block.width=1086.0, available_width=1086.0, calculated_width=1086.0
  [UPDATE Y] child: div, content_height=59.2, margin.bottom=5.0, total_height=64.2, y after=138.2
  [UPDATE Y] child: div, content_height=59.2, margin.bottom=5.0, total_height=64.2, y after=202.4
  [UPDATE Y] child: div, content_height=59.2, margin.bottom=0.0, total_height=59.2, y after=267.8
  [UPDATE Y] child: div, content_height=99.2, margin.bottom=5.0, total_height=104.2, y after=119.2
  [UPDATE Y] child: div, content_height=99.2, margin.bottom=5.0, total_height=104.2, y after=223.4
  [UPDATE Y] child: div, content_height=99.2, margin.bottom=5.0, total_height=104.2, y after=327.6
  [UPDATE Y] child: div, content_height=99.2, margin.bottom=5.0, total_height=104.2, y after=431.8
  [UPDATE Y] child: div, content_height=99.2, margin.bottom=5.0, total_height=104.2, y after=536.0
  [UPDATE Y] child: div, content_height=585.0, margin.bottom=0.0, total_height=585.0, y after=697.1
  [UPDATE Y] child: div, content_height=99.2, margin.bottom=5.0, total_height=104.2, y after=119.2
  [UPDATE Y] child: div, content_height=99.2, margin.bottom=5.0, total_height=104.2, y after=223.4
  [UPDATE Y] child: div, content_height=99.2, margin.bottom=5.0, total_height=104.2, y after=327.6
  [UPDATE Y] child: div, content_height=334.0, margin.bottom=0.0, total_height=334.0, y after=1031.1
  [UPDATE Y] child: div, content_height=79.2, margin.bottom=0.0, total_height=79.2, y after=94.2
  [UPDATE Y] child: div, content_height=79.2, margin.bottom=0.0, total_height=79.2, y after=173.4
  [UPDATE Y] child: div, content_height=79.2, margin.bottom=0.0, total_height=79.2, y after=252.6
  [UPDATE Y] child: div, content_height=79.2, margin.bottom=0.0, total_height=79.2, y after=331.8
  [UPDATE Y] child: div, content_height=79.2, margin.bottom=0.0, total_height=79.2, y after=411.0
  [UPDATE Y] child: div, content_height=79.2, margin.bottom=0.0, total_height=79.2, y after=490.2
  [UPDATE Y] child: div, content_height=79.2, margin.bottom=0.0, total_height=79.2, y after=569.4
  [UPDATE Y] child: div, content_height=79.2, margin.bottom=0.0, total_height=79.2, y after=648.6
  [UPDATE Y] child: div, content_height=697.6, margin.bottom=0.0, total_height=697.6, y after=809.7
  [UPDATE Y] child: div, content_height=117.2, margin.bottom=0.0, total_height=117.2, y after=273.9
  [UPDATE Y] child: div, content_height=71.2, margin.bottom=2.0, total_height=73.2, y after=132.4
  [UPDATE Y] child: div, content_height=160.4, margin.bottom=3.0, total_height=163.4, y after=224.6
  [UPDATE Y] child: div, content_height=258.6, margin.bottom=5.0, total_height=263.6, y after=364.1
  [UPDATE Y] child: div, content_height=71.2, margin.bottom=2.0, total_height=73.2, y after=132.4
  [UPDATE Y] child: div, content_height=160.4, margin.bottom=3.0, total_height=163.4, y after=224.6
  [UPDATE Y] child: div, content_height=71.2, margin.bottom=2.0, total_height=73.2, y after=132.4
  [UPDATE Y] child: div, content_height=222.4, margin.bottom=0.0, total_height=222.4, y after=222.4
  [UPDATE Y] child: div, content_height=91.2, margin.bottom=0.0, total_height=91.2, y after=245.4
  [UPDATE Y] child: div, content_height=294.4, margin.bottom=0.0, total_height=294.4, y after=516.8
  [UPDATE Y] child: div, content_height=516.8, margin.bottom=0.0, total_height=516.8, y after=622.3
  [UPDATE Y] child: div, content_height=115.2, margin.bottom=0.0, total_height=115.2, y after=737.5
[STYLE] h1 font-size parsed: 32.0px
[STYLE] p font-size parsed: 32.0px
[LAYOUT] Element: html, is_root: true
  margin: top=0.0, right=0.0, bottom=0.0, left=0.0
  padding: top=0.0, right=0.0, bottom=0.0, left=0.0
  content: x=0.0, y=0.0, width=1200.0, height=0.0
  containing_block: width=1200.0, height=800.0
[LAYOUT] Root element (html) position set to (0, 0)
[LAYOUT] Element: body, is_root: false
  margin: top=0.0, right=0.0, bottom=0.0, left=0.0
  padding: top=20.0, right=20.0, bottom=20.0, left=20.0
  content: x=0.0, y=0.0, width=1160.0, height=0.0
  containing_block: width=1200.0, height=800.0
[LAYOUT] Body element position set: x=0.0, y=0.0 (margin: left=0.0, top=0.0)
[LAYOUT] Element: html, is_root: false
  margin: top=0.0, right=0.0, bottom=0.0, left=0.0
  padding: top=0.0, right=0.0, bottom=0.0, left=0.0
  content: x=0.0, y=0.0, width=1160.0, height=0.0
  containing_block: width=1160.0, height=800.0
[LAYOUT] Element: body, is_root: false
  margin: top=0.0, right=0.0, bottom=0.0, left=0.0
  padding: top=20.0, right=20.0, bottom=20.0, left=20.0
  content: x=0.0, y=0.0, width=1120.0, height=0.0
  containing_block: width=1160.0, height=800.0
[LAYOUT] Body element position set: x=0.0, y=0.0 (margin: left=0.0, top=0.0)
[CONTAINING BLOCK] body.content.width=1120.0, child_containing_block.width=1120.0
[WIDTH DEBUG] h1: containing_block.width=1120.0, available_width=1120.0, calculated_width=1120.0
  [TEXT HEIGHT] text: "ZBrowser功能测试...", font_size=32.0, line_height=46.0, height=46.0
[LAYOUT] Child element: h1 (parent: body)
  parent.content: x=0.0, y=0.0
  parent.padding: left=20.0, top=20.0
  child.margin: left=0.0, top=21.4
  y (accumulated): 20.0
  child.content: x=20.0 (was 0.0), y=41.4 (was 0.0)
  [UPDATE Y] child: h1, content_height=50.0, margin.bottom=21.4, total_height=71.4, y after=91.4
[LAYOUT] Child element: text (parent: body)
  parent.content: x=0.0, y=0.0
  parent.padding: left=20.0, top=20.0
  child.margin: left=0.0, top=0.0
  y (accumulated): 91.4
  child.content: x=20.0 (was 0.0), y=91.4 (was 0.0)
  [UPDATE Y] child: text, content_height=0.0, margin.bottom=0.0, total_height=0.0, y after=91.4
[WIDTH DEBUG] h1: containing_block.width=1086.0, available_width=1086.0, calculated_width=1086.0
  [TEXT HEIGHT] text: "块级布局测试...", font_size=32.0, line_height=46.0, height=46.0
[LAYOUT] Child element: h1 (parent: div)
  parent.content: x=0.0, y=0.0
  parent.padding: left=15.0, top=15.0
  child.margin: left=0.0, top=16.1
  y (accumulated): 15.0
  child.content: x=15.0 (was 0.0), y=31.1 (was 0.0)
  [UPDATE Y] child: h1, content_height=62.1, margin.bottom=16.1, total_height=78.2, y after=93.2
  [TEXT HEIGHT] text: "这是一个块级�...", font_size=16.0, line_height=24.0, height=24.0
  [TEXT HEIGHT] text: "这是另一个段�...", font_size=16.0, line_height=24.0, height=24.0
  [TEXT HEIGHT] text: "嵌套的div块级�...", font_size=16.0, line_height=24.0, height=24.0
  [UPDATE Y] child: div, content_height=96.0, margin.bottom=0.0, total_height=96.0, y after=301.2
[LAYOUT] Child element: div (parent: body)
  parent.content: x=0.0, y=0.0
  parent.padding: left=20.0, top=20.0
  child.margin: left=0.0, top=0.0
  y (accumulated): 91.4
  child.content: x=20.0 (was 0.0), y=91.4 (was 0.0)
  [UPDATE Y] child: div, content_height=350.2, margin.bottom=0.0, total_height=350.2, y after=441.6
[LAYOUT] Child element: text (parent: body)
  parent.content: x=0.0, y=0.0
  parent.padding: left=20.0, top=20.0
  child.margin: left=0.0, top=0.0
  y (accumulated): 441.6
  child.content: x=20.0 (was 0.0), y=441.6 (was 0.0)
  [UPDATE Y] child: text, content_height=0.0, margin.bottom=0.0, total_height=0.0, y after=441.6
  [TEXT HEIGHT] text: "
      这是行内�...", font_size=16.0, line_height=19.2, height=19.2
  [TEXT HEIGHT] text: "行内元素不会�...", font_size=16.0, line_height=19.2, height=19.2
[LAYOUT] Child element: div (parent: body)
  parent.content: x=0.0, y=0.0
  parent.padding: left=20.0, top=20.0
  child.margin: left=0.0, top=0.0
  y (accumulated): 441.6
  child.content: x=20.0 (was 0.0), y=441.6 (was 0.0)
  [UPDATE Y] child: div, content_height=329.4, margin.bottom=0.0, total_height=329.4, y after=771.0
[LAYOUT] Child element: text (parent: body)
  parent.content: x=0.0, y=0.0
  parent.padding: left=20.0, top=20.0
  child.margin: left=0.0, top=0.0
  y (accumulated): 771.0
  child.content: x=20.0 (was 0.0), y=771.0 (was 0.0)
  [UPDATE Y] child: text, content_height=0.0, margin.bottom=0.0, total_height=0.0, y after=771.0
  [UPDATE Y] child: div, content_height=59.2, margin.bottom=5.0, total_height=64.2, y after=138.2
  [UPDATE Y] child: div, content_height=59.2, margin.bottom=5.0, total_height=64.2, y after=202.4
[LAYOUT] Child element: div (parent: body)
  parent.content: x=0.0, y=0.0
  parent.padding: left=20.0, top=20.0
  child.margin: left=0.0, top=0.0
  y (accumulated): 771.0
  child.content: x=20.0 (was 0.0), y=771.0 (was 0.0)
  [UPDATE Y] child: div, content_height=334.0, margin.bottom=0.0, total_height=334.0, y after=1105.0
[LAYOUT] Child element: text (parent: body)
  parent.content: x=0.0, y=0.0
  parent.padding: left=20.0, top=20.0
  child.margin: left=0.0, top=0.0
  y (accumulated): 1105.0
  child.content: x=20.0 (was 0.0), y=1105.0 (was 0.0)
  [UPDATE Y] child: text, content_height=0.0, margin.bottom=0.0, total_height=0.0, y after=1105.0
  [TEXT HEIGHT] text: "左浮动元素...", font_size=16.0, line_height=19.2, height=19.2
  [TEXT HEIGHT] text: "这个元素会浮�...", font_size=16.0, line_height=19.2, height=19.2
  [TEXT HEIGHT] text: "右浮动元素...", font_size=16.0, line_height=19.2, height=19.2
  [TEXT HEIGHT] text: "这个元素会浮�...", font_size=16.0, line_height=19.2, height=19.2
  [TEXT HEIGHT] text: "这是正常流中�...", font_size=16.0, line_height=19.2, height=19.2
  [UPDATE Y] child: div, content_height=59.2, margin.bottom=0.0, total_height=59.2, y after=287.8
[LAYOUT] Child element: div (parent: body)
  parent.content: x=0.0, y=0.0
  parent.padding: left=20.0, top=20.0
  child.margin: left=0.0, top=0.0
  y (accumulated): 1105.0
  child.content: x=20.0 (was 0.0), y=1105.0 (was 0.0)
  [UPDATE Y] child: div, content_height=336.8, margin.bottom=0.0, total_height=336.8, y after=1441.8
[LAYOUT] Child element: text (parent: body)
  parent.content: x=0.0, y=0.0
  parent.padding: left=20.0, top=20.0
  child.margin: left=0.0, top=0.0
  y (accumulated): 1441.8
  child.content: x=20.0 (was 0.0), y=1441.8 (was 0.0)
  [UPDATE Y] child: text, content_height=0.0, margin.bottom=0.0, total_height=0.0, y after=1441.8
  [UPDATE Y] child: div, content_height=99.2, margin.bottom=5.0, total_height=104.2, y after=119.2
  [UPDATE Y] child: div, content_height=99.2, margin.bottom=5.0, total_height=104.2, y after=223.4
  [UPDATE Y] child: div, content_height=99.2, margin.bottom=5.0, total_height=104.2, y after=327.6
  [UPDATE Y] child: div, content_height=99.2, margin.bottom=5.0, total_height=104.2, y after=431.8
  [UPDATE Y] child: div, content_height=99.2, margin.bottom=5.0, total_height=104.2, y after=536.0
  [UPDATE Y] child: div, content_height=585.0, margin.bottom=0.0, total_height=585.0, y after=697.1
  [UPDATE Y] child: div, content_height=99.2, margin.bottom=5.0, total_height=104.2, y after=119.2
  [UPDATE Y] child: div, content_height=99.2, margin.bottom=5.0, total_height=104.2, y after=223.4
  [UPDATE Y] child: div, content_height=99.2, margin.bottom=5.0, total_height=104.2, y after=327.6
  [UPDATE Y] child: div, content_height=334.0, margin.bottom=0.0, total_height=334.0, y after=1031.1
[LAYOUT] Child element: div (parent: body)
  parent.content: x=0.0, y=0.0
  parent.padding: left=20.0, top=20.0
  child.margin: left=0.0, top=0.0
  y (accumulated): 1441.8
  child.content: x=20.0 (was 0.0), y=1441.8 (was 0.0)
  [UPDATE Y] child: div, content_height=1031.1, margin.bottom=0.0, total_height=1031.1, y after=2472.8
[LAYOUT] Child element: text (parent: body)
  parent.content: x=0.0, y=0.0
  parent.padding: left=20.0, top=20.0
  child.margin: left=0.0, top=0.0
  y (accumulated): 2472.8
  child.content: x=20.0 (was 0.0), y=2472.8 (was 0.0)
  [UPDATE Y] child: text, content_height=0.0, margin.bottom=0.0, total_height=0.0, y after=2472.8
  [UPDATE Y] child: div, content_height=79.2, margin.bottom=0.0, total_height=79.2, y after=94.2
  [UPDATE Y] child: div, content_height=79.2, margin.bottom=0.0, total_height=79.2, y after=173.4
  [UPDATE Y] child: div, content_height=79.2, margin.bottom=0.0, total_height=79.2, y after=252.6
  [UPDATE Y] child: div, content_height=79.2, margin.bottom=0.0, total_height=79.2, y after=331.8
  [UPDATE Y] child: div, content_height=79.2, margin.bottom=0.0, total_height=79.2, y after=411.0
  [UPDATE Y] child: div, content_height=79.2, margin.bottom=0.0, total_height=79.2, y after=490.2
  [UPDATE Y] child: div, content_height=79.2, margin.bottom=0.0, total_height=79.2, y after=569.4
  [UPDATE Y] child: div, content_height=79.2, margin.bottom=0.0, total_height=79.2, y after=648.6
  [UPDATE Y] child: div, content_height=697.6, margin.bottom=0.0, total_height=697.6, y after=809.7
[LAYOUT] Child element: div (parent: body)
  parent.content: x=0.0, y=0.0
  parent.padding: left=20.0, top=20.0
  child.margin: left=0.0, top=0.0
  y (accumulated): 2472.8
  child.content: x=20.0 (was 0.0), y=2472.8 (was 0.0)
  [UPDATE Y] child: div, content_height=809.7, margin.bottom=0.0, total_height=809.7, y after=3282.5
[LAYOUT] Child element: text (parent: body)
  parent.content: x=0.0, y=0.0
  parent.padding: left=20.0, top=20.0
  child.margin: left=0.0, top=0.0
  y (accumulated): 3282.5
  child.content: x=20.0 (was 0.0), y=3282.5 (was 0.0)
  [UPDATE Y] child: text, content_height=0.0, margin.bottom=0.0, total_height=0.0, y after=3282.5
  [TEXT HEIGHT] text: "大号文本（32px�...", font_size=16.0, line_height=19.2, height=19.2
  [TEXT HEIGHT] text: "中等文本（20px�...", font_size=16.0, line_height=19.2, height=19.2
  [TEXT HEIGHT] text: "小号文本（12px�...", font_size=16.0, line_height=19.2, height=19.2
  [TEXT HEIGHT] text: "下划线文本...", font_size=16.0, line_height=19.2, height=19.2
  [TEXT HEIGHT] text: "删除线文本...", font_size=16.0, line_height=19.2, height=19.2
[LAYOUT] Child element: div (parent: body)
  parent.content: x=0.0, y=0.0
  parent.padding: left=20.0, top=20.0
  child.margin: left=0.0, top=0.0
  y (accumulated): 3282.5
  child.content: x=20.0 (was 0.0), y=3282.5 (was 0.0)
  [UPDATE Y] child: div, content_height=405.5, margin.bottom=0.0, total_height=405.5, y after=3688.0
[LAYOUT] Child element: text (parent: body)
  parent.content: x=0.0, y=0.0
  parent.padding: left=20.0, top=20.0
  child.margin: left=0.0, top=0.0
  y (accumulated): 3688.0
  child.content: x=20.0 (was 0.0), y=3688.0 (was 0.0)
  [UPDATE Y] child: text, content_height=0.0, margin.bottom=0.0, total_height=0.0, y after=3688.0
  [TEXT HEIGHT] text: "这是一个测试�...", font_size=16.0, line_height=25.6, height=25.6
  [TEXT HEIGHT] text: "這是一個測試�...", font_size=16.0, line_height=25.6, height=25.6
  [TEXT HEIGHT] text: "これはテスト�...", font_size=16.0, line_height=25.6, height=25.6
  [TEXT HEIGHT] text: "이것은 테스트 ...", font_size=16.0, line_height=25.6, height=25.6
  [TEXT HEIGHT] text: "This is a test page ...", font_size=16.0, line_height=25.6, height=25.6
  [TEXT HEIGHT] text: "混合文本 Mixed T...", font_size=16.0, line_height=25.6, height=25.6
[LAYOUT] Child element: div (parent: body)
  parent.content: x=0.0, y=0.0
  parent.padding: left=20.0, top=20.0
  child.margin: left=0.0, top=0.0
  y (accumulated): 3688.0
  child.content: x=20.0 (was 0.0), y=3688.0 (was 0.0)
  [UPDATE Y] child: div, content_height=610.3, margin.bottom=0.0, total_height=610.3, y after=4298.4
[LAYOUT] Child element: text (parent: body)
  parent.content: x=0.0, y=0.0
  parent.padding: left=20.0, top=20.0
  child.margin: left=0.0, top=0.0
  y (accumulated): 4298.4
  child.content: x=20.0 (was 0.0), y=4298.4 (was 0.0)
  [UPDATE Y] child: text, content_height=0.0, margin.bottom=0.0, total_height=0.0, y after=4298.4
  [TEXT HEIGHT] text: "这个区域有实�...", font_size=16.0, line_height=19.2, height=19.2
  [TEXT HEIGHT] text: "这个区域有虚�...", font_size=16.0, line_height=19.2, height=19.2
  [UPDATE Y] child: div, content_height=117.2, margin.bottom=0.0, total_height=117.2, y after=273.9
[LAYOUT] Child element: div (parent: body)
  parent.content: x=0.0, y=0.0
  parent.padding: left=20.0, top=20.0
  child.margin: left=0.0, top=0.0
  y (accumulated): 4298.4
  child.content: x=20.0 (was 0.0), y=4298.4 (was 0.0)
  [UPDATE Y] child: div, content_height=343.9, margin.bottom=0.0, total_height=343.9, y after=4642.3
[LAYOUT] Child element: text (parent: body)
  parent.content: x=0.0, y=0.0
  parent.padding: left=20.0, top=20.0
  child.margin: left=0.0, top=0.0
  y (accumulated): 4642.3
  child.content: x=20.0 (was 0.0), y=4642.3 (was 0.0)
  [UPDATE Y] child: text, content_height=0.0, margin.bottom=0.0, total_height=0.0, y after=4642.3
  [TEXT HEIGHT] text: "第一层嵌套...", font_size=16.0, line_height=19.2, height=19.2
  [TEXT HEIGHT] text: "第二层嵌套...", font_size=16.0, line_height=19.2, height=19.2
  [TEXT HEIGHT] text: "第三层嵌套...", font_size=16.0, line_height=19.2, height=19.2
  [UPDATE Y] child: div, content_height=71.2, margin.bottom=2.0, total_height=73.2, y after=132.4
  [UPDATE Y] child: div, content_height=160.4, margin.bottom=3.0, total_height=163.4, y after=224.6
  [UPDATE Y] child: div, content_height=258.6, margin.bottom=5.0, total_height=263.6, y after=364.1
[LAYOUT] Child element: div (parent: body)
  parent.content: x=0.0, y=0.0
  parent.padding: left=20.0, top=20.0
  child.margin: left=0.0, top=0.0
  y (accumulated): 4642.3
  child.content: x=20.0 (was 0.0), y=4642.3 (was 0.0)
  [UPDATE Y] child: div, content_height=413.1, margin.bottom=0.0, total_height=413.1, y after=5055.4
[LAYOUT] Child element: text (parent: body)
  parent.content: x=0.0, y=0.0
  parent.padding: left=20.0, top=20.0
  child.margin: left=0.0, top=0.0
  y (accumulated): 5055.4
  child.content: x=20.0 (was 0.0), y=5055.4 (was 0.0)
  [UPDATE Y] child: text, content_height=0.0, margin.bottom=0.0, total_height=0.0, y after=5055.4
  [TEXT HEIGHT] text: "HTML实体：<div> &...", font_size=16.0, line_height=19.2, height=19.2
  [TEXT HEIGHT] text: "Unicode字符：© �...", font_size=16.0, line_height=19.2, height=19.2
  [TEXT HEIGHT] text: "数学符号：∑ �...", font_size=16.0, line_height=19.2, height=19.2
  [TEXT HEIGHT] text: "箭头符号：← �...", font_size=16.0, line_height=19.2, height=19.2
  [TEXT HEIGHT] text: "Emoji：😀 😃 �...", font_size=16.0, line_height=19.2, height=19.2
[LAYOUT] Child element: div (parent: body)
  parent.content: x=0.0, y=0.0
  parent.padding: left=20.0, top=20.0
  child.margin: left=0.0, top=0.0
  y (accumulated): 5055.4
  child.content: x=20.0 (was 0.0), y=5055.4 (was 0.0)
  [UPDATE Y] child: div, content_height=405.5, margin.bottom=0.0, total_height=405.5, y after=5460.9
[LAYOUT] Child element: text (parent: body)
  parent.content: x=0.0, y=0.0
  parent.padding: left=20.0, top=20.0
  child.margin: left=0.0, top=0.0
  y (accumulated): 5460.9
  child.content: x=20.0 (was 0.0), y=5460.9 (was 0.0)
  [UPDATE Y] child: text, content_height=0.0, margin.bottom=0.0, total_height=0.0, y after=5460.9
  [TEXT HEIGHT] text: "包含块级和行�...", font_size=16.0, line_height=19.2, height=19.2
  [UPDATE Y] child: div, content_height=222.4, margin.bottom=0.0, total_height=222.4, y after=222.4
  [TEXT HEIGHT] text: "另一个Flex子项�...", font_size=16.0, line_height=19.2, height=19.2
  [TEXT HEIGHT] text: "嵌套的div...", font_size=16.0, line_height=19.2, height=19.2
  [UPDATE Y] child: div, content_height=91.2, margin.bottom=0.0, total_height=91.2, y after=245.4
  [UPDATE Y] child: div, content_height=294.4, margin.bottom=0.0, total_height=294.4, y after=516.8
  [UPDATE Y] child: div, content_height=516.8, margin.bottom=0.0, total_height=516.8, y after=622.3
  [TEXT HEIGHT] text: "相对定位容器...", font_size=16.0, line_height=19.2, height=19.2
  [UPDATE Y] child: div, content_height=115.2, margin.bottom=0.0, total_height=115.2, y after=737.5
[LAYOUT] Child element: div (parent: body)
  parent.content: x=0.0, y=0.0
  parent.padding: left=20.0, top=20.0
  child.margin: left=0.0, top=0.0
  y (accumulated): 5460.9
  child.content: x=20.0 (was 0.0), y=5460.9 (was 0.0)
  [UPDATE Y] child: div, content_height=803.5, margin.bottom=0.0, total_height=803.5, y after=6264.4
[LAYOUT] Child element: text (parent: body)
  parent.content: x=0.0, y=0.0
  parent.padding: left=20.0, top=20.0
  child.margin: left=0.0, top=0.0
  y (accumulated): 6264.4
  child.content: x=20.0 (was 0.0), y=6264.4 (was 0.0)
  [UPDATE Y] child: text, content_height=0.0, margin.bottom=0.0, total_height=0.0, y after=6264.4
  [TEXT HEIGHT] text: "ZBrowser功能测试...", font_size=16.0, line_height=19.2, height=19.2
  [TEXT HEIGHT] text: "包含：块级布�...", font_size=16.0, line_height=19.2, height=19.2
[LAYOUT] Child element: div (parent: body)
  parent.content: x=0.0, y=0.0
  parent.padding: left=20.0, top=20.0
  child.margin: left=0.0, top=30.0
  y (accumulated): 6264.4
  child.content: x=20.0 (was 0.0), y=6294.4 (was 0.0)
  [UPDATE Y] child: div, content_height=182.4, margin.bottom=0.0, total_height=182.4, y after=6446.8
[LAYOUT] Child element: body (parent: html)
  parent.content: x=0.0, y=0.0
  parent.padding: left=0.0, top=0.0
  child.margin: left=0.0, top=0.0
  y (accumulated): 0.0
  child.content: x=0.0 (was 0.0), y=0.0 (was 0.0)
  [UPDATE Y] child: body, content_height=6506.8, margin.bottom=0.0, total_height=6506.8, y after=6506.8
[LAYOUT] Child element: !DOCTYPE (parent: body)
  parent.content: x=0.0, y=0.0
  parent.padding: left=20.0, top=20.0
  child.margin: left=0.0, top=0.0
  y (accumulated): 20.0
  child.content: x=20.0 (was 0.0), y=20.0 (was 0.0)
  [UPDATE Y] child: !DOCTYPE, content_height=6506.8, margin.bottom=0.0, total_height=6506.8, y after=6526.8
[LAYOUT] Child element: body (parent: html)
  parent.content: x=0.0, y=0.0
  parent.padding: left=0.0, top=0.0
  child.margin: left=0.0, top=0.0
  y (accumulated): 0.0
  child.content: x=0.0 (was 0.0), y=0.0 (was 0.0)
  [UPDATE Y] child: body, content_height=6586.8, margin.bottom=0.0, total_height=6586.8, y after=6586.8
[LAYOUT] Element: body, is_root: false
  margin: top=0.0, right=0.0, bottom=0.0, left=0.0
  padding: top=20.0, right=20.0, bottom=20.0, left=20.0
  content: x=0.0, y=0.0, width=1160.0, height=6546.8
  containing_block: width=1200.0, height=6586.8
[LAYOUT] Body element position set: x=0.0, y=0.0 (margin: left=0.0, top=0.0)
[LAYOUT] Element: html, is_root: false
  margin: top=0.0, right=0.0, bottom=0.0, left=0.0
  padding: top=0.0, right=0.0, bottom=0.0, left=0.0
  content: x=0.0, y=0.0, width=1160.0, height=6506.8
  containing_block: width=1160.0, height=6586.8
[LAYOUT] Element: body, is_root: false
  margin: top=0.0, right=0.0, bottom=0.0, left=0.0
  padding: top=20.0, right=20.0, bottom=20.0, left=20.0
  content: x=0.0, y=0.0, width=1120.0, height=6466.8
  containing_block: width=1160.0, height=6586.8
[LAYOUT] Body element position set: x=0.0, y=0.0 (margin: left=0.0, top=0.0)
[CONTAINING BLOCK] body.content.width=1120.0, child_containing_block.width=1120.0
[WIDTH DEBUG] h1: containing_block.width=1120.0, available_width=1120.0, calculated_width=1116.0
[LAYOUT] Child element: h1 (parent: body)
  parent.content: x=0.0, y=0.0
  parent.padding: left=20.0, top=20.0
  child.margin: left=0.0, top=21.4
  y (accumulated): 20.0
  child.content: x=20.0 (was 20.0), y=41.4 (was 41.4)
  [UPDATE Y] child: h1, content_height=50.0, margin.bottom=21.4, total_height=71.4, y after=91.4
[LAYOUT] Child element: text (parent: body)
  parent.content: x=0.0, y=0.0
  parent.padding: left=20.0, top=20.0
  child.margin: left=0.0, top=0.0
  y (accumulated): 91.4
  child.content: x=20.0 (was 20.0), y=91.4 (was 91.4)
  [UPDATE Y] child: text, content_height=0.0, margin.bottom=0.0, total_height=0.0, y after=91.4
[WIDTH DEBUG] h1: containing_block.width=1086.0, available_width=1086.0, calculated_width=1086.0
[LAYOUT] Child element: h1 (parent: div)
  parent.content: x=20.0, y=91.4
  parent.padding: left=15.0, top=15.0
  child.margin: left=0.0, top=16.1
  y (accumulated): 15.0
  child.content: x=15.0 (was 15.0), y=122.5 (was 31.1)
  [UPDATE Y] child: h1, content_height=62.1, margin.bottom=16.1, total_height=78.2, y after=93.2
  [UPDATE Y] child: div, content_height=96.0, margin.bottom=0.0, total_height=96.0, y after=301.2
[LAYOUT] Child element: div (parent: body)
  parent.content: x=0.0, y=0.0
  parent.padding: left=20.0, top=20.0
  child.margin: left=0.0, top=0.0
  y (accumulated): 91.4
  child.content: x=20.0 (was 20.0), y=91.4 (was 91.4)
  [UPDATE Y] child: div, content_height=350.2, margin.bottom=0.0, total_height=350.2, y after=441.6
[LAYOUT] Child element: text (parent: body)
  parent.content: x=0.0, y=0.0
  parent.padding: left=20.0, top=20.0
  child.margin: left=0.0, top=0.0
  y (accumulated): 441.6
  child.content: x=20.0 (was 20.0), y=441.6 (was 441.6)
  [UPDATE Y] child: text, content_height=0.0, margin.bottom=0.0, total_height=0.0, y after=441.6
[LAYOUT] Child element: div (parent: body)
  parent.content: x=0.0, y=0.0
  parent.padding: left=20.0, top=20.0
  child.margin: left=0.0, top=0.0
  y (accumulated): 441.6
  child.content: x=20.0 (was 20.0), y=441.6 (was 441.6)
  [UPDATE Y] child: div, content_height=329.4, margin.bottom=0.0, total_height=329.4, y after=771.0
[LAYOUT] Child element: text (parent: body)
  parent.content: x=0.0, y=0.0
  parent.padding: left=20.0, top=20.0
  child.margin: left=0.0, top=0.0
  y (accumulated): 771.0
  child.content: x=20.0 (was 20.0), y=771.0 (was 771.0)
  [UPDATE Y] child: text, content_height=0.0, margin.bottom=0.0, total_height=0.0, y after=771.0
  [UPDATE Y] child: div, content_height=59.2, margin.bottom=5.0, total_height=64.2, y after=138.2
  [UPDATE Y] child: div, content_height=59.2, margin.bottom=5.0, total_height=64.2, y after=202.4
[LAYOUT] Child element: div (parent: body)
  parent.content: x=0.0, y=0.0
  parent.padding: left=20.0, top=20.0
  child.margin: left=0.0, top=0.0
  y (accumulated): 771.0
  child.content: x=20.0 (was 20.0), y=771.0 (was 771.0)
  [UPDATE Y] child: div, content_height=334.0, margin.bottom=0.0, total_height=334.0, y after=1105.0
[LAYOUT] Child element: text (parent: body)
  parent.content: x=0.0, y=0.0
  parent.padding: left=20.0, top=20.0
  child.margin: left=0.0, top=0.0
  y (accumulated): 1105.0
  child.content: x=20.0 (was 20.0), y=1105.0 (was 1105.0)
  [UPDATE Y] child: text, content_height=0.0, margin.bottom=0.0, total_height=0.0, y after=1105.0
  [UPDATE Y] child: div, content_height=59.2, margin.bottom=0.0, total_height=59.2, y after=287.8
[LAYOUT] Child element: div (parent: body)
  parent.content: x=0.0, y=0.0
  parent.padding: left=20.0, top=20.0
  child.margin: left=0.0, top=0.0
  y (accumulated): 1105.0
  child.content: x=20.0 (was 20.0), y=1105.0 (was 1105.0)
  [UPDATE Y] child: div, content_height=336.8, margin.bottom=0.0, total_height=336.8, y after=1441.8
[LAYOUT] Child element: text (parent: body)
  parent.content: x=0.0, y=0.0
  parent.padding: left=20.0, top=20.0
  child.margin: left=0.0, top=0.0
  y (accumulated): 1441.8
  child.content: x=20.0 (was 20.0), y=1441.8 (was 1441.8)
  [UPDATE Y] child: text, content_height=0.0, margin.bottom=0.0, total_height=0.0, y after=1441.8
  [UPDATE Y] child: div, content_height=99.2, margin.bottom=5.0, total_height=104.2, y after=119.2
  [UPDATE Y] child: div, content_height=99.2, margin.bottom=5.0, total_height=104.2, y after=223.4
  [UPDATE Y] child: div, content_height=99.2, margin.bottom=5.0, total_height=104.2, y after=327.6
  [UPDATE Y] child: div, content_height=99.2, margin.bottom=5.0, total_height=104.2, y after=431.8
  [UPDATE Y] child: div, content_height=99.2, margin.bottom=5.0, total_height=104.2, y after=536.0
  [UPDATE Y] child: div, content_height=585.0, margin.bottom=0.0, total_height=585.0, y after=697.1
  [UPDATE Y] child: div, content_height=99.2, margin.bottom=5.0, total_height=104.2, y after=119.2
  [UPDATE Y] child: div, content_height=99.2, margin.bottom=5.0, total_height=104.2, y after=223.4
  [UPDATE Y] child: div, content_height=99.2, margin.bottom=5.0, total_height=104.2, y after=327.6
  [UPDATE Y] child: div, content_height=334.0, margin.bottom=0.0, total_height=334.0, y after=1031.1
[LAYOUT] Child element: div (parent: body)
  parent.content: x=0.0, y=0.0
  parent.padding: left=20.0, top=20.0
  child.margin: left=0.0, top=0.0
  y (accumulated): 1441.8
  child.content: x=20.0 (was 20.0), y=1441.8 (was 1441.8)
  [UPDATE Y] child: div, content_height=1031.1, margin.bottom=0.0, total_height=1031.1, y after=2472.8
[LAYOUT] Child element: text (parent: body)
  parent.content: x=0.0, y=0.0
  parent.padding: left=20.0, top=20.0
  child.margin: left=0.0, top=0.0
  y (accumulated): 2472.8
  child.content: x=20.0 (was 20.0), y=2472.8 (was 2472.8)
  [UPDATE Y] child: text, content_height=0.0, margin.bottom=0.0, total_height=0.0, y after=2472.8
  [UPDATE Y] child: div, content_height=79.2, margin.bottom=0.0, total_height=79.2, y after=94.2
  [UPDATE Y] child: div, content_height=79.2, margin.bottom=0.0, total_height=79.2, y after=173.4
  [UPDATE Y] child: div, content_height=79.2, margin.bottom=0.0, total_height=79.2, y after=252.6
  [UPDATE Y] child: div, content_height=79.2, margin.bottom=0.0, total_height=79.2, y after=331.8
  [UPDATE Y] child: div, content_height=79.2, margin.bottom=0.0, total_height=79.2, y after=411.0
  [UPDATE Y] child: div, content_height=79.2, margin.bottom=0.0, total_height=79.2, y after=490.2
  [UPDATE Y] child: div, content_height=79.2, margin.bottom=0.0, total_height=79.2, y after=569.4
  [UPDATE Y] child: div, content_height=79.2, margin.bottom=0.0, total_height=79.2, y after=648.6
  [UPDATE Y] child: div, content_height=697.6, margin.bottom=0.0, total_height=697.6, y after=809.7
[LAYOUT] Child element: div (parent: body)
  parent.content: x=0.0, y=0.0
  parent.padding: left=20.0, top=20.0
  child.margin: left=0.0, top=0.0
  y (accumulated): 2472.8
  child.content: x=20.0 (was 20.0), y=2472.8 (was 2472.8)
  [UPDATE Y] child: div, content_height=809.7, margin.bottom=0.0, total_height=809.7, y after=3282.5
[LAYOUT] Child element: text (parent: body)
  parent.content: x=0.0, y=0.0
  parent.padding: left=20.0, top=20.0
  child.margin: left=0.0, top=0.0
  y (accumulated): 3282.5
  child.content: x=20.0 (was 20.0), y=3282.5 (was 3282.5)
  [UPDATE Y] child: text, content_height=0.0, margin.bottom=0.0, total_height=0.0, y after=3282.5
[LAYOUT] Child element: div (parent: body)
  parent.content: x=0.0, y=0.0
  parent.padding: left=20.0, top=20.0
  child.margin: left=0.0, top=0.0
  y (accumulated): 3282.5
  child.content: x=20.0 (was 20.0), y=3282.5 (was 3282.5)
  [UPDATE Y] child: div, content_height=405.5, margin.bottom=0.0, total_height=405.5, y after=3688.0
[LAYOUT] Child element: text (parent: body)
  parent.content: x=0.0, y=0.0
  parent.padding: left=20.0, top=20.0
  child.margin: left=0.0, top=0.0
  y (accumulated): 3688.0
  child.content: x=20.0 (was 20.0), y=3688.0 (was 3688.0)
  [UPDATE Y] child: text, content_height=0.0, margin.bottom=0.0, total_height=0.0, y after=3688.0
[LAYOUT] Child element: div (parent: body)
  parent.content: x=0.0, y=0.0
  parent.padding: left=20.0, top=20.0
  child.margin: left=0.0, top=0.0
  y (accumulated): 3688.0
  child.content: x=20.0 (was 20.0), y=3688.0 (was 3688.0)
  [UPDATE Y] child: div, content_height=610.3, margin.bottom=0.0, total_height=610.3, y after=4298.4
[LAYOUT] Child element: text (parent: body)
  parent.content: x=0.0, y=0.0
  parent.padding: left=20.0, top=20.0
  child.margin: left=0.0, top=0.0
  y (accumulated): 4298.4
  child.content: x=20.0 (was 20.0), y=4298.4 (was 4298.4)
  [UPDATE Y] child: text, content_height=0.0, margin.bottom=0.0, total_height=0.0, y after=4298.4
  [UPDATE Y] child: div, content_height=117.2, margin.bottom=0.0, total_height=117.2, y after=273.9
[LAYOUT] Child element: div (parent: body)
  parent.content: x=0.0, y=0.0
  parent.padding: left=20.0, top=20.0
  child.margin: left=0.0, top=0.0
  y (accumulated): 4298.4
  child.content: x=20.0 (was 20.0), y=4298.4 (was 4298.4)
  [UPDATE Y] child: div, content_height=343.9, margin.bottom=0.0, total_height=343.9, y after=4642.3
[LAYOUT] Child element: text (parent: body)
  parent.content: x=0.0, y=0.0
  parent.padding: left=20.0, top=20.0
  child.margin: left=0.0, top=0.0
  y (accumulated): 4642.3
  child.content: x=20.0 (was 20.0), y=4642.3 (was 4642.3)
  [UPDATE Y] child: text, content_height=0.0, margin.bottom=0.0, total_height=0.0, y after=4642.3
  [UPDATE Y] child: div, content_height=71.2, margin.bottom=2.0, total_height=73.2, y after=132.4
  [UPDATE Y] child: div, content_height=160.4, margin.bottom=3.0, total_height=163.4, y after=224.6
  [UPDATE Y] child: div, content_height=258.6, margin.bottom=5.0, total_height=263.6, y after=364.1
[LAYOUT] Child element: div (parent: body)
  parent.content: x=0.0, y=0.0
  parent.padding: left=20.0, top=20.0
  child.margin: left=0.0, top=0.0
  y (accumulated): 4642.3
  child.content: x=20.0 (was 20.0), y=4642.3 (was 4642.3)
  [UPDATE Y] child: div, content_height=413.1, margin.bottom=0.0, total_height=413.1, y after=5055.4
[LAYOUT] Child element: text (parent: body)
  parent.content: x=0.0, y=0.0
  parent.padding: left=20.0, top=20.0
  child.margin: left=0.0, top=0.0
  y (accumulated): 5055.4
  child.content: x=20.0 (was 20.0), y=5055.4 (was 5055.4)
  [UPDATE Y] child: text, content_height=0.0, margin.bottom=0.0, total_height=0.0, y after=5055.4
[LAYOUT] Child element: div (parent: body)
  parent.content: x=0.0, y=0.0
  parent.padding: left=20.0, top=20.0
  child.margin: left=0.0, top=0.0
  y (accumulated): 5055.4
  child.content: x=20.0 (was 20.0), y=5055.4 (was 5055.4)
  [UPDATE Y] child: div, content_height=405.5, margin.bottom=0.0, total_height=405.5, y after=5460.9
[LAYOUT] Child element: text (parent: body)
  parent.content: x=0.0, y=0.0
  parent.padding: left=20.0, top=20.0
  child.margin: left=0.0, top=0.0
  y (accumulated): 5460.9
  child.content: x=20.0 (was 20.0), y=5460.9 (was 5460.9)
  [UPDATE Y] child: text, content_height=0.0, margin.bottom=0.0, total_height=0.0, y after=5460.9
  [UPDATE Y] child: div, content_height=222.4, margin.bottom=0.0, total_height=222.4, y after=222.4
  [UPDATE Y] child: div, content_height=91.2, margin.bottom=0.0, total_height=91.2, y after=245.4
  [UPDATE Y] child: div, content_height=294.4, margin.bottom=0.0, total_height=294.4, y after=516.8
  [UPDATE Y] child: div, content_height=516.8, margin.bottom=0.0, total_height=516.8, y after=622.3
  [UPDATE Y] child: div, content_height=115.2, margin.bottom=0.0, total_height=115.2, y after=737.5
[LAYOUT] Child element: div (parent: body)
  parent.content: x=0.0, y=0.0
  parent.padding: left=20.0, top=20.0
  child.margin: left=0.0, top=0.0
  y (accumulated): 5460.9
  child.content: x=20.0 (was 20.0), y=5460.9 (was 5460.9)
  [UPDATE Y] child: div, content_height=803.5, margin.bottom=0.0, total_height=803.5, y after=6264.4
[LAYOUT] Child element: text (parent: body)
  parent.content: x=0.0, y=0.0
  parent.padding: left=20.0, top=20.0
  child.margin: left=0.0, top=0.0
  y (accumulated): 6264.4
  child.content: x=20.0 (was 20.0), y=6264.4 (was 6264.4)
  [UPDATE Y] child: text, content_height=0.0, margin.bottom=0.0, total_height=0.0, y after=6264.4
[LAYOUT] Child element: div (parent: body)
  parent.content: x=0.0, y=0.0
  parent.padding: left=20.0, top=20.0
  child.margin: left=0.0, top=30.0
  y (accumulated): 6264.4
  child.content: x=20.0 (was 20.0), y=6294.4 (was 6294.4)
  [UPDATE Y] child: div, content_height=182.4, margin.bottom=0.0, total_height=182.4, y after=6446.8
[LAYOUT] Child element: body (parent: html)
  parent.content: x=0.0, y=0.0
  parent.padding: left=0.0, top=0.0
  child.margin: left=0.0, top=0.0
  y (accumulated): 0.0
  child.content: x=0.0 (was 0.0), y=0.0 (was 0.0)
  [UPDATE Y] child: body, content_height=6506.8, margin.bottom=0.0, total_height=6506.8, y after=6506.8
[LAYOUT] Child element: !DOCTYPE (parent: body)
  parent.content: x=0.0, y=0.0
  parent.padding: left=20.0, top=20.0
  child.margin: left=0.0, top=0.0
  y (accumulated): 20.0
  child.content: x=20.0 (was 20.0), y=20.0 (was 20.0)
  [UPDATE Y] child: !DOCTYPE, content_height=6506.8, margin.bottom=0.0, total_height=6506.8, y after=6526.8
[LAYOUT] Element: html, is_root: false
  margin: top=0.0, right=0.0, bottom=0.0, left=0.0
  padding: top=0.0, right=0.0, bottom=0.0, left=0.0
  content: x=20.0, y=20.0, width=1160.0, height=6506.8
  containing_block: width=1160.0, height=6546.8
[LAYOUT] Element: body, is_root: false
  margin: top=0.0, right=0.0, bottom=0.0, left=0.0
  padding: top=20.0, right=20.0, bottom=20.0, left=20.0
  content: x=0.0, y=0.0, width=1120.0, height=6466.8
  containing_block: width=1160.0, height=6546.8
[LAYOUT WARNING] html.content is not (0, 0): x=20.0, y=20.0
[LAYOUT] Body element position set: x=0.0, y=0.0 (margin: left=0.0, top=0.0)
[CONTAINING BLOCK] body.content.width=1120.0, child_containing_block.width=1120.0
[WIDTH DEBUG] h1: containing_block.width=1120.0, available_width=1120.0, calculated_width=1116.0
[LAYOUT] Child element: h1 (parent: body)
  parent.content: x=0.0, y=0.0
  parent.padding: left=20.0, top=20.0
  child.margin: left=0.0, top=21.4
  y (accumulated): 20.0
  child.content: x=20.0 (was 20.0), y=41.4 (was 41.4)
  [UPDATE Y] child: h1, content_height=50.0, margin.bottom=21.4, total_height=71.4, y after=91.4
[LAYOUT] Child element: text (parent: body)
  parent.content: x=0.0, y=0.0
  parent.padding: left=20.0, top=20.0
  child.margin: left=0.0, top=0.0
  y (accumulated): 91.4
  child.content: x=20.0 (was 20.0), y=91.4 (was 91.4)
  [UPDATE Y] child: text, content_height=0.0, margin.bottom=0.0, total_height=0.0, y after=91.4
[WIDTH DEBUG] h1: containing_block.width=1086.0, available_width=1086.0, calculated_width=1086.0
[LAYOUT] Child element: h1 (parent: div)
  parent.content: x=20.0, y=91.4
  parent.padding: left=15.0, top=15.0
  child.margin: left=0.0, top=16.1
  y (accumulated): 15.0
  child.content: x=15.0 (was 15.0), y=122.5 (was 122.5)
  [UPDATE Y] child: h1, content_height=62.1, margin.bottom=16.1, total_height=78.2, y after=93.2
  [UPDATE Y] child: div, content_height=96.0, margin.bottom=0.0, total_height=96.0, y after=301.2
[LAYOUT] Child element: div (parent: body)
  parent.content: x=0.0, y=0.0
  parent.padding: left=20.0, top=20.0
  child.margin: left=0.0, top=0.0
  y (accumulated): 91.4
  child.content: x=20.0 (was 20.0), y=91.4 (was 91.4)
  [UPDATE Y] child: div, content_height=350.2, margin.bottom=0.0, total_height=350.2, y after=441.6
[LAYOUT] Child element: text (parent: body)
  parent.content: x=0.0, y=0.0
  parent.padding: left=20.0, top=20.0
  child.margin: left=0.0, top=0.0
  y (accumulated): 441.6
  child.content: x=20.0 (was 20.0), y=441.6 (was 441.6)
  [UPDATE Y] child: text, content_height=0.0, margin.bottom=0.0, total_height=0.0, y after=441.6
[LAYOUT] Child element: div (parent: body)
  parent.content: x=0.0, y=0.0
  parent.padding: left=20.0, top=20.0
  child.margin: left=0.0, top=0.0
  y (accumulated): 441.6
  child.content: x=20.0 (was 20.0), y=441.6 (was 441.6)
  [UPDATE Y] child: div, content_height=329.4, margin.bottom=0.0, total_height=329.4, y after=771.0
[LAYOUT] Child element: text (parent: body)
  parent.content: x=0.0, y=0.0
  parent.padding: left=20.0, top=20.0
  child.margin: left=0.0, top=0.0
  y (accumulated): 771.0
  child.content: x=20.0 (was 20.0), y=771.0 (was 771.0)
  [UPDATE Y] child: text, content_height=0.0, margin.bottom=0.0, total_height=0.0, y after=771.0
  [UPDATE Y] child: div, content_height=59.2, margin.bottom=5.0, total_height=64.2, y after=138.2
  [UPDATE Y] child: div, content_height=59.2, margin.bottom=5.0, total_height=64.2, y after=202.4
[LAYOUT] Child element: div (parent: body)
  parent.content: x=0.0, y=0.0
  parent.padding: left=20.0, top=20.0
  child.margin: left=0.0, top=0.0
  y (accumulated): 771.0
  child.content: x=20.0 (was 20.0), y=771.0 (was 771.0)
  [UPDATE Y] child: div, content_height=334.0, margin.bottom=0.0, total_height=334.0, y after=1105.0
[LAYOUT] Child element: text (parent: body)
  parent.content: x=0.0, y=0.0
  parent.padding: left=20.0, top=20.0
  child.margin: left=0.0, top=0.0
  y (accumulated): 1105.0
  child.content: x=20.0 (was 20.0), y=1105.0 (was 1105.0)
  [UPDATE Y] child: text, content_height=0.0, margin.bottom=0.0, total_height=0.0, y after=1105.0
  [UPDATE Y] child: div, content_height=59.2, margin.bottom=0.0, total_height=59.2, y after=287.8
[LAYOUT] Child element: div (parent: body)
  parent.content: x=0.0, y=0.0
  parent.padding: left=20.0, top=20.0
  child.margin: left=0.0, top=0.0
  y (accumulated): 1105.0
  child.content: x=20.0 (was 20.0), y=1105.0 (was 1105.0)
  [UPDATE Y] child: div, content_height=336.8, margin.bottom=0.0, total_height=336.8, y after=1441.8
[LAYOUT] Child element: text (parent: body)
  parent.content: x=0.0, y=0.0
  parent.padding: left=20.0, top=20.0
  child.margin: left=0.0, top=0.0
  y (accumulated): 1441.8
  child.content: x=20.0 (was 20.0), y=1441.8 (was 1441.8)
  [UPDATE Y] child: text, content_height=0.0, margin.bottom=0.0, total_height=0.0, y after=1441.8
  [UPDATE Y] child: div, content_height=99.2, margin.bottom=5.0, total_height=104.2, y after=119.2
  [UPDATE Y] child: div, content_height=99.2, margin.bottom=5.0, total_height=104.2, y after=223.4
  [UPDATE Y] child: div, content_height=99.2, margin.bottom=5.0, total_height=104.2, y after=327.6
  [UPDATE Y] child: div, content_height=99.2, margin.bottom=5.0, total_height=104.2, y after=431.8
  [UPDATE Y] child: div, content_height=99.2, margin.bottom=5.0, total_height=104.2, y after=536.0
  [UPDATE Y] child: div, content_height=585.0, margin.bottom=0.0, total_height=585.0, y after=697.1
  [UPDATE Y] child: div, content_height=99.2, margin.bottom=5.0, total_height=104.2, y after=119.2
  [UPDATE Y] child: div, content_height=99.2, margin.bottom=5.0, total_height=104.2, y after=223.4
  [UPDATE Y] child: div, content_height=99.2, margin.bottom=5.0, total_height=104.2, y after=327.6
  [UPDATE Y] child: div, content_height=334.0, margin.bottom=0.0, total_height=334.0, y after=1031.1
[LAYOUT] Child element: div (parent: body)
  parent.content: x=0.0, y=0.0
  parent.padding: left=20.0, top=20.0
  child.margin: left=0.0, top=0.0
  y (accumulated): 1441.8
  child.content: x=20.0 (was 20.0), y=1441.8 (was 1441.8)
  [UPDATE Y] child: div, content_height=1031.1, margin.bottom=0.0, total_height=1031.1, y after=2472.8
[LAYOUT] Child element: text (parent: body)
  parent.content: x=0.0, y=0.0
  parent.padding: left=20.0, top=20.0
  child.margin: left=0.0, top=0.0
  y (accumulated): 2472.8
  child.content: x=20.0 (was 20.0), y=2472.8 (was 2472.8)
  [UPDATE Y] child: text, content_height=0.0, margin.bottom=0.0, total_height=0.0, y after=2472.8
  [UPDATE Y] child: div, content_height=79.2, margin.bottom=0.0, total_height=79.2, y after=94.2
  [UPDATE Y] child: div, content_height=79.2, margin.bottom=0.0, total_height=79.2, y after=173.4
  [UPDATE Y] child: div, content_height=79.2, margin.bottom=0.0, total_height=79.2, y after=252.6
  [UPDATE Y] child: div, content_height=79.2, margin.bottom=0.0, total_height=79.2, y after=331.8
  [UPDATE Y] child: div, content_height=79.2, margin.bottom=0.0, total_height=79.2, y after=411.0
  [UPDATE Y] child: div, content_height=79.2, margin.bottom=0.0, total_height=79.2, y after=490.2
  [UPDATE Y] child: div, content_height=79.2, margin.bottom=0.0, total_height=79.2, y after=569.4
  [UPDATE Y] child: div, content_height=79.2, margin.bottom=0.0, total_height=79.2, y after=648.6
  [UPDATE Y] child: div, content_height=697.6, margin.bottom=0.0, total_height=697.6, y after=809.7
[LAYOUT] Child element: div (parent: body)
  parent.content: x=0.0, y=0.0
  parent.padding: left=20.0, top=20.0
  child.margin: left=0.0, top=0.0
  y (accumulated): 2472.8
  child.content: x=20.0 (was 20.0), y=2472.8 (was 2472.8)
  [UPDATE Y] child: div, content_height=809.7, margin.bottom=0.0, total_height=809.7, y after=3282.5
[LAYOUT] Child element: text (parent: body)
  parent.content: x=0.0, y=0.0
  parent.padding: left=20.0, top=20.0
  child.margin: left=0.0, top=0.0
  y (accumulated): 3282.5
  child.content: x=20.0 (was 20.0), y=3282.5 (was 3282.5)
  [UPDATE Y] child: text, content_height=0.0, margin.bottom=0.0, total_height=0.0, y after=3282.5
[LAYOUT] Child element: div (parent: body)
  parent.content: x=0.0, y=0.0
  parent.padding: left=20.0, top=20.0
  child.margin: left=0.0, top=0.0
  y (accumulated): 3282.5
  child.content: x=20.0 (was 20.0), y=3282.5 (was 3282.5)
  [UPDATE Y] child: div, content_height=405.5, margin.bottom=0.0, total_height=405.5, y after=3688.0
[LAYOUT] Child element: text (parent: body)
  parent.content: x=0.0, y=0.0
  parent.padding: left=20.0, top=20.0
  child.margin: left=0.0, top=0.0
  y (accumulated): 3688.0
  child.content: x=20.0 (was 20.0), y=3688.0 (was 3688.0)
  [UPDATE Y] child: text, content_height=0.0, margin.bottom=0.0, total_height=0.0, y after=3688.0
[LAYOUT] Child element: div (parent: body)
  parent.content: x=0.0, y=0.0
  parent.padding: left=20.0, top=20.0
  child.margin: left=0.0, top=0.0
  y (accumulated): 3688.0
  child.content: x=20.0 (was 20.0), y=3688.0 (was 3688.0)
  [UPDATE Y] child: div, content_height=610.3, margin.bottom=0.0, total_height=610.3, y after=4298.4
[LAYOUT] Child element: text (parent: body)
  parent.content: x=0.0, y=0.0
  parent.padding: left=20.0, top=20.0
  child.margin: left=0.0, top=0.0
  y (accumulated): 4298.4
  child.content: x=20.0 (was 20.0), y=4298.4 (was 4298.4)
  [UPDATE Y] child: text, content_height=0.0, margin.bottom=0.0, total_height=0.0, y after=4298.4
  [UPDATE Y] child: div, content_height=117.2, margin.bottom=0.0, total_height=117.2, y after=273.9
[LAYOUT] Child element: div (parent: body)
  parent.content: x=0.0, y=0.0
  parent.padding: left=20.0, top=20.0
  child.margin: left=0.0, top=0.0
  y (accumulated): 4298.4
  child.content: x=20.0 (was 20.0), y=4298.4 (was 4298.4)
  [UPDATE Y] child: div, content_height=343.9, margin.bottom=0.0, total_height=343.9, y after=4642.3
[LAYOUT] Child element: text (parent: body)
  parent.content: x=0.0, y=0.0
  parent.padding: left=20.0, top=20.0
  child.margin: left=0.0, top=0.0
  y (accumulated): 4642.3
  child.content: x=20.0 (was 20.0), y=4642.3 (was 4642.3)
  [UPDATE Y] child: text, content_height=0.0, margin.bottom=0.0, total_height=0.0, y after=4642.3
  [UPDATE Y] child: div, content_height=71.2, margin.bottom=2.0, total_height=73.2, y after=132.4
  [UPDATE Y] child: div, content_height=160.4, margin.bottom=3.0, total_height=163.4, y after=224.6
  [UPDATE Y] child: div, content_height=258.6, margin.bottom=5.0, total_height=263.6, y after=364.1
[LAYOUT] Child element: div (parent: body)
  parent.content: x=0.0, y=0.0
  parent.padding: left=20.0, top=20.0
  child.margin: left=0.0, top=0.0
  y (accumulated): 4642.3
  child.content: x=20.0 (was 20.0), y=4642.3 (was 4642.3)
  [UPDATE Y] child: div, content_height=413.1, margin.bottom=0.0, total_height=413.1, y after=5055.4
[LAYOUT] Child element: text (parent: body)
  parent.content: x=0.0, y=0.0
  parent.padding: left=20.0, top=20.0
  child.margin: left=0.0, top=0.0
  y (accumulated): 5055.4
  child.content: x=20.0 (was 20.0), y=5055.4 (was 5055.4)
  [UPDATE Y] child: text, content_height=0.0, margin.bottom=0.0, total_height=0.0, y after=5055.4
[LAYOUT] Child element: div (parent: body)
  parent.content: x=0.0, y=0.0
  parent.padding: left=20.0, top=20.0
  child.margin: left=0.0, top=0.0
  y (accumulated): 5055.4
  child.content: x=20.0 (was 20.0), y=5055.4 (was 5055.4)
  [UPDATE Y] child: div, content_height=405.5, margin.bottom=0.0, total_height=405.5, y after=5460.9
[LAYOUT] Child element: text (parent: body)
  parent.content: x=0.0, y=0.0
  parent.padding: left=20.0, top=20.0
  child.margin: left=0.0, top=0.0
  y (accumulated): 5460.9
  child.content: x=20.0 (was 20.0), y=5460.9 (was 5460.9)
  [UPDATE Y] child: text, content_height=0.0, margin.bottom=0.0, total_height=0.0, y after=5460.9
  [UPDATE Y] child: div, content_height=222.4, margin.bottom=0.0, total_height=222.4, y after=222.4
  [UPDATE Y] child: div, content_height=91.2, margin.bottom=0.0, total_height=91.2, y after=245.4
  [UPDATE Y] child: div, content_height=294.4, margin.bottom=0.0, total_height=294.4, y after=516.8
  [UPDATE Y] child: div, content_height=516.8, margin.bottom=0.0, total_height=516.8, y after=622.3
  [UPDATE Y] child: div, content_height=115.2, margin.bottom=0.0, total_height=115.2, y after=737.5
[LAYOUT] Child element: div (parent: body)
  parent.content: x=0.0, y=0.0
  parent.padding: left=20.0, top=20.0
  child.margin: left=0.0, top=0.0
  y (accumulated): 5460.9
  child.content: x=20.0 (was 20.0), y=5460.9 (was 5460.9)
  [UPDATE Y] child: div, content_height=803.5, margin.bottom=0.0, total_height=803.5, y after=6264.4
[LAYOUT] Child element: text (parent: body)
  parent.content: x=0.0, y=0.0
  parent.padding: left=20.0, top=20.0
  child.margin: left=0.0, top=0.0
  y (accumulated): 6264.4
  child.content: x=20.0 (was 20.0), y=6264.4 (was 6264.4)
  [UPDATE Y] child: text, content_height=0.0, margin.bottom=0.0, total_height=0.0, y after=6264.4
[LAYOUT] Child element: div (parent: body)
  parent.content: x=0.0, y=0.0
  parent.padding: left=20.0, top=20.0
  child.margin: left=0.0, top=30.0
  y (accumulated): 6264.4
  child.content: x=20.0 (was 20.0), y=6294.4 (was 6294.4)
  [UPDATE Y] child: div, content_height=182.4, margin.bottom=0.0, total_height=182.4, y after=6446.8
[LAYOUT] Child element: body (parent: html)
  parent.content: x=20.0, y=20.0
  parent.padding: left=0.0, top=0.0
  child.margin: left=0.0, top=0.0
  y (accumulated): 0.0
  child.content: x=20.0 (was 0.0), y=20.0 (was 0.0)
  [UPDATE Y] child: body, content_height=6506.8, margin.bottom=0.0, total_height=6506.8, y after=6506.8
[LAYOUT] Element: html, is_root: false
  margin: top=0.0, right=0.0, bottom=0.0, left=0.0
  padding: top=0.0, right=0.0, bottom=0.0, left=0.0
  content: x=20.0, y=20.0, width=1160.0, height=6506.8
  containing_block: width=1160.0, height=6506.8
[LAYOUT] Element: body, is_root: false
  margin: top=0.0, right=0.0, bottom=0.0, left=0.0
  padding: top=20.0, right=20.0, bottom=20.0, left=20.0
  content: x=20.0, y=20.0, width=1120.0, height=6466.8
  containing_block: width=1160.0, height=6506.8
[LAYOUT WARNING] html.content is not (0, 0): x=20.0, y=20.0
[CONTAINING BLOCK] body.content.width=1120.0, child_containing_block.width=1120.0
[WIDTH DEBUG] h1: containing_block.width=1120.0, available_width=1120.0, calculated_width=1116.0
[LAYOUT] Child element: h1 (parent: body)
  parent.content: x=20.0, y=20.0
  parent.padding: left=20.0, top=20.0
  child.margin: left=0.0, top=21.4
  y (accumulated): 20.0
  child.content: x=20.0 (was 20.0), y=61.4 (was 41.4)
  [UPDATE Y] child: h1, content_height=50.0, margin.bottom=21.4, total_height=71.4, y after=91.4
[LAYOUT] Child element: text (parent: body)
  parent.content: x=20.0, y=20.0
  parent.padding: left=20.0, top=20.0
  child.margin: left=0.0, top=0.0
  y (accumulated): 91.4
  child.content: x=20.0 (was 20.0), y=111.4 (was 91.4)
  [UPDATE Y] child: text, content_height=0.0, margin.bottom=0.0, total_height=0.0, y after=91.4
[WIDTH DEBUG] h1: containing_block.width=1086.0, available_width=1086.0, calculated_width=1086.0
[LAYOUT] Child element: h1 (parent: div)
  parent.content: x=20.0, y=91.4
  parent.padding: left=15.0, top=15.0
  child.margin: left=0.0, top=16.1
  y (accumulated): 15.0
  child.content: x=15.0 (was 15.0), y=122.5 (was 122.5)
  [UPDATE Y] child: h1, content_height=62.1, margin.bottom=16.1, total_height=78.2, y after=93.2
  [UPDATE Y] child: div, content_height=96.0, margin.bottom=0.0, total_height=96.0, y after=301.2
[LAYOUT] Child element: div (parent: body)
  parent.content: x=20.0, y=20.0
  parent.padding: left=20.0, top=20.0
  child.margin: left=0.0, top=0.0
  y (accumulated): 91.4
  child.content: x=20.0 (was 20.0), y=111.4 (was 91.4)
  [UPDATE Y] child: div, content_height=350.2, margin.bottom=0.0, total_height=350.2, y after=441.6
[LAYOUT] Child element: text (parent: body)
  parent.content: x=20.0, y=20.0
  parent.padding: left=20.0, top=20.0
  child.margin: left=0.0, top=0.0
  y (accumulated): 441.6
  child.content: x=20.0 (was 20.0), y=461.6 (was 441.6)
  [UPDATE Y] child: text, content_height=0.0, margin.bottom=0.0, total_height=0.0, y after=441.6
[LAYOUT] Child element: div (parent: body)
  parent.content: x=20.0, y=20.0
  parent.padding: left=20.0, top=20.0
  child.margin: left=0.0, top=0.0
  y (accumulated): 441.6
  child.content: x=20.0 (was 20.0), y=461.6 (was 441.6)
  [UPDATE Y] child: div, content_height=329.4, margin.bottom=0.0, total_height=329.4, y after=771.0
[LAYOUT] Child element: text (parent: body)
  parent.content: x=20.0, y=20.0
  parent.padding: left=20.0, top=20.0
  child.margin: left=0.0, top=0.0
  y (accumulated): 771.0
  child.content: x=20.0 (was 20.0), y=791.0 (was 771.0)
  [UPDATE Y] child: text, content_height=0.0, margin.bottom=0.0, total_height=0.0, y after=771.0
  [UPDATE Y] child: div, content_height=59.2, margin.bottom=5.0, total_height=64.2, y after=138.2
  [UPDATE Y] child: div, content_height=59.2, margin.bottom=5.0, total_height=64.2, y after=202.4
[LAYOUT] Child element: div (parent: body)
  parent.content: x=20.0, y=20.0
  parent.padding: left=20.0, top=20.0
  child.margin: left=0.0, top=0.0
  y (accumulated): 771.0
  child.content: x=20.0 (was 20.0), y=791.0 (was 771.0)
  [UPDATE Y] child: div, content_height=334.0, margin.bottom=0.0, total_height=334.0, y after=1105.0
[LAYOUT] Child element: text (parent: body)
  parent.content: x=20.0, y=20.0
  parent.padding: left=20.0, top=20.0
  child.margin: left=0.0, top=0.0
  y (accumulated): 1105.0
  child.content: x=20.0 (was 20.0), y=1125.0 (was 1105.0)
  [UPDATE Y] child: text, content_height=0.0, margin.bottom=0.0, total_height=0.0, y after=1105.0
  [UPDATE Y] child: div, content_height=59.2, margin.bottom=0.0, total_height=59.2, y after=287.8
[LAYOUT] Child element: div (parent: body)
  parent.content: x=20.0, y=20.0
  parent.padding: left=20.0, top=20.0
  child.margin: left=0.0, top=0.0
  y (accumulated): 1105.0
  child.content: x=20.0 (was 20.0), y=1125.0 (was 1105.0)
  [UPDATE Y] child: div, content_height=336.8, margin.bottom=0.0, total_height=336.8, y after=1441.8
[LAYOUT] Child element: text (parent: body)
  parent.content: x=20.0, y=20.0
  parent.padding: left=20.0, top=20.0
  child.margin: left=0.0, top=0.0
  y (accumulated): 1441.8
  child.content: x=20.0 (was 20.0), y=1461.8 (was 1441.8)
  [UPDATE Y] child: text, content_height=0.0, margin.bottom=0.0, total_height=0.0, y after=1441.8
  [UPDATE Y] child: div, content_height=99.2, margin.bottom=5.0, total_height=104.2, y after=119.2
  [UPDATE Y] child: div, content_height=99.2, margin.bottom=5.0, total_height=104.2, y after=223.4
  [UPDATE Y] child: div, content_height=99.2, margin.bottom=5.0, total_height=104.2, y after=327.6
  [UPDATE Y] child: div, content_height=99.2, margin.bottom=5.0, total_height=104.2, y after=431.8
  [UPDATE Y] child: div, content_height=99.2, margin.bottom=5.0, total_height=104.2, y after=536.0
  [UPDATE Y] child: div, content_height=585.0, margin.bottom=0.0, total_height=585.0, y after=697.1
  [UPDATE Y] child: div, content_height=99.2, margin.bottom=5.0, total_height=104.2, y after=119.2
  [UPDATE Y] child: div, content_height=99.2, margin.bottom=5.0, total_height=104.2, y after=223.4
  [UPDATE Y] child: div, content_height=99.2, margin.bottom=5.0, total_height=104.2, y after=327.6
  [UPDATE Y] child: div, content_height=334.0, margin.bottom=0.0, total_height=334.0, y after=1031.1
[LAYOUT] Child element: div (parent: body)
  parent.content: x=20.0, y=20.0
  parent.padding: left=20.0, top=20.0
  child.margin: left=0.0, top=0.0
  y (accumulated): 1441.8
  child.content: x=20.0 (was 20.0), y=1461.8 (was 1441.8)
  [UPDATE Y] child: div, content_height=1031.1, margin.bottom=0.0, total_height=1031.1, y after=2472.8
[LAYOUT] Child element: text (parent: body)
  parent.content: x=20.0, y=20.0
  parent.padding: left=20.0, top=20.0
  child.margin: left=0.0, top=0.0
  y (accumulated): 2472.8
  child.content: x=20.0 (was 20.0), y=2492.8 (was 2472.8)
  [UPDATE Y] child: text, content_height=0.0, margin.bottom=0.0, total_height=0.0, y after=2472.8
  [UPDATE Y] child: div, content_height=79.2, margin.bottom=0.0, total_height=79.2, y after=94.2
  [UPDATE Y] child: div, content_height=79.2, margin.bottom=0.0, total_height=79.2, y after=173.4
  [UPDATE Y] child: div, content_height=79.2, margin.bottom=0.0, total_height=79.2, y after=252.6
  [UPDATE Y] child: div, content_height=79.2, margin.bottom=0.0, total_height=79.2, y after=331.8
  [UPDATE Y] child: div, content_height=79.2, margin.bottom=0.0, total_height=79.2, y after=411.0
  [UPDATE Y] child: div, content_height=79.2, margin.bottom=0.0, total_height=79.2, y after=490.2
  [UPDATE Y] child: div, content_height=79.2, margin.bottom=0.0, total_height=79.2, y after=569.4
  [UPDATE Y] child: div, content_height=79.2, margin.bottom=0.0, total_height=79.2, y after=648.6
  [UPDATE Y] child: div, content_height=697.6, margin.bottom=0.0, total_height=697.6, y after=809.7
[LAYOUT] Child element: div (parent: body)
  parent.content: x=20.0, y=20.0
  parent.padding: left=20.0, top=20.0
  child.margin: left=0.0, top=0.0
  y (accumulated): 2472.8
  child.content: x=20.0 (was 20.0), y=2492.8 (was 2472.8)
  [UPDATE Y] child: div, content_height=809.7, margin.bottom=0.0, total_height=809.7, y after=3282.5
[LAYOUT] Child element: text (parent: body)
  parent.content: x=20.0, y=20.0
  parent.padding: left=20.0, top=20.0
  child.margin: left=0.0, top=0.0
  y (accumulated): 3282.5
  child.content: x=20.0 (was 20.0), y=3302.5 (was 3282.5)
  [UPDATE Y] child: text, content_height=0.0, margin.bottom=0.0, total_height=0.0, y after=3282.5
[LAYOUT] Child element: div (parent: body)
  parent.content: x=20.0, y=20.0
  parent.padding: left=20.0, top=20.0
  child.margin: left=0.0, top=0.0
  y (accumulated): 3282.5
  child.content: x=20.0 (was 20.0), y=3302.5 (was 3282.5)
  [UPDATE Y] child: div, content_height=405.5, margin.bottom=0.0, total_height=405.5, y after=3688.0
[LAYOUT] Child element: text (parent: body)
  parent.content: x=20.0, y=20.0
  parent.padding: left=20.0, top=20.0
  child.margin: left=0.0, top=0.0
  y (accumulated): 3688.0
  child.content: x=20.0 (was 20.0), y=3708.0 (was 3688.0)
  [UPDATE Y] child: text, content_height=0.0, margin.bottom=0.0, total_height=0.0, y after=3688.0
[LAYOUT] Child element: div (parent: body)
  parent.content: x=20.0, y=20.0
  parent.padding: left=20.0, top=20.0
  child.margin: left=0.0, top=0.0
  y (accumulated): 3688.0
  child.content: x=20.0 (was 20.0), y=3708.0 (was 3688.0)
  [UPDATE Y] child: div, content_height=610.3, margin.bottom=0.0, total_height=610.3, y after=4298.4
[LAYOUT] Child element: text (parent: body)
  parent.content: x=20.0, y=20.0
  parent.padding: left=20.0, top=20.0
  child.margin: left=0.0, top=0.0
  y (accumulated): 4298.4
  child.content: x=20.0 (was 20.0), y=4318.4 (was 4298.4)
  [UPDATE Y] child: text, content_height=0.0, margin.bottom=0.0, total_height=0.0, y after=4298.4
  [UPDATE Y] child: div, content_height=117.2, margin.bottom=0.0, total_height=117.2, y after=273.9
[LAYOUT] Child element: div (parent: body)
  parent.content: x=20.0, y=20.0
  parent.padding: left=20.0, top=20.0
  child.margin: left=0.0, top=0.0
  y (accumulated): 4298.4
  child.content: x=20.0 (was 20.0), y=4318.4 (was 4298.4)
  [UPDATE Y] child: div, content_height=343.9, margin.bottom=0.0, total_height=343.9, y after=4642.3
[LAYOUT] Child element: text (parent: body)
  parent.content: x=20.0, y=20.0
  parent.padding: left=20.0, top=20.0
  child.margin: left=0.0, top=0.0
  y (accumulated): 4642.3
  child.content: x=20.0 (was 20.0), y=4662.3 (was 4642.3)
  [UPDATE Y] child: text, content_height=0.0, margin.bottom=0.0, total_height=0.0, y after=4642.3
  [UPDATE Y] child: div, content_height=71.2, margin.bottom=2.0, total_height=73.2, y after=132.4
  [UPDATE Y] child: div, content_height=160.4, margin.bottom=3.0, total_height=163.4, y after=224.6
  [UPDATE Y] child: div, content_height=258.6, margin.bottom=5.0, total_height=263.6, y after=364.1
[LAYOUT] Child element: div (parent: body)
  parent.content: x=20.0, y=20.0
  parent.padding: left=20.0, top=20.0
  child.margin: left=0.0, top=0.0
  y (accumulated): 4642.3
  child.content: x=20.0 (was 20.0), y=4662.3 (was 4642.3)
  [UPDATE Y] child: div, content_height=413.1, margin.bottom=0.0, total_height=413.1, y after=5055.4
[LAYOUT] Child element: text (parent: body)
  parent.content: x=20.0, y=20.0
  parent.padding: left=20.0, top=20.0
  child.margin: left=0.0, top=0.0
  y (accumulated): 5055.4
  child.content: x=20.0 (was 20.0), y=5075.4 (was 5055.4)
  [UPDATE Y] child: text, content_height=0.0, margin.bottom=0.0, total_height=0.0, y after=5055.4
[LAYOUT] Child element: div (parent: body)
  parent.content: x=20.0, y=20.0
  parent.padding: left=20.0, top=20.0
  child.margin: left=0.0, top=0.0
  y (accumulated): 5055.4
  child.content: x=20.0 (was 20.0), y=5075.4 (was 5055.4)
  [UPDATE Y] child: div, content_height=405.5, margin.bottom=0.0, total_height=405.5, y after=5460.9
[LAYOUT] Child element: text (parent: body)
  parent.content: x=20.0, y=20.0
  parent.padding: left=20.0, top=20.0
  child.margin: left=0.0, top=0.0
  y (accumulated): 5460.9
  child.content: x=20.0 (was 20.0), y=5480.9 (was 5460.9)
  [UPDATE Y] child: text, content_height=0.0, margin.bottom=0.0, total_height=0.0, y after=5460.9
  [UPDATE Y] child: div, content_height=222.4, margin.bottom=0.0, total_height=222.4, y after=222.4
  [UPDATE Y] child: div, content_height=91.2, margin.bottom=0.0, total_height=91.2, y after=245.4
  [UPDATE Y] child: div, content_height=294.4, margin.bottom=0.0, total_height=294.4, y after=516.8
  [UPDATE Y] child: div, content_height=516.8, margin.bottom=0.0, total_height=516.8, y after=622.3
  [UPDATE Y] child: div, content_height=115.2, margin.bottom=0.0, total_height=115.2, y after=737.5
[LAYOUT] Child element: div (parent: body)
  parent.content: x=20.0, y=20.0
  parent.padding: left=20.0, top=20.0
  child.margin: left=0.0, top=0.0
  y (accumulated): 5460.9
  child.content: x=20.0 (was 20.0), y=5480.9 (was 5460.9)
  [UPDATE Y] child: div, content_height=803.5, margin.bottom=0.0, total_height=803.5, y after=6264.4
[LAYOUT] Child element: text (parent: body)
  parent.content: x=20.0, y=20.0
  parent.padding: left=20.0, top=20.0
  child.margin: left=0.0, top=0.0
  y (accumulated): 6264.4
  child.content: x=20.0 (was 20.0), y=6284.4 (was 6264.4)
  [UPDATE Y] child: text, content_height=0.0, margin.bottom=0.0, total_height=0.0, y after=6264.4
[LAYOUT] Child element: div (parent: body)
  parent.content: x=20.0, y=20.0
  parent.padding: left=20.0, top=20.0
  child.margin: left=0.0, top=30.0
  y (accumulated): 6264.4
  child.content: x=20.0 (was 20.0), y=6314.4 (was 6294.4)
  [UPDATE Y] child: div, content_height=182.4, margin.bottom=0.0, total_height=182.4, y after=6446.8
[LAYOUT] Child element: body (parent: html)
  parent.content: x=20.0, y=20.0
  parent.padding: left=0.0, top=0.0
  child.margin: left=0.0, top=0.0
  y (accumulated): 0.0
  child.content: x=20.0 (was 20.0), y=20.0 (was 20.0)
  [UPDATE Y] child: body, content_height=6506.8, margin.bottom=0.0, total_height=6506.8, y after=6506.8
[LAYOUT] Element: body, is_root: false
  margin: top=0.0, right=0.0, bottom=0.0, left=0.0
  padding: top=20.0, right=20.0, bottom=20.0, left=20.0
  content: x=20.0, y=20.0, width=1120.0, height=6466.8
  containing_block: width=1160.0, height=6506.8
[LAYOUT WARNING] html.content is not (0, 0): x=20.0, y=20.0
[CONTAINING BLOCK] body.content.width=1120.0, child_containing_block.width=1120.0
[WIDTH DEBUG] h1: containing_block.width=1120.0, available_width=1120.0, calculated_width=1116.0
[LAYOUT] Child element: h1 (parent: body)
  parent.content: x=20.0, y=20.0
  parent.padding: left=20.0, top=20.0
  child.margin: left=0.0, top=21.4
  y (accumulated): 20.0
  child.content: x=20.0 (was 20.0), y=61.4 (was 61.4)
  [UPDATE Y] child: h1, content_height=50.0, margin.bottom=21.4, total_height=71.4, y after=91.4
[LAYOUT] Child element: text (parent: body)
  parent.content: x=20.0, y=20.0
  parent.padding: left=20.0, top=20.0
  child.margin: left=0.0, top=0.0
  y (accumulated): 91.4
  child.content: x=20.0 (was 20.0), y=111.4 (was 111.4)
  [UPDATE Y] child: text, content_height=0.0, margin.bottom=0.0, total_height=0.0, y after=91.4
[WIDTH DEBUG] h1: containing_block.width=1086.0, available_width=1086.0, calculated_width=1086.0
[LAYOUT] Child element: h1 (parent: div)
  parent.content: x=20.0, y=111.4
  parent.padding: left=15.0, top=15.0
  child.margin: left=0.0, top=16.1
  y (accumulated): 15.0
  child.content: x=15.0 (was 15.0), y=142.5 (was 122.5)
  [UPDATE Y] child: h1, content_height=62.1, margin.bottom=16.1, total_height=78.2, y after=93.2
  [UPDATE Y] child: div, content_height=96.0, margin.bottom=0.0, total_height=96.0, y after=301.2
[LAYOUT] Child element: div (parent: body)
  parent.content: x=20.0, y=20.0
  parent.padding: left=20.0, top=20.0
  child.margin: left=0.0, top=0.0
  y (accumulated): 91.4
  child.content: x=20.0 (was 20.0), y=111.4 (was 111.4)
  [UPDATE Y] child: div, content_height=350.2, margin.bottom=0.0, total_height=350.2, y after=441.6
[LAYOUT] Child element: text (parent: body)
  parent.content: x=20.0, y=20.0
  parent.padding: left=20.0, top=20.0
  child.margin: left=0.0, top=0.0
  y (accumulated): 441.6
  child.content: x=20.0 (was 20.0), y=461.6 (was 461.6)
  [UPDATE Y] child: text, content_height=0.0, margin.bottom=0.0, total_height=0.0, y after=441.6
[LAYOUT] Child element: div (parent: body)
  parent.content: x=20.0, y=20.0
  parent.padding: left=20.0, top=20.0
  child.margin: left=0.0, top=0.0
  y (accumulated): 441.6
  child.content: x=20.0 (was 20.0), y=461.6 (was 461.6)
  [UPDATE Y] child: div, content_height=329.4, margin.bottom=0.0, total_height=329.4, y after=771.0
[LAYOUT] Child element: text (parent: body)
  parent.content: x=20.0, y=20.0
  parent.padding: left=20.0, top=20.0
  child.margin: left=0.0, top=0.0
  y (accumulated): 771.0
  child.content: x=20.0 (was 20.0), y=791.0 (was 791.0)
  [UPDATE Y] child: text, content_height=0.0, margin.bottom=0.0, total_height=0.0, y after=771.0
  [UPDATE Y] child: div, content_height=59.2, margin.bottom=5.0, total_height=64.2, y after=138.2
  [UPDATE Y] child: div, content_height=59.2, margin.bottom=5.0, total_height=64.2, y after=202.4
[LAYOUT] Child element: div (parent: body)
  parent.content: x=20.0, y=20.0
  parent.padding: left=20.0, top=20.0
  child.margin: left=0.0, top=0.0
  y (accumulated): 771.0
  child.content: x=20.0 (was 20.0), y=791.0 (was 791.0)
  [UPDATE Y] child: div, content_height=334.0, margin.bottom=0.0, total_height=334.0, y after=1105.0
[LAYOUT] Child element: text (parent: body)
  parent.content: x=20.0, y=20.0
  parent.padding: left=20.0, top=20.0
  child.margin: left=0.0, top=0.0
  y (accumulated): 1105.0
  child.content: x=20.0 (was 20.0), y=1125.0 (was 1125.0)
  [UPDATE Y] child: text, content_height=0.0, margin.bottom=0.0, total_height=0.0, y after=1105.0
  [UPDATE Y] child: div, content_height=59.2, margin.bottom=0.0, total_height=59.2, y after=267.8
[LAYOUT] Child element: div (parent: body)
  parent.content: x=20.0, y=20.0
  parent.padding: left=20.0, top=20.0
  child.margin: left=0.0, top=0.0
  y (accumulated): 1105.0
  child.content: x=20.0 (was 20.0), y=1125.0 (was 1125.0)
  [UPDATE Y] child: div, content_height=336.8, margin.bottom=0.0, total_height=336.8, y after=1441.8
[LAYOUT] Child element: text (parent: body)
  parent.content: x=20.0, y=20.0
  parent.padding: left=20.0, top=20.0
  child.margin: left=0.0, top=0.0
  y (accumulated): 1441.8
  child.content: x=20.0 (was 20.0), y=1461.8 (was 1461.8)
  [UPDATE Y] child: text, content_height=0.0, margin.bottom=0.0, total_height=0.0, y after=1441.8
  [UPDATE Y] child: div, content_height=99.2, margin.bottom=5.0, total_height=104.2, y after=119.2
  [UPDATE Y] child: div, content_height=99.2, margin.bottom=5.0, total_height=104.2, y after=223.4
  [UPDATE Y] child: div, content_height=99.2, margin.bottom=5.0, total_height=104.2, y after=327.6
  [UPDATE Y] child: div, content_height=99.2, margin.bottom=5.0, total_height=104.2, y after=431.8
  [UPDATE Y] child: div, content_height=99.2, margin.bottom=5.0, total_height=104.2, y after=536.0
  [UPDATE Y] child: div, content_height=585.0, margin.bottom=0.0, total_height=585.0, y after=697.1
  [UPDATE Y] child: div, content_height=99.2, margin.bottom=5.0, total_height=104.2, y after=119.2
  [UPDATE Y] child: div, content_height=99.2, margin.bottom=5.0, total_height=104.2, y after=223.4
  [UPDATE Y] child: div, content_height=99.2, margin.bottom=5.0, total_height=104.2, y after=327.6
  [UPDATE Y] child: div, content_height=334.0, margin.bottom=0.0, total_height=334.0, y after=1031.1
[LAYOUT] Child element: div (parent: body)
  parent.content: x=20.0, y=20.0
  parent.padding: left=20.0, top=20.0
  child.margin: left=0.0, top=0.0
  y (accumulated): 1441.8
  child.content: x=20.0 (was 20.0), y=1461.8 (was 1461.8)
  [UPDATE Y] child: div, content_height=1031.1, margin.bottom=0.0, total_height=1031.1, y after=2472.8
[LAYOUT] Child element: text (parent: body)
  parent.content: x=20.0, y=20.0
  parent.padding: left=20.0, top=20.0
  child.margin: left=0.0, top=0.0
  y (accumulated): 2472.8
  child.content: x=20.0 (was 20.0), y=2492.8 (was 2492.8)
  [UPDATE Y] child: text, content_height=0.0, margin.bottom=0.0, total_height=0.0, y after=2472.8
  [UPDATE Y] child: div, content_height=79.2, margin.bottom=0.0, total_height=79.2, y after=94.2
  [UPDATE Y] child: div, content_height=79.2, margin.bottom=0.0, total_height=79.2, y after=173.4
  [UPDATE Y] child: div, content_height=79.2, margin.bottom=0.0, total_height=79.2, y after=252.6
  [UPDATE Y] child: div, content_height=79.2, margin.bottom=0.0, total_height=79.2, y after=331.8
  [UPDATE Y] child: div, content_height=79.2, margin.bottom=0.0, total_height=79.2, y after=411.0
  [UPDATE Y] child: div, content_height=79.2, margin.bottom=0.0, total_height=79.2, y after=490.2
  [UPDATE Y] child: div, content_height=79.2, margin.bottom=0.0, total_height=79.2, y after=569.4
  [UPDATE Y] child: div, content_height=79.2, margin.bottom=0.0, total_height=79.2, y after=648.6
  [UPDATE Y] child: div, content_height=697.6, margin.bottom=0.0, total_height=697.6, y after=809.7
[LAYOUT] Child element: div (parent: body)
  parent.content: x=20.0, y=20.0
  parent.padding: left=20.0, top=20.0
  child.margin: left=0.0, top=0.0
  y (accumulated): 2472.8
  child.content: x=20.0 (was 20.0), y=2492.8 (was 2492.8)
  [UPDATE Y] child: div, content_height=809.7, margin.bottom=0.0, total_height=809.7, y after=3282.5
[LAYOUT] Child element: text (parent: body)
  parent.content: x=20.0, y=20.0
  parent.padding: left=20.0, top=20.0
  child.margin: left=0.0, top=0.0
  y (accumulated): 3282.5
  child.content: x=20.0 (was 20.0), y=3302.5 (was 3302.5)
  [UPDATE Y] child: text, content_height=0.0, margin.bottom=0.0, total_height=0.0, y after=3282.5
[LAYOUT] Child element: div (parent: body)
  parent.content: x=20.0, y=20.0
  parent.padding: left=20.0, top=20.0
  child.margin: left=0.0, top=0.0
  y (accumulated): 3282.5
  child.content: x=20.0 (was 20.0), y=3302.5 (was 3302.5)
  [UPDATE Y] child: div, content_height=405.5, margin.bottom=0.0, total_height=405.5, y after=3688.0
[LAYOUT] Child element: text (parent: body)
  parent.content: x=20.0, y=20.0
  parent.padding: left=20.0, top=20.0
  child.margin: left=0.0, top=0.0
  y (accumulated): 3688.0
  child.content: x=20.0 (was 20.0), y=3708.0 (was 3708.0)
  [UPDATE Y] child: text, content_height=0.0, margin.bottom=0.0, total_height=0.0, y after=3688.0
[LAYOUT] Child element: div (parent: body)
  parent.content: x=20.0, y=20.0
  parent.padding: left=20.0, top=20.0
  child.margin: left=0.0, top=0.0
  y (accumulated): 3688.0
  child.content: x=20.0 (was 20.0), y=3708.0 (was 3708.0)
  [UPDATE Y] child: div, content_height=610.3, margin.bottom=0.0, total_height=610.3, y after=4298.4
[LAYOUT] Child element: text (parent: body)
  parent.content: x=20.0, y=20.0
  parent.padding: left=20.0, top=20.0
  child.margin: left=0.0, top=0.0
  y (accumulated): 4298.4
  child.content: x=20.0 (was 20.0), y=4318.4 (was 4318.4)
  [UPDATE Y] child: text, content_height=0.0, margin.bottom=0.0, total_height=0.0, y after=4298.4
  [UPDATE Y] child: div, content_height=117.2, margin.bottom=0.0, total_height=117.2, y after=273.9
[LAYOUT] Child element: div (parent: body)
  parent.content: x=20.0, y=20.0
  parent.padding: left=20.0, top=20.0
  child.margin: left=0.0, top=0.0
  y (accumulated): 4298.4
  child.content: x=20.0 (was 20.0), y=4318.4 (was 4318.4)
  [UPDATE Y] child: div, content_height=343.9, margin.bottom=0.0, total_height=343.9, y after=4642.3
[LAYOUT] Child element: text (parent: body)
  parent.content: x=20.0, y=20.0
  parent.padding: left=20.0, top=20.0
  child.margin: left=0.0, top=0.0
  y (accumulated): 4642.3
  child.content: x=20.0 (was 20.0), y=4662.3 (was 4662.3)
  [UPDATE Y] child: text, content_height=0.0, margin.bottom=0.0, total_height=0.0, y after=4642.3
  [UPDATE Y] child: div, content_height=71.2, margin.bottom=2.0, total_height=73.2, y after=132.4
  [UPDATE Y] child: div, content_height=160.4, margin.bottom=3.0, total_height=163.4, y after=224.6
  [UPDATE Y] child: div, content_height=258.6, margin.bottom=5.0, total_height=263.6, y after=364.1
[LAYOUT] Child element: div (parent: body)
  parent.content: x=20.0, y=20.0
  parent.padding: left=20.0, top=20.0
  child.margin: left=0.0, top=0.0
  y (accumulated): 4642.3
  child.content: x=20.0 (was 20.0), y=4662.3 (was 4662.3)
  [UPDATE Y] child: div, content_height=413.1, margin.bottom=0.0, total_height=413.1, y after=5055.4
[LAYOUT] Child element: text (parent: body)
  parent.content: x=20.0, y=20.0
  parent.padding: left=20.0, top=20.0
  child.margin: left=0.0, top=0.0
  y (accumulated): 5055.4
  child.content: x=20.0 (was 20.0), y=5075.4 (was 5075.4)
  [UPDATE Y] child: text, content_height=0.0, margin.bottom=0.0, total_height=0.0, y after=5055.4
[LAYOUT] Child element: div (parent: body)
  parent.content: x=20.0, y=20.0
  parent.padding: left=20.0, top=20.0
  child.margin: left=0.0, top=0.0
  y (accumulated): 5055.4
  child.content: x=20.0 (was 20.0), y=5075.4 (was 5075.4)
  [UPDATE Y] child: div, content_height=405.5, margin.bottom=0.0, total_height=405.5, y after=5460.9
[LAYOUT] Child element: text (parent: body)
  parent.content: x=20.0, y=20.0
  parent.padding: left=20.0, top=20.0
  child.margin: left=0.0, top=0.0
  y (accumulated): 5460.9
  child.content: x=20.0 (was 20.0), y=5480.9 (was 5480.9)
  [UPDATE Y] child: text, content_height=0.0, margin.bottom=0.0, total_height=0.0, y after=5460.9
  [UPDATE Y] child: div, content_height=222.4, margin.bottom=0.0, total_height=222.4, y after=222.4
  [UPDATE Y] child: div, content_height=91.2, margin.bottom=0.0, total_height=91.2, y after=245.4
  [UPDATE Y] child: div, content_height=294.4, margin.bottom=0.0, total_height=294.4, y after=516.8
  [UPDATE Y] child: div, content_height=516.8, margin.bottom=0.0, total_height=516.8, y after=622.3
  [UPDATE Y] child: div, content_height=115.2, margin.bottom=0.0, total_height=115.2, y after=737.5
[LAYOUT] Child element: div (parent: body)
  parent.content: x=20.0, y=20.0
  parent.padding: left=20.0, top=20.0
  child.margin: left=0.0, top=0.0
  y (accumulated): 5460.9
  child.content: x=20.0 (was 20.0), y=5480.9 (was 5480.9)
  [UPDATE Y] child: div, content_height=803.5, margin.bottom=0.0, total_height=803.5, y after=6264.4
[LAYOUT] Child element: text (parent: body)
  parent.content: x=20.0, y=20.0
  parent.padding: left=20.0, top=20.0
  child.margin: left=0.0, top=0.0
  y (accumulated): 6264.4
  child.content: x=20.0 (was 20.0), y=6284.4 (was 6284.4)
  [UPDATE Y] child: text, content_height=0.0, margin.bottom=0.0, total_height=0.0, y after=6264.4
[LAYOUT] Child element: div (parent: body)
  parent.content: x=20.0, y=20.0
  parent.padding: left=20.0, top=20.0
  child.margin: left=0.0, top=30.0
  y (accumulated): 6264.4
  child.content: x=20.0 (was 20.0), y=6314.4 (was 6314.4)
  [UPDATE Y] child: div, content_height=182.4, margin.bottom=0.0, total_height=182.4, y after=6446.8
[WIDTH DEBUG] h1: containing_block.width=1120.0, available_width=1120.0, calculated_width=1116.0
[WIDTH DEBUG] h1: containing_block.width=1086.0, available_width=1086.0, calculated_width=1086.0
[LAYOUT] Child element: h1 (parent: div)
  parent.content: x=20.0, y=111.4
  parent.padding: left=15.0, top=15.0
  child.margin: left=0.0, top=16.1
  y (accumulated): 15.0
  child.content: x=15.0 (was 15.0), y=142.5 (was 142.5)
  [UPDATE Y] child: h1, content_height=62.1, margin.bottom=16.1, total_height=78.2, y after=93.2
  [UPDATE Y] child: div, content_height=96.0, margin.bottom=0.0, total_height=96.0, y after=301.2
[WIDTH DEBUG] h1: containing_block.width=1086.0, available_width=1086.0, calculated_width=1086.0
  [UPDATE Y] child: div, content_height=59.2, margin.bottom=5.0, total_height=64.2, y after=138.2
  [UPDATE Y] child: div, content_height=59.2, margin.bottom=5.0, total_height=64.2, y after=202.4
  [UPDATE Y] child: div, content_height=59.2, margin.bottom=0.0, total_height=59.2, y after=267.8
  [UPDATE Y] child: div, content_height=99.2, margin.bottom=5.0, total_height=104.2, y after=119.2
  [UPDATE Y] child: div, content_height=99.2, margin.bottom=5.0, total_height=104.2, y after=223.4
  [UPDATE Y] child: div, content_height=99.2, margin.bottom=5.0, total_height=104.2, y after=327.6
  [UPDATE Y] child: div, content_height=99.2, margin.bottom=5.0, total_height=104.2, y after=431.8
  [UPDATE Y] child: div, content_height=99.2, margin.bottom=5.0, total_height=104.2, y after=536.0
  [UPDATE Y] child: div, content_height=585.0, margin.bottom=0.0, total_height=585.0, y after=697.1
  [UPDATE Y] child: div, content_height=99.2, margin.bottom=5.0, total_height=104.2, y after=119.2
  [UPDATE Y] child: div, content_height=99.2, margin.bottom=5.0, total_height=104.2, y after=223.4
  [UPDATE Y] child: div, content_height=99.2, margin.bottom=5.0, total_height=104.2, y after=327.6
  [UPDATE Y] child: div, content_height=334.0, margin.bottom=0.0, total_height=334.0, y after=1031.1
  [UPDATE Y] child: div, content_height=79.2, margin.bottom=0.0, total_height=79.2, y after=94.2
  [UPDATE Y] child: div, content_height=79.2, margin.bottom=0.0, total_height=79.2, y after=173.4
  [UPDATE Y] child: div, content_height=79.2, margin.bottom=0.0, total_height=79.2, y after=252.6
  [UPDATE Y] child: div, content_height=79.2, margin.bottom=0.0, total_height=79.2, y after=331.8
  [UPDATE Y] child: div, content_height=79.2, margin.bottom=0.0, total_height=79.2, y after=411.0
  [UPDATE Y] child: div, content_height=79.2, margin.bottom=0.0, total_height=79.2, y after=490.2
  [UPDATE Y] child: div, content_height=79.2, margin.bottom=0.0, total_height=79.2, y after=569.4
  [UPDATE Y] child: div, content_height=79.2, margin.bottom=0.0, total_height=79.2, y after=648.6
  [UPDATE Y] child: div, content_height=697.6, margin.bottom=0.0, total_height=697.6, y after=809.7
  [UPDATE Y] child: div, content_height=117.2, margin.bottom=0.0, total_height=117.2, y after=273.9
  [UPDATE Y] child: div, content_height=71.2, margin.bottom=2.0, total_height=73.2, y after=132.4
  [UPDATE Y] child: div, content_height=160.4, margin.bottom=3.0, total_height=163.4, y after=224.6
  [UPDATE Y] child: div, content_height=258.6, margin.bottom=5.0, total_height=263.6, y after=364.1
  [UPDATE Y] child: div, content_height=71.2, margin.bottom=2.0, total_height=73.2, y after=132.4
  [UPDATE Y] child: div, content_height=160.4, margin.bottom=3.0, total_height=163.4, y after=224.6
  [UPDATE Y] child: div, content_height=71.2, margin.bottom=2.0, total_height=73.2, y after=132.4
  [UPDATE Y] child: div, content_height=222.4, margin.bottom=0.0, total_height=222.4, y after=222.4
  [UPDATE Y] child: div, content_height=91.2, margin.bottom=0.0, total_height=91.2, y after=245.4
  [UPDATE Y] child: div, content_height=294.4, margin.bottom=0.0, total_height=294.4, y after=516.8
  [UPDATE Y] child: div, content_height=516.8, margin.bottom=0.0, total_height=516.8, y after=622.3
  [UPDATE Y] child: div, content_height=115.2, margin.bottom=0.0, total_height=115.2, y after=737.5
[gpa] (err): memory address 0x7fc0a6f60d40 leaked: 
/home/winger/zigwk/zbrowser/src/layout/inline.zig:47:52: 0x12fa0c2 in layoutInline (inline.zig)
    const new_ifc = try layout_box.allocator.create(context.InlineFormattingContext);
                                                   ^
/home/winger/zigwk/zbrowser/src/layout/engine.zig:166:51: 0x12fc03f in layout (engine.zig)
                _ = try inline_layout.layoutInline(layout_tree, viewport);
                                                  ^
/home/winger/zigwk/zbrowser/src/layout/engine.zig:217:36: 0x12fc6d7 in layout (engine.zig)
                    try self.layout(child, containing_block, stylesheets);
                                   ^
/home/winger/zigwk/zbrowser/src/layout/engine.zig:217:36: 0x12fc6d7 in layout (engine.zig)
                    try self.layout(child, containing_block, stylesheets);
                                   ^
/home/winger/zigwk/zbrowser/src/layout/engine.zig:217:36: 0x12fc6d7 in layout (engine.zig)
                    try self.layout(child, containing_block, stylesheets);
                                   ^
/home/winger/zigwk/zbrowser/src/layout/engine.zig:217:36: 0x12fc6d7 in layout (engine.zig)
                    try self.layout(child, containing_block, stylesheets);
                                   ^

[gpa] (err): memory address 0x7fc0a6f60d80 leaked: 
/home/winger/zigwk/zbrowser/src/layout/inline.zig:47:52: 0x12fa0c2 in layoutInline (inline.zig)
    const new_ifc = try layout_box.allocator.create(context.InlineFormattingContext);
                                                   ^
/home/winger/zigwk/zbrowser/src/layout/engine.zig:166:51: 0x12fc03f in layout (engine.zig)
                _ = try inline_layout.layoutInline(layout_tree, viewport);
                                                  ^
/home/winger/zigwk/zbrowser/src/layout/engine.zig:217:36: 0x12fc6d7 in layout (engine.zig)
                    try self.layout(child, containing_block, stylesheets);
                                   ^
/home/winger/zigwk/zbrowser/src/layout/engine.zig:217:36: 0x12fc6d7 in layout (engine.zig)
                    try self.layout(child, containing_block, stylesheets);
                                   ^
/home/winger/zigwk/zbrowser/src/layout/engine.zig:217:36: 0x12fc6d7 in layout (engine.zig)
                    try self.layout(child, containing_block, stylesheets);
                                   ^
/home/winger/zigwk/zbrowser/src/layout/engine.zig:217:36: 0x12fc6d7 in layout (engine.zig)
                    try self.layout(child, containing_block, stylesheets);
                                   ^

[gpa] (err): memory address 0x7fc0a6f60dc0 leaked: 
/home/winger/zigwk/zbrowser/src/layout/inline.zig:47:52: 0x12fa0c2 in layoutInline (inline.zig)
    const new_ifc = try layout_box.allocator.create(context.InlineFormattingContext);
                                                   ^
/home/winger/zigwk/zbrowser/src/layout/engine.zig:166:51: 0x12fc03f in layout (engine.zig)
                _ = try inline_layout.layoutInline(layout_tree, viewport);
                                                  ^
/home/winger/zigwk/zbrowser/src/layout/engine.zig:217:36: 0x12fc6d7 in layout (engine.zig)
                    try self.layout(child, containing_block, stylesheets);
                                   ^
/home/winger/zigwk/zbrowser/src/layout/engine.zig:217:36: 0x12fc6d7 in layout (engine.zig)
                    try self.layout(child, containing_block, stylesheets);
                                   ^
/home/winger/zigwk/zbrowser/src/layout/engine.zig:217:36: 0x12fc6d7 in layout (engine.zig)
                    try self.layout(child, containing_block, stylesheets);
                                   ^
/home/winger/zigwk/zbrowser/src/layout/engine.zig:217:36: 0x12fc6d7 in layout (engine.zig)
                    try self.layout(child, containing_block, stylesheets);
                                   ^

[gpa] (err): memory address 0x7fc0a6f60e00 leaked: 
/home/winger/zigwk/zbrowser/src/layout/inline.zig:47:52: 0x12fa0c2 in layoutInline (inline.zig)
    const new_ifc = try layout_box.allocator.create(context.InlineFormattingContext);
                                                   ^
/home/winger/zigwk/zbrowser/src/layout/engine.zig:166:51: 0x12fc03f in layout (engine.zig)
                _ = try inline_layout.layoutInline(layout_tree, viewport);
                                                  ^
/home/winger/zigwk/zbrowser/src/layout/engine.zig:217:36: 0x12fc6d7 in layout (engine.zig)
                    try self.layout(child, containing_block, stylesheets);
                                   ^
/home/winger/zigwk/zbrowser/src/layout/engine.zig:217:36: 0x12fc6d7 in layout (engine.zig)
                    try self.layout(child, containing_block, stylesheets);
                                   ^
/home/winger/zigwk/zbrowser/src/layout/engine.zig:217:36: 0x12fc6d7 in layout (engine.zig)
                    try self.layout(child, containing_block, stylesheets);
                                   ^
/home/winger/zigwk/zbrowser/src/layout/engine.zig:217:36: 0x12fc6d7 in layout (engine.zig)
                    try self.layout(child, containing_block, stylesheets);
                                   ^

[gpa] (err): memory address 0x7fc0a6f60e40 leaked: 
/home/winger/zigwk/zbrowser/src/layout/inline.zig:47:52: 0x12fa0c2 in layoutInline (inline.zig)
    const new_ifc = try layout_box.allocator.create(context.InlineFormattingContext);
                                                   ^
/home/winger/zigwk/zbrowser/src/layout/engine.zig:166:51: 0x12fc03f in layout (engine.zig)
                _ = try inline_layout.layoutInline(layout_tree, viewport);
                                                  ^
/home/winger/zigwk/zbrowser/src/layout/engine.zig:217:36: 0x12fc6d7 in layout (engine.zig)
                    try self.layout(child, containing_block, stylesheets);
                                   ^
/home/winger/zigwk/zbrowser/src/layout/engine.zig:217:36: 0x12fc6d7 in layout (engine.zig)
                    try self.layout(child, containing_block, stylesheets);
                                   ^
/home/winger/zigwk/zbrowser/src/layout/engine.zig:217:36: 0x12fc6d7 in layout (engine.zig)
                    try self.layout(child, containing_block, stylesheets);
                                   ^
/home/winger/zigwk/zbrowser/src/layout/engine.zig:217:36: 0x12fc6d7 in layout (engine.zig)
                    try self.layout(child, containing_block, stylesheets);
                                   ^

[gpa] (err): memory address 0x7fc0a6f60f80 leaked: 
/home/winger/zigwk/zbrowser/src/layout/inline.zig:47:52: 0x12fa0c2 in layoutInline (inline.zig)
    const new_ifc = try layout_box.allocator.create(context.InlineFormattingContext);
                                                   ^
/home/winger/zigwk/zbrowser/src/layout/engine.zig:166:51: 0x12fc03f in layout (engine.zig)
                _ = try inline_layout.layoutInline(layout_tree, viewport);
                                                  ^
/home/winger/zigwk/zbrowser/src/layout/engine.zig:217:36: 0x12fc6d7 in layout (engine.zig)
                    try self.layout(child, containing_block, stylesheets);
                                   ^
/home/winger/zigwk/zbrowser/src/layout/engine.zig:217:36: 0x12fc6d7 in layout (engine.zig)
                    try self.layout(child, containing_block, stylesheets);
                                   ^
/home/winger/zigwk/zbrowser/src/layout/engine.zig:217:36: 0x12fc6d7 in layout (engine.zig)
                    try self.layout(child, containing_block, stylesheets);
                                   ^
/home/winger/zigwk/zbrowser/src/layout/engine.zig:217:36: 0x12fc6d7 in layout (engine.zig)
                    try self.layout(child, containing_block, stylesheets);
                                   ^

[gpa] (err): memory address 0x7fc0a6f60fc0 leaked: 
/home/winger/zigwk/zbrowser/src/layout/inline.zig:47:52: 0x12fa0c2 in layoutInline (inline.zig)
    const new_ifc = try layout_box.allocator.create(context.InlineFormattingContext);
                                                   ^
/home/winger/zigwk/zbrowser/src/layout/engine.zig:166:51: 0x12fc03f in layout (engine.zig)
                _ = try inline_layout.layoutInline(layout_tree, viewport);
                                                  ^
/home/winger/zigwk/zbrowser/src/layout/engine.zig:217:36: 0x12fc6d7 in layout (engine.zig)
                    try self.layout(child, containing_block, stylesheets);
                                   ^
/home/winger/zigwk/zbrowser/src/layout/engine.zig:217:36: 0x12fc6d7 in layout (engine.zig)
                    try self.layout(child, containing_block, stylesheets);
                                   ^
/home/winger/zigwk/zbrowser/src/layout/engine.zig:217:36: 0x12fc6d7 in layout (engine.zig)
                    try self.layout(child, containing_block, stylesheets);
                                   ^
/home/winger/zigwk/zbrowser/src/layout/engine.zig:217:36: 0x12fc6d7 in layout (engine.zig)
                    try self.layout(child, containing_block, stylesheets);
                                   ^

[gpa] (err): memory address 0x7fc0a6f61000 leaked: 
/home/winger/zigwk/zbrowser/src/layout/inline.zig:47:52: 0x12fa0c2 in layoutInline (inline.zig)
    const new_ifc = try layout_box.allocator.create(context.InlineFormattingContext);
                                                   ^
/home/winger/zigwk/zbrowser/src/layout/engine.zig:166:51: 0x12fc03f in layout (engine.zig)
                _ = try inline_layout.layoutInline(layout_tree, viewport);
                                                  ^
/home/winger/zigwk/zbrowser/src/layout/engine.zig:217:36: 0x12fc6d7 in layout (engine.zig)
                    try self.layout(child, containing_block, stylesheets);
                                   ^
/home/winger/zigwk/zbrowser/src/layout/engine.zig:217:36: 0x12fc6d7 in layout (engine.zig)
                    try self.layout(child, containing_block, stylesheets);
                                   ^
/home/winger/zigwk/zbrowser/src/layout/engine.zig:217:36: 0x12fc6d7 in layout (engine.zig)
                    try self.layout(child, containing_block, stylesheets);
                                   ^
/home/winger/zigwk/zbrowser/src/layout/engine.zig:217:36: 0x12fc6d7 in layout (engine.zig)
                    try self.layout(child, containing_block, stylesheets);
                                   ^

[gpa] (err): memory address 0x7fc0a6f61040 leaked: 
/home/winger/zigwk/zbrowser/src/layout/inline.zig:47:52: 0x12fa0c2 in layoutInline (inline.zig)
    const new_ifc = try layout_box.allocator.create(context.InlineFormattingContext);
                                                   ^
/home/winger/zigwk/zbrowser/src/layout/engine.zig:166:51: 0x12fc03f in layout (engine.zig)
                _ = try inline_layout.layoutInline(layout_tree, viewport);
                                                  ^
/home/winger/zigwk/zbrowser/src/layout/engine.zig:217:36: 0x12fc6d7 in layout (engine.zig)
                    try self.layout(child, containing_block, stylesheets);
                                   ^
/home/winger/zigwk/zbrowser/src/layout/engine.zig:217:36: 0x12fc6d7 in layout (engine.zig)
                    try self.layout(child, containing_block, stylesheets);
                                   ^
/home/winger/zigwk/zbrowser/src/layout/engine.zig:217:36: 0x12fc6d7 in layout (engine.zig)
                    try self.layout(child, containing_block, stylesheets);
                                   ^
/home/winger/zigwk/zbrowser/src/layout/engine.zig:217:36: 0x12fc6d7 in layout (engine.zig)
                    try self.layout(child, containing_block, stylesheets);
                                   ^

[gpa] (err): memory address 0x7fc0a6f61080 leaked: 
/home/winger/zigwk/zbrowser/src/layout/inline.zig:47:52: 0x12fa0c2 in layoutInline (inline.zig)
    const new_ifc = try layout_box.allocator.create(context.InlineFormattingContext);
                                                   ^
/home/winger/zigwk/zbrowser/src/layout/engine.zig:166:51: 0x12fc03f in layout (engine.zig)
                _ = try inline_layout.layoutInline(layout_tree, viewport);
                                                  ^
/home/winger/zigwk/zbrowser/src/layout/engine.zig:217:36: 0x12fc6d7 in layout (engine.zig)
                    try self.layout(child, containing_block, stylesheets);
                                   ^
/home/winger/zigwk/zbrowser/src/layout/engine.zig:217:36: 0x12fc6d7 in layout (engine.zig)
                    try self.layout(child, containing_block, stylesheets);
                                   ^
/home/winger/zigwk/zbrowser/src/layout/engine.zig:217:36: 0x12fc6d7 in layout (engine.zig)
                    try self.layout(child, containing_block, stylesheets);
                                   ^
/home/winger/zigwk/zbrowser/src/layout/engine.zig:217:36: 0x12fc6d7 in layout (engine.zig)
                    try self.layout(child, containing_block, stylesheets);
                                   ^

[gpa] (err): memory address 0x7fc0a6f610c0 leaked: 
/home/winger/zigwk/zbrowser/src/layout/inline.zig:47:52: 0x12fa0c2 in layoutInline (inline.zig)
    const new_ifc = try layout_box.allocator.create(context.InlineFormattingContext);
                                                   ^
/home/winger/zigwk/zbrowser/src/layout/engine.zig:166:51: 0x12fc03f in layout (engine.zig)
                _ = try inline_layout.layoutInline(layout_tree, viewport);
                                                  ^
/home/winger/zigwk/zbrowser/src/layout/engine.zig:217:36: 0x12fc6d7 in layout (engine.zig)
                    try self.layout(child, containing_block, stylesheets);
                                   ^
/home/winger/zigwk/zbrowser/src/layout/engine.zig:217:36: 0x12fc6d7 in layout (engine.zig)
                    try self.layout(child, containing_block, stylesheets);
                                   ^
/home/winger/zigwk/zbrowser/src/layout/engine.zig:217:36: 0x12fc6d7 in layout (engine.zig)
                    try self.layout(child, containing_block, stylesheets);
                                   ^
/home/winger/zigwk/zbrowser/src/layout/engine.zig:217:36: 0x12fc6d7 in layout (engine.zig)
                    try self.layout(child, containing_block, stylesheets);
                                   ^

[gpa] (err): memory address 0x7fc0a6f20000 leaked: 
/home/winger/zigwk/zbrowser/zig-x86_64-linux-0.15.2/lib/std/array_list.zig:1231:56: 0x1422e6e in ensureTotalCapacityPrecise (std.zig)
                const new_memory = try gpa.alignedAlloc(T, alignment, new_capacity);
                                                       ^
/home/winger/zigwk/zbrowser/zig-x86_64-linux-0.15.2/lib/std/array_list.zig:1207:51: 0x13e8f15 in ensureTotalCapacity (std.zig)
            return self.ensureTotalCapacityPrecise(gpa, growCapacity(self.capacity, new_capacity));
                                                  ^
/home/winger/zigwk/zbrowser/zig-x86_64-linux-0.15.2/lib/std/array_list.zig:1261:41: 0x13772db in addOne (std.zig)
            try self.ensureTotalCapacity(gpa, newlen);
                                        ^
/home/winger/zigwk/zbrowser/zig-x86_64-linux-0.15.2/lib/std/array_list.zig:894:49: 0x13327fc in append (std.zig)
            const new_item_ptr = try self.addOne(gpa);
                                                ^
/home/winger/zigwk/zbrowser/src/layout/inline.zig:96:45: 0x12faf91 in layoutInline (inline.zig)
        try current_line.inline_boxes.append(layout_box.allocator, child);
                                            ^
/home/winger/zigwk/zbrowser/src/layout/engine.zig:166:51: 0x12fc03f in layout (engine.zig)
                _ = try inline_layout.layoutInline(layout_tree, viewport);
                                                  ^

[gpa] (err): memory address 0x7fc0a6f21700 leaked: 
/home/winger/zigwk/zbrowser/zig-x86_64-linux-0.15.2/lib/std/array_list.zig:1231:56: 0x1423cde in ensureTotalCapacityPrecise (std.zig)
                const new_memory = try gpa.alignedAlloc(T, alignment, new_capacity);
                                                       ^
/home/winger/zigwk/zbrowser/zig-x86_64-linux-0.15.2/lib/std/array_list.zig:1207:51: 0x13e9635 in ensureTotalCapacity (std.zig)
            return self.ensureTotalCapacityPrecise(gpa, growCapacity(self.capacity, new_capacity));
                                                  ^
/home/winger/zigwk/zbrowser/zig-x86_64-linux-0.15.2/lib/std/array_list.zig:1261:41: 0x137eadb in addOne (std.zig)
            try self.ensureTotalCapacity(gpa, newlen);
                                        ^
/home/winger/zigwk/zbrowser/zig-x86_64-linux-0.15.2/lib/std/array_list.zig:894:49: 0x1336242 in append (std.zig)
            const new_item_ptr = try self.addOne(gpa);
                                                ^
/home/winger/zigwk/zbrowser/src/layout/inline.zig:27:30: 0x12f9bf0 in createLineBox (inline.zig)
    try ifc.line_boxes.append(allocator, line_box);
                             ^
/home/winger/zigwk/zbrowser/src/layout/inline.zig:62:41: 0x12fa3a0 in layoutInline (inline.zig)
    var current_line = try createLineBox(ifc, current_y, layout_box.allocator);
                                        ^

[gpa] (err): memory address 0x7fc0a6f21780 leaked: 
/home/winger/zigwk/zbrowser/zig-x86_64-linux-0.15.2/lib/std/array_list.zig:1231:56: 0x1422e6e in ensureTotalCapacityPrecise (std.zig)
                const new_memory = try gpa.alignedAlloc(T, alignment, new_capacity);
                                                       ^
/home/winger/zigwk/zbrowser/zig-x86_64-linux-0.15.2/lib/std/array_list.zig:1207:51: 0x13e8f15 in ensureTotalCapacity (std.zig)
            return self.ensureTotalCapacityPrecise(gpa, growCapacity(self.capacity, new_capacity));
                                                  ^
/home/winger/zigwk/zbrowser/zig-x86_64-linux-0.15.2/lib/std/array_list.zig:1261:41: 0x13772db in addOne (std.zig)
            try self.ensureTotalCapacity(gpa, newlen);
                                        ^
/home/winger/zigwk/zbrowser/zig-x86_64-linux-0.15.2/lib/std/array_list.zig:894:49: 0x13327fc in append (std.zig)
            const new_item_ptr = try self.addOne(gpa);
                                                ^
/home/winger/zigwk/zbrowser/src/layout/inline.zig:96:45: 0x12faf91 in layoutInline (inline.zig)
        try current_line.inline_boxes.append(layout_box.allocator, child);
                                            ^
/home/winger/zigwk/zbrowser/src/layout/engine.zig:166:51: 0x12fc03f in layout (engine.zig)
                _ = try inline_layout.layoutInline(layout_tree, viewport);
                                                  ^

[gpa] (err): memory address 0x7fc0a6f21800 leaked: 
/home/winger/zigwk/zbrowser/zig-x86_64-linux-0.15.2/lib/std/array_list.zig:1231:56: 0x1423cde in ensureTotalCapacityPrecise (std.zig)
                const new_memory = try gpa.alignedAlloc(T, alignment, new_capacity);
                                                       ^
/home/winger/zigwk/zbrowser/zig-x86_64-linux-0.15.2/lib/std/array_list.zig:1207:51: 0x13e9635 in ensureTotalCapacity (std.zig)
            return self.ensureTotalCapacityPrecise(gpa, growCapacity(self.capacity, new_capacity));
                                                  ^
/home/winger/zigwk/zbrowser/zig-x86_64-linux-0.15.2/lib/std/array_list.zig:1261:41: 0x137eadb in addOne (std.zig)
            try self.ensureTotalCapacity(gpa, newlen);
                                        ^
/home/winger/zigwk/zbrowser/zig-x86_64-linux-0.15.2/lib/std/array_list.zig:894:49: 0x1336242 in append (std.zig)
            const new_item_ptr = try self.addOne(gpa);
                                                ^
/home/winger/zigwk/zbrowser/src/layout/inline.zig:27:30: 0x12f9bf0 in createLineBox (inline.zig)
    try ifc.line_boxes.append(allocator, line_box);
                             ^
/home/winger/zigwk/zbrowser/src/layout/inline.zig:62:41: 0x12fa3a0 in layoutInline (inline.zig)
    var current_line = try createLineBox(ifc, current_y, layout_box.allocator);
                                        ^

[gpa] (err): memory address 0x7fc0a6f21880 leaked: 
/home/winger/zigwk/zbrowser/zig-x86_64-linux-0.15.2/lib/std/array_list.zig:1231:56: 0x1422e6e in ensureTotalCapacityPrecise (std.zig)
                const new_memory = try gpa.alignedAlloc(T, alignment, new_capacity);
                                                       ^
/home/winger/zigwk/zbrowser/zig-x86_64-linux-0.15.2/lib/std/array_list.zig:1207:51: 0x13e8f15 in ensureTotalCapacity (std.zig)
            return self.ensureTotalCapacityPrecise(gpa, growCapacity(self.capacity, new_capacity));
                                                  ^
/home/winger/zigwk/zbrowser/zig-x86_64-linux-0.15.2/lib/std/array_list.zig:1261:41: 0x13772db in addOne (std.zig)
            try self.ensureTotalCapacity(gpa, newlen);
                                        ^
/home/winger/zigwk/zbrowser/zig-x86_64-linux-0.15.2/lib/std/array_list.zig:894:49: 0x13327fc in append (std.zig)
            const new_item_ptr = try self.addOne(gpa);
                                                ^
/home/winger/zigwk/zbrowser/src/layout/inline.zig:96:45: 0x12faf91 in layoutInline (inline.zig)
        try current_line.inline_boxes.append(layout_box.allocator, child);
                                            ^
/home/winger/zigwk/zbrowser/src/layout/engine.zig:166:51: 0x12fc03f in layout (engine.zig)
                _ = try inline_layout.layoutInline(layout_tree, viewport);
                                                  ^

[gpa] (err): memory address 0x7fc0a6f21900 leaked: 
/home/winger/zigwk/zbrowser/zig-x86_64-linux-0.15.2/lib/std/array_list.zig:1231:56: 0x1423cde in ensureTotalCapacityPrecise (std.zig)
                const new_memory = try gpa.alignedAlloc(T, alignment, new_capacity);
                                                       ^
/home/winger/zigwk/zbrowser/zig-x86_64-linux-0.15.2/lib/std/array_list.zig:1207:51: 0x13e9635 in ensureTotalCapacity (std.zig)
            return self.ensureTotalCapacityPrecise(gpa, growCapacity(self.capacity, new_capacity));
                                                  ^
/home/winger/zigwk/zbrowser/zig-x86_64-linux-0.15.2/lib/std/array_list.zig:1261:41: 0x137eadb in addOne (std.zig)
            try self.ensureTotalCapacity(gpa, newlen);
                                        ^
/home/winger/zigwk/zbrowser/zig-x86_64-linux-0.15.2/lib/std/array_list.zig:894:49: 0x1336242 in append (std.zig)
            const new_item_ptr = try self.addOne(gpa);
                                                ^
/home/winger/zigwk/zbrowser/src/layout/inline.zig:27:30: 0x12f9bf0 in createLineBox (inline.zig)
    try ifc.line_boxes.append(allocator, line_box);
                             ^
/home/winger/zigwk/zbrowser/src/layout/inline.zig:62:41: 0x12fa3a0 in layoutInline (inline.zig)
    var current_line = try createLineBox(ifc, current_y, layout_box.allocator);
                                        ^

[gpa] (err): memory address 0x7fc0a6f21980 leaked: 
/home/winger/zigwk/zbrowser/zig-x86_64-linux-0.15.2/lib/std/array_list.zig:1231:56: 0x1422e6e in ensureTotalCapacityPrecise (std.zig)
                const new_memory = try gpa.alignedAlloc(T, alignment, new_capacity);
                                                       ^
/home/winger/zigwk/zbrowser/zig-x86_64-linux-0.15.2/lib/std/array_list.zig:1207:51: 0x13e8f15 in ensureTotalCapacity (std.zig)
            return self.ensureTotalCapacityPrecise(gpa, growCapacity(self.capacity, new_capacity));
                                                  ^
/home/winger/zigwk/zbrowser/zig-x86_64-linux-0.15.2/lib/std/array_list.zig:1261:41: 0x13772db in addOne (std.zig)
            try self.ensureTotalCapacity(gpa, newlen);
                                        ^
/home/winger/zigwk/zbrowser/zig-x86_64-linux-0.15.2/lib/std/array_list.zig:894:49: 0x13327fc in append (std.zig)
            const new_item_ptr = try self.addOne(gpa);
                                                ^
/home/winger/zigwk/zbrowser/src/layout/inline.zig:96:45: 0x12faf91 in layoutInline (inline.zig)
        try current_line.inline_boxes.append(layout_box.allocator, child);
                                            ^
/home/winger/zigwk/zbrowser/src/layout/engine.zig:166:51: 0x12fc03f in layout (engine.zig)
                _ = try inline_layout.layoutInline(layout_tree, viewport);
                                                  ^

[gpa] (err): memory address 0x7fc0a6f21a00 leaked: 
/home/winger/zigwk/zbrowser/zig-x86_64-linux-0.15.2/lib/std/array_list.zig:1231:56: 0x1423cde in ensureTotalCapacityPrecise (std.zig)
                const new_memory = try gpa.alignedAlloc(T, alignment, new_capacity);
                                                       ^
/home/winger/zigwk/zbrowser/zig-x86_64-linux-0.15.2/lib/std/array_list.zig:1207:51: 0x13e9635 in ensureTotalCapacity (std.zig)
            return self.ensureTotalCapacityPrecise(gpa, growCapacity(self.capacity, new_capacity));
                                                  ^
/home/winger/zigwk/zbrowser/zig-x86_64-linux-0.15.2/lib/std/array_list.zig:1261:41: 0x137eadb in addOne (std.zig)
            try self.ensureTotalCapacity(gpa, newlen);
                                        ^
/home/winger/zigwk/zbrowser/zig-x86_64-linux-0.15.2/lib/std/array_list.zig:894:49: 0x1336242 in append (std.zig)
            const new_item_ptr = try self.addOne(gpa);
                                                ^
/home/winger/zigwk/zbrowser/src/layout/inline.zig:27:30: 0x12f9bf0 in createLineBox (inline.zig)
    try ifc.line_boxes.append(allocator, line_box);
                             ^
/home/winger/zigwk/zbrowser/src/layout/inline.zig:62:41: 0x12fa3a0 in layoutInline (inline.zig)
    var current_line = try createLineBox(ifc, current_y, layout_box.allocator);
                                        ^

[gpa] (err): memory address 0x7fc0a6f21a80 leaked: 
/home/winger/zigwk/zbrowser/zig-x86_64-linux-0.15.2/lib/std/array_list.zig:1231:56: 0x1422e6e in ensureTotalCapacityPrecise (std.zig)
                const new_memory = try gpa.alignedAlloc(T, alignment, new_capacity);
                                                       ^
/home/winger/zigwk/zbrowser/zig-x86_64-linux-0.15.2/lib/std/array_list.zig:1207:51: 0x13e8f15 in ensureTotalCapacity (std.zig)
            return self.ensureTotalCapacityPrecise(gpa, growCapacity(self.capacity, new_capacity));
                                                  ^
/home/winger/zigwk/zbrowser/zig-x86_64-linux-0.15.2/lib/std/array_list.zig:1261:41: 0x13772db in addOne (std.zig)
            try self.ensureTotalCapacity(gpa, newlen);
                                        ^
/home/winger/zigwk/zbrowser/zig-x86_64-linux-0.15.2/lib/std/array_list.zig:894:49: 0x13327fc in append (std.zig)
            const new_item_ptr = try self.addOne(gpa);
                                                ^
/home/winger/zigwk/zbrowser/src/layout/inline.zig:96:45: 0x12faf91 in layoutInline (inline.zig)
        try current_line.inline_boxes.append(layout_box.allocator, child);
                                            ^
/home/winger/zigwk/zbrowser/src/layout/engine.zig:166:51: 0x12fc03f in layout (engine.zig)
                _ = try inline_layout.layoutInline(layout_tree, viewport);
                                                  ^

[gpa] (err): memory address 0x7fc0a6f21b00 leaked: 
/home/winger/zigwk/zbrowser/zig-x86_64-linux-0.15.2/lib/std/array_list.zig:1231:56: 0x1423cde in ensureTotalCapacityPrecise (std.zig)
                const new_memory = try gpa.alignedAlloc(T, alignment, new_capacity);
                                                       ^
/home/winger/zigwk/zbrowser/zig-x86_64-linux-0.15.2/lib/std/array_list.zig:1207:51: 0x13e9635 in ensureTotalCapacity (std.zig)
            return self.ensureTotalCapacityPrecise(gpa, growCapacity(self.capacity, new_capacity));
                                                  ^
/home/winger/zigwk/zbrowser/zig-x86_64-linux-0.15.2/lib/std/array_list.zig:1261:41: 0x137eadb in addOne (std.zig)
            try self.ensureTotalCapacity(gpa, newlen);
                                        ^
/home/winger/zigwk/zbrowser/zig-x86_64-linux-0.15.2/lib/std/array_list.zig:894:49: 0x1336242 in append (std.zig)
            const new_item_ptr = try self.addOne(gpa);
                                                ^
/home/winger/zigwk/zbrowser/src/layout/inline.zig:27:30: 0x12f9bf0 in createLineBox (inline.zig)
    try ifc.line_boxes.append(allocator, line_box);
                             ^
/home/winger/zigwk/zbrowser/src/layout/inline.zig:62:41: 0x12fa3a0 in layoutInline (inline.zig)
    var current_line = try createLineBox(ifc, current_y, layout_box.allocator);
                                        ^

[gpa] (err): memory address 0x7fc0a6f21b80 leaked: 
/home/winger/zigwk/zbrowser/zig-x86_64-linux-0.15.2/lib/std/array_list.zig:1231:56: 0x1422e6e in ensureTotalCapacityPrecise (std.zig)
                const new_memory = try gpa.alignedAlloc(T, alignment, new_capacity);
                                                       ^
/home/winger/zigwk/zbrowser/zig-x86_64-linux-0.15.2/lib/std/array_list.zig:1207:51: 0x13e8f15 in ensureTotalCapacity (std.zig)
            return self.ensureTotalCapacityPrecise(gpa, growCapacity(self.capacity, new_capacity));
                                                  ^
/home/winger/zigwk/zbrowser/zig-x86_64-linux-0.15.2/lib/std/array_list.zig:1261:41: 0x13772db in addOne (std.zig)
            try self.ensureTotalCapacity(gpa, newlen);
                                        ^
/home/winger/zigwk/zbrowser/zig-x86_64-linux-0.15.2/lib/std/array_list.zig:894:49: 0x13327fc in append (std.zig)
            const new_item_ptr = try self.addOne(gpa);
                                                ^
/home/winger/zigwk/zbrowser/src/layout/inline.zig:96:45: 0x12faf91 in layoutInline (inline.zig)
        try current_line.inline_boxes.append(layout_box.allocator, child);
                                            ^
/home/winger/zigwk/zbrowser/src/layout/engine.zig:166:51: 0x12fc03f in layout (engine.zig)
                _ = try inline_layout.layoutInline(layout_tree, viewport);
                                                  ^

[gpa] (err): memory address 0x7fc0a6f21c00 leaked: 
/home/winger/zigwk/zbrowser/zig-x86_64-linux-0.15.2/lib/std/array_list.zig:1231:56: 0x1423cde in ensureTotalCapacityPrecise (std.zig)
                const new_memory = try gpa.alignedAlloc(T, alignment, new_capacity);
                                                       ^
/home/winger/zigwk/zbrowser/zig-x86_64-linux-0.15.2/lib/std/array_list.zig:1207:51: 0x13e9635 in ensureTotalCapacity (std.zig)
            return self.ensureTotalCapacityPrecise(gpa, growCapacity(self.capacity, new_capacity));
                                                  ^
/home/winger/zigwk/zbrowser/zig-x86_64-linux-0.15.2/lib/std/array_list.zig:1261:41: 0x137eadb in addOne (std.zig)
            try self.ensureTotalCapacity(gpa, newlen);
                                        ^
/home/winger/zigwk/zbrowser/zig-x86_64-linux-0.15.2/lib/std/array_list.zig:894:49: 0x1336242 in append (std.zig)
            const new_item_ptr = try self.addOne(gpa);
                                                ^
/home/winger/zigwk/zbrowser/src/layout/inline.zig:27:30: 0x12f9bf0 in createLineBox (inline.zig)
    try ifc.line_boxes.append(allocator, line_box);
                             ^
/home/winger/zigwk/zbrowser/src/layout/inline.zig:62:41: 0x12fa3a0 in layoutInline (inline.zig)
    var current_line = try createLineBox(ifc, current_y, layout_box.allocator);
                                        ^

[gpa] (err): memory address 0x7fc0a6f21c80 leaked: 
/home/winger/zigwk/zbrowser/zig-x86_64-linux-0.15.2/lib/std/array_list.zig:1231:56: 0x1422e6e in ensureTotalCapacityPrecise (std.zig)
                const new_memory = try gpa.alignedAlloc(T, alignment, new_capacity);
                                                       ^
/home/winger/zigwk/zbrowser/zig-x86_64-linux-0.15.2/lib/std/array_list.zig:1207:51: 0x13e8f15 in ensureTotalCapacity (std.zig)
            return self.ensureTotalCapacityPrecise(gpa, growCapacity(self.capacity, new_capacity));
                                                  ^
/home/winger/zigwk/zbrowser/zig-x86_64-linux-0.15.2/lib/std/array_list.zig:1261:41: 0x13772db in addOne (std.zig)
            try self.ensureTotalCapacity(gpa, newlen);
                                        ^
/home/winger/zigwk/zbrowser/zig-x86_64-linux-0.15.2/lib/std/array_list.zig:894:49: 0x13327fc in append (std.zig)
            const new_item_ptr = try self.addOne(gpa);
                                                ^
/home/winger/zigwk/zbrowser/src/layout/inline.zig:96:45: 0x12faf91 in layoutInline (inline.zig)
        try current_line.inline_boxes.append(layout_box.allocator, child);
                                            ^
/home/winger/zigwk/zbrowser/src/layout/engine.zig:166:51: 0x12fc03f in layout (engine.zig)
                _ = try inline_layout.layoutInline(layout_tree, viewport);
                                                  ^

[gpa] (err): memory address 0x7fc0a6fd1b80 leaked: 
/home/winger/zigwk/zbrowser/zig-x86_64-linux-0.15.2/lib/std/array_list.zig:1231:56: 0x1423cde in ensureTotalCapacityPrecise (std.zig)
                const new_memory = try gpa.alignedAlloc(T, alignment, new_capacity);
                                                       ^
/home/winger/zigwk/zbrowser/zig-x86_64-linux-0.15.2/lib/std/array_list.zig:1207:51: 0x13e9635 in ensureTotalCapacity (std.zig)
            return self.ensureTotalCapacityPrecise(gpa, growCapacity(self.capacity, new_capacity));
                                                  ^
/home/winger/zigwk/zbrowser/zig-x86_64-linux-0.15.2/lib/std/array_list.zig:1261:41: 0x137eadb in addOne (std.zig)
            try self.ensureTotalCapacity(gpa, newlen);
                                        ^
/home/winger/zigwk/zbrowser/zig-x86_64-linux-0.15.2/lib/std/array_list.zig:894:49: 0x1336242 in append (std.zig)
            const new_item_ptr = try self.addOne(gpa);
                                                ^
/home/winger/zigwk/zbrowser/src/layout/inline.zig:27:30: 0x12f9bf0 in createLineBox (inline.zig)
    try ifc.line_boxes.append(allocator, line_box);
                             ^
/home/winger/zigwk/zbrowser/src/layout/inline.zig:62:41: 0x12fa3a0 in layoutInline (inline.zig)
    var current_line = try createLineBox(ifc, current_y, layout_box.allocator);
                                        ^

[gpa] (err): memory address 0x7fc0a6fd1c00 leaked: 
/home/winger/zigwk/zbrowser/zig-x86_64-linux-0.15.2/lib/std/array_list.zig:1231:56: 0x1422e6e in ensureTotalCapacityPrecise (std.zig)
                const new_memory = try gpa.alignedAlloc(T, alignment, new_capacity);
                                                       ^
/home/winger/zigwk/zbrowser/zig-x86_64-linux-0.15.2/lib/std/array_list.zig:1207:51: 0x13e8f15 in ensureTotalCapacity (std.zig)
            return self.ensureTotalCapacityPrecise(gpa, growCapacity(self.capacity, new_capacity));
                                                  ^
/home/winger/zigwk/zbrowser/zig-x86_64-linux-0.15.2/lib/std/array_list.zig:1261:41: 0x13772db in addOne (std.zig)
            try self.ensureTotalCapacity(gpa, newlen);
                                        ^
/home/winger/zigwk/zbrowser/zig-x86_64-linux-0.15.2/lib/std/array_list.zig:894:49: 0x13327fc in append (std.zig)
            const new_item_ptr = try self.addOne(gpa);
                                                ^
/home/winger/zigwk/zbrowser/src/layout/inline.zig:96:45: 0x12faf91 in layoutInline (inline.zig)
        try current_line.inline_boxes.append(layout_box.allocator, child);
                                            ^
/home/winger/zigwk/zbrowser/src/layout/engine.zig:166:51: 0x12fc03f in layout (engine.zig)
                _ = try inline_layout.layoutInline(layout_tree, viewport);
                                                  ^

[gpa] (err): memory address 0x7fc0a6fd1c80 leaked: 
/home/winger/zigwk/zbrowser/zig-x86_64-linux-0.15.2/lib/std/array_list.zig:1231:56: 0x1423cde in ensureTotalCapacityPrecise (std.zig)
                const new_memory = try gpa.alignedAlloc(T, alignment, new_capacity);
                                                       ^
/home/winger/zigwk/zbrowser/zig-x86_64-linux-0.15.2/lib/std/array_list.zig:1207:51: 0x13e9635 in ensureTotalCapacity (std.zig)
            return self.ensureTotalCapacityPrecise(gpa, growCapacity(self.capacity, new_capacity));
                                                  ^
/home/winger/zigwk/zbrowser/zig-x86_64-linux-0.15.2/lib/std/array_list.zig:1261:41: 0x137eadb in addOne (std.zig)
            try self.ensureTotalCapacity(gpa, newlen);
                                        ^
/home/winger/zigwk/zbrowser/zig-x86_64-linux-0.15.2/lib/std/array_list.zig:894:49: 0x1336242 in append (std.zig)
            const new_item_ptr = try self.addOne(gpa);
                                                ^
/home/winger/zigwk/zbrowser/src/layout/inline.zig:27:30: 0x12f9bf0 in createLineBox (inline.zig)
    try ifc.line_boxes.append(allocator, line_box);
                             ^
/home/winger/zigwk/zbrowser/src/layout/inline.zig:62:41: 0x12fa3a0 in layoutInline (inline.zig)
    var current_line = try createLineBox(ifc, current_y, layout_box.allocator);
                                        ^

[gpa] (err): memory address 0x7fc0a6fd1d00 leaked: 
/home/winger/zigwk/zbrowser/zig-x86_64-linux-0.15.2/lib/std/array_list.zig:1231:56: 0x1422e6e in ensureTotalCapacityPrecise (std.zig)
                const new_memory = try gpa.alignedAlloc(T, alignment, new_capacity);
                                                       ^
/home/winger/zigwk/zbrowser/zig-x86_64-linux-0.15.2/lib/std/array_list.zig:1207:51: 0x13e8f15 in ensureTotalCapacity (std.zig)
            return self.ensureTotalCapacityPrecise(gpa, growCapacity(self.capacity, new_capacity));
                                                  ^
/home/winger/zigwk/zbrowser/zig-x86_64-linux-0.15.2/lib/std/array_list.zig:1261:41: 0x13772db in addOne (std.zig)
            try self.ensureTotalCapacity(gpa, newlen);
                                        ^
/home/winger/zigwk/zbrowser/zig-x86_64-linux-0.15.2/lib/std/array_list.zig:894:49: 0x13327fc in append (std.zig)
            const new_item_ptr = try self.addOne(gpa);
                                                ^
/home/winger/zigwk/zbrowser/src/layout/inline.zig:96:45: 0x12faf91 in layoutInline (inline.zig)
        try current_line.inline_boxes.append(layout_box.allocator, child);
                                            ^
/home/winger/zigwk/zbrowser/src/layout/engine.zig:166:51: 0x12fc03f in layout (engine.zig)
                _ = try inline_layout.layoutInline(layout_tree, viewport);
                                                  ^

[gpa] (err): memory address 0x7fc0a6fd1d80 leaked: 
/home/winger/zigwk/zbrowser/zig-x86_64-linux-0.15.2/lib/std/array_list.zig:1231:56: 0x1423cde in ensureTotalCapacityPrecise (std.zig)
                const new_memory = try gpa.alignedAlloc(T, alignment, new_capacity);
                                                       ^
/home/winger/zigwk/zbrowser/zig-x86_64-linux-0.15.2/lib/std/array_list.zig:1207:51: 0x13e9635 in ensureTotalCapacity (std.zig)
            return self.ensureTotalCapacityPrecise(gpa, growCapacity(self.capacity, new_capacity));
                                                  ^
/home/winger/zigwk/zbrowser/zig-x86_64-linux-0.15.2/lib/std/array_list.zig:1261:41: 0x137eadb in addOne (std.zig)
            try self.ensureTotalCapacity(gpa, newlen);
                                        ^
/home/winger/zigwk/zbrowser/zig-x86_64-linux-0.15.2/lib/std/array_list.zig:894:49: 0x1336242 in append (std.zig)
            const new_item_ptr = try self.addOne(gpa);
                                                ^
/home/winger/zigwk/zbrowser/src/layout/inline.zig:27:30: 0x12f9bf0 in createLineBox (inline.zig)
    try ifc.line_boxes.append(allocator, line_box);
                             ^
/home/winger/zigwk/zbrowser/src/layout/inline.zig:62:41: 0x12fa3a0 in layoutInline (inline.zig)
    var current_line = try createLineBox(ifc, current_y, layout_box.allocator);
                                        ^

[gpa] (err): memory address 0x7fc0a6fd1e00 leaked: 
/home/winger/zigwk/zbrowser/zig-x86_64-linux-0.15.2/lib/std/array_list.zig:1231:56: 0x1422e6e in ensureTotalCapacityPrecise (std.zig)
                const new_memory = try gpa.alignedAlloc(T, alignment, new_capacity);
                                                       ^
/home/winger/zigwk/zbrowser/zig-x86_64-linux-0.15.2/lib/std/array_list.zig:1207:51: 0x13e8f15 in ensureTotalCapacity (std.zig)
            return self.ensureTotalCapacityPrecise(gpa, growCapacity(self.capacity, new_capacity));
                                                  ^
/home/winger/zigwk/zbrowser/zig-x86_64-linux-0.15.2/lib/std/array_list.zig:1261:41: 0x13772db in addOne (std.zig)
            try self.ensureTotalCapacity(gpa, newlen);
                                        ^
/home/winger/zigwk/zbrowser/zig-x86_64-linux-0.15.2/lib/std/array_list.zig:894:49: 0x13327fc in append (std.zig)
            const new_item_ptr = try self.addOne(gpa);
                                                ^
/home/winger/zigwk/zbrowser/src/layout/inline.zig:96:45: 0x12faf91 in layoutInline (inline.zig)
        try current_line.inline_boxes.append(layout_box.allocator, child);
                                            ^
/home/winger/zigwk/zbrowser/src/layout/engine.zig:166:51: 0x12fc03f in layout (engine.zig)
                _ = try inline_layout.layoutInline(layout_tree, viewport);
                                                  ^

[gpa] (err): memory address 0x7fc0a6fd1e80 leaked: 
/home/winger/zigwk/zbrowser/zig-x86_64-linux-0.15.2/lib/std/array_list.zig:1231:56: 0x1423cde in ensureTotalCapacityPrecise (std.zig)
                const new_memory = try gpa.alignedAlloc(T, alignment, new_capacity);
                                                       ^
/home/winger/zigwk/zbrowser/zig-x86_64-linux-0.15.2/lib/std/array_list.zig:1207:51: 0x13e9635 in ensureTotalCapacity (std.zig)
            return self.ensureTotalCapacityPrecise(gpa, growCapacity(self.capacity, new_capacity));
                                                  ^
/home/winger/zigwk/zbrowser/zig-x86_64-linux-0.15.2/lib/std/array_list.zig:1261:41: 0x137eadb in addOne (std.zig)
            try self.ensureTotalCapacity(gpa, newlen);
                                        ^
/home/winger/zigwk/zbrowser/zig-x86_64-linux-0.15.2/lib/std/array_list.zig:894:49: 0x1336242 in append (std.zig)
            const new_item_ptr = try self.addOne(gpa);
                                                ^
/home/winger/zigwk/zbrowser/src/layout/inline.zig:27:30: 0x12f9bf0 in createLineBox (inline.zig)
    try ifc.line_boxes.append(allocator, line_box);
                             ^
/home/winger/zigwk/zbrowser/src/layout/inline.zig:62:41: 0x12fa3a0 in layoutInline (inline.zig)
    var current_line = try createLineBox(ifc, current_y, layout_box.allocator);
                                        ^

[gpa] (err): memory address 0x7fc0a6fd1f00 leaked: 
/home/winger/zigwk/zbrowser/zig-x86_64-linux-0.15.2/lib/std/array_list.zig:1231:56: 0x1422e6e in ensureTotalCapacityPrecise (std.zig)
                const new_memory = try gpa.alignedAlloc(T, alignment, new_capacity);
                                                       ^
/home/winger/zigwk/zbrowser/zig-x86_64-linux-0.15.2/lib/std/array_list.zig:1207:51: 0x13e8f15 in ensureTotalCapacity (std.zig)
            return self.ensureTotalCapacityPrecise(gpa, growCapacity(self.capacity, new_capacity));
                                                  ^
/home/winger/zigwk/zbrowser/zig-x86_64-linux-0.15.2/lib/std/array_list.zig:1261:41: 0x13772db in addOne (std.zig)
            try self.ensureTotalCapacity(gpa, newlen);
                                        ^
/home/winger/zigwk/zbrowser/zig-x86_64-linux-0.15.2/lib/std/array_list.zig:894:49: 0x13327fc in append (std.zig)
            const new_item_ptr = try self.addOne(gpa);
                                                ^
/home/winger/zigwk/zbrowser/src/layout/inline.zig:96:45: 0x12faf91 in layoutInline (inline.zig)
        try current_line.inline_boxes.append(layout_box.allocator, child);
                                            ^
/home/winger/zigwk/zbrowser/src/layout/engine.zig:166:51: 0x12fc03f in layout (engine.zig)
                _ = try inline_layout.layoutInline(layout_tree, viewport);
                                                  ^

[gpa] (err): memory address 0x7fc0a6fd1f80 leaked: 
/home/winger/zigwk/zbrowser/zig-x86_64-linux-0.15.2/lib/std/array_list.zig:1231:56: 0x1423cde in ensureTotalCapacityPrecise (std.zig)
                const new_memory = try gpa.alignedAlloc(T, alignment, new_capacity);
                                                       ^
/home/winger/zigwk/zbrowser/zig-x86_64-linux-0.15.2/lib/std/array_list.zig:1207:51: 0x13e9635 in ensureTotalCapacity (std.zig)
            return self.ensureTotalCapacityPrecise(gpa, growCapacity(self.capacity, new_capacity));
                                                  ^
/home/winger/zigwk/zbrowser/zig-x86_64-linux-0.15.2/lib/std/array_list.zig:1261:41: 0x137eadb in addOne (std.zig)
            try self.ensureTotalCapacity(gpa, newlen);
                                        ^
/home/winger/zigwk/zbrowser/zig-x86_64-linux-0.15.2/lib/std/array_list.zig:894:49: 0x1336242 in append (std.zig)
            const new_item_ptr = try self.addOne(gpa);
                                                ^
/home/winger/zigwk/zbrowser/src/layout/inline.zig:27:30: 0x12f9bf0 in createLineBox (inline.zig)
    try ifc.line_boxes.append(allocator, line_box);
                             ^
/home/winger/zigwk/zbrowser/src/layout/inline.zig:62:41: 0x12fa3a0 in layoutInline (inline.zig)
    var current_line = try createLineBox(ifc, current_y, layout_box.allocator);
                                        ^
error: while executing test 'tests.font.hinting_test.test.HintingInterpreter executeInstruction - CVT operations', the following test command failed:
./.zig-cache/o/5fa7b039564cad50911cb6112625b8cc/test --cache-dir=./.zig-cache --seed=0xbd9dd94c --listen=-

Build Summary: 1/3 steps succeeded; 1 failed; 653/653 tests passed
test transitive failure
+- run test 653/653 passed

error: the following build command failed with exit code 1:
.zig-cache/o/73e8dd3e423ae41b4cdffc444ec7509c/build /home/winger/zigwk/zbrowser/zig-x86_64-linux-0.15.2/zig zig-x86_64-linux-0.15.2/lib /home/winger/zigwk/zbrowser .zig-cache /home/winger/.cache/zig --seed 0xbd9dd94c -Z59e40a584663950b test
