test
+- run test stderr
[STYLE] h1 font-size parsed: 32.0px
[STYLE] p font-size parsed: 32.0px
[LAYOUT] Element: html, is_root: true
  margin: top=0.0, right=0.0, bottom=0.0, left=0.0
  padding: top=0.0, right=0.0, bottom=0.0, left=0.0
  content: x=0.0, y=0.0, width=1200.0, height=0.0
  containing_block: width=1200.0, height=800.0
[LAYOUT] Root element (html) position set to (0, 0)
[LAYOUT] Element: body, is_root: false
  margin: top=0.0, right=0.0, bottom=0.0, left=0.0
  padding: top=20.0, right=20.0, bottom=20.0, left=20.0
  content: x=0.0, y=0.0, width=1160.0, height=0.0
  containing_block: width=1200.0, height=800.0
[LAYOUT] Body element position set: x=0.0, y=0.0 (margin: left=0.0, top=0.0)
[CONTAINING BLOCK] body.content.width=1160.0, child_containing_block.width=1160.0
[WIDTH DEBUG] h1: containing_block.width=1160.0, available_width=1160.0, calculated_width=1160.0
  [TEXT HEIGHT] text: "ZBrowser功能测试...", font_size=32.0, line_height=46.0, height=46.0
[LAYOUT] Child element: h1 (parent: body)
  parent.content: x=0.0, y=0.0
  parent.padding: left=20.0, top=20.0
  child.margin: left=0.0, top=21.4
  y (accumulated): 20.0
  child.content: x=20.0 (was 0.0), y=41.4 (was 0.0)
  [UPDATE Y] child: h1, content_height=50.0, margin.bottom=21.4, total_height=71.4, y after=91.4
[LAYOUT] Child element: text (parent: body)
  parent.content: x=0.0, y=0.0
  parent.padding: left=20.0, top=20.0
  child.margin: left=0.0, top=0.0
  y (accumulated): 91.4
  child.content: x=20.0 (was 0.0), y=91.4 (was 0.0)
  [UPDATE Y] child: text, content_height=0.0, margin.bottom=0.0, total_height=0.0, y after=91.4
[WIDTH DEBUG] h1: containing_block.width=1126.0, available_width=1126.0, calculated_width=1126.0
  [TEXT HEIGHT] text: "块级布局测试...", font_size=32.0, line_height=46.0, height=46.0
[LAYOUT] Child element: h1 (parent: div)
  parent.content: x=0.0, y=0.0
  parent.padding: left=15.0, top=15.0
  child.margin: left=0.0, top=16.1
  y (accumulated): 15.0
  child.content: x=15.0 (was 0.0), y=31.1 (was 0.0)
  [UPDATE Y] child: h1, content_height=62.1, margin.bottom=16.1, total_height=78.2, y after=93.2
  [TEXT HEIGHT] text: "这是一个块级�...", font_size=16.0, line_height=24.0, height=24.0
  [TEXT HEIGHT] text: "这是另一个段�...", font_size=16.0, line_height=24.0, height=24.0
  [TEXT HEIGHT] text: "嵌套的div块级�...", font_size=16.0, line_height=24.0, height=24.0
  [UPDATE Y] child: div, content_height=96.0, margin.bottom=0.0, total_height=96.0, y after=301.2
[LAYOUT] Child element: div (parent: body)
  parent.content: x=0.0, y=0.0
  parent.padding: left=20.0, top=20.0
  child.margin: left=0.0, top=0.0
  y (accumulated): 91.4
  child.content: x=20.0 (was 0.0), y=91.4 (was 0.0)
  [UPDATE Y] child: div, content_height=350.2, margin.bottom=0.0, total_height=350.2, y after=441.6
[LAYOUT] Child element: text (parent: body)
  parent.content: x=0.0, y=0.0
  parent.padding: left=20.0, top=20.0
  child.margin: left=0.0, top=0.0
  y (accumulated): 441.6
  child.content: x=20.0 (was 0.0), y=441.6 (was 0.0)
  [UPDATE Y] child: text, content_height=0.0, margin.bottom=0.0, total_height=0.0, y after=441.6
  [TEXT HEIGHT] text: "
      这是行内�...", font_size=16.0, line_height=19.2, height=19.2
  [TEXT HEIGHT] text: "行内元素不会�...", font_size=16.0, line_height=19.2, height=19.2
[LAYOUT] Child element: div (parent: body)
  parent.content: x=0.0, y=0.0
  parent.padding: left=20.0, top=20.0
  child.margin: left=0.0, top=0.0
  y (accumulated): 441.6
  child.content: x=20.0 (was 0.0), y=441.6 (was 0.0)
  [UPDATE Y] child: div, content_height=329.4, margin.bottom=0.0, total_height=329.4, y after=771.0
[LAYOUT] Child element: text (parent: body)
  parent.content: x=0.0, y=0.0
  parent.padding: left=20.0, top=20.0
  child.margin: left=0.0, top=0.0
  y (accumulated): 771.0
  child.content: x=20.0 (was 0.0), y=771.0 (was 0.0)
  [UPDATE Y] child: text, content_height=0.0, margin.bottom=0.0, total_height=0.0, y after=771.0
  [UPDATE Y] child: div, content_height=59.2, margin.bottom=5.0, total_height=64.2, y after=138.2
  [UPDATE Y] child: div, content_height=59.2, margin.bottom=5.0, total_height=64.2, y after=202.4
[LAYOUT] Child element: div (parent: body)
  parent.content: x=0.0, y=0.0
  parent.padding: left=20.0, top=20.0
  child.margin: left=0.0, top=0.0
  y (accumulated): 771.0
  child.content: x=20.0 (was 0.0), y=771.0 (was 0.0)
  [UPDATE Y] child: div, content_height=334.0, margin.bottom=0.0, total_height=334.0, y after=1105.0
[LAYOUT] Child element: text (parent: body)
  parent.content: x=0.0, y=0.0
  parent.padding: left=20.0, top=20.0
  child.margin: left=0.0, top=0.0
  y (accumulated): 1105.0
  child.content: x=20.0 (was 0.0), y=1105.0 (was 0.0)
  [UPDATE Y] child: text, content_height=0.0, margin.bottom=0.0, total_height=0.0, y after=1105.0
  [TEXT HEIGHT] text: "左浮动元素...", font_size=16.0, line_height=19.2, height=19.2
  [TEXT HEIGHT] text: "这个元素会浮�...", font_size=16.0, line_height=19.2, height=19.2
  [TEXT HEIGHT] text: "右浮动元素...", font_size=16.0, line_height=19.2, height=19.2
  [TEXT HEIGHT] text: "这个元素会浮�...", font_size=16.0, line_height=19.2, height=19.2
  [TEXT HEIGHT] text: "这是正常流中�...", font_size=16.0, line_height=19.2, height=19.2
  [UPDATE Y] child: div, content_height=59.2, margin.bottom=0.0, total_height=59.2, y after=287.8
[LAYOUT] Child element: div (parent: body)
  parent.content: x=0.0, y=0.0
  parent.padding: left=20.0, top=20.0
  child.margin: left=0.0, top=0.0
  y (accumulated): 1105.0
  child.content: x=20.0 (was 0.0), y=1105.0 (was 0.0)
  [UPDATE Y] child: div, content_height=336.8, margin.bottom=0.0, total_height=336.8, y after=1441.8
[LAYOUT] Child element: text (parent: body)
  parent.content: x=0.0, y=0.0
  parent.padding: left=20.0, top=20.0
  child.margin: left=0.0, top=0.0
  y (accumulated): 1441.8
  child.content: x=20.0 (was 0.0), y=1441.8 (was 0.0)
  [UPDATE Y] child: text, content_height=0.0, margin.bottom=0.0, total_height=0.0, y after=1441.8
  [UPDATE Y] child: div, content_height=99.2, margin.bottom=5.0, total_height=104.2, y after=119.2
  [UPDATE Y] child: div, content_height=99.2, margin.bottom=5.0, total_height=104.2, y after=223.4
  [UPDATE Y] child: div, content_height=99.2, margin.bottom=5.0, total_height=104.2, y after=327.6
  [UPDATE Y] child: div, content_height=99.2, margin.bottom=5.0, total_height=104.2, y after=431.8
  [UPDATE Y] child: div, content_height=99.2, margin.bottom=5.0, total_height=104.2, y after=536.0
  [UPDATE Y] child: div, content_height=585.0, margin.bottom=0.0, total_height=585.0, y after=697.1
  [UPDATE Y] child: div, content_height=99.2, margin.bottom=5.0, total_height=104.2, y after=119.2
  [UPDATE Y] child: div, content_height=99.2, margin.bottom=5.0, total_height=104.2, y after=223.4
  [UPDATE Y] child: div, content_height=99.2, margin.bottom=5.0, total_height=104.2, y after=327.6
  [UPDATE Y] child: div, content_height=334.0, margin.bottom=0.0, total_height=334.0, y after=1031.1
[LAYOUT] Child element: div (parent: body)
  parent.content: x=0.0, y=0.0
  parent.padding: left=20.0, top=20.0
  child.margin: left=0.0, top=0.0
  y (accumulated): 1441.8
  child.content: x=20.0 (was 0.0), y=1441.8 (was 0.0)
  [UPDATE Y] child: div, content_height=1031.1, margin.bottom=0.0, total_height=1031.1, y after=2472.8
[LAYOUT] Child element: text (parent: body)
  parent.content: x=0.0, y=0.0
  parent.padding: left=20.0, top=20.0
  child.margin: left=0.0, top=0.0
  y (accumulated): 2472.8
  child.content: x=20.0 (was 0.0), y=2472.8 (was 0.0)
  [UPDATE Y] child: text, content_height=0.0, margin.bottom=0.0, total_height=0.0, y after=2472.8
  [UPDATE Y] child: div, content_height=79.2, margin.bottom=0.0, total_height=79.2, y after=94.2
  [UPDATE Y] child: div, content_height=79.2, margin.bottom=0.0, total_height=79.2, y after=173.4
  [UPDATE Y] child: div, content_height=79.2, margin.bottom=0.0, total_height=79.2, y after=252.6
  [UPDATE Y] child: div, content_height=79.2, margin.bottom=0.0, total_height=79.2, y after=331.8
  [UPDATE Y] child: div, content_height=79.2, margin.bottom=0.0, total_height=79.2, y after=411.0
  [UPDATE Y] child: div, content_height=79.2, margin.bottom=0.0, total_height=79.2, y after=490.2
  [UPDATE Y] child: div, content_height=79.2, margin.bottom=0.0, total_height=79.2, y after=569.4
  [UPDATE Y] child: div, content_height=79.2, margin.bottom=0.0, total_height=79.2, y after=648.6
  [UPDATE Y] child: div, content_height=697.6, margin.bottom=0.0, total_height=697.6, y after=809.7
[LAYOUT] Child element: div (parent: body)
  parent.content: x=0.0, y=0.0
  parent.padding: left=20.0, top=20.0
  child.margin: left=0.0, top=0.0
  y (accumulated): 2472.8
  child.content: x=20.0 (was 0.0), y=2472.8 (was 0.0)
  [UPDATE Y] child: div, content_height=809.7, margin.bottom=0.0, total_height=809.7, y after=3282.5
[LAYOUT] Child element: text (parent: body)
  parent.content: x=0.0, y=0.0
  parent.padding: left=20.0, top=20.0
  child.margin: left=0.0, top=0.0
  y (accumulated): 3282.5
  child.content: x=20.0 (was 0.0), y=3282.5 (was 0.0)
  [UPDATE Y] child: text, content_height=0.0, margin.bottom=0.0, total_height=0.0, y after=3282.5
  [TEXT HEIGHT] text: "大号文本（32px�...", font_size=16.0, line_height=19.2, height=19.2
  [TEXT HEIGHT] text: "中等文本（20px�...", font_size=16.0, line_height=19.2, height=19.2
  [TEXT HEIGHT] text: "小号文本（12px�...", font_size=16.0, line_height=19.2, height=19.2
  [TEXT HEIGHT] text: "下划线文本...", font_size=16.0, line_height=19.2, height=19.2
  [TEXT HEIGHT] text: "删除线文本...", font_size=16.0, line_height=19.2, height=19.2
[LAYOUT] Child element: div (parent: body)
  parent.content: x=0.0, y=0.0
  parent.padding: left=20.0, top=20.0
  child.margin: left=0.0, top=0.0
  y (accumulated): 3282.5
  child.content: x=20.0 (was 0.0), y=3282.5 (was 0.0)
  [UPDATE Y] child: div, content_height=405.5, margin.bottom=0.0, total_height=405.5, y after=3688.0
[LAYOUT] Child element: text (parent: body)
  parent.content: x=0.0, y=0.0
  parent.padding: left=20.0, top=20.0
  child.margin: left=0.0, top=0.0
  y (accumulated): 3688.0
  child.content: x=20.0 (was 0.0), y=3688.0 (was 0.0)
  [UPDATE Y] child: text, content_height=0.0, margin.bottom=0.0, total_height=0.0, y after=3688.0
  [TEXT HEIGHT] text: "这是一个测试�...", font_size=16.0, line_height=25.6, height=25.6
  [TEXT HEIGHT] text: "這是一個測試�...", font_size=16.0, line_height=25.6, height=25.6
  [TEXT HEIGHT] text: "これはテスト�...", font_size=16.0, line_height=25.6, height=25.6
  [TEXT HEIGHT] text: "이것은 테스트 ...", font_size=16.0, line_height=25.6, height=25.6
  [TEXT HEIGHT] text: "This is a test page ...", font_size=16.0, line_height=25.6, height=25.6
  [TEXT HEIGHT] text: "混合文本 Mixed T...", font_size=16.0, line_height=25.6, height=25.6
[LAYOUT] Child element: div (parent: body)
  parent.content: x=0.0, y=0.0
  parent.padding: left=20.0, top=20.0
  child.margin: left=0.0, top=0.0
  y (accumulated): 3688.0
  child.content: x=20.0 (was 0.0), y=3688.0 (was 0.0)
  [UPDATE Y] child: div, content_height=610.3, margin.bottom=0.0, total_height=610.3, y after=4298.4
[LAYOUT] Child element: text (parent: body)
  parent.content: x=0.0, y=0.0
  parent.padding: left=20.0, top=20.0
  child.margin: left=0.0, top=0.0
  y (accumulated): 4298.4
  child.content: x=20.0 (was 0.0), y=4298.4 (was 0.0)
  [UPDATE Y] child: text, content_height=0.0, margin.bottom=0.0, total_height=0.0, y after=4298.4
  [TEXT HEIGHT] text: "这个区域有实�...", font_size=16.0, line_height=19.2, height=19.2
  [TEXT HEIGHT] text: "这个区域有虚�...", font_size=16.0, line_height=19.2, height=19.2
  [UPDATE Y] child: div, content_height=117.2, margin.bottom=0.0, total_height=117.2, y after=273.9
[LAYOUT] Child element: div (parent: body)
  parent.content: x=0.0, y=0.0
  parent.padding: left=20.0, top=20.0
  child.margin: left=0.0, top=0.0
  y (accumulated): 4298.4
  child.content: x=20.0 (was 0.0), y=4298.4 (was 0.0)
  [UPDATE Y] child: div, content_height=343.9, margin.bottom=0.0, total_height=343.9, y after=4642.3
[LAYOUT] Child element: text (parent: body)
  parent.content: x=0.0, y=0.0
  parent.padding: left=20.0, top=20.0
  child.margin: left=0.0, top=0.0
  y (accumulated): 4642.3
  child.content: x=20.0 (was 0.0), y=4642.3 (was 0.0)
  [UPDATE Y] child: text, content_height=0.0, margin.bottom=0.0, total_height=0.0, y after=4642.3
  [TEXT HEIGHT] text: "第一层嵌套...", font_size=16.0, line_height=19.2, height=19.2
  [TEXT HEIGHT] text: "第二层嵌套...", font_size=16.0, line_height=19.2, height=19.2
  [TEXT HEIGHT] text: "第三层嵌套...", font_size=16.0, line_height=19.2, height=19.2
  [UPDATE Y] child: div, content_height=71.2, margin.bottom=2.0, total_height=73.2, y after=132.4
  [UPDATE Y] child: div, content_height=160.4, margin.bottom=3.0, total_height=163.4, y after=224.6
  [UPDATE Y] child: div, content_height=258.6, margin.bottom=5.0, total_height=263.6, y after=364.1
[LAYOUT] Child element: div (parent: body)
  parent.content: x=0.0, y=0.0
  parent.padding: left=20.0, top=20.0
  child.margin: left=0.0, top=0.0
  y (accumulated): 4642.3
  child.content: x=20.0 (was 0.0), y=4642.3 (was 0.0)
  [UPDATE Y] child: div, content_height=413.1, margin.bottom=0.0, total_height=413.1, y after=5055.4
[LAYOUT] Child element: text (parent: body)
  parent.content: x=0.0, y=0.0
  parent.padding: left=20.0, top=20.0
  child.margin: left=0.0, top=0.0
  y (accumulated): 5055.4
  child.content: x=20.0 (was 0.0), y=5055.4 (was 0.0)
  [UPDATE Y] child: text, content_height=0.0, margin.bottom=0.0, total_height=0.0, y after=5055.4
  [TEXT HEIGHT] text: "HTML实体：<div> &...", font_size=16.0, line_height=19.2, height=19.2
  [TEXT HEIGHT] text: "Unicode字符：© �...", font_size=16.0, line_height=19.2, height=19.2
  [TEXT HEIGHT] text: "数学符号：∑ �...", font_size=16.0, line_height=19.2, height=19.2
  [TEXT HEIGHT] text: "箭头符号：← �...", font_size=16.0, line_height=19.2, height=19.2
  [TEXT HEIGHT] text: "Emoji：😀 😃 �...", font_size=16.0, line_height=19.2, height=19.2
[LAYOUT] Child element: div (parent: body)
  parent.content: x=0.0, y=0.0
  parent.padding: left=20.0, top=20.0
  child.margin: left=0.0, top=0.0
  y (accumulated): 5055.4
  child.content: x=20.0 (was 0.0), y=5055.4 (was 0.0)
  [UPDATE Y] child: div, content_height=405.5, margin.bottom=0.0, total_height=405.5, y after=5460.9
[LAYOUT] Child element: text (parent: body)
  parent.content: x=0.0, y=0.0
  parent.padding: left=20.0, top=20.0
  child.margin: left=0.0, top=0.0
  y (accumulated): 5460.9
  child.content: x=20.0 (was 0.0), y=5460.9 (was 0.0)
  [UPDATE Y] child: text, content_height=0.0, margin.bottom=0.0, total_height=0.0, y after=5460.9
  [TEXT HEIGHT] text: "包含块级和行�...", font_size=16.0, line_height=19.2, height=19.2
  [UPDATE Y] child: div, content_height=222.4, margin.bottom=0.0, total_height=222.4, y after=222.4
  [TEXT HEIGHT] text: "另一个Flex子项�...", font_size=16.0, line_height=19.2, height=19.2
  [TEXT HEIGHT] text: "嵌套的div...", font_size=16.0, line_height=19.2, height=19.2
  [UPDATE Y] child: div, content_height=91.2, margin.bottom=0.0, total_height=91.2, y after=245.4
  [UPDATE Y] child: div, content_height=294.4, margin.bottom=0.0, total_height=294.4, y after=516.8
  [UPDATE Y] child: div, content_height=516.8, margin.bottom=0.0, total_height=516.8, y after=622.3
  [TEXT HEIGHT] text: "相对定位容器...", font_size=16.0, line_height=19.2, height=19.2
  [UPDATE Y] child: div, content_height=115.2, margin.bottom=0.0, total_height=115.2, y after=737.5
[LAYOUT] Child element: div (parent: body)
  parent.content: x=0.0, y=0.0
  parent.padding: left=20.0, top=20.0
  child.margin: left=0.0, top=0.0
  y (accumulated): 5460.9
  child.content: x=20.0 (was 0.0), y=5460.9 (was 0.0)
  [UPDATE Y] child: div, content_height=803.5, margin.bottom=0.0, total_height=803.5, y after=6264.4
[LAYOUT] Child element: text (parent: body)
  parent.content: x=0.0, y=0.0
  parent.padding: left=20.0, top=20.0
  child.margin: left=0.0, top=0.0
  y (accumulated): 6264.4
  child.content: x=20.0 (was 0.0), y=6264.4 (was 0.0)
  [UPDATE Y] child: text, content_height=0.0, margin.bottom=0.0, total_height=0.0, y after=6264.4
  [TEXT HEIGHT] text: "ZBrowser功能测试...", font_size=16.0, line_height=19.2, height=19.2
  [TEXT HEIGHT] text: "包含：块级布�...", font_size=16.0, line_height=19.2, height=19.2
[LAYOUT] Child element: div (parent: body)
  parent.content: x=0.0, y=0.0
  parent.padding: left=20.0, top=20.0
  child.margin: left=0.0, top=30.0
  y (accumulated): 6264.4
  child.content: x=20.0 (was 0.0), y=6294.4 (was 0.0)
  [UPDATE Y] child: div, content_height=182.4, margin.bottom=0.0, total_height=182.4, y after=6446.8
[LAYOUT] Child element: body (parent: html)
  parent.content: x=0.0, y=0.0
  parent.padding: left=0.0, top=0.0
  child.margin: left=0.0, top=0.0
  y (accumulated): 0.0
  child.content: x=0.0 (was 0.0), y=0.0 (was 0.0)
  [UPDATE Y] child: body, content_height=6506.8, margin.bottom=0.0, total_height=6506.8, y after=6506.8
[LAYOUT] Element: body, is_root: false
  margin: top=0.0, right=0.0, bottom=0.0, left=0.0
  padding: top=20.0, right=20.0, bottom=20.0, left=20.0
  content: x=0.0, y=0.0, width=1160.0, height=6466.8
  containing_block: width=1200.0, height=6506.8
[LAYOUT] Body element position set: x=0.0, y=0.0 (margin: left=0.0, top=0.0)
[CONTAINING BLOCK] body.content.width=1160.0, child_containing_block.width=1160.0
[WIDTH DEBUG] h1: containing_block.width=1160.0, available_width=1160.0, calculated_width=1156.0
[LAYOUT] Child element: h1 (parent: body)
  parent.content: x=0.0, y=0.0
  parent.padding: left=20.0, top=20.0
  child.margin: left=0.0, top=21.4
  y (accumulated): 20.0
  child.content: x=20.0 (was 20.0), y=41.4 (was 41.4)
  [UPDATE Y] child: h1, content_height=50.0, margin.bottom=21.4, total_height=71.4, y after=91.4
[LAYOUT] Child element: text (parent: body)
  parent.content: x=0.0, y=0.0
  parent.padding: left=20.0, top=20.0
  child.margin: left=0.0, top=0.0
  y (accumulated): 91.4
  child.content: x=20.0 (was 20.0), y=91.4 (was 91.4)
  [UPDATE Y] child: text, content_height=0.0, margin.bottom=0.0, total_height=0.0, y after=91.4
[WIDTH DEBUG] h1: containing_block.width=1126.0, available_width=1126.0, calculated_width=1126.0
[LAYOUT] Child element: h1 (parent: div)
  parent.content: x=20.0, y=91.4
  parent.padding: left=15.0, top=15.0
  child.margin: left=0.0, top=16.1
  y (accumulated): 15.0
  child.content: x=15.0 (was 15.0), y=122.5 (was 31.1)
  [UPDATE Y] child: h1, content_height=62.1, margin.bottom=16.1, total_height=78.2, y after=93.2
  [UPDATE Y] child: div, content_height=96.0, margin.bottom=0.0, total_height=96.0, y after=301.2
[LAYOUT] Child element: div (parent: body)
  parent.content: x=0.0, y=0.0
  parent.padding: left=20.0, top=20.0
  child.margin: left=0.0, top=0.0
  y (accumulated): 91.4
  child.content: x=20.0 (was 20.0), y=91.4 (was 91.4)
  [UPDATE Y] child: div, content_height=350.2, margin.bottom=0.0, total_height=350.2, y after=441.6
[LAYOUT] Child element: text (parent: body)
  parent.content: x=0.0, y=0.0
  parent.padding: left=20.0, top=20.0
  child.margin: left=0.0, top=0.0
  y (accumulated): 441.6
  child.content: x=20.0 (was 20.0), y=441.6 (was 441.6)
  [UPDATE Y] child: text, content_height=0.0, margin.bottom=0.0, total_height=0.0, y after=441.6
[LAYOUT] Child element: div (parent: body)
  parent.content: x=0.0, y=0.0
  parent.padding: left=20.0, top=20.0
  child.margin: left=0.0, top=0.0
  y (accumulated): 441.6
  child.content: x=20.0 (was 20.0), y=441.6 (was 441.6)
  [UPDATE Y] child: div, content_height=329.4, margin.bottom=0.0, total_height=329.4, y after=771.0
[LAYOUT] Child element: text (parent: body)
  parent.content: x=0.0, y=0.0
  parent.padding: left=20.0, top=20.0
  child.margin: left=0.0, top=0.0
  y (accumulated): 771.0
  child.content: x=20.0 (was 20.0), y=771.0 (was 771.0)
  [UPDATE Y] child: text, content_height=0.0, margin.bottom=0.0, total_height=0.0, y after=771.0
  [UPDATE Y] child: div, content_height=59.2, margin.bottom=5.0, total_height=64.2, y after=138.2
  [UPDATE Y] child: div, content_height=59.2, margin.bottom=5.0, total_height=64.2, y after=202.4
[LAYOUT] Child element: div (parent: body)
  parent.content: x=0.0, y=0.0
  parent.padding: left=20.0, top=20.0
  child.margin: left=0.0, top=0.0
  y (accumulated): 771.0
  child.content: x=20.0 (was 20.0), y=771.0 (was 771.0)
  [UPDATE Y] child: div, content_height=334.0, margin.bottom=0.0, total_height=334.0, y after=1105.0
[LAYOUT] Child element: text (parent: body)
  parent.content: x=0.0, y=0.0
  parent.padding: left=20.0, top=20.0
  child.margin: left=0.0, top=0.0
  y (accumulated): 1105.0
  child.content: x=20.0 (was 20.0), y=1105.0 (was 1105.0)
  [UPDATE Y] child: text, content_height=0.0, margin.bottom=0.0, total_height=0.0, y after=1105.0
  [UPDATE Y] child: div, content_height=59.2, margin.bottom=0.0, total_height=59.2, y after=287.8
[LAYOUT] Child element: div (parent: body)
  parent.content: x=0.0, y=0.0
  parent.padding: left=20.0, top=20.0
  child.margin: left=0.0, top=0.0
  y (accumulated): 1105.0
  child.content: x=20.0 (was 20.0), y=1105.0 (was 1105.0)
  [UPDATE Y] child: div, content_height=336.8, margin.bottom=0.0, total_height=336.8, y after=1441.8
[LAYOUT] Child element: text (parent: body)
  parent.content: x=0.0, y=0.0
  parent.padding: left=20.0, top=20.0
  child.margin: left=0.0, top=0.0
  y (accumulated): 1441.8
  child.content: x=20.0 (was 20.0), y=1441.8 (was 1441.8)
  [UPDATE Y] child: text, content_height=0.0, margin.bottom=0.0, total_height=0.0, y after=1441.8
  [UPDATE Y] child: div, content_height=99.2, margin.bottom=5.0, total_height=104.2, y after=119.2
  [UPDATE Y] child: div, content_height=99.2, margin.bottom=5.0, total_height=104.2, y after=223.4
  [UPDATE Y] child: div, content_height=99.2, margin.bottom=5.0, total_height=104.2, y after=327.6
  [UPDATE Y] child: div, content_height=99.2, margin.bottom=5.0, total_height=104.2, y after=431.8
  [UPDATE Y] child: div, content_height=99.2, margin.bottom=5.0, total_height=104.2, y after=536.0
  [UPDATE Y] child: div, content_height=585.0, margin.bottom=0.0, total_height=585.0, y after=697.1
  [UPDATE Y] child: div, content_height=99.2, margin.bottom=5.0, total_height=104.2, y after=119.2
  [UPDATE Y] child: div, content_height=99.2, margin.bottom=5.0, total_height=104.2, y after=223.4
  [UPDATE Y] child: div, content_height=99.2, margin.bottom=5.0, total_height=104.2, y after=327.6
  [UPDATE Y] child: div, content_height=334.0, margin.bottom=0.0, total_height=334.0, y after=1031.1
[LAYOUT] Child element: div (parent: body)
  parent.content: x=0.0, y=0.0
  parent.padding: left=20.0, top=20.0
  child.margin: left=0.0, top=0.0
  y (accumulated): 1441.8
  child.content: x=20.0 (was 20.0), y=1441.8 (was 1441.8)
  [UPDATE Y] child: div, content_height=1031.1, margin.bottom=0.0, total_height=1031.1, y after=2472.8
[LAYOUT] Child element: text (parent: body)
  parent.content: x=0.0, y=0.0
  parent.padding: left=20.0, top=20.0
  child.margin: left=0.0, top=0.0
  y (accumulated): 2472.8
  child.content: x=20.0 (was 20.0), y=2472.8 (was 2472.8)
  [UPDATE Y] child: text, content_height=0.0, margin.bottom=0.0, total_height=0.0, y after=2472.8
  [UPDATE Y] child: div, content_height=79.2, margin.bottom=0.0, total_height=79.2, y after=94.2
  [UPDATE Y] child: div, content_height=79.2, margin.bottom=0.0, total_height=79.2, y after=173.4
  [UPDATE Y] child: div, content_height=79.2, margin.bottom=0.0, total_height=79.2, y after=252.6
  [UPDATE Y] child: div, content_height=79.2, margin.bottom=0.0, total_height=79.2, y after=331.8
  [UPDATE Y] child: div, content_height=79.2, margin.bottom=0.0, total_height=79.2, y after=411.0
  [UPDATE Y] child: div, content_height=79.2, margin.bottom=0.0, total_height=79.2, y after=490.2
  [UPDATE Y] child: div, content_height=79.2, margin.bottom=0.0, total_height=79.2, y after=569.4
  [UPDATE Y] child: div, content_height=79.2, margin.bottom=0.0, total_height=79.2, y after=648.6
  [UPDATE Y] child: div, content_height=697.6, margin.bottom=0.0, total_height=697.6, y after=809.7
[LAYOUT] Child element: div (parent: body)
  parent.content: x=0.0, y=0.0
  parent.padding: left=20.0, top=20.0
  child.margin: left=0.0, top=0.0
  y (accumulated): 2472.8
  child.content: x=20.0 (was 20.0), y=2472.8 (was 2472.8)
  [UPDATE Y] child: div, content_height=809.7, margin.bottom=0.0, total_height=809.7, y after=3282.5
[LAYOUT] Child element: text (parent: body)
  parent.content: x=0.0, y=0.0
  parent.padding: left=20.0, top=20.0
  child.margin: left=0.0, top=0.0
  y (accumulated): 3282.5
  child.content: x=20.0 (was 20.0), y=3282.5 (was 3282.5)
  [UPDATE Y] child: text, content_height=0.0, margin.bottom=0.0, total_height=0.0, y after=3282.5
[LAYOUT] Child element: div (parent: body)
  parent.content: x=0.0, y=0.0
  parent.padding: left=20.0, top=20.0
  child.margin: left=0.0, top=0.0
  y (accumulated): 3282.5
  child.content: x=20.0 (was 20.0), y=3282.5 (was 3282.5)
  [UPDATE Y] child: div, content_height=405.5, margin.bottom=0.0, total_height=405.5, y after=3688.0
[LAYOUT] Child element: text (parent: body)
  parent.content: x=0.0, y=0.0
  parent.padding: left=20.0, top=20.0
  child.margin: left=0.0, top=0.0
  y (accumulated): 3688.0
  child.content: x=20.0 (was 20.0), y=3688.0 (was 3688.0)
  [UPDATE Y] child: text, content_height=0.0, margin.bottom=0.0, total_height=0.0, y after=3688.0
[LAYOUT] Child element: div (parent: body)
  parent.content: x=0.0, y=0.0
  parent.padding: left=20.0, top=20.0
  child.margin: left=0.0, top=0.0
  y (accumulated): 3688.0
  child.content: x=20.0 (was 20.0), y=3688.0 (was 3688.0)
  [UPDATE Y] child: div, content_height=610.3, margin.bottom=0.0, total_height=610.3, y after=4298.4
[LAYOUT] Child element: text (parent: body)
  parent.content: x=0.0, y=0.0
  parent.padding: left=20.0, top=20.0
  child.margin: left=0.0, top=0.0
  y (accumulated): 4298.4
  child.content: x=20.0 (was 20.0), y=4298.4 (was 4298.4)
  [UPDATE Y] child: text, content_height=0.0, margin.bottom=0.0, total_height=0.0, y after=4298.4
  [UPDATE Y] child: div, content_height=117.2, margin.bottom=0.0, total_height=117.2, y after=273.9
[LAYOUT] Child element: div (parent: body)
  parent.content: x=0.0, y=0.0
  parent.padding: left=20.0, top=20.0
  child.margin: left=0.0, top=0.0
  y (accumulated): 4298.4
  child.content: x=20.0 (was 20.0), y=4298.4 (was 4298.4)
  [UPDATE Y] child: div, content_height=343.9, margin.bottom=0.0, total_height=343.9, y after=4642.3
[LAYOUT] Child element: text (parent: body)
  parent.content: x=0.0, y=0.0
  parent.padding: left=20.0, top=20.0
  child.margin: left=0.0, top=0.0
  y (accumulated): 4642.3
  child.content: x=20.0 (was 20.0), y=4642.3 (was 4642.3)
  [UPDATE Y] child: text, content_height=0.0, margin.bottom=0.0, total_height=0.0, y after=4642.3
  [UPDATE Y] child: div, content_height=71.2, margin.bottom=2.0, total_height=73.2, y after=132.4
  [UPDATE Y] child: div, content_height=160.4, margin.bottom=3.0, total_height=163.4, y after=224.6
  [UPDATE Y] child: div, content_height=258.6, margin.bottom=5.0, total_height=263.6, y after=364.1
[LAYOUT] Child element: div (parent: body)
  parent.content: x=0.0, y=0.0
  parent.padding: left=20.0, top=20.0
  child.margin: left=0.0, top=0.0
  y (accumulated): 4642.3
  child.content: x=20.0 (was 20.0), y=4642.3 (was 4642.3)
  [UPDATE Y] child: div, content_height=413.1, margin.bottom=0.0, total_height=413.1, y after=5055.4
[LAYOUT] Child element: text (parent: body)
  parent.content: x=0.0, y=0.0
  parent.padding: left=20.0, top=20.0
  child.margin: left=0.0, top=0.0
  y (accumulated): 5055.4
  child.content: x=20.0 (was 20.0), y=5055.4 (was 5055.4)
  [UPDATE Y] child: text, content_height=0.0, margin.bottom=0.0, total_height=0.0, y after=5055.4
[LAYOUT] Child element: div (parent: body)
  parent.content: x=0.0, y=0.0
  parent.padding: left=20.0, top=20.0
  child.margin: left=0.0, top=0.0
  y (accumulated): 5055.4
  child.content: x=20.0 (was 20.0), y=5055.4 (was 5055.4)
  [UPDATE Y] child: div, content_height=405.5, margin.bottom=0.0, total_height=405.5, y after=5460.9
[LAYOUT] Child element: text (parent: body)
  parent.content: x=0.0, y=0.0
  parent.padding: left=20.0, top=20.0
  child.margin: left=0.0, top=0.0
  y (accumulated): 5460.9
  child.content: x=20.0 (was 20.0), y=5460.9 (was 5460.9)
  [UPDATE Y] child: text, content_height=0.0, margin.bottom=0.0, total_height=0.0, y after=5460.9
  [UPDATE Y] child: div, content_height=222.4, margin.bottom=0.0, total_height=222.4, y after=222.4
  [UPDATE Y] child: div, content_height=91.2, margin.bottom=0.0, total_height=91.2, y after=245.4
  [UPDATE Y] child: div, content_height=294.4, margin.bottom=0.0, total_height=294.4, y after=516.8
  [UPDATE Y] child: div, content_height=516.8, margin.bottom=0.0, total_height=516.8, y after=622.3
  [UPDATE Y] child: div, content_height=115.2, margin.bottom=0.0, total_height=115.2, y after=737.5
[LAYOUT] Child element: div (parent: body)
  parent.content: x=0.0, y=0.0
  parent.padding: left=20.0, top=20.0
  child.margin: left=0.0, top=0.0
  y (accumulated): 5460.9
  child.content: x=20.0 (was 20.0), y=5460.9 (was 5460.9)
  [UPDATE Y] child: div, content_height=803.5, margin.bottom=0.0, total_height=803.5, y after=6264.4
[LAYOUT] Child element: text (parent: body)
  parent.content: x=0.0, y=0.0
  parent.padding: left=20.0, top=20.0
  child.margin: left=0.0, top=0.0
  y (accumulated): 6264.4
  child.content: x=20.0 (was 20.0), y=6264.4 (was 6264.4)
  [UPDATE Y] child: text, content_height=0.0, margin.bottom=0.0, total_height=0.0, y after=6264.4
[LAYOUT] Child element: div (parent: body)
  parent.content: x=0.0, y=0.0
  parent.padding: left=20.0, top=20.0
  child.margin: left=0.0, top=30.0
  y (accumulated): 6264.4
  child.content: x=20.0 (was 20.0), y=6294.4 (was 6294.4)
  [UPDATE Y] child: div, content_height=182.4, margin.bottom=0.0, total_height=182.4, y after=6446.8
[WIDTH DEBUG] h1: containing_block.width=1160.0, available_width=1160.0, calculated_width=1156.0
[WIDTH DEBUG] h1: containing_block.width=1126.0, available_width=1126.0, calculated_width=1126.0
[LAYOUT] Child element: h1 (parent: div)
  parent.content: x=20.0, y=91.4
  parent.padding: left=15.0, top=15.0
  child.margin: left=0.0, top=16.1
  y (accumulated): 15.0
  child.content: x=15.0 (was 15.0), y=122.5 (was 122.5)
  [UPDATE Y] child: h1, content_height=62.1, margin.bottom=16.1, total_height=78.2, y after=93.2
  [UPDATE Y] child: div, content_height=96.0, margin.bottom=0.0, total_height=96.0, y after=301.2
[WIDTH DEBUG] h1: containing_block.width=1126.0, available_width=1126.0, calculated_width=1126.0
  [UPDATE Y] child: div, content_height=59.2, margin.bottom=5.0, total_height=64.2, y after=138.2
  [UPDATE Y] child: div, content_height=59.2, margin.bottom=5.0, total_height=64.2, y after=202.4
  [UPDATE Y] child: div, content_height=59.2, margin.bottom=0.0, total_height=59.2, y after=287.8
  [UPDATE Y] child: div, content_height=99.2, margin.bottom=5.0, total_height=104.2, y after=119.2
  [UPDATE Y] child: div, content_height=99.2, margin.bottom=5.0, total_height=104.2, y after=223.4
  [UPDATE Y] child: div, content_height=99.2, margin.bottom=5.0, total_height=104.2, y after=327.6
  [UPDATE Y] child: div, content_height=99.2, margin.bottom=5.0, total_height=104.2, y after=431.8
  [UPDATE Y] child: div, content_height=99.2, margin.bottom=5.0, total_height=104.2, y after=536.0
  [UPDATE Y] child: div, content_height=585.0, margin.bottom=0.0, total_height=585.0, y after=697.1
  [UPDATE Y] child: div, content_height=99.2, margin.bottom=5.0, total_height=104.2, y after=119.2
  [UPDATE Y] child: div, content_height=99.2, margin.bottom=5.0, total_height=104.2, y after=223.4
  [UPDATE Y] child: div, content_height=99.2, margin.bottom=5.0, total_height=104.2, y after=327.6
  [UPDATE Y] child: div, content_height=334.0, margin.bottom=0.0, total_height=334.0, y after=1031.1
  [UPDATE Y] child: div, content_height=79.2, margin.bottom=0.0, total_height=79.2, y after=94.2
  [UPDATE Y] child: div, content_height=79.2, margin.bottom=0.0, total_height=79.2, y after=173.4
  [UPDATE Y] child: div, content_height=79.2, margin.bottom=0.0, total_height=79.2, y after=252.6
  [UPDATE Y] child: div, content_height=79.2, margin.bottom=0.0, total_height=79.2, y after=331.8
  [UPDATE Y] child: div, content_height=79.2, margin.bottom=0.0, total_height=79.2, y after=411.0
  [UPDATE Y] child: div, content_height=79.2, margin.bottom=0.0, total_height=79.2, y after=490.2
  [UPDATE Y] child: div, content_height=79.2, margin.bottom=0.0, total_height=79.2, y after=569.4
  [UPDATE Y] child: div, content_height=79.2, margin.bottom=0.0, total_height=79.2, y after=648.6
  [UPDATE Y] child: div, content_height=697.6, margin.bottom=0.0, total_height=697.6, y after=809.7
  [UPDATE Y] child: div, content_height=117.2, margin.bottom=0.0, total_height=117.2, y after=273.9
  [UPDATE Y] child: div, content_height=71.2, margin.bottom=2.0, total_height=73.2, y after=132.4
  [UPDATE Y] child: div, content_height=160.4, margin.bottom=3.0, total_height=163.4, y after=224.6
  [UPDATE Y] child: div, content_height=258.6, margin.bottom=5.0, total_height=263.6, y after=364.1
  [UPDATE Y] child: div, content_height=71.2, margin.bottom=2.0, total_height=73.2, y after=132.4
  [UPDATE Y] child: div, content_height=160.4, margin.bottom=3.0, total_height=163.4, y after=224.6
  [UPDATE Y] child: div, content_height=71.2, margin.bottom=2.0, total_height=73.2, y after=132.4
  [UPDATE Y] child: div, content_height=222.4, margin.bottom=0.0, total_height=222.4, y after=222.4
  [UPDATE Y] child: div, content_height=91.2, margin.bottom=0.0, total_height=91.2, y after=245.4
  [UPDATE Y] child: div, content_height=294.4, margin.bottom=0.0, total_height=294.4, y after=516.8
  [UPDATE Y] child: div, content_height=516.8, margin.bottom=0.0, total_height=516.8, y after=622.3
  [UPDATE Y] child: div, content_height=115.2, margin.bottom=0.0, total_height=115.2, y after=737.5

=== Element Layout Info ===
Tag: html

Box Model:
  Margin: top=0.00, right=0.00, bottom=0.00, left=0.00
  Border: top=0.00, right=0.00, bottom=0.00, left=0.00
  Padding: top=0.00, right=0.00, bottom=0.00, left=0.00
  Content: x=0.00, y=0.00, width=1200.00, height=6506.84
  Total Size: width=1200.00, height=6506.84
  Actual Position (content box): x=0.00, y=0.00
  Position (with margin): x=0.00, y=0.00

Computed Styles:
  display: block
==========================


=== DEBUG: Body children before printElementLayoutInfo ===
Body children count: 67
Body DOM node children:
  DOM Child[0]: text (node_type: .text)
  DOM Child[1]: text (node_type: .text)
  DOM Child[2]: text (node_type: .text)
  DOM Child[3]: meta (node_type: .element)
  DOM Child[4]: text (node_type: .text)
  DOM Child[5]: meta (node_type: .element)
  DOM Child[6]: text (node_type: .text)
  DOM Child[7]: title (node_type: .element)
  DOM Child[8]: text (node_type: .text)
  DOM Child[9]: style (node_type: .element)
  DOM Child[10]: text (node_type: .text)
  DOM Child[11]: text (node_type: .text)
  DOM Child[12]: text (node_type: .text)
  DOM Child[13]: h1 (node_type: .element)
  DOM Child[14]: text (node_type: .text)
  DOM Child[15]: unknown (node_type: .comment)
  DOM Child[16]: text (node_type: .text)
  DOM Child[17]: div (node_type: .element)
  DOM Child[18]: text (node_type: .text)
  DOM Child[19]: unknown (node_type: .comment)
  DOM Child[20]: text (node_type: .text)
  DOM Child[21]: div (node_type: .element)
  DOM Child[22]: text (node_type: .text)
  DOM Child[23]: unknown (node_type: .comment)
  DOM Child[24]: text (node_type: .text)
  DOM Child[25]: div (node_type: .element)
  DOM Child[26]: text (node_type: .text)
  DOM Child[27]: unknown (node_type: .comment)
  DOM Child[28]: text (node_type: .text)
  DOM Child[29]: div (node_type: .element)
  DOM Child[30]: text (node_type: .text)
  DOM Child[31]: unknown (node_type: .comment)
  DOM Child[32]: text (node_type: .text)
  DOM Child[33]: div (node_type: .element)
  DOM Child[34]: text (node_type: .text)
  DOM Child[35]: unknown (node_type: .comment)
  DOM Child[36]: text (node_type: .text)
  DOM Child[37]: div (node_type: .element)
  DOM Child[38]: text (node_type: .text)
  DOM Child[39]: unknown (node_type: .comment)
  DOM Child[40]: text (node_type: .text)
  DOM Child[41]: div (node_type: .element)
  DOM Child[42]: text (node_type: .text)
  DOM Child[43]: unknown (node_type: .comment)
  DOM Child[44]: text (node_type: .text)
  DOM Child[45]: div (node_type: .element)
  DOM Child[46]: text (node_type: .text)
  DOM Child[47]: unknown (node_type: .comment)
  DOM Child[48]: text (node_type: .text)
  DOM Child[49]: div (node_type: .element)
  DOM Child[50]: text (node_type: .text)
  DOM Child[51]: unknown (node_type: .comment)
  DOM Child[52]: text (node_type: .text)
  DOM Child[53]: div (node_type: .element)
  DOM Child[54]: text (node_type: .text)
  DOM Child[55]: unknown (node_type: .comment)
  DOM Child[56]: text (node_type: .text)
  DOM Child[57]: div (node_type: .element)
  DOM Child[58]: text (node_type: .text)
  DOM Child[59]: unknown (node_type: .comment)
  DOM Child[60]: text (node_type: .text)
  DOM Child[61]: div (node_type: .element)
  DOM Child[62]: text (node_type: .text)
  DOM Child[63]: unknown (node_type: .comment)
  DOM Child[64]: text (node_type: .text)
  DOM Child[65]: div (node_type: .element)
  DOM Child[66]: text (node_type: .text)
  Layout Child[0]: text (node_type: .text)
  Layout Child[1]: text (node_type: .text)
  Layout Child[2]: text (node_type: .text)
  Layout Child[3]: meta (node_type: .element)
  Layout Child[4]: text (node_type: .text)
  Layout Child[5]: meta (node_type: .element)
  Layout Child[6]: text (node_type: .text)
  Layout Child[7]: title (node_type: .element)
  Layout Child[8]: text (node_type: .text)
  Layout Child[9]: style (node_type: .element)
  Layout Child[10]: text (node_type: .text)
  Layout Child[11]: text (node_type: .text)
  Layout Child[12]: text (node_type: .text)
  Layout Child[13]: h1 (node_type: .element)
  Layout Child[14]: text (node_type: .text)
  Layout Child[15]: text (node_type: .comment)
  Layout Child[16]: text (node_type: .text)
  Layout Child[17]: div (node_type: .element)
  Layout Child[18]: text (node_type: .text)
  Layout Child[19]: text (node_type: .comment)
  Layout Child[20]: text (node_type: .text)
  Layout Child[21]: div (node_type: .element)
  Layout Child[22]: text (node_type: .text)
  Layout Child[23]: text (node_type: .comment)
  Layout Child[24]: text (node_type: .text)
  Layout Child[25]: div (node_type: .element)
  Layout Child[26]: text (node_type: .text)
  Layout Child[27]: text (node_type: .comment)
  Layout Child[28]: text (node_type: .text)
  Layout Child[29]: div (node_type: .element)
  Layout Child[30]: text (node_type: .text)
  Layout Child[31]: text (node_type: .comment)
  Layout Child[32]: text (node_type: .text)
  Layout Child[33]: div (node_type: .element)
  Layout Child[34]: text (node_type: .text)
  Layout Child[35]: text (node_type: .comment)
  Layout Child[36]: text (node_type: .text)
  Layout Child[37]: div (node_type: .element)
  Layout Child[38]: text (node_type: .text)
  Layout Child[39]: text (node_type: .comment)
  Layout Child[40]: text (node_type: .text)
  Layout Child[41]: div (node_type: .element)
  Layout Child[42]: text (node_type: .text)
  Layout Child[43]: text (node_type: .comment)
  Layout Child[44]: text (node_type: .text)
  Layout Child[45]: div (node_type: .element)
  Layout Child[46]: text (node_type: .text)
  Layout Child[47]: text (node_type: .comment)
  Layout Child[48]: text (node_type: .text)
  Layout Child[49]: div (node_type: .element)
  Layout Child[50]: text (node_type: .text)
  Layout Child[51]: text (node_type: .comment)
  Layout Child[52]: text (node_type: .text)
  Layout Child[53]: div (node_type: .element)
  Layout Child[54]: text (node_type: .text)
  Layout Child[55]: text (node_type: .comment)
  Layout Child[56]: text (node_type: .text)
  Layout Child[57]: div (node_type: .element)
  Layout Child[58]: text (node_type: .text)
  Layout Child[59]: text (node_type: .comment)
  Layout Child[60]: text (node_type: .text)
  Layout Child[61]: div (node_type: .element)
  Layout Child[62]: text (node_type: .text)
  Layout Child[63]: text (node_type: .comment)
  Layout Child[64]: text (node_type: .text)
  Layout Child[65]: div (node_type: .element)
  Layout Child[66]: text (node_type: .text)
=== END DEBUG ===


=== Element Layout Info ===
Tag: body

Box Model:
  Margin: top=0.00, right=0.00, bottom=0.00, left=0.00
  Border: top=0.00, right=0.00, bottom=0.00, left=0.00
  Padding: top=20.00, right=20.00, bottom=20.00, left=20.00
  Content: x=0.00, y=0.00, width=1160.00, height=6466.84
  Total Size: width=1200.00, height=6506.84
  Actual Position (content box): x=0.00, y=0.00
  Position (with margin): x=0.00, y=0.00

Computed Styles:
  display: block
==========================

DEBUG: Found h1 element!

=== Element Layout Info ===
Tag: h1

Box Model:
  Margin: top=21.44, right=0.00, bottom=21.44, left=0.00
  Border: top=2.00, right=2.00, bottom=2.00, left=2.00
  Padding: top=0.00, right=0.00, bottom=0.00, left=0.00
  Content: x=20.00, y=41.44, width=1156.00, height=46.00
  Total Size: width=1160.00, height=50.00
  Actual Position (content box): x=20.00, y=41.44
  Position (with margin): x=20.00, y=20.00

Computed Styles:
  display: block
==========================

[FONT] font-size parsed: 32.0px
[FONT] font-size parsed: 32.0px
[STYLE] h1 font-size parsed: 32.0px
[STYLE] p font-size parsed: 32.0px
[LAYOUT] Element: html, is_root: true
  margin: top=0.0, right=0.0, bottom=0.0, left=0.0
  padding: top=0.0, right=0.0, bottom=0.0, left=0.0
  content: x=0.0, y=0.0, width=1200.0, height=0.0
  containing_block: width=1200.0, height=800.0
[LAYOUT] Root element (html) position set to (0, 0)
[LAYOUT] Element: body, is_root: false
  margin: top=0.0, right=0.0, bottom=0.0, left=0.0
  padding: top=20.0, right=20.0, bottom=20.0, left=20.0
  content: x=0.0, y=0.0, width=1160.0, height=0.0
  containing_block: width=1200.0, height=800.0
[LAYOUT] Body element position set: x=0.0, y=0.0 (margin: left=0.0, top=0.0)
[CONTAINING BLOCK] body.content.width=1160.0, child_containing_block.width=1160.0
[WIDTH DEBUG] h1: containing_block.width=1160.0, available_width=1160.0, calculated_width=1160.0
  [TEXT HEIGHT] text: "ZBrowser功能测试...", font_size=32.0, line_height=46.0, height=46.0
[LAYOUT] Child element: h1 (parent: body)
  parent.content: x=0.0, y=0.0
  parent.padding: left=20.0, top=20.0
  child.margin: left=0.0, top=21.4
  y (accumulated): 20.0
  child.content: x=20.0 (was 0.0), y=41.4 (was 0.0)
  [UPDATE Y] child: h1, content_height=50.0, margin.bottom=21.4, total_height=71.4, y after=91.4
[LAYOUT] Child element: text (parent: body)
  parent.content: x=0.0, y=0.0
  parent.padding: left=20.0, top=20.0
  child.margin: left=0.0, top=0.0
  y (accumulated): 91.4
  child.content: x=20.0 (was 0.0), y=91.4 (was 0.0)
  [UPDATE Y] child: text, content_height=0.0, margin.bottom=0.0, total_height=0.0, y after=91.4
[WIDTH DEBUG] h1: containing_block.width=1126.0, available_width=1126.0, calculated_width=1126.0
  [TEXT HEIGHT] text: "块级布局测试...", font_size=32.0, line_height=46.0, height=46.0
[LAYOUT] Child element: h1 (parent: div)
  parent.content: x=0.0, y=0.0
  parent.padding: left=15.0, top=15.0
  child.margin: left=0.0, top=16.1
  y (accumulated): 15.0
  child.content: x=15.0 (was 0.0), y=31.1 (was 0.0)
  [UPDATE Y] child: h1, content_height=62.1, margin.bottom=16.1, total_height=78.2, y after=93.2
  [TEXT HEIGHT] text: "这是一个块级�...", font_size=16.0, line_height=24.0, height=24.0
  [TEXT HEIGHT] text: "这是另一个段�...", font_size=16.0, line_height=24.0, height=24.0
  [TEXT HEIGHT] text: "嵌套的div块级�...", font_size=16.0, line_height=24.0, height=24.0
  [UPDATE Y] child: div, content_height=96.0, margin.bottom=0.0, total_height=96.0, y after=301.2
[LAYOUT] Child element: div (parent: body)
  parent.content: x=0.0, y=0.0
  parent.padding: left=20.0, top=20.0
  child.margin: left=0.0, top=0.0
  y (accumulated): 91.4
  child.content: x=20.0 (was 0.0), y=91.4 (was 0.0)
  [UPDATE Y] child: div, content_height=350.2, margin.bottom=0.0, total_height=350.2, y after=441.6
[LAYOUT] Child element: text (parent: body)
  parent.content: x=0.0, y=0.0
  parent.padding: left=20.0, top=20.0
  child.margin: left=0.0, top=0.0
  y (accumulated): 441.6
  child.content: x=20.0 (was 0.0), y=441.6 (was 0.0)
  [UPDATE Y] child: text, content_height=0.0, margin.bottom=0.0, total_height=0.0, y after=441.6
  [TEXT HEIGHT] text: "
      这是行内�...", font_size=16.0, line_height=19.2, height=19.2
  [TEXT HEIGHT] text: "行内元素不会�...", font_size=16.0, line_height=19.2, height=19.2
[LAYOUT] Child element: div (parent: body)
  parent.content: x=0.0, y=0.0
  parent.padding: left=20.0, top=20.0
  child.margin: left=0.0, top=0.0
  y (accumulated): 441.6
  child.content: x=20.0 (was 0.0), y=441.6 (was 0.0)
  [UPDATE Y] child: div, content_height=329.4, margin.bottom=0.0, total_height=329.4, y after=771.0
[LAYOUT] Child element: text (parent: body)
  parent.content: x=0.0, y=0.0
  parent.padding: left=20.0, top=20.0
  child.margin: left=0.0, top=0.0
  y (accumulated): 771.0
  child.content: x=20.0 (was 0.0), y=771.0 (was 0.0)
  [UPDATE Y] child: text, content_height=0.0, margin.bottom=0.0, total_height=0.0, y after=771.0
  [UPDATE Y] child: div, content_height=59.2, margin.bottom=5.0, total_height=64.2, y after=138.2
  [UPDATE Y] child: div, content_height=59.2, margin.bottom=5.0, total_height=64.2, y after=202.4
[LAYOUT] Child element: div (parent: body)
  parent.content: x=0.0, y=0.0
  parent.padding: left=20.0, top=20.0
  child.margin: left=0.0, top=0.0
  y (accumulated): 771.0
  child.content: x=20.0 (was 0.0), y=771.0 (was 0.0)
  [UPDATE Y] child: div, content_height=334.0, margin.bottom=0.0, total_height=334.0, y after=1105.0
[LAYOUT] Child element: text (parent: body)
  parent.content: x=0.0, y=0.0
  parent.padding: left=20.0, top=20.0
  child.margin: left=0.0, top=0.0
  y (accumulated): 1105.0
  child.content: x=20.0 (was 0.0), y=1105.0 (was 0.0)
  [UPDATE Y] child: text, content_height=0.0, margin.bottom=0.0, total_height=0.0, y after=1105.0
  [TEXT HEIGHT] text: "左浮动元素...", font_size=16.0, line_height=19.2, height=19.2
  [TEXT HEIGHT] text: "这个元素会浮�...", font_size=16.0, line_height=19.2, height=19.2
  [TEXT HEIGHT] text: "右浮动元素...", font_size=16.0, line_height=19.2, height=19.2
  [TEXT HEIGHT] text: "这个元素会浮�...", font_size=16.0, line_height=19.2, height=19.2
  [TEXT HEIGHT] text: "这是正常流中�...", font_size=16.0, line_height=19.2, height=19.2
  [UPDATE Y] child: div, content_height=59.2, margin.bottom=0.0, total_height=59.2, y after=287.8
[LAYOUT] Child element: div (parent: body)
  parent.content: x=0.0, y=0.0
  parent.padding: left=20.0, top=20.0
  child.margin: left=0.0, top=0.0
  y (accumulated): 1105.0
  child.content: x=20.0 (was 0.0), y=1105.0 (was 0.0)
  [UPDATE Y] child: div, content_height=336.8, margin.bottom=0.0, total_height=336.8, y after=1441.8
[LAYOUT] Child element: text (parent: body)
  parent.content: x=0.0, y=0.0
  parent.padding: left=20.0, top=20.0
  child.margin: left=0.0, top=0.0
  y (accumulated): 1441.8
  child.content: x=20.0 (was 0.0), y=1441.8 (was 0.0)
  [UPDATE Y] child: text, content_height=0.0, margin.bottom=0.0, total_height=0.0, y after=1441.8
  [UPDATE Y] child: div, content_height=99.2, margin.bottom=5.0, total_height=104.2, y after=119.2
  [UPDATE Y] child: div, content_height=99.2, margin.bottom=5.0, total_height=104.2, y after=223.4
  [UPDATE Y] child: div, content_height=99.2, margin.bottom=5.0, total_height=104.2, y after=327.6
  [UPDATE Y] child: div, content_height=99.2, margin.bottom=5.0, total_height=104.2, y after=431.8
  [UPDATE Y] child: div, content_height=99.2, margin.bottom=5.0, total_height=104.2, y after=536.0
  [UPDATE Y] child: div, content_height=585.0, margin.bottom=0.0, total_height=585.0, y after=697.1
  [UPDATE Y] child: div, content_height=99.2, margin.bottom=5.0, total_height=104.2, y after=119.2
  [UPDATE Y] child: div, content_height=99.2, margin.bottom=5.0, total_height=104.2, y after=223.4
  [UPDATE Y] child: div, content_height=99.2, margin.bottom=5.0, total_height=104.2, y after=327.6
  [UPDATE Y] child: div, content_height=334.0, margin.bottom=0.0, total_height=334.0, y after=1031.1
[LAYOUT] Child element: div (parent: body)
  parent.content: x=0.0, y=0.0
  parent.padding: left=20.0, top=20.0
  child.margin: left=0.0, top=0.0
  y (accumulated): 1441.8
  child.content: x=20.0 (was 0.0), y=1441.8 (was 0.0)
  [UPDATE Y] child: div, content_height=1031.1, margin.bottom=0.0, total_height=1031.1, y after=2472.8
[LAYOUT] Child element: text (parent: body)
  parent.content: x=0.0, y=0.0
  parent.padding: left=20.0, top=20.0
  child.margin: left=0.0, top=0.0
  y (accumulated): 2472.8
  child.content: x=20.0 (was 0.0), y=2472.8 (was 0.0)
  [UPDATE Y] child: text, content_height=0.0, margin.bottom=0.0, total_height=0.0, y after=2472.8
  [UPDATE Y] child: div, content_height=79.2, margin.bottom=0.0, total_height=79.2, y after=94.2
  [UPDATE Y] child: div, content_height=79.2, margin.bottom=0.0, total_height=79.2, y after=173.4
  [UPDATE Y] child: div, content_height=79.2, margin.bottom=0.0, total_height=79.2, y after=252.6
  [UPDATE Y] child: div, content_height=79.2, margin.bottom=0.0, total_height=79.2, y after=331.8
  [UPDATE Y] child: div, content_height=79.2, margin.bottom=0.0, total_height=79.2, y after=411.0
  [UPDATE Y] child: div, content_height=79.2, margin.bottom=0.0, total_height=79.2, y after=490.2
  [UPDATE Y] child: div, content_height=79.2, margin.bottom=0.0, total_height=79.2, y after=569.4
  [UPDATE Y] child: div, content_height=79.2, margin.bottom=0.0, total_height=79.2, y after=648.6
  [UPDATE Y] child: div, content_height=697.6, margin.bottom=0.0, total_height=697.6, y after=809.7
[LAYOUT] Child element: div (parent: body)
  parent.content: x=0.0, y=0.0
  parent.padding: left=20.0, top=20.0
  child.margin: left=0.0, top=0.0
  y (accumulated): 2472.8
  child.content: x=20.0 (was 0.0), y=2472.8 (was 0.0)
  [UPDATE Y] child: div, content_height=809.7, margin.bottom=0.0, total_height=809.7, y after=3282.5
[LAYOUT] Child element: text (parent: body)
  parent.content: x=0.0, y=0.0
  parent.padding: left=20.0, top=20.0
  child.margin: left=0.0, top=0.0
  y (accumulated): 3282.5
  child.content: x=20.0 (was 0.0), y=3282.5 (was 0.0)
  [UPDATE Y] child: text, content_height=0.0, margin.bottom=0.0, total_height=0.0, y after=3282.5
  [TEXT HEIGHT] text: "大号文本（32px�...", font_size=16.0, line_height=19.2, height=19.2
  [TEXT HEIGHT] text: "中等文本（20px�...", font_size=16.0, line_height=19.2, height=19.2
  [TEXT HEIGHT] text: "小号文本（12px�...", font_size=16.0, line_height=19.2, height=19.2
  [TEXT HEIGHT] text: "下划线文本...", font_size=16.0, line_height=19.2, height=19.2
  [TEXT HEIGHT] text: "删除线文本...", font_size=16.0, line_height=19.2, height=19.2
[LAYOUT] Child element: div (parent: body)
  parent.content: x=0.0, y=0.0
  parent.padding: left=20.0, top=20.0
  child.margin: left=0.0, top=0.0
  y (accumulated): 3282.5
  child.content: x=20.0 (was 0.0), y=3282.5 (was 0.0)
  [UPDATE Y] child: div, content_height=405.5, margin.bottom=0.0, total_height=405.5, y after=3688.0
[LAYOUT] Child element: text (parent: body)
  parent.content: x=0.0, y=0.0
  parent.padding: left=20.0, top=20.0
  child.margin: left=0.0, top=0.0
  y (accumulated): 3688.0
  child.content: x=20.0 (was 0.0), y=3688.0 (was 0.0)
  [UPDATE Y] child: text, content_height=0.0, margin.bottom=0.0, total_height=0.0, y after=3688.0
  [TEXT HEIGHT] text: "这是一个测试�...", font_size=16.0, line_height=25.6, height=25.6
  [TEXT HEIGHT] text: "這是一個測試�...", font_size=16.0, line_height=25.6, height=25.6
  [TEXT HEIGHT] text: "これはテスト�...", font_size=16.0, line_height=25.6, height=25.6
  [TEXT HEIGHT] text: "이것은 테스트 ...", font_size=16.0, line_height=25.6, height=25.6
  [TEXT HEIGHT] text: "This is a test page ...", font_size=16.0, line_height=25.6, height=25.6
  [TEXT HEIGHT] text: "混合文本 Mixed T...", font_size=16.0, line_height=25.6, height=25.6
[LAYOUT] Child element: div (parent: body)
  parent.content: x=0.0, y=0.0
  parent.padding: left=20.0, top=20.0
  child.margin: left=0.0, top=0.0
  y (accumulated): 3688.0
  child.content: x=20.0 (was 0.0), y=3688.0 (was 0.0)
  [UPDATE Y] child: div, content_height=610.3, margin.bottom=0.0, total_height=610.3, y after=4298.4
[LAYOUT] Child element: text (parent: body)
  parent.content: x=0.0, y=0.0
  parent.padding: left=20.0, top=20.0
  child.margin: left=0.0, top=0.0
  y (accumulated): 4298.4
  child.content: x=20.0 (was 0.0), y=4298.4 (was 0.0)
  [UPDATE Y] child: text, content_height=0.0, margin.bottom=0.0, total_height=0.0, y after=4298.4
  [TEXT HEIGHT] text: "这个区域有实�...", font_size=16.0, line_height=19.2, height=19.2
  [TEXT HEIGHT] text: "这个区域有虚�...", font_size=16.0, line_height=19.2, height=19.2
  [UPDATE Y] child: div, content_height=117.2, margin.bottom=0.0, total_height=117.2, y after=273.9
[LAYOUT] Child element: div (parent: body)
  parent.content: x=0.0, y=0.0
  parent.padding: left=20.0, top=20.0
  child.margin: left=0.0, top=0.0
  y (accumulated): 4298.4
  child.content: x=20.0 (was 0.0), y=4298.4 (was 0.0)
  [UPDATE Y] child: div, content_height=343.9, margin.bottom=0.0, total_height=343.9, y after=4642.3
[LAYOUT] Child element: text (parent: body)
  parent.content: x=0.0, y=0.0
  parent.padding: left=20.0, top=20.0
  child.margin: left=0.0, top=0.0
  y (accumulated): 4642.3
  child.content: x=20.0 (was 0.0), y=4642.3 (was 0.0)
  [UPDATE Y] child: text, content_height=0.0, margin.bottom=0.0, total_height=0.0, y after=4642.3
  [TEXT HEIGHT] text: "第一层嵌套...", font_size=16.0, line_height=19.2, height=19.2
  [TEXT HEIGHT] text: "第二层嵌套...", font_size=16.0, line_height=19.2, height=19.2
  [TEXT HEIGHT] text: "第三层嵌套...", font_size=16.0, line_height=19.2, height=19.2
  [UPDATE Y] child: div, content_height=71.2, margin.bottom=2.0, total_height=73.2, y after=132.4
  [UPDATE Y] child: div, content_height=160.4, margin.bottom=3.0, total_height=163.4, y after=224.6
  [UPDATE Y] child: div, content_height=258.6, margin.bottom=5.0, total_height=263.6, y after=364.1
[LAYOUT] Child element: div (parent: body)
  parent.content: x=0.0, y=0.0
  parent.padding: left=20.0, top=20.0
  child.margin: left=0.0, top=0.0
  y (accumulated): 4642.3
  child.content: x=20.0 (was 0.0), y=4642.3 (was 0.0)
  [UPDATE Y] child: div, content_height=413.1, margin.bottom=0.0, total_height=413.1, y after=5055.4
[LAYOUT] Child element: text (parent: body)
  parent.content: x=0.0, y=0.0
  parent.padding: left=20.0, top=20.0
  child.margin: left=0.0, top=0.0
  y (accumulated): 5055.4
  child.content: x=20.0 (was 0.0), y=5055.4 (was 0.0)
  [UPDATE Y] child: text, content_height=0.0, margin.bottom=0.0, total_height=0.0, y after=5055.4
  [TEXT HEIGHT] text: "HTML实体：<div> &...", font_size=16.0, line_height=19.2, height=19.2
  [TEXT HEIGHT] text: "Unicode字符：© �...", font_size=16.0, line_height=19.2, height=19.2
  [TEXT HEIGHT] text: "数学符号：∑ �...", font_size=16.0, line_height=19.2, height=19.2
  [TEXT HEIGHT] text: "箭头符号：← �...", font_size=16.0, line_height=19.2, height=19.2
  [TEXT HEIGHT] text: "Emoji：😀 😃 �...", font_size=16.0, line_height=19.2, height=19.2
[LAYOUT] Child element: div (parent: body)
  parent.content: x=0.0, y=0.0
  parent.padding: left=20.0, top=20.0
  child.margin: left=0.0, top=0.0
  y (accumulated): 5055.4
  child.content: x=20.0 (was 0.0), y=5055.4 (was 0.0)
  [UPDATE Y] child: div, content_height=405.5, margin.bottom=0.0, total_height=405.5, y after=5460.9
[LAYOUT] Child element: text (parent: body)
  parent.content: x=0.0, y=0.0
  parent.padding: left=20.0, top=20.0
  child.margin: left=0.0, top=0.0
  y (accumulated): 5460.9
  child.content: x=20.0 (was 0.0), y=5460.9 (was 0.0)
  [UPDATE Y] child: text, content_height=0.0, margin.bottom=0.0, total_height=0.0, y after=5460.9
  [TEXT HEIGHT] text: "包含块级和行�...", font_size=16.0, line_height=19.2, height=19.2
  [UPDATE Y] child: div, content_height=222.4, margin.bottom=0.0, total_height=222.4, y after=222.4
  [TEXT HEIGHT] text: "另一个Flex子项�...", font_size=16.0, line_height=19.2, height=19.2
  [TEXT HEIGHT] text: "嵌套的div...", font_size=16.0, line_height=19.2, height=19.2
  [UPDATE Y] child: div, content_height=91.2, margin.bottom=0.0, total_height=91.2, y after=245.4
  [UPDATE Y] child: div, content_height=294.4, margin.bottom=0.0, total_height=294.4, y after=516.8
  [UPDATE Y] child: div, content_height=516.8, margin.bottom=0.0, total_height=516.8, y after=622.3
  [TEXT HEIGHT] text: "相对定位容器...", font_size=16.0, line_height=19.2, height=19.2
  [UPDATE Y] child: div, content_height=115.2, margin.bottom=0.0, total_height=115.2, y after=737.5
[LAYOUT] Child element: div (parent: body)
  parent.content: x=0.0, y=0.0
  parent.padding: left=20.0, top=20.0
  child.margin: left=0.0, top=0.0
  y (accumulated): 5460.9
  child.content: x=20.0 (was 0.0), y=5460.9 (was 0.0)
  [UPDATE Y] child: div, content_height=803.5, margin.bottom=0.0, total_height=803.5, y after=6264.4
[LAYOUT] Child element: text (parent: body)
  parent.content: x=0.0, y=0.0
  parent.padding: left=20.0, top=20.0
  child.margin: left=0.0, top=0.0
  y (accumulated): 6264.4
  child.content: x=20.0 (was 0.0), y=6264.4 (was 0.0)
  [UPDATE Y] child: text, content_height=0.0, margin.bottom=0.0, total_height=0.0, y after=6264.4
  [TEXT HEIGHT] text: "ZBrowser功能测试...", font_size=16.0, line_height=19.2, height=19.2
  [TEXT HEIGHT] text: "包含：块级布�...", font_size=16.0, line_height=19.2, height=19.2
[LAYOUT] Child element: div (parent: body)
  parent.content: x=0.0, y=0.0
  parent.padding: left=20.0, top=20.0
  child.margin: left=0.0, top=30.0
  y (accumulated): 6264.4
  child.content: x=20.0 (was 0.0), y=6294.4 (was 0.0)
  [UPDATE Y] child: div, content_height=182.4, margin.bottom=0.0, total_height=182.4, y after=6446.8
[LAYOUT] Child element: body (parent: html)
  parent.content: x=0.0, y=0.0
  parent.padding: left=0.0, top=0.0
  child.margin: left=0.0, top=0.0
  y (accumulated): 0.0
  child.content: x=0.0 (was 0.0), y=0.0 (was 0.0)
  [UPDATE Y] child: body, content_height=6506.8, margin.bottom=0.0, total_height=6506.8, y after=6506.8
[LAYOUT] Element: body, is_root: false
  margin: top=0.0, right=0.0, bottom=0.0, left=0.0
  padding: top=20.0, right=20.0, bottom=20.0, left=20.0
  content: x=0.0, y=0.0, width=1160.0, height=6466.8
  containing_block: width=1200.0, height=6506.8
[LAYOUT] Body element position set: x=0.0, y=0.0 (margin: left=0.0, top=0.0)
[CONTAINING BLOCK] body.content.width=1160.0, child_containing_block.width=1160.0
[WIDTH DEBUG] h1: containing_block.width=1160.0, available_width=1160.0, calculated_width=1156.0
[LAYOUT] Child element: h1 (parent: body)
  parent.content: x=0.0, y=0.0
  parent.padding: left=20.0, top=20.0
  child.margin: left=0.0, top=21.4
  y (accumulated): 20.0
  child.content: x=20.0 (was 20.0), y=41.4 (was 41.4)
  [UPDATE Y] child: h1, content_height=50.0, margin.bottom=21.4, total_height=71.4, y after=91.4
[LAYOUT] Child element: text (parent: body)
  parent.content: x=0.0, y=0.0
  parent.padding: left=20.0, top=20.0
  child.margin: left=0.0, top=0.0
  y (accumulated): 91.4
  child.content: x=20.0 (was 20.0), y=91.4 (was 91.4)
  [UPDATE Y] child: text, content_height=0.0, margin.bottom=0.0, total_height=0.0, y after=91.4
[WIDTH DEBUG] h1: containing_block.width=1126.0, available_width=1126.0, calculated_width=1126.0
[LAYOUT] Child element: h1 (parent: div)
  parent.content: x=20.0, y=91.4
  parent.padding: left=15.0, top=15.0
  child.margin: left=0.0, top=16.1
  y (accumulated): 15.0
  child.content: x=15.0 (was 15.0), y=122.5 (was 31.1)
  [UPDATE Y] child: h1, content_height=62.1, margin.bottom=16.1, total_height=78.2, y after=93.2
  [UPDATE Y] child: div, content_height=96.0, margin.bottom=0.0, total_height=96.0, y after=301.2
[LAYOUT] Child element: div (parent: body)
  parent.content: x=0.0, y=0.0
  parent.padding: left=20.0, top=20.0
  child.margin: left=0.0, top=0.0
  y (accumulated): 91.4
  child.content: x=20.0 (was 20.0), y=91.4 (was 91.4)
  [UPDATE Y] child: div, content_height=350.2, margin.bottom=0.0, total_height=350.2, y after=441.6
[LAYOUT] Child element: text (parent: body)
  parent.content: x=0.0, y=0.0
  parent.padding: left=20.0, top=20.0
  child.margin: left=0.0, top=0.0
  y (accumulated): 441.6
  child.content: x=20.0 (was 20.0), y=441.6 (was 441.6)
  [UPDATE Y] child: text, content_height=0.0, margin.bottom=0.0, total_height=0.0, y after=441.6
[LAYOUT] Child element: div (parent: body)
  parent.content: x=0.0, y=0.0
  parent.padding: left=20.0, top=20.0
  child.margin: left=0.0, top=0.0
  y (accumulated): 441.6
  child.content: x=20.0 (was 20.0), y=441.6 (was 441.6)
  [UPDATE Y] child: div, content_height=329.4, margin.bottom=0.0, total_height=329.4, y after=771.0
[LAYOUT] Child element: text (parent: body)
  parent.content: x=0.0, y=0.0
  parent.padding: left=20.0, top=20.0
  child.margin: left=0.0, top=0.0
  y (accumulated): 771.0
  child.content: x=20.0 (was 20.0), y=771.0 (was 771.0)
  [UPDATE Y] child: text, content_height=0.0, margin.bottom=0.0, total_height=0.0, y after=771.0
  [UPDATE Y] child: div, content_height=59.2, margin.bottom=5.0, total_height=64.2, y after=138.2
  [UPDATE Y] child: div, content_height=59.2, margin.bottom=5.0, total_height=64.2, y after=202.4
[LAYOUT] Child element: div (parent: body)
  parent.content: x=0.0, y=0.0
  parent.padding: left=20.0, top=20.0
  child.margin: left=0.0, top=0.0
  y (accumulated): 771.0
  child.content: x=20.0 (was 20.0), y=771.0 (was 771.0)
  [UPDATE Y] child: div, content_height=334.0, margin.bottom=0.0, total_height=334.0, y after=1105.0
[LAYOUT] Child element: text (parent: body)
  parent.content: x=0.0, y=0.0
  parent.padding: left=20.0, top=20.0
  child.margin: left=0.0, top=0.0
  y (accumulated): 1105.0
  child.content: x=20.0 (was 20.0), y=1105.0 (was 1105.0)
  [UPDATE Y] child: text, content_height=0.0, margin.bottom=0.0, total_height=0.0, y after=1105.0
  [UPDATE Y] child: div, content_height=59.2, margin.bottom=0.0, total_height=59.2, y after=287.8
[LAYOUT] Child element: div (parent: body)
  parent.content: x=0.0, y=0.0
  parent.padding: left=20.0, top=20.0
  child.margin: left=0.0, top=0.0
  y (accumulated): 1105.0
  child.content: x=20.0 (was 20.0), y=1105.0 (was 1105.0)
  [UPDATE Y] child: div, content_height=336.8, margin.bottom=0.0, total_height=336.8, y after=1441.8
[LAYOUT] Child element: text (parent: body)
  parent.content: x=0.0, y=0.0
  parent.padding: left=20.0, top=20.0
  child.margin: left=0.0, top=0.0
  y (accumulated): 1441.8
  child.content: x=20.0 (was 20.0), y=1441.8 (was 1441.8)
  [UPDATE Y] child: text, content_height=0.0, margin.bottom=0.0, total_height=0.0, y after=1441.8
  [UPDATE Y] child: div, content_height=99.2, margin.bottom=5.0, total_height=104.2, y after=119.2
  [UPDATE Y] child: div, content_height=99.2, margin.bottom=5.0, total_height=104.2, y after=223.4
  [UPDATE Y] child: div, content_height=99.2, margin.bottom=5.0, total_height=104.2, y after=327.6
  [UPDATE Y] child: div, content_height=99.2, margin.bottom=5.0, total_height=104.2, y after=431.8
  [UPDATE Y] child: div, content_height=99.2, margin.bottom=5.0, total_height=104.2, y after=536.0
  [UPDATE Y] child: div, content_height=585.0, margin.bottom=0.0, total_height=585.0, y after=697.1
  [UPDATE Y] child: div, content_height=99.2, margin.bottom=5.0, total_height=104.2, y after=119.2
  [UPDATE Y] child: div, content_height=99.2, margin.bottom=5.0, total_height=104.2, y after=223.4
  [UPDATE Y] child: div, content_height=99.2, margin.bottom=5.0, total_height=104.2, y after=327.6
  [UPDATE Y] child: div, content_height=334.0, margin.bottom=0.0, total_height=334.0, y after=1031.1
[LAYOUT] Child element: div (parent: body)
  parent.content: x=0.0, y=0.0
  parent.padding: left=20.0, top=20.0
  child.margin: left=0.0, top=0.0
  y (accumulated): 1441.8
  child.content: x=20.0 (was 20.0), y=1441.8 (was 1441.8)
  [UPDATE Y] child: div, content_height=1031.1, margin.bottom=0.0, total_height=1031.1, y after=2472.8
[LAYOUT] Child element: text (parent: body)
  parent.content: x=0.0, y=0.0
  parent.padding: left=20.0, top=20.0
  child.margin: left=0.0, top=0.0
  y (accumulated): 2472.8
  child.content: x=20.0 (was 20.0), y=2472.8 (was 2472.8)
  [UPDATE Y] child: text, content_height=0.0, margin.bottom=0.0, total_height=0.0, y after=2472.8
  [UPDATE Y] child: div, content_height=79.2, margin.bottom=0.0, total_height=79.2, y after=94.2
  [UPDATE Y] child: div, content_height=79.2, margin.bottom=0.0, total_height=79.2, y after=173.4
  [UPDATE Y] child: div, content_height=79.2, margin.bottom=0.0, total_height=79.2, y after=252.6
  [UPDATE Y] child: div, content_height=79.2, margin.bottom=0.0, total_height=79.2, y after=331.8
  [UPDATE Y] child: div, content_height=79.2, margin.bottom=0.0, total_height=79.2, y after=411.0
  [UPDATE Y] child: div, content_height=79.2, margin.bottom=0.0, total_height=79.2, y after=490.2
  [UPDATE Y] child: div, content_height=79.2, margin.bottom=0.0, total_height=79.2, y after=569.4
  [UPDATE Y] child: div, content_height=79.2, margin.bottom=0.0, total_height=79.2, y after=648.6
  [UPDATE Y] child: div, content_height=697.6, margin.bottom=0.0, total_height=697.6, y after=809.7
[LAYOUT] Child element: div (parent: body)
  parent.content: x=0.0, y=0.0
  parent.padding: left=20.0, top=20.0
  child.margin: left=0.0, top=0.0
  y (accumulated): 2472.8
  child.content: x=20.0 (was 20.0), y=2472.8 (was 2472.8)
  [UPDATE Y] child: div, content_height=809.7, margin.bottom=0.0, total_height=809.7, y after=3282.5
[LAYOUT] Child element: text (parent: body)
  parent.content: x=0.0, y=0.0
  parent.padding: left=20.0, top=20.0
  child.margin: left=0.0, top=0.0
  y (accumulated): 3282.5
  child.content: x=20.0 (was 20.0), y=3282.5 (was 3282.5)
  [UPDATE Y] child: text, content_height=0.0, margin.bottom=0.0, total_height=0.0, y after=3282.5
[LAYOUT] Child element: div (parent: body)
  parent.content: x=0.0, y=0.0
  parent.padding: left=20.0, top=20.0
  child.margin: left=0.0, top=0.0
  y (accumulated): 3282.5
  child.content: x=20.0 (was 20.0), y=3282.5 (was 3282.5)
  [UPDATE Y] child: div, content_height=405.5, margin.bottom=0.0, total_height=405.5, y after=3688.0
[LAYOUT] Child element: text (parent: body)
  parent.content: x=0.0, y=0.0
  parent.padding: left=20.0, top=20.0
  child.margin: left=0.0, top=0.0
  y (accumulated): 3688.0
  child.content: x=20.0 (was 20.0), y=3688.0 (was 3688.0)
  [UPDATE Y] child: text, content_height=0.0, margin.bottom=0.0, total_height=0.0, y after=3688.0
[LAYOUT] Child element: div (parent: body)
  parent.content: x=0.0, y=0.0
  parent.padding: left=20.0, top=20.0
  child.margin: left=0.0, top=0.0
  y (accumulated): 3688.0
  child.content: x=20.0 (was 20.0), y=3688.0 (was 3688.0)
  [UPDATE Y] child: div, content_height=610.3, margin.bottom=0.0, total_height=610.3, y after=4298.4
[LAYOUT] Child element: text (parent: body)
  parent.content: x=0.0, y=0.0
  parent.padding: left=20.0, top=20.0
  child.margin: left=0.0, top=0.0
  y (accumulated): 4298.4
  child.content: x=20.0 (was 20.0), y=4298.4 (was 4298.4)
  [UPDATE Y] child: text, content_height=0.0, margin.bottom=0.0, total_height=0.0, y after=4298.4
  [UPDATE Y] child: div, content_height=117.2, margin.bottom=0.0, total_height=117.2, y after=273.9
[LAYOUT] Child element: div (parent: body)
  parent.content: x=0.0, y=0.0
  parent.padding: left=20.0, top=20.0
  child.margin: left=0.0, top=0.0
  y (accumulated): 4298.4
  child.content: x=20.0 (was 20.0), y=4298.4 (was 4298.4)
  [UPDATE Y] child: div, content_height=343.9, margin.bottom=0.0, total_height=343.9, y after=4642.3
[LAYOUT] Child element: text (parent: body)
  parent.content: x=0.0, y=0.0
  parent.padding: left=20.0, top=20.0
  child.margin: left=0.0, top=0.0
  y (accumulated): 4642.3
  child.content: x=20.0 (was 20.0), y=4642.3 (was 4642.3)
  [UPDATE Y] child: text, content_height=0.0, margin.bottom=0.0, total_height=0.0, y after=4642.3
  [UPDATE Y] child: div, content_height=71.2, margin.bottom=2.0, total_height=73.2, y after=132.4
  [UPDATE Y] child: div, content_height=160.4, margin.bottom=3.0, total_height=163.4, y after=224.6
  [UPDATE Y] child: div, content_height=258.6, margin.bottom=5.0, total_height=263.6, y after=364.1
[LAYOUT] Child element: div (parent: body)
  parent.content: x=0.0, y=0.0
  parent.padding: left=20.0, top=20.0
  child.margin: left=0.0, top=0.0
  y (accumulated): 4642.3
  child.content: x=20.0 (was 20.0), y=4642.3 (was 4642.3)
  [UPDATE Y] child: div, content_height=413.1, margin.bottom=0.0, total_height=413.1, y after=5055.4
[LAYOUT] Child element: text (parent: body)
  parent.content: x=0.0, y=0.0
  parent.padding: left=20.0, top=20.0
  child.margin: left=0.0, top=0.0
  y (accumulated): 5055.4
  child.content: x=20.0 (was 20.0), y=5055.4 (was 5055.4)
  [UPDATE Y] child: text, content_height=0.0, margin.bottom=0.0, total_height=0.0, y after=5055.4
[LAYOUT] Child element: div (parent: body)
  parent.content: x=0.0, y=0.0
  parent.padding: left=20.0, top=20.0
  child.margin: left=0.0, top=0.0
  y (accumulated): 5055.4
  child.content: x=20.0 (was 20.0), y=5055.4 (was 5055.4)
  [UPDATE Y] child: div, content_height=405.5, margin.bottom=0.0, total_height=405.5, y after=5460.9
[LAYOUT] Child element: text (parent: body)
  parent.content: x=0.0, y=0.0
  parent.padding: left=20.0, top=20.0
  child.margin: left=0.0, top=0.0
  y (accumulated): 5460.9
  child.content: x=20.0 (was 20.0), y=5460.9 (was 5460.9)
  [UPDATE Y] child: text, content_height=0.0, margin.bottom=0.0, total_height=0.0, y after=5460.9
  [UPDATE Y] child: div, content_height=222.4, margin.bottom=0.0, total_height=222.4, y after=222.4
  [UPDATE Y] child: div, content_height=91.2, margin.bottom=0.0, total_height=91.2, y after=245.4
  [UPDATE Y] child: div, content_height=294.4, margin.bottom=0.0, total_height=294.4, y after=516.8
  [UPDATE Y] child: div, content_height=516.8, margin.bottom=0.0, total_height=516.8, y after=622.3
  [UPDATE Y] child: div, content_height=115.2, margin.bottom=0.0, total_height=115.2, y after=737.5
[LAYOUT] Child element: div (parent: body)
  parent.content: x=0.0, y=0.0
  parent.padding: left=20.0, top=20.0
  child.margin: left=0.0, top=0.0
  y (accumulated): 5460.9
  child.content: x=20.0 (was 20.0), y=5460.9 (was 5460.9)
  [UPDATE Y] child: div, content_height=803.5, margin.bottom=0.0, total_height=803.5, y after=6264.4
[LAYOUT] Child element: text (parent: body)
  parent.content: x=0.0, y=0.0
  parent.padding: left=20.0, top=20.0
  child.margin: left=0.0, top=0.0
  y (accumulated): 6264.4
  child.content: x=20.0 (was 20.0), y=6264.4 (was 6264.4)
  [UPDATE Y] child: text, content_height=0.0, margin.bottom=0.0, total_height=0.0, y after=6264.4
[LAYOUT] Child element: div (parent: body)
  parent.content: x=0.0, y=0.0
  parent.padding: left=20.0, top=20.0
  child.margin: left=0.0, top=30.0
  y (accumulated): 6264.4
  child.content: x=20.0 (was 20.0), y=6294.4 (was 6294.4)
  [UPDATE Y] child: div, content_height=182.4, margin.bottom=0.0, total_height=182.4, y after=6446.8
[WIDTH DEBUG] h1: containing_block.width=1160.0, available_width=1160.0, calculated_width=1156.0
[WIDTH DEBUG] h1: containing_block.width=1126.0, available_width=1126.0, calculated_width=1126.0
[LAYOUT] Child element: h1 (parent: div)
  parent.content: x=20.0, y=91.4
  parent.padding: left=15.0, top=15.0
  child.margin: left=0.0, top=16.1
  y (accumulated): 15.0
  child.content: x=15.0 (was 15.0), y=122.5 (was 122.5)
  [UPDATE Y] child: h1, content_height=62.1, margin.bottom=16.1, total_height=78.2, y after=93.2
  [UPDATE Y] child: div, content_height=96.0, margin.bottom=0.0, total_height=96.0, y after=301.2
[WIDTH DEBUG] h1: containing_block.width=1126.0, available_width=1126.0, calculated_width=1126.0
  [UPDATE Y] child: div, content_height=59.2, margin.bottom=5.0, total_height=64.2, y after=138.2
  [UPDATE Y] child: div, content_height=59.2, margin.bottom=5.0, total_height=64.2, y after=202.4
  [UPDATE Y] child: div, content_height=59.2, margin.bottom=0.0, total_height=59.2, y after=287.8
  [UPDATE Y] child: div, content_height=99.2, margin.bottom=5.0, total_height=104.2, y after=119.2
  [UPDATE Y] child: div, content_height=99.2, margin.bottom=5.0, total_height=104.2, y after=223.4
  [UPDATE Y] child: div, content_height=99.2, margin.bottom=5.0, total_height=104.2, y after=327.6
  [UPDATE Y] child: div, content_height=99.2, margin.bottom=5.0, total_height=104.2, y after=431.8
  [UPDATE Y] child: div, content_height=99.2, margin.bottom=5.0, total_height=104.2, y after=536.0
  [UPDATE Y] child: div, content_height=585.0, margin.bottom=0.0, total_height=585.0, y after=697.1
  [UPDATE Y] child: div, content_height=99.2, margin.bottom=5.0, total_height=104.2, y after=119.2
  [UPDATE Y] child: div, content_height=99.2, margin.bottom=5.0, total_height=104.2, y after=223.4
  [UPDATE Y] child: div, content_height=99.2, margin.bottom=5.0, total_height=104.2, y after=327.6
  [UPDATE Y] child: div, content_height=334.0, margin.bottom=0.0, total_height=334.0, y after=1031.1
  [UPDATE Y] child: div, content_height=79.2, margin.bottom=0.0, total_height=79.2, y after=94.2
  [UPDATE Y] child: div, content_height=79.2, margin.bottom=0.0, total_height=79.2, y after=173.4
  [UPDATE Y] child: div, content_height=79.2, margin.bottom=0.0, total_height=79.2, y after=252.6
  [UPDATE Y] child: div, content_height=79.2, margin.bottom=0.0, total_height=79.2, y after=331.8
  [UPDATE Y] child: div, content_height=79.2, margin.bottom=0.0, total_height=79.2, y after=411.0
  [UPDATE Y] child: div, content_height=79.2, margin.bottom=0.0, total_height=79.2, y after=490.2
  [UPDATE Y] child: div, content_height=79.2, margin.bottom=0.0, total_height=79.2, y after=569.4
  [UPDATE Y] child: div, content_height=79.2, margin.bottom=0.0, total_height=79.2, y after=648.6
  [UPDATE Y] child: div, content_height=697.6, margin.bottom=0.0, total_height=697.6, y after=809.7
  [UPDATE Y] child: div, content_height=117.2, margin.bottom=0.0, total_height=117.2, y after=273.9
  [UPDATE Y] child: div, content_height=71.2, margin.bottom=2.0, total_height=73.2, y after=132.4
  [UPDATE Y] child: div, content_height=160.4, margin.bottom=3.0, total_height=163.4, y after=224.6
  [UPDATE Y] child: div, content_height=258.6, margin.bottom=5.0, total_height=263.6, y after=364.1
  [UPDATE Y] child: div, content_height=71.2, margin.bottom=2.0, total_height=73.2, y after=132.4
  [UPDATE Y] child: div, content_height=160.4, margin.bottom=3.0, total_height=163.4, y after=224.6
  [UPDATE Y] child: div, content_height=71.2, margin.bottom=2.0, total_height=73.2, y after=132.4
  [UPDATE Y] child: div, content_height=222.4, margin.bottom=0.0, total_height=222.4, y after=222.4
  [UPDATE Y] child: div, content_height=91.2, margin.bottom=0.0, total_height=91.2, y after=245.4
  [UPDATE Y] child: div, content_height=294.4, margin.bottom=0.0, total_height=294.4, y after=516.8
  [UPDATE Y] child: div, content_height=516.8, margin.bottom=0.0, total_height=516.8, y after=622.3
  [UPDATE Y] child: div, content_height=115.2, margin.bottom=0.0, total_height=115.2, y after=737.5

=== Element Layout Info ===
Tag: html

Box Model:
  Margin: top=0.00, right=0.00, bottom=0.00, left=0.00
  Border: top=0.00, right=0.00, bottom=0.00, left=0.00
  Padding: top=0.00, right=0.00, bottom=0.00, left=0.00
  Content: x=0.00, y=0.00, width=1200.00, height=6506.84
  Total Size: width=1200.00, height=6506.84
  Actual Position (content box): x=0.00, y=0.00
  Position (with margin): x=0.00, y=0.00

Computed Styles:
  display: block
==========================


=== DEBUG: Body children before printElementLayoutInfo ===
Body children count: 67
Body DOM node children:
  DOM Child[0]: text (node_type: .text)
  DOM Child[1]: text (node_type: .text)
  DOM Child[2]: text (node_type: .text)
  DOM Child[3]: meta (node_type: .element)
  DOM Child[4]: text (node_type: .text)
  DOM Child[5]: meta (node_type: .element)
  DOM Child[6]: text (node_type: .text)
  DOM Child[7]: title (node_type: .element)
  DOM Child[8]: text (node_type: .text)
  DOM Child[9]: style (node_type: .element)
  DOM Child[10]: text (node_type: .text)
  DOM Child[11]: text (node_type: .text)
  DOM Child[12]: text (node_type: .text)
  DOM Child[13]: h1 (node_type: .element)
  DOM Child[14]: text (node_type: .text)
  DOM Child[15]: unknown (node_type: .comment)
  DOM Child[16]: text (node_type: .text)
  DOM Child[17]: div (node_type: .element)
  DOM Child[18]: text (node_type: .text)
  DOM Child[19]: unknown (node_type: .comment)
  DOM Child[20]: text (node_type: .text)
  DOM Child[21]: div (node_type: .element)
  DOM Child[22]: text (node_type: .text)
  DOM Child[23]: unknown (node_type: .comment)
  DOM Child[24]: text (node_type: .text)
  DOM Child[25]: div (node_type: .element)
  DOM Child[26]: text (node_type: .text)
  DOM Child[27]: unknown (node_type: .comment)
  DOM Child[28]: text (node_type: .text)
  DOM Child[29]: div (node_type: .element)
  DOM Child[30]: text (node_type: .text)
  DOM Child[31]: unknown (node_type: .comment)
  DOM Child[32]: text (node_type: .text)
  DOM Child[33]: div (node_type: .element)
  DOM Child[34]: text (node_type: .text)
  DOM Child[35]: unknown (node_type: .comment)
  DOM Child[36]: text (node_type: .text)
  DOM Child[37]: div (node_type: .element)
  DOM Child[38]: text (node_type: .text)
  DOM Child[39]: unknown (node_type: .comment)
  DOM Child[40]: text (node_type: .text)
  DOM Child[41]: div (node_type: .element)
  DOM Child[42]: text (node_type: .text)
  DOM Child[43]: unknown (node_type: .comment)
  DOM Child[44]: text (node_type: .text)
  DOM Child[45]: div (node_type: .element)
  DOM Child[46]: text (node_type: .text)
  DOM Child[47]: unknown (node_type: .comment)
  DOM Child[48]: text (node_type: .text)
  DOM Child[49]: div (node_type: .element)
  DOM Child[50]: text (node_type: .text)
  DOM Child[51]: unknown (node_type: .comment)
  DOM Child[52]: text (node_type: .text)
  DOM Child[53]: div (node_type: .element)
  DOM Child[54]: text (node_type: .text)
  DOM Child[55]: unknown (node_type: .comment)
  DOM Child[56]: text (node_type: .text)
  DOM Child[57]: div (node_type: .element)
  DOM Child[58]: text (node_type: .text)
  DOM Child[59]: unknown (node_type: .comment)
  DOM Child[60]: text (node_type: .text)
  DOM Child[61]: div (node_type: .element)
  DOM Child[62]: text (node_type: .text)
  DOM Child[63]: unknown (node_type: .comment)
  DOM Child[64]: text (node_type: .text)
  DOM Child[65]: div (node_type: .element)
  DOM Child[66]: text (node_type: .text)
  Layout Child[0]: text (node_type: .text)
  Layout Child[1]: text (node_type: .text)
  Layout Child[2]: text (node_type: .text)
  Layout Child[3]: meta (node_type: .element)
  Layout Child[4]: text (node_type: .text)
  Layout Child[5]: meta (node_type: .element)
  Layout Child[6]: text (node_type: .text)
  Layout Child[7]: title (node_type: .element)
  Layout Child[8]: text (node_type: .text)
  Layout Child[9]: style (node_type: .element)
  Layout Child[10]: text (node_type: .text)
  Layout Child[11]: text (node_type: .text)
  Layout Child[12]: text (node_type: .text)
  Layout Child[13]: h1 (node_type: .element)
  Layout Child[14]: text (node_type: .text)
  Layout Child[15]: text (node_type: .comment)
  Layout Child[16]: text (node_type: .text)
  Layout Child[17]: div (node_type: .element)
  Layout Child[18]: text (node_type: .text)
  Layout Child[19]: text (node_type: .comment)
  Layout Child[20]: text (node_type: .text)
  Layout Child[21]: div (node_type: .element)
  Layout Child[22]: text (node_type: .text)
  Layout Child[23]: text (node_type: .comment)
  Layout Child[24]: text (node_type: .text)
  Layout Child[25]: div (node_type: .element)
  Layout Child[26]: text (node_type: .text)
  Layout Child[27]: text (node_type: .comment)
  Layout Child[28]: text (node_type: .text)
  Layout Child[29]: div (node_type: .element)
  Layout Child[30]: text (node_type: .text)
  Layout Child[31]: text (node_type: .comment)
  Layout Child[32]: text (node_type: .text)
  Layout Child[33]: div (node_type: .element)
  Layout Child[34]: text (node_type: .text)
  Layout Child[35]: text (node_type: .comment)
  Layout Child[36]: text (node_type: .text)
  Layout Child[37]: div (node_type: .element)
  Layout Child[38]: text (node_type: .text)
  Layout Child[39]: text (node_type: .comment)
  Layout Child[40]: text (node_type: .text)
  Layout Child[41]: div (node_type: .element)
  Layout Child[42]: text (node_type: .text)
  Layout Child[43]: text (node_type: .comment)
  Layout Child[44]: text (node_type: .text)
  Layout Child[45]: div (node_type: .element)
  Layout Child[46]: text (node_type: .text)
  Layout Child[47]: text (node_type: .comment)
  Layout Child[48]: text (node_type: .text)
  Layout Child[49]: div (node_type: .element)
  Layout Child[50]: text (node_type: .text)
  Layout Child[51]: text (node_type: .comment)
  Layout Child[52]: text (node_type: .text)
  Layout Child[53]: div (node_type: .element)
  Layout Child[54]: text (node_type: .text)
  Layout Child[55]: text (node_type: .comment)
  Layout Child[56]: text (node_type: .text)
  Layout Child[57]: div (node_type: .element)
  Layout Child[58]: text (node_type: .text)
  Layout Child[59]: text (node_type: .comment)
  Layout Child[60]: text (node_type: .text)
  Layout Child[61]: div (node_type: .element)
  Layout Child[62]: text (node_type: .text)
  Layout Child[63]: text (node_type: .comment)
  Layout Child[64]: text (node_type: .text)
  Layout Child[65]: div (node_type: .element)
  Layout Child[66]: text (node_type: .text)
=== END DEBUG ===


=== Element Layout Info ===
Tag: body

Box Model:
  Margin: top=0.00, right=0.00, bottom=0.00, left=0.00
  Border: top=0.00, right=0.00, bottom=0.00, left=0.00
  Padding: top=20.00, right=20.00, bottom=20.00, left=20.00
  Content: x=0.00, y=0.00, width=1160.00, height=6466.84
  Total Size: width=1200.00, height=6506.84
  Actual Position (content box): x=0.00, y=0.00
  Position (with margin): x=0.00, y=0.00

Computed Styles:
  display: block
==========================

DEBUG: Found h1 element!

=== Element Layout Info ===
Tag: h1

Box Model:
  Margin: top=21.44, right=0.00, bottom=21.44, left=0.00
  Border: top=2.00, right=2.00, bottom=2.00, left=2.00
  Padding: top=0.00, right=0.00, bottom=0.00, left=0.00
  Content: x=20.00, y=41.44, width=1156.00, height=46.00
  Total Size: width=1160.00, height=50.00
  Actual Position (content box): x=20.00, y=41.44
  Position (with margin): x=20.00, y=20.00

Computed Styles:
  display: block
==========================

[FONT] font-size parsed: 32.0px
[FONT] font-size parsed: 32.0px
[STYLE] h1 font-size parsed: 32.0px
[STYLE] p font-size parsed: 32.0px
[STYLE] h1 font-size parsed: 32.0px
[STYLE] p font-size parsed: 32.0px
[LAYOUT] Element: html, is_root: true
  margin: top=0.0, right=0.0, bottom=0.0, left=0.0
  padding: top=0.0, right=0.0, bottom=0.0, left=0.0
  content: x=0.0, y=0.0, width=1200.0, height=0.0
  containing_block: width=1200.0, height=800.0
[LAYOUT] Root element (html) position set to (0, 0)
[LAYOUT] Element: body, is_root: false
  margin: top=0.0, right=0.0, bottom=0.0, left=0.0
  padding: top=20.0, right=20.0, bottom=20.0, left=20.0
  content: x=0.0, y=0.0, width=1160.0, height=0.0
  containing_block: width=1200.0, height=800.0
[LAYOUT] Body element position set: x=0.0, y=0.0 (margin: left=0.0, top=0.0)
[CONTAINING BLOCK] body.content.width=1160.0, child_containing_block.width=1160.0
[WIDTH DEBUG] h1: containing_block.width=1160.0, available_width=1160.0, calculated_width=1160.0
  [TEXT HEIGHT] text: "ZBrowser功能测试...", font_size=32.0, line_height=46.0, height=46.0
[LAYOUT] Child element: h1 (parent: body)
  parent.content: x=0.0, y=0.0
  parent.padding: left=20.0, top=20.0
  child.margin: left=0.0, top=21.4
  y (accumulated): 20.0
  child.content: x=20.0 (was 0.0), y=41.4 (was 0.0)
  [UPDATE Y] child: h1, content_height=50.0, margin.bottom=21.4, total_height=71.4, y after=91.4
[LAYOUT] Child element: text (parent: body)
  parent.content: x=0.0, y=0.0
  parent.padding: left=20.0, top=20.0
  child.margin: left=0.0, top=0.0
  y (accumulated): 91.4
  child.content: x=20.0 (was 0.0), y=91.4 (was 0.0)
  [UPDATE Y] child: text, content_height=0.0, margin.bottom=0.0, total_height=0.0, y after=91.4
[WIDTH DEBUG] h1: containing_block.width=1126.0, available_width=1126.0, calculated_width=1126.0
  [TEXT HEIGHT] text: "块级布局测试...", font_size=32.0, line_height=46.0, height=46.0
[LAYOUT] Child element: h1 (parent: div)
  parent.content: x=0.0, y=0.0
  parent.padding: left=15.0, top=15.0
  child.margin: left=0.0, top=16.1
  y (accumulated): 15.0
  child.content: x=15.0 (was 0.0), y=31.1 (was 0.0)
  [UPDATE Y] child: h1, content_height=62.1, margin.bottom=16.1, total_height=78.2, y after=93.2
  [TEXT HEIGHT] text: "这是一个块级�...", font_size=16.0, line_height=24.0, height=24.0
  [TEXT HEIGHT] text: "这是另一个段�...", font_size=16.0, line_height=24.0, height=24.0
  [TEXT HEIGHT] text: "嵌套的div块级�...", font_size=16.0, line_height=24.0, height=24.0
  [UPDATE Y] child: div, content_height=96.0, margin.bottom=0.0, total_height=96.0, y after=301.2
[LAYOUT] Child element: div (parent: body)
  parent.content: x=0.0, y=0.0
  parent.padding: left=20.0, top=20.0
  child.margin: left=0.0, top=0.0
  y (accumulated): 91.4
  child.content: x=20.0 (was 0.0), y=91.4 (was 0.0)
  [UPDATE Y] child: div, content_height=350.2, margin.bottom=0.0, total_height=350.2, y after=441.6
[LAYOUT] Child element: text (parent: body)
  parent.content: x=0.0, y=0.0
  parent.padding: left=20.0, top=20.0
  child.margin: left=0.0, top=0.0
  y (accumulated): 441.6
  child.content: x=20.0 (was 0.0), y=441.6 (was 0.0)
  [UPDATE Y] child: text, content_height=0.0, margin.bottom=0.0, total_height=0.0, y after=441.6
  [TEXT HEIGHT] text: "
      这是行内�...", font_size=16.0, line_height=19.2, height=19.2
  [TEXT HEIGHT] text: "行内元素不会�...", font_size=16.0, line_height=19.2, height=19.2
[LAYOUT] Child element: div (parent: body)
  parent.content: x=0.0, y=0.0
  parent.padding: left=20.0, top=20.0
  child.margin: left=0.0, top=0.0
  y (accumulated): 441.6
  child.content: x=20.0 (was 0.0), y=441.6 (was 0.0)
  [UPDATE Y] child: div, content_height=329.4, margin.bottom=0.0, total_height=329.4, y after=771.0
[LAYOUT] Child element: text (parent: body)
  parent.content: x=0.0, y=0.0
  parent.padding: left=20.0, top=20.0
  child.margin: left=0.0, top=0.0
  y (accumulated): 771.0
  child.content: x=20.0 (was 0.0), y=771.0 (was 0.0)
  [UPDATE Y] child: text, content_height=0.0, margin.bottom=0.0, total_height=0.0, y after=771.0
  [UPDATE Y] child: div, content_height=59.2, margin.bottom=5.0, total_height=64.2, y after=138.2
  [UPDATE Y] child: div, content_height=59.2, margin.bottom=5.0, total_height=64.2, y after=202.4
[LAYOUT] Child element: div (parent: body)
  parent.content: x=0.0, y=0.0
  parent.padding: left=20.0, top=20.0
  child.margin: left=0.0, top=0.0
  y (accumulated): 771.0
  child.content: x=20.0 (was 0.0), y=771.0 (was 0.0)
  [UPDATE Y] child: div, content_height=334.0, margin.bottom=0.0, total_height=334.0, y after=1105.0
[LAYOUT] Child element: text (parent: body)
  parent.content: x=0.0, y=0.0
  parent.padding: left=20.0, top=20.0
  child.margin: left=0.0, top=0.0
  y (accumulated): 1105.0
  child.content: x=20.0 (was 0.0), y=1105.0 (was 0.0)
  [UPDATE Y] child: text, content_height=0.0, margin.bottom=0.0, total_height=0.0, y after=1105.0
  [TEXT HEIGHT] text: "左浮动元素...", font_size=16.0, line_height=19.2, height=19.2
  [TEXT HEIGHT] text: "这个元素会浮�...", font_size=16.0, line_height=19.2, height=19.2
  [TEXT HEIGHT] text: "右浮动元素...", font_size=16.0, line_height=19.2, height=19.2
  [TEXT HEIGHT] text: "这个元素会浮�...", font_size=16.0, line_height=19.2, height=19.2
  [TEXT HEIGHT] text: "这是正常流中�...", font_size=16.0, line_height=19.2, height=19.2
  [UPDATE Y] child: div, content_height=59.2, margin.bottom=0.0, total_height=59.2, y after=287.8
[LAYOUT] Child element: div (parent: body)
  parent.content: x=0.0, y=0.0
  parent.padding: left=20.0, top=20.0
  child.margin: left=0.0, top=0.0
  y (accumulated): 1105.0
  child.content: x=20.0 (was 0.0), y=1105.0 (was 0.0)
  [UPDATE Y] child: div, content_height=336.8, margin.bottom=0.0, total_height=336.8, y after=1441.8
[LAYOUT] Child element: text (parent: body)
  parent.content: x=0.0, y=0.0
  parent.padding: left=20.0, top=20.0
  child.margin: left=0.0, top=0.0
  y (accumulated): 1441.8
  child.content: x=20.0 (was 0.0), y=1441.8 (was 0.0)
  [UPDATE Y] child: text, content_height=0.0, margin.bottom=0.0, total_height=0.0, y after=1441.8
  [UPDATE Y] child: div, content_height=99.2, margin.bottom=5.0, total_height=104.2, y after=119.2
  [UPDATE Y] child: div, content_height=99.2, margin.bottom=5.0, total_height=104.2, y after=223.4
  [UPDATE Y] child: div, content_height=99.2, margin.bottom=5.0, total_height=104.2, y after=327.6
  [UPDATE Y] child: div, content_height=99.2, margin.bottom=5.0, total_height=104.2, y after=431.8
  [UPDATE Y] child: div, content_height=99.2, margin.bottom=5.0, total_height=104.2, y after=536.0
  [UPDATE Y] child: div, content_height=585.0, margin.bottom=0.0, total_height=585.0, y after=697.1
  [UPDATE Y] child: div, content_height=99.2, margin.bottom=5.0, total_height=104.2, y after=119.2
  [UPDATE Y] child: div, content_height=99.2, margin.bottom=5.0, total_height=104.2, y after=223.4
  [UPDATE Y] child: div, content_height=99.2, margin.bottom=5.0, total_height=104.2, y after=327.6
  [UPDATE Y] child: div, content_height=334.0, margin.bottom=0.0, total_height=334.0, y after=1031.1
[LAYOUT] Child element: div (parent: body)
  parent.content: x=0.0, y=0.0
  parent.padding: left=20.0, top=20.0
  child.margin: left=0.0, top=0.0
  y (accumulated): 1441.8
  child.content: x=20.0 (was 0.0), y=1441.8 (was 0.0)
  [UPDATE Y] child: div, content_height=1031.1, margin.bottom=0.0, total_height=1031.1, y after=2472.8
[LAYOUT] Child element: text (parent: body)
  parent.content: x=0.0, y=0.0
  parent.padding: left=20.0, top=20.0
  child.margin: left=0.0, top=0.0
  y (accumulated): 2472.8
  child.content: x=20.0 (was 0.0), y=2472.8 (was 0.0)
  [UPDATE Y] child: text, content_height=0.0, margin.bottom=0.0, total_height=0.0, y after=2472.8
  [UPDATE Y] child: div, content_height=79.2, margin.bottom=0.0, total_height=79.2, y after=94.2
  [UPDATE Y] child: div, content_height=79.2, margin.bottom=0.0, total_height=79.2, y after=173.4
  [UPDATE Y] child: div, content_height=79.2, margin.bottom=0.0, total_height=79.2, y after=252.6
  [UPDATE Y] child: div, content_height=79.2, margin.bottom=0.0, total_height=79.2, y after=331.8
  [UPDATE Y] child: div, content_height=79.2, margin.bottom=0.0, total_height=79.2, y after=411.0
  [UPDATE Y] child: div, content_height=79.2, margin.bottom=0.0, total_height=79.2, y after=490.2
  [UPDATE Y] child: div, content_height=79.2, margin.bottom=0.0, total_height=79.2, y after=569.4
  [UPDATE Y] child: div, content_height=79.2, margin.bottom=0.0, total_height=79.2, y after=648.6
  [UPDATE Y] child: div, content_height=697.6, margin.bottom=0.0, total_height=697.6, y after=809.7
[LAYOUT] Child element: div (parent: body)
  parent.content: x=0.0, y=0.0
  parent.padding: left=20.0, top=20.0
  child.margin: left=0.0, top=0.0
  y (accumulated): 2472.8
  child.content: x=20.0 (was 0.0), y=2472.8 (was 0.0)
  [UPDATE Y] child: div, content_height=809.7, margin.bottom=0.0, total_height=809.7, y after=3282.5
[LAYOUT] Child element: text (parent: body)
  parent.content: x=0.0, y=0.0
  parent.padding: left=20.0, top=20.0
  child.margin: left=0.0, top=0.0
  y (accumulated): 3282.5
  child.content: x=20.0 (was 0.0), y=3282.5 (was 0.0)
  [UPDATE Y] child: text, content_height=0.0, margin.bottom=0.0, total_height=0.0, y after=3282.5
  [TEXT HEIGHT] text: "大号文本（32px�...", font_size=16.0, line_height=19.2, height=19.2
  [TEXT HEIGHT] text: "中等文本（20px�...", font_size=16.0, line_height=19.2, height=19.2
  [TEXT HEIGHT] text: "小号文本（12px�...", font_size=16.0, line_height=19.2, height=19.2
  [TEXT HEIGHT] text: "下划线文本...", font_size=16.0, line_height=19.2, height=19.2
  [TEXT HEIGHT] text: "删除线文本...", font_size=16.0, line_height=19.2, height=19.2
[LAYOUT] Child element: div (parent: body)
  parent.content: x=0.0, y=0.0
  parent.padding: left=20.0, top=20.0
  child.margin: left=0.0, top=0.0
  y (accumulated): 3282.5
  child.content: x=20.0 (was 0.0), y=3282.5 (was 0.0)
  [UPDATE Y] child: div, content_height=405.5, margin.bottom=0.0, total_height=405.5, y after=3688.0
[LAYOUT] Child element: text (parent: body)
  parent.content: x=0.0, y=0.0
  parent.padding: left=20.0, top=20.0
  child.margin: left=0.0, top=0.0
  y (accumulated): 3688.0
  child.content: x=20.0 (was 0.0), y=3688.0 (was 0.0)
  [UPDATE Y] child: text, content_height=0.0, margin.bottom=0.0, total_height=0.0, y after=3688.0
  [TEXT HEIGHT] text: "这是一个测试�...", font_size=16.0, line_height=25.6, height=25.6
  [TEXT HEIGHT] text: "這是一個測試�...", font_size=16.0, line_height=25.6, height=25.6
  [TEXT HEIGHT] text: "これはテスト�...", font_size=16.0, line_height=25.6, height=25.6
  [TEXT HEIGHT] text: "이것은 테스트 ...", font_size=16.0, line_height=25.6, height=25.6
  [TEXT HEIGHT] text: "This is a test page ...", font_size=16.0, line_height=25.6, height=25.6
  [TEXT HEIGHT] text: "混合文本 Mixed T...", font_size=16.0, line_height=25.6, height=25.6
[LAYOUT] Child element: div (parent: body)
  parent.content: x=0.0, y=0.0
  parent.padding: left=20.0, top=20.0
  child.margin: left=0.0, top=0.0
  y (accumulated): 3688.0
  child.content: x=20.0 (was 0.0), y=3688.0 (was 0.0)
  [UPDATE Y] child: div, content_height=610.3, margin.bottom=0.0, total_height=610.3, y after=4298.4
[LAYOUT] Child element: text (parent: body)
  parent.content: x=0.0, y=0.0
  parent.padding: left=20.0, top=20.0
  child.margin: left=0.0, top=0.0
  y (accumulated): 4298.4
  child.content: x=20.0 (was 0.0), y=4298.4 (was 0.0)
  [UPDATE Y] child: text, content_height=0.0, margin.bottom=0.0, total_height=0.0, y after=4298.4
  [TEXT HEIGHT] text: "这个区域有实�...", font_size=16.0, line_height=19.2, height=19.2
  [TEXT HEIGHT] text: "这个区域有虚�...", font_size=16.0, line_height=19.2, height=19.2
  [UPDATE Y] child: div, content_height=117.2, margin.bottom=0.0, total_height=117.2, y after=273.9
[LAYOUT] Child element: div (parent: body)
  parent.content: x=0.0, y=0.0
  parent.padding: left=20.0, top=20.0
  child.margin: left=0.0, top=0.0
  y (accumulated): 4298.4
  child.content: x=20.0 (was 0.0), y=4298.4 (was 0.0)
  [UPDATE Y] child: div, content_height=343.9, margin.bottom=0.0, total_height=343.9, y after=4642.3
[LAYOUT] Child element: text (parent: body)
  parent.content: x=0.0, y=0.0
  parent.padding: left=20.0, top=20.0
  child.margin: left=0.0, top=0.0
  y (accumulated): 4642.3
  child.content: x=20.0 (was 0.0), y=4642.3 (was 0.0)
  [UPDATE Y] child: text, content_height=0.0, margin.bottom=0.0, total_height=0.0, y after=4642.3
  [TEXT HEIGHT] text: "第一层嵌套...", font_size=16.0, line_height=19.2, height=19.2
  [TEXT HEIGHT] text: "第二层嵌套...", font_size=16.0, line_height=19.2, height=19.2
  [TEXT HEIGHT] text: "第三层嵌套...", font_size=16.0, line_height=19.2, height=19.2
  [UPDATE Y] child: div, content_height=71.2, margin.bottom=2.0, total_height=73.2, y after=132.4
  [UPDATE Y] child: div, content_height=160.4, margin.bottom=3.0, total_height=163.4, y after=224.6
  [UPDATE Y] child: div, content_height=258.6, margin.bottom=5.0, total_height=263.6, y after=364.1
[LAYOUT] Child element: div (parent: body)
  parent.content: x=0.0, y=0.0
  parent.padding: left=20.0, top=20.0
  child.margin: left=0.0, top=0.0
  y (accumulated): 4642.3
  child.content: x=20.0 (was 0.0), y=4642.3 (was 0.0)
  [UPDATE Y] child: div, content_height=413.1, margin.bottom=0.0, total_height=413.1, y after=5055.4
[LAYOUT] Child element: text (parent: body)
  parent.content: x=0.0, y=0.0
  parent.padding: left=20.0, top=20.0
  child.margin: left=0.0, top=0.0
  y (accumulated): 5055.4
  child.content: x=20.0 (was 0.0), y=5055.4 (was 0.0)
  [UPDATE Y] child: text, content_height=0.0, margin.bottom=0.0, total_height=0.0, y after=5055.4
  [TEXT HEIGHT] text: "HTML实体：<div> &...", font_size=16.0, line_height=19.2, height=19.2
  [TEXT HEIGHT] text: "Unicode字符：© �...", font_size=16.0, line_height=19.2, height=19.2
  [TEXT HEIGHT] text: "数学符号：∑ �...", font_size=16.0, line_height=19.2, height=19.2
  [TEXT HEIGHT] text: "箭头符号：← �...", font_size=16.0, line_height=19.2, height=19.2
  [TEXT HEIGHT] text: "Emoji：😀 😃 �...", font_size=16.0, line_height=19.2, height=19.2
[LAYOUT] Child element: div (parent: body)
  parent.content: x=0.0, y=0.0
  parent.padding: left=20.0, top=20.0
  child.margin: left=0.0, top=0.0
  y (accumulated): 5055.4
  child.content: x=20.0 (was 0.0), y=5055.4 (was 0.0)
  [UPDATE Y] child: div, content_height=405.5, margin.bottom=0.0, total_height=405.5, y after=5460.9
[LAYOUT] Child element: text (parent: body)
  parent.content: x=0.0, y=0.0
  parent.padding: left=20.0, top=20.0
  child.margin: left=0.0, top=0.0
  y (accumulated): 5460.9
  child.content: x=20.0 (was 0.0), y=5460.9 (was 0.0)
  [UPDATE Y] child: text, content_height=0.0, margin.bottom=0.0, total_height=0.0, y after=5460.9
  [TEXT HEIGHT] text: "包含块级和行�...", font_size=16.0, line_height=19.2, height=19.2
  [UPDATE Y] child: div, content_height=222.4, margin.bottom=0.0, total_height=222.4, y after=222.4
  [TEXT HEIGHT] text: "另一个Flex子项�...", font_size=16.0, line_height=19.2, height=19.2
  [TEXT HEIGHT] text: "嵌套的div...", font_size=16.0, line_height=19.2, height=19.2
  [UPDATE Y] child: div, content_height=91.2, margin.bottom=0.0, total_height=91.2, y after=245.4
  [UPDATE Y] child: div, content_height=294.4, margin.bottom=0.0, total_height=294.4, y after=516.8
  [UPDATE Y] child: div, content_height=516.8, margin.bottom=0.0, total_height=516.8, y after=622.3
  [TEXT HEIGHT] text: "相对定位容器...", font_size=16.0, line_height=19.2, height=19.2
  [UPDATE Y] child: div, content_height=115.2, margin.bottom=0.0, total_height=115.2, y after=737.5
[LAYOUT] Child element: div (parent: body)
  parent.content: x=0.0, y=0.0
  parent.padding: left=20.0, top=20.0
  child.margin: left=0.0, top=0.0
  y (accumulated): 5460.9
  child.content: x=20.0 (was 0.0), y=5460.9 (was 0.0)
  [UPDATE Y] child: div, content_height=803.5, margin.bottom=0.0, total_height=803.5, y after=6264.4
[LAYOUT] Child element: text (parent: body)
  parent.content: x=0.0, y=0.0
  parent.padding: left=20.0, top=20.0
  child.margin: left=0.0, top=0.0
  y (accumulated): 6264.4
  child.content: x=20.0 (was 0.0), y=6264.4 (was 0.0)
  [UPDATE Y] child: text, content_height=0.0, margin.bottom=0.0, total_height=0.0, y after=6264.4
  [TEXT HEIGHT] text: "ZBrowser功能测试...", font_size=16.0, line_height=19.2, height=19.2
  [TEXT HEIGHT] text: "包含：块级布�...", font_size=16.0, line_height=19.2, height=19.2
[LAYOUT] Child element: div (parent: body)
  parent.content: x=0.0, y=0.0
  parent.padding: left=20.0, top=20.0
  child.margin: left=0.0, top=30.0
  y (accumulated): 6264.4
  child.content: x=20.0 (was 0.0), y=6294.4 (was 0.0)
  [UPDATE Y] child: div, content_height=182.4, margin.bottom=0.0, total_height=182.4, y after=6446.8
[LAYOUT] Child element: body (parent: html)
  parent.content: x=0.0, y=0.0
  parent.padding: left=0.0, top=0.0
  child.margin: left=0.0, top=0.0
  y (accumulated): 0.0
  child.content: x=0.0 (was 0.0), y=0.0 (was 0.0)
  [UPDATE Y] child: body, content_height=6506.8, margin.bottom=0.0, total_height=6506.8, y after=6506.8
[LAYOUT] Element: body, is_root: false
  margin: top=0.0, right=0.0, bottom=0.0, left=0.0
  padding: top=20.0, right=20.0, bottom=20.0, left=20.0
  content: x=0.0, y=0.0, width=1160.0, height=6466.8
  containing_block: width=1200.0, height=6506.8
[LAYOUT] Body element position set: x=0.0, y=0.0 (margin: left=0.0, top=0.0)
[CONTAINING BLOCK] body.content.width=1160.0, child_containing_block.width=1160.0
[WIDTH DEBUG] h1: containing_block.width=1160.0, available_width=1160.0, calculated_width=1156.0
[LAYOUT] Child element: h1 (parent: body)
  parent.content: x=0.0, y=0.0
  parent.padding: left=20.0, top=20.0
  child.margin: left=0.0, top=21.4
  y (accumulated): 20.0
  child.content: x=20.0 (was 20.0), y=41.4 (was 41.4)
  [UPDATE Y] child: h1, content_height=50.0, margin.bottom=21.4, total_height=71.4, y after=91.4
[LAYOUT] Child element: text (parent: body)
  parent.content: x=0.0, y=0.0
  parent.padding: left=20.0, top=20.0
  child.margin: left=0.0, top=0.0
  y (accumulated): 91.4
  child.content: x=20.0 (was 20.0), y=91.4 (was 91.4)
  [UPDATE Y] child: text, content_height=0.0, margin.bottom=0.0, total_height=0.0, y after=91.4
[WIDTH DEBUG] h1: containing_block.width=1126.0, available_width=1126.0, calculated_width=1126.0
[LAYOUT] Child element: h1 (parent: div)
  parent.content: x=20.0, y=91.4
  parent.padding: left=15.0, top=15.0
  child.margin: left=0.0, top=16.1
  y (accumulated): 15.0
  child.content: x=15.0 (was 15.0), y=122.5 (was 31.1)
  [UPDATE Y] child: h1, content_height=62.1, margin.bottom=16.1, total_height=78.2, y after=93.2
  [UPDATE Y] child: div, content_height=96.0, margin.bottom=0.0, total_height=96.0, y after=301.2
[LAYOUT] Child element: div (parent: body)
  parent.content: x=0.0, y=0.0
  parent.padding: left=20.0, top=20.0
  child.margin: left=0.0, top=0.0
  y (accumulated): 91.4
  child.content: x=20.0 (was 20.0), y=91.4 (was 91.4)
  [UPDATE Y] child: div, content_height=350.2, margin.bottom=0.0, total_height=350.2, y after=441.6
[LAYOUT] Child element: text (parent: body)
  parent.content: x=0.0, y=0.0
  parent.padding: left=20.0, top=20.0
  child.margin: left=0.0, top=0.0
  y (accumulated): 441.6
  child.content: x=20.0 (was 20.0), y=441.6 (was 441.6)
  [UPDATE Y] child: text, content_height=0.0, margin.bottom=0.0, total_height=0.0, y after=441.6
[LAYOUT] Child element: div (parent: body)
  parent.content: x=0.0, y=0.0
  parent.padding: left=20.0, top=20.0
  child.margin: left=0.0, top=0.0
  y (accumulated): 441.6
  child.content: x=20.0 (was 20.0), y=441.6 (was 441.6)
  [UPDATE Y] child: div, content_height=329.4, margin.bottom=0.0, total_height=329.4, y after=771.0
[LAYOUT] Child element: text (parent: body)
  parent.content: x=0.0, y=0.0
  parent.padding: left=20.0, top=20.0
  child.margin: left=0.0, top=0.0
  y (accumulated): 771.0
  child.content: x=20.0 (was 20.0), y=771.0 (was 771.0)
  [UPDATE Y] child: text, content_height=0.0, margin.bottom=0.0, total_height=0.0, y after=771.0
  [UPDATE Y] child: div, content_height=59.2, margin.bottom=5.0, total_height=64.2, y after=138.2
  [UPDATE Y] child: div, content_height=59.2, margin.bottom=5.0, total_height=64.2, y after=202.4
[LAYOUT] Child element: div (parent: body)
  parent.content: x=0.0, y=0.0
  parent.padding: left=20.0, top=20.0
  child.margin: left=0.0, top=0.0
  y (accumulated): 771.0
  child.content: x=20.0 (was 20.0), y=771.0 (was 771.0)
  [UPDATE Y] child: div, content_height=334.0, margin.bottom=0.0, total_height=334.0, y after=1105.0
[LAYOUT] Child element: text (parent: body)
  parent.content: x=0.0, y=0.0
  parent.padding: left=20.0, top=20.0
  child.margin: left=0.0, top=0.0
  y (accumulated): 1105.0
  child.content: x=20.0 (was 20.0), y=1105.0 (was 1105.0)
  [UPDATE Y] child: text, content_height=0.0, margin.bottom=0.0, total_height=0.0, y after=1105.0
  [UPDATE Y] child: div, content_height=59.2, margin.bottom=0.0, total_height=59.2, y after=287.8
[LAYOUT] Child element: div (parent: body)
  parent.content: x=0.0, y=0.0
  parent.padding: left=20.0, top=20.0
  child.margin: left=0.0, top=0.0
  y (accumulated): 1105.0
  child.content: x=20.0 (was 20.0), y=1105.0 (was 1105.0)
  [UPDATE Y] child: div, content_height=336.8, margin.bottom=0.0, total_height=336.8, y after=1441.8
[LAYOUT] Child element: text (parent: body)
  parent.content: x=0.0, y=0.0
  parent.padding: left=20.0, top=20.0
  child.margin: left=0.0, top=0.0
  y (accumulated): 1441.8
  child.content: x=20.0 (was 20.0), y=1441.8 (was 1441.8)
  [UPDATE Y] child: text, content_height=0.0, margin.bottom=0.0, total_height=0.0, y after=1441.8
  [UPDATE Y] child: div, content_height=99.2, margin.bottom=5.0, total_height=104.2, y after=119.2
  [UPDATE Y] child: div, content_height=99.2, margin.bottom=5.0, total_height=104.2, y after=223.4
  [UPDATE Y] child: div, content_height=99.2, margin.bottom=5.0, total_height=104.2, y after=327.6
  [UPDATE Y] child: div, content_height=99.2, margin.bottom=5.0, total_height=104.2, y after=431.8
  [UPDATE Y] child: div, content_height=99.2, margin.bottom=5.0, total_height=104.2, y after=536.0
  [UPDATE Y] child: div, content_height=585.0, margin.bottom=0.0, total_height=585.0, y after=697.1
  [UPDATE Y] child: div, content_height=99.2, margin.bottom=5.0, total_height=104.2, y after=119.2
  [UPDATE Y] child: div, content_height=99.2, margin.bottom=5.0, total_height=104.2, y after=223.4
  [UPDATE Y] child: div, content_height=99.2, margin.bottom=5.0, total_height=104.2, y after=327.6
  [UPDATE Y] child: div, content_height=334.0, margin.bottom=0.0, total_height=334.0, y after=1031.1
[LAYOUT] Child element: div (parent: body)
  parent.content: x=0.0, y=0.0
  parent.padding: left=20.0, top=20.0
  child.margin: left=0.0, top=0.0
  y (accumulated): 1441.8
  child.content: x=20.0 (was 20.0), y=1441.8 (was 1441.8)
  [UPDATE Y] child: div, content_height=1031.1, margin.bottom=0.0, total_height=1031.1, y after=2472.8
[LAYOUT] Child element: text (parent: body)
  parent.content: x=0.0, y=0.0
  parent.padding: left=20.0, top=20.0
  child.margin: left=0.0, top=0.0
  y (accumulated): 2472.8
  child.content: x=20.0 (was 20.0), y=2472.8 (was 2472.8)
  [UPDATE Y] child: text, content_height=0.0, margin.bottom=0.0, total_height=0.0, y after=2472.8
  [UPDATE Y] child: div, content_height=79.2, margin.bottom=0.0, total_height=79.2, y after=94.2
  [UPDATE Y] child: div, content_height=79.2, margin.bottom=0.0, total_height=79.2, y after=173.4
  [UPDATE Y] child: div, content_height=79.2, margin.bottom=0.0, total_height=79.2, y after=252.6
  [UPDATE Y] child: div, content_height=79.2, margin.bottom=0.0, total_height=79.2, y after=331.8
  [UPDATE Y] child: div, content_height=79.2, margin.bottom=0.0, total_height=79.2, y after=411.0
  [UPDATE Y] child: div, content_height=79.2, margin.bottom=0.0, total_height=79.2, y after=490.2
  [UPDATE Y] child: div, content_height=79.2, margin.bottom=0.0, total_height=79.2, y after=569.4
  [UPDATE Y] child: div, content_height=79.2, margin.bottom=0.0, total_height=79.2, y after=648.6
  [UPDATE Y] child: div, content_height=697.6, margin.bottom=0.0, total_height=697.6, y after=809.7
[LAYOUT] Child element: div (parent: body)
  parent.content: x=0.0, y=0.0
  parent.padding: left=20.0, top=20.0
  child.margin: left=0.0, top=0.0
  y (accumulated): 2472.8
  child.content: x=20.0 (was 20.0), y=2472.8 (was 2472.8)
  [UPDATE Y] child: div, content_height=809.7, margin.bottom=0.0, total_height=809.7, y after=3282.5
[LAYOUT] Child element: text (parent: body)
  parent.content: x=0.0, y=0.0
  parent.padding: left=20.0, top=20.0
  child.margin: left=0.0, top=0.0
  y (accumulated): 3282.5
  child.content: x=20.0 (was 20.0), y=3282.5 (was 3282.5)
  [UPDATE Y] child: text, content_height=0.0, margin.bottom=0.0, total_height=0.0, y after=3282.5
[LAYOUT] Child element: div (parent: body)
  parent.content: x=0.0, y=0.0
  parent.padding: left=20.0, top=20.0
  child.margin: left=0.0, top=0.0
  y (accumulated): 3282.5
  child.content: x=20.0 (was 20.0), y=3282.5 (was 3282.5)
  [UPDATE Y] child: div, content_height=405.5, margin.bottom=0.0, total_height=405.5, y after=3688.0
[LAYOUT] Child element: text (parent: body)
  parent.content: x=0.0, y=0.0
  parent.padding: left=20.0, top=20.0
  child.margin: left=0.0, top=0.0
  y (accumulated): 3688.0
  child.content: x=20.0 (was 20.0), y=3688.0 (was 3688.0)
  [UPDATE Y] child: text, content_height=0.0, margin.bottom=0.0, total_height=0.0, y after=3688.0
[LAYOUT] Child element: div (parent: body)
  parent.content: x=0.0, y=0.0
  parent.padding: left=20.0, top=20.0
  child.margin: left=0.0, top=0.0
  y (accumulated): 3688.0
  child.content: x=20.0 (was 20.0), y=3688.0 (was 3688.0)
  [UPDATE Y] child: div, content_height=610.3, margin.bottom=0.0, total_height=610.3, y after=4298.4
[LAYOUT] Child element: text (parent: body)
  parent.content: x=0.0, y=0.0
  parent.padding: left=20.0, top=20.0
  child.margin: left=0.0, top=0.0
  y (accumulated): 4298.4
  child.content: x=20.0 (was 20.0), y=4298.4 (was 4298.4)
  [UPDATE Y] child: text, content_height=0.0, margin.bottom=0.0, total_height=0.0, y after=4298.4
  [UPDATE Y] child: div, content_height=117.2, margin.bottom=0.0, total_height=117.2, y after=273.9
[LAYOUT] Child element: div (parent: body)
  parent.content: x=0.0, y=0.0
  parent.padding: left=20.0, top=20.0
  child.margin: left=0.0, top=0.0
  y (accumulated): 4298.4
  child.content: x=20.0 (was 20.0), y=4298.4 (was 4298.4)
  [UPDATE Y] child: div, content_height=343.9, margin.bottom=0.0, total_height=343.9, y after=4642.3
[LAYOUT] Child element: text (parent: body)
  parent.content: x=0.0, y=0.0
  parent.padding: left=20.0, top=20.0
  child.margin: left=0.0, top=0.0
  y (accumulated): 4642.3
  child.content: x=20.0 (was 20.0), y=4642.3 (was 4642.3)
  [UPDATE Y] child: text, content_height=0.0, margin.bottom=0.0, total_height=0.0, y after=4642.3
  [UPDATE Y] child: div, content_height=71.2, margin.bottom=2.0, total_height=73.2, y after=132.4
  [UPDATE Y] child: div, content_height=160.4, margin.bottom=3.0, total_height=163.4, y after=224.6
  [UPDATE Y] child: div, content_height=258.6, margin.bottom=5.0, total_height=263.6, y after=364.1
[LAYOUT] Child element: div (parent: body)
  parent.content: x=0.0, y=0.0
  parent.padding: left=20.0, top=20.0
  child.margin: left=0.0, top=0.0
  y (accumulated): 4642.3
  child.content: x=20.0 (was 20.0), y=4642.3 (was 4642.3)
  [UPDATE Y] child: div, content_height=413.1, margin.bottom=0.0, total_height=413.1, y after=5055.4
[LAYOUT] Child element: text (parent: body)
  parent.content: x=0.0, y=0.0
  parent.padding: left=20.0, top=20.0
  child.margin: left=0.0, top=0.0
  y (accumulated): 5055.4
  child.content: x=20.0 (was 20.0), y=5055.4 (was 5055.4)
  [UPDATE Y] child: text, content_height=0.0, margin.bottom=0.0, total_height=0.0, y after=5055.4
[LAYOUT] Child element: div (parent: body)
  parent.content: x=0.0, y=0.0
  parent.padding: left=20.0, top=20.0
  child.margin: left=0.0, top=0.0
  y (accumulated): 5055.4
  child.content: x=20.0 (was 20.0), y=5055.4 (was 5055.4)
  [UPDATE Y] child: div, content_height=405.5, margin.bottom=0.0, total_height=405.5, y after=5460.9
[LAYOUT] Child element: text (parent: body)
  parent.content: x=0.0, y=0.0
  parent.padding: left=20.0, top=20.0
  child.margin: left=0.0, top=0.0
  y (accumulated): 5460.9
  child.content: x=20.0 (was 20.0), y=5460.9 (was 5460.9)
  [UPDATE Y] child: text, content_height=0.0, margin.bottom=0.0, total_height=0.0, y after=5460.9
  [UPDATE Y] child: div, content_height=222.4, margin.bottom=0.0, total_height=222.4, y after=222.4
  [UPDATE Y] child: div, content_height=91.2, margin.bottom=0.0, total_height=91.2, y after=245.4
  [UPDATE Y] child: div, content_height=294.4, margin.bottom=0.0, total_height=294.4, y after=516.8
  [UPDATE Y] child: div, content_height=516.8, margin.bottom=0.0, total_height=516.8, y after=622.3
  [UPDATE Y] child: div, content_height=115.2, margin.bottom=0.0, total_height=115.2, y after=737.5
[LAYOUT] Child element: div (parent: body)
  parent.content: x=0.0, y=0.0
  parent.padding: left=20.0, top=20.0
  child.margin: left=0.0, top=0.0
  y (accumulated): 5460.9
  child.content: x=20.0 (was 20.0), y=5460.9 (was 5460.9)
  [UPDATE Y] child: div, content_height=803.5, margin.bottom=0.0, total_height=803.5, y after=6264.4
[LAYOUT] Child element: text (parent: body)
  parent.content: x=0.0, y=0.0
  parent.padding: left=20.0, top=20.0
  child.margin: left=0.0, top=0.0
  y (accumulated): 6264.4
  child.content: x=20.0 (was 20.0), y=6264.4 (was 6264.4)
  [UPDATE Y] child: text, content_height=0.0, margin.bottom=0.0, total_height=0.0, y after=6264.4
[LAYOUT] Child element: div (parent: body)
  parent.content: x=0.0, y=0.0
  parent.padding: left=20.0, top=20.0
  child.margin: left=0.0, top=30.0
  y (accumulated): 6264.4
  child.content: x=20.0 (was 20.0), y=6294.4 (was 6294.4)
  [UPDATE Y] child: div, content_height=182.4, margin.bottom=0.0, total_height=182.4, y after=6446.8
[WIDTH DEBUG] h1: containing_block.width=1160.0, available_width=1160.0, calculated_width=1156.0
[WIDTH DEBUG] h1: containing_block.width=1126.0, available_width=1126.0, calculated_width=1126.0
[LAYOUT] Child element: h1 (parent: div)
  parent.content: x=20.0, y=91.4
  parent.padding: left=15.0, top=15.0
  child.margin: left=0.0, top=16.1
  y (accumulated): 15.0
  child.content: x=15.0 (was 15.0), y=122.5 (was 122.5)
  [UPDATE Y] child: h1, content_height=62.1, margin.bottom=16.1, total_height=78.2, y after=93.2
  [UPDATE Y] child: div, content_height=96.0, margin.bottom=0.0, total_height=96.0, y after=301.2
[WIDTH DEBUG] h1: containing_block.width=1126.0, available_width=1126.0, calculated_width=1126.0
  [UPDATE Y] child: div, content_height=59.2, margin.bottom=5.0, total_height=64.2, y after=138.2
  [UPDATE Y] child: div, content_height=59.2, margin.bottom=5.0, total_height=64.2, y after=202.4
  [UPDATE Y] child: div, content_height=59.2, margin.bottom=0.0, total_height=59.2, y after=287.8
  [UPDATE Y] child: div, content_height=99.2, margin.bottom=5.0, total_height=104.2, y after=119.2
  [UPDATE Y] child: div, content_height=99.2, margin.bottom=5.0, total_height=104.2, y after=223.4
  [UPDATE Y] child: div, content_height=99.2, margin.bottom=5.0, total_height=104.2, y after=327.6
  [UPDATE Y] child: div, content_height=99.2, margin.bottom=5.0, total_height=104.2, y after=431.8
  [UPDATE Y] child: div, content_height=99.2, margin.bottom=5.0, total_height=104.2, y after=536.0
  [UPDATE Y] child: div, content_height=585.0, margin.bottom=0.0, total_height=585.0, y after=697.1
  [UPDATE Y] child: div, content_height=99.2, margin.bottom=5.0, total_height=104.2, y after=119.2
  [UPDATE Y] child: div, content_height=99.2, margin.bottom=5.0, total_height=104.2, y after=223.4
  [UPDATE Y] child: div, content_height=99.2, margin.bottom=5.0, total_height=104.2, y after=327.6
  [UPDATE Y] child: div, content_height=334.0, margin.bottom=0.0, total_height=334.0, y after=1031.1
  [UPDATE Y] child: div, content_height=79.2, margin.bottom=0.0, total_height=79.2, y after=94.2
  [UPDATE Y] child: div, content_height=79.2, margin.bottom=0.0, total_height=79.2, y after=173.4
  [UPDATE Y] child: div, content_height=79.2, margin.bottom=0.0, total_height=79.2, y after=252.6
  [UPDATE Y] child: div, content_height=79.2, margin.bottom=0.0, total_height=79.2, y after=331.8
  [UPDATE Y] child: div, content_height=79.2, margin.bottom=0.0, total_height=79.2, y after=411.0
  [UPDATE Y] child: div, content_height=79.2, margin.bottom=0.0, total_height=79.2, y after=490.2
  [UPDATE Y] child: div, content_height=79.2, margin.bottom=0.0, total_height=79.2, y after=569.4
  [UPDATE Y] child: div, content_height=79.2, margin.bottom=0.0, total_height=79.2, y after=648.6
  [UPDATE Y] child: div, content_height=697.6, margin.bottom=0.0, total_height=697.6, y after=809.7
  [UPDATE Y] child: div, content_height=117.2, margin.bottom=0.0, total_height=117.2, y after=273.9
  [UPDATE Y] child: div, content_height=71.2, margin.bottom=2.0, total_height=73.2, y after=132.4
  [UPDATE Y] child: div, content_height=160.4, margin.bottom=3.0, total_height=163.4, y after=224.6
  [UPDATE Y] child: div, content_height=258.6, margin.bottom=5.0, total_height=263.6, y after=364.1
  [UPDATE Y] child: div, content_height=71.2, margin.bottom=2.0, total_height=73.2, y after=132.4
  [UPDATE Y] child: div, content_height=160.4, margin.bottom=3.0, total_height=163.4, y after=224.6
  [UPDATE Y] child: div, content_height=71.2, margin.bottom=2.0, total_height=73.2, y after=132.4
  [UPDATE Y] child: div, content_height=222.4, margin.bottom=0.0, total_height=222.4, y after=222.4
  [UPDATE Y] child: div, content_height=91.2, margin.bottom=0.0, total_height=91.2, y after=245.4
  [UPDATE Y] child: div, content_height=294.4, margin.bottom=0.0, total_height=294.4, y after=516.8
  [UPDATE Y] child: div, content_height=516.8, margin.bottom=0.0, total_height=516.8, y after=622.3
  [UPDATE Y] child: div, content_height=115.2, margin.bottom=0.0, total_height=115.2, y after=737.5

=== Element Layout Info ===
Tag: html

Box Model:
  Margin: top=0.00, right=0.00, bottom=0.00, left=0.00
  Border: top=0.00, right=0.00, bottom=0.00, left=0.00
  Padding: top=0.00, right=0.00, bottom=0.00, left=0.00
  Content: x=0.00, y=0.00, width=1200.00, height=6506.84
  Total Size: width=1200.00, height=6506.84
  Actual Position (content box): x=0.00, y=0.00
  Position (with margin): x=0.00, y=0.00

Computed Styles:
  display: block
==========================


=== DEBUG: Body children before printElementLayoutInfo ===
Body children count: 67
Body DOM node children:
  DOM Child[0]: text (node_type: .text)
  DOM Child[1]: text (node_type: .text)
  DOM Child[2]: text (node_type: .text)
  DOM Child[3]: meta (node_type: .element)
  DOM Child[4]: text (node_type: .text)
  DOM Child[5]: meta (node_type: .element)
  DOM Child[6]: text (node_type: .text)
  DOM Child[7]: title (node_type: .element)
  DOM Child[8]: text (node_type: .text)
  DOM Child[9]: style (node_type: .element)
  DOM Child[10]: text (node_type: .text)
  DOM Child[11]: text (node_type: .text)
  DOM Child[12]: text (node_type: .text)
  DOM Child[13]: h1 (node_type: .element)
  DOM Child[14]: text (node_type: .text)
  DOM Child[15]: unknown (node_type: .comment)
  DOM Child[16]: text (node_type: .text)
  DOM Child[17]: div (node_type: .element)
  DOM Child[18]: text (node_type: .text)
  DOM Child[19]: unknown (node_type: .comment)
  DOM Child[20]: text (node_type: .text)
  DOM Child[21]: div (node_type: .element)
  DOM Child[22]: text (node_type: .text)
  DOM Child[23]: unknown (node_type: .comment)
  DOM Child[24]: text (node_type: .text)
  DOM Child[25]: div (node_type: .element)
  DOM Child[26]: text (node_type: .text)
  DOM Child[27]: unknown (node_type: .comment)
  DOM Child[28]: text (node_type: .text)
  DOM Child[29]: div (node_type: .element)
  DOM Child[30]: text (node_type: .text)
  DOM Child[31]: unknown (node_type: .comment)
  DOM Child[32]: text (node_type: .text)
  DOM Child[33]: div (node_type: .element)
  DOM Child[34]: text (node_type: .text)
  DOM Child[35]: unknown (node_type: .comment)
  DOM Child[36]: text (node_type: .text)
  DOM Child[37]: div (node_type: .element)
  DOM Child[38]: text (node_type: .text)
  DOM Child[39]: unknown (node_type: .comment)
  DOM Child[40]: text (node_type: .text)
  DOM Child[41]: div (node_type: .element)
  DOM Child[42]: text (node_type: .text)
  DOM Child[43]: unknown (node_type: .comment)
  DOM Child[44]: text (node_type: .text)
  DOM Child[45]: div (node_type: .element)
  DOM Child[46]: text (node_type: .text)
  DOM Child[47]: unknown (node_type: .comment)
  DOM Child[48]: text (node_type: .text)
  DOM Child[49]: div (node_type: .element)
  DOM Child[50]: text (node_type: .text)
  DOM Child[51]: unknown (node_type: .comment)
  DOM Child[52]: text (node_type: .text)
  DOM Child[53]: div (node_type: .element)
  DOM Child[54]: text (node_type: .text)
  DOM Child[55]: unknown (node_type: .comment)
  DOM Child[56]: text (node_type: .text)
  DOM Child[57]: div (node_type: .element)
  DOM Child[58]: text (node_type: .text)
  DOM Child[59]: unknown (node_type: .comment)
  DOM Child[60]: text (node_type: .text)
  DOM Child[61]: div (node_type: .element)
  DOM Child[62]: text (node_type: .text)
  DOM Child[63]: unknown (node_type: .comment)
  DOM Child[64]: text (node_type: .text)
  DOM Child[65]: div (node_type: .element)
  DOM Child[66]: text (node_type: .text)
  Layout Child[0]: text (node_type: .text)
  Layout Child[1]: text (node_type: .text)
  Layout Child[2]: text (node_type: .text)
  Layout Child[3]: meta (node_type: .element)
  Layout Child[4]: text (node_type: .text)
  Layout Child[5]: meta (node_type: .element)
  Layout Child[6]: text (node_type: .text)
  Layout Child[7]: title (node_type: .element)
  Layout Child[8]: text (node_type: .text)
  Layout Child[9]: style (node_type: .element)
  Layout Child[10]: text (node_type: .text)
  Layout Child[11]: text (node_type: .text)
  Layout Child[12]: text (node_type: .text)
  Layout Child[13]: h1 (node_type: .element)
  Layout Child[14]: text (node_type: .text)
  Layout Child[15]: text (node_type: .comment)
  Layout Child[16]: text (node_type: .text)
  Layout Child[17]: div (node_type: .element)
  Layout Child[18]: text (node_type: .text)
  Layout Child[19]: text (node_type: .comment)
  Layout Child[20]: text (node_type: .text)
  Layout Child[21]: div (node_type: .element)
  Layout Child[22]: text (node_type: .text)
  Layout Child[23]: text (node_type: .comment)
  Layout Child[24]: text (node_type: .text)
  Layout Child[25]: div (node_type: .element)
  Layout Child[26]: text (node_type: .text)
  Layout Child[27]: text (node_type: .comment)
  Layout Child[28]: text (node_type: .text)
  Layout Child[29]: div (node_type: .element)
  Layout Child[30]: text (node_type: .text)
  Layout Child[31]: text (node_type: .comment)
  Layout Child[32]: text (node_type: .text)
  Layout Child[33]: div (node_type: .element)
  Layout Child[34]: text (node_type: .text)
  Layout Child[35]: text (node_type: .comment)
  Layout Child[36]: text (node_type: .text)
  Layout Child[37]: div (node_type: .element)
  Layout Child[38]: text (node_type: .text)
  Layout Child[39]: text (node_type: .comment)
  Layout Child[40]: text (node_type: .text)
  Layout Child[41]: div (node_type: .element)
  Layout Child[42]: text (node_type: .text)
  Layout Child[43]: text (node_type: .comment)
  Layout Child[44]: text (node_type: .text)
  Layout Child[45]: div (node_type: .element)
  Layout Child[46]: text (node_type: .text)
  Layout Child[47]: text (node_type: .comment)
  Layout Child[48]: text (node_type: .text)
  Layout Child[49]: div (node_type: .element)
  Layout Child[50]: text (node_type: .text)
  Layout Child[51]: text (node_type: .comment)
  Layout Child[52]: text (node_type: .text)
  Layout Child[53]: div (node_type: .element)
  Layout Child[54]: text (node_type: .text)
  Layout Child[55]: text (node_type: .comment)
  Layout Child[56]: text (node_type: .text)
  Layout Child[57]: div (node_type: .element)
  Layout Child[58]: text (node_type: .text)
  Layout Child[59]: text (node_type: .comment)
  Layout Child[60]: text (node_type: .text)
  Layout Child[61]: div (node_type: .element)
  Layout Child[62]: text (node_type: .text)
  Layout Child[63]: text (node_type: .comment)
  Layout Child[64]: text (node_type: .text)
  Layout Child[65]: div (node_type: .element)
  Layout Child[66]: text (node_type: .text)
=== END DEBUG ===


=== Element Layout Info ===
Tag: body

Box Model:
  Margin: top=0.00, right=0.00, bottom=0.00, left=0.00
  Border: top=0.00, right=0.00, bottom=0.00, left=0.00
  Padding: top=20.00, right=20.00, bottom=20.00, left=20.00
  Content: x=0.00, y=0.00, width=1160.00, height=6466.84
  Total Size: width=1200.00, height=6506.84
  Actual Position (content box): x=0.00, y=0.00
  Position (with margin): x=0.00, y=0.00

Computed Styles:
  display: block
==========================

DEBUG: Found h1 element!

=== Element Layout Info ===
Tag: h1

Box Model:
  Margin: top=21.44, right=0.00, bottom=21.44, left=0.00
  Border: top=2.00, right=2.00, bottom=2.00, left=2.00
  Padding: top=0.00, right=0.00, bottom=0.00, left=0.00
  Content: x=20.00, y=41.44, width=1156.00, height=46.00
  Total Size: width=1160.00, height=50.00
  Actual Position (content box): x=20.00, y=41.44
  Position (with margin): x=20.00, y=20.00

Computed Styles:
  display: block
==========================

[FONT] font-size parsed: 32.0px
[FONT] font-size parsed: 32.0px
[STYLE] h1 font-size parsed: 32.0px
[STYLE] p font-size parsed: 32.0px
[STYLE] h1 font-size parsed: 32.0px
[STYLE] p font-size parsed: 32.0px
[LAYOUT] Element: html, is_root: true
  margin: top=0.0, right=0.0, bottom=0.0, left=0.0
  padding: top=0.0, right=0.0, bottom=0.0, left=0.0
  content: x=0.0, y=0.0, width=1200.0, height=0.0
  containing_block: width=1200.0, height=800.0
[LAYOUT] Root element (html) position set to (0, 0)
[LAYOUT] Element: body, is_root: false
  margin: top=0.0, right=0.0, bottom=0.0, left=0.0
  padding: top=20.0, right=20.0, bottom=20.0, left=20.0
  content: x=0.0, y=0.0, width=1160.0, height=0.0
  containing_block: width=1200.0, height=800.0
[LAYOUT] Body element position set: x=0.0, y=0.0 (margin: left=0.0, top=0.0)
[CONTAINING BLOCK] body.content.width=1160.0, child_containing_block.width=1160.0
[WIDTH DEBUG] h1: containing_block.width=1160.0, available_width=1160.0, calculated_width=1160.0
  [TEXT HEIGHT] text: "ZBrowser功能测试...", font_size=32.0, line_height=46.0, height=46.0
[LAYOUT] Child element: h1 (parent: body)
  parent.content: x=0.0, y=0.0
  parent.padding: left=20.0, top=20.0
  child.margin: left=0.0, top=21.4
  y (accumulated): 20.0
  child.content: x=20.0 (was 0.0), y=41.4 (was 0.0)
  [UPDATE Y] child: h1, content_height=50.0, margin.bottom=21.4, total_height=71.4, y after=91.4
[LAYOUT] Child element: text (parent: body)
  parent.content: x=0.0, y=0.0
  parent.padding: left=20.0, top=20.0
  child.margin: left=0.0, top=0.0
  y (accumulated): 91.4
  child.content: x=20.0 (was 0.0), y=91.4 (was 0.0)
  [UPDATE Y] child: text, content_height=0.0, margin.bottom=0.0, total_height=0.0, y after=91.4
[WIDTH DEBUG] h1: containing_block.width=1126.0, available_width=1126.0, calculated_width=1126.0
  [TEXT HEIGHT] text: "块级布局测试...", font_size=32.0, line_height=46.0, height=46.0
[LAYOUT] Child element: h1 (parent: div)
  parent.content: x=0.0, y=0.0
  parent.padding: left=15.0, top=15.0
  child.margin: left=0.0, top=16.1
  y (accumulated): 15.0
  child.content: x=15.0 (was 0.0), y=31.1 (was 0.0)
  [UPDATE Y] child: h1, content_height=62.1, margin.bottom=16.1, total_height=78.2, y after=93.2
  [TEXT HEIGHT] text: "这是一个块级�...", font_size=16.0, line_height=24.0, height=24.0
  [TEXT HEIGHT] text: "这是另一个段�...", font_size=16.0, line_height=24.0, height=24.0
  [TEXT HEIGHT] text: "嵌套的div块级�...", font_size=16.0, line_height=24.0, height=24.0
  [UPDATE Y] child: div, content_height=96.0, margin.bottom=0.0, total_height=96.0, y after=301.2
[LAYOUT] Child element: div (parent: body)
  parent.content: x=0.0, y=0.0
  parent.padding: left=20.0, top=20.0
  child.margin: left=0.0, top=0.0
  y (accumulated): 91.4
  child.content: x=20.0 (was 0.0), y=91.4 (was 0.0)
  [UPDATE Y] child: div, content_height=350.2, margin.bottom=0.0, total_height=350.2, y after=441.6
[LAYOUT] Child element: text (parent: body)
  parent.content: x=0.0, y=0.0
  parent.padding: left=20.0, top=20.0
  child.margin: left=0.0, top=0.0
  y (accumulated): 441.6
  child.content: x=20.0 (was 0.0), y=441.6 (was 0.0)
  [UPDATE Y] child: text, content_height=0.0, margin.bottom=0.0, total_height=0.0, y after=441.6
  [TEXT HEIGHT] text: "
      这是行内�...", font_size=16.0, line_height=19.2, height=19.2
  [TEXT HEIGHT] text: "行内元素不会�...", font_size=16.0, line_height=19.2, height=19.2
[LAYOUT] Child element: div (parent: body)
  parent.content: x=0.0, y=0.0
  parent.padding: left=20.0, top=20.0
  child.margin: left=0.0, top=0.0
  y (accumulated): 441.6
  child.content: x=20.0 (was 0.0), y=441.6 (was 0.0)
  [UPDATE Y] child: div, content_height=329.4, margin.bottom=0.0, total_height=329.4, y after=771.0
[LAYOUT] Child element: text (parent: body)
  parent.content: x=0.0, y=0.0
  parent.padding: left=20.0, top=20.0
  child.margin: left=0.0, top=0.0
  y (accumulated): 771.0
  child.content: x=20.0 (was 0.0), y=771.0 (was 0.0)
  [UPDATE Y] child: text, content_height=0.0, margin.bottom=0.0, total_height=0.0, y after=771.0
  [UPDATE Y] child: div, content_height=59.2, margin.bottom=5.0, total_height=64.2, y after=138.2
  [UPDATE Y] child: div, content_height=59.2, margin.bottom=5.0, total_height=64.2, y after=202.4
[LAYOUT] Child element: div (parent: body)
  parent.content: x=0.0, y=0.0
  parent.padding: left=20.0, top=20.0
  child.margin: left=0.0, top=0.0
  y (accumulated): 771.0
  child.content: x=20.0 (was 0.0), y=771.0 (was 0.0)
  [UPDATE Y] child: div, content_height=334.0, margin.bottom=0.0, total_height=334.0, y after=1105.0
[LAYOUT] Child element: text (parent: body)
  parent.content: x=0.0, y=0.0
  parent.padding: left=20.0, top=20.0
  child.margin: left=0.0, top=0.0
  y (accumulated): 1105.0
  child.content: x=20.0 (was 0.0), y=1105.0 (was 0.0)
  [UPDATE Y] child: text, content_height=0.0, margin.bottom=0.0, total_height=0.0, y after=1105.0
  [TEXT HEIGHT] text: "左浮动元素...", font_size=16.0, line_height=19.2, height=19.2
  [TEXT HEIGHT] text: "这个元素会浮�...", font_size=16.0, line_height=19.2, height=19.2
  [TEXT HEIGHT] text: "右浮动元素...", font_size=16.0, line_height=19.2, height=19.2
  [TEXT HEIGHT] text: "这个元素会浮�...", font_size=16.0, line_height=19.2, height=19.2
  [TEXT HEIGHT] text: "这是正常流中�...", font_size=16.0, line_height=19.2, height=19.2
  [UPDATE Y] child: div, content_height=59.2, margin.bottom=0.0, total_height=59.2, y after=287.8
[LAYOUT] Child element: div (parent: body)
  parent.content: x=0.0, y=0.0
  parent.padding: left=20.0, top=20.0
  child.margin: left=0.0, top=0.0
  y (accumulated): 1105.0
  child.content: x=20.0 (was 0.0), y=1105.0 (was 0.0)
  [UPDATE Y] child: div, content_height=336.8, margin.bottom=0.0, total_height=336.8, y after=1441.8
[LAYOUT] Child element: text (parent: body)
  parent.content: x=0.0, y=0.0
  parent.padding: left=20.0, top=20.0
  child.margin: left=0.0, top=0.0
  y (accumulated): 1441.8
  child.content: x=20.0 (was 0.0), y=1441.8 (was 0.0)
  [UPDATE Y] child: text, content_height=0.0, margin.bottom=0.0, total_height=0.0, y after=1441.8
  [UPDATE Y] child: div, content_height=99.2, margin.bottom=5.0, total_height=104.2, y after=119.2
  [UPDATE Y] child: div, content_height=99.2, margin.bottom=5.0, total_height=104.2, y after=223.4
  [UPDATE Y] child: div, content_height=99.2, margin.bottom=5.0, total_height=104.2, y after=327.6
  [UPDATE Y] child: div, content_height=99.2, margin.bottom=5.0, total_height=104.2, y after=431.8
  [UPDATE Y] child: div, content_height=99.2, margin.bottom=5.0, total_height=104.2, y after=536.0
  [UPDATE Y] child: div, content_height=585.0, margin.bottom=0.0, total_height=585.0, y after=697.1
  [UPDATE Y] child: div, content_height=99.2, margin.bottom=5.0, total_height=104.2, y after=119.2
  [UPDATE Y] child: div, content_height=99.2, margin.bottom=5.0, total_height=104.2, y after=223.4
  [UPDATE Y] child: div, content_height=99.2, margin.bottom=5.0, total_height=104.2, y after=327.6
  [UPDATE Y] child: div, content_height=334.0, margin.bottom=0.0, total_height=334.0, y after=1031.1
[LAYOUT] Child element: div (parent: body)
  parent.content: x=0.0, y=0.0
  parent.padding: left=20.0, top=20.0
  child.margin: left=0.0, top=0.0
  y (accumulated): 1441.8
  child.content: x=20.0 (was 0.0), y=1441.8 (was 0.0)
  [UPDATE Y] child: div, content_height=1031.1, margin.bottom=0.0, total_height=1031.1, y after=2472.8
[LAYOUT] Child element: text (parent: body)
  parent.content: x=0.0, y=0.0
  parent.padding: left=20.0, top=20.0
  child.margin: left=0.0, top=0.0
  y (accumulated): 2472.8
  child.content: x=20.0 (was 0.0), y=2472.8 (was 0.0)
  [UPDATE Y] child: text, content_height=0.0, margin.bottom=0.0, total_height=0.0, y after=2472.8
  [UPDATE Y] child: div, content_height=79.2, margin.bottom=0.0, total_height=79.2, y after=94.2
  [UPDATE Y] child: div, content_height=79.2, margin.bottom=0.0, total_height=79.2, y after=173.4
  [UPDATE Y] child: div, content_height=79.2, margin.bottom=0.0, total_height=79.2, y after=252.6
  [UPDATE Y] child: div, content_height=79.2, margin.bottom=0.0, total_height=79.2, y after=331.8
  [UPDATE Y] child: div, content_height=79.2, margin.bottom=0.0, total_height=79.2, y after=411.0
  [UPDATE Y] child: div, content_height=79.2, margin.bottom=0.0, total_height=79.2, y after=490.2
  [UPDATE Y] child: div, content_height=79.2, margin.bottom=0.0, total_height=79.2, y after=569.4
  [UPDATE Y] child: div, content_height=79.2, margin.bottom=0.0, total_height=79.2, y after=648.6
  [UPDATE Y] child: div, content_height=697.6, margin.bottom=0.0, total_height=697.6, y after=809.7
[LAYOUT] Child element: div (parent: body)
  parent.content: x=0.0, y=0.0
  parent.padding: left=20.0, top=20.0
  child.margin: left=0.0, top=0.0
  y (accumulated): 2472.8
  child.content: x=20.0 (was 0.0), y=2472.8 (was 0.0)
  [UPDATE Y] child: div, content_height=809.7, margin.bottom=0.0, total_height=809.7, y after=3282.5
[LAYOUT] Child element: text (parent: body)
  parent.content: x=0.0, y=0.0
  parent.padding: left=20.0, top=20.0
  child.margin: left=0.0, top=0.0
  y (accumulated): 3282.5
  child.content: x=20.0 (was 0.0), y=3282.5 (was 0.0)
  [UPDATE Y] child: text, content_height=0.0, margin.bottom=0.0, total_height=0.0, y after=3282.5
  [TEXT HEIGHT] text: "大号文本（32px�...", font_size=16.0, line_height=19.2, height=19.2
  [TEXT HEIGHT] text: "中等文本（20px�...", font_size=16.0, line_height=19.2, height=19.2
  [TEXT HEIGHT] text: "小号文本（12px�...", font_size=16.0, line_height=19.2, height=19.2
  [TEXT HEIGHT] text: "下划线文本...", font_size=16.0, line_height=19.2, height=19.2
  [TEXT HEIGHT] text: "删除线文本...", font_size=16.0, line_height=19.2, height=19.2
[LAYOUT] Child element: div (parent: body)
  parent.content: x=0.0, y=0.0
  parent.padding: left=20.0, top=20.0
  child.margin: left=0.0, top=0.0
  y (accumulated): 3282.5
  child.content: x=20.0 (was 0.0), y=3282.5 (was 0.0)
  [UPDATE Y] child: div, content_height=405.5, margin.bottom=0.0, total_height=405.5, y after=3688.0
[LAYOUT] Child element: text (parent: body)
  parent.content: x=0.0, y=0.0
  parent.padding: left=20.0, top=20.0
  child.margin: left=0.0, top=0.0
  y (accumulated): 3688.0
  child.content: x=20.0 (was 0.0), y=3688.0 (was 0.0)
  [UPDATE Y] child: text, content_height=0.0, margin.bottom=0.0, total_height=0.0, y after=3688.0
  [TEXT HEIGHT] text: "这是一个测试�...", font_size=16.0, line_height=25.6, height=25.6
  [TEXT HEIGHT] text: "這是一個測試�...", font_size=16.0, line_height=25.6, height=25.6
  [TEXT HEIGHT] text: "これはテスト�...", font_size=16.0, line_height=25.6, height=25.6
  [TEXT HEIGHT] text: "이것은 테스트 ...", font_size=16.0, line_height=25.6, height=25.6
  [TEXT HEIGHT] text: "This is a test page ...", font_size=16.0, line_height=25.6, height=25.6
  [TEXT HEIGHT] text: "混合文本 Mixed T...", font_size=16.0, line_height=25.6, height=25.6
[LAYOUT] Child element: div (parent: body)
  parent.content: x=0.0, y=0.0
  parent.padding: left=20.0, top=20.0
  child.margin: left=0.0, top=0.0
  y (accumulated): 3688.0
  child.content: x=20.0 (was 0.0), y=3688.0 (was 0.0)
  [UPDATE Y] child: div, content_height=610.3, margin.bottom=0.0, total_height=610.3, y after=4298.4
[LAYOUT] Child element: text (parent: body)
  parent.content: x=0.0, y=0.0
  parent.padding: left=20.0, top=20.0
  child.margin: left=0.0, top=0.0
  y (accumulated): 4298.4
  child.content: x=20.0 (was 0.0), y=4298.4 (was 0.0)
  [UPDATE Y] child: text, content_height=0.0, margin.bottom=0.0, total_height=0.0, y after=4298.4
  [TEXT HEIGHT] text: "这个区域有实�...", font_size=16.0, line_height=19.2, height=19.2
  [TEXT HEIGHT] text: "这个区域有虚�...", font_size=16.0, line_height=19.2, height=19.2
  [UPDATE Y] child: div, content_height=117.2, margin.bottom=0.0, total_height=117.2, y after=273.9
[LAYOUT] Child element: div (parent: body)
  parent.content: x=0.0, y=0.0
  parent.padding: left=20.0, top=20.0
  child.margin: left=0.0, top=0.0
  y (accumulated): 4298.4
  child.content: x=20.0 (was 0.0), y=4298.4 (was 0.0)
  [UPDATE Y] child: div, content_height=343.9, margin.bottom=0.0, total_height=343.9, y after=4642.3
[LAYOUT] Child element: text (parent: body)
  parent.content: x=0.0, y=0.0
  parent.padding: left=20.0, top=20.0
  child.margin: left=0.0, top=0.0
  y (accumulated): 4642.3
  child.content: x=20.0 (was 0.0), y=4642.3 (was 0.0)
  [UPDATE Y] child: text, content_height=0.0, margin.bottom=0.0, total_height=0.0, y after=4642.3
  [TEXT HEIGHT] text: "第一层嵌套...", font_size=16.0, line_height=19.2, height=19.2
  [TEXT HEIGHT] text: "第二层嵌套...", font_size=16.0, line_height=19.2, height=19.2
  [TEXT HEIGHT] text: "第三层嵌套...", font_size=16.0, line_height=19.2, height=19.2
  [UPDATE Y] child: div, content_height=71.2, margin.bottom=2.0, total_height=73.2, y after=132.4
  [UPDATE Y] child: div, content_height=160.4, margin.bottom=3.0, total_height=163.4, y after=224.6
  [UPDATE Y] child: div, content_height=258.6, margin.bottom=5.0, total_height=263.6, y after=364.1
[LAYOUT] Child element: div (parent: body)
  parent.content: x=0.0, y=0.0
  parent.padding: left=20.0, top=20.0
  child.margin: left=0.0, top=0.0
  y (accumulated): 4642.3
  child.content: x=20.0 (was 0.0), y=4642.3 (was 0.0)
  [UPDATE Y] child: div, content_height=413.1, margin.bottom=0.0, total_height=413.1, y after=5055.4
[LAYOUT] Child element: text (parent: body)
  parent.content: x=0.0, y=0.0
  parent.padding: left=20.0, top=20.0
  child.margin: left=0.0, top=0.0
  y (accumulated): 5055.4
  child.content: x=20.0 (was 0.0), y=5055.4 (was 0.0)
  [UPDATE Y] child: text, content_height=0.0, margin.bottom=0.0, total_height=0.0, y after=5055.4
  [TEXT HEIGHT] text: "HTML实体：<div> &...", font_size=16.0, line_height=19.2, height=19.2
  [TEXT HEIGHT] text: "Unicode字符：© �...", font_size=16.0, line_height=19.2, height=19.2
  [TEXT HEIGHT] text: "数学符号：∑ �...", font_size=16.0, line_height=19.2, height=19.2
  [TEXT HEIGHT] text: "箭头符号：← �...", font_size=16.0, line_height=19.2, height=19.2
  [TEXT HEIGHT] text: "Emoji：😀 😃 �...", font_size=16.0, line_height=19.2, height=19.2
[LAYOUT] Child element: div (parent: body)
  parent.content: x=0.0, y=0.0
  parent.padding: left=20.0, top=20.0
  child.margin: left=0.0, top=0.0
  y (accumulated): 5055.4
  child.content: x=20.0 (was 0.0), y=5055.4 (was 0.0)
  [UPDATE Y] child: div, content_height=405.5, margin.bottom=0.0, total_height=405.5, y after=5460.9
[LAYOUT] Child element: text (parent: body)
  parent.content: x=0.0, y=0.0
  parent.padding: left=20.0, top=20.0
  child.margin: left=0.0, top=0.0
  y (accumulated): 5460.9
  child.content: x=20.0 (was 0.0), y=5460.9 (was 0.0)
  [UPDATE Y] child: text, content_height=0.0, margin.bottom=0.0, total_height=0.0, y after=5460.9
  [TEXT HEIGHT] text: "包含块级和行�...", font_size=16.0, line_height=19.2, height=19.2
  [UPDATE Y] child: div, content_height=222.4, margin.bottom=0.0, total_height=222.4, y after=222.4
  [TEXT HEIGHT] text: "另一个Flex子项�...", font_size=16.0, line_height=19.2, height=19.2
  [TEXT HEIGHT] text: "嵌套的div...", font_size=16.0, line_height=19.2, height=19.2
  [UPDATE Y] child: div, content_height=91.2, margin.bottom=0.0, total_height=91.2, y after=245.4
  [UPDATE Y] child: div, content_height=294.4, margin.bottom=0.0, total_height=294.4, y after=516.8
  [UPDATE Y] child: div, content_height=516.8, margin.bottom=0.0, total_height=516.8, y after=622.3
  [TEXT HEIGHT] text: "相对定位容器...", font_size=16.0, line_height=19.2, height=19.2
  [UPDATE Y] child: div, content_height=115.2, margin.bottom=0.0, total_height=115.2, y after=737.5
[LAYOUT] Child element: div (parent: body)
  parent.content: x=0.0, y=0.0
  parent.padding: left=20.0, top=20.0
  child.margin: left=0.0, top=0.0
  y (accumulated): 5460.9
  child.content: x=20.0 (was 0.0), y=5460.9 (was 0.0)
  [UPDATE Y] child: div, content_height=803.5, margin.bottom=0.0, total_height=803.5, y after=6264.4
[LAYOUT] Child element: text (parent: body)
  parent.content: x=0.0, y=0.0
  parent.padding: left=20.0, top=20.0
  child.margin: left=0.0, top=0.0
  y (accumulated): 6264.4
  child.content: x=20.0 (was 0.0), y=6264.4 (was 0.0)
  [UPDATE Y] child: text, content_height=0.0, margin.bottom=0.0, total_height=0.0, y after=6264.4
  [TEXT HEIGHT] text: "ZBrowser功能测试...", font_size=16.0, line_height=19.2, height=19.2
  [TEXT HEIGHT] text: "包含：块级布�...", font_size=16.0, line_height=19.2, height=19.2
[LAYOUT] Child element: div (parent: body)
  parent.content: x=0.0, y=0.0
  parent.padding: left=20.0, top=20.0
  child.margin: left=0.0, top=30.0
  y (accumulated): 6264.4
  child.content: x=20.0 (was 0.0), y=6294.4 (was 0.0)
  [UPDATE Y] child: div, content_height=182.4, margin.bottom=0.0, total_height=182.4, y after=6446.8
[LAYOUT] Child element: body (parent: html)
  parent.content: x=0.0, y=0.0
  parent.padding: left=0.0, top=0.0
  child.margin: left=0.0, top=0.0
  y (accumulated): 0.0
  child.content: x=0.0 (was 0.0), y=0.0 (was 0.0)
  [UPDATE Y] child: body, content_height=6506.8, margin.bottom=0.0, total_height=6506.8, y after=6506.8
[LAYOUT] Element: body, is_root: false
  margin: top=0.0, right=0.0, bottom=0.0, left=0.0
  padding: top=20.0, right=20.0, bottom=20.0, left=20.0
  content: x=0.0, y=0.0, width=1160.0, height=6466.8
  containing_block: width=1200.0, height=6506.8
[LAYOUT] Body element position set: x=0.0, y=0.0 (margin: left=0.0, top=0.0)
[CONTAINING BLOCK] body.content.width=1160.0, child_containing_block.width=1160.0
[WIDTH DEBUG] h1: containing_block.width=1160.0, available_width=1160.0, calculated_width=1156.0
[LAYOUT] Child element: h1 (parent: body)
  parent.content: x=0.0, y=0.0
  parent.padding: left=20.0, top=20.0
  child.margin: left=0.0, top=21.4
  y (accumulated): 20.0
  child.content: x=20.0 (was 20.0), y=41.4 (was 41.4)
  [UPDATE Y] child: h1, content_height=50.0, margin.bottom=21.4, total_height=71.4, y after=91.4
[LAYOUT] Child element: text (parent: body)
  parent.content: x=0.0, y=0.0
  parent.padding: left=20.0, top=20.0
  child.margin: left=0.0, top=0.0
  y (accumulated): 91.4
  child.content: x=20.0 (was 20.0), y=91.4 (was 91.4)
  [UPDATE Y] child: text, content_height=0.0, margin.bottom=0.0, total_height=0.0, y after=91.4
[WIDTH DEBUG] h1: containing_block.width=1126.0, available_width=1126.0, calculated_width=1126.0
[LAYOUT] Child element: h1 (parent: div)
  parent.content: x=20.0, y=91.4
  parent.padding: left=15.0, top=15.0
  child.margin: left=0.0, top=16.1
  y (accumulated): 15.0
  child.content: x=15.0 (was 15.0), y=122.5 (was 31.1)
  [UPDATE Y] child: h1, content_height=62.1, margin.bottom=16.1, total_height=78.2, y after=93.2
  [UPDATE Y] child: div, content_height=96.0, margin.bottom=0.0, total_height=96.0, y after=301.2
[LAYOUT] Child element: div (parent: body)
  parent.content: x=0.0, y=0.0
  parent.padding: left=20.0, top=20.0
  child.margin: left=0.0, top=0.0
  y (accumulated): 91.4
  child.content: x=20.0 (was 20.0), y=91.4 (was 91.4)
  [UPDATE Y] child: div, content_height=350.2, margin.bottom=0.0, total_height=350.2, y after=441.6
[LAYOUT] Child element: text (parent: body)
  parent.content: x=0.0, y=0.0
  parent.padding: left=20.0, top=20.0
  child.margin: left=0.0, top=0.0
  y (accumulated): 441.6
  child.content: x=20.0 (was 20.0), y=441.6 (was 441.6)
  [UPDATE Y] child: text, content_height=0.0, margin.bottom=0.0, total_height=0.0, y after=441.6
[LAYOUT] Child element: div (parent: body)
  parent.content: x=0.0, y=0.0
  parent.padding: left=20.0, top=20.0
  child.margin: left=0.0, top=0.0
  y (accumulated): 441.6
  child.content: x=20.0 (was 20.0), y=441.6 (was 441.6)
  [UPDATE Y] child: div, content_height=329.4, margin.bottom=0.0, total_height=329.4, y after=771.0
[LAYOUT] Child element: text (parent: body)
  parent.content: x=0.0, y=0.0
  parent.padding: left=20.0, top=20.0
  child.margin: left=0.0, top=0.0
  y (accumulated): 771.0
  child.content: x=20.0 (was 20.0), y=771.0 (was 771.0)
  [UPDATE Y] child: text, content_height=0.0, margin.bottom=0.0, total_height=0.0, y after=771.0
  [UPDATE Y] child: div, content_height=59.2, margin.bottom=5.0, total_height=64.2, y after=138.2
  [UPDATE Y] child: div, content_height=59.2, margin.bottom=5.0, total_height=64.2, y after=202.4
[LAYOUT] Child element: div (parent: body)
  parent.content: x=0.0, y=0.0
  parent.padding: left=20.0, top=20.0
  child.margin: left=0.0, top=0.0
  y (accumulated): 771.0
  child.content: x=20.0 (was 20.0), y=771.0 (was 771.0)
  [UPDATE Y] child: div, content_height=334.0, margin.bottom=0.0, total_height=334.0, y after=1105.0
[LAYOUT] Child element: text (parent: body)
  parent.content: x=0.0, y=0.0
  parent.padding: left=20.0, top=20.0
  child.margin: left=0.0, top=0.0
  y (accumulated): 1105.0
  child.content: x=20.0 (was 20.0), y=1105.0 (was 1105.0)
  [UPDATE Y] child: text, content_height=0.0, margin.bottom=0.0, total_height=0.0, y after=1105.0
  [UPDATE Y] child: div, content_height=59.2, margin.bottom=0.0, total_height=59.2, y after=287.8
[LAYOUT] Child element: div (parent: body)
  parent.content: x=0.0, y=0.0
  parent.padding: left=20.0, top=20.0
  child.margin: left=0.0, top=0.0
  y (accumulated): 1105.0
  child.content: x=20.0 (was 20.0), y=1105.0 (was 1105.0)
  [UPDATE Y] child: div, content_height=336.8, margin.bottom=0.0, total_height=336.8, y after=1441.8
[LAYOUT] Child element: text (parent: body)
  parent.content: x=0.0, y=0.0
  parent.padding: left=20.0, top=20.0
  child.margin: left=0.0, top=0.0
  y (accumulated): 1441.8
  child.content: x=20.0 (was 20.0), y=1441.8 (was 1441.8)
  [UPDATE Y] child: text, content_height=0.0, margin.bottom=0.0, total_height=0.0, y after=1441.8
  [UPDATE Y] child: div, content_height=99.2, margin.bottom=5.0, total_height=104.2, y after=119.2
  [UPDATE Y] child: div, content_height=99.2, margin.bottom=5.0, total_height=104.2, y after=223.4
  [UPDATE Y] child: div, content_height=99.2, margin.bottom=5.0, total_height=104.2, y after=327.6
  [UPDATE Y] child: div, content_height=99.2, margin.bottom=5.0, total_height=104.2, y after=431.8
  [UPDATE Y] child: div, content_height=99.2, margin.bottom=5.0, total_height=104.2, y after=536.0
  [UPDATE Y] child: div, content_height=585.0, margin.bottom=0.0, total_height=585.0, y after=697.1
  [UPDATE Y] child: div, content_height=99.2, margin.bottom=5.0, total_height=104.2, y after=119.2
  [UPDATE Y] child: div, content_height=99.2, margin.bottom=5.0, total_height=104.2, y after=223.4
  [UPDATE Y] child: div, content_height=99.2, margin.bottom=5.0, total_height=104.2, y after=327.6
  [UPDATE Y] child: div, content_height=334.0, margin.bottom=0.0, total_height=334.0, y after=1031.1
[LAYOUT] Child element: div (parent: body)
  parent.content: x=0.0, y=0.0
  parent.padding: left=20.0, top=20.0
  child.margin: left=0.0, top=0.0
  y (accumulated): 1441.8
  child.content: x=20.0 (was 20.0), y=1441.8 (was 1441.8)
  [UPDATE Y] child: div, content_height=1031.1, margin.bottom=0.0, total_height=1031.1, y after=2472.8
[LAYOUT] Child element: text (parent: body)
  parent.content: x=0.0, y=0.0
  parent.padding: left=20.0, top=20.0
  child.margin: left=0.0, top=0.0
  y (accumulated): 2472.8
  child.content: x=20.0 (was 20.0), y=2472.8 (was 2472.8)
  [UPDATE Y] child: text, content_height=0.0, margin.bottom=0.0, total_height=0.0, y after=2472.8
  [UPDATE Y] child: div, content_height=79.2, margin.bottom=0.0, total_height=79.2, y after=94.2
  [UPDATE Y] child: div, content_height=79.2, margin.bottom=0.0, total_height=79.2, y after=173.4
  [UPDATE Y] child: div, content_height=79.2, margin.bottom=0.0, total_height=79.2, y after=252.6
  [UPDATE Y] child: div, content_height=79.2, margin.bottom=0.0, total_height=79.2, y after=331.8
  [UPDATE Y] child: div, content_height=79.2, margin.bottom=0.0, total_height=79.2, y after=411.0
  [UPDATE Y] child: div, content_height=79.2, margin.bottom=0.0, total_height=79.2, y after=490.2
  [UPDATE Y] child: div, content_height=79.2, margin.bottom=0.0, total_height=79.2, y after=569.4
  [UPDATE Y] child: div, content_height=79.2, margin.bottom=0.0, total_height=79.2, y after=648.6
  [UPDATE Y] child: div, content_height=697.6, margin.bottom=0.0, total_height=697.6, y after=809.7
[LAYOUT] Child element: div (parent: body)
  parent.content: x=0.0, y=0.0
  parent.padding: left=20.0, top=20.0
  child.margin: left=0.0, top=0.0
  y (accumulated): 2472.8
  child.content: x=20.0 (was 20.0), y=2472.8 (was 2472.8)
  [UPDATE Y] child: div, content_height=809.7, margin.bottom=0.0, total_height=809.7, y after=3282.5
[LAYOUT] Child element: text (parent: body)
  parent.content: x=0.0, y=0.0
  parent.padding: left=20.0, top=20.0
  child.margin: left=0.0, top=0.0
  y (accumulated): 3282.5
  child.content: x=20.0 (was 20.0), y=3282.5 (was 3282.5)
  [UPDATE Y] child: text, content_height=0.0, margin.bottom=0.0, total_height=0.0, y after=3282.5
[LAYOUT] Child element: div (parent: body)
  parent.content: x=0.0, y=0.0
  parent.padding: left=20.0, top=20.0
  child.margin: left=0.0, top=0.0
  y (accumulated): 3282.5
  child.content: x=20.0 (was 20.0), y=3282.5 (was 3282.5)
  [UPDATE Y] child: div, content_height=405.5, margin.bottom=0.0, total_height=405.5, y after=3688.0
[LAYOUT] Child element: text (parent: body)
  parent.content: x=0.0, y=0.0
  parent.padding: left=20.0, top=20.0
  child.margin: left=0.0, top=0.0
  y (accumulated): 3688.0
  child.content: x=20.0 (was 20.0), y=3688.0 (was 3688.0)
  [UPDATE Y] child: text, content_height=0.0, margin.bottom=0.0, total_height=0.0, y after=3688.0
[LAYOUT] Child element: div (parent: body)
  parent.content: x=0.0, y=0.0
  parent.padding: left=20.0, top=20.0
  child.margin: left=0.0, top=0.0
  y (accumulated): 3688.0
  child.content: x=20.0 (was 20.0), y=3688.0 (was 3688.0)
  [UPDATE Y] child: div, content_height=610.3, margin.bottom=0.0, total_height=610.3, y after=4298.4
[LAYOUT] Child element: text (parent: body)
  parent.content: x=0.0, y=0.0
  parent.padding: left=20.0, top=20.0
  child.margin: left=0.0, top=0.0
  y (accumulated): 4298.4
  child.content: x=20.0 (was 20.0), y=4298.4 (was 4298.4)
  [UPDATE Y] child: text, content_height=0.0, margin.bottom=0.0, total_height=0.0, y after=4298.4
  [UPDATE Y] child: div, content_height=117.2, margin.bottom=0.0, total_height=117.2, y after=273.9
[LAYOUT] Child element: div (parent: body)
  parent.content: x=0.0, y=0.0
  parent.padding: left=20.0, top=20.0
  child.margin: left=0.0, top=0.0
  y (accumulated): 4298.4
  child.content: x=20.0 (was 20.0), y=4298.4 (was 4298.4)
  [UPDATE Y] child: div, content_height=343.9, margin.bottom=0.0, total_height=343.9, y after=4642.3
[LAYOUT] Child element: text (parent: body)
  parent.content: x=0.0, y=0.0
  parent.padding: left=20.0, top=20.0
  child.margin: left=0.0, top=0.0
  y (accumulated): 4642.3
  child.content: x=20.0 (was 20.0), y=4642.3 (was 4642.3)
  [UPDATE Y] child: text, content_height=0.0, margin.bottom=0.0, total_height=0.0, y after=4642.3
  [UPDATE Y] child: div, content_height=71.2, margin.bottom=2.0, total_height=73.2, y after=132.4
  [UPDATE Y] child: div, content_height=160.4, margin.bottom=3.0, total_height=163.4, y after=224.6
  [UPDATE Y] child: div, content_height=258.6, margin.bottom=5.0, total_height=263.6, y after=364.1
[LAYOUT] Child element: div (parent: body)
  parent.content: x=0.0, y=0.0
  parent.padding: left=20.0, top=20.0
  child.margin: left=0.0, top=0.0
  y (accumulated): 4642.3
  child.content: x=20.0 (was 20.0), y=4642.3 (was 4642.3)
  [UPDATE Y] child: div, content_height=413.1, margin.bottom=0.0, total_height=413.1, y after=5055.4
[LAYOUT] Child element: text (parent: body)
  parent.content: x=0.0, y=0.0
  parent.padding: left=20.0, top=20.0
  child.margin: left=0.0, top=0.0
  y (accumulated): 5055.4
  child.content: x=20.0 (was 20.0), y=5055.4 (was 5055.4)
  [UPDATE Y] child: text, content_height=0.0, margin.bottom=0.0, total_height=0.0, y after=5055.4
[LAYOUT] Child element: div (parent: body)
  parent.content: x=0.0, y=0.0
  parent.padding: left=20.0, top=20.0
  child.margin: left=0.0, top=0.0
  y (accumulated): 5055.4
  child.content: x=20.0 (was 20.0), y=5055.4 (was 5055.4)
  [UPDATE Y] child: div, content_height=405.5, margin.bottom=0.0, total_height=405.5, y after=5460.9
[LAYOUT] Child element: text (parent: body)
  parent.content: x=0.0, y=0.0
  parent.padding: left=20.0, top=20.0
  child.margin: left=0.0, top=0.0
  y (accumulated): 5460.9
  child.content: x=20.0 (was 20.0), y=5460.9 (was 5460.9)
  [UPDATE Y] child: text, content_height=0.0, margin.bottom=0.0, total_height=0.0, y after=5460.9
  [UPDATE Y] child: div, content_height=222.4, margin.bottom=0.0, total_height=222.4, y after=222.4
  [UPDATE Y] child: div, content_height=91.2, margin.bottom=0.0, total_height=91.2, y after=245.4
  [UPDATE Y] child: div, content_height=294.4, margin.bottom=0.0, total_height=294.4, y after=516.8
  [UPDATE Y] child: div, content_height=516.8, margin.bottom=0.0, total_height=516.8, y after=622.3
  [UPDATE Y] child: div, content_height=115.2, margin.bottom=0.0, total_height=115.2, y after=737.5
[LAYOUT] Child element: div (parent: body)
  parent.content: x=0.0, y=0.0
  parent.padding: left=20.0, top=20.0
  child.margin: left=0.0, top=0.0
  y (accumulated): 5460.9
  child.content: x=20.0 (was 20.0), y=5460.9 (was 5460.9)
  [UPDATE Y] child: div, content_height=803.5, margin.bottom=0.0, total_height=803.5, y after=6264.4
[LAYOUT] Child element: text (parent: body)
  parent.content: x=0.0, y=0.0
  parent.padding: left=20.0, top=20.0
  child.margin: left=0.0, top=0.0
  y (accumulated): 6264.4
  child.content: x=20.0 (was 20.0), y=6264.4 (was 6264.4)
  [UPDATE Y] child: text, content_height=0.0, margin.bottom=0.0, total_height=0.0, y after=6264.4
[LAYOUT] Child element: div (parent: body)
  parent.content: x=0.0, y=0.0
  parent.padding: left=20.0, top=20.0
  child.margin: left=0.0, top=30.0
  y (accumulated): 6264.4
  child.content: x=20.0 (was 20.0), y=6294.4 (was 6294.4)
  [UPDATE Y] child: div, content_height=182.4, margin.bottom=0.0, total_height=182.4, y after=6446.8
[WIDTH DEBUG] h1: containing_block.width=1160.0, available_width=1160.0, calculated_width=1156.0
[WIDTH DEBUG] h1: containing_block.width=1126.0, available_width=1126.0, calculated_width=1126.0
[LAYOUT] Child element: h1 (parent: div)
  parent.content: x=20.0, y=91.4
  parent.padding: left=15.0, top=15.0
  child.margin: left=0.0, top=16.1
  y (accumulated): 15.0
  child.content: x=15.0 (was 15.0), y=122.5 (was 122.5)
  [UPDATE Y] child: h1, content_height=62.1, margin.bottom=16.1, total_height=78.2, y after=93.2
  [UPDATE Y] child: div, content_height=96.0, margin.bottom=0.0, total_height=96.0, y after=301.2
[WIDTH DEBUG] h1: containing_block.width=1126.0, available_width=1126.0, calculated_width=1126.0
  [UPDATE Y] child: div, content_height=59.2, margin.bottom=5.0, total_height=64.2, y after=138.2
  [UPDATE Y] child: div, content_height=59.2, margin.bottom=5.0, total_height=64.2, y after=202.4
  [UPDATE Y] child: div, content_height=59.2, margin.bottom=0.0, total_height=59.2, y after=287.8
  [UPDATE Y] child: div, content_height=99.2, margin.bottom=5.0, total_height=104.2, y after=119.2
  [UPDATE Y] child: div, content_height=99.2, margin.bottom=5.0, total_height=104.2, y after=223.4
  [UPDATE Y] child: div, content_height=99.2, margin.bottom=5.0, total_height=104.2, y after=327.6
  [UPDATE Y] child: div, content_height=99.2, margin.bottom=5.0, total_height=104.2, y after=431.8
  [UPDATE Y] child: div, content_height=99.2, margin.bottom=5.0, total_height=104.2, y after=536.0
  [UPDATE Y] child: div, content_height=585.0, margin.bottom=0.0, total_height=585.0, y after=697.1
  [UPDATE Y] child: div, content_height=99.2, margin.bottom=5.0, total_height=104.2, y after=119.2
  [UPDATE Y] child: div, content_height=99.2, margin.bottom=5.0, total_height=104.2, y after=223.4
  [UPDATE Y] child: div, content_height=99.2, margin.bottom=5.0, total_height=104.2, y after=327.6
  [UPDATE Y] child: div, content_height=334.0, margin.bottom=0.0, total_height=334.0, y after=1031.1
  [UPDATE Y] child: div, content_height=79.2, margin.bottom=0.0, total_height=79.2, y after=94.2
  [UPDATE Y] child: div, content_height=79.2, margin.bottom=0.0, total_height=79.2, y after=173.4
  [UPDATE Y] child: div, content_height=79.2, margin.bottom=0.0, total_height=79.2, y after=252.6
  [UPDATE Y] child: div, content_height=79.2, margin.bottom=0.0, total_height=79.2, y after=331.8
  [UPDATE Y] child: div, content_height=79.2, margin.bottom=0.0, total_height=79.2, y after=411.0
  [UPDATE Y] child: div, content_height=79.2, margin.bottom=0.0, total_height=79.2, y after=490.2
  [UPDATE Y] child: div, content_height=79.2, margin.bottom=0.0, total_height=79.2, y after=569.4
  [UPDATE Y] child: div, content_height=79.2, margin.bottom=0.0, total_height=79.2, y after=648.6
  [UPDATE Y] child: div, content_height=697.6, margin.bottom=0.0, total_height=697.6, y after=809.7
  [UPDATE Y] child: div, content_height=117.2, margin.bottom=0.0, total_height=117.2, y after=273.9
  [UPDATE Y] child: div, content_height=71.2, margin.bottom=2.0, total_height=73.2, y after=132.4
  [UPDATE Y] child: div, content_height=160.4, margin.bottom=3.0, total_height=163.4, y after=224.6
  [UPDATE Y] child: div, content_height=258.6, margin.bottom=5.0, total_height=263.6, y after=364.1
  [UPDATE Y] child: div, content_height=71.2, margin.bottom=2.0, total_height=73.2, y after=132.4
  [UPDATE Y] child: div, content_height=160.4, margin.bottom=3.0, total_height=163.4, y after=224.6
  [UPDATE Y] child: div, content_height=71.2, margin.bottom=2.0, total_height=73.2, y after=132.4
  [UPDATE Y] child: div, content_height=222.4, margin.bottom=0.0, total_height=222.4, y after=222.4
  [UPDATE Y] child: div, content_height=91.2, margin.bottom=0.0, total_height=91.2, y after=245.4
  [UPDATE Y] child: div, content_height=294.4, margin.bottom=0.0, total_height=294.4, y after=516.8
  [UPDATE Y] child: div, content_height=516.8, margin.bottom=0.0, total_height=516.8, y after=622.3
  [UPDATE Y] child: div, content_height=115.2, margin.bottom=0.0, total_height=115.2, y after=737.5

=== Element Layout Info ===
Tag: html

Box Model:
  Margin: top=0.00, right=0.00, bottom=0.00, left=0.00
  Border: top=0.00, right=0.00, bottom=0.00, left=0.00
  Padding: top=0.00, right=0.00, bottom=0.00, left=0.00
  Content: x=0.00, y=0.00, width=1200.00, height=6506.84
  Total Size: width=1200.00, height=6506.84
  Actual Position (content box): x=0.00, y=0.00
  Position (with margin): x=0.00, y=0.00

Computed Styles:
  display: block
==========================


=== DEBUG: Body children before printElementLayoutInfo ===
Body children count: 67
Body DOM node children:
  DOM Child[0]: text (node_type: .text)
  DOM Child[1]: text (node_type: .text)
  DOM Child[2]: text (node_type: .text)
  DOM Child[3]: meta (node_type: .element)
  DOM Child[4]: text (node_type: .text)
  DOM Child[5]: meta (node_type: .element)
  DOM Child[6]: text (node_type: .text)
  DOM Child[7]: title (node_type: .element)
  DOM Child[8]: text (node_type: .text)
  DOM Child[9]: style (node_type: .element)
  DOM Child[10]: text (node_type: .text)
  DOM Child[11]: text (node_type: .text)
  DOM Child[12]: text (node_type: .text)
  DOM Child[13]: h1 (node_type: .element)
  DOM Child[14]: text (node_type: .text)
  DOM Child[15]: unknown (node_type: .comment)
  DOM Child[16]: text (node_type: .text)
  DOM Child[17]: div (node_type: .element)
  DOM Child[18]: text (node_type: .text)
  DOM Child[19]: unknown (node_type: .comment)
  DOM Child[20]: text (node_type: .text)
  DOM Child[21]: div (node_type: .element)
  DOM Child[22]: text (node_type: .text)
  DOM Child[23]: unknown (node_type: .comment)
  DOM Child[24]: text (node_type: .text)
  DOM Child[25]: div (node_type: .element)
  DOM Child[26]: text (node_type: .text)
  DOM Child[27]: unknown (node_type: .comment)
  DOM Child[28]: text (node_type: .text)
  DOM Child[29]: div (node_type: .element)
  DOM Child[30]: text (node_type: .text)
  DOM Child[31]: unknown (node_type: .comment)
  DOM Child[32]: text (node_type: .text)
  DOM Child[33]: div (node_type: .element)
  DOM Child[34]: text (node_type: .text)
  DOM Child[35]: unknown (node_type: .comment)
  DOM Child[36]: text (node_type: .text)
  DOM Child[37]: div (node_type: .element)
  DOM Child[38]: text (node_type: .text)
  DOM Child[39]: unknown (node_type: .comment)
  DOM Child[40]: text (node_type: .text)
  DOM Child[41]: div (node_type: .element)
  DOM Child[42]: text (node_type: .text)
  DOM Child[43]: unknown (node_type: .comment)
  DOM Child[44]: text (node_type: .text)
  DOM Child[45]: div (node_type: .element)
  DOM Child[46]: text (node_type: .text)
  DOM Child[47]: unknown (node_type: .comment)
  DOM Child[48]: text (node_type: .text)
  DOM Child[49]: div (node_type: .element)
  DOM Child[50]: text (node_type: .text)
  DOM Child[51]: unknown (node_type: .comment)
  DOM Child[52]: text (node_type: .text)
  DOM Child[53]: div (node_type: .element)
  DOM Child[54]: text (node_type: .text)
  DOM Child[55]: unknown (node_type: .comment)
  DOM Child[56]: text (node_type: .text)
  DOM Child[57]: div (node_type: .element)
  DOM Child[58]: text (node_type: .text)
  DOM Child[59]: unknown (node_type: .comment)
  DOM Child[60]: text (node_type: .text)
  DOM Child[61]: div (node_type: .element)
  DOM Child[62]: text (node_type: .text)
  DOM Child[63]: unknown (node_type: .comment)
  DOM Child[64]: text (node_type: .text)
  DOM Child[65]: div (node_type: .element)
  DOM Child[66]: text (node_type: .text)
  Layout Child[0]: text (node_type: .text)
  Layout Child[1]: text (node_type: .text)
  Layout Child[2]: text (node_type: .text)
  Layout Child[3]: meta (node_type: .element)
  Layout Child[4]: text (node_type: .text)
  Layout Child[5]: meta (node_type: .element)
  Layout Child[6]: text (node_type: .text)
  Layout Child[7]: title (node_type: .element)
  Layout Child[8]: text (node_type: .text)
  Layout Child[9]: style (node_type: .element)
  Layout Child[10]: text (node_type: .text)
  Layout Child[11]: text (node_type: .text)
  Layout Child[12]: text (node_type: .text)
  Layout Child[13]: h1 (node_type: .element)
  Layout Child[14]: text (node_type: .text)
  Layout Child[15]: text (node_type: .comment)
  Layout Child[16]: text (node_type: .text)
  Layout Child[17]: div (node_type: .element)
  Layout Child[18]: text (node_type: .text)
  Layout Child[19]: text (node_type: .comment)
  Layout Child[20]: text (node_type: .text)
  Layout Child[21]: div (node_type: .element)
  Layout Child[22]: text (node_type: .text)
  Layout Child[23]: text (node_type: .comment)
  Layout Child[24]: text (node_type: .text)
  Layout Child[25]: div (node_type: .element)
  Layout Child[26]: text (node_type: .text)
  Layout Child[27]: text (node_type: .comment)
  Layout Child[28]: text (node_type: .text)
  Layout Child[29]: div (node_type: .element)
  Layout Child[30]: text (node_type: .text)
  Layout Child[31]: text (node_type: .comment)
  Layout Child[32]: text (node_type: .text)
  Layout Child[33]: div (node_type: .element)
  Layout Child[34]: text (node_type: .text)
  Layout Child[35]: text (node_type: .comment)
  Layout Child[36]: text (node_type: .text)
  Layout Child[37]: div (node_type: .element)
  Layout Child[38]: text (node_type: .text)
  Layout Child[39]: text (node_type: .comment)
  Layout Child[40]: text (node_type: .text)
  Layout Child[41]: div (node_type: .element)
  Layout Child[42]: text (node_type: .text)
  Layout Child[43]: text (node_type: .comment)
  Layout Child[44]: text (node_type: .text)
  Layout Child[45]: div (node_type: .element)
  Layout Child[46]: text (node_type: .text)
  Layout Child[47]: text (node_type: .comment)
  Layout Child[48]: text (node_type: .text)
  Layout Child[49]: div (node_type: .element)
  Layout Child[50]: text (node_type: .text)
  Layout Child[51]: text (node_type: .comment)
  Layout Child[52]: text (node_type: .text)
  Layout Child[53]: div (node_type: .element)
  Layout Child[54]: text (node_type: .text)
  Layout Child[55]: text (node_type: .comment)
  Layout Child[56]: text (node_type: .text)
  Layout Child[57]: div (node_type: .element)
  Layout Child[58]: text (node_type: .text)
  Layout Child[59]: text (node_type: .comment)
  Layout Child[60]: text (node_type: .text)
  Layout Child[61]: div (node_type: .element)
  Layout Child[62]: text (node_type: .text)
  Layout Child[63]: text (node_type: .comment)
  Layout Child[64]: text (node_type: .text)
  Layout Child[65]: div (node_type: .element)
  Layout Child[66]: text (node_type: .text)
=== END DEBUG ===


=== Element Layout Info ===
Tag: body

Box Model:
  Margin: top=0.00, right=0.00, bottom=0.00, left=0.00
  Border: top=0.00, right=0.00, bottom=0.00, left=0.00
  Padding: top=20.00, right=20.00, bottom=20.00, left=20.00
  Content: x=0.00, y=0.00, width=1160.00, height=6466.84
  Total Size: width=1200.00, height=6506.84
  Actual Position (content box): x=0.00, y=0.00
  Position (with margin): x=0.00, y=0.00

Computed Styles:
  display: block
==========================

DEBUG: Found h1 element!

=== Element Layout Info ===
Tag: h1

Box Model:
  Margin: top=21.44, right=0.00, bottom=21.44, left=0.00
  Border: top=2.00, right=2.00, bottom=2.00, left=2.00
  Padding: top=0.00, right=0.00, bottom=0.00, left=0.00
  Content: x=20.00, y=41.44, width=1156.00, height=46.00
  Total Size: width=1160.00, height=50.00
  Actual Position (content box): x=20.00, y=41.44
  Position (with margin): x=20.00, y=20.00

Computed Styles:
  display: block
==========================

[FONT] font-size parsed: 32.0px
[FONT] font-size parsed: 32.0px
[STYLE] h1 font-size parsed: 32.0px
[STYLE] p font-size parsed: 32.0px
[STYLE] h1 font-size parsed: 32.0px
[STYLE] p font-size parsed: 32.0px
[LAYOUT] Element: html, is_root: true
  margin: top=0.0, right=0.0, bottom=0.0, left=0.0
  padding: top=0.0, right=0.0, bottom=0.0, left=0.0
  content: x=0.0, y=0.0, width=1200.0, height=0.0
  containing_block: width=1200.0, height=800.0
[LAYOUT] Root element (html) position set to (0, 0)
[LAYOUT] Element: body, is_root: false
  margin: top=0.0, right=0.0, bottom=0.0, left=0.0
  padding: top=20.0, right=20.0, bottom=20.0, left=20.0
  content: x=0.0, y=0.0, width=1160.0, height=0.0
  containing_block: width=1200.0, height=800.0
[LAYOUT] Body element position set: x=0.0, y=0.0 (margin: left=0.0, top=0.0)
[CONTAINING BLOCK] body.content.width=1160.0, child_containing_block.width=1160.0
[WIDTH DEBUG] h1: containing_block.width=1160.0, available_width=1160.0, calculated_width=1160.0
  [TEXT HEIGHT] text: "ZBrowser功能测试...", font_size=32.0, line_height=46.0, height=46.0
[LAYOUT] Child element: h1 (parent: body)
  parent.content: x=0.0, y=0.0
  parent.padding: left=20.0, top=20.0
  child.margin: left=0.0, top=21.4
  y (accumulated): 20.0
  child.content: x=20.0 (was 0.0), y=41.4 (was 0.0)
  [UPDATE Y] child: h1, content_height=50.0, margin.bottom=21.4, total_height=71.4, y after=91.4
[LAYOUT] Child element: text (parent: body)
  parent.content: x=0.0, y=0.0
  parent.padding: left=20.0, top=20.0
  child.margin: left=0.0, top=0.0
  y (accumulated): 91.4
  child.content: x=20.0 (was 0.0), y=91.4 (was 0.0)
  [UPDATE Y] child: text, content_height=0.0, margin.bottom=0.0, total_height=0.0, y after=91.4
[WIDTH DEBUG] h1: containing_block.width=1126.0, available_width=1126.0, calculated_width=1126.0
  [TEXT HEIGHT] text: "块级布局测试...", font_size=32.0, line_height=46.0, height=46.0
[LAYOUT] Child element: h1 (parent: div)
  parent.content: x=0.0, y=0.0
  parent.padding: left=15.0, top=15.0
  child.margin: left=0.0, top=16.1
  y (accumulated): 15.0
  child.content: x=15.0 (was 0.0), y=31.1 (was 0.0)
  [UPDATE Y] child: h1, content_height=62.1, margin.bottom=16.1, total_height=78.2, y after=93.2
  [TEXT HEIGHT] text: "这是一个块级�...", font_size=16.0, line_height=24.0, height=24.0
  [TEXT HEIGHT] text: "这是另一个段�...", font_size=16.0, line_height=24.0, height=24.0
  [TEXT HEIGHT] text: "嵌套的div块级�...", font_size=16.0, line_height=24.0, height=24.0
  [UPDATE Y] child: div, content_height=96.0, margin.bottom=0.0, total_height=96.0, y after=301.2
[LAYOUT] Child element: div (parent: body)
  parent.content: x=0.0, y=0.0
  parent.padding: left=20.0, top=20.0
  child.margin: left=0.0, top=0.0
  y (accumulated): 91.4
  child.content: x=20.0 (was 0.0), y=91.4 (was 0.0)
  [UPDATE Y] child: div, content_height=350.2, margin.bottom=0.0, total_height=350.2, y after=441.6
[LAYOUT] Child element: text (parent: body)
  parent.content: x=0.0, y=0.0
  parent.padding: left=20.0, top=20.0
  child.margin: left=0.0, top=0.0
  y (accumulated): 441.6
  child.content: x=20.0 (was 0.0), y=441.6 (was 0.0)
  [UPDATE Y] child: text, content_height=0.0, margin.bottom=0.0, total_height=0.0, y after=441.6
  [TEXT HEIGHT] text: "
      这是行内�...", font_size=16.0, line_height=19.2, height=19.2
  [TEXT HEIGHT] text: "行内元素不会�...", font_size=16.0, line_height=19.2, height=19.2
[LAYOUT] Child element: div (parent: body)
  parent.content: x=0.0, y=0.0
  parent.padding: left=20.0, top=20.0
  child.margin: left=0.0, top=0.0
  y (accumulated): 441.6
  child.content: x=20.0 (was 0.0), y=441.6 (was 0.0)
  [UPDATE Y] child: div, content_height=329.4, margin.bottom=0.0, total_height=329.4, y after=771.0
[LAYOUT] Child element: text (parent: body)
  parent.content: x=0.0, y=0.0
  parent.padding: left=20.0, top=20.0
  child.margin: left=0.0, top=0.0
  y (accumulated): 771.0
  child.content: x=20.0 (was 0.0), y=771.0 (was 0.0)
  [UPDATE Y] child: text, content_height=0.0, margin.bottom=0.0, total_height=0.0, y after=771.0
  [UPDATE Y] child: div, content_height=59.2, margin.bottom=5.0, total_height=64.2, y after=138.2
  [UPDATE Y] child: div, content_height=59.2, margin.bottom=5.0, total_height=64.2, y after=202.4
[LAYOUT] Child element: div (parent: body)
  parent.content: x=0.0, y=0.0
  parent.padding: left=20.0, top=20.0
  child.margin: left=0.0, top=0.0
  y (accumulated): 771.0
  child.content: x=20.0 (was 0.0), y=771.0 (was 0.0)
  [UPDATE Y] child: div, content_height=334.0, margin.bottom=0.0, total_height=334.0, y after=1105.0
[LAYOUT] Child element: text (parent: body)
  parent.content: x=0.0, y=0.0
  parent.padding: left=20.0, top=20.0
  child.margin: left=0.0, top=0.0
  y (accumulated): 1105.0
  child.content: x=20.0 (was 0.0), y=1105.0 (was 0.0)
  [UPDATE Y] child: text, content_height=0.0, margin.bottom=0.0, total_height=0.0, y after=1105.0
  [TEXT HEIGHT] text: "左浮动元素...", font_size=16.0, line_height=19.2, height=19.2
  [TEXT HEIGHT] text: "这个元素会浮�...", font_size=16.0, line_height=19.2, height=19.2
  [TEXT HEIGHT] text: "右浮动元素...", font_size=16.0, line_height=19.2, height=19.2
  [TEXT HEIGHT] text: "这个元素会浮�...", font_size=16.0, line_height=19.2, height=19.2
  [TEXT HEIGHT] text: "这是正常流中�...", font_size=16.0, line_height=19.2, height=19.2
  [UPDATE Y] child: div, content_height=59.2, margin.bottom=0.0, total_height=59.2, y after=287.8
[LAYOUT] Child element: div (parent: body)
  parent.content: x=0.0, y=0.0
  parent.padding: left=20.0, top=20.0
  child.margin: left=0.0, top=0.0
  y (accumulated): 1105.0
  child.content: x=20.0 (was 0.0), y=1105.0 (was 0.0)
  [UPDATE Y] child: div, content_height=336.8, margin.bottom=0.0, total_height=336.8, y after=1441.8
[LAYOUT] Child element: text (parent: body)
  parent.content: x=0.0, y=0.0
  parent.padding: left=20.0, top=20.0
  child.margin: left=0.0, top=0.0
  y (accumulated): 1441.8
  child.content: x=20.0 (was 0.0), y=1441.8 (was 0.0)
  [UPDATE Y] child: text, content_height=0.0, margin.bottom=0.0, total_height=0.0, y after=1441.8
  [UPDATE Y] child: div, content_height=99.2, margin.bottom=5.0, total_height=104.2, y after=119.2
  [UPDATE Y] child: div, content_height=99.2, margin.bottom=5.0, total_height=104.2, y after=223.4
  [UPDATE Y] child: div, content_height=99.2, margin.bottom=5.0, total_height=104.2, y after=327.6
  [UPDATE Y] child: div, content_height=99.2, margin.bottom=5.0, total_height=104.2, y after=431.8
  [UPDATE Y] child: div, content_height=99.2, margin.bottom=5.0, total_height=104.2, y after=536.0
  [UPDATE Y] child: div, content_height=585.0, margin.bottom=0.0, total_height=585.0, y after=697.1
  [UPDATE Y] child: div, content_height=99.2, margin.bottom=5.0, total_height=104.2, y after=119.2
  [UPDATE Y] child: div, content_height=99.2, margin.bottom=5.0, total_height=104.2, y after=223.4
  [UPDATE Y] child: div, content_height=99.2, margin.bottom=5.0, total_height=104.2, y after=327.6
  [UPDATE Y] child: div, content_height=334.0, margin.bottom=0.0, total_height=334.0, y after=1031.1
[LAYOUT] Child element: div (parent: body)
  parent.content: x=0.0, y=0.0
  parent.padding: left=20.0, top=20.0
  child.margin: left=0.0, top=0.0
  y (accumulated): 1441.8
  child.content: x=20.0 (was 0.0), y=1441.8 (was 0.0)
  [UPDATE Y] child: div, content_height=1031.1, margin.bottom=0.0, total_height=1031.1, y after=2472.8
[LAYOUT] Child element: text (parent: body)
  parent.content: x=0.0, y=0.0
  parent.padding: left=20.0, top=20.0
  child.margin: left=0.0, top=0.0
  y (accumulated): 2472.8
  child.content: x=20.0 (was 0.0), y=2472.8 (was 0.0)
  [UPDATE Y] child: text, content_height=0.0, margin.bottom=0.0, total_height=0.0, y after=2472.8
  [UPDATE Y] child: div, content_height=79.2, margin.bottom=0.0, total_height=79.2, y after=94.2
  [UPDATE Y] child: div, content_height=79.2, margin.bottom=0.0, total_height=79.2, y after=173.4
  [UPDATE Y] child: div, content_height=79.2, margin.bottom=0.0, total_height=79.2, y after=252.6
  [UPDATE Y] child: div, content_height=79.2, margin.bottom=0.0, total_height=79.2, y after=331.8
  [UPDATE Y] child: div, content_height=79.2, margin.bottom=0.0, total_height=79.2, y after=411.0
  [UPDATE Y] child: div, content_height=79.2, margin.bottom=0.0, total_height=79.2, y after=490.2
  [UPDATE Y] child: div, content_height=79.2, margin.bottom=0.0, total_height=79.2, y after=569.4
  [UPDATE Y] child: div, content_height=79.2, margin.bottom=0.0, total_height=79.2, y after=648.6
  [UPDATE Y] child: div, content_height=697.6, margin.bottom=0.0, total_height=697.6, y after=809.7
[LAYOUT] Child element: div (parent: body)
  parent.content: x=0.0, y=0.0
  parent.padding: left=20.0, top=20.0
  child.margin: left=0.0, top=0.0
  y (accumulated): 2472.8
  child.content: x=20.0 (was 0.0), y=2472.8 (was 0.0)
  [UPDATE Y] child: div, content_height=809.7, margin.bottom=0.0, total_height=809.7, y after=3282.5
[LAYOUT] Child element: text (parent: body)
  parent.content: x=0.0, y=0.0
  parent.padding: left=20.0, top=20.0
  child.margin: left=0.0, top=0.0
  y (accumulated): 3282.5
  child.content: x=20.0 (was 0.0), y=3282.5 (was 0.0)
  [UPDATE Y] child: text, content_height=0.0, margin.bottom=0.0, total_height=0.0, y after=3282.5
  [TEXT HEIGHT] text: "大号文本（32px�...", font_size=16.0, line_height=19.2, height=19.2
  [TEXT HEIGHT] text: "中等文本（20px�...", font_size=16.0, line_height=19.2, height=19.2
  [TEXT HEIGHT] text: "小号文本（12px�...", font_size=16.0, line_height=19.2, height=19.2
  [TEXT HEIGHT] text: "下划线文本...", font_size=16.0, line_height=19.2, height=19.2
  [TEXT HEIGHT] text: "删除线文本...", font_size=16.0, line_height=19.2, height=19.2
[LAYOUT] Child element: div (parent: body)
  parent.content: x=0.0, y=0.0
  parent.padding: left=20.0, top=20.0
  child.margin: left=0.0, top=0.0
  y (accumulated): 3282.5
  child.content: x=20.0 (was 0.0), y=3282.5 (was 0.0)
  [UPDATE Y] child: div, content_height=405.5, margin.bottom=0.0, total_height=405.5, y after=3688.0
[LAYOUT] Child element: text (parent: body)
  parent.content: x=0.0, y=0.0
  parent.padding: left=20.0, top=20.0
  child.margin: left=0.0, top=0.0
  y (accumulated): 3688.0
  child.content: x=20.0 (was 0.0), y=3688.0 (was 0.0)
  [UPDATE Y] child: text, content_height=0.0, margin.bottom=0.0, total_height=0.0, y after=3688.0
  [TEXT HEIGHT] text: "这是一个测试�...", font_size=16.0, line_height=25.6, height=25.6
  [TEXT HEIGHT] text: "這是一個測試�...", font_size=16.0, line_height=25.6, height=25.6
  [TEXT HEIGHT] text: "これはテスト�...", font_size=16.0, line_height=25.6, height=25.6
  [TEXT HEIGHT] text: "이것은 테스트 ...", font_size=16.0, line_height=25.6, height=25.6
  [TEXT HEIGHT] text: "This is a test page ...", font_size=16.0, line_height=25.6, height=25.6
  [TEXT HEIGHT] text: "混合文本 Mixed T...", font_size=16.0, line_height=25.6, height=25.6
[LAYOUT] Child element: div (parent: body)
  parent.content: x=0.0, y=0.0
  parent.padding: left=20.0, top=20.0
  child.margin: left=0.0, top=0.0
  y (accumulated): 3688.0
  child.content: x=20.0 (was 0.0), y=3688.0 (was 0.0)
  [UPDATE Y] child: div, content_height=610.3, margin.bottom=0.0, total_height=610.3, y after=4298.4
[LAYOUT] Child element: text (parent: body)
  parent.content: x=0.0, y=0.0
  parent.padding: left=20.0, top=20.0
  child.margin: left=0.0, top=0.0
  y (accumulated): 4298.4
  child.content: x=20.0 (was 0.0), y=4298.4 (was 0.0)
  [UPDATE Y] child: text, content_height=0.0, margin.bottom=0.0, total_height=0.0, y after=4298.4
  [TEXT HEIGHT] text: "这个区域有实�...", font_size=16.0, line_height=19.2, height=19.2
  [TEXT HEIGHT] text: "这个区域有虚�...", font_size=16.0, line_height=19.2, height=19.2
  [UPDATE Y] child: div, content_height=117.2, margin.bottom=0.0, total_height=117.2, y after=273.9
[LAYOUT] Child element: div (parent: body)
  parent.content: x=0.0, y=0.0
  parent.padding: left=20.0, top=20.0
  child.margin: left=0.0, top=0.0
  y (accumulated): 4298.4
  child.content: x=20.0 (was 0.0), y=4298.4 (was 0.0)
  [UPDATE Y] child: div, content_height=343.9, margin.bottom=0.0, total_height=343.9, y after=4642.3
[LAYOUT] Child element: text (parent: body)
  parent.content: x=0.0, y=0.0
  parent.padding: left=20.0, top=20.0
  child.margin: left=0.0, top=0.0
  y (accumulated): 4642.3
  child.content: x=20.0 (was 0.0), y=4642.3 (was 0.0)
  [UPDATE Y] child: text, content_height=0.0, margin.bottom=0.0, total_height=0.0, y after=4642.3
  [TEXT HEIGHT] text: "第一层嵌套...", font_size=16.0, line_height=19.2, height=19.2
  [TEXT HEIGHT] text: "第二层嵌套...", font_size=16.0, line_height=19.2, height=19.2
  [TEXT HEIGHT] text: "第三层嵌套...", font_size=16.0, line_height=19.2, height=19.2
  [UPDATE Y] child: div, content_height=71.2, margin.bottom=2.0, total_height=73.2, y after=132.4
  [UPDATE Y] child: div, content_height=160.4, margin.bottom=3.0, total_height=163.4, y after=224.6
  [UPDATE Y] child: div, content_height=258.6, margin.bottom=5.0, total_height=263.6, y after=364.1
[LAYOUT] Child element: div (parent: body)
  parent.content: x=0.0, y=0.0
  parent.padding: left=20.0, top=20.0
  child.margin: left=0.0, top=0.0
  y (accumulated): 4642.3
  child.content: x=20.0 (was 0.0), y=4642.3 (was 0.0)
  [UPDATE Y] child: div, content_height=413.1, margin.bottom=0.0, total_height=413.1, y after=5055.4
[LAYOUT] Child element: text (parent: body)
  parent.content: x=0.0, y=0.0
  parent.padding: left=20.0, top=20.0
  child.margin: left=0.0, top=0.0
  y (accumulated): 5055.4
  child.content: x=20.0 (was 0.0), y=5055.4 (was 0.0)
  [UPDATE Y] child: text, content_height=0.0, margin.bottom=0.0, total_height=0.0, y after=5055.4
  [TEXT HEIGHT] text: "HTML实体：<div> &...", font_size=16.0, line_height=19.2, height=19.2
  [TEXT HEIGHT] text: "Unicode字符：© �...", font_size=16.0, line_height=19.2, height=19.2
  [TEXT HEIGHT] text: "数学符号：∑ �...", font_size=16.0, line_height=19.2, height=19.2
  [TEXT HEIGHT] text: "箭头符号：← �...", font_size=16.0, line_height=19.2, height=19.2
  [TEXT HEIGHT] text: "Emoji：😀 😃 �...", font_size=16.0, line_height=19.2, height=19.2
[LAYOUT] Child element: div (parent: body)
  parent.content: x=0.0, y=0.0
  parent.padding: left=20.0, top=20.0
  child.margin: left=0.0, top=0.0
  y (accumulated): 5055.4
  child.content: x=20.0 (was 0.0), y=5055.4 (was 0.0)
  [UPDATE Y] child: div, content_height=405.5, margin.bottom=0.0, total_height=405.5, y after=5460.9
[LAYOUT] Child element: text (parent: body)
  parent.content: x=0.0, y=0.0
  parent.padding: left=20.0, top=20.0
  child.margin: left=0.0, top=0.0
  y (accumulated): 5460.9
  child.content: x=20.0 (was 0.0), y=5460.9 (was 0.0)
  [UPDATE Y] child: text, content_height=0.0, margin.bottom=0.0, total_height=0.0, y after=5460.9
  [TEXT HEIGHT] text: "包含块级和行�...", font_size=16.0, line_height=19.2, height=19.2
  [UPDATE Y] child: div, content_height=222.4, margin.bottom=0.0, total_height=222.4, y after=222.4
  [TEXT HEIGHT] text: "另一个Flex子项�...", font_size=16.0, line_height=19.2, height=19.2
  [TEXT HEIGHT] text: "嵌套的div...", font_size=16.0, line_height=19.2, height=19.2
  [UPDATE Y] child: div, content_height=91.2, margin.bottom=0.0, total_height=91.2, y after=245.4
  [UPDATE Y] child: div, content_height=294.4, margin.bottom=0.0, total_height=294.4, y after=516.8
  [UPDATE Y] child: div, content_height=516.8, margin.bottom=0.0, total_height=516.8, y after=622.3
  [TEXT HEIGHT] text: "相对定位容器...", font_size=16.0, line_height=19.2, height=19.2
  [UPDATE Y] child: div, content_height=115.2, margin.bottom=0.0, total_height=115.2, y after=737.5
[LAYOUT] Child element: div (parent: body)
  parent.content: x=0.0, y=0.0
  parent.padding: left=20.0, top=20.0
  child.margin: left=0.0, top=0.0
  y (accumulated): 5460.9
  child.content: x=20.0 (was 0.0), y=5460.9 (was 0.0)
  [UPDATE Y] child: div, content_height=803.5, margin.bottom=0.0, total_height=803.5, y after=6264.4
[LAYOUT] Child element: text (parent: body)
  parent.content: x=0.0, y=0.0
  parent.padding: left=20.0, top=20.0
  child.margin: left=0.0, top=0.0
  y (accumulated): 6264.4
  child.content: x=20.0 (was 0.0), y=6264.4 (was 0.0)
  [UPDATE Y] child: text, content_height=0.0, margin.bottom=0.0, total_height=0.0, y after=6264.4
  [TEXT HEIGHT] text: "ZBrowser功能测试...", font_size=16.0, line_height=19.2, height=19.2
  [TEXT HEIGHT] text: "包含：块级布�...", font_size=16.0, line_height=19.2, height=19.2
[LAYOUT] Child element: div (parent: body)
  parent.content: x=0.0, y=0.0
  parent.padding: left=20.0, top=20.0
  child.margin: left=0.0, top=30.0
  y (accumulated): 6264.4
  child.content: x=20.0 (was 0.0), y=6294.4 (was 0.0)
  [UPDATE Y] child: div, content_height=182.4, margin.bottom=0.0, total_height=182.4, y after=6446.8
[LAYOUT] Child element: body (parent: html)
  parent.content: x=0.0, y=0.0
  parent.padding: left=0.0, top=0.0
  child.margin: left=0.0, top=0.0
  y (accumulated): 0.0
  child.content: x=0.0 (was 0.0), y=0.0 (was 0.0)
  [UPDATE Y] child: body, content_height=6506.8, margin.bottom=0.0, total_height=6506.8, y after=6506.8
[LAYOUT] Element: body, is_root: false
  margin: top=0.0, right=0.0, bottom=0.0, left=0.0
  padding: top=20.0, right=20.0, bottom=20.0, left=20.0
  content: x=0.0, y=0.0, width=1160.0, height=6466.8
  containing_block: width=1200.0, height=6506.8
[LAYOUT] Body element position set: x=0.0, y=0.0 (margin: left=0.0, top=0.0)
[CONTAINING BLOCK] body.content.width=1160.0, child_containing_block.width=1160.0
[WIDTH DEBUG] h1: containing_block.width=1160.0, available_width=1160.0, calculated_width=1156.0
[LAYOUT] Child element: h1 (parent: body)
  parent.content: x=0.0, y=0.0
  parent.padding: left=20.0, top=20.0
  child.margin: left=0.0, top=21.4
  y (accumulated): 20.0
  child.content: x=20.0 (was 20.0), y=41.4 (was 41.4)
  [UPDATE Y] child: h1, content_height=50.0, margin.bottom=21.4, total_height=71.4, y after=91.4
[LAYOUT] Child element: text (parent: body)
  parent.content: x=0.0, y=0.0
  parent.padding: left=20.0, top=20.0
  child.margin: left=0.0, top=0.0
  y (accumulated): 91.4
  child.content: x=20.0 (was 20.0), y=91.4 (was 91.4)
  [UPDATE Y] child: text, content_height=0.0, margin.bottom=0.0, total_height=0.0, y after=91.4
[WIDTH DEBUG] h1: containing_block.width=1126.0, available_width=1126.0, calculated_width=1126.0
[LAYOUT] Child element: h1 (parent: div)
  parent.content: x=20.0, y=91.4
  parent.padding: left=15.0, top=15.0
  child.margin: left=0.0, top=16.1
  y (accumulated): 15.0
  child.content: x=15.0 (was 15.0), y=122.5 (was 31.1)
  [UPDATE Y] child: h1, content_height=62.1, margin.bottom=16.1, total_height=78.2, y after=93.2
  [UPDATE Y] child: div, content_height=96.0, margin.bottom=0.0, total_height=96.0, y after=301.2
[LAYOUT] Child element: div (parent: body)
  parent.content: x=0.0, y=0.0
  parent.padding: left=20.0, top=20.0
  child.margin: left=0.0, top=0.0
  y (accumulated): 91.4
  child.content: x=20.0 (was 20.0), y=91.4 (was 91.4)
  [UPDATE Y] child: div, content_height=350.2, margin.bottom=0.0, total_height=350.2, y after=441.6
[LAYOUT] Child element: text (parent: body)
  parent.content: x=0.0, y=0.0
  parent.padding: left=20.0, top=20.0
  child.margin: left=0.0, top=0.0
  y (accumulated): 441.6
  child.content: x=20.0 (was 20.0), y=441.6 (was 441.6)
  [UPDATE Y] child: text, content_height=0.0, margin.bottom=0.0, total_height=0.0, y after=441.6
[LAYOUT] Child element: div (parent: body)
  parent.content: x=0.0, y=0.0
  parent.padding: left=20.0, top=20.0
  child.margin: left=0.0, top=0.0
  y (accumulated): 441.6
  child.content: x=20.0 (was 20.0), y=441.6 (was 441.6)
  [UPDATE Y] child: div, content_height=329.4, margin.bottom=0.0, total_height=329.4, y after=771.0
[LAYOUT] Child element: text (parent: body)
  parent.content: x=0.0, y=0.0
  parent.padding: left=20.0, top=20.0
  child.margin: left=0.0, top=0.0
  y (accumulated): 771.0
  child.content: x=20.0 (was 20.0), y=771.0 (was 771.0)
  [UPDATE Y] child: text, content_height=0.0, margin.bottom=0.0, total_height=0.0, y after=771.0
  [UPDATE Y] child: div, content_height=59.2, margin.bottom=5.0, total_height=64.2, y after=138.2
  [UPDATE Y] child: div, content_height=59.2, margin.bottom=5.0, total_height=64.2, y after=202.4
[LAYOUT] Child element: div (parent: body)
  parent.content: x=0.0, y=0.0
  parent.padding: left=20.0, top=20.0
  child.margin: left=0.0, top=0.0
  y (accumulated): 771.0
  child.content: x=20.0 (was 20.0), y=771.0 (was 771.0)
  [UPDATE Y] child: div, content_height=334.0, margin.bottom=0.0, total_height=334.0, y after=1105.0
[LAYOUT] Child element: text (parent: body)
  parent.content: x=0.0, y=0.0
  parent.padding: left=20.0, top=20.0
  child.margin: left=0.0, top=0.0
  y (accumulated): 1105.0
  child.content: x=20.0 (was 20.0), y=1105.0 (was 1105.0)
  [UPDATE Y] child: text, content_height=0.0, margin.bottom=0.0, total_height=0.0, y after=1105.0
  [UPDATE Y] child: div, content_height=59.2, margin.bottom=0.0, total_height=59.2, y after=287.8
[LAYOUT] Child element: div (parent: body)
  parent.content: x=0.0, y=0.0
  parent.padding: left=20.0, top=20.0
  child.margin: left=0.0, top=0.0
  y (accumulated): 1105.0
  child.content: x=20.0 (was 20.0), y=1105.0 (was 1105.0)
  [UPDATE Y] child: div, content_height=336.8, margin.bottom=0.0, total_height=336.8, y after=1441.8
[LAYOUT] Child element: text (parent: body)
  parent.content: x=0.0, y=0.0
  parent.padding: left=20.0, top=20.0
  child.margin: left=0.0, top=0.0
  y (accumulated): 1441.8
  child.content: x=20.0 (was 20.0), y=1441.8 (was 1441.8)
  [UPDATE Y] child: text, content_height=0.0, margin.bottom=0.0, total_height=0.0, y after=1441.8
  [UPDATE Y] child: div, content_height=99.2, margin.bottom=5.0, total_height=104.2, y after=119.2
  [UPDATE Y] child: div, content_height=99.2, margin.bottom=5.0, total_height=104.2, y after=223.4
  [UPDATE Y] child: div, content_height=99.2, margin.bottom=5.0, total_height=104.2, y after=327.6
  [UPDATE Y] child: div, content_height=99.2, margin.bottom=5.0, total_height=104.2, y after=431.8
  [UPDATE Y] child: div, content_height=99.2, margin.bottom=5.0, total_height=104.2, y after=536.0
  [UPDATE Y] child: div, content_height=585.0, margin.bottom=0.0, total_height=585.0, y after=697.1
  [UPDATE Y] child: div, content_height=99.2, margin.bottom=5.0, total_height=104.2, y after=119.2
  [UPDATE Y] child: div, content_height=99.2, margin.bottom=5.0, total_height=104.2, y after=223.4
  [UPDATE Y] child: div, content_height=99.2, margin.bottom=5.0, total_height=104.2, y after=327.6
  [UPDATE Y] child: div, content_height=334.0, margin.bottom=0.0, total_height=334.0, y after=1031.1
[LAYOUT] Child element: div (parent: body)
  parent.content: x=0.0, y=0.0
  parent.padding: left=20.0, top=20.0
  child.margin: left=0.0, top=0.0
  y (accumulated): 1441.8
  child.content: x=20.0 (was 20.0), y=1441.8 (was 1441.8)
  [UPDATE Y] child: div, content_height=1031.1, margin.bottom=0.0, total_height=1031.1, y after=2472.8
[LAYOUT] Child element: text (parent: body)
  parent.content: x=0.0, y=0.0
  parent.padding: left=20.0, top=20.0
  child.margin: left=0.0, top=0.0
  y (accumulated): 2472.8
  child.content: x=20.0 (was 20.0), y=2472.8 (was 2472.8)
  [UPDATE Y] child: text, content_height=0.0, margin.bottom=0.0, total_height=0.0, y after=2472.8
  [UPDATE Y] child: div, content_height=79.2, margin.bottom=0.0, total_height=79.2, y after=94.2
  [UPDATE Y] child: div, content_height=79.2, margin.bottom=0.0, total_height=79.2, y after=173.4
  [UPDATE Y] child: div, content_height=79.2, margin.bottom=0.0, total_height=79.2, y after=252.6
  [UPDATE Y] child: div, content_height=79.2, margin.bottom=0.0, total_height=79.2, y after=331.8
  [UPDATE Y] child: div, content_height=79.2, margin.bottom=0.0, total_height=79.2, y after=411.0
  [UPDATE Y] child: div, content_height=79.2, margin.bottom=0.0, total_height=79.2, y after=490.2
  [UPDATE Y] child: div, content_height=79.2, margin.bottom=0.0, total_height=79.2, y after=569.4
  [UPDATE Y] child: div, content_height=79.2, margin.bottom=0.0, total_height=79.2, y after=648.6
  [UPDATE Y] child: div, content_height=697.6, margin.bottom=0.0, total_height=697.6, y after=809.7
[LAYOUT] Child element: div (parent: body)
  parent.content: x=0.0, y=0.0
  parent.padding: left=20.0, top=20.0
  child.margin: left=0.0, top=0.0
  y (accumulated): 2472.8
  child.content: x=20.0 (was 20.0), y=2472.8 (was 2472.8)
  [UPDATE Y] child: div, content_height=809.7, margin.bottom=0.0, total_height=809.7, y after=3282.5
[LAYOUT] Child element: text (parent: body)
  parent.content: x=0.0, y=0.0
  parent.padding: left=20.0, top=20.0
  child.margin: left=0.0, top=0.0
  y (accumulated): 3282.5
  child.content: x=20.0 (was 20.0), y=3282.5 (was 3282.5)
  [UPDATE Y] child: text, content_height=0.0, margin.bottom=0.0, total_height=0.0, y after=3282.5
[LAYOUT] Child element: div (parent: body)
  parent.content: x=0.0, y=0.0
  parent.padding: left=20.0, top=20.0
  child.margin: left=0.0, top=0.0
  y (accumulated): 3282.5
  child.content: x=20.0 (was 20.0), y=3282.5 (was 3282.5)
  [UPDATE Y] child: div, content_height=405.5, margin.bottom=0.0, total_height=405.5, y after=3688.0
[LAYOUT] Child element: text (parent: body)
  parent.content: x=0.0, y=0.0
  parent.padding: left=20.0, top=20.0
  child.margin: left=0.0, top=0.0
  y (accumulated): 3688.0
  child.content: x=20.0 (was 20.0), y=3688.0 (was 3688.0)
  [UPDATE Y] child: text, content_height=0.0, margin.bottom=0.0, total_height=0.0, y after=3688.0
[LAYOUT] Child element: div (parent: body)
  parent.content: x=0.0, y=0.0
  parent.padding: left=20.0, top=20.0
  child.margin: left=0.0, top=0.0
  y (accumulated): 3688.0
  child.content: x=20.0 (was 20.0), y=3688.0 (was 3688.0)
  [UPDATE Y] child: div, content_height=610.3, margin.bottom=0.0, total_height=610.3, y after=4298.4
[LAYOUT] Child element: text (parent: body)
  parent.content: x=0.0, y=0.0
  parent.padding: left=20.0, top=20.0
  child.margin: left=0.0, top=0.0
  y (accumulated): 4298.4
  child.content: x=20.0 (was 20.0), y=4298.4 (was 4298.4)
  [UPDATE Y] child: text, content_height=0.0, margin.bottom=0.0, total_height=0.0, y after=4298.4
  [UPDATE Y] child: div, content_height=117.2, margin.bottom=0.0, total_height=117.2, y after=273.9
[LAYOUT] Child element: div (parent: body)
  parent.content: x=0.0, y=0.0
  parent.padding: left=20.0, top=20.0
  child.margin: left=0.0, top=0.0
  y (accumulated): 4298.4
  child.content: x=20.0 (was 20.0), y=4298.4 (was 4298.4)
  [UPDATE Y] child: div, content_height=343.9, margin.bottom=0.0, total_height=343.9, y after=4642.3
[LAYOUT] Child element: text (parent: body)
  parent.content: x=0.0, y=0.0
  parent.padding: left=20.0, top=20.0
  child.margin: left=0.0, top=0.0
  y (accumulated): 4642.3
  child.content: x=20.0 (was 20.0), y=4642.3 (was 4642.3)
  [UPDATE Y] child: text, content_height=0.0, margin.bottom=0.0, total_height=0.0, y after=4642.3
  [UPDATE Y] child: div, content_height=71.2, margin.bottom=2.0, total_height=73.2, y after=132.4
  [UPDATE Y] child: div, content_height=160.4, margin.bottom=3.0, total_height=163.4, y after=224.6
  [UPDATE Y] child: div, content_height=258.6, margin.bottom=5.0, total_height=263.6, y after=364.1
[LAYOUT] Child element: div (parent: body)
  parent.content: x=0.0, y=0.0
  parent.padding: left=20.0, top=20.0
  child.margin: left=0.0, top=0.0
  y (accumulated): 4642.3
  child.content: x=20.0 (was 20.0), y=4642.3 (was 4642.3)
  [UPDATE Y] child: div, content_height=413.1, margin.bottom=0.0, total_height=413.1, y after=5055.4
[LAYOUT] Child element: text (parent: body)
  parent.content: x=0.0, y=0.0
  parent.padding: left=20.0, top=20.0
  child.margin: left=0.0, top=0.0
  y (accumulated): 5055.4
  child.content: x=20.0 (was 20.0), y=5055.4 (was 5055.4)
  [UPDATE Y] child: text, content_height=0.0, margin.bottom=0.0, total_height=0.0, y after=5055.4
[LAYOUT] Child element: div (parent: body)
  parent.content: x=0.0, y=0.0
  parent.padding: left=20.0, top=20.0
  child.margin: left=0.0, top=0.0
  y (accumulated): 5055.4
  child.content: x=20.0 (was 20.0), y=5055.4 (was 5055.4)
  [UPDATE Y] child: div, content_height=405.5, margin.bottom=0.0, total_height=405.5, y after=5460.9
[LAYOUT] Child element: text (parent: body)
  parent.content: x=0.0, y=0.0
  parent.padding: left=20.0, top=20.0
  child.margin: left=0.0, top=0.0
  y (accumulated): 5460.9
  child.content: x=20.0 (was 20.0), y=5460.9 (was 5460.9)
  [UPDATE Y] child: text, content_height=0.0, margin.bottom=0.0, total_height=0.0, y after=5460.9
  [UPDATE Y] child: div, content_height=222.4, margin.bottom=0.0, total_height=222.4, y after=222.4
  [UPDATE Y] child: div, content_height=91.2, margin.bottom=0.0, total_height=91.2, y after=245.4
  [UPDATE Y] child: div, content_height=294.4, margin.bottom=0.0, total_height=294.4, y after=516.8
  [UPDATE Y] child: div, content_height=516.8, margin.bottom=0.0, total_height=516.8, y after=622.3
  [UPDATE Y] child: div, content_height=115.2, margin.bottom=0.0, total_height=115.2, y after=737.5
[LAYOUT] Child element: div (parent: body)
  parent.content: x=0.0, y=0.0
  parent.padding: left=20.0, top=20.0
  child.margin: left=0.0, top=0.0
  y (accumulated): 5460.9
  child.content: x=20.0 (was 20.0), y=5460.9 (was 5460.9)
  [UPDATE Y] child: div, content_height=803.5, margin.bottom=0.0, total_height=803.5, y after=6264.4
[LAYOUT] Child element: text (parent: body)
  parent.content: x=0.0, y=0.0
  parent.padding: left=20.0, top=20.0
  child.margin: left=0.0, top=0.0
  y (accumulated): 6264.4
  child.content: x=20.0 (was 20.0), y=6264.4 (was 6264.4)
  [UPDATE Y] child: text, content_height=0.0, margin.bottom=0.0, total_height=0.0, y after=6264.4
[LAYOUT] Child element: div (parent: body)
  parent.content: x=0.0, y=0.0
  parent.padding: left=20.0, top=20.0
  child.margin: left=0.0, top=30.0
  y (accumulated): 6264.4
  child.content: x=20.0 (was 20.0), y=6294.4 (was 6294.4)
  [UPDATE Y] child: div, content_height=182.4, margin.bottom=0.0, total_height=182.4, y after=6446.8
[WIDTH DEBUG] h1: containing_block.width=1160.0, available_width=1160.0, calculated_width=1156.0
[WIDTH DEBUG] h1: containing_block.width=1126.0, available_width=1126.0, calculated_width=1126.0
[LAYOUT] Child element: h1 (parent: div)
  parent.content: x=20.0, y=91.4
  parent.padding: left=15.0, top=15.0
  child.margin: left=0.0, top=16.1
  y (accumulated): 15.0
  child.content: x=15.0 (was 15.0), y=122.5 (was 122.5)
  [UPDATE Y] child: h1, content_height=62.1, margin.bottom=16.1, total_height=78.2, y after=93.2
  [UPDATE Y] child: div, content_height=96.0, margin.bottom=0.0, total_height=96.0, y after=301.2
[WIDTH DEBUG] h1: containing_block.width=1126.0, available_width=1126.0, calculated_width=1126.0
  [UPDATE Y] child: div, content_height=59.2, margin.bottom=5.0, total_height=64.2, y after=138.2
  [UPDATE Y] child: div, content_height=59.2, margin.bottom=5.0, total_height=64.2, y after=202.4
  [UPDATE Y] child: div, content_height=59.2, margin.bottom=0.0, total_height=59.2, y after=287.8
  [UPDATE Y] child: div, content_height=99.2, margin.bottom=5.0, total_height=104.2, y after=119.2
  [UPDATE Y] child: div, content_height=99.2, margin.bottom=5.0, total_height=104.2, y after=223.4
  [UPDATE Y] child: div, content_height=99.2, margin.bottom=5.0, total_height=104.2, y after=327.6
  [UPDATE Y] child: div, content_height=99.2, margin.bottom=5.0, total_height=104.2, y after=431.8
  [UPDATE Y] child: div, content_height=99.2, margin.bottom=5.0, total_height=104.2, y after=536.0
  [UPDATE Y] child: div, content_height=585.0, margin.bottom=0.0, total_height=585.0, y after=697.1
  [UPDATE Y] child: div, content_height=99.2, margin.bottom=5.0, total_height=104.2, y after=119.2
  [UPDATE Y] child: div, content_height=99.2, margin.bottom=5.0, total_height=104.2, y after=223.4
  [UPDATE Y] child: div, content_height=99.2, margin.bottom=5.0, total_height=104.2, y after=327.6
  [UPDATE Y] child: div, content_height=334.0, margin.bottom=0.0, total_height=334.0, y after=1031.1
  [UPDATE Y] child: div, content_height=79.2, margin.bottom=0.0, total_height=79.2, y after=94.2
  [UPDATE Y] child: div, content_height=79.2, margin.bottom=0.0, total_height=79.2, y after=173.4
  [UPDATE Y] child: div, content_height=79.2, margin.bottom=0.0, total_height=79.2, y after=252.6
  [UPDATE Y] child: div, content_height=79.2, margin.bottom=0.0, total_height=79.2, y after=331.8
  [UPDATE Y] child: div, content_height=79.2, margin.bottom=0.0, total_height=79.2, y after=411.0
  [UPDATE Y] child: div, content_height=79.2, margin.bottom=0.0, total_height=79.2, y after=490.2
  [UPDATE Y] child: div, content_height=79.2, margin.bottom=0.0, total_height=79.2, y after=569.4
  [UPDATE Y] child: div, content_height=79.2, margin.bottom=0.0, total_height=79.2, y after=648.6
  [UPDATE Y] child: div, content_height=697.6, margin.bottom=0.0, total_height=697.6, y after=809.7
  [UPDATE Y] child: div, content_height=117.2, margin.bottom=0.0, total_height=117.2, y after=273.9
  [UPDATE Y] child: div, content_height=71.2, margin.bottom=2.0, total_height=73.2, y after=132.4
  [UPDATE Y] child: div, content_height=160.4, margin.bottom=3.0, total_height=163.4, y after=224.6
  [UPDATE Y] child: div, content_height=258.6, margin.bottom=5.0, total_height=263.6, y after=364.1
  [UPDATE Y] child: div, content_height=71.2, margin.bottom=2.0, total_height=73.2, y after=132.4
  [UPDATE Y] child: div, content_height=160.4, margin.bottom=3.0, total_height=163.4, y after=224.6
  [UPDATE Y] child: div, content_height=71.2, margin.bottom=2.0, total_height=73.2, y after=132.4
  [UPDATE Y] child: div, content_height=222.4, margin.bottom=0.0, total_height=222.4, y after=222.4
  [UPDATE Y] child: div, content_height=91.2, margin.bottom=0.0, total_height=91.2, y after=245.4
  [UPDATE Y] child: div, content_height=294.4, margin.bottom=0.0, total_height=294.4, y after=516.8
  [UPDATE Y] child: div, content_height=516.8, margin.bottom=0.0, total_height=516.8, y after=622.3
  [UPDATE Y] child: div, content_height=115.2, margin.bottom=0.0, total_height=115.2, y after=737.5

=== Element Layout Info ===
Tag: html

Box Model:
  Margin: top=0.00, right=0.00, bottom=0.00, left=0.00
  Border: top=0.00, right=0.00, bottom=0.00, left=0.00
  Padding: top=0.00, right=0.00, bottom=0.00, left=0.00
  Content: x=0.00, y=0.00, width=1200.00, height=6506.84
  Total Size: width=1200.00, height=6506.84
  Actual Position (content box): x=0.00, y=0.00
  Position (with margin): x=0.00, y=0.00

Computed Styles:
  display: block
==========================


=== DEBUG: Body children before printElementLayoutInfo ===
Body children count: 67
Body DOM node children:
  DOM Child[0]: text (node_type: .text)
  DOM Child[1]: text (node_type: .text)
  DOM Child[2]: text (node_type: .text)
  DOM Child[3]: meta (node_type: .element)
  DOM Child[4]: text (node_type: .text)
  DOM Child[5]: meta (node_type: .element)
  DOM Child[6]: text (node_type: .text)
  DOM Child[7]: title (node_type: .element)
  DOM Child[8]: text (node_type: .text)
  DOM Child[9]: style (node_type: .element)
  DOM Child[10]: text (node_type: .text)
  DOM Child[11]: text (node_type: .text)
  DOM Child[12]: text (node_type: .text)
  DOM Child[13]: h1 (node_type: .element)
  DOM Child[14]: text (node_type: .text)
  DOM Child[15]: unknown (node_type: .comment)
  DOM Child[16]: text (node_type: .text)
  DOM Child[17]: div (node_type: .element)
  DOM Child[18]: text (node_type: .text)
  DOM Child[19]: unknown (node_type: .comment)
  DOM Child[20]: text (node_type: .text)
  DOM Child[21]: div (node_type: .element)
  DOM Child[22]: text (node_type: .text)
  DOM Child[23]: unknown (node_type: .comment)
  DOM Child[24]: text (node_type: .text)
  DOM Child[25]: div (node_type: .element)
  DOM Child[26]: text (node_type: .text)
  DOM Child[27]: unknown (node_type: .comment)
  DOM Child[28]: text (node_type: .text)
  DOM Child[29]: div (node_type: .element)
  DOM Child[30]: text (node_type: .text)
  DOM Child[31]: unknown (node_type: .comment)
  DOM Child[32]: text (node_type: .text)
  DOM Child[33]: div (node_type: .element)
  DOM Child[34]: text (node_type: .text)
  DOM Child[35]: unknown (node_type: .comment)
  DOM Child[36]: text (node_type: .text)
  DOM Child[37]: div (node_type: .element)
  DOM Child[38]: text (node_type: .text)
  DOM Child[39]: unknown (node_type: .comment)
  DOM Child[40]: text (node_type: .text)
  DOM Child[41]: div (node_type: .element)
  DOM Child[42]: text (node_type: .text)
  DOM Child[43]: unknown (node_type: .comment)
  DOM Child[44]: text (node_type: .text)
  DOM Child[45]: div (node_type: .element)
  DOM Child[46]: text (node_type: .text)
  DOM Child[47]: unknown (node_type: .comment)
  DOM Child[48]: text (node_type: .text)
  DOM Child[49]: div (node_type: .element)
  DOM Child[50]: text (node_type: .text)
  DOM Child[51]: unknown (node_type: .comment)
  DOM Child[52]: text (node_type: .text)
  DOM Child[53]: div (node_type: .element)
  DOM Child[54]: text (node_type: .text)
  DOM Child[55]: unknown (node_type: .comment)
  DOM Child[56]: text (node_type: .text)
  DOM Child[57]: div (node_type: .element)
  DOM Child[58]: text (node_type: .text)
  DOM Child[59]: unknown (node_type: .comment)
  DOM Child[60]: text (node_type: .text)
  DOM Child[61]: div (node_type: .element)
  DOM Child[62]: text (node_type: .text)
  DOM Child[63]: unknown (node_type: .comment)
  DOM Child[64]: text (node_type: .text)
  DOM Child[65]: div (node_type: .element)
  DOM Child[66]: text (node_type: .text)
  Layout Child[0]: text (node_type: .text)
  Layout Child[1]: text (node_type: .text)
  Layout Child[2]: text (node_type: .text)
  Layout Child[3]: meta (node_type: .element)
  Layout Child[4]: text (node_type: .text)
  Layout Child[5]: meta (node_type: .element)
  Layout Child[6]: text (node_type: .text)
  Layout Child[7]: title (node_type: .element)
  Layout Child[8]: text (node_type: .text)
  Layout Child[9]: style (node_type: .element)
  Layout Child[10]: text (node_type: .text)
  Layout Child[11]: text (node_type: .text)
  Layout Child[12]: text (node_type: .text)
  Layout Child[13]: h1 (node_type: .element)
  Layout Child[14]: text (node_type: .text)
  Layout Child[15]: text (node_type: .comment)
  Layout Child[16]: text (node_type: .text)
  Layout Child[17]: div (node_type: .element)
  Layout Child[18]: text (node_type: .text)
  Layout Child[19]: text (node_type: .comment)
  Layout Child[20]: text (node_type: .text)
  Layout Child[21]: div (node_type: .element)
  Layout Child[22]: text (node_type: .text)
  Layout Child[23]: text (node_type: .comment)
  Layout Child[24]: text (node_type: .text)
  Layout Child[25]: div (node_type: .element)
  Layout Child[26]: text (node_type: .text)
  Layout Child[27]: text (node_type: .comment)
  Layout Child[28]: text (node_type: .text)
  Layout Child[29]: div (node_type: .element)
  Layout Child[30]: text (node_type: .text)
  Layout Child[31]: text (node_type: .comment)
  Layout Child[32]: text (node_type: .text)
  Layout Child[33]: div (node_type: .element)
  Layout Child[34]: text (node_type: .text)
  Layout Child[35]: text (node_type: .comment)
  Layout Child[36]: text (node_type: .text)
  Layout Child[37]: div (node_type: .element)
  Layout Child[38]: text (node_type: .text)
  Layout Child[39]: text (node_type: .comment)
  Layout Child[40]: text (node_type: .text)
  Layout Child[41]: div (node_type: .element)
  Layout Child[42]: text (node_type: .text)
  Layout Child[43]: text (node_type: .comment)
  Layout Child[44]: text (node_type: .text)
  Layout Child[45]: div (node_type: .element)
  Layout Child[46]: text (node_type: .text)
  Layout Child[47]: text (node_type: .comment)
  Layout Child[48]: text (node_type: .text)
  Layout Child[49]: div (node_type: .element)
  Layout Child[50]: text (node_type: .text)
  Layout Child[51]: text (node_type: .comment)
  Layout Child[52]: text (node_type: .text)
  Layout Child[53]: div (node_type: .element)
  Layout Child[54]: text (node_type: .text)
  Layout Child[55]: text (node_type: .comment)
  Layout Child[56]: text (node_type: .text)
  Layout Child[57]: div (node_type: .element)
  Layout Child[58]: text (node_type: .text)
  Layout Child[59]: text (node_type: .comment)
  Layout Child[60]: text (node_type: .text)
  Layout Child[61]: div (node_type: .element)
  Layout Child[62]: text (node_type: .text)
  Layout Child[63]: text (node_type: .comment)
  Layout Child[64]: text (node_type: .text)
  Layout Child[65]: div (node_type: .element)
  Layout Child[66]: text (node_type: .text)
=== END DEBUG ===


=== Element Layout Info ===
Tag: body

Box Model:
  Margin: top=0.00, right=0.00, bottom=0.00, left=0.00
  Border: top=0.00, right=0.00, bottom=0.00, left=0.00
  Padding: top=20.00, right=20.00, bottom=20.00, left=20.00
  Content: x=0.00, y=0.00, width=1160.00, height=6466.84
  Total Size: width=1200.00, height=6506.84
  Actual Position (content box): x=0.00, y=0.00
  Position (with margin): x=0.00, y=0.00

Computed Styles:
  display: block
==========================

DEBUG: Found h1 element!

=== Element Layout Info ===
Tag: h1

Box Model:
  Margin: top=21.44, right=0.00, bottom=21.44, left=0.00
  Border: top=2.00, right=2.00, bottom=2.00, left=2.00
  Padding: top=0.00, right=0.00, bottom=0.00, left=0.00
  Content: x=20.00, y=41.44, width=1156.00, height=46.00
  Total Size: width=1160.00, height=50.00
  Actual Position (content box): x=20.00, y=41.44
  Position (with margin): x=20.00, y=20.00

Computed Styles:
  display: block
==========================

[FONT] font-size parsed: 32.0px
[FONT] font-size parsed: 32.0px
[STYLE] h1 font-size parsed: 32.0px
[STYLE] p font-size parsed: 32.0px
[STYLE] h1 font-size parsed: 32.0px
[STYLE] p font-size parsed: 32.0px
[LAYOUT] Element: html, is_root: true
  margin: top=0.0, right=0.0, bottom=0.0, left=0.0
  padding: top=0.0, right=0.0, bottom=0.0, left=0.0
  content: x=0.0, y=0.0, width=1200.0, height=0.0
  containing_block: width=1200.0, height=800.0
[LAYOUT] Root element (html) position set to (0, 0)
[LAYOUT] Element: body, is_root: false
  margin: top=0.0, right=0.0, bottom=0.0, left=0.0
  padding: top=20.0, right=20.0, bottom=20.0, left=20.0
  content: x=0.0, y=0.0, width=1160.0, height=0.0
  containing_block: width=1200.0, height=800.0
[LAYOUT] Body element position set: x=0.0, y=0.0 (margin: left=0.0, top=0.0)
[CONTAINING BLOCK] body.content.width=1160.0, child_containing_block.width=1160.0
[WIDTH DEBUG] h1: containing_block.width=1160.0, available_width=1160.0, calculated_width=1160.0
  [TEXT HEIGHT] text: "ZBrowser功能测试...", font_size=32.0, line_height=46.0, height=46.0
[LAYOUT] Child element: h1 (parent: body)
  parent.content: x=0.0, y=0.0
  parent.padding: left=20.0, top=20.0
  child.margin: left=0.0, top=21.4
  y (accumulated): 20.0
  child.content: x=20.0 (was 0.0), y=41.4 (was 0.0)
  [UPDATE Y] child: h1, content_height=50.0, margin.bottom=21.4, total_height=71.4, y after=91.4
[LAYOUT] Child element: text (parent: body)
  parent.content: x=0.0, y=0.0
  parent.padding: left=20.0, top=20.0
  child.margin: left=0.0, top=0.0
  y (accumulated): 91.4
  child.content: x=20.0 (was 0.0), y=91.4 (was 0.0)
  [UPDATE Y] child: text, content_height=0.0, margin.bottom=0.0, total_height=0.0, y after=91.4
[WIDTH DEBUG] h1: containing_block.width=1126.0, available_width=1126.0, calculated_width=1126.0
  [TEXT HEIGHT] text: "块级布局测试...", font_size=32.0, line_height=46.0, height=46.0
[LAYOUT] Child element: h1 (parent: div)
  parent.content: x=0.0, y=0.0
  parent.padding: left=15.0, top=15.0
  child.margin: left=0.0, top=16.1
  y (accumulated): 15.0
  child.content: x=15.0 (was 0.0), y=31.1 (was 0.0)
  [UPDATE Y] child: h1, content_height=62.1, margin.bottom=16.1, total_height=78.2, y after=93.2
  [TEXT HEIGHT] text: "这是一个块级�...", font_size=16.0, line_height=24.0, height=24.0
  [TEXT HEIGHT] text: "这是另一个段�...", font_size=16.0, line_height=24.0, height=24.0
  [TEXT HEIGHT] text: "嵌套的div块级�...", font_size=16.0, line_height=24.0, height=24.0
  [UPDATE Y] child: div, content_height=96.0, margin.bottom=0.0, total_height=96.0, y after=301.2
[LAYOUT] Child element: div (parent: body)
  parent.content: x=0.0, y=0.0
  parent.padding: left=20.0, top=20.0
  child.margin: left=0.0, top=0.0
  y (accumulated): 91.4
  child.content: x=20.0 (was 0.0), y=91.4 (was 0.0)
  [UPDATE Y] child: div, content_height=350.2, margin.bottom=0.0, total_height=350.2, y after=441.6
[LAYOUT] Child element: text (parent: body)
  parent.content: x=0.0, y=0.0
  parent.padding: left=20.0, top=20.0
  child.margin: left=0.0, top=0.0
  y (accumulated): 441.6
  child.content: x=20.0 (was 0.0), y=441.6 (was 0.0)
  [UPDATE Y] child: text, content_height=0.0, margin.bottom=0.0, total_height=0.0, y after=441.6
  [TEXT HEIGHT] text: "
      这是行内�...", font_size=16.0, line_height=19.2, height=19.2
  [TEXT HEIGHT] text: "行内元素不会�...", font_size=16.0, line_height=19.2, height=19.2
[LAYOUT] Child element: div (parent: body)
  parent.content: x=0.0, y=0.0
  parent.padding: left=20.0, top=20.0
  child.margin: left=0.0, top=0.0
  y (accumulated): 441.6
  child.content: x=20.0 (was 0.0), y=441.6 (was 0.0)
  [UPDATE Y] child: div, content_height=329.4, margin.bottom=0.0, total_height=329.4, y after=771.0
[LAYOUT] Child element: text (parent: body)
  parent.content: x=0.0, y=0.0
  parent.padding: left=20.0, top=20.0
  child.margin: left=0.0, top=0.0
  y (accumulated): 771.0
  child.content: x=20.0 (was 0.0), y=771.0 (was 0.0)
  [UPDATE Y] child: text, content_height=0.0, margin.bottom=0.0, total_height=0.0, y after=771.0
  [UPDATE Y] child: div, content_height=59.2, margin.bottom=5.0, total_height=64.2, y after=138.2
  [UPDATE Y] child: div, content_height=59.2, margin.bottom=5.0, total_height=64.2, y after=202.4
[LAYOUT] Child element: div (parent: body)
  parent.content: x=0.0, y=0.0
  parent.padding: left=20.0, top=20.0
  child.margin: left=0.0, top=0.0
  y (accumulated): 771.0
  child.content: x=20.0 (was 0.0), y=771.0 (was 0.0)
  [UPDATE Y] child: div, content_height=334.0, margin.bottom=0.0, total_height=334.0, y after=1105.0
[LAYOUT] Child element: text (parent: body)
  parent.content: x=0.0, y=0.0
  parent.padding: left=20.0, top=20.0
  child.margin: left=0.0, top=0.0
  y (accumulated): 1105.0
  child.content: x=20.0 (was 0.0), y=1105.0 (was 0.0)
  [UPDATE Y] child: text, content_height=0.0, margin.bottom=0.0, total_height=0.0, y after=1105.0
  [TEXT HEIGHT] text: "左浮动元素...", font_size=16.0, line_height=19.2, height=19.2
  [TEXT HEIGHT] text: "这个元素会浮�...", font_size=16.0, line_height=19.2, height=19.2
  [TEXT HEIGHT] text: "右浮动元素...", font_size=16.0, line_height=19.2, height=19.2
  [TEXT HEIGHT] text: "这个元素会浮�...", font_size=16.0, line_height=19.2, height=19.2
  [TEXT HEIGHT] text: "这是正常流中�...", font_size=16.0, line_height=19.2, height=19.2
  [UPDATE Y] child: div, content_height=59.2, margin.bottom=0.0, total_height=59.2, y after=287.8
[LAYOUT] Child element: div (parent: body)
  parent.content: x=0.0, y=0.0
  parent.padding: left=20.0, top=20.0
  child.margin: left=0.0, top=0.0
  y (accumulated): 1105.0
  child.content: x=20.0 (was 0.0), y=1105.0 (was 0.0)
  [UPDATE Y] child: div, content_height=336.8, margin.bottom=0.0, total_height=336.8, y after=1441.8
[LAYOUT] Child element: text (parent: body)
  parent.content: x=0.0, y=0.0
  parent.padding: left=20.0, top=20.0
  child.margin: left=0.0, top=0.0
  y (accumulated): 1441.8
  child.content: x=20.0 (was 0.0), y=1441.8 (was 0.0)
  [UPDATE Y] child: text, content_height=0.0, margin.bottom=0.0, total_height=0.0, y after=1441.8
  [UPDATE Y] child: div, content_height=99.2, margin.bottom=5.0, total_height=104.2, y after=119.2
  [UPDATE Y] child: div, content_height=99.2, margin.bottom=5.0, total_height=104.2, y after=223.4
  [UPDATE Y] child: div, content_height=99.2, margin.bottom=5.0, total_height=104.2, y after=327.6
  [UPDATE Y] child: div, content_height=99.2, margin.bottom=5.0, total_height=104.2, y after=431.8
  [UPDATE Y] child: div, content_height=99.2, margin.bottom=5.0, total_height=104.2, y after=536.0
  [UPDATE Y] child: div, content_height=585.0, margin.bottom=0.0, total_height=585.0, y after=697.1
  [UPDATE Y] child: div, content_height=99.2, margin.bottom=5.0, total_height=104.2, y after=119.2
  [UPDATE Y] child: div, content_height=99.2, margin.bottom=5.0, total_height=104.2, y after=223.4
  [UPDATE Y] child: div, content_height=99.2, margin.bottom=5.0, total_height=104.2, y after=327.6
  [UPDATE Y] child: div, content_height=334.0, margin.bottom=0.0, total_height=334.0, y after=1031.1
[LAYOUT] Child element: div (parent: body)
  parent.content: x=0.0, y=0.0
  parent.padding: left=20.0, top=20.0
  child.margin: left=0.0, top=0.0
  y (accumulated): 1441.8
  child.content: x=20.0 (was 0.0), y=1441.8 (was 0.0)
  [UPDATE Y] child: div, content_height=1031.1, margin.bottom=0.0, total_height=1031.1, y after=2472.8
[LAYOUT] Child element: text (parent: body)
  parent.content: x=0.0, y=0.0
  parent.padding: left=20.0, top=20.0
  child.margin: left=0.0, top=0.0
  y (accumulated): 2472.8
  child.content: x=20.0 (was 0.0), y=2472.8 (was 0.0)
  [UPDATE Y] child: text, content_height=0.0, margin.bottom=0.0, total_height=0.0, y after=2472.8
  [UPDATE Y] child: div, content_height=79.2, margin.bottom=0.0, total_height=79.2, y after=94.2
  [UPDATE Y] child: div, content_height=79.2, margin.bottom=0.0, total_height=79.2, y after=173.4
  [UPDATE Y] child: div, content_height=79.2, margin.bottom=0.0, total_height=79.2, y after=252.6
  [UPDATE Y] child: div, content_height=79.2, margin.bottom=0.0, total_height=79.2, y after=331.8
  [UPDATE Y] child: div, content_height=79.2, margin.bottom=0.0, total_height=79.2, y after=411.0
  [UPDATE Y] child: div, content_height=79.2, margin.bottom=0.0, total_height=79.2, y after=490.2
  [UPDATE Y] child: div, content_height=79.2, margin.bottom=0.0, total_height=79.2, y after=569.4
  [UPDATE Y] child: div, content_height=79.2, margin.bottom=0.0, total_height=79.2, y after=648.6
  [UPDATE Y] child: div, content_height=697.6, margin.bottom=0.0, total_height=697.6, y after=809.7
[LAYOUT] Child element: div (parent: body)
  parent.content: x=0.0, y=0.0
  parent.padding: left=20.0, top=20.0
  child.margin: left=0.0, top=0.0
  y (accumulated): 2472.8
  child.content: x=20.0 (was 0.0), y=2472.8 (was 0.0)
  [UPDATE Y] child: div, content_height=809.7, margin.bottom=0.0, total_height=809.7, y after=3282.5
[LAYOUT] Child element: text (parent: body)
  parent.content: x=0.0, y=0.0
  parent.padding: left=20.0, top=20.0
  child.margin: left=0.0, top=0.0
  y (accumulated): 3282.5
  child.content: x=20.0 (was 0.0), y=3282.5 (was 0.0)
  [UPDATE Y] child: text, content_height=0.0, margin.bottom=0.0, total_height=0.0, y after=3282.5
  [TEXT HEIGHT] text: "大号文本（32px�...", font_size=16.0, line_height=19.2, height=19.2
  [TEXT HEIGHT] text: "中等文本（20px�...", font_size=16.0, line_height=19.2, height=19.2
  [TEXT HEIGHT] text: "小号文本（12px�...", font_size=16.0, line_height=19.2, height=19.2
  [TEXT HEIGHT] text: "下划线文本...", font_size=16.0, line_height=19.2, height=19.2
  [TEXT HEIGHT] text: "删除线文本...", font_size=16.0, line_height=19.2, height=19.2
[LAYOUT] Child element: div (parent: body)
  parent.content: x=0.0, y=0.0
  parent.padding: left=20.0, top=20.0
  child.margin: left=0.0, top=0.0
  y (accumulated): 3282.5
  child.content: x=20.0 (was 0.0), y=3282.5 (was 0.0)
  [UPDATE Y] child: div, content_height=405.5, margin.bottom=0.0, total_height=405.5, y after=3688.0
[LAYOUT] Child element: text (parent: body)
  parent.content: x=0.0, y=0.0
  parent.padding: left=20.0, top=20.0
  child.margin: left=0.0, top=0.0
  y (accumulated): 3688.0
  child.content: x=20.0 (was 0.0), y=3688.0 (was 0.0)
  [UPDATE Y] child: text, content_height=0.0, margin.bottom=0.0, total_height=0.0, y after=3688.0
  [TEXT HEIGHT] text: "这是一个测试�...", font_size=16.0, line_height=25.6, height=25.6
  [TEXT HEIGHT] text: "這是一個測試�...", font_size=16.0, line_height=25.6, height=25.6
  [TEXT HEIGHT] text: "これはテスト�...", font_size=16.0, line_height=25.6, height=25.6
  [TEXT HEIGHT] text: "이것은 테스트 ...", font_size=16.0, line_height=25.6, height=25.6
  [TEXT HEIGHT] text: "This is a test page ...", font_size=16.0, line_height=25.6, height=25.6
  [TEXT HEIGHT] text: "混合文本 Mixed T...", font_size=16.0, line_height=25.6, height=25.6
[LAYOUT] Child element: div (parent: body)
  parent.content: x=0.0, y=0.0
  parent.padding: left=20.0, top=20.0
  child.margin: left=0.0, top=0.0
  y (accumulated): 3688.0
  child.content: x=20.0 (was 0.0), y=3688.0 (was 0.0)
  [UPDATE Y] child: div, content_height=610.3, margin.bottom=0.0, total_height=610.3, y after=4298.4
[LAYOUT] Child element: text (parent: body)
  parent.content: x=0.0, y=0.0
  parent.padding: left=20.0, top=20.0
  child.margin: left=0.0, top=0.0
  y (accumulated): 4298.4
  child.content: x=20.0 (was 0.0), y=4298.4 (was 0.0)
  [UPDATE Y] child: text, content_height=0.0, margin.bottom=0.0, total_height=0.0, y after=4298.4
  [TEXT HEIGHT] text: "这个区域有实�...", font_size=16.0, line_height=19.2, height=19.2
  [TEXT HEIGHT] text: "这个区域有虚�...", font_size=16.0, line_height=19.2, height=19.2
  [UPDATE Y] child: div, content_height=117.2, margin.bottom=0.0, total_height=117.2, y after=273.9
[LAYOUT] Child element: div (parent: body)
  parent.content: x=0.0, y=0.0
  parent.padding: left=20.0, top=20.0
  child.margin: left=0.0, top=0.0
  y (accumulated): 4298.4
  child.content: x=20.0 (was 0.0), y=4298.4 (was 0.0)
  [UPDATE Y] child: div, content_height=343.9, margin.bottom=0.0, total_height=343.9, y after=4642.3
[LAYOUT] Child element: text (parent: body)
  parent.content: x=0.0, y=0.0
  parent.padding: left=20.0, top=20.0
  child.margin: left=0.0, top=0.0
  y (accumulated): 4642.3
  child.content: x=20.0 (was 0.0), y=4642.3 (was 0.0)
  [UPDATE Y] child: text, content_height=0.0, margin.bottom=0.0, total_height=0.0, y after=4642.3
  [TEXT HEIGHT] text: "第一层嵌套...", font_size=16.0, line_height=19.2, height=19.2
  [TEXT HEIGHT] text: "第二层嵌套...", font_size=16.0, line_height=19.2, height=19.2
  [TEXT HEIGHT] text: "第三层嵌套...", font_size=16.0, line_height=19.2, height=19.2
  [UPDATE Y] child: div, content_height=71.2, margin.bottom=2.0, total_height=73.2, y after=132.4
  [UPDATE Y] child: div, content_height=160.4, margin.bottom=3.0, total_height=163.4, y after=224.6
  [UPDATE Y] child: div, content_height=258.6, margin.bottom=5.0, total_height=263.6, y after=364.1
[LAYOUT] Child element: div (parent: body)
  parent.content: x=0.0, y=0.0
  parent.padding: left=20.0, top=20.0
  child.margin: left=0.0, top=0.0
  y (accumulated): 4642.3
  child.content: x=20.0 (was 0.0), y=4642.3 (was 0.0)
  [UPDATE Y] child: div, content_height=413.1, margin.bottom=0.0, total_height=413.1, y after=5055.4
[LAYOUT] Child element: text (parent: body)
  parent.content: x=0.0, y=0.0
  parent.padding: left=20.0, top=20.0
  child.margin: left=0.0, top=0.0
  y (accumulated): 5055.4
  child.content: x=20.0 (was 0.0), y=5055.4 (was 0.0)
  [UPDATE Y] child: text, content_height=0.0, margin.bottom=0.0, total_height=0.0, y after=5055.4
  [TEXT HEIGHT] text: "HTML实体：<div> &...", font_size=16.0, line_height=19.2, height=19.2
  [TEXT HEIGHT] text: "Unicode字符：© �...", font_size=16.0, line_height=19.2, height=19.2
  [TEXT HEIGHT] text: "数学符号：∑ �...", font_size=16.0, line_height=19.2, height=19.2
  [TEXT HEIGHT] text: "箭头符号：← �...", font_size=16.0, line_height=19.2, height=19.2
  [TEXT HEIGHT] text: "Emoji：😀 😃 �...", font_size=16.0, line_height=19.2, height=19.2
[LAYOUT] Child element: div (parent: body)
  parent.content: x=0.0, y=0.0
  parent.padding: left=20.0, top=20.0
  child.margin: left=0.0, top=0.0
  y (accumulated): 5055.4
  child.content: x=20.0 (was 0.0), y=5055.4 (was 0.0)
  [UPDATE Y] child: div, content_height=405.5, margin.bottom=0.0, total_height=405.5, y after=5460.9
[LAYOUT] Child element: text (parent: body)
  parent.content: x=0.0, y=0.0
  parent.padding: left=20.0, top=20.0
  child.margin: left=0.0, top=0.0
  y (accumulated): 5460.9
  child.content: x=20.0 (was 0.0), y=5460.9 (was 0.0)
  [UPDATE Y] child: text, content_height=0.0, margin.bottom=0.0, total_height=0.0, y after=5460.9
  [TEXT HEIGHT] text: "包含块级和行�...", font_size=16.0, line_height=19.2, height=19.2
  [UPDATE Y] child: div, content_height=222.4, margin.bottom=0.0, total_height=222.4, y after=222.4
  [TEXT HEIGHT] text: "另一个Flex子项�...", font_size=16.0, line_height=19.2, height=19.2
  [TEXT HEIGHT] text: "嵌套的div...", font_size=16.0, line_height=19.2, height=19.2
  [UPDATE Y] child: div, content_height=91.2, margin.bottom=0.0, total_height=91.2, y after=245.4
  [UPDATE Y] child: div, content_height=294.4, margin.bottom=0.0, total_height=294.4, y after=516.8
  [UPDATE Y] child: div, content_height=516.8, margin.bottom=0.0, total_height=516.8, y after=622.3
  [TEXT HEIGHT] text: "相对定位容器...", font_size=16.0, line_height=19.2, height=19.2
  [UPDATE Y] child: div, content_height=115.2, margin.bottom=0.0, total_height=115.2, y after=737.5
[LAYOUT] Child element: div (parent: body)
  parent.content: x=0.0, y=0.0
  parent.padding: left=20.0, top=20.0
  child.margin: left=0.0, top=0.0
  y (accumulated): 5460.9
  child.content: x=20.0 (was 0.0), y=5460.9 (was 0.0)
  [UPDATE Y] child: div, content_height=803.5, margin.bottom=0.0, total_height=803.5, y after=6264.4
[LAYOUT] Child element: text (parent: body)
  parent.content: x=0.0, y=0.0
  parent.padding: left=20.0, top=20.0
  child.margin: left=0.0, top=0.0
  y (accumulated): 6264.4
  child.content: x=20.0 (was 0.0), y=6264.4 (was 0.0)
  [UPDATE Y] child: text, content_height=0.0, margin.bottom=0.0, total_height=0.0, y after=6264.4
  [TEXT HEIGHT] text: "ZBrowser功能测试...", font_size=16.0, line_height=19.2, height=19.2
  [TEXT HEIGHT] text: "包含：块级布�...", font_size=16.0, line_height=19.2, height=19.2
[LAYOUT] Child element: div (parent: body)
  parent.content: x=0.0, y=0.0
  parent.padding: left=20.0, top=20.0
  child.margin: left=0.0, top=30.0
  y (accumulated): 6264.4
  child.content: x=20.0 (was 0.0), y=6294.4 (was 0.0)
  [UPDATE Y] child: div, content_height=182.4, margin.bottom=0.0, total_height=182.4, y after=6446.8
[LAYOUT] Child element: body (parent: html)
  parent.content: x=0.0, y=0.0
  parent.padding: left=0.0, top=0.0
  child.margin: left=0.0, top=0.0
  y (accumulated): 0.0
  child.content: x=0.0 (was 0.0), y=0.0 (was 0.0)
  [UPDATE Y] child: body, content_height=6506.8, margin.bottom=0.0, total_height=6506.8, y after=6506.8
[LAYOUT] Element: body, is_root: false
  margin: top=0.0, right=0.0, bottom=0.0, left=0.0
  padding: top=20.0, right=20.0, bottom=20.0, left=20.0
  content: x=0.0, y=0.0, width=1160.0, height=6466.8
  containing_block: width=1200.0, height=6506.8
[LAYOUT] Body element position set: x=0.0, y=0.0 (margin: left=0.0, top=0.0)
[CONTAINING BLOCK] body.content.width=1160.0, child_containing_block.width=1160.0
[WIDTH DEBUG] h1: containing_block.width=1160.0, available_width=1160.0, calculated_width=1156.0
[LAYOUT] Child element: h1 (parent: body)
  parent.content: x=0.0, y=0.0
  parent.padding: left=20.0, top=20.0
  child.margin: left=0.0, top=21.4
  y (accumulated): 20.0
  child.content: x=20.0 (was 20.0), y=41.4 (was 41.4)
  [UPDATE Y] child: h1, content_height=50.0, margin.bottom=21.4, total_height=71.4, y after=91.4
[LAYOUT] Child element: text (parent: body)
  parent.content: x=0.0, y=0.0
  parent.padding: left=20.0, top=20.0
  child.margin: left=0.0, top=0.0
  y (accumulated): 91.4
  child.content: x=20.0 (was 20.0), y=91.4 (was 91.4)
  [UPDATE Y] child: text, content_height=0.0, margin.bottom=0.0, total_height=0.0, y after=91.4
[WIDTH DEBUG] h1: containing_block.width=1126.0, available_width=1126.0, calculated_width=1126.0
[LAYOUT] Child element: h1 (parent: div)
  parent.content: x=20.0, y=91.4
  parent.padding: left=15.0, top=15.0
  child.margin: left=0.0, top=16.1
  y (accumulated): 15.0
  child.content: x=15.0 (was 15.0), y=122.5 (was 31.1)
  [UPDATE Y] child: h1, content_height=62.1, margin.bottom=16.1, total_height=78.2, y after=93.2
  [UPDATE Y] child: div, content_height=96.0, margin.bottom=0.0, total_height=96.0, y after=301.2
[LAYOUT] Child element: div (parent: body)
  parent.content: x=0.0, y=0.0
  parent.padding: left=20.0, top=20.0
  child.margin: left=0.0, top=0.0
  y (accumulated): 91.4
  child.content: x=20.0 (was 20.0), y=91.4 (was 91.4)
  [UPDATE Y] child: div, content_height=350.2, margin.bottom=0.0, total_height=350.2, y after=441.6
[LAYOUT] Child element: text (parent: body)
  parent.content: x=0.0, y=0.0
  parent.padding: left=20.0, top=20.0
  child.margin: left=0.0, top=0.0
  y (accumulated): 441.6
  child.content: x=20.0 (was 20.0), y=441.6 (was 441.6)
  [UPDATE Y] child: text, content_height=0.0, margin.bottom=0.0, total_height=0.0, y after=441.6
[LAYOUT] Child element: div (parent: body)
  parent.content: x=0.0, y=0.0
  parent.padding: left=20.0, top=20.0
  child.margin: left=0.0, top=0.0
  y (accumulated): 441.6
  child.content: x=20.0 (was 20.0), y=441.6 (was 441.6)
  [UPDATE Y] child: div, content_height=329.4, margin.bottom=0.0, total_height=329.4, y after=771.0
[LAYOUT] Child element: text (parent: body)
  parent.content: x=0.0, y=0.0
  parent.padding: left=20.0, top=20.0
  child.margin: left=0.0, top=0.0
  y (accumulated): 771.0
  child.content: x=20.0 (was 20.0), y=771.0 (was 771.0)
  [UPDATE Y] child: text, content_height=0.0, margin.bottom=0.0, total_height=0.0, y after=771.0
  [UPDATE Y] child: div, content_height=59.2, margin.bottom=5.0, total_height=64.2, y after=138.2
  [UPDATE Y] child: div, content_height=59.2, margin.bottom=5.0, total_height=64.2, y after=202.4
[LAYOUT] Child element: div (parent: body)
  parent.content: x=0.0, y=0.0
  parent.padding: left=20.0, top=20.0
  child.margin: left=0.0, top=0.0
  y (accumulated): 771.0
  child.content: x=20.0 (was 20.0), y=771.0 (was 771.0)
  [UPDATE Y] child: div, content_height=334.0, margin.bottom=0.0, total_height=334.0, y after=1105.0
[LAYOUT] Child element: text (parent: body)
  parent.content: x=0.0, y=0.0
  parent.padding: left=20.0, top=20.0
  child.margin: left=0.0, top=0.0
  y (accumulated): 1105.0
  child.content: x=20.0 (was 20.0), y=1105.0 (was 1105.0)
  [UPDATE Y] child: text, content_height=0.0, margin.bottom=0.0, total_height=0.0, y after=1105.0
  [UPDATE Y] child: div, content_height=59.2, margin.bottom=0.0, total_height=59.2, y after=287.8
[LAYOUT] Child element: div (parent: body)
  parent.content: x=0.0, y=0.0
  parent.padding: left=20.0, top=20.0
  child.margin: left=0.0, top=0.0
  y (accumulated): 1105.0
  child.content: x=20.0 (was 20.0), y=1105.0 (was 1105.0)
  [UPDATE Y] child: div, content_height=336.8, margin.bottom=0.0, total_height=336.8, y after=1441.8
[LAYOUT] Child element: text (parent: body)
  parent.content: x=0.0, y=0.0
  parent.padding: left=20.0, top=20.0
  child.margin: left=0.0, top=0.0
  y (accumulated): 1441.8
  child.content: x=20.0 (was 20.0), y=1441.8 (was 1441.8)
  [UPDATE Y] child: text, content_height=0.0, margin.bottom=0.0, total_height=0.0, y after=1441.8
  [UPDATE Y] child: div, content_height=99.2, margin.bottom=5.0, total_height=104.2, y after=119.2
  [UPDATE Y] child: div, content_height=99.2, margin.bottom=5.0, total_height=104.2, y after=223.4
  [UPDATE Y] child: div, content_height=99.2, margin.bottom=5.0, total_height=104.2, y after=327.6
  [UPDATE Y] child: div, content_height=99.2, margin.bottom=5.0, total_height=104.2, y after=431.8
  [UPDATE Y] child: div, content_height=99.2, margin.bottom=5.0, total_height=104.2, y after=536.0
  [UPDATE Y] child: div, content_height=585.0, margin.bottom=0.0, total_height=585.0, y after=697.1
  [UPDATE Y] child: div, content_height=99.2, margin.bottom=5.0, total_height=104.2, y after=119.2
  [UPDATE Y] child: div, content_height=99.2, margin.bottom=5.0, total_height=104.2, y after=223.4
  [UPDATE Y] child: div, content_height=99.2, margin.bottom=5.0, total_height=104.2, y after=327.6
  [UPDATE Y] child: div, content_height=334.0, margin.bottom=0.0, total_height=334.0, y after=1031.1
[LAYOUT] Child element: div (parent: body)
  parent.content: x=0.0, y=0.0
  parent.padding: left=20.0, top=20.0
  child.margin: left=0.0, top=0.0
  y (accumulated): 1441.8
  child.content: x=20.0 (was 20.0), y=1441.8 (was 1441.8)
  [UPDATE Y] child: div, content_height=1031.1, margin.bottom=0.0, total_height=1031.1, y after=2472.8
[LAYOUT] Child element: text (parent: body)
  parent.content: x=0.0, y=0.0
  parent.padding: left=20.0, top=20.0
  child.margin: left=0.0, top=0.0
  y (accumulated): 2472.8
  child.content: x=20.0 (was 20.0), y=2472.8 (was 2472.8)
  [UPDATE Y] child: text, content_height=0.0, margin.bottom=0.0, total_height=0.0, y after=2472.8
  [UPDATE Y] child: div, content_height=79.2, margin.bottom=0.0, total_height=79.2, y after=94.2
  [UPDATE Y] child: div, content_height=79.2, margin.bottom=0.0, total_height=79.2, y after=173.4
  [UPDATE Y] child: div, content_height=79.2, margin.bottom=0.0, total_height=79.2, y after=252.6
  [UPDATE Y] child: div, content_height=79.2, margin.bottom=0.0, total_height=79.2, y after=331.8
  [UPDATE Y] child: div, content_height=79.2, margin.bottom=0.0, total_height=79.2, y after=411.0
  [UPDATE Y] child: div, content_height=79.2, margin.bottom=0.0, total_height=79.2, y after=490.2
  [UPDATE Y] child: div, content_height=79.2, margin.bottom=0.0, total_height=79.2, y after=569.4
  [UPDATE Y] child: div, content_height=79.2, margin.bottom=0.0, total_height=79.2, y after=648.6
  [UPDATE Y] child: div, content_height=697.6, margin.bottom=0.0, total_height=697.6, y after=809.7
[LAYOUT] Child element: div (parent: body)
  parent.content: x=0.0, y=0.0
  parent.padding: left=20.0, top=20.0
  child.margin: left=0.0, top=0.0
  y (accumulated): 2472.8
  child.content: x=20.0 (was 20.0), y=2472.8 (was 2472.8)
  [UPDATE Y] child: div, content_height=809.7, margin.bottom=0.0, total_height=809.7, y after=3282.5
[LAYOUT] Child element: text (parent: body)
  parent.content: x=0.0, y=0.0
  parent.padding: left=20.0, top=20.0
  child.margin: left=0.0, top=0.0
  y (accumulated): 3282.5
  child.content: x=20.0 (was 20.0), y=3282.5 (was 3282.5)
  [UPDATE Y] child: text, content_height=0.0, margin.bottom=0.0, total_height=0.0, y after=3282.5
[LAYOUT] Child element: div (parent: body)
  parent.content: x=0.0, y=0.0
  parent.padding: left=20.0, top=20.0
  child.margin: left=0.0, top=0.0
  y (accumulated): 3282.5
  child.content: x=20.0 (was 20.0), y=3282.5 (was 3282.5)
  [UPDATE Y] child: div, content_height=405.5, margin.bottom=0.0, total_height=405.5, y after=3688.0
[LAYOUT] Child element: text (parent: body)
  parent.content: x=0.0, y=0.0
  parent.padding: left=20.0, top=20.0
  child.margin: left=0.0, top=0.0
  y (accumulated): 3688.0
  child.content: x=20.0 (was 20.0), y=3688.0 (was 3688.0)
  [UPDATE Y] child: text, content_height=0.0, margin.bottom=0.0, total_height=0.0, y after=3688.0
[LAYOUT] Child element: div (parent: body)
  parent.content: x=0.0, y=0.0
  parent.padding: left=20.0, top=20.0
  child.margin: left=0.0, top=0.0
  y (accumulated): 3688.0
  child.content: x=20.0 (was 20.0), y=3688.0 (was 3688.0)
  [UPDATE Y] child: div, content_height=610.3, margin.bottom=0.0, total_height=610.3, y after=4298.4
[LAYOUT] Child element: text (parent: body)
  parent.content: x=0.0, y=0.0
  parent.padding: left=20.0, top=20.0
  child.margin: left=0.0, top=0.0
  y (accumulated): 4298.4
  child.content: x=20.0 (was 20.0), y=4298.4 (was 4298.4)
  [UPDATE Y] child: text, content_height=0.0, margin.bottom=0.0, total_height=0.0, y after=4298.4
  [UPDATE Y] child: div, content_height=117.2, margin.bottom=0.0, total_height=117.2, y after=273.9
[LAYOUT] Child element: div (parent: body)
  parent.content: x=0.0, y=0.0
  parent.padding: left=20.0, top=20.0
  child.margin: left=0.0, top=0.0
  y (accumulated): 4298.4
  child.content: x=20.0 (was 20.0), y=4298.4 (was 4298.4)
  [UPDATE Y] child: div, content_height=343.9, margin.bottom=0.0, total_height=343.9, y after=4642.3
[LAYOUT] Child element: text (parent: body)
  parent.content: x=0.0, y=0.0
  parent.padding: left=20.0, top=20.0
  child.margin: left=0.0, top=0.0
  y (accumulated): 4642.3
  child.content: x=20.0 (was 20.0), y=4642.3 (was 4642.3)
  [UPDATE Y] child: text, content_height=0.0, margin.bottom=0.0, total_height=0.0, y after=4642.3
  [UPDATE Y] child: div, content_height=71.2, margin.bottom=2.0, total_height=73.2, y after=132.4
  [UPDATE Y] child: div, content_height=160.4, margin.bottom=3.0, total_height=163.4, y after=224.6
  [UPDATE Y] child: div, content_height=258.6, margin.bottom=5.0, total_height=263.6, y after=364.1
[LAYOUT] Child element: div (parent: body)
  parent.content: x=0.0, y=0.0
  parent.padding: left=20.0, top=20.0
  child.margin: left=0.0, top=0.0
  y (accumulated): 4642.3
  child.content: x=20.0 (was 20.0), y=4642.3 (was 4642.3)
  [UPDATE Y] child: div, content_height=413.1, margin.bottom=0.0, total_height=413.1, y after=5055.4
[LAYOUT] Child element: text (parent: body)
  parent.content: x=0.0, y=0.0
  parent.padding: left=20.0, top=20.0
  child.margin: left=0.0, top=0.0
  y (accumulated): 5055.4
  child.content: x=20.0 (was 20.0), y=5055.4 (was 5055.4)
  [UPDATE Y] child: text, content_height=0.0, margin.bottom=0.0, total_height=0.0, y after=5055.4
[LAYOUT] Child element: div (parent: body)
  parent.content: x=0.0, y=0.0
  parent.padding: left=20.0, top=20.0
  child.margin: left=0.0, top=0.0
  y (accumulated): 5055.4
  child.content: x=20.0 (was 20.0), y=5055.4 (was 5055.4)
  [UPDATE Y] child: div, content_height=405.5, margin.bottom=0.0, total_height=405.5, y after=5460.9
[LAYOUT] Child element: text (parent: body)
  parent.content: x=0.0, y=0.0
  parent.padding: left=20.0, top=20.0
  child.margin: left=0.0, top=0.0
  y (accumulated): 5460.9
  child.content: x=20.0 (was 20.0), y=5460.9 (was 5460.9)
  [UPDATE Y] child: text, content_height=0.0, margin.bottom=0.0, total_height=0.0, y after=5460.9
  [UPDATE Y] child: div, content_height=222.4, margin.bottom=0.0, total_height=222.4, y after=222.4
  [UPDATE Y] child: div, content_height=91.2, margin.bottom=0.0, total_height=91.2, y after=245.4
  [UPDATE Y] child: div, content_height=294.4, margin.bottom=0.0, total_height=294.4, y after=516.8
  [UPDATE Y] child: div, content_height=516.8, margin.bottom=0.0, total_height=516.8, y after=622.3
  [UPDATE Y] child: div, content_height=115.2, margin.bottom=0.0, total_height=115.2, y after=737.5
[LAYOUT] Child element: div (parent: body)
  parent.content: x=0.0, y=0.0
  parent.padding: left=20.0, top=20.0
  child.margin: left=0.0, top=0.0
  y (accumulated): 5460.9
  child.content: x=20.0 (was 20.0), y=5460.9 (was 5460.9)
  [UPDATE Y] child: div, content_height=803.5, margin.bottom=0.0, total_height=803.5, y after=6264.4
[LAYOUT] Child element: text (parent: body)
  parent.content: x=0.0, y=0.0
  parent.padding: left=20.0, top=20.0
  child.margin: left=0.0, top=0.0
  y (accumulated): 6264.4
  child.content: x=20.0 (was 20.0), y=6264.4 (was 6264.4)
  [UPDATE Y] child: text, content_height=0.0, margin.bottom=0.0, total_height=0.0, y after=6264.4
[LAYOUT] Child element: div (parent: body)
  parent.content: x=0.0, y=0.0
  parent.padding: left=20.0, top=20.0
  child.margin: left=0.0, top=30.0
  y (accumulated): 6264.4
  child.content: x=20.0 (was 20.0), y=6294.4 (was 6294.4)
  [UPDATE Y] child: div, content_height=182.4, margin.bottom=0.0, total_height=182.4, y after=6446.8
[WIDTH DEBUG] h1: containing_block.width=1160.0, available_width=1160.0, calculated_width=1156.0
[WIDTH DEBUG] h1: containing_block.width=1126.0, available_width=1126.0, calculated_width=1126.0
[LAYOUT] Child element: h1 (parent: div)
  parent.content: x=20.0, y=91.4
  parent.padding: left=15.0, top=15.0
  child.margin: left=0.0, top=16.1
  y (accumulated): 15.0
  child.content: x=15.0 (was 15.0), y=122.5 (was 122.5)
  [UPDATE Y] child: h1, content_height=62.1, margin.bottom=16.1, total_height=78.2, y after=93.2
  [UPDATE Y] child: div, content_height=96.0, margin.bottom=0.0, total_height=96.0, y after=301.2
[WIDTH DEBUG] h1: containing_block.width=1126.0, available_width=1126.0, calculated_width=1126.0
  [UPDATE Y] child: div, content_height=59.2, margin.bottom=5.0, total_height=64.2, y after=138.2
  [UPDATE Y] child: div, content_height=59.2, margin.bottom=5.0, total_height=64.2, y after=202.4
  [UPDATE Y] child: div, content_height=59.2, margin.bottom=0.0, total_height=59.2, y after=287.8
  [UPDATE Y] child: div, content_height=99.2, margin.bottom=5.0, total_height=104.2, y after=119.2
  [UPDATE Y] child: div, content_height=99.2, margin.bottom=5.0, total_height=104.2, y after=223.4
  [UPDATE Y] child: div, content_height=99.2, margin.bottom=5.0, total_height=104.2, y after=327.6
  [UPDATE Y] child: div, content_height=99.2, margin.bottom=5.0, total_height=104.2, y after=431.8
  [UPDATE Y] child: div, content_height=99.2, margin.bottom=5.0, total_height=104.2, y after=536.0
  [UPDATE Y] child: div, content_height=585.0, margin.bottom=0.0, total_height=585.0, y after=697.1
  [UPDATE Y] child: div, content_height=99.2, margin.bottom=5.0, total_height=104.2, y after=119.2
  [UPDATE Y] child: div, content_height=99.2, margin.bottom=5.0, total_height=104.2, y after=223.4
  [UPDATE Y] child: div, content_height=99.2, margin.bottom=5.0, total_height=104.2, y after=327.6
  [UPDATE Y] child: div, content_height=334.0, margin.bottom=0.0, total_height=334.0, y after=1031.1
  [UPDATE Y] child: div, content_height=79.2, margin.bottom=0.0, total_height=79.2, y after=94.2
  [UPDATE Y] child: div, content_height=79.2, margin.bottom=0.0, total_height=79.2, y after=173.4
  [UPDATE Y] child: div, content_height=79.2, margin.bottom=0.0, total_height=79.2, y after=252.6
  [UPDATE Y] child: div, content_height=79.2, margin.bottom=0.0, total_height=79.2, y after=331.8
  [UPDATE Y] child: div, content_height=79.2, margin.bottom=0.0, total_height=79.2, y after=411.0
  [UPDATE Y] child: div, content_height=79.2, margin.bottom=0.0, total_height=79.2, y after=490.2
  [UPDATE Y] child: div, content_height=79.2, margin.bottom=0.0, total_height=79.2, y after=569.4
  [UPDATE Y] child: div, content_height=79.2, margin.bottom=0.0, total_height=79.2, y after=648.6
  [UPDATE Y] child: div, content_height=697.6, margin.bottom=0.0, total_height=697.6, y after=809.7
  [UPDATE Y] child: div, content_height=117.2, margin.bottom=0.0, total_height=117.2, y after=273.9
  [UPDATE Y] child: div, content_height=71.2, margin.bottom=2.0, total_height=73.2, y after=132.4
  [UPDATE Y] child: div, content_height=160.4, margin.bottom=3.0, total_height=163.4, y after=224.6
  [UPDATE Y] child: div, content_height=258.6, margin.bottom=5.0, total_height=263.6, y after=364.1
  [UPDATE Y] child: div, content_height=71.2, margin.bottom=2.0, total_height=73.2, y after=132.4
  [UPDATE Y] child: div, content_height=160.4, margin.bottom=3.0, total_height=163.4, y after=224.6
  [UPDATE Y] child: div, content_height=71.2, margin.bottom=2.0, total_height=73.2, y after=132.4
  [UPDATE Y] child: div, content_height=222.4, margin.bottom=0.0, total_height=222.4, y after=222.4
  [UPDATE Y] child: div, content_height=91.2, margin.bottom=0.0, total_height=91.2, y after=245.4
  [UPDATE Y] child: div, content_height=294.4, margin.bottom=0.0, total_height=294.4, y after=516.8
  [UPDATE Y] child: div, content_height=516.8, margin.bottom=0.0, total_height=516.8, y after=622.3
  [UPDATE Y] child: div, content_height=115.2, margin.bottom=0.0, total_height=115.2, y after=737.5

=== Element Layout Info ===
Tag: html

Box Model:
  Margin: top=0.00, right=0.00, bottom=0.00, left=0.00
  Border: top=0.00, right=0.00, bottom=0.00, left=0.00
  Padding: top=0.00, right=0.00, bottom=0.00, left=0.00
  Content: x=0.00, y=0.00, width=1200.00, height=6506.84
  Total Size: width=1200.00, height=6506.84
  Actual Position (content box): x=0.00, y=0.00
  Position (with margin): x=0.00, y=0.00

Computed Styles:
  display: block
==========================


=== DEBUG: Body children before printElementLayoutInfo ===
Body children count: 67
Body DOM node children:
  DOM Child[0]: text (node_type: .text)
  DOM Child[1]: text (node_type: .text)
  DOM Child[2]: text (node_type: .text)
  DOM Child[3]: meta (node_type: .element)
  DOM Child[4]: text (node_type: .text)
  DOM Child[5]: meta (node_type: .element)
  DOM Child[6]: text (node_type: .text)
  DOM Child[7]: title (node_type: .element)
  DOM Child[8]: text (node_type: .text)
  DOM Child[9]: style (node_type: .element)
  DOM Child[10]: text (node_type: .text)
  DOM Child[11]: text (node_type: .text)
  DOM Child[12]: text (node_type: .text)
  DOM Child[13]: h1 (node_type: .element)
  DOM Child[14]: text (node_type: .text)
  DOM Child[15]: unknown (node_type: .comment)
  DOM Child[16]: text (node_type: .text)
  DOM Child[17]: div (node_type: .element)
  DOM Child[18]: text (node_type: .text)
  DOM Child[19]: unknown (node_type: .comment)
  DOM Child[20]: text (node_type: .text)
  DOM Child[21]: div (node_type: .element)
  DOM Child[22]: text (node_type: .text)
  DOM Child[23]: unknown (node_type: .comment)
  DOM Child[24]: text (node_type: .text)
  DOM Child[25]: div (node_type: .element)
  DOM Child[26]: text (node_type: .text)
  DOM Child[27]: unknown (node_type: .comment)
  DOM Child[28]: text (node_type: .text)
  DOM Child[29]: div (node_type: .element)
  DOM Child[30]: text (node_type: .text)
  DOM Child[31]: unknown (node_type: .comment)
  DOM Child[32]: text (node_type: .text)
  DOM Child[33]: div (node_type: .element)
  DOM Child[34]: text (node_type: .text)
  DOM Child[35]: unknown (node_type: .comment)
  DOM Child[36]: text (node_type: .text)
  DOM Child[37]: div (node_type: .element)
  DOM Child[38]: text (node_type: .text)
  DOM Child[39]: unknown (node_type: .comment)
  DOM Child[40]: text (node_type: .text)
  DOM Child[41]: div (node_type: .element)
  DOM Child[42]: text (node_type: .text)
  DOM Child[43]: unknown (node_type: .comment)
  DOM Child[44]: text (node_type: .text)
  DOM Child[45]: div (node_type: .element)
  DOM Child[46]: text (node_type: .text)
  DOM Child[47]: unknown (node_type: .comment)
  DOM Child[48]: text (node_type: .text)
  DOM Child[49]: div (node_type: .element)
  DOM Child[50]: text (node_type: .text)
  DOM Child[51]: unknown (node_type: .comment)
  DOM Child[52]: text (node_type: .text)
  DOM Child[53]: div (node_type: .element)
  DOM Child[54]: text (node_type: .text)
  DOM Child[55]: unknown (node_type: .comment)
  DOM Child[56]: text (node_type: .text)
  DOM Child[57]: div (node_type: .element)
  DOM Child[58]: text (node_type: .text)
  DOM Child[59]: unknown (node_type: .comment)
  DOM Child[60]: text (node_type: .text)
  DOM Child[61]: div (node_type: .element)
  DOM Child[62]: text (node_type: .text)
  DOM Child[63]: unknown (node_type: .comment)
  DOM Child[64]: text (node_type: .text)
  DOM Child[65]: div (node_type: .element)
  DOM Child[66]: text (node_type: .text)
  Layout Child[0]: text (node_type: .text)
  Layout Child[1]: text (node_type: .text)
  Layout Child[2]: text (node_type: .text)
  Layout Child[3]: meta (node_type: .element)
  Layout Child[4]: text (node_type: .text)
  Layout Child[5]: meta (node_type: .element)
  Layout Child[6]: text (node_type: .text)
  Layout Child[7]: title (node_type: .element)
  Layout Child[8]: text (node_type: .text)
  Layout Child[9]: style (node_type: .element)
  Layout Child[10]: text (node_type: .text)
  Layout Child[11]: text (node_type: .text)
  Layout Child[12]: text (node_type: .text)
  Layout Child[13]: h1 (node_type: .element)
  Layout Child[14]: text (node_type: .text)
  Layout Child[15]: text (node_type: .comment)
  Layout Child[16]: text (node_type: .text)
  Layout Child[17]: div (node_type: .element)
  Layout Child[18]: text (node_type: .text)
  Layout Child[19]: text (node_type: .comment)
  Layout Child[20]: text (node_type: .text)
  Layout Child[21]: div (node_type: .element)
  Layout Child[22]: text (node_type: .text)
  Layout Child[23]: text (node_type: .comment)
  Layout Child[24]: text (node_type: .text)
  Layout Child[25]: div (node_type: .element)
  Layout Child[26]: text (node_type: .text)
  Layout Child[27]: text (node_type: .comment)
  Layout Child[28]: text (node_type: .text)
  Layout Child[29]: div (node_type: .element)
  Layout Child[30]: text (node_type: .text)
  Layout Child[31]: text (node_type: .comment)
  Layout Child[32]: text (node_type: .text)
  Layout Child[33]: div (node_type: .element)
  Layout Child[34]: text (node_type: .text)
  Layout Child[35]: text (node_type: .comment)
  Layout Child[36]: text (node_type: .text)
  Layout Child[37]: div (node_type: .element)
  Layout Child[38]: text (node_type: .text)
  Layout Child[39]: text (node_type: .comment)
  Layout Child[40]: text (node_type: .text)
  Layout Child[41]: div (node_type: .element)
  Layout Child[42]: text (node_type: .text)
  Layout Child[43]: text (node_type: .comment)
  Layout Child[44]: text (node_type: .text)
  Layout Child[45]: div (node_type: .element)
  Layout Child[46]: text (node_type: .text)
  Layout Child[47]: text (node_type: .comment)
  Layout Child[48]: text (node_type: .text)
  Layout Child[49]: div (node_type: .element)
  Layout Child[50]: text (node_type: .text)
  Layout Child[51]: text (node_type: .comment)
  Layout Child[52]: text (node_type: .text)
  Layout Child[53]: div (node_type: .element)
  Layout Child[54]: text (node_type: .text)
  Layout Child[55]: text (node_type: .comment)
  Layout Child[56]: text (node_type: .text)
  Layout Child[57]: div (node_type: .element)
  Layout Child[58]: text (node_type: .text)
  Layout Child[59]: text (node_type: .comment)
  Layout Child[60]: text (node_type: .text)
  Layout Child[61]: div (node_type: .element)
  Layout Child[62]: text (node_type: .text)
  Layout Child[63]: text (node_type: .comment)
  Layout Child[64]: text (node_type: .text)
  Layout Child[65]: div (node_type: .element)
  Layout Child[66]: text (node_type: .text)
=== END DEBUG ===


=== Element Layout Info ===
Tag: body

Box Model:
  Margin: top=0.00, right=0.00, bottom=0.00, left=0.00
  Border: top=0.00, right=0.00, bottom=0.00, left=0.00
  Padding: top=20.00, right=20.00, bottom=20.00, left=20.00
  Content: x=0.00, y=0.00, width=1160.00, height=6466.84
  Total Size: width=1200.00, height=6506.84
  Actual Position (content box): x=0.00, y=0.00
  Position (with margin): x=0.00, y=0.00

Computed Styles:
  display: block
==========================

DEBUG: Found h1 element!

=== Element Layout Info ===
Tag: h1

Box Model:
  Margin: top=21.44, right=0.00, bottom=21.44, left=0.00
  Border: top=2.00, right=2.00, bottom=2.00, left=2.00
  Padding: top=0.00, right=0.00, bottom=0.00, left=0.00
  Content: x=20.00, y=41.44, width=1156.00, height=46.00
  Total Size: width=1160.00, height=50.00
  Actual Position (content box): x=20.00, y=41.44
  Position (with margin): x=20.00, y=20.00

Computed Styles:
  display: block
==========================

[FONT] font-size parsed: 32.0px
[FONT] font-size parsed: 32.0px
[STYLE] h1 font-size parsed: 32.0px
[STYLE] p font-size parsed: 32.0px
[STYLE] h1 font-size parsed: 32.0px
[STYLE] p font-size parsed: 32.0px
[LAYOUT] Element: html, is_root: true
  margin: top=0.0, right=0.0, bottom=0.0, left=0.0
  padding: top=0.0, right=0.0, bottom=0.0, left=0.0
  content: x=0.0, y=0.0, width=1200.0, height=0.0
  containing_block: width=1200.0, height=800.0
[LAYOUT] Root element (html) position set to (0, 0)
[LAYOUT] Element: body, is_root: false
  margin: top=0.0, right=0.0, bottom=0.0, left=0.0
  padding: top=20.0, right=20.0, bottom=20.0, left=20.0
  content: x=0.0, y=0.0, width=1160.0, height=0.0
  containing_block: width=1200.0, height=800.0
[LAYOUT] Body element position set: x=0.0, y=0.0 (margin: left=0.0, top=0.0)
[CONTAINING BLOCK] body.content.width=1160.0, child_containing_block.width=1160.0
[WIDTH DEBUG] h1: containing_block.width=1160.0, available_width=1160.0, calculated_width=1160.0
  [TEXT HEIGHT] text: "ZBrowser功能测试...", font_size=32.0, line_height=46.0, height=46.0
[LAYOUT] Child element: h1 (parent: body)
  parent.content: x=0.0, y=0.0
  parent.padding: left=20.0, top=20.0
  child.margin: left=0.0, top=21.4
  y (accumulated): 20.0
  child.content: x=20.0 (was 0.0), y=41.4 (was 0.0)
  [UPDATE Y] child: h1, content_height=50.0, margin.bottom=21.4, total_height=71.4, y after=91.4
[LAYOUT] Child element: text (parent: body)
  parent.content: x=0.0, y=0.0
  parent.padding: left=20.0, top=20.0
  child.margin: left=0.0, top=0.0
  y (accumulated): 91.4
  child.content: x=20.0 (was 0.0), y=91.4 (was 0.0)
  [UPDATE Y] child: text, content_height=0.0, margin.bottom=0.0, total_height=0.0, y after=91.4
[WIDTH DEBUG] h1: containing_block.width=1126.0, available_width=1126.0, calculated_width=1126.0
  [TEXT HEIGHT] text: "块级布局测试...", font_size=32.0, line_height=46.0, height=46.0
[LAYOUT] Child element: h1 (parent: div)
  parent.content: x=0.0, y=0.0
  parent.padding: left=15.0, top=15.0
  child.margin: left=0.0, top=16.1
  y (accumulated): 15.0
  child.content: x=15.0 (was 0.0), y=31.1 (was 0.0)
  [UPDATE Y] child: h1, content_height=62.1, margin.bottom=16.1, total_height=78.2, y after=93.2
  [TEXT HEIGHT] text: "这是一个块级�...", font_size=16.0, line_height=24.0, height=24.0
  [TEXT HEIGHT] text: "这是另一个段�...", font_size=16.0, line_height=24.0, height=24.0
  [TEXT HEIGHT] text: "嵌套的div块级�...", font_size=16.0, line_height=24.0, height=24.0
  [UPDATE Y] child: div, content_height=96.0, margin.bottom=0.0, total_height=96.0, y after=301.2
[LAYOUT] Child element: div (parent: body)
  parent.content: x=0.0, y=0.0
  parent.padding: left=20.0, top=20.0
  child.margin: left=0.0, top=0.0
  y (accumulated): 91.4
  child.content: x=20.0 (was 0.0), y=91.4 (was 0.0)
  [UPDATE Y] child: div, content_height=350.2, margin.bottom=0.0, total_height=350.2, y after=441.6
[LAYOUT] Child element: text (parent: body)
  parent.content: x=0.0, y=0.0
  parent.padding: left=20.0, top=20.0
  child.margin: left=0.0, top=0.0
  y (accumulated): 441.6
  child.content: x=20.0 (was 0.0), y=441.6 (was 0.0)
  [UPDATE Y] child: text, content_height=0.0, margin.bottom=0.0, total_height=0.0, y after=441.6
  [TEXT HEIGHT] text: "
      这是行内�...", font_size=16.0, line_height=19.2, height=19.2
  [TEXT HEIGHT] text: "行内元素不会�...", font_size=16.0, line_height=19.2, height=19.2
[LAYOUT] Child element: div (parent: body)
  parent.content: x=0.0, y=0.0
  parent.padding: left=20.0, top=20.0
  child.margin: left=0.0, top=0.0
  y (accumulated): 441.6
  child.content: x=20.0 (was 0.0), y=441.6 (was 0.0)
  [UPDATE Y] child: div, content_height=329.4, margin.bottom=0.0, total_height=329.4, y after=771.0
[LAYOUT] Child element: text (parent: body)
  parent.content: x=0.0, y=0.0
  parent.padding: left=20.0, top=20.0
  child.margin: left=0.0, top=0.0
  y (accumulated): 771.0
  child.content: x=20.0 (was 0.0), y=771.0 (was 0.0)
  [UPDATE Y] child: text, content_height=0.0, margin.bottom=0.0, total_height=0.0, y after=771.0
  [UPDATE Y] child: div, content_height=59.2, margin.bottom=5.0, total_height=64.2, y after=138.2
  [UPDATE Y] child: div, content_height=59.2, margin.bottom=5.0, total_height=64.2, y after=202.4
[LAYOUT] Child element: div (parent: body)
  parent.content: x=0.0, y=0.0
  parent.padding: left=20.0, top=20.0
  child.margin: left=0.0, top=0.0
  y (accumulated): 771.0
  child.content: x=20.0 (was 0.0), y=771.0 (was 0.0)
  [UPDATE Y] child: div, content_height=334.0, margin.bottom=0.0, total_height=334.0, y after=1105.0
[LAYOUT] Child element: text (parent: body)
  parent.content: x=0.0, y=0.0
  parent.padding: left=20.0, top=20.0
  child.margin: left=0.0, top=0.0
  y (accumulated): 1105.0
  child.content: x=20.0 (was 0.0), y=1105.0 (was 0.0)
  [UPDATE Y] child: text, content_height=0.0, margin.bottom=0.0, total_height=0.0, y after=1105.0
  [TEXT HEIGHT] text: "左浮动元素...", font_size=16.0, line_height=19.2, height=19.2
  [TEXT HEIGHT] text: "这个元素会浮�...", font_size=16.0, line_height=19.2, height=19.2
  [TEXT HEIGHT] text: "右浮动元素...", font_size=16.0, line_height=19.2, height=19.2
  [TEXT HEIGHT] text: "这个元素会浮�...", font_size=16.0, line_height=19.2, height=19.2
  [TEXT HEIGHT] text: "这是正常流中�...", font_size=16.0, line_height=19.2, height=19.2
  [UPDATE Y] child: div, content_height=59.2, margin.bottom=0.0, total_height=59.2, y after=287.8
[LAYOUT] Child element: div (parent: body)
  parent.content: x=0.0, y=0.0
  parent.padding: left=20.0, top=20.0
  child.margin: left=0.0, top=0.0
  y (accumulated): 1105.0
  child.content: x=20.0 (was 0.0), y=1105.0 (was 0.0)
  [UPDATE Y] child: div, content_height=336.8, margin.bottom=0.0, total_height=336.8, y after=1441.8
[LAYOUT] Child element: text (parent: body)
  parent.content: x=0.0, y=0.0
  parent.padding: left=20.0, top=20.0
  child.margin: left=0.0, top=0.0
  y (accumulated): 1441.8
  child.content: x=20.0 (was 0.0), y=1441.8 (was 0.0)
  [UPDATE Y] child: text, content_height=0.0, margin.bottom=0.0, total_height=0.0, y after=1441.8
  [UPDATE Y] child: div, content_height=99.2, margin.bottom=5.0, total_height=104.2, y after=119.2
  [UPDATE Y] child: div, content_height=99.2, margin.bottom=5.0, total_height=104.2, y after=223.4
  [UPDATE Y] child: div, content_height=99.2, margin.bottom=5.0, total_height=104.2, y after=327.6
  [UPDATE Y] child: div, content_height=99.2, margin.bottom=5.0, total_height=104.2, y after=431.8
  [UPDATE Y] child: div, content_height=99.2, margin.bottom=5.0, total_height=104.2, y after=536.0
  [UPDATE Y] child: div, content_height=585.0, margin.bottom=0.0, total_height=585.0, y after=697.1
  [UPDATE Y] child: div, content_height=99.2, margin.bottom=5.0, total_height=104.2, y after=119.2
  [UPDATE Y] child: div, content_height=99.2, margin.bottom=5.0, total_height=104.2, y after=223.4
  [UPDATE Y] child: div, content_height=99.2, margin.bottom=5.0, total_height=104.2, y after=327.6
  [UPDATE Y] child: div, content_height=334.0, margin.bottom=0.0, total_height=334.0, y after=1031.1
[LAYOUT] Child element: div (parent: body)
  parent.content: x=0.0, y=0.0
  parent.padding: left=20.0, top=20.0
  child.margin: left=0.0, top=0.0
  y (accumulated): 1441.8
  child.content: x=20.0 (was 0.0), y=1441.8 (was 0.0)
  [UPDATE Y] child: div, content_height=1031.1, margin.bottom=0.0, total_height=1031.1, y after=2472.8
[LAYOUT] Child element: text (parent: body)
  parent.content: x=0.0, y=0.0
  parent.padding: left=20.0, top=20.0
  child.margin: left=0.0, top=0.0
  y (accumulated): 2472.8
  child.content: x=20.0 (was 0.0), y=2472.8 (was 0.0)
  [UPDATE Y] child: text, content_height=0.0, margin.bottom=0.0, total_height=0.0, y after=2472.8
  [UPDATE Y] child: div, content_height=79.2, margin.bottom=0.0, total_height=79.2, y after=94.2
  [UPDATE Y] child: div, content_height=79.2, margin.bottom=0.0, total_height=79.2, y after=173.4
  [UPDATE Y] child: div, content_height=79.2, margin.bottom=0.0, total_height=79.2, y after=252.6
  [UPDATE Y] child: div, content_height=79.2, margin.bottom=0.0, total_height=79.2, y after=331.8
  [UPDATE Y] child: div, content_height=79.2, margin.bottom=0.0, total_height=79.2, y after=411.0
  [UPDATE Y] child: div, content_height=79.2, margin.bottom=0.0, total_height=79.2, y after=490.2
  [UPDATE Y] child: div, content_height=79.2, margin.bottom=0.0, total_height=79.2, y after=569.4
  [UPDATE Y] child: div, content_height=79.2, margin.bottom=0.0, total_height=79.2, y after=648.6
  [UPDATE Y] child: div, content_height=697.6, margin.bottom=0.0, total_height=697.6, y after=809.7
[LAYOUT] Child element: div (parent: body)
  parent.content: x=0.0, y=0.0
  parent.padding: left=20.0, top=20.0
  child.margin: left=0.0, top=0.0
  y (accumulated): 2472.8
  child.content: x=20.0 (was 0.0), y=2472.8 (was 0.0)
  [UPDATE Y] child: div, content_height=809.7, margin.bottom=0.0, total_height=809.7, y after=3282.5
[LAYOUT] Child element: text (parent: body)
  parent.content: x=0.0, y=0.0
  parent.padding: left=20.0, top=20.0
  child.margin: left=0.0, top=0.0
  y (accumulated): 3282.5
  child.content: x=20.0 (was 0.0), y=3282.5 (was 0.0)
  [UPDATE Y] child: text, content_height=0.0, margin.bottom=0.0, total_height=0.0, y after=3282.5
  [TEXT HEIGHT] text: "大号文本（32px�...", font_size=16.0, line_height=19.2, height=19.2
  [TEXT HEIGHT] text: "中等文本（20px�...", font_size=16.0, line_height=19.2, height=19.2
  [TEXT HEIGHT] text: "小号文本（12px�...", font_size=16.0, line_height=19.2, height=19.2
  [TEXT HEIGHT] text: "下划线文本...", font_size=16.0, line_height=19.2, height=19.2
  [TEXT HEIGHT] text: "删除线文本...", font_size=16.0, line_height=19.2, height=19.2
[LAYOUT] Child element: div (parent: body)
  parent.content: x=0.0, y=0.0
  parent.padding: left=20.0, top=20.0
  child.margin: left=0.0, top=0.0
  y (accumulated): 3282.5
  child.content: x=20.0 (was 0.0), y=3282.5 (was 0.0)
  [UPDATE Y] child: div, content_height=405.5, margin.bottom=0.0, total_height=405.5, y after=3688.0
[LAYOUT] Child element: text (parent: body)
  parent.content: x=0.0, y=0.0
  parent.padding: left=20.0, top=20.0
  child.margin: left=0.0, top=0.0
  y (accumulated): 3688.0
  child.content: x=20.0 (was 0.0), y=3688.0 (was 0.0)
  [UPDATE Y] child: text, content_height=0.0, margin.bottom=0.0, total_height=0.0, y after=3688.0
  [TEXT HEIGHT] text: "这是一个测试�...", font_size=16.0, line_height=25.6, height=25.6
  [TEXT HEIGHT] text: "這是一個測試�...", font_size=16.0, line_height=25.6, height=25.6
  [TEXT HEIGHT] text: "これはテスト�...", font_size=16.0, line_height=25.6, height=25.6
  [TEXT HEIGHT] text: "이것은 테스트 ...", font_size=16.0, line_height=25.6, height=25.6
  [TEXT HEIGHT] text: "This is a test page ...", font_size=16.0, line_height=25.6, height=25.6
  [TEXT HEIGHT] text: "混合文本 Mixed T...", font_size=16.0, line_height=25.6, height=25.6
[LAYOUT] Child element: div (parent: body)
  parent.content: x=0.0, y=0.0
  parent.padding: left=20.0, top=20.0
  child.margin: left=0.0, top=0.0
  y (accumulated): 3688.0
  child.content: x=20.0 (was 0.0), y=3688.0 (was 0.0)
  [UPDATE Y] child: div, content_height=610.3, margin.bottom=0.0, total_height=610.3, y after=4298.4
[LAYOUT] Child element: text (parent: body)
  parent.content: x=0.0, y=0.0
  parent.padding: left=20.0, top=20.0
  child.margin: left=0.0, top=0.0
  y (accumulated): 4298.4
  child.content: x=20.0 (was 0.0), y=4298.4 (was 0.0)
  [UPDATE Y] child: text, content_height=0.0, margin.bottom=0.0, total_height=0.0, y after=4298.4
  [TEXT HEIGHT] text: "这个区域有实�...", font_size=16.0, line_height=19.2, height=19.2
  [TEXT HEIGHT] text: "这个区域有虚�...", font_size=16.0, line_height=19.2, height=19.2
  [UPDATE Y] child: div, content_height=117.2, margin.bottom=0.0, total_height=117.2, y after=273.9
[LAYOUT] Child element: div (parent: body)
  parent.content: x=0.0, y=0.0
  parent.padding: left=20.0, top=20.0
  child.margin: left=0.0, top=0.0
  y (accumulated): 4298.4
  child.content: x=20.0 (was 0.0), y=4298.4 (was 0.0)
  [UPDATE Y] child: div, content_height=343.9, margin.bottom=0.0, total_height=343.9, y after=4642.3
[LAYOUT] Child element: text (parent: body)
  parent.content: x=0.0, y=0.0
  parent.padding: left=20.0, top=20.0
  child.margin: left=0.0, top=0.0
  y (accumulated): 4642.3
  child.content: x=20.0 (was 0.0), y=4642.3 (was 0.0)
  [UPDATE Y] child: text, content_height=0.0, margin.bottom=0.0, total_height=0.0, y after=4642.3
  [TEXT HEIGHT] text: "第一层嵌套...", font_size=16.0, line_height=19.2, height=19.2
  [TEXT HEIGHT] text: "第二层嵌套...", font_size=16.0, line_height=19.2, height=19.2
  [TEXT HEIGHT] text: "第三层嵌套...", font_size=16.0, line_height=19.2, height=19.2
  [UPDATE Y] child: div, content_height=71.2, margin.bottom=2.0, total_height=73.2, y after=132.4
  [UPDATE Y] child: div, content_height=160.4, margin.bottom=3.0, total_height=163.4, y after=224.6
  [UPDATE Y] child: div, content_height=258.6, margin.bottom=5.0, total_height=263.6, y after=364.1
[LAYOUT] Child element: div (parent: body)
  parent.content: x=0.0, y=0.0
  parent.padding: left=20.0, top=20.0
  child.margin: left=0.0, top=0.0
  y (accumulated): 4642.3
  child.content: x=20.0 (was 0.0), y=4642.3 (was 0.0)
  [UPDATE Y] child: div, content_height=413.1, margin.bottom=0.0, total_height=413.1, y after=5055.4
[LAYOUT] Child element: text (parent: body)
  parent.content: x=0.0, y=0.0
  parent.padding: left=20.0, top=20.0
  child.margin: left=0.0, top=0.0
  y (accumulated): 5055.4
  child.content: x=20.0 (was 0.0), y=5055.4 (was 0.0)
  [UPDATE Y] child: text, content_height=0.0, margin.bottom=0.0, total_height=0.0, y after=5055.4
  [TEXT HEIGHT] text: "HTML实体：<div> &...", font_size=16.0, line_height=19.2, height=19.2
  [TEXT HEIGHT] text: "Unicode字符：© �...", font_size=16.0, line_height=19.2, height=19.2
  [TEXT HEIGHT] text: "数学符号：∑ �...", font_size=16.0, line_height=19.2, height=19.2
  [TEXT HEIGHT] text: "箭头符号：← �...", font_size=16.0, line_height=19.2, height=19.2
  [TEXT HEIGHT] text: "Emoji：😀 😃 �...", font_size=16.0, line_height=19.2, height=19.2
[LAYOUT] Child element: div (parent: body)
  parent.content: x=0.0, y=0.0
  parent.padding: left=20.0, top=20.0
  child.margin: left=0.0, top=0.0
  y (accumulated): 5055.4
  child.content: x=20.0 (was 0.0), y=5055.4 (was 0.0)
  [UPDATE Y] child: div, content_height=405.5, margin.bottom=0.0, total_height=405.5, y after=5460.9
[LAYOUT] Child element: text (parent: body)
  parent.content: x=0.0, y=0.0
  parent.padding: left=20.0, top=20.0
  child.margin: left=0.0, top=0.0
  y (accumulated): 5460.9
  child.content: x=20.0 (was 0.0), y=5460.9 (was 0.0)
  [UPDATE Y] child: text, content_height=0.0, margin.bottom=0.0, total_height=0.0, y after=5460.9
  [TEXT HEIGHT] text: "包含块级和行�...", font_size=16.0, line_height=19.2, height=19.2
  [UPDATE Y] child: div, content_height=222.4, margin.bottom=0.0, total_height=222.4, y after=222.4
  [TEXT HEIGHT] text: "另一个Flex子项�...", font_size=16.0, line_height=19.2, height=19.2
  [TEXT HEIGHT] text: "嵌套的div...", font_size=16.0, line_height=19.2, height=19.2
  [UPDATE Y] child: div, content_height=91.2, margin.bottom=0.0, total_height=91.2, y after=245.4
  [UPDATE Y] child: div, content_height=294.4, margin.bottom=0.0, total_height=294.4, y after=516.8
  [UPDATE Y] child: div, content_height=516.8, margin.bottom=0.0, total_height=516.8, y after=622.3
  [TEXT HEIGHT] text: "相对定位容器...", font_size=16.0, line_height=19.2, height=19.2
  [UPDATE Y] child: div, content_height=115.2, margin.bottom=0.0, total_height=115.2, y after=737.5
[LAYOUT] Child element: div (parent: body)
  parent.content: x=0.0, y=0.0
  parent.padding: left=20.0, top=20.0
  child.margin: left=0.0, top=0.0
  y (accumulated): 5460.9
  child.content: x=20.0 (was 0.0), y=5460.9 (was 0.0)
  [UPDATE Y] child: div, content_height=803.5, margin.bottom=0.0, total_height=803.5, y after=6264.4
[LAYOUT] Child element: text (parent: body)
  parent.content: x=0.0, y=0.0
  parent.padding: left=20.0, top=20.0
  child.margin: left=0.0, top=0.0
  y (accumulated): 6264.4
  child.content: x=20.0 (was 0.0), y=6264.4 (was 0.0)
  [UPDATE Y] child: text, content_height=0.0, margin.bottom=0.0, total_height=0.0, y after=6264.4
  [TEXT HEIGHT] text: "ZBrowser功能测试...", font_size=16.0, line_height=19.2, height=19.2
  [TEXT HEIGHT] text: "包含：块级布�...", font_size=16.0, line_height=19.2, height=19.2
[LAYOUT] Child element: div (parent: body)
  parent.content: x=0.0, y=0.0
  parent.padding: left=20.0, top=20.0
  child.margin: left=0.0, top=30.0
  y (accumulated): 6264.4
  child.content: x=20.0 (was 0.0), y=6294.4 (was 0.0)
  [UPDATE Y] child: div, content_height=182.4, margin.bottom=0.0, total_height=182.4, y after=6446.8
[LAYOUT] Child element: body (parent: html)
  parent.content: x=0.0, y=0.0
  parent.padding: left=0.0, top=0.0
  child.margin: left=0.0, top=0.0
  y (accumulated): 0.0
  child.content: x=0.0 (was 0.0), y=0.0 (was 0.0)
  [UPDATE Y] child: body, content_height=6506.8, margin.bottom=0.0, total_height=6506.8, y after=6506.8
[LAYOUT] Element: body, is_root: false
  margin: top=0.0, right=0.0, bottom=0.0, left=0.0
  padding: top=20.0, right=20.0, bottom=20.0, left=20.0
  content: x=0.0, y=0.0, width=1160.0, height=6466.8
  containing_block: width=1200.0, height=6506.8
[LAYOUT] Body element position set: x=0.0, y=0.0 (margin: left=0.0, top=0.0)
[CONTAINING BLOCK] body.content.width=1160.0, child_containing_block.width=1160.0
[WIDTH DEBUG] h1: containing_block.width=1160.0, available_width=1160.0, calculated_width=1156.0
[LAYOUT] Child element: h1 (parent: body)
  parent.content: x=0.0, y=0.0
  parent.padding: left=20.0, top=20.0
  child.margin: left=0.0, top=21.4
  y (accumulated): 20.0
  child.content: x=20.0 (was 20.0), y=41.4 (was 41.4)
  [UPDATE Y] child: h1, content_height=50.0, margin.bottom=21.4, total_height=71.4, y after=91.4
[LAYOUT] Child element: text (parent: body)
  parent.content: x=0.0, y=0.0
  parent.padding: left=20.0, top=20.0
  child.margin: left=0.0, top=0.0
  y (accumulated): 91.4
  child.content: x=20.0 (was 20.0), y=91.4 (was 91.4)
  [UPDATE Y] child: text, content_height=0.0, margin.bottom=0.0, total_height=0.0, y after=91.4
[WIDTH DEBUG] h1: containing_block.width=1126.0, available_width=1126.0, calculated_width=1126.0
[LAYOUT] Child element: h1 (parent: div)
  parent.content: x=20.0, y=91.4
  parent.padding: left=15.0, top=15.0
  child.margin: left=0.0, top=16.1
  y (accumulated): 15.0
  child.content: x=15.0 (was 15.0), y=122.5 (was 31.1)
  [UPDATE Y] child: h1, content_height=62.1, margin.bottom=16.1, total_height=78.2, y after=93.2
  [UPDATE Y] child: div, content_height=96.0, margin.bottom=0.0, total_height=96.0, y after=301.2
[LAYOUT] Child element: div (parent: body)
  parent.content: x=0.0, y=0.0
  parent.padding: left=20.0, top=20.0
  child.margin: left=0.0, top=0.0
  y (accumulated): 91.4
  child.content: x=20.0 (was 20.0), y=91.4 (was 91.4)
  [UPDATE Y] child: div, content_height=350.2, margin.bottom=0.0, total_height=350.2, y after=441.6
[LAYOUT] Child element: text (parent: body)
  parent.content: x=0.0, y=0.0
  parent.padding: left=20.0, top=20.0
  child.margin: left=0.0, top=0.0
  y (accumulated): 441.6
  child.content: x=20.0 (was 20.0), y=441.6 (was 441.6)
  [UPDATE Y] child: text, content_height=0.0, margin.bottom=0.0, total_height=0.0, y after=441.6
[LAYOUT] Child element: div (parent: body)
  parent.content: x=0.0, y=0.0
  parent.padding: left=20.0, top=20.0
  child.margin: left=0.0, top=0.0
  y (accumulated): 441.6
  child.content: x=20.0 (was 20.0), y=441.6 (was 441.6)
  [UPDATE Y] child: div, content_height=329.4, margin.bottom=0.0, total_height=329.4, y after=771.0
[LAYOUT] Child element: text (parent: body)
  parent.content: x=0.0, y=0.0
  parent.padding: left=20.0, top=20.0
  child.margin: left=0.0, top=0.0
  y (accumulated): 771.0
  child.content: x=20.0 (was 20.0), y=771.0 (was 771.0)
  [UPDATE Y] child: text, content_height=0.0, margin.bottom=0.0, total_height=0.0, y after=771.0
  [UPDATE Y] child: div, content_height=59.2, margin.bottom=5.0, total_height=64.2, y after=138.2
  [UPDATE Y] child: div, content_height=59.2, margin.bottom=5.0, total_height=64.2, y after=202.4
[LAYOUT] Child element: div (parent: body)
  parent.content: x=0.0, y=0.0
  parent.padding: left=20.0, top=20.0
  child.margin: left=0.0, top=0.0
  y (accumulated): 771.0
  child.content: x=20.0 (was 20.0), y=771.0 (was 771.0)
  [UPDATE Y] child: div, content_height=334.0, margin.bottom=0.0, total_height=334.0, y after=1105.0
[LAYOUT] Child element: text (parent: body)
  parent.content: x=0.0, y=0.0
  parent.padding: left=20.0, top=20.0
  child.margin: left=0.0, top=0.0
  y (accumulated): 1105.0
  child.content: x=20.0 (was 20.0), y=1105.0 (was 1105.0)
  [UPDATE Y] child: text, content_height=0.0, margin.bottom=0.0, total_height=0.0, y after=1105.0
  [UPDATE Y] child: div, content_height=59.2, margin.bottom=0.0, total_height=59.2, y after=287.8
[LAYOUT] Child element: div (parent: body)
  parent.content: x=0.0, y=0.0
  parent.padding: left=20.0, top=20.0
  child.margin: left=0.0, top=0.0
  y (accumulated): 1105.0
  child.content: x=20.0 (was 20.0), y=1105.0 (was 1105.0)
  [UPDATE Y] child: div, content_height=336.8, margin.bottom=0.0, total_height=336.8, y after=1441.8
[LAYOUT] Child element: text (parent: body)
  parent.content: x=0.0, y=0.0
  parent.padding: left=20.0, top=20.0
  child.margin: left=0.0, top=0.0
  y (accumulated): 1441.8
  child.content: x=20.0 (was 20.0), y=1441.8 (was 1441.8)
  [UPDATE Y] child: text, content_height=0.0, margin.bottom=0.0, total_height=0.0, y after=1441.8
  [UPDATE Y] child: div, content_height=99.2, margin.bottom=5.0, total_height=104.2, y after=119.2
  [UPDATE Y] child: div, content_height=99.2, margin.bottom=5.0, total_height=104.2, y after=223.4
  [UPDATE Y] child: div, content_height=99.2, margin.bottom=5.0, total_height=104.2, y after=327.6
  [UPDATE Y] child: div, content_height=99.2, margin.bottom=5.0, total_height=104.2, y after=431.8
  [UPDATE Y] child: div, content_height=99.2, margin.bottom=5.0, total_height=104.2, y after=536.0
  [UPDATE Y] child: div, content_height=585.0, margin.bottom=0.0, total_height=585.0, y after=697.1
  [UPDATE Y] child: div, content_height=99.2, margin.bottom=5.0, total_height=104.2, y after=119.2
  [UPDATE Y] child: div, content_height=99.2, margin.bottom=5.0, total_height=104.2, y after=223.4
  [UPDATE Y] child: div, content_height=99.2, margin.bottom=5.0, total_height=104.2, y after=327.6
  [UPDATE Y] child: div, content_height=334.0, margin.bottom=0.0, total_height=334.0, y after=1031.1
[LAYOUT] Child element: div (parent: body)
  parent.content: x=0.0, y=0.0
  parent.padding: left=20.0, top=20.0
  child.margin: left=0.0, top=0.0
  y (accumulated): 1441.8
  child.content: x=20.0 (was 20.0), y=1441.8 (was 1441.8)
  [UPDATE Y] child: div, content_height=1031.1, margin.bottom=0.0, total_height=1031.1, y after=2472.8
[LAYOUT] Child element: text (parent: body)
  parent.content: x=0.0, y=0.0
  parent.padding: left=20.0, top=20.0
  child.margin: left=0.0, top=0.0
  y (accumulated): 2472.8
  child.content: x=20.0 (was 20.0), y=2472.8 (was 2472.8)
  [UPDATE Y] child: text, content_height=0.0, margin.bottom=0.0, total_height=0.0, y after=2472.8
  [UPDATE Y] child: div, content_height=79.2, margin.bottom=0.0, total_height=79.2, y after=94.2
  [UPDATE Y] child: div, content_height=79.2, margin.bottom=0.0, total_height=79.2, y after=173.4
  [UPDATE Y] child: div, content_height=79.2, margin.bottom=0.0, total_height=79.2, y after=252.6
  [UPDATE Y] child: div, content_height=79.2, margin.bottom=0.0, total_height=79.2, y after=331.8
  [UPDATE Y] child: div, content_height=79.2, margin.bottom=0.0, total_height=79.2, y after=411.0
  [UPDATE Y] child: div, content_height=79.2, margin.bottom=0.0, total_height=79.2, y after=490.2
  [UPDATE Y] child: div, content_height=79.2, margin.bottom=0.0, total_height=79.2, y after=569.4
  [UPDATE Y] child: div, content_height=79.2, margin.bottom=0.0, total_height=79.2, y after=648.6
  [UPDATE Y] child: div, content_height=697.6, margin.bottom=0.0, total_height=697.6, y after=809.7
[LAYOUT] Child element: div (parent: body)
  parent.content: x=0.0, y=0.0
  parent.padding: left=20.0, top=20.0
  child.margin: left=0.0, top=0.0
  y (accumulated): 2472.8
  child.content: x=20.0 (was 20.0), y=2472.8 (was 2472.8)
  [UPDATE Y] child: div, content_height=809.7, margin.bottom=0.0, total_height=809.7, y after=3282.5
[LAYOUT] Child element: text (parent: body)
  parent.content: x=0.0, y=0.0
  parent.padding: left=20.0, top=20.0
  child.margin: left=0.0, top=0.0
  y (accumulated): 3282.5
  child.content: x=20.0 (was 20.0), y=3282.5 (was 3282.5)
  [UPDATE Y] child: text, content_height=0.0, margin.bottom=0.0, total_height=0.0, y after=3282.5
[LAYOUT] Child element: div (parent: body)
  parent.content: x=0.0, y=0.0
  parent.padding: left=20.0, top=20.0
  child.margin: left=0.0, top=0.0
  y (accumulated): 3282.5
  child.content: x=20.0 (was 20.0), y=3282.5 (was 3282.5)
  [UPDATE Y] child: div, content_height=405.5, margin.bottom=0.0, total_height=405.5, y after=3688.0
[LAYOUT] Child element: text (parent: body)
  parent.content: x=0.0, y=0.0
  parent.padding: left=20.0, top=20.0
  child.margin: left=0.0, top=0.0
  y (accumulated): 3688.0
  child.content: x=20.0 (was 20.0), y=3688.0 (was 3688.0)
  [UPDATE Y] child: text, content_height=0.0, margin.bottom=0.0, total_height=0.0, y after=3688.0
[LAYOUT] Child element: div (parent: body)
  parent.content: x=0.0, y=0.0
  parent.padding: left=20.0, top=20.0
  child.margin: left=0.0, top=0.0
  y (accumulated): 3688.0
  child.content: x=20.0 (was 20.0), y=3688.0 (was 3688.0)
  [UPDATE Y] child: div, content_height=610.3, margin.bottom=0.0, total_height=610.3, y after=4298.4
[LAYOUT] Child element: text (parent: body)
  parent.content: x=0.0, y=0.0
  parent.padding: left=20.0, top=20.0
  child.margin: left=0.0, top=0.0
  y (accumulated): 4298.4
  child.content: x=20.0 (was 20.0), y=4298.4 (was 4298.4)
  [UPDATE Y] child: text, content_height=0.0, margin.bottom=0.0, total_height=0.0, y after=4298.4
  [UPDATE Y] child: div, content_height=117.2, margin.bottom=0.0, total_height=117.2, y after=273.9
[LAYOUT] Child element: div (parent: body)
  parent.content: x=0.0, y=0.0
  parent.padding: left=20.0, top=20.0
  child.margin: left=0.0, top=0.0
  y (accumulated): 4298.4
  child.content: x=20.0 (was 20.0), y=4298.4 (was 4298.4)
  [UPDATE Y] child: div, content_height=343.9, margin.bottom=0.0, total_height=343.9, y after=4642.3
[LAYOUT] Child element: text (parent: body)
  parent.content: x=0.0, y=0.0
  parent.padding: left=20.0, top=20.0
  child.margin: left=0.0, top=0.0
  y (accumulated): 4642.3
  child.content: x=20.0 (was 20.0), y=4642.3 (was 4642.3)
  [UPDATE Y] child: text, content_height=0.0, margin.bottom=0.0, total_height=0.0, y after=4642.3
  [UPDATE Y] child: div, content_height=71.2, margin.bottom=2.0, total_height=73.2, y after=132.4
  [UPDATE Y] child: div, content_height=160.4, margin.bottom=3.0, total_height=163.4, y after=224.6
  [UPDATE Y] child: div, content_height=258.6, margin.bottom=5.0, total_height=263.6, y after=364.1
[LAYOUT] Child element: div (parent: body)
  parent.content: x=0.0, y=0.0
  parent.padding: left=20.0, top=20.0
  child.margin: left=0.0, top=0.0
  y (accumulated): 4642.3
  child.content: x=20.0 (was 20.0), y=4642.3 (was 4642.3)
  [UPDATE Y] child: div, content_height=413.1, margin.bottom=0.0, total_height=413.1, y after=5055.4
[LAYOUT] Child element: text (parent: body)
  parent.content: x=0.0, y=0.0
  parent.padding: left=20.0, top=20.0
  child.margin: left=0.0, top=0.0
  y (accumulated): 5055.4
  child.content: x=20.0 (was 20.0), y=5055.4 (was 5055.4)
  [UPDATE Y] child: text, content_height=0.0, margin.bottom=0.0, total_height=0.0, y after=5055.4
[LAYOUT] Child element: div (parent: body)
  parent.content: x=0.0, y=0.0
  parent.padding: left=20.0, top=20.0
  child.margin: left=0.0, top=0.0
  y (accumulated): 5055.4
  child.content: x=20.0 (was 20.0), y=5055.4 (was 5055.4)
  [UPDATE Y] child: div, content_height=405.5, margin.bottom=0.0, total_height=405.5, y after=5460.9
[LAYOUT] Child element: text (parent: body)
  parent.content: x=0.0, y=0.0
  parent.padding: left=20.0, top=20.0
  child.margin: left=0.0, top=0.0
  y (accumulated): 5460.9
  child.content: x=20.0 (was 20.0), y=5460.9 (was 5460.9)
  [UPDATE Y] child: text, content_height=0.0, margin.bottom=0.0, total_height=0.0, y after=5460.9
  [UPDATE Y] child: div, content_height=222.4, margin.bottom=0.0, total_height=222.4, y after=222.4
  [UPDATE Y] child: div, content_height=91.2, margin.bottom=0.0, total_height=91.2, y after=245.4
  [UPDATE Y] child: div, content_height=294.4, margin.bottom=0.0, total_height=294.4, y after=516.8
  [UPDATE Y] child: div, content_height=516.8, margin.bottom=0.0, total_height=516.8, y after=622.3
  [UPDATE Y] child: div, content_height=115.2, margin.bottom=0.0, total_height=115.2, y after=737.5
[LAYOUT] Child element: div (parent: body)
  parent.content: x=0.0, y=0.0
  parent.padding: left=20.0, top=20.0
  child.margin: left=0.0, top=0.0
  y (accumulated): 5460.9
  child.content: x=20.0 (was 20.0), y=5460.9 (was 5460.9)
  [UPDATE Y] child: div, content_height=803.5, margin.bottom=0.0, total_height=803.5, y after=6264.4
[LAYOUT] Child element: text (parent: body)
  parent.content: x=0.0, y=0.0
  parent.padding: left=20.0, top=20.0
  child.margin: left=0.0, top=0.0
  y (accumulated): 6264.4
  child.content: x=20.0 (was 20.0), y=6264.4 (was 6264.4)
  [UPDATE Y] child: text, content_height=0.0, margin.bottom=0.0, total_height=0.0, y after=6264.4
[LAYOUT] Child element: div (parent: body)
  parent.content: x=0.0, y=0.0
  parent.padding: left=20.0, top=20.0
  child.margin: left=0.0, top=30.0
  y (accumulated): 6264.4
  child.content: x=20.0 (was 20.0), y=6294.4 (was 6294.4)
  [UPDATE Y] child: div, content_height=182.4, margin.bottom=0.0, total_height=182.4, y after=6446.8
[WIDTH DEBUG] h1: containing_block.width=1160.0, available_width=1160.0, calculated_width=1156.0
[WIDTH DEBUG] h1: containing_block.width=1126.0, available_width=1126.0, calculated_width=1126.0
[LAYOUT] Child element: h1 (parent: div)
  parent.content: x=20.0, y=91.4
  parent.padding: left=15.0, top=15.0
  child.margin: left=0.0, top=16.1
  y (accumulated): 15.0
  child.content: x=15.0 (was 15.0), y=122.5 (was 122.5)
  [UPDATE Y] child: h1, content_height=62.1, margin.bottom=16.1, total_height=78.2, y after=93.2
  [UPDATE Y] child: div, content_height=96.0, margin.bottom=0.0, total_height=96.0, y after=301.2
[WIDTH DEBUG] h1: containing_block.width=1126.0, available_width=1126.0, calculated_width=1126.0
  [UPDATE Y] child: div, content_height=59.2, margin.bottom=5.0, total_height=64.2, y after=138.2
  [UPDATE Y] child: div, content_height=59.2, margin.bottom=5.0, total_height=64.2, y after=202.4
  [UPDATE Y] child: div, content_height=59.2, margin.bottom=0.0, total_height=59.2, y after=287.8
  [UPDATE Y] child: div, content_height=99.2, margin.bottom=5.0, total_height=104.2, y after=119.2
  [UPDATE Y] child: div, content_height=99.2, margin.bottom=5.0, total_height=104.2, y after=223.4
  [UPDATE Y] child: div, content_height=99.2, margin.bottom=5.0, total_height=104.2, y after=327.6
  [UPDATE Y] child: div, content_height=99.2, margin.bottom=5.0, total_height=104.2, y after=431.8
  [UPDATE Y] child: div, content_height=99.2, margin.bottom=5.0, total_height=104.2, y after=536.0
  [UPDATE Y] child: div, content_height=585.0, margin.bottom=0.0, total_height=585.0, y after=697.1
  [UPDATE Y] child: div, content_height=99.2, margin.bottom=5.0, total_height=104.2, y after=119.2
  [UPDATE Y] child: div, content_height=99.2, margin.bottom=5.0, total_height=104.2, y after=223.4
  [UPDATE Y] child: div, content_height=99.2, margin.bottom=5.0, total_height=104.2, y after=327.6
  [UPDATE Y] child: div, content_height=334.0, margin.bottom=0.0, total_height=334.0, y after=1031.1
  [UPDATE Y] child: div, content_height=79.2, margin.bottom=0.0, total_height=79.2, y after=94.2
  [UPDATE Y] child: div, content_height=79.2, margin.bottom=0.0, total_height=79.2, y after=173.4
  [UPDATE Y] child: div, content_height=79.2, margin.bottom=0.0, total_height=79.2, y after=252.6
  [UPDATE Y] child: div, content_height=79.2, margin.bottom=0.0, total_height=79.2, y after=331.8
  [UPDATE Y] child: div, content_height=79.2, margin.bottom=0.0, total_height=79.2, y after=411.0
  [UPDATE Y] child: div, content_height=79.2, margin.bottom=0.0, total_height=79.2, y after=490.2
  [UPDATE Y] child: div, content_height=79.2, margin.bottom=0.0, total_height=79.2, y after=569.4
  [UPDATE Y] child: div, content_height=79.2, margin.bottom=0.0, total_height=79.2, y after=648.6
  [UPDATE Y] child: div, content_height=697.6, margin.bottom=0.0, total_height=697.6, y after=809.7
  [UPDATE Y] child: div, content_height=117.2, margin.bottom=0.0, total_height=117.2, y after=273.9
  [UPDATE Y] child: div, content_height=71.2, margin.bottom=2.0, total_height=73.2, y after=132.4
  [UPDATE Y] child: div, content_height=160.4, margin.bottom=3.0, total_height=163.4, y after=224.6
  [UPDATE Y] child: div, content_height=258.6, margin.bottom=5.0, total_height=263.6, y after=364.1
  [UPDATE Y] child: div, content_height=71.2, margin.bottom=2.0, total_height=73.2, y after=132.4
  [UPDATE Y] child: div, content_height=160.4, margin.bottom=3.0, total_height=163.4, y after=224.6
  [UPDATE Y] child: div, content_height=71.2, margin.bottom=2.0, total_height=73.2, y after=132.4
  [UPDATE Y] child: div, content_height=222.4, margin.bottom=0.0, total_height=222.4, y after=222.4
  [UPDATE Y] child: div, content_height=91.2, margin.bottom=0.0, total_height=91.2, y after=245.4
  [UPDATE Y] child: div, content_height=294.4, margin.bottom=0.0, total_height=294.4, y after=516.8
  [UPDATE Y] child: div, content_height=516.8, margin.bottom=0.0, total_height=516.8, y after=622.3
  [UPDATE Y] child: div, content_height=115.2, margin.bottom=0.0, total_height=115.2, y after=737.5
[STYLE] h1 font-size parsed: 32.0px
[STYLE] p font-size parsed: 32.0px
[LAYOUT] Element: html, is_root: true
  margin: top=0.0, right=0.0, bottom=0.0, left=0.0
  padding: top=0.0, right=0.0, bottom=0.0, left=0.0
  content: x=0.0, y=0.0, width=1200.0, height=0.0
  containing_block: width=1200.0, height=800.0
[LAYOUT] Root element (html) position set to (0, 0)
[LAYOUT] Element: body, is_root: false
  margin: top=0.0, right=0.0, bottom=0.0, left=0.0
  padding: top=20.0, right=20.0, bottom=20.0, left=20.0
  content: x=0.0, y=0.0, width=1160.0, height=0.0
  containing_block: width=1200.0, height=800.0
[LAYOUT] Body element position set: x=0.0, y=0.0 (margin: left=0.0, top=0.0)
[CONTAINING BLOCK] body.content.width=1160.0, child_containing_block.width=1160.0
[WIDTH DEBUG] h1: containing_block.width=1160.0, available_width=1160.0, calculated_width=1160.0
  [TEXT HEIGHT] text: "ZBrowser功能测试...", font_size=32.0, line_height=46.0, height=46.0
[LAYOUT] Child element: h1 (parent: body)
  parent.content: x=0.0, y=0.0
  parent.padding: left=20.0, top=20.0
  child.margin: left=0.0, top=21.4
  y (accumulated): 20.0
  child.content: x=20.0 (was 0.0), y=41.4 (was 0.0)
  [UPDATE Y] child: h1, content_height=50.0, margin.bottom=21.4, total_height=71.4, y after=91.4
[LAYOUT] Child element: text (parent: body)
  parent.content: x=0.0, y=0.0
  parent.padding: left=20.0, top=20.0
  child.margin: left=0.0, top=0.0
  y (accumulated): 91.4
  child.content: x=20.0 (was 0.0), y=91.4 (was 0.0)
  [UPDATE Y] child: text, content_height=0.0, margin.bottom=0.0, total_height=0.0, y after=91.4
[WIDTH DEBUG] h1: containing_block.width=1126.0, available_width=1126.0, calculated_width=1126.0
  [TEXT HEIGHT] text: "块级布局测试...", font_size=32.0, line_height=46.0, height=46.0
[LAYOUT] Child element: h1 (parent: div)
  parent.content: x=0.0, y=0.0
  parent.padding: left=15.0, top=15.0
  child.margin: left=0.0, top=16.1
  y (accumulated): 15.0
  child.content: x=15.0 (was 0.0), y=31.1 (was 0.0)
  [UPDATE Y] child: h1, content_height=62.1, margin.bottom=16.1, total_height=78.2, y after=93.2
  [TEXT HEIGHT] text: "这是一个块级�...", font_size=16.0, line_height=24.0, height=24.0
  [TEXT HEIGHT] text: "这是另一个段�...", font_size=16.0, line_height=24.0, height=24.0
  [TEXT HEIGHT] text: "嵌套的div块级�...", font_size=16.0, line_height=24.0, height=24.0
  [UPDATE Y] child: div, content_height=96.0, margin.bottom=0.0, total_height=96.0, y after=301.2
[LAYOUT] Child element: div (parent: body)
  parent.content: x=0.0, y=0.0
  parent.padding: left=20.0, top=20.0
  child.margin: left=0.0, top=0.0
  y (accumulated): 91.4
  child.content: x=20.0 (was 0.0), y=91.4 (was 0.0)
  [UPDATE Y] child: div, content_height=350.2, margin.bottom=0.0, total_height=350.2, y after=441.6
[LAYOUT] Child element: text (parent: body)
  parent.content: x=0.0, y=0.0
  parent.padding: left=20.0, top=20.0
  child.margin: left=0.0, top=0.0
  y (accumulated): 441.6
  child.content: x=20.0 (was 0.0), y=441.6 (was 0.0)
  [UPDATE Y] child: text, content_height=0.0, margin.bottom=0.0, total_height=0.0, y after=441.6
  [TEXT HEIGHT] text: "
      这是行内�...", font_size=16.0, line_height=19.2, height=19.2
  [TEXT HEIGHT] text: "行内元素不会�...", font_size=16.0, line_height=19.2, height=19.2
[LAYOUT] Child element: div (parent: body)
  parent.content: x=0.0, y=0.0
  parent.padding: left=20.0, top=20.0
  child.margin: left=0.0, top=0.0
  y (accumulated): 441.6
  child.content: x=20.0 (was 0.0), y=441.6 (was 0.0)
  [UPDATE Y] child: div, content_height=329.4, margin.bottom=0.0, total_height=329.4, y after=771.0
[LAYOUT] Child element: text (parent: body)
  parent.content: x=0.0, y=0.0
  parent.padding: left=20.0, top=20.0
  child.margin: left=0.0, top=0.0
  y (accumulated): 771.0
  child.content: x=20.0 (was 0.0), y=771.0 (was 0.0)
  [UPDATE Y] child: text, content_height=0.0, margin.bottom=0.0, total_height=0.0, y after=771.0
  [UPDATE Y] child: div, content_height=59.2, margin.bottom=5.0, total_height=64.2, y after=138.2
  [UPDATE Y] child: div, content_height=59.2, margin.bottom=5.0, total_height=64.2, y after=202.4
[LAYOUT] Child element: div (parent: body)
  parent.content: x=0.0, y=0.0
  parent.padding: left=20.0, top=20.0
  child.margin: left=0.0, top=0.0
  y (accumulated): 771.0
  child.content: x=20.0 (was 0.0), y=771.0 (was 0.0)
  [UPDATE Y] child: div, content_height=334.0, margin.bottom=0.0, total_height=334.0, y after=1105.0
[LAYOUT] Child element: text (parent: body)
  parent.content: x=0.0, y=0.0
  parent.padding: left=20.0, top=20.0
  child.margin: left=0.0, top=0.0
  y (accumulated): 1105.0
  child.content: x=20.0 (was 0.0), y=1105.0 (was 0.0)
  [UPDATE Y] child: text, content_height=0.0, margin.bottom=0.0, total_height=0.0, y after=1105.0
  [TEXT HEIGHT] text: "左浮动元素...", font_size=16.0, line_height=19.2, height=19.2
  [TEXT HEIGHT] text: "这个元素会浮�...", font_size=16.0, line_height=19.2, height=19.2
  [TEXT HEIGHT] text: "右浮动元素...", font_size=16.0, line_height=19.2, height=19.2
  [TEXT HEIGHT] text: "这个元素会浮�...", font_size=16.0, line_height=19.2, height=19.2
  [TEXT HEIGHT] text: "这是正常流中�...", font_size=16.0, line_height=19.2, height=19.2
  [UPDATE Y] child: div, content_height=59.2, margin.bottom=0.0, total_height=59.2, y after=287.8
[LAYOUT] Child element: div (parent: body)
  parent.content: x=0.0, y=0.0
  parent.padding: left=20.0, top=20.0
  child.margin: left=0.0, top=0.0
  y (accumulated): 1105.0
  child.content: x=20.0 (was 0.0), y=1105.0 (was 0.0)
  [UPDATE Y] child: div, content_height=336.8, margin.bottom=0.0, total_height=336.8, y after=1441.8
[LAYOUT] Child element: text (parent: body)
  parent.content: x=0.0, y=0.0
  parent.padding: left=20.0, top=20.0
  child.margin: left=0.0, top=0.0
  y (accumulated): 1441.8
  child.content: x=20.0 (was 0.0), y=1441.8 (was 0.0)
  [UPDATE Y] child: text, content_height=0.0, margin.bottom=0.0, total_height=0.0, y after=1441.8
  [UPDATE Y] child: div, content_height=99.2, margin.bottom=5.0, total_height=104.2, y after=119.2
  [UPDATE Y] child: div, content_height=99.2, margin.bottom=5.0, total_height=104.2, y after=223.4
  [UPDATE Y] child: div, content_height=99.2, margin.bottom=5.0, total_height=104.2, y after=327.6
  [UPDATE Y] child: div, content_height=99.2, margin.bottom=5.0, total_height=104.2, y after=431.8
  [UPDATE Y] child: div, content_height=99.2, margin.bottom=5.0, total_height=104.2, y after=536.0
  [UPDATE Y] child: div, content_height=585.0, margin.bottom=0.0, total_height=585.0, y after=697.1
  [UPDATE Y] child: div, content_height=99.2, margin.bottom=5.0, total_height=104.2, y after=119.2
  [UPDATE Y] child: div, content_height=99.2, margin.bottom=5.0, total_height=104.2, y after=223.4
  [UPDATE Y] child: div, content_height=99.2, margin.bottom=5.0, total_height=104.2, y after=327.6
  [UPDATE Y] child: div, content_height=334.0, margin.bottom=0.0, total_height=334.0, y after=1031.1
[LAYOUT] Child element: div (parent: body)
  parent.content: x=0.0, y=0.0
  parent.padding: left=20.0, top=20.0
  child.margin: left=0.0, top=0.0
  y (accumulated): 1441.8
  child.content: x=20.0 (was 0.0), y=1441.8 (was 0.0)
  [UPDATE Y] child: div, content_height=1031.1, margin.bottom=0.0, total_height=1031.1, y after=2472.8
[LAYOUT] Child element: text (parent: body)
  parent.content: x=0.0, y=0.0
  parent.padding: left=20.0, top=20.0
  child.margin: left=0.0, top=0.0
  y (accumulated): 2472.8
  child.content: x=20.0 (was 0.0), y=2472.8 (was 0.0)
  [UPDATE Y] child: text, content_height=0.0, margin.bottom=0.0, total_height=0.0, y after=2472.8
  [UPDATE Y] child: div, content_height=79.2, margin.bottom=0.0, total_height=79.2, y after=94.2
  [UPDATE Y] child: div, content_height=79.2, margin.bottom=0.0, total_height=79.2, y after=173.4
  [UPDATE Y] child: div, content_height=79.2, margin.bottom=0.0, total_height=79.2, y after=252.6
  [UPDATE Y] child: div, content_height=79.2, margin.bottom=0.0, total_height=79.2, y after=331.8
  [UPDATE Y] child: div, content_height=79.2, margin.bottom=0.0, total_height=79.2, y after=411.0
  [UPDATE Y] child: div, content_height=79.2, margin.bottom=0.0, total_height=79.2, y after=490.2
  [UPDATE Y] child: div, content_height=79.2, margin.bottom=0.0, total_height=79.2, y after=569.4
  [UPDATE Y] child: div, content_height=79.2, margin.bottom=0.0, total_height=79.2, y after=648.6
  [UPDATE Y] child: div, content_height=697.6, margin.bottom=0.0, total_height=697.6, y after=809.7
[LAYOUT] Child element: div (parent: body)
  parent.content: x=0.0, y=0.0
  parent.padding: left=20.0, top=20.0
  child.margin: left=0.0, top=0.0
  y (accumulated): 2472.8
  child.content: x=20.0 (was 0.0), y=2472.8 (was 0.0)
  [UPDATE Y] child: div, content_height=809.7, margin.bottom=0.0, total_height=809.7, y after=3282.5
[LAYOUT] Child element: text (parent: body)
  parent.content: x=0.0, y=0.0
  parent.padding: left=20.0, top=20.0
  child.margin: left=0.0, top=0.0
  y (accumulated): 3282.5
  child.content: x=20.0 (was 0.0), y=3282.5 (was 0.0)
  [UPDATE Y] child: text, content_height=0.0, margin.bottom=0.0, total_height=0.0, y after=3282.5
  [TEXT HEIGHT] text: "大号文本（32px�...", font_size=16.0, line_height=19.2, height=19.2
  [TEXT HEIGHT] text: "中等文本（20px�...", font_size=16.0, line_height=19.2, height=19.2
  [TEXT HEIGHT] text: "小号文本（12px�...", font_size=16.0, line_height=19.2, height=19.2
  [TEXT HEIGHT] text: "下划线文本...", font_size=16.0, line_height=19.2, height=19.2
  [TEXT HEIGHT] text: "删除线文本...", font_size=16.0, line_height=19.2, height=19.2
[LAYOUT] Child element: div (parent: body)
  parent.content: x=0.0, y=0.0
  parent.padding: left=20.0, top=20.0
  child.margin: left=0.0, top=0.0
  y (accumulated): 3282.5
  child.content: x=20.0 (was 0.0), y=3282.5 (was 0.0)
  [UPDATE Y] child: div, content_height=405.5, margin.bottom=0.0, total_height=405.5, y after=3688.0
[LAYOUT] Child element: text (parent: body)
  parent.content: x=0.0, y=0.0
  parent.padding: left=20.0, top=20.0
  child.margin: left=0.0, top=0.0
  y (accumulated): 3688.0
  child.content: x=20.0 (was 0.0), y=3688.0 (was 0.0)
  [UPDATE Y] child: text, content_height=0.0, margin.bottom=0.0, total_height=0.0, y after=3688.0
  [TEXT HEIGHT] text: "这是一个测试�...", font_size=16.0, line_height=25.6, height=25.6
  [TEXT HEIGHT] text: "這是一個測試�...", font_size=16.0, line_height=25.6, height=25.6
  [TEXT HEIGHT] text: "これはテスト�...", font_size=16.0, line_height=25.6, height=25.6
  [TEXT HEIGHT] text: "이것은 테스트 ...", font_size=16.0, line_height=25.6, height=25.6
  [TEXT HEIGHT] text: "This is a test page ...", font_size=16.0, line_height=25.6, height=25.6
  [TEXT HEIGHT] text: "混合文本 Mixed T...", font_size=16.0, line_height=25.6, height=25.6
[LAYOUT] Child element: div (parent: body)
  parent.content: x=0.0, y=0.0
  parent.padding: left=20.0, top=20.0
  child.margin: left=0.0, top=0.0
  y (accumulated): 3688.0
  child.content: x=20.0 (was 0.0), y=3688.0 (was 0.0)
  [UPDATE Y] child: div, content_height=610.3, margin.bottom=0.0, total_height=610.3, y after=4298.4
[LAYOUT] Child element: text (parent: body)
  parent.content: x=0.0, y=0.0
  parent.padding: left=20.0, top=20.0
  child.margin: left=0.0, top=0.0
  y (accumulated): 4298.4
  child.content: x=20.0 (was 0.0), y=4298.4 (was 0.0)
  [UPDATE Y] child: text, content_height=0.0, margin.bottom=0.0, total_height=0.0, y after=4298.4
  [TEXT HEIGHT] text: "这个区域有实�...", font_size=16.0, line_height=19.2, height=19.2
  [TEXT HEIGHT] text: "这个区域有虚�...", font_size=16.0, line_height=19.2, height=19.2
  [UPDATE Y] child: div, content_height=117.2, margin.bottom=0.0, total_height=117.2, y after=273.9
[LAYOUT] Child element: div (parent: body)
  parent.content: x=0.0, y=0.0
  parent.padding: left=20.0, top=20.0
  child.margin: left=0.0, top=0.0
  y (accumulated): 4298.4
  child.content: x=20.0 (was 0.0), y=4298.4 (was 0.0)
  [UPDATE Y] child: div, content_height=343.9, margin.bottom=0.0, total_height=343.9, y after=4642.3
[LAYOUT] Child element: text (parent: body)
  parent.content: x=0.0, y=0.0
  parent.padding: left=20.0, top=20.0
  child.margin: left=0.0, top=0.0
  y (accumulated): 4642.3
  child.content: x=20.0 (was 0.0), y=4642.3 (was 0.0)
  [UPDATE Y] child: text, content_height=0.0, margin.bottom=0.0, total_height=0.0, y after=4642.3
  [TEXT HEIGHT] text: "第一层嵌套...", font_size=16.0, line_height=19.2, height=19.2
  [TEXT HEIGHT] text: "第二层嵌套...", font_size=16.0, line_height=19.2, height=19.2
  [TEXT HEIGHT] text: "第三层嵌套...", font_size=16.0, line_height=19.2, height=19.2
  [UPDATE Y] child: div, content_height=71.2, margin.bottom=2.0, total_height=73.2, y after=132.4
  [UPDATE Y] child: div, content_height=160.4, margin.bottom=3.0, total_height=163.4, y after=224.6
  [UPDATE Y] child: div, content_height=258.6, margin.bottom=5.0, total_height=263.6, y after=364.1
[LAYOUT] Child element: div (parent: body)
  parent.content: x=0.0, y=0.0
  parent.padding: left=20.0, top=20.0
  child.margin: left=0.0, top=0.0
  y (accumulated): 4642.3
  child.content: x=20.0 (was 0.0), y=4642.3 (was 0.0)
  [UPDATE Y] child: div, content_height=413.1, margin.bottom=0.0, total_height=413.1, y after=5055.4
[LAYOUT] Child element: text (parent: body)
  parent.content: x=0.0, y=0.0
  parent.padding: left=20.0, top=20.0
  child.margin: left=0.0, top=0.0
  y (accumulated): 5055.4
  child.content: x=20.0 (was 0.0), y=5055.4 (was 0.0)
  [UPDATE Y] child: text, content_height=0.0, margin.bottom=0.0, total_height=0.0, y after=5055.4
  [TEXT HEIGHT] text: "HTML实体：<div> &...", font_size=16.0, line_height=19.2, height=19.2
  [TEXT HEIGHT] text: "Unicode字符：© �...", font_size=16.0, line_height=19.2, height=19.2
  [TEXT HEIGHT] text: "数学符号：∑ �...", font_size=16.0, line_height=19.2, height=19.2
  [TEXT HEIGHT] text: "箭头符号：← �...", font_size=16.0, line_height=19.2, height=19.2
  [TEXT HEIGHT] text: "Emoji：😀 😃 �...", font_size=16.0, line_height=19.2, height=19.2
[LAYOUT] Child element: div (parent: body)
  parent.content: x=0.0, y=0.0
  parent.padding: left=20.0, top=20.0
  child.margin: left=0.0, top=0.0
  y (accumulated): 5055.4
  child.content: x=20.0 (was 0.0), y=5055.4 (was 0.0)
  [UPDATE Y] child: div, content_height=405.5, margin.bottom=0.0, total_height=405.5, y after=5460.9
[LAYOUT] Child element: text (parent: body)
  parent.content: x=0.0, y=0.0
  parent.padding: left=20.0, top=20.0
  child.margin: left=0.0, top=0.0
  y (accumulated): 5460.9
  child.content: x=20.0 (was 0.0), y=5460.9 (was 0.0)
  [UPDATE Y] child: text, content_height=0.0, margin.bottom=0.0, total_height=0.0, y after=5460.9
  [TEXT HEIGHT] text: "包含块级和行�...", font_size=16.0, line_height=19.2, height=19.2
  [UPDATE Y] child: div, content_height=222.4, margin.bottom=0.0, total_height=222.4, y after=222.4
  [TEXT HEIGHT] text: "另一个Flex子项�...", font_size=16.0, line_height=19.2, height=19.2
  [TEXT HEIGHT] text: "嵌套的div...", font_size=16.0, line_height=19.2, height=19.2
  [UPDATE Y] child: div, content_height=91.2, margin.bottom=0.0, total_height=91.2, y after=245.4
  [UPDATE Y] child: div, content_height=294.4, margin.bottom=0.0, total_height=294.4, y after=516.8
  [UPDATE Y] child: div, content_height=516.8, margin.bottom=0.0, total_height=516.8, y after=622.3
  [TEXT HEIGHT] text: "相对定位容器...", font_size=16.0, line_height=19.2, height=19.2
  [UPDATE Y] child: div, content_height=115.2, margin.bottom=0.0, total_height=115.2, y after=737.5
[LAYOUT] Child element: div (parent: body)
  parent.content: x=0.0, y=0.0
  parent.padding: left=20.0, top=20.0
  child.margin: left=0.0, top=0.0
  y (accumulated): 5460.9
  child.content: x=20.0 (was 0.0), y=5460.9 (was 0.0)
  [UPDATE Y] child: div, content_height=803.5, margin.bottom=0.0, total_height=803.5, y after=6264.4
[LAYOUT] Child element: text (parent: body)
  parent.content: x=0.0, y=0.0
  parent.padding: left=20.0, top=20.0
  child.margin: left=0.0, top=0.0
  y (accumulated): 6264.4
  child.content: x=20.0 (was 0.0), y=6264.4 (was 0.0)
  [UPDATE Y] child: text, content_height=0.0, margin.bottom=0.0, total_height=0.0, y after=6264.4
  [TEXT HEIGHT] text: "ZBrowser功能测试...", font_size=16.0, line_height=19.2, height=19.2
  [TEXT HEIGHT] text: "包含：块级布�...", font_size=16.0, line_height=19.2, height=19.2
[LAYOUT] Child element: div (parent: body)
  parent.content: x=0.0, y=0.0
  parent.padding: left=20.0, top=20.0
  child.margin: left=0.0, top=30.0
  y (accumulated): 6264.4
  child.content: x=20.0 (was 0.0), y=6294.4 (was 0.0)
  [UPDATE Y] child: div, content_height=182.4, margin.bottom=0.0, total_height=182.4, y after=6446.8
[LAYOUT] Child element: body (parent: html)
  parent.content: x=0.0, y=0.0
  parent.padding: left=0.0, top=0.0
  child.margin: left=0.0, top=0.0
  y (accumulated): 0.0
  child.content: x=0.0 (was 0.0), y=0.0 (was 0.0)
  [UPDATE Y] child: body, content_height=6506.8, margin.bottom=0.0, total_height=6506.8, y after=6506.8
[LAYOUT] Element: body, is_root: false
  margin: top=0.0, right=0.0, bottom=0.0, left=0.0
  padding: top=20.0, right=20.0, bottom=20.0, left=20.0
  content: x=0.0, y=0.0, width=1160.0, height=6466.8
  containing_block: width=1200.0, height=6506.8
[LAYOUT] Body element position set: x=0.0, y=0.0 (margin: left=0.0, top=0.0)
[CONTAINING BLOCK] body.content.width=1160.0, child_containing_block.width=1160.0
[WIDTH DEBUG] h1: containing_block.width=1160.0, available_width=1160.0, calculated_width=1156.0
[LAYOUT] Child element: h1 (parent: body)
  parent.content: x=0.0, y=0.0
  parent.padding: left=20.0, top=20.0
  child.margin: left=0.0, top=21.4
  y (accumulated): 20.0
  child.content: x=20.0 (was 20.0), y=41.4 (was 41.4)
  [UPDATE Y] child: h1, content_height=50.0, margin.bottom=21.4, total_height=71.4, y after=91.4
[LAYOUT] Child element: text (parent: body)
  parent.content: x=0.0, y=0.0
  parent.padding: left=20.0, top=20.0
  child.margin: left=0.0, top=0.0
  y (accumulated): 91.4
  child.content: x=20.0 (was 20.0), y=91.4 (was 91.4)
  [UPDATE Y] child: text, content_height=0.0, margin.bottom=0.0, total_height=0.0, y after=91.4
[WIDTH DEBUG] h1: containing_block.width=1126.0, available_width=1126.0, calculated_width=1126.0
[LAYOUT] Child element: h1 (parent: div)
  parent.content: x=20.0, y=91.4
  parent.padding: left=15.0, top=15.0
  child.margin: left=0.0, top=16.1
  y (accumulated): 15.0
  child.content: x=15.0 (was 15.0), y=122.5 (was 31.1)
  [UPDATE Y] child: h1, content_height=62.1, margin.bottom=16.1, total_height=78.2, y after=93.2
  [UPDATE Y] child: div, content_height=96.0, margin.bottom=0.0, total_height=96.0, y after=301.2
[LAYOUT] Child element: div (parent: body)
  parent.content: x=0.0, y=0.0
  parent.padding: left=20.0, top=20.0
  child.margin: left=0.0, top=0.0
  y (accumulated): 91.4
  child.content: x=20.0 (was 20.0), y=91.4 (was 91.4)
  [UPDATE Y] child: div, content_height=350.2, margin.bottom=0.0, total_height=350.2, y after=441.6
[LAYOUT] Child element: text (parent: body)
  parent.content: x=0.0, y=0.0
  parent.padding: left=20.0, top=20.0
  child.margin: left=0.0, top=0.0
  y (accumulated): 441.6
  child.content: x=20.0 (was 20.0), y=441.6 (was 441.6)
  [UPDATE Y] child: text, content_height=0.0, margin.bottom=0.0, total_height=0.0, y after=441.6
[LAYOUT] Child element: div (parent: body)
  parent.content: x=0.0, y=0.0
  parent.padding: left=20.0, top=20.0
  child.margin: left=0.0, top=0.0
  y (accumulated): 441.6
  child.content: x=20.0 (was 20.0), y=441.6 (was 441.6)
  [UPDATE Y] child: div, content_height=329.4, margin.bottom=0.0, total_height=329.4, y after=771.0
[LAYOUT] Child element: text (parent: body)
  parent.content: x=0.0, y=0.0
  parent.padding: left=20.0, top=20.0
  child.margin: left=0.0, top=0.0
  y (accumulated): 771.0
  child.content: x=20.0 (was 20.0), y=771.0 (was 771.0)
  [UPDATE Y] child: text, content_height=0.0, margin.bottom=0.0, total_height=0.0, y after=771.0
  [UPDATE Y] child: div, content_height=59.2, margin.bottom=5.0, total_height=64.2, y after=138.2
  [UPDATE Y] child: div, content_height=59.2, margin.bottom=5.0, total_height=64.2, y after=202.4
[LAYOUT] Child element: div (parent: body)
  parent.content: x=0.0, y=0.0
  parent.padding: left=20.0, top=20.0
  child.margin: left=0.0, top=0.0
  y (accumulated): 771.0
  child.content: x=20.0 (was 20.0), y=771.0 (was 771.0)
  [UPDATE Y] child: div, content_height=334.0, margin.bottom=0.0, total_height=334.0, y after=1105.0
[LAYOUT] Child element: text (parent: body)
  parent.content: x=0.0, y=0.0
  parent.padding: left=20.0, top=20.0
  child.margin: left=0.0, top=0.0
  y (accumulated): 1105.0
  child.content: x=20.0 (was 20.0), y=1105.0 (was 1105.0)
  [UPDATE Y] child: text, content_height=0.0, margin.bottom=0.0, total_height=0.0, y after=1105.0
  [UPDATE Y] child: div, content_height=59.2, margin.bottom=0.0, total_height=59.2, y after=287.8
[LAYOUT] Child element: div (parent: body)
  parent.content: x=0.0, y=0.0
  parent.padding: left=20.0, top=20.0
  child.margin: left=0.0, top=0.0
  y (accumulated): 1105.0
  child.content: x=20.0 (was 20.0), y=1105.0 (was 1105.0)
  [UPDATE Y] child: div, content_height=336.8, margin.bottom=0.0, total_height=336.8, y after=1441.8
[LAYOUT] Child element: text (parent: body)
  parent.content: x=0.0, y=0.0
  parent.padding: left=20.0, top=20.0
  child.margin: left=0.0, top=0.0
  y (accumulated): 1441.8
  child.content: x=20.0 (was 20.0), y=1441.8 (was 1441.8)
  [UPDATE Y] child: text, content_height=0.0, margin.bottom=0.0, total_height=0.0, y after=1441.8
  [UPDATE Y] child: div, content_height=99.2, margin.bottom=5.0, total_height=104.2, y after=119.2
  [UPDATE Y] child: div, content_height=99.2, margin.bottom=5.0, total_height=104.2, y after=223.4
  [UPDATE Y] child: div, content_height=99.2, margin.bottom=5.0, total_height=104.2, y after=327.6
  [UPDATE Y] child: div, content_height=99.2, margin.bottom=5.0, total_height=104.2, y after=431.8
  [UPDATE Y] child: div, content_height=99.2, margin.bottom=5.0, total_height=104.2, y after=536.0
  [UPDATE Y] child: div, content_height=585.0, margin.bottom=0.0, total_height=585.0, y after=697.1
  [UPDATE Y] child: div, content_height=99.2, margin.bottom=5.0, total_height=104.2, y after=119.2
  [UPDATE Y] child: div, content_height=99.2, margin.bottom=5.0, total_height=104.2, y after=223.4
  [UPDATE Y] child: div, content_height=99.2, margin.bottom=5.0, total_height=104.2, y after=327.6
  [UPDATE Y] child: div, content_height=334.0, margin.bottom=0.0, total_height=334.0, y after=1031.1
[LAYOUT] Child element: div (parent: body)
  parent.content: x=0.0, y=0.0
  parent.padding: left=20.0, top=20.0
  child.margin: left=0.0, top=0.0
  y (accumulated): 1441.8
  child.content: x=20.0 (was 20.0), y=1441.8 (was 1441.8)
  [UPDATE Y] child: div, content_height=1031.1, margin.bottom=0.0, total_height=1031.1, y after=2472.8
[LAYOUT] Child element: text (parent: body)
  parent.content: x=0.0, y=0.0
  parent.padding: left=20.0, top=20.0
  child.margin: left=0.0, top=0.0
  y (accumulated): 2472.8
  child.content: x=20.0 (was 20.0), y=2472.8 (was 2472.8)
  [UPDATE Y] child: text, content_height=0.0, margin.bottom=0.0, total_height=0.0, y after=2472.8
  [UPDATE Y] child: div, content_height=79.2, margin.bottom=0.0, total_height=79.2, y after=94.2
  [UPDATE Y] child: div, content_height=79.2, margin.bottom=0.0, total_height=79.2, y after=173.4
  [UPDATE Y] child: div, content_height=79.2, margin.bottom=0.0, total_height=79.2, y after=252.6
  [UPDATE Y] child: div, content_height=79.2, margin.bottom=0.0, total_height=79.2, y after=331.8
  [UPDATE Y] child: div, content_height=79.2, margin.bottom=0.0, total_height=79.2, y after=411.0
  [UPDATE Y] child: div, content_height=79.2, margin.bottom=0.0, total_height=79.2, y after=490.2
  [UPDATE Y] child: div, content_height=79.2, margin.bottom=0.0, total_height=79.2, y after=569.4
  [UPDATE Y] child: div, content_height=79.2, margin.bottom=0.0, total_height=79.2, y after=648.6
  [UPDATE Y] child: div, content_height=697.6, margin.bottom=0.0, total_height=697.6, y after=809.7
[LAYOUT] Child element: div (parent: body)
  parent.content: x=0.0, y=0.0
  parent.padding: left=20.0, top=20.0
  child.margin: left=0.0, top=0.0
  y (accumulated): 2472.8
  child.content: x=20.0 (was 20.0), y=2472.8 (was 2472.8)
  [UPDATE Y] child: div, content_height=809.7, margin.bottom=0.0, total_height=809.7, y after=3282.5
[LAYOUT] Child element: text (parent: body)
  parent.content: x=0.0, y=0.0
  parent.padding: left=20.0, top=20.0
  child.margin: left=0.0, top=0.0
  y (accumulated): 3282.5
  child.content: x=20.0 (was 20.0), y=3282.5 (was 3282.5)
  [UPDATE Y] child: text, content_height=0.0, margin.bottom=0.0, total_height=0.0, y after=3282.5
[LAYOUT] Child element: div (parent: body)
  parent.content: x=0.0, y=0.0
  parent.padding: left=20.0, top=20.0
  child.margin: left=0.0, top=0.0
  y (accumulated): 3282.5
  child.content: x=20.0 (was 20.0), y=3282.5 (was 3282.5)
  [UPDATE Y] child: div, content_height=405.5, margin.bottom=0.0, total_height=405.5, y after=3688.0
[LAYOUT] Child element: text (parent: body)
  parent.content: x=0.0, y=0.0
  parent.padding: left=20.0, top=20.0
  child.margin: left=0.0, top=0.0
  y (accumulated): 3688.0
  child.content: x=20.0 (was 20.0), y=3688.0 (was 3688.0)
  [UPDATE Y] child: text, content_height=0.0, margin.bottom=0.0, total_height=0.0, y after=3688.0
[LAYOUT] Child element: div (parent: body)
  parent.content: x=0.0, y=0.0
  parent.padding: left=20.0, top=20.0
  child.margin: left=0.0, top=0.0
  y (accumulated): 3688.0
  child.content: x=20.0 (was 20.0), y=3688.0 (was 3688.0)
  [UPDATE Y] child: div, content_height=610.3, margin.bottom=0.0, total_height=610.3, y after=4298.4
[LAYOUT] Child element: text (parent: body)
  parent.content: x=0.0, y=0.0
  parent.padding: left=20.0, top=20.0
  child.margin: left=0.0, top=0.0
  y (accumulated): 4298.4
  child.content: x=20.0 (was 20.0), y=4298.4 (was 4298.4)
  [UPDATE Y] child: text, content_height=0.0, margin.bottom=0.0, total_height=0.0, y after=4298.4
  [UPDATE Y] child: div, content_height=117.2, margin.bottom=0.0, total_height=117.2, y after=273.9
[LAYOUT] Child element: div (parent: body)
  parent.content: x=0.0, y=0.0
  parent.padding: left=20.0, top=20.0
  child.margin: left=0.0, top=0.0
  y (accumulated): 4298.4
  child.content: x=20.0 (was 20.0), y=4298.4 (was 4298.4)
  [UPDATE Y] child: div, content_height=343.9, margin.bottom=0.0, total_height=343.9, y after=4642.3
[LAYOUT] Child element: text (parent: body)
  parent.content: x=0.0, y=0.0
  parent.padding: left=20.0, top=20.0
  child.margin: left=0.0, top=0.0
  y (accumulated): 4642.3
  child.content: x=20.0 (was 20.0), y=4642.3 (was 4642.3)
  [UPDATE Y] child: text, content_height=0.0, margin.bottom=0.0, total_height=0.0, y after=4642.3
  [UPDATE Y] child: div, content_height=71.2, margin.bottom=2.0, total_height=73.2, y after=132.4
  [UPDATE Y] child: div, content_height=160.4, margin.bottom=3.0, total_height=163.4, y after=224.6
  [UPDATE Y] child: div, content_height=258.6, margin.bottom=5.0, total_height=263.6, y after=364.1
[LAYOUT] Child element: div (parent: body)
  parent.content: x=0.0, y=0.0
  parent.padding: left=20.0, top=20.0
  child.margin: left=0.0, top=0.0
  y (accumulated): 4642.3
  child.content: x=20.0 (was 20.0), y=4642.3 (was 4642.3)
  [UPDATE Y] child: div, content_height=413.1, margin.bottom=0.0, total_height=413.1, y after=5055.4
[LAYOUT] Child element: text (parent: body)
  parent.content: x=0.0, y=0.0
  parent.padding: left=20.0, top=20.0
  child.margin: left=0.0, top=0.0
  y (accumulated): 5055.4
  child.content: x=20.0 (was 20.0), y=5055.4 (was 5055.4)
  [UPDATE Y] child: text, content_height=0.0, margin.bottom=0.0, total_height=0.0, y after=5055.4
[LAYOUT] Child element: div (parent: body)
  parent.content: x=0.0, y=0.0
  parent.padding: left=20.0, top=20.0
  child.margin: left=0.0, top=0.0
  y (accumulated): 5055.4
  child.content: x=20.0 (was 20.0), y=5055.4 (was 5055.4)
  [UPDATE Y] child: div, content_height=405.5, margin.bottom=0.0, total_height=405.5, y after=5460.9
[LAYOUT] Child element: text (parent: body)
  parent.content: x=0.0, y=0.0
  parent.padding: left=20.0, top=20.0
  child.margin: left=0.0, top=0.0
  y (accumulated): 5460.9
  child.content: x=20.0 (was 20.0), y=5460.9 (was 5460.9)
  [UPDATE Y] child: text, content_height=0.0, margin.bottom=0.0, total_height=0.0, y after=5460.9
  [UPDATE Y] child: div, content_height=222.4, margin.bottom=0.0, total_height=222.4, y after=222.4
  [UPDATE Y] child: div, content_height=91.2, margin.bottom=0.0, total_height=91.2, y after=245.4
  [UPDATE Y] child: div, content_height=294.4, margin.bottom=0.0, total_height=294.4, y after=516.8
  [UPDATE Y] child: div, content_height=516.8, margin.bottom=0.0, total_height=516.8, y after=622.3
  [UPDATE Y] child: div, content_height=115.2, margin.bottom=0.0, total_height=115.2, y after=737.5
[LAYOUT] Child element: div (parent: body)
  parent.content: x=0.0, y=0.0
  parent.padding: left=20.0, top=20.0
  child.margin: left=0.0, top=0.0
  y (accumulated): 5460.9
  child.content: x=20.0 (was 20.0), y=5460.9 (was 5460.9)
  [UPDATE Y] child: div, content_height=803.5, margin.bottom=0.0, total_height=803.5, y after=6264.4
[LAYOUT] Child element: text (parent: body)
  parent.content: x=0.0, y=0.0
  parent.padding: left=20.0, top=20.0
  child.margin: left=0.0, top=0.0
  y (accumulated): 6264.4
  child.content: x=20.0 (was 20.0), y=6264.4 (was 6264.4)
  [UPDATE Y] child: text, content_height=0.0, margin.bottom=0.0, total_height=0.0, y after=6264.4
[LAYOUT] Child element: div (parent: body)
  parent.content: x=0.0, y=0.0
  parent.padding: left=20.0, top=20.0
  child.margin: left=0.0, top=30.0
  y (accumulated): 6264.4
  child.content: x=20.0 (was 20.0), y=6294.4 (was 6294.4)
  [UPDATE Y] child: div, content_height=182.4, margin.bottom=0.0, total_height=182.4, y after=6446.8
[WIDTH DEBUG] h1: containing_block.width=1160.0, available_width=1160.0, calculated_width=1156.0
[WIDTH DEBUG] h1: containing_block.width=1126.0, available_width=1126.0, calculated_width=1126.0
[LAYOUT] Child element: h1 (parent: div)
  parent.content: x=20.0, y=91.4
  parent.padding: left=15.0, top=15.0
  child.margin: left=0.0, top=16.1
  y (accumulated): 15.0
  child.content: x=15.0 (was 15.0), y=122.5 (was 122.5)
  [UPDATE Y] child: h1, content_height=62.1, margin.bottom=16.1, total_height=78.2, y after=93.2
  [UPDATE Y] child: div, content_height=96.0, margin.bottom=0.0, total_height=96.0, y after=301.2
[WIDTH DEBUG] h1: containing_block.width=1126.0, available_width=1126.0, calculated_width=1126.0
  [UPDATE Y] child: div, content_height=59.2, margin.bottom=5.0, total_height=64.2, y after=138.2
  [UPDATE Y] child: div, content_height=59.2, margin.bottom=5.0, total_height=64.2, y after=202.4
  [UPDATE Y] child: div, content_height=59.2, margin.bottom=0.0, total_height=59.2, y after=287.8
  [UPDATE Y] child: div, content_height=99.2, margin.bottom=5.0, total_height=104.2, y after=119.2
  [UPDATE Y] child: div, content_height=99.2, margin.bottom=5.0, total_height=104.2, y after=223.4
  [UPDATE Y] child: div, content_height=99.2, margin.bottom=5.0, total_height=104.2, y after=327.6
  [UPDATE Y] child: div, content_height=99.2, margin.bottom=5.0, total_height=104.2, y after=431.8
  [UPDATE Y] child: div, content_height=99.2, margin.bottom=5.0, total_height=104.2, y after=536.0
  [UPDATE Y] child: div, content_height=585.0, margin.bottom=0.0, total_height=585.0, y after=697.1
  [UPDATE Y] child: div, content_height=99.2, margin.bottom=5.0, total_height=104.2, y after=119.2
  [UPDATE Y] child: div, content_height=99.2, margin.bottom=5.0, total_height=104.2, y after=223.4
  [UPDATE Y] child: div, content_height=99.2, margin.bottom=5.0, total_height=104.2, y after=327.6
  [UPDATE Y] child: div, content_height=334.0, margin.bottom=0.0, total_height=334.0, y after=1031.1
  [UPDATE Y] child: div, content_height=79.2, margin.bottom=0.0, total_height=79.2, y after=94.2
  [UPDATE Y] child: div, content_height=79.2, margin.bottom=0.0, total_height=79.2, y after=173.4
  [UPDATE Y] child: div, content_height=79.2, margin.bottom=0.0, total_height=79.2, y after=252.6
  [UPDATE Y] child: div, content_height=79.2, margin.bottom=0.0, total_height=79.2, y after=331.8
  [UPDATE Y] child: div, content_height=79.2, margin.bottom=0.0, total_height=79.2, y after=411.0
  [UPDATE Y] child: div, content_height=79.2, margin.bottom=0.0, total_height=79.2, y after=490.2
  [UPDATE Y] child: div, content_height=79.2, margin.bottom=0.0, total_height=79.2, y after=569.4
  [UPDATE Y] child: div, content_height=79.2, margin.bottom=0.0, total_height=79.2, y after=648.6
  [UPDATE Y] child: div, content_height=697.6, margin.bottom=0.0, total_height=697.6, y after=809.7
  [UPDATE Y] child: div, content_height=117.2, margin.bottom=0.0, total_height=117.2, y after=273.9
  [UPDATE Y] child: div, content_height=71.2, margin.bottom=2.0, total_height=73.2, y after=132.4
  [UPDATE Y] child: div, content_height=160.4, margin.bottom=3.0, total_height=163.4, y after=224.6
  [UPDATE Y] child: div, content_height=258.6, margin.bottom=5.0, total_height=263.6, y after=364.1
  [UPDATE Y] child: div, content_height=71.2, margin.bottom=2.0, total_height=73.2, y after=132.4
  [UPDATE Y] child: div, content_height=160.4, margin.bottom=3.0, total_height=163.4, y after=224.6
  [UPDATE Y] child: div, content_height=71.2, margin.bottom=2.0, total_height=73.2, y after=132.4
  [UPDATE Y] child: div, content_height=222.4, margin.bottom=0.0, total_height=222.4, y after=222.4
  [UPDATE Y] child: div, content_height=91.2, margin.bottom=0.0, total_height=91.2, y after=245.4
  [UPDATE Y] child: div, content_height=294.4, margin.bottom=0.0, total_height=294.4, y after=516.8
  [UPDATE Y] child: div, content_height=516.8, margin.bottom=0.0, total_height=516.8, y after=622.3
  [UPDATE Y] child: div, content_height=115.2, margin.bottom=0.0, total_height=115.2, y after=737.5
[STYLE] h1 font-size parsed: 32.0px
[STYLE] p font-size parsed: 32.0px
[LAYOUT] Element: html, is_root: true
  margin: top=0.0, right=0.0, bottom=0.0, left=0.0
  padding: top=0.0, right=0.0, bottom=0.0, left=0.0
  content: x=0.0, y=0.0, width=1200.0, height=0.0
  containing_block: width=1200.0, height=800.0
[LAYOUT] Root element (html) position set to (0, 0)
[LAYOUT] Element: body, is_root: false
  margin: top=0.0, right=0.0, bottom=0.0, left=0.0
  padding: top=20.0, right=20.0, bottom=20.0, left=20.0
  content: x=0.0, y=0.0, width=1160.0, height=0.0
  containing_block: width=1200.0, height=800.0
[LAYOUT] Body element position set: x=0.0, y=0.0 (margin: left=0.0, top=0.0)
[CONTAINING BLOCK] body.content.width=1160.0, child_containing_block.width=1160.0
[WIDTH DEBUG] h1: containing_block.width=1160.0, available_width=1160.0, calculated_width=1160.0
  [TEXT HEIGHT] text: "ZBrowser功能测试...", font_size=32.0, line_height=46.0, height=46.0
[LAYOUT] Child element: h1 (parent: body)
  parent.content: x=0.0, y=0.0
  parent.padding: left=20.0, top=20.0
  child.margin: left=0.0, top=21.4
  y (accumulated): 20.0
  child.content: x=20.0 (was 0.0), y=41.4 (was 0.0)
  [UPDATE Y] child: h1, content_height=50.0, margin.bottom=21.4, total_height=71.4, y after=91.4
[LAYOUT] Child element: text (parent: body)
  parent.content: x=0.0, y=0.0
  parent.padding: left=20.0, top=20.0
  child.margin: left=0.0, top=0.0
  y (accumulated): 91.4
  child.content: x=20.0 (was 0.0), y=91.4 (was 0.0)
  [UPDATE Y] child: text, content_height=0.0, margin.bottom=0.0, total_height=0.0, y after=91.4
[WIDTH DEBUG] h1: containing_block.width=1126.0, available_width=1126.0, calculated_width=1126.0
  [TEXT HEIGHT] text: "块级布局测试...", font_size=32.0, line_height=46.0, height=46.0
[LAYOUT] Child element: h1 (parent: div)
  parent.content: x=0.0, y=0.0
  parent.padding: left=15.0, top=15.0
  child.margin: left=0.0, top=16.1
  y (accumulated): 15.0
  child.content: x=15.0 (was 0.0), y=31.1 (was 0.0)
  [UPDATE Y] child: h1, content_height=62.1, margin.bottom=16.1, total_height=78.2, y after=93.2
  [TEXT HEIGHT] text: "这是一个块级�...", font_size=16.0, line_height=24.0, height=24.0
  [TEXT HEIGHT] text: "这是另一个段�...", font_size=16.0, line_height=24.0, height=24.0
  [TEXT HEIGHT] text: "嵌套的div块级�...", font_size=16.0, line_height=24.0, height=24.0
  [UPDATE Y] child: div, content_height=96.0, margin.bottom=0.0, total_height=96.0, y after=301.2
[LAYOUT] Child element: div (parent: body)
  parent.content: x=0.0, y=0.0
  parent.padding: left=20.0, top=20.0
  child.margin: left=0.0, top=0.0
  y (accumulated): 91.4
  child.content: x=20.0 (was 0.0), y=91.4 (was 0.0)
  [UPDATE Y] child: div, content_height=350.2, margin.bottom=0.0, total_height=350.2, y after=441.6
[LAYOUT] Child element: text (parent: body)
  parent.content: x=0.0, y=0.0
  parent.padding: left=20.0, top=20.0
  child.margin: left=0.0, top=0.0
  y (accumulated): 441.6
  child.content: x=20.0 (was 0.0), y=441.6 (was 0.0)
  [UPDATE Y] child: text, content_height=0.0, margin.bottom=0.0, total_height=0.0, y after=441.6
  [TEXT HEIGHT] text: "
      这是行内�...", font_size=16.0, line_height=19.2, height=19.2
  [TEXT HEIGHT] text: "行内元素不会�...", font_size=16.0, line_height=19.2, height=19.2
[LAYOUT] Child element: div (parent: body)
  parent.content: x=0.0, y=0.0
  parent.padding: left=20.0, top=20.0
  child.margin: left=0.0, top=0.0
  y (accumulated): 441.6
  child.content: x=20.0 (was 0.0), y=441.6 (was 0.0)
  [UPDATE Y] child: div, content_height=329.4, margin.bottom=0.0, total_height=329.4, y after=771.0
[LAYOUT] Child element: text (parent: body)
  parent.content: x=0.0, y=0.0
  parent.padding: left=20.0, top=20.0
  child.margin: left=0.0, top=0.0
  y (accumulated): 771.0
  child.content: x=20.0 (was 0.0), y=771.0 (was 0.0)
  [UPDATE Y] child: text, content_height=0.0, margin.bottom=0.0, total_height=0.0, y after=771.0
  [UPDATE Y] child: div, content_height=59.2, margin.bottom=5.0, total_height=64.2, y after=138.2
  [UPDATE Y] child: div, content_height=59.2, margin.bottom=5.0, total_height=64.2, y after=202.4
[LAYOUT] Child element: div (parent: body)
  parent.content: x=0.0, y=0.0
  parent.padding: left=20.0, top=20.0
  child.margin: left=0.0, top=0.0
  y (accumulated): 771.0
  child.content: x=20.0 (was 0.0), y=771.0 (was 0.0)
  [UPDATE Y] child: div, content_height=334.0, margin.bottom=0.0, total_height=334.0, y after=1105.0
[LAYOUT] Child element: text (parent: body)
  parent.content: x=0.0, y=0.0
  parent.padding: left=20.0, top=20.0
  child.margin: left=0.0, top=0.0
  y (accumulated): 1105.0
  child.content: x=20.0 (was 0.0), y=1105.0 (was 0.0)
  [UPDATE Y] child: text, content_height=0.0, margin.bottom=0.0, total_height=0.0, y after=1105.0
  [TEXT HEIGHT] text: "左浮动元素...", font_size=16.0, line_height=19.2, height=19.2
  [TEXT HEIGHT] text: "这个元素会浮�...", font_size=16.0, line_height=19.2, height=19.2
  [TEXT HEIGHT] text: "右浮动元素...", font_size=16.0, line_height=19.2, height=19.2
  [TEXT HEIGHT] text: "这个元素会浮�...", font_size=16.0, line_height=19.2, height=19.2
  [TEXT HEIGHT] text: "这是正常流中�...", font_size=16.0, line_height=19.2, height=19.2
  [UPDATE Y] child: div, content_height=59.2, margin.bottom=0.0, total_height=59.2, y after=287.8
[LAYOUT] Child element: div (parent: body)
  parent.content: x=0.0, y=0.0
  parent.padding: left=20.0, top=20.0
  child.margin: left=0.0, top=0.0
  y (accumulated): 1105.0
  child.content: x=20.0 (was 0.0), y=1105.0 (was 0.0)
  [UPDATE Y] child: div, content_height=336.8, margin.bottom=0.0, total_height=336.8, y after=1441.8
[LAYOUT] Child element: text (parent: body)
  parent.content: x=0.0, y=0.0
  parent.padding: left=20.0, top=20.0
  child.margin: left=0.0, top=0.0
  y (accumulated): 1441.8
  child.content: x=20.0 (was 0.0), y=1441.8 (was 0.0)
  [UPDATE Y] child: text, content_height=0.0, margin.bottom=0.0, total_height=0.0, y after=1441.8
  [UPDATE Y] child: div, content_height=99.2, margin.bottom=5.0, total_height=104.2, y after=119.2
  [UPDATE Y] child: div, content_height=99.2, margin.bottom=5.0, total_height=104.2, y after=223.4
  [UPDATE Y] child: div, content_height=99.2, margin.bottom=5.0, total_height=104.2, y after=327.6
  [UPDATE Y] child: div, content_height=99.2, margin.bottom=5.0, total_height=104.2, y after=431.8
  [UPDATE Y] child: div, content_height=99.2, margin.bottom=5.0, total_height=104.2, y after=536.0
  [UPDATE Y] child: div, content_height=585.0, margin.bottom=0.0, total_height=585.0, y after=697.1
  [UPDATE Y] child: div, content_height=99.2, margin.bottom=5.0, total_height=104.2, y after=119.2
  [UPDATE Y] child: div, content_height=99.2, margin.bottom=5.0, total_height=104.2, y after=223.4
  [UPDATE Y] child: div, content_height=99.2, margin.bottom=5.0, total_height=104.2, y after=327.6
  [UPDATE Y] child: div, content_height=334.0, margin.bottom=0.0, total_height=334.0, y after=1031.1
[LAYOUT] Child element: div (parent: body)
  parent.content: x=0.0, y=0.0
  parent.padding: left=20.0, top=20.0
  child.margin: left=0.0, top=0.0
  y (accumulated): 1441.8
  child.content: x=20.0 (was 0.0), y=1441.8 (was 0.0)
  [UPDATE Y] child: div, content_height=1031.1, margin.bottom=0.0, total_height=1031.1, y after=2472.8
[LAYOUT] Child element: text (parent: body)
  parent.content: x=0.0, y=0.0
  parent.padding: left=20.0, top=20.0
  child.margin: left=0.0, top=0.0
  y (accumulated): 2472.8
  child.content: x=20.0 (was 0.0), y=2472.8 (was 0.0)
  [UPDATE Y] child: text, content_height=0.0, margin.bottom=0.0, total_height=0.0, y after=2472.8
  [UPDATE Y] child: div, content_height=79.2, margin.bottom=0.0, total_height=79.2, y after=94.2
  [UPDATE Y] child: div, content_height=79.2, margin.bottom=0.0, total_height=79.2, y after=173.4
  [UPDATE Y] child: div, content_height=79.2, margin.bottom=0.0, total_height=79.2, y after=252.6
  [UPDATE Y] child: div, content_height=79.2, margin.bottom=0.0, total_height=79.2, y after=331.8
  [UPDATE Y] child: div, content_height=79.2, margin.bottom=0.0, total_height=79.2, y after=411.0
  [UPDATE Y] child: div, content_height=79.2, margin.bottom=0.0, total_height=79.2, y after=490.2
  [UPDATE Y] child: div, content_height=79.2, margin.bottom=0.0, total_height=79.2, y after=569.4
  [UPDATE Y] child: div, content_height=79.2, margin.bottom=0.0, total_height=79.2, y after=648.6
  [UPDATE Y] child: div, content_height=697.6, margin.bottom=0.0, total_height=697.6, y after=809.7
[LAYOUT] Child element: div (parent: body)
  parent.content: x=0.0, y=0.0
  parent.padding: left=20.0, top=20.0
  child.margin: left=0.0, top=0.0
  y (accumulated): 2472.8
  child.content: x=20.0 (was 0.0), y=2472.8 (was 0.0)
  [UPDATE Y] child: div, content_height=809.7, margin.bottom=0.0, total_height=809.7, y after=3282.5
[LAYOUT] Child element: text (parent: body)
  parent.content: x=0.0, y=0.0
  parent.padding: left=20.0, top=20.0
  child.margin: left=0.0, top=0.0
  y (accumulated): 3282.5
  child.content: x=20.0 (was 0.0), y=3282.5 (was 0.0)
  [UPDATE Y] child: text, content_height=0.0, margin.bottom=0.0, total_height=0.0, y after=3282.5
  [TEXT HEIGHT] text: "大号文本（32px�...", font_size=16.0, line_height=19.2, height=19.2
  [TEXT HEIGHT] text: "中等文本（20px�...", font_size=16.0, line_height=19.2, height=19.2
  [TEXT HEIGHT] text: "小号文本（12px�...", font_size=16.0, line_height=19.2, height=19.2
  [TEXT HEIGHT] text: "下划线文本...", font_size=16.0, line_height=19.2, height=19.2
  [TEXT HEIGHT] text: "删除线文本...", font_size=16.0, line_height=19.2, height=19.2
[LAYOUT] Child element: div (parent: body)
  parent.content: x=0.0, y=0.0
  parent.padding: left=20.0, top=20.0
  child.margin: left=0.0, top=0.0
  y (accumulated): 3282.5
  child.content: x=20.0 (was 0.0), y=3282.5 (was 0.0)
  [UPDATE Y] child: div, content_height=405.5, margin.bottom=0.0, total_height=405.5, y after=3688.0
[LAYOUT] Child element: text (parent: body)
  parent.content: x=0.0, y=0.0
  parent.padding: left=20.0, top=20.0
  child.margin: left=0.0, top=0.0
  y (accumulated): 3688.0
  child.content: x=20.0 (was 0.0), y=3688.0 (was 0.0)
  [UPDATE Y] child: text, content_height=0.0, margin.bottom=0.0, total_height=0.0, y after=3688.0
  [TEXT HEIGHT] text: "这是一个测试�...", font_size=16.0, line_height=25.6, height=25.6
  [TEXT HEIGHT] text: "這是一個測試�...", font_size=16.0, line_height=25.6, height=25.6
  [TEXT HEIGHT] text: "これはテスト�...", font_size=16.0, line_height=25.6, height=25.6
  [TEXT HEIGHT] text: "이것은 테스트 ...", font_size=16.0, line_height=25.6, height=25.6
  [TEXT HEIGHT] text: "This is a test page ...", font_size=16.0, line_height=25.6, height=25.6
  [TEXT HEIGHT] text: "混合文本 Mixed T...", font_size=16.0, line_height=25.6, height=25.6
[LAYOUT] Child element: div (parent: body)
  parent.content: x=0.0, y=0.0
  parent.padding: left=20.0, top=20.0
  child.margin: left=0.0, top=0.0
  y (accumulated): 3688.0
  child.content: x=20.0 (was 0.0), y=3688.0 (was 0.0)
  [UPDATE Y] child: div, content_height=610.3, margin.bottom=0.0, total_height=610.3, y after=4298.4
[LAYOUT] Child element: text (parent: body)
  parent.content: x=0.0, y=0.0
  parent.padding: left=20.0, top=20.0
  child.margin: left=0.0, top=0.0
  y (accumulated): 4298.4
  child.content: x=20.0 (was 0.0), y=4298.4 (was 0.0)
  [UPDATE Y] child: text, content_height=0.0, margin.bottom=0.0, total_height=0.0, y after=4298.4
  [TEXT HEIGHT] text: "这个区域有实�...", font_size=16.0, line_height=19.2, height=19.2
  [TEXT HEIGHT] text: "这个区域有虚�...", font_size=16.0, line_height=19.2, height=19.2
  [UPDATE Y] child: div, content_height=117.2, margin.bottom=0.0, total_height=117.2, y after=273.9
[LAYOUT] Child element: div (parent: body)
  parent.content: x=0.0, y=0.0
  parent.padding: left=20.0, top=20.0
  child.margin: left=0.0, top=0.0
  y (accumulated): 4298.4
  child.content: x=20.0 (was 0.0), y=4298.4 (was 0.0)
  [UPDATE Y] child: div, content_height=343.9, margin.bottom=0.0, total_height=343.9, y after=4642.3
[LAYOUT] Child element: text (parent: body)
  parent.content: x=0.0, y=0.0
  parent.padding: left=20.0, top=20.0
  child.margin: left=0.0, top=0.0
  y (accumulated): 4642.3
  child.content: x=20.0 (was 0.0), y=4642.3 (was 0.0)
  [UPDATE Y] child: text, content_height=0.0, margin.bottom=0.0, total_height=0.0, y after=4642.3
  [TEXT HEIGHT] text: "第一层嵌套...", font_size=16.0, line_height=19.2, height=19.2
  [TEXT HEIGHT] text: "第二层嵌套...", font_size=16.0, line_height=19.2, height=19.2
  [TEXT HEIGHT] text: "第三层嵌套...", font_size=16.0, line_height=19.2, height=19.2
  [UPDATE Y] child: div, content_height=71.2, margin.bottom=2.0, total_height=73.2, y after=132.4
  [UPDATE Y] child: div, content_height=160.4, margin.bottom=3.0, total_height=163.4, y after=224.6
  [UPDATE Y] child: div, content_height=258.6, margin.bottom=5.0, total_height=263.6, y after=364.1
[LAYOUT] Child element: div (parent: body)
  parent.content: x=0.0, y=0.0
  parent.padding: left=20.0, top=20.0
  child.margin: left=0.0, top=0.0
  y (accumulated): 4642.3
  child.content: x=20.0 (was 0.0), y=4642.3 (was 0.0)
  [UPDATE Y] child: div, content_height=413.1, margin.bottom=0.0, total_height=413.1, y after=5055.4
[LAYOUT] Child element: text (parent: body)
  parent.content: x=0.0, y=0.0
  parent.padding: left=20.0, top=20.0
  child.margin: left=0.0, top=0.0
  y (accumulated): 5055.4
  child.content: x=20.0 (was 0.0), y=5055.4 (was 0.0)
  [UPDATE Y] child: text, content_height=0.0, margin.bottom=0.0, total_height=0.0, y after=5055.4
  [TEXT HEIGHT] text: "HTML实体：<div> &...", font_size=16.0, line_height=19.2, height=19.2
  [TEXT HEIGHT] text: "Unicode字符：© �...", font_size=16.0, line_height=19.2, height=19.2
  [TEXT HEIGHT] text: "数学符号：∑ �...", font_size=16.0, line_height=19.2, height=19.2
  [TEXT HEIGHT] text: "箭头符号：← �...", font_size=16.0, line_height=19.2, height=19.2
  [TEXT HEIGHT] text: "Emoji：😀 😃 �...", font_size=16.0, line_height=19.2, height=19.2
[LAYOUT] Child element: div (parent: body)
  parent.content: x=0.0, y=0.0
  parent.padding: left=20.0, top=20.0
  child.margin: left=0.0, top=0.0
  y (accumulated): 5055.4
  child.content: x=20.0 (was 0.0), y=5055.4 (was 0.0)
  [UPDATE Y] child: div, content_height=405.5, margin.bottom=0.0, total_height=405.5, y after=5460.9
[LAYOUT] Child element: text (parent: body)
  parent.content: x=0.0, y=0.0
  parent.padding: left=20.0, top=20.0
  child.margin: left=0.0, top=0.0
  y (accumulated): 5460.9
  child.content: x=20.0 (was 0.0), y=5460.9 (was 0.0)
  [UPDATE Y] child: text, content_height=0.0, margin.bottom=0.0, total_height=0.0, y after=5460.9
  [TEXT HEIGHT] text: "包含块级和行�...", font_size=16.0, line_height=19.2, height=19.2
  [UPDATE Y] child: div, content_height=222.4, margin.bottom=0.0, total_height=222.4, y after=222.4
  [TEXT HEIGHT] text: "另一个Flex子项�...", font_size=16.0, line_height=19.2, height=19.2
  [TEXT HEIGHT] text: "嵌套的div...", font_size=16.0, line_height=19.2, height=19.2
  [UPDATE Y] child: div, content_height=91.2, margin.bottom=0.0, total_height=91.2, y after=245.4
  [UPDATE Y] child: div, content_height=294.4, margin.bottom=0.0, total_height=294.4, y after=516.8
  [UPDATE Y] child: div, content_height=516.8, margin.bottom=0.0, total_height=516.8, y after=622.3
  [TEXT HEIGHT] text: "相对定位容器...", font_size=16.0, line_height=19.2, height=19.2
  [UPDATE Y] child: div, content_height=115.2, margin.bottom=0.0, total_height=115.2, y after=737.5
[LAYOUT] Child element: div (parent: body)
  parent.content: x=0.0, y=0.0
  parent.padding: left=20.0, top=20.0
  child.margin: left=0.0, top=0.0
  y (accumulated): 5460.9
  child.content: x=20.0 (was 0.0), y=5460.9 (was 0.0)
  [UPDATE Y] child: div, content_height=803.5, margin.bottom=0.0, total_height=803.5, y after=6264.4
[LAYOUT] Child element: text (parent: body)
  parent.content: x=0.0, y=0.0
  parent.padding: left=20.0, top=20.0
  child.margin: left=0.0, top=0.0
  y (accumulated): 6264.4
  child.content: x=20.0 (was 0.0), y=6264.4 (was 0.0)
  [UPDATE Y] child: text, content_height=0.0, margin.bottom=0.0, total_height=0.0, y after=6264.4
  [TEXT HEIGHT] text: "ZBrowser功能测试...", font_size=16.0, line_height=19.2, height=19.2
  [TEXT HEIGHT] text: "包含：块级布�...", font_size=16.0, line_height=19.2, height=19.2
[LAYOUT] Child element: div (parent: body)
  parent.content: x=0.0, y=0.0
  parent.padding: left=20.0, top=20.0
  child.margin: left=0.0, top=30.0
  y (accumulated): 6264.4
  child.content: x=20.0 (was 0.0), y=6294.4 (was 0.0)
  [UPDATE Y] child: div, content_height=182.4, margin.bottom=0.0, total_height=182.4, y after=6446.8
[LAYOUT] Child element: body (parent: html)
  parent.content: x=0.0, y=0.0
  parent.padding: left=0.0, top=0.0
  child.margin: left=0.0, top=0.0
  y (accumulated): 0.0
  child.content: x=0.0 (was 0.0), y=0.0 (was 0.0)
  [UPDATE Y] child: body, content_height=6506.8, margin.bottom=0.0, total_height=6506.8, y after=6506.8
[LAYOUT] Element: body, is_root: false
  margin: top=0.0, right=0.0, bottom=0.0, left=0.0
  padding: top=20.0, right=20.0, bottom=20.0, left=20.0
  content: x=0.0, y=0.0, width=1160.0, height=6466.8
  containing_block: width=1200.0, height=6506.8
[LAYOUT] Body element position set: x=0.0, y=0.0 (margin: left=0.0, top=0.0)
[CONTAINING BLOCK] body.content.width=1160.0, child_containing_block.width=1160.0
[WIDTH DEBUG] h1: containing_block.width=1160.0, available_width=1160.0, calculated_width=1156.0
[LAYOUT] Child element: h1 (parent: body)
  parent.content: x=0.0, y=0.0
  parent.padding: left=20.0, top=20.0
  child.margin: left=0.0, top=21.4
  y (accumulated): 20.0
  child.content: x=20.0 (was 20.0), y=41.4 (was 41.4)
  [UPDATE Y] child: h1, content_height=50.0, margin.bottom=21.4, total_height=71.4, y after=91.4
[LAYOUT] Child element: text (parent: body)
  parent.content: x=0.0, y=0.0
  parent.padding: left=20.0, top=20.0
  child.margin: left=0.0, top=0.0
  y (accumulated): 91.4
  child.content: x=20.0 (was 20.0), y=91.4 (was 91.4)
  [UPDATE Y] child: text, content_height=0.0, margin.bottom=0.0, total_height=0.0, y after=91.4
[WIDTH DEBUG] h1: containing_block.width=1126.0, available_width=1126.0, calculated_width=1126.0
[LAYOUT] Child element: h1 (parent: div)
  parent.content: x=20.0, y=91.4
  parent.padding: left=15.0, top=15.0
  child.margin: left=0.0, top=16.1
  y (accumulated): 15.0
  child.content: x=15.0 (was 15.0), y=122.5 (was 31.1)
  [UPDATE Y] child: h1, content_height=62.1, margin.bottom=16.1, total_height=78.2, y after=93.2
  [UPDATE Y] child: div, content_height=96.0, margin.bottom=0.0, total_height=96.0, y after=301.2
[LAYOUT] Child element: div (parent: body)
  parent.content: x=0.0, y=0.0
  parent.padding: left=20.0, top=20.0
  child.margin: left=0.0, top=0.0
  y (accumulated): 91.4
  child.content: x=20.0 (was 20.0), y=91.4 (was 91.4)
  [UPDATE Y] child: div, content_height=350.2, margin.bottom=0.0, total_height=350.2, y after=441.6
[LAYOUT] Child element: text (parent: body)
  parent.content: x=0.0, y=0.0
  parent.padding: left=20.0, top=20.0
  child.margin: left=0.0, top=0.0
  y (accumulated): 441.6
  child.content: x=20.0 (was 20.0), y=441.6 (was 441.6)
  [UPDATE Y] child: text, content_height=0.0, margin.bottom=0.0, total_height=0.0, y after=441.6
[LAYOUT] Child element: div (parent: body)
  parent.content: x=0.0, y=0.0
  parent.padding: left=20.0, top=20.0
  child.margin: left=0.0, top=0.0
  y (accumulated): 441.6
  child.content: x=20.0 (was 20.0), y=441.6 (was 441.6)
  [UPDATE Y] child: div, content_height=329.4, margin.bottom=0.0, total_height=329.4, y after=771.0
[LAYOUT] Child element: text (parent: body)
  parent.content: x=0.0, y=0.0
  parent.padding: left=20.0, top=20.0
  child.margin: left=0.0, top=0.0
  y (accumulated): 771.0
  child.content: x=20.0 (was 20.0), y=771.0 (was 771.0)
  [UPDATE Y] child: text, content_height=0.0, margin.bottom=0.0, total_height=0.0, y after=771.0
  [UPDATE Y] child: div, content_height=59.2, margin.bottom=5.0, total_height=64.2, y after=138.2
  [UPDATE Y] child: div, content_height=59.2, margin.bottom=5.0, total_height=64.2, y after=202.4
[LAYOUT] Child element: div (parent: body)
  parent.content: x=0.0, y=0.0
  parent.padding: left=20.0, top=20.0
  child.margin: left=0.0, top=0.0
  y (accumulated): 771.0
  child.content: x=20.0 (was 20.0), y=771.0 (was 771.0)
  [UPDATE Y] child: div, content_height=334.0, margin.bottom=0.0, total_height=334.0, y after=1105.0
[LAYOUT] Child element: text (parent: body)
  parent.content: x=0.0, y=0.0
  parent.padding: left=20.0, top=20.0
  child.margin: left=0.0, top=0.0
  y (accumulated): 1105.0
  child.content: x=20.0 (was 20.0), y=1105.0 (was 1105.0)
  [UPDATE Y] child: text, content_height=0.0, margin.bottom=0.0, total_height=0.0, y after=1105.0
  [UPDATE Y] child: div, content_height=59.2, margin.bottom=0.0, total_height=59.2, y after=287.8
[LAYOUT] Child element: div (parent: body)
  parent.content: x=0.0, y=0.0
  parent.padding: left=20.0, top=20.0
  child.margin: left=0.0, top=0.0
  y (accumulated): 1105.0
  child.content: x=20.0 (was 20.0), y=1105.0 (was 1105.0)
  [UPDATE Y] child: div, content_height=336.8, margin.bottom=0.0, total_height=336.8, y after=1441.8
[LAYOUT] Child element: text (parent: body)
  parent.content: x=0.0, y=0.0
  parent.padding: left=20.0, top=20.0
  child.margin: left=0.0, top=0.0
  y (accumulated): 1441.8
  child.content: x=20.0 (was 20.0), y=1441.8 (was 1441.8)
  [UPDATE Y] child: text, content_height=0.0, margin.bottom=0.0, total_height=0.0, y after=1441.8
  [UPDATE Y] child: div, content_height=99.2, margin.bottom=5.0, total_height=104.2, y after=119.2
  [UPDATE Y] child: div, content_height=99.2, margin.bottom=5.0, total_height=104.2, y after=223.4
  [UPDATE Y] child: div, content_height=99.2, margin.bottom=5.0, total_height=104.2, y after=327.6
  [UPDATE Y] child: div, content_height=99.2, margin.bottom=5.0, total_height=104.2, y after=431.8
  [UPDATE Y] child: div, content_height=99.2, margin.bottom=5.0, total_height=104.2, y after=536.0
  [UPDATE Y] child: div, content_height=585.0, margin.bottom=0.0, total_height=585.0, y after=697.1
  [UPDATE Y] child: div, content_height=99.2, margin.bottom=5.0, total_height=104.2, y after=119.2
  [UPDATE Y] child: div, content_height=99.2, margin.bottom=5.0, total_height=104.2, y after=223.4
  [UPDATE Y] child: div, content_height=99.2, margin.bottom=5.0, total_height=104.2, y after=327.6
  [UPDATE Y] child: div, content_height=334.0, margin.bottom=0.0, total_height=334.0, y after=1031.1
[LAYOUT] Child element: div (parent: body)
  parent.content: x=0.0, y=0.0
  parent.padding: left=20.0, top=20.0
  child.margin: left=0.0, top=0.0
  y (accumulated): 1441.8
  child.content: x=20.0 (was 20.0), y=1441.8 (was 1441.8)
  [UPDATE Y] child: div, content_height=1031.1, margin.bottom=0.0, total_height=1031.1, y after=2472.8
[LAYOUT] Child element: text (parent: body)
  parent.content: x=0.0, y=0.0
  parent.padding: left=20.0, top=20.0
  child.margin: left=0.0, top=0.0
  y (accumulated): 2472.8
  child.content: x=20.0 (was 20.0), y=2472.8 (was 2472.8)
  [UPDATE Y] child: text, content_height=0.0, margin.bottom=0.0, total_height=0.0, y after=2472.8
  [UPDATE Y] child: div, content_height=79.2, margin.bottom=0.0, total_height=79.2, y after=94.2
  [UPDATE Y] child: div, content_height=79.2, margin.bottom=0.0, total_height=79.2, y after=173.4
  [UPDATE Y] child: div, content_height=79.2, margin.bottom=0.0, total_height=79.2, y after=252.6
  [UPDATE Y] child: div, content_height=79.2, margin.bottom=0.0, total_height=79.2, y after=331.8
  [UPDATE Y] child: div, content_height=79.2, margin.bottom=0.0, total_height=79.2, y after=411.0
  [UPDATE Y] child: div, content_height=79.2, margin.bottom=0.0, total_height=79.2, y after=490.2
  [UPDATE Y] child: div, content_height=79.2, margin.bottom=0.0, total_height=79.2, y after=569.4
  [UPDATE Y] child: div, content_height=79.2, margin.bottom=0.0, total_height=79.2, y after=648.6
  [UPDATE Y] child: div, content_height=697.6, margin.bottom=0.0, total_height=697.6, y after=809.7
[LAYOUT] Child element: div (parent: body)
  parent.content: x=0.0, y=0.0
  parent.padding: left=20.0, top=20.0
  child.margin: left=0.0, top=0.0
  y (accumulated): 2472.8
  child.content: x=20.0 (was 20.0), y=2472.8 (was 2472.8)
  [UPDATE Y] child: div, content_height=809.7, margin.bottom=0.0, total_height=809.7, y after=3282.5
[LAYOUT] Child element: text (parent: body)
  parent.content: x=0.0, y=0.0
  parent.padding: left=20.0, top=20.0
  child.margin: left=0.0, top=0.0
  y (accumulated): 3282.5
  child.content: x=20.0 (was 20.0), y=3282.5 (was 3282.5)
  [UPDATE Y] child: text, content_height=0.0, margin.bottom=0.0, total_height=0.0, y after=3282.5
[LAYOUT] Child element: div (parent: body)
  parent.content: x=0.0, y=0.0
  parent.padding: left=20.0, top=20.0
  child.margin: left=0.0, top=0.0
  y (accumulated): 3282.5
  child.content: x=20.0 (was 20.0), y=3282.5 (was 3282.5)
  [UPDATE Y] child: div, content_height=405.5, margin.bottom=0.0, total_height=405.5, y after=3688.0
[LAYOUT] Child element: text (parent: body)
  parent.content: x=0.0, y=0.0
  parent.padding: left=20.0, top=20.0
  child.margin: left=0.0, top=0.0
  y (accumulated): 3688.0
  child.content: x=20.0 (was 20.0), y=3688.0 (was 3688.0)
  [UPDATE Y] child: text, content_height=0.0, margin.bottom=0.0, total_height=0.0, y after=3688.0
[LAYOUT] Child element: div (parent: body)
  parent.content: x=0.0, y=0.0
  parent.padding: left=20.0, top=20.0
  child.margin: left=0.0, top=0.0
  y (accumulated): 3688.0
  child.content: x=20.0 (was 20.0), y=3688.0 (was 3688.0)
  [UPDATE Y] child: div, content_height=610.3, margin.bottom=0.0, total_height=610.3, y after=4298.4
[LAYOUT] Child element: text (parent: body)
  parent.content: x=0.0, y=0.0
  parent.padding: left=20.0, top=20.0
  child.margin: left=0.0, top=0.0
  y (accumulated): 4298.4
  child.content: x=20.0 (was 20.0), y=4298.4 (was 4298.4)
  [UPDATE Y] child: text, content_height=0.0, margin.bottom=0.0, total_height=0.0, y after=4298.4
  [UPDATE Y] child: div, content_height=117.2, margin.bottom=0.0, total_height=117.2, y after=273.9
[LAYOUT] Child element: div (parent: body)
  parent.content: x=0.0, y=0.0
  parent.padding: left=20.0, top=20.0
  child.margin: left=0.0, top=0.0
  y (accumulated): 4298.4
  child.content: x=20.0 (was 20.0), y=4298.4 (was 4298.4)
  [UPDATE Y] child: div, content_height=343.9, margin.bottom=0.0, total_height=343.9, y after=4642.3
[LAYOUT] Child element: text (parent: body)
  parent.content: x=0.0, y=0.0
  parent.padding: left=20.0, top=20.0
  child.margin: left=0.0, top=0.0
  y (accumulated): 4642.3
  child.content: x=20.0 (was 20.0), y=4642.3 (was 4642.3)
  [UPDATE Y] child: text, content_height=0.0, margin.bottom=0.0, total_height=0.0, y after=4642.3
  [UPDATE Y] child: div, content_height=71.2, margin.bottom=2.0, total_height=73.2, y after=132.4
  [UPDATE Y] child: div, content_height=160.4, margin.bottom=3.0, total_height=163.4, y after=224.6
  [UPDATE Y] child: div, content_height=258.6, margin.bottom=5.0, total_height=263.6, y after=364.1
[LAYOUT] Child element: div (parent: body)
  parent.content: x=0.0, y=0.0
  parent.padding: left=20.0, top=20.0
  child.margin: left=0.0, top=0.0
  y (accumulated): 4642.3
  child.content: x=20.0 (was 20.0), y=4642.3 (was 4642.3)
  [UPDATE Y] child: div, content_height=413.1, margin.bottom=0.0, total_height=413.1, y after=5055.4
[LAYOUT] Child element: text (parent: body)
  parent.content: x=0.0, y=0.0
  parent.padding: left=20.0, top=20.0
  child.margin: left=0.0, top=0.0
  y (accumulated): 5055.4
  child.content: x=20.0 (was 20.0), y=5055.4 (was 5055.4)
  [UPDATE Y] child: text, content_height=0.0, margin.bottom=0.0, total_height=0.0, y after=5055.4
[LAYOUT] Child element: div (parent: body)
  parent.content: x=0.0, y=0.0
  parent.padding: left=20.0, top=20.0
  child.margin: left=0.0, top=0.0
  y (accumulated): 5055.4
  child.content: x=20.0 (was 20.0), y=5055.4 (was 5055.4)
  [UPDATE Y] child: div, content_height=405.5, margin.bottom=0.0, total_height=405.5, y after=5460.9
[LAYOUT] Child element: text (parent: body)
  parent.content: x=0.0, y=0.0
  parent.padding: left=20.0, top=20.0
  child.margin: left=0.0, top=0.0
  y (accumulated): 5460.9
  child.content: x=20.0 (was 20.0), y=5460.9 (was 5460.9)
  [UPDATE Y] child: text, content_height=0.0, margin.bottom=0.0, total_height=0.0, y after=5460.9
  [UPDATE Y] child: div, content_height=222.4, margin.bottom=0.0, total_height=222.4, y after=222.4
  [UPDATE Y] child: div, content_height=91.2, margin.bottom=0.0, total_height=91.2, y after=245.4
  [UPDATE Y] child: div, content_height=294.4, margin.bottom=0.0, total_height=294.4, y after=516.8
  [UPDATE Y] child: div, content_height=516.8, margin.bottom=0.0, total_height=516.8, y after=622.3
  [UPDATE Y] child: div, content_height=115.2, margin.bottom=0.0, total_height=115.2, y after=737.5
[LAYOUT] Child element: div (parent: body)
  parent.content: x=0.0, y=0.0
  parent.padding: left=20.0, top=20.0
  child.margin: left=0.0, top=0.0
  y (accumulated): 5460.9
  child.content: x=20.0 (was 20.0), y=5460.9 (was 5460.9)
  [UPDATE Y] child: div, content_height=803.5, margin.bottom=0.0, total_height=803.5, y after=6264.4
[LAYOUT] Child element: text (parent: body)
  parent.content: x=0.0, y=0.0
  parent.padding: left=20.0, top=20.0
  child.margin: left=0.0, top=0.0
  y (accumulated): 6264.4
  child.content: x=20.0 (was 20.0), y=6264.4 (was 6264.4)
  [UPDATE Y] child: text, content_height=0.0, margin.bottom=0.0, total_height=0.0, y after=6264.4
[LAYOUT] Child element: div (parent: body)
  parent.content: x=0.0, y=0.0
  parent.padding: left=20.0, top=20.0
  child.margin: left=0.0, top=30.0
  y (accumulated): 6264.4
  child.content: x=20.0 (was 20.0), y=6294.4 (was 6294.4)
  [UPDATE Y] child: div, content_height=182.4, margin.bottom=0.0, total_height=182.4, y after=6446.8
[WIDTH DEBUG] h1: containing_block.width=1160.0, available_width=1160.0, calculated_width=1156.0
[WIDTH DEBUG] h1: containing_block.width=1126.0, available_width=1126.0, calculated_width=1126.0
[LAYOUT] Child element: h1 (parent: div)
  parent.content: x=20.0, y=91.4
  parent.padding: left=15.0, top=15.0
  child.margin: left=0.0, top=16.1
  y (accumulated): 15.0
  child.content: x=15.0 (was 15.0), y=122.5 (was 122.5)
  [UPDATE Y] child: h1, content_height=62.1, margin.bottom=16.1, total_height=78.2, y after=93.2
  [UPDATE Y] child: div, content_height=96.0, margin.bottom=0.0, total_height=96.0, y after=301.2
[WIDTH DEBUG] h1: containing_block.width=1126.0, available_width=1126.0, calculated_width=1126.0
  [UPDATE Y] child: div, content_height=59.2, margin.bottom=5.0, total_height=64.2, y after=138.2
  [UPDATE Y] child: div, content_height=59.2, margin.bottom=5.0, total_height=64.2, y after=202.4
  [UPDATE Y] child: div, content_height=59.2, margin.bottom=0.0, total_height=59.2, y after=287.8
  [UPDATE Y] child: div, content_height=99.2, margin.bottom=5.0, total_height=104.2, y after=119.2
  [UPDATE Y] child: div, content_height=99.2, margin.bottom=5.0, total_height=104.2, y after=223.4
  [UPDATE Y] child: div, content_height=99.2, margin.bottom=5.0, total_height=104.2, y after=327.6
  [UPDATE Y] child: div, content_height=99.2, margin.bottom=5.0, total_height=104.2, y after=431.8
  [UPDATE Y] child: div, content_height=99.2, margin.bottom=5.0, total_height=104.2, y after=536.0
  [UPDATE Y] child: div, content_height=585.0, margin.bottom=0.0, total_height=585.0, y after=697.1
  [UPDATE Y] child: div, content_height=99.2, margin.bottom=5.0, total_height=104.2, y after=119.2
  [UPDATE Y] child: div, content_height=99.2, margin.bottom=5.0, total_height=104.2, y after=223.4
  [UPDATE Y] child: div, content_height=99.2, margin.bottom=5.0, total_height=104.2, y after=327.6
  [UPDATE Y] child: div, content_height=334.0, margin.bottom=0.0, total_height=334.0, y after=1031.1
  [UPDATE Y] child: div, content_height=79.2, margin.bottom=0.0, total_height=79.2, y after=94.2
  [UPDATE Y] child: div, content_height=79.2, margin.bottom=0.0, total_height=79.2, y after=173.4
  [UPDATE Y] child: div, content_height=79.2, margin.bottom=0.0, total_height=79.2, y after=252.6
  [UPDATE Y] child: div, content_height=79.2, margin.bottom=0.0, total_height=79.2, y after=331.8
  [UPDATE Y] child: div, content_height=79.2, margin.bottom=0.0, total_height=79.2, y after=411.0
  [UPDATE Y] child: div, content_height=79.2, margin.bottom=0.0, total_height=79.2, y after=490.2
  [UPDATE Y] child: div, content_height=79.2, margin.bottom=0.0, total_height=79.2, y after=569.4
  [UPDATE Y] child: div, content_height=79.2, margin.bottom=0.0, total_height=79.2, y after=648.6
  [UPDATE Y] child: div, content_height=697.6, margin.bottom=0.0, total_height=697.6, y after=809.7
  [UPDATE Y] child: div, content_height=117.2, margin.bottom=0.0, total_height=117.2, y after=273.9
  [UPDATE Y] child: div, content_height=71.2, margin.bottom=2.0, total_height=73.2, y after=132.4
  [UPDATE Y] child: div, content_height=160.4, margin.bottom=3.0, total_height=163.4, y after=224.6
  [UPDATE Y] child: div, content_height=258.6, margin.bottom=5.0, total_height=263.6, y after=364.1
  [UPDATE Y] child: div, content_height=71.2, margin.bottom=2.0, total_height=73.2, y after=132.4
  [UPDATE Y] child: div, content_height=160.4, margin.bottom=3.0, total_height=163.4, y after=224.6
  [UPDATE Y] child: div, content_height=71.2, margin.bottom=2.0, total_height=73.2, y after=132.4
  [UPDATE Y] child: div, content_height=222.4, margin.bottom=0.0, total_height=222.4, y after=222.4
  [UPDATE Y] child: div, content_height=91.2, margin.bottom=0.0, total_height=91.2, y after=245.4
  [UPDATE Y] child: div, content_height=294.4, margin.bottom=0.0, total_height=294.4, y after=516.8
  [UPDATE Y] child: div, content_height=516.8, margin.bottom=0.0, total_height=516.8, y after=622.3
  [UPDATE Y] child: div, content_height=115.2, margin.bottom=0.0, total_height=115.2, y after=737.5
[STYLE] h1 font-size parsed: 32.0px
[STYLE] p font-size parsed: 32.0px
[LAYOUT] Element: html, is_root: true
  margin: top=0.0, right=0.0, bottom=0.0, left=0.0
  padding: top=0.0, right=0.0, bottom=0.0, left=0.0
  content: x=0.0, y=0.0, width=1200.0, height=0.0
  containing_block: width=1200.0, height=800.0
[LAYOUT] Root element (html) position set to (0, 0)
[LAYOUT] Element: body, is_root: false
  margin: top=0.0, right=0.0, bottom=0.0, left=0.0
  padding: top=20.0, right=20.0, bottom=20.0, left=20.0
  content: x=0.0, y=0.0, width=1160.0, height=0.0
  containing_block: width=1200.0, height=800.0
[LAYOUT] Body element position set: x=0.0, y=0.0 (margin: left=0.0, top=0.0)
[CONTAINING BLOCK] body.content.width=1160.0, child_containing_block.width=1160.0
[WIDTH DEBUG] h1: containing_block.width=1160.0, available_width=1160.0, calculated_width=1160.0
  [TEXT HEIGHT] text: "ZBrowser功能测试...", font_size=32.0, line_height=46.0, height=46.0
[LAYOUT] Child element: h1 (parent: body)
  parent.content: x=0.0, y=0.0
  parent.padding: left=20.0, top=20.0
  child.margin: left=0.0, top=21.4
  y (accumulated): 20.0
  child.content: x=20.0 (was 0.0), y=41.4 (was 0.0)
  [UPDATE Y] child: h1, content_height=50.0, margin.bottom=21.4, total_height=71.4, y after=91.4
[LAYOUT] Child element: text (parent: body)
  parent.content: x=0.0, y=0.0
  parent.padding: left=20.0, top=20.0
  child.margin: left=0.0, top=0.0
  y (accumulated): 91.4
  child.content: x=20.0 (was 0.0), y=91.4 (was 0.0)
  [UPDATE Y] child: text, content_height=0.0, margin.bottom=0.0, total_height=0.0, y after=91.4
[WIDTH DEBUG] h1: containing_block.width=1126.0, available_width=1126.0, calculated_width=1126.0
  [TEXT HEIGHT] text: "块级布局测试...", font_size=32.0, line_height=46.0, height=46.0
[LAYOUT] Child element: h1 (parent: div)
  parent.content: x=0.0, y=0.0
  parent.padding: left=15.0, top=15.0
  child.margin: left=0.0, top=16.1
  y (accumulated): 15.0
  child.content: x=15.0 (was 0.0), y=31.1 (was 0.0)
  [UPDATE Y] child: h1, content_height=62.1, margin.bottom=16.1, total_height=78.2, y after=93.2
  [TEXT HEIGHT] text: "这是一个块级�...", font_size=16.0, line_height=24.0, height=24.0
  [TEXT HEIGHT] text: "这是另一个段�...", font_size=16.0, line_height=24.0, height=24.0
  [TEXT HEIGHT] text: "嵌套的div块级�...", font_size=16.0, line_height=24.0, height=24.0
  [UPDATE Y] child: div, content_height=96.0, margin.bottom=0.0, total_height=96.0, y after=301.2
[LAYOUT] Child element: div (parent: body)
  parent.content: x=0.0, y=0.0
  parent.padding: left=20.0, top=20.0
  child.margin: left=0.0, top=0.0
  y (accumulated): 91.4
  child.content: x=20.0 (was 0.0), y=91.4 (was 0.0)
  [UPDATE Y] child: div, content_height=350.2, margin.bottom=0.0, total_height=350.2, y after=441.6
[LAYOUT] Child element: text (parent: body)
  parent.content: x=0.0, y=0.0
  parent.padding: left=20.0, top=20.0
  child.margin: left=0.0, top=0.0
  y (accumulated): 441.6
  child.content: x=20.0 (was 0.0), y=441.6 (was 0.0)
  [UPDATE Y] child: text, content_height=0.0, margin.bottom=0.0, total_height=0.0, y after=441.6
  [TEXT HEIGHT] text: "
      这是行内�...", font_size=16.0, line_height=19.2, height=19.2
  [TEXT HEIGHT] text: "行内元素不会�...", font_size=16.0, line_height=19.2, height=19.2
[LAYOUT] Child element: div (parent: body)
  parent.content: x=0.0, y=0.0
  parent.padding: left=20.0, top=20.0
  child.margin: left=0.0, top=0.0
  y (accumulated): 441.6
  child.content: x=20.0 (was 0.0), y=441.6 (was 0.0)
  [UPDATE Y] child: div, content_height=329.4, margin.bottom=0.0, total_height=329.4, y after=771.0
[LAYOUT] Child element: text (parent: body)
  parent.content: x=0.0, y=0.0
  parent.padding: left=20.0, top=20.0
  child.margin: left=0.0, top=0.0
  y (accumulated): 771.0
  child.content: x=20.0 (was 0.0), y=771.0 (was 0.0)
  [UPDATE Y] child: text, content_height=0.0, margin.bottom=0.0, total_height=0.0, y after=771.0
  [UPDATE Y] child: div, content_height=59.2, margin.bottom=5.0, total_height=64.2, y after=138.2
  [UPDATE Y] child: div, content_height=59.2, margin.bottom=5.0, total_height=64.2, y after=202.4
[LAYOUT] Child element: div (parent: body)
  parent.content: x=0.0, y=0.0
  parent.padding: left=20.0, top=20.0
  child.margin: left=0.0, top=0.0
  y (accumulated): 771.0
  child.content: x=20.0 (was 0.0), y=771.0 (was 0.0)
  [UPDATE Y] child: div, content_height=334.0, margin.bottom=0.0, total_height=334.0, y after=1105.0
[LAYOUT] Child element: text (parent: body)
  parent.content: x=0.0, y=0.0
  parent.padding: left=20.0, top=20.0
  child.margin: left=0.0, top=0.0
  y (accumulated): 1105.0
  child.content: x=20.0 (was 0.0), y=1105.0 (was 0.0)
  [UPDATE Y] child: text, content_height=0.0, margin.bottom=0.0, total_height=0.0, y after=1105.0
  [TEXT HEIGHT] text: "左浮动元素...", font_size=16.0, line_height=19.2, height=19.2
  [TEXT HEIGHT] text: "这个元素会浮�...", font_size=16.0, line_height=19.2, height=19.2
  [TEXT HEIGHT] text: "右浮动元素...", font_size=16.0, line_height=19.2, height=19.2
  [TEXT HEIGHT] text: "这个元素会浮�...", font_size=16.0, line_height=19.2, height=19.2
  [TEXT HEIGHT] text: "这是正常流中�...", font_size=16.0, line_height=19.2, height=19.2
  [UPDATE Y] child: div, content_height=59.2, margin.bottom=0.0, total_height=59.2, y after=287.8
[LAYOUT] Child element: div (parent: body)
  parent.content: x=0.0, y=0.0
  parent.padding: left=20.0, top=20.0
  child.margin: left=0.0, top=0.0
  y (accumulated): 1105.0
  child.content: x=20.0 (was 0.0), y=1105.0 (was 0.0)
  [UPDATE Y] child: div, content_height=336.8, margin.bottom=0.0, total_height=336.8, y after=1441.8
[LAYOUT] Child element: text (parent: body)
  parent.content: x=0.0, y=0.0
  parent.padding: left=20.0, top=20.0
  child.margin: left=0.0, top=0.0
  y (accumulated): 1441.8
  child.content: x=20.0 (was 0.0), y=1441.8 (was 0.0)
  [UPDATE Y] child: text, content_height=0.0, margin.bottom=0.0, total_height=0.0, y after=1441.8
  [UPDATE Y] child: div, content_height=99.2, margin.bottom=5.0, total_height=104.2, y after=119.2
  [UPDATE Y] child: div, content_height=99.2, margin.bottom=5.0, total_height=104.2, y after=223.4
  [UPDATE Y] child: div, content_height=99.2, margin.bottom=5.0, total_height=104.2, y after=327.6
  [UPDATE Y] child: div, content_height=99.2, margin.bottom=5.0, total_height=104.2, y after=431.8
  [UPDATE Y] child: div, content_height=99.2, margin.bottom=5.0, total_height=104.2, y after=536.0
  [UPDATE Y] child: div, content_height=585.0, margin.bottom=0.0, total_height=585.0, y after=697.1
  [UPDATE Y] child: div, content_height=99.2, margin.bottom=5.0, total_height=104.2, y after=119.2
  [UPDATE Y] child: div, content_height=99.2, margin.bottom=5.0, total_height=104.2, y after=223.4
  [UPDATE Y] child: div, content_height=99.2, margin.bottom=5.0, total_height=104.2, y after=327.6
  [UPDATE Y] child: div, content_height=334.0, margin.bottom=0.0, total_height=334.0, y after=1031.1
[LAYOUT] Child element: div (parent: body)
  parent.content: x=0.0, y=0.0
  parent.padding: left=20.0, top=20.0
  child.margin: left=0.0, top=0.0
  y (accumulated): 1441.8
  child.content: x=20.0 (was 0.0), y=1441.8 (was 0.0)
  [UPDATE Y] child: div, content_height=1031.1, margin.bottom=0.0, total_height=1031.1, y after=2472.8
[LAYOUT] Child element: text (parent: body)
  parent.content: x=0.0, y=0.0
  parent.padding: left=20.0, top=20.0
  child.margin: left=0.0, top=0.0
  y (accumulated): 2472.8
  child.content: x=20.0 (was 0.0), y=2472.8 (was 0.0)
  [UPDATE Y] child: text, content_height=0.0, margin.bottom=0.0, total_height=0.0, y after=2472.8
  [UPDATE Y] child: div, content_height=79.2, margin.bottom=0.0, total_height=79.2, y after=94.2
  [UPDATE Y] child: div, content_height=79.2, margin.bottom=0.0, total_height=79.2, y after=173.4
  [UPDATE Y] child: div, content_height=79.2, margin.bottom=0.0, total_height=79.2, y after=252.6
  [UPDATE Y] child: div, content_height=79.2, margin.bottom=0.0, total_height=79.2, y after=331.8
  [UPDATE Y] child: div, content_height=79.2, margin.bottom=0.0, total_height=79.2, y after=411.0
  [UPDATE Y] child: div, content_height=79.2, margin.bottom=0.0, total_height=79.2, y after=490.2
  [UPDATE Y] child: div, content_height=79.2, margin.bottom=0.0, total_height=79.2, y after=569.4
  [UPDATE Y] child: div, content_height=79.2, margin.bottom=0.0, total_height=79.2, y after=648.6
  [UPDATE Y] child: div, content_height=697.6, margin.bottom=0.0, total_height=697.6, y after=809.7
[LAYOUT] Child element: div (parent: body)
  parent.content: x=0.0, y=0.0
  parent.padding: left=20.0, top=20.0
  child.margin: left=0.0, top=0.0
  y (accumulated): 2472.8
  child.content: x=20.0 (was 0.0), y=2472.8 (was 0.0)
  [UPDATE Y] child: div, content_height=809.7, margin.bottom=0.0, total_height=809.7, y after=3282.5
[LAYOUT] Child element: text (parent: body)
  parent.content: x=0.0, y=0.0
  parent.padding: left=20.0, top=20.0
  child.margin: left=0.0, top=0.0
  y (accumulated): 3282.5
  child.content: x=20.0 (was 0.0), y=3282.5 (was 0.0)
  [UPDATE Y] child: text, content_height=0.0, margin.bottom=0.0, total_height=0.0, y after=3282.5
  [TEXT HEIGHT] text: "大号文本（32px�...", font_size=16.0, line_height=19.2, height=19.2
  [TEXT HEIGHT] text: "中等文本（20px�...", font_size=16.0, line_height=19.2, height=19.2
  [TEXT HEIGHT] text: "小号文本（12px�...", font_size=16.0, line_height=19.2, height=19.2
  [TEXT HEIGHT] text: "下划线文本...", font_size=16.0, line_height=19.2, height=19.2
  [TEXT HEIGHT] text: "删除线文本...", font_size=16.0, line_height=19.2, height=19.2
[LAYOUT] Child element: div (parent: body)
  parent.content: x=0.0, y=0.0
  parent.padding: left=20.0, top=20.0
  child.margin: left=0.0, top=0.0
  y (accumulated): 3282.5
  child.content: x=20.0 (was 0.0), y=3282.5 (was 0.0)
  [UPDATE Y] child: div, content_height=405.5, margin.bottom=0.0, total_height=405.5, y after=3688.0
[LAYOUT] Child element: text (parent: body)
  parent.content: x=0.0, y=0.0
  parent.padding: left=20.0, top=20.0
  child.margin: left=0.0, top=0.0
  y (accumulated): 3688.0
  child.content: x=20.0 (was 0.0), y=3688.0 (was 0.0)
  [UPDATE Y] child: text, content_height=0.0, margin.bottom=0.0, total_height=0.0, y after=3688.0
  [TEXT HEIGHT] text: "这是一个测试�...", font_size=16.0, line_height=25.6, height=25.6
  [TEXT HEIGHT] text: "這是一個測試�...", font_size=16.0, line_height=25.6, height=25.6
  [TEXT HEIGHT] text: "これはテスト�...", font_size=16.0, line_height=25.6, height=25.6
  [TEXT HEIGHT] text: "이것은 테스트 ...", font_size=16.0, line_height=25.6, height=25.6
  [TEXT HEIGHT] text: "This is a test page ...", font_size=16.0, line_height=25.6, height=25.6
  [TEXT HEIGHT] text: "混合文本 Mixed T...", font_size=16.0, line_height=25.6, height=25.6
[LAYOUT] Child element: div (parent: body)
  parent.content: x=0.0, y=0.0
  parent.padding: left=20.0, top=20.0
  child.margin: left=0.0, top=0.0
  y (accumulated): 3688.0
  child.content: x=20.0 (was 0.0), y=3688.0 (was 0.0)
  [UPDATE Y] child: div, content_height=610.3, margin.bottom=0.0, total_height=610.3, y after=4298.4
[LAYOUT] Child element: text (parent: body)
  parent.content: x=0.0, y=0.0
  parent.padding: left=20.0, top=20.0
  child.margin: left=0.0, top=0.0
  y (accumulated): 4298.4
  child.content: x=20.0 (was 0.0), y=4298.4 (was 0.0)
  [UPDATE Y] child: text, content_height=0.0, margin.bottom=0.0, total_height=0.0, y after=4298.4
  [TEXT HEIGHT] text: "这个区域有实�...", font_size=16.0, line_height=19.2, height=19.2
  [TEXT HEIGHT] text: "这个区域有虚�...", font_size=16.0, line_height=19.2, height=19.2
  [UPDATE Y] child: div, content_height=117.2, margin.bottom=0.0, total_height=117.2, y after=273.9
[LAYOUT] Child element: div (parent: body)
  parent.content: x=0.0, y=0.0
  parent.padding: left=20.0, top=20.0
  child.margin: left=0.0, top=0.0
  y (accumulated): 4298.4
  child.content: x=20.0 (was 0.0), y=4298.4 (was 0.0)
  [UPDATE Y] child: div, content_height=343.9, margin.bottom=0.0, total_height=343.9, y after=4642.3
[LAYOUT] Child element: text (parent: body)
  parent.content: x=0.0, y=0.0
  parent.padding: left=20.0, top=20.0
  child.margin: left=0.0, top=0.0
  y (accumulated): 4642.3
  child.content: x=20.0 (was 0.0), y=4642.3 (was 0.0)
  [UPDATE Y] child: text, content_height=0.0, margin.bottom=0.0, total_height=0.0, y after=4642.3
  [TEXT HEIGHT] text: "第一层嵌套...", font_size=16.0, line_height=19.2, height=19.2
  [TEXT HEIGHT] text: "第二层嵌套...", font_size=16.0, line_height=19.2, height=19.2
  [TEXT HEIGHT] text: "第三层嵌套...", font_size=16.0, line_height=19.2, height=19.2
  [UPDATE Y] child: div, content_height=71.2, margin.bottom=2.0, total_height=73.2, y after=132.4
  [UPDATE Y] child: div, content_height=160.4, margin.bottom=3.0, total_height=163.4, y after=224.6
  [UPDATE Y] child: div, content_height=258.6, margin.bottom=5.0, total_height=263.6, y after=364.1
[LAYOUT] Child element: div (parent: body)
  parent.content: x=0.0, y=0.0
  parent.padding: left=20.0, top=20.0
  child.margin: left=0.0, top=0.0
  y (accumulated): 4642.3
  child.content: x=20.0 (was 0.0), y=4642.3 (was 0.0)
  [UPDATE Y] child: div, content_height=413.1, margin.bottom=0.0, total_height=413.1, y after=5055.4
[LAYOUT] Child element: text (parent: body)
  parent.content: x=0.0, y=0.0
  parent.padding: left=20.0, top=20.0
  child.margin: left=0.0, top=0.0
  y (accumulated): 5055.4
  child.content: x=20.0 (was 0.0), y=5055.4 (was 0.0)
  [UPDATE Y] child: text, content_height=0.0, margin.bottom=0.0, total_height=0.0, y after=5055.4
  [TEXT HEIGHT] text: "HTML实体：<div> &...", font_size=16.0, line_height=19.2, height=19.2
  [TEXT HEIGHT] text: "Unicode字符：© �...", font_size=16.0, line_height=19.2, height=19.2
  [TEXT HEIGHT] text: "数学符号：∑ �...", font_size=16.0, line_height=19.2, height=19.2
  [TEXT HEIGHT] text: "箭头符号：← �...", font_size=16.0, line_height=19.2, height=19.2
  [TEXT HEIGHT] text: "Emoji：😀 😃 �...", font_size=16.0, line_height=19.2, height=19.2
[LAYOUT] Child element: div (parent: body)
  parent.content: x=0.0, y=0.0
  parent.padding: left=20.0, top=20.0
  child.margin: left=0.0, top=0.0
  y (accumulated): 5055.4
  child.content: x=20.0 (was 0.0), y=5055.4 (was 0.0)
  [UPDATE Y] child: div, content_height=405.5, margin.bottom=0.0, total_height=405.5, y after=5460.9
[LAYOUT] Child element: text (parent: body)
  parent.content: x=0.0, y=0.0
  parent.padding: left=20.0, top=20.0
  child.margin: left=0.0, top=0.0
  y (accumulated): 5460.9
  child.content: x=20.0 (was 0.0), y=5460.9 (was 0.0)
  [UPDATE Y] child: text, content_height=0.0, margin.bottom=0.0, total_height=0.0, y after=5460.9
  [TEXT HEIGHT] text: "包含块级和行�...", font_size=16.0, line_height=19.2, height=19.2
  [UPDATE Y] child: div, content_height=222.4, margin.bottom=0.0, total_height=222.4, y after=222.4
  [TEXT HEIGHT] text: "另一个Flex子项�...", font_size=16.0, line_height=19.2, height=19.2
  [TEXT HEIGHT] text: "嵌套的div...", font_size=16.0, line_height=19.2, height=19.2
  [UPDATE Y] child: div, content_height=91.2, margin.bottom=0.0, total_height=91.2, y after=245.4
  [UPDATE Y] child: div, content_height=294.4, margin.bottom=0.0, total_height=294.4, y after=516.8
  [UPDATE Y] child: div, content_height=516.8, margin.bottom=0.0, total_height=516.8, y after=622.3
  [TEXT HEIGHT] text: "相对定位容器...", font_size=16.0, line_height=19.2, height=19.2
  [UPDATE Y] child: div, content_height=115.2, margin.bottom=0.0, total_height=115.2, y after=737.5
[LAYOUT] Child element: div (parent: body)
  parent.content: x=0.0, y=0.0
  parent.padding: left=20.0, top=20.0
  child.margin: left=0.0, top=0.0
  y (accumulated): 5460.9
  child.content: x=20.0 (was 0.0), y=5460.9 (was 0.0)
  [UPDATE Y] child: div, content_height=803.5, margin.bottom=0.0, total_height=803.5, y after=6264.4
[LAYOUT] Child element: text (parent: body)
  parent.content: x=0.0, y=0.0
  parent.padding: left=20.0, top=20.0
  child.margin: left=0.0, top=0.0
  y (accumulated): 6264.4
  child.content: x=20.0 (was 0.0), y=6264.4 (was 0.0)
  [UPDATE Y] child: text, content_height=0.0, margin.bottom=0.0, total_height=0.0, y after=6264.4
  [TEXT HEIGHT] text: "ZBrowser功能测试...", font_size=16.0, line_height=19.2, height=19.2
  [TEXT HEIGHT] text: "包含：块级布�...", font_size=16.0, line_height=19.2, height=19.2
[LAYOUT] Child element: div (parent: body)
  parent.content: x=0.0, y=0.0
  parent.padding: left=20.0, top=20.0
  child.margin: left=0.0, top=30.0
  y (accumulated): 6264.4
  child.content: x=20.0 (was 0.0), y=6294.4 (was 0.0)
  [UPDATE Y] child: div, content_height=182.4, margin.bottom=0.0, total_height=182.4, y after=6446.8
[LAYOUT] Child element: body (parent: html)
  parent.content: x=0.0, y=0.0
  parent.padding: left=0.0, top=0.0
  child.margin: left=0.0, top=0.0
  y (accumulated): 0.0
  child.content: x=0.0 (was 0.0), y=0.0 (was 0.0)
  [UPDATE Y] child: body, content_height=6506.8, margin.bottom=0.0, total_height=6506.8, y after=6506.8
[LAYOUT] Element: body, is_root: false
  margin: top=0.0, right=0.0, bottom=0.0, left=0.0
  padding: top=20.0, right=20.0, bottom=20.0, left=20.0
  content: x=0.0, y=0.0, width=1160.0, height=6466.8
  containing_block: width=1200.0, height=6506.8
[LAYOUT] Body element position set: x=0.0, y=0.0 (margin: left=0.0, top=0.0)
[CONTAINING BLOCK] body.content.width=1160.0, child_containing_block.width=1160.0
[WIDTH DEBUG] h1: containing_block.width=1160.0, available_width=1160.0, calculated_width=1156.0
[LAYOUT] Child element: h1 (parent: body)
  parent.content: x=0.0, y=0.0
  parent.padding: left=20.0, top=20.0
  child.margin: left=0.0, top=21.4
  y (accumulated): 20.0
  child.content: x=20.0 (was 20.0), y=41.4 (was 41.4)
  [UPDATE Y] child: h1, content_height=50.0, margin.bottom=21.4, total_height=71.4, y after=91.4
[LAYOUT] Child element: text (parent: body)
  parent.content: x=0.0, y=0.0
  parent.padding: left=20.0, top=20.0
  child.margin: left=0.0, top=0.0
  y (accumulated): 91.4
  child.content: x=20.0 (was 20.0), y=91.4 (was 91.4)
  [UPDATE Y] child: text, content_height=0.0, margin.bottom=0.0, total_height=0.0, y after=91.4
[WIDTH DEBUG] h1: containing_block.width=1126.0, available_width=1126.0, calculated_width=1126.0
[LAYOUT] Child element: h1 (parent: div)
  parent.content: x=20.0, y=91.4
  parent.padding: left=15.0, top=15.0
  child.margin: left=0.0, top=16.1
  y (accumulated): 15.0
  child.content: x=15.0 (was 15.0), y=122.5 (was 31.1)
  [UPDATE Y] child: h1, content_height=62.1, margin.bottom=16.1, total_height=78.2, y after=93.2
  [UPDATE Y] child: div, content_height=96.0, margin.bottom=0.0, total_height=96.0, y after=301.2
[LAYOUT] Child element: div (parent: body)
  parent.content: x=0.0, y=0.0
  parent.padding: left=20.0, top=20.0
  child.margin: left=0.0, top=0.0
  y (accumulated): 91.4
  child.content: x=20.0 (was 20.0), y=91.4 (was 91.4)
  [UPDATE Y] child: div, content_height=350.2, margin.bottom=0.0, total_height=350.2, y after=441.6
[LAYOUT] Child element: text (parent: body)
  parent.content: x=0.0, y=0.0
  parent.padding: left=20.0, top=20.0
  child.margin: left=0.0, top=0.0
  y (accumulated): 441.6
  child.content: x=20.0 (was 20.0), y=441.6 (was 441.6)
  [UPDATE Y] child: text, content_height=0.0, margin.bottom=0.0, total_height=0.0, y after=441.6
[LAYOUT] Child element: div (parent: body)
  parent.content: x=0.0, y=0.0
  parent.padding: left=20.0, top=20.0
  child.margin: left=0.0, top=0.0
  y (accumulated): 441.6
  child.content: x=20.0 (was 20.0), y=441.6 (was 441.6)
  [UPDATE Y] child: div, content_height=329.4, margin.bottom=0.0, total_height=329.4, y after=771.0
[LAYOUT] Child element: text (parent: body)
  parent.content: x=0.0, y=0.0
  parent.padding: left=20.0, top=20.0
  child.margin: left=0.0, top=0.0
  y (accumulated): 771.0
  child.content: x=20.0 (was 20.0), y=771.0 (was 771.0)
  [UPDATE Y] child: text, content_height=0.0, margin.bottom=0.0, total_height=0.0, y after=771.0
  [UPDATE Y] child: div, content_height=59.2, margin.bottom=5.0, total_height=64.2, y after=138.2
  [UPDATE Y] child: div, content_height=59.2, margin.bottom=5.0, total_height=64.2, y after=202.4
[LAYOUT] Child element: div (parent: body)
  parent.content: x=0.0, y=0.0
  parent.padding: left=20.0, top=20.0
  child.margin: left=0.0, top=0.0
  y (accumulated): 771.0
  child.content: x=20.0 (was 20.0), y=771.0 (was 771.0)
  [UPDATE Y] child: div, content_height=334.0, margin.bottom=0.0, total_height=334.0, y after=1105.0
[LAYOUT] Child element: text (parent: body)
  parent.content: x=0.0, y=0.0
  parent.padding: left=20.0, top=20.0
  child.margin: left=0.0, top=0.0
  y (accumulated): 1105.0
  child.content: x=20.0 (was 20.0), y=1105.0 (was 1105.0)
  [UPDATE Y] child: text, content_height=0.0, margin.bottom=0.0, total_height=0.0, y after=1105.0
  [UPDATE Y] child: div, content_height=59.2, margin.bottom=0.0, total_height=59.2, y after=287.8
[LAYOUT] Child element: div (parent: body)
  parent.content: x=0.0, y=0.0
  parent.padding: left=20.0, top=20.0
  child.margin: left=0.0, top=0.0
  y (accumulated): 1105.0
  child.content: x=20.0 (was 20.0), y=1105.0 (was 1105.0)
  [UPDATE Y] child: div, content_height=336.8, margin.bottom=0.0, total_height=336.8, y after=1441.8
[LAYOUT] Child element: text (parent: body)
  parent.content: x=0.0, y=0.0
  parent.padding: left=20.0, top=20.0
  child.margin: left=0.0, top=0.0
  y (accumulated): 1441.8
  child.content: x=20.0 (was 20.0), y=1441.8 (was 1441.8)
  [UPDATE Y] child: text, content_height=0.0, margin.bottom=0.0, total_height=0.0, y after=1441.8
  [UPDATE Y] child: div, content_height=99.2, margin.bottom=5.0, total_height=104.2, y after=119.2
  [UPDATE Y] child: div, content_height=99.2, margin.bottom=5.0, total_height=104.2, y after=223.4
  [UPDATE Y] child: div, content_height=99.2, margin.bottom=5.0, total_height=104.2, y after=327.6
  [UPDATE Y] child: div, content_height=99.2, margin.bottom=5.0, total_height=104.2, y after=431.8
  [UPDATE Y] child: div, content_height=99.2, margin.bottom=5.0, total_height=104.2, y after=536.0
  [UPDATE Y] child: div, content_height=585.0, margin.bottom=0.0, total_height=585.0, y after=697.1
  [UPDATE Y] child: div, content_height=99.2, margin.bottom=5.0, total_height=104.2, y after=119.2
  [UPDATE Y] child: div, content_height=99.2, margin.bottom=5.0, total_height=104.2, y after=223.4
  [UPDATE Y] child: div, content_height=99.2, margin.bottom=5.0, total_height=104.2, y after=327.6
  [UPDATE Y] child: div, content_height=334.0, margin.bottom=0.0, total_height=334.0, y after=1031.1
[LAYOUT] Child element: div (parent: body)
  parent.content: x=0.0, y=0.0
  parent.padding: left=20.0, top=20.0
  child.margin: left=0.0, top=0.0
  y (accumulated): 1441.8
  child.content: x=20.0 (was 20.0), y=1441.8 (was 1441.8)
  [UPDATE Y] child: div, content_height=1031.1, margin.bottom=0.0, total_height=1031.1, y after=2472.8
[LAYOUT] Child element: text (parent: body)
  parent.content: x=0.0, y=0.0
  parent.padding: left=20.0, top=20.0
  child.margin: left=0.0, top=0.0
  y (accumulated): 2472.8
  child.content: x=20.0 (was 20.0), y=2472.8 (was 2472.8)
  [UPDATE Y] child: text, content_height=0.0, margin.bottom=0.0, total_height=0.0, y after=2472.8
  [UPDATE Y] child: div, content_height=79.2, margin.bottom=0.0, total_height=79.2, y after=94.2
  [UPDATE Y] child: div, content_height=79.2, margin.bottom=0.0, total_height=79.2, y after=173.4
  [UPDATE Y] child: div, content_height=79.2, margin.bottom=0.0, total_height=79.2, y after=252.6
  [UPDATE Y] child: div, content_height=79.2, margin.bottom=0.0, total_height=79.2, y after=331.8
  [UPDATE Y] child: div, content_height=79.2, margin.bottom=0.0, total_height=79.2, y after=411.0
  [UPDATE Y] child: div, content_height=79.2, margin.bottom=0.0, total_height=79.2, y after=490.2
  [UPDATE Y] child: div, content_height=79.2, margin.bottom=0.0, total_height=79.2, y after=569.4
  [UPDATE Y] child: div, content_height=79.2, margin.bottom=0.0, total_height=79.2, y after=648.6
  [UPDATE Y] child: div, content_height=697.6, margin.bottom=0.0, total_height=697.6, y after=809.7
[LAYOUT] Child element: div (parent: body)
  parent.content: x=0.0, y=0.0
  parent.padding: left=20.0, top=20.0
  child.margin: left=0.0, top=0.0
  y (accumulated): 2472.8
  child.content: x=20.0 (was 20.0), y=2472.8 (was 2472.8)
  [UPDATE Y] child: div, content_height=809.7, margin.bottom=0.0, total_height=809.7, y after=3282.5
[LAYOUT] Child element: text (parent: body)
  parent.content: x=0.0, y=0.0
  parent.padding: left=20.0, top=20.0
  child.margin: left=0.0, top=0.0
  y (accumulated): 3282.5
  child.content: x=20.0 (was 20.0), y=3282.5 (was 3282.5)
  [UPDATE Y] child: text, content_height=0.0, margin.bottom=0.0, total_height=0.0, y after=3282.5
[LAYOUT] Child element: div (parent: body)
  parent.content: x=0.0, y=0.0
  parent.padding: left=20.0, top=20.0
  child.margin: left=0.0, top=0.0
  y (accumulated): 3282.5
  child.content: x=20.0 (was 20.0), y=3282.5 (was 3282.5)
  [UPDATE Y] child: div, content_height=405.5, margin.bottom=0.0, total_height=405.5, y after=3688.0
[LAYOUT] Child element: text (parent: body)
  parent.content: x=0.0, y=0.0
  parent.padding: left=20.0, top=20.0
  child.margin: left=0.0, top=0.0
  y (accumulated): 3688.0
  child.content: x=20.0 (was 20.0), y=3688.0 (was 3688.0)
  [UPDATE Y] child: text, content_height=0.0, margin.bottom=0.0, total_height=0.0, y after=3688.0
[LAYOUT] Child element: div (parent: body)
  parent.content: x=0.0, y=0.0
  parent.padding: left=20.0, top=20.0
  child.margin: left=0.0, top=0.0
  y (accumulated): 3688.0
  child.content: x=20.0 (was 20.0), y=3688.0 (was 3688.0)
  [UPDATE Y] child: div, content_height=610.3, margin.bottom=0.0, total_height=610.3, y after=4298.4
[LAYOUT] Child element: text (parent: body)
  parent.content: x=0.0, y=0.0
  parent.padding: left=20.0, top=20.0
  child.margin: left=0.0, top=0.0
  y (accumulated): 4298.4
  child.content: x=20.0 (was 20.0), y=4298.4 (was 4298.4)
  [UPDATE Y] child: text, content_height=0.0, margin.bottom=0.0, total_height=0.0, y after=4298.4
  [UPDATE Y] child: div, content_height=117.2, margin.bottom=0.0, total_height=117.2, y after=273.9
[LAYOUT] Child element: div (parent: body)
  parent.content: x=0.0, y=0.0
  parent.padding: left=20.0, top=20.0
  child.margin: left=0.0, top=0.0
  y (accumulated): 4298.4
  child.content: x=20.0 (was 20.0), y=4298.4 (was 4298.4)
  [UPDATE Y] child: div, content_height=343.9, margin.bottom=0.0, total_height=343.9, y after=4642.3
[LAYOUT] Child element: text (parent: body)
  parent.content: x=0.0, y=0.0
  parent.padding: left=20.0, top=20.0
  child.margin: left=0.0, top=0.0
  y (accumulated): 4642.3
  child.content: x=20.0 (was 20.0), y=4642.3 (was 4642.3)
  [UPDATE Y] child: text, content_height=0.0, margin.bottom=0.0, total_height=0.0, y after=4642.3
  [UPDATE Y] child: div, content_height=71.2, margin.bottom=2.0, total_height=73.2, y after=132.4
  [UPDATE Y] child: div, content_height=160.4, margin.bottom=3.0, total_height=163.4, y after=224.6
  [UPDATE Y] child: div, content_height=258.6, margin.bottom=5.0, total_height=263.6, y after=364.1
[LAYOUT] Child element: div (parent: body)
  parent.content: x=0.0, y=0.0
  parent.padding: left=20.0, top=20.0
  child.margin: left=0.0, top=0.0
  y (accumulated): 4642.3
  child.content: x=20.0 (was 20.0), y=4642.3 (was 4642.3)
  [UPDATE Y] child: div, content_height=413.1, margin.bottom=0.0, total_height=413.1, y after=5055.4
[LAYOUT] Child element: text (parent: body)
  parent.content: x=0.0, y=0.0
  parent.padding: left=20.0, top=20.0
  child.margin: left=0.0, top=0.0
  y (accumulated): 5055.4
  child.content: x=20.0 (was 20.0), y=5055.4 (was 5055.4)
  [UPDATE Y] child: text, content_height=0.0, margin.bottom=0.0, total_height=0.0, y after=5055.4
[LAYOUT] Child element: div (parent: body)
  parent.content: x=0.0, y=0.0
  parent.padding: left=20.0, top=20.0
  child.margin: left=0.0, top=0.0
  y (accumulated): 5055.4
  child.content: x=20.0 (was 20.0), y=5055.4 (was 5055.4)
  [UPDATE Y] child: div, content_height=405.5, margin.bottom=0.0, total_height=405.5, y after=5460.9
[LAYOUT] Child element: text (parent: body)
  parent.content: x=0.0, y=0.0
  parent.padding: left=20.0, top=20.0
  child.margin: left=0.0, top=0.0
  y (accumulated): 5460.9
  child.content: x=20.0 (was 20.0), y=5460.9 (was 5460.9)
  [UPDATE Y] child: text, content_height=0.0, margin.bottom=0.0, total_height=0.0, y after=5460.9
  [UPDATE Y] child: div, content_height=222.4, margin.bottom=0.0, total_height=222.4, y after=222.4
  [UPDATE Y] child: div, content_height=91.2, margin.bottom=0.0, total_height=91.2, y after=245.4
  [UPDATE Y] child: div, content_height=294.4, margin.bottom=0.0, total_height=294.4, y after=516.8
  [UPDATE Y] child: div, content_height=516.8, margin.bottom=0.0, total_height=516.8, y after=622.3
  [UPDATE Y] child: div, content_height=115.2, margin.bottom=0.0, total_height=115.2, y after=737.5
[LAYOUT] Child element: div (parent: body)
  parent.content: x=0.0, y=0.0
  parent.padding: left=20.0, top=20.0
  child.margin: left=0.0, top=0.0
  y (accumulated): 5460.9
  child.content: x=20.0 (was 20.0), y=5460.9 (was 5460.9)
  [UPDATE Y] child: div, content_height=803.5, margin.bottom=0.0, total_height=803.5, y after=6264.4
[LAYOUT] Child element: text (parent: body)
  parent.content: x=0.0, y=0.0
  parent.padding: left=20.0, top=20.0
  child.margin: left=0.0, top=0.0
  y (accumulated): 6264.4
  child.content: x=20.0 (was 20.0), y=6264.4 (was 6264.4)
  [UPDATE Y] child: text, content_height=0.0, margin.bottom=0.0, total_height=0.0, y after=6264.4
[LAYOUT] Child element: div (parent: body)
  parent.content: x=0.0, y=0.0
  parent.padding: left=20.0, top=20.0
  child.margin: left=0.0, top=30.0
  y (accumulated): 6264.4
  child.content: x=20.0 (was 20.0), y=6294.4 (was 6294.4)
  [UPDATE Y] child: div, content_height=182.4, margin.bottom=0.0, total_height=182.4, y after=6446.8
[WIDTH DEBUG] h1: containing_block.width=1160.0, available_width=1160.0, calculated_width=1156.0
[WIDTH DEBUG] h1: containing_block.width=1126.0, available_width=1126.0, calculated_width=1126.0
[LAYOUT] Child element: h1 (parent: div)
  parent.content: x=20.0, y=91.4
  parent.padding: left=15.0, top=15.0
  child.margin: left=0.0, top=16.1
  y (accumulated): 15.0
  child.content: x=15.0 (was 15.0), y=122.5 (was 122.5)
  [UPDATE Y] child: h1, content_height=62.1, margin.bottom=16.1, total_height=78.2, y after=93.2
  [UPDATE Y] child: div, content_height=96.0, margin.bottom=0.0, total_height=96.0, y after=301.2
[WIDTH DEBUG] h1: containing_block.width=1126.0, available_width=1126.0, calculated_width=1126.0
  [UPDATE Y] child: div, content_height=59.2, margin.bottom=5.0, total_height=64.2, y after=138.2
  [UPDATE Y] child: div, content_height=59.2, margin.bottom=5.0, total_height=64.2, y after=202.4
  [UPDATE Y] child: div, content_height=59.2, margin.bottom=0.0, total_height=59.2, y after=287.8
  [UPDATE Y] child: div, content_height=99.2, margin.bottom=5.0, total_height=104.2, y after=119.2
  [UPDATE Y] child: div, content_height=99.2, margin.bottom=5.0, total_height=104.2, y after=223.4
  [UPDATE Y] child: div, content_height=99.2, margin.bottom=5.0, total_height=104.2, y after=327.6
  [UPDATE Y] child: div, content_height=99.2, margin.bottom=5.0, total_height=104.2, y after=431.8
  [UPDATE Y] child: div, content_height=99.2, margin.bottom=5.0, total_height=104.2, y after=536.0
  [UPDATE Y] child: div, content_height=585.0, margin.bottom=0.0, total_height=585.0, y after=697.1
  [UPDATE Y] child: div, content_height=99.2, margin.bottom=5.0, total_height=104.2, y after=119.2
  [UPDATE Y] child: div, content_height=99.2, margin.bottom=5.0, total_height=104.2, y after=223.4
  [UPDATE Y] child: div, content_height=99.2, margin.bottom=5.0, total_height=104.2, y after=327.6
  [UPDATE Y] child: div, content_height=334.0, margin.bottom=0.0, total_height=334.0, y after=1031.1
  [UPDATE Y] child: div, content_height=79.2, margin.bottom=0.0, total_height=79.2, y after=94.2
  [UPDATE Y] child: div, content_height=79.2, margin.bottom=0.0, total_height=79.2, y after=173.4
  [UPDATE Y] child: div, content_height=79.2, margin.bottom=0.0, total_height=79.2, y after=252.6
  [UPDATE Y] child: div, content_height=79.2, margin.bottom=0.0, total_height=79.2, y after=331.8
  [UPDATE Y] child: div, content_height=79.2, margin.bottom=0.0, total_height=79.2, y after=411.0
  [UPDATE Y] child: div, content_height=79.2, margin.bottom=0.0, total_height=79.2, y after=490.2
  [UPDATE Y] child: div, content_height=79.2, margin.bottom=0.0, total_height=79.2, y after=569.4
  [UPDATE Y] child: div, content_height=79.2, margin.bottom=0.0, total_height=79.2, y after=648.6
  [UPDATE Y] child: div, content_height=697.6, margin.bottom=0.0, total_height=697.6, y after=809.7
  [UPDATE Y] child: div, content_height=117.2, margin.bottom=0.0, total_height=117.2, y after=273.9
  [UPDATE Y] child: div, content_height=71.2, margin.bottom=2.0, total_height=73.2, y after=132.4
  [UPDATE Y] child: div, content_height=160.4, margin.bottom=3.0, total_height=163.4, y after=224.6
  [UPDATE Y] child: div, content_height=258.6, margin.bottom=5.0, total_height=263.6, y after=364.1
  [UPDATE Y] child: div, content_height=71.2, margin.bottom=2.0, total_height=73.2, y after=132.4
  [UPDATE Y] child: div, content_height=160.4, margin.bottom=3.0, total_height=163.4, y after=224.6
  [UPDATE Y] child: div, content_height=71.2, margin.bottom=2.0, total_height=73.2, y after=132.4
  [UPDATE Y] child: div, content_height=222.4, margin.bottom=0.0, total_height=222.4, y after=222.4
  [UPDATE Y] child: div, content_height=91.2, margin.bottom=0.0, total_height=91.2, y after=245.4
  [UPDATE Y] child: div, content_height=294.4, margin.bottom=0.0, total_height=294.4, y after=516.8
  [UPDATE Y] child: div, content_height=516.8, margin.bottom=0.0, total_height=516.8, y after=622.3
  [UPDATE Y] child: div, content_height=115.2, margin.bottom=0.0, total_height=115.2, y after=737.5
[STYLE] h1 font-size parsed: 32.0px
[STYLE] p font-size parsed: 32.0px
[LAYOUT] Element: html, is_root: true
  margin: top=0.0, right=0.0, bottom=0.0, left=0.0
  padding: top=0.0, right=0.0, bottom=0.0, left=0.0
  content: x=0.0, y=0.0, width=1200.0, height=0.0
  containing_block: width=1200.0, height=800.0
[LAYOUT] Root element (html) position set to (0, 0)
[LAYOUT] Element: body, is_root: false
  margin: top=0.0, right=0.0, bottom=0.0, left=0.0
  padding: top=20.0, right=20.0, bottom=20.0, left=20.0
  content: x=0.0, y=0.0, width=1160.0, height=0.0
  containing_block: width=1200.0, height=800.0
[LAYOUT] Body element position set: x=0.0, y=0.0 (margin: left=0.0, top=0.0)
[CONTAINING BLOCK] body.content.width=1160.0, child_containing_block.width=1160.0
[WIDTH DEBUG] h1: containing_block.width=1160.0, available_width=1160.0, calculated_width=1160.0
  [TEXT HEIGHT] text: "ZBrowser功能测试...", font_size=32.0, line_height=46.0, height=46.0
[LAYOUT] Child element: h1 (parent: body)
  parent.content: x=0.0, y=0.0
  parent.padding: left=20.0, top=20.0
  child.margin: left=0.0, top=21.4
  y (accumulated): 20.0
  child.content: x=20.0 (was 0.0), y=41.4 (was 0.0)
  [UPDATE Y] child: h1, content_height=50.0, margin.bottom=21.4, total_height=71.4, y after=91.4
[LAYOUT] Child element: text (parent: body)
  parent.content: x=0.0, y=0.0
  parent.padding: left=20.0, top=20.0
  child.margin: left=0.0, top=0.0
  y (accumulated): 91.4
  child.content: x=20.0 (was 0.0), y=91.4 (was 0.0)
  [UPDATE Y] child: text, content_height=0.0, margin.bottom=0.0, total_height=0.0, y after=91.4
[WIDTH DEBUG] h1: containing_block.width=1126.0, available_width=1126.0, calculated_width=1126.0
  [TEXT HEIGHT] text: "块级布局测试...", font_size=32.0, line_height=46.0, height=46.0
[LAYOUT] Child element: h1 (parent: div)
  parent.content: x=0.0, y=0.0
  parent.padding: left=15.0, top=15.0
  child.margin: left=0.0, top=16.1
  y (accumulated): 15.0
  child.content: x=15.0 (was 0.0), y=31.1 (was 0.0)
  [UPDATE Y] child: h1, content_height=62.1, margin.bottom=16.1, total_height=78.2, y after=93.2
  [TEXT HEIGHT] text: "这是一个块级�...", font_size=16.0, line_height=24.0, height=24.0
  [TEXT HEIGHT] text: "这是另一个段�...", font_size=16.0, line_height=24.0, height=24.0
  [TEXT HEIGHT] text: "嵌套的div块级�...", font_size=16.0, line_height=24.0, height=24.0
  [UPDATE Y] child: div, content_height=96.0, margin.bottom=0.0, total_height=96.0, y after=301.2
[LAYOUT] Child element: div (parent: body)
  parent.content: x=0.0, y=0.0
  parent.padding: left=20.0, top=20.0
  child.margin: left=0.0, top=0.0
  y (accumulated): 91.4
  child.content: x=20.0 (was 0.0), y=91.4 (was 0.0)
  [UPDATE Y] child: div, content_height=350.2, margin.bottom=0.0, total_height=350.2, y after=441.6
[LAYOUT] Child element: text (parent: body)
  parent.content: x=0.0, y=0.0
  parent.padding: left=20.0, top=20.0
  child.margin: left=0.0, top=0.0
  y (accumulated): 441.6
  child.content: x=20.0 (was 0.0), y=441.6 (was 0.0)
  [UPDATE Y] child: text, content_height=0.0, margin.bottom=0.0, total_height=0.0, y after=441.6
  [TEXT HEIGHT] text: "
      这是行内�...", font_size=16.0, line_height=19.2, height=19.2
  [TEXT HEIGHT] text: "行内元素不会�...", font_size=16.0, line_height=19.2, height=19.2
[LAYOUT] Child element: div (parent: body)
  parent.content: x=0.0, y=0.0
  parent.padding: left=20.0, top=20.0
  child.margin: left=0.0, top=0.0
  y (accumulated): 441.6
  child.content: x=20.0 (was 0.0), y=441.6 (was 0.0)
  [UPDATE Y] child: div, content_height=329.4, margin.bottom=0.0, total_height=329.4, y after=771.0
[LAYOUT] Child element: text (parent: body)
  parent.content: x=0.0, y=0.0
  parent.padding: left=20.0, top=20.0
  child.margin: left=0.0, top=0.0
  y (accumulated): 771.0
  child.content: x=20.0 (was 0.0), y=771.0 (was 0.0)
  [UPDATE Y] child: text, content_height=0.0, margin.bottom=0.0, total_height=0.0, y after=771.0
  [UPDATE Y] child: div, content_height=59.2, margin.bottom=5.0, total_height=64.2, y after=138.2
  [UPDATE Y] child: div, content_height=59.2, margin.bottom=5.0, total_height=64.2, y after=202.4
[LAYOUT] Child element: div (parent: body)
  parent.content: x=0.0, y=0.0
  parent.padding: left=20.0, top=20.0
  child.margin: left=0.0, top=0.0
  y (accumulated): 771.0
  child.content: x=20.0 (was 0.0), y=771.0 (was 0.0)
  [UPDATE Y] child: div, content_height=334.0, margin.bottom=0.0, total_height=334.0, y after=1105.0
[LAYOUT] Child element: text (parent: body)
  parent.content: x=0.0, y=0.0
  parent.padding: left=20.0, top=20.0
  child.margin: left=0.0, top=0.0
  y (accumulated): 1105.0
  child.content: x=20.0 (was 0.0), y=1105.0 (was 0.0)
  [UPDATE Y] child: text, content_height=0.0, margin.bottom=0.0, total_height=0.0, y after=1105.0
  [TEXT HEIGHT] text: "左浮动元素...", font_size=16.0, line_height=19.2, height=19.2
  [TEXT HEIGHT] text: "这个元素会浮�...", font_size=16.0, line_height=19.2, height=19.2
  [TEXT HEIGHT] text: "右浮动元素...", font_size=16.0, line_height=19.2, height=19.2
  [TEXT HEIGHT] text: "这个元素会浮�...", font_size=16.0, line_height=19.2, height=19.2
  [TEXT HEIGHT] text: "这是正常流中�...", font_size=16.0, line_height=19.2, height=19.2
  [UPDATE Y] child: div, content_height=59.2, margin.bottom=0.0, total_height=59.2, y after=287.8
[LAYOUT] Child element: div (parent: body)
  parent.content: x=0.0, y=0.0
  parent.padding: left=20.0, top=20.0
  child.margin: left=0.0, top=0.0
  y (accumulated): 1105.0
  child.content: x=20.0 (was 0.0), y=1105.0 (was 0.0)
  [UPDATE Y] child: div, content_height=336.8, margin.bottom=0.0, total_height=336.8, y after=1441.8
[LAYOUT] Child element: text (parent: body)
  parent.content: x=0.0, y=0.0
  parent.padding: left=20.0, top=20.0
  child.margin: left=0.0, top=0.0
  y (accumulated): 1441.8
  child.content: x=20.0 (was 0.0), y=1441.8 (was 0.0)
  [UPDATE Y] child: text, content_height=0.0, margin.bottom=0.0, total_height=0.0, y after=1441.8
  [UPDATE Y] child: div, content_height=99.2, margin.bottom=5.0, total_height=104.2, y after=119.2
  [UPDATE Y] child: div, content_height=99.2, margin.bottom=5.0, total_height=104.2, y after=223.4
  [UPDATE Y] child: div, content_height=99.2, margin.bottom=5.0, total_height=104.2, y after=327.6
  [UPDATE Y] child: div, content_height=99.2, margin.bottom=5.0, total_height=104.2, y after=431.8
  [UPDATE Y] child: div, content_height=99.2, margin.bottom=5.0, total_height=104.2, y after=536.0
  [UPDATE Y] child: div, content_height=585.0, margin.bottom=0.0, total_height=585.0, y after=697.1
  [UPDATE Y] child: div, content_height=99.2, margin.bottom=5.0, total_height=104.2, y after=119.2
  [UPDATE Y] child: div, content_height=99.2, margin.bottom=5.0, total_height=104.2, y after=223.4
  [UPDATE Y] child: div, content_height=99.2, margin.bottom=5.0, total_height=104.2, y after=327.6
  [UPDATE Y] child: div, content_height=334.0, margin.bottom=0.0, total_height=334.0, y after=1031.1
[LAYOUT] Child element: div (parent: body)
  parent.content: x=0.0, y=0.0
  parent.padding: left=20.0, top=20.0
  child.margin: left=0.0, top=0.0
  y (accumulated): 1441.8
  child.content: x=20.0 (was 0.0), y=1441.8 (was 0.0)
  [UPDATE Y] child: div, content_height=1031.1, margin.bottom=0.0, total_height=1031.1, y after=2472.8
[LAYOUT] Child element: text (parent: body)
  parent.content: x=0.0, y=0.0
  parent.padding: left=20.0, top=20.0
  child.margin: left=0.0, top=0.0
  y (accumulated): 2472.8
  child.content: x=20.0 (was 0.0), y=2472.8 (was 0.0)
  [UPDATE Y] child: text, content_height=0.0, margin.bottom=0.0, total_height=0.0, y after=2472.8
  [UPDATE Y] child: div, content_height=79.2, margin.bottom=0.0, total_height=79.2, y after=94.2
  [UPDATE Y] child: div, content_height=79.2, margin.bottom=0.0, total_height=79.2, y after=173.4
  [UPDATE Y] child: div, content_height=79.2, margin.bottom=0.0, total_height=79.2, y after=252.6
  [UPDATE Y] child: div, content_height=79.2, margin.bottom=0.0, total_height=79.2, y after=331.8
  [UPDATE Y] child: div, content_height=79.2, margin.bottom=0.0, total_height=79.2, y after=411.0
  [UPDATE Y] child: div, content_height=79.2, margin.bottom=0.0, total_height=79.2, y after=490.2
  [UPDATE Y] child: div, content_height=79.2, margin.bottom=0.0, total_height=79.2, y after=569.4
  [UPDATE Y] child: div, content_height=79.2, margin.bottom=0.0, total_height=79.2, y after=648.6
  [UPDATE Y] child: div, content_height=697.6, margin.bottom=0.0, total_height=697.6, y after=809.7
[LAYOUT] Child element: div (parent: body)
  parent.content: x=0.0, y=0.0
  parent.padding: left=20.0, top=20.0
  child.margin: left=0.0, top=0.0
  y (accumulated): 2472.8
  child.content: x=20.0 (was 0.0), y=2472.8 (was 0.0)
  [UPDATE Y] child: div, content_height=809.7, margin.bottom=0.0, total_height=809.7, y after=3282.5
[LAYOUT] Child element: text (parent: body)
  parent.content: x=0.0, y=0.0
  parent.padding: left=20.0, top=20.0
  child.margin: left=0.0, top=0.0
  y (accumulated): 3282.5
  child.content: x=20.0 (was 0.0), y=3282.5 (was 0.0)
  [UPDATE Y] child: text, content_height=0.0, margin.bottom=0.0, total_height=0.0, y after=3282.5
  [TEXT HEIGHT] text: "大号文本（32px�...", font_size=16.0, line_height=19.2, height=19.2
  [TEXT HEIGHT] text: "中等文本（20px�...", font_size=16.0, line_height=19.2, height=19.2
  [TEXT HEIGHT] text: "小号文本（12px�...", font_size=16.0, line_height=19.2, height=19.2
  [TEXT HEIGHT] text: "下划线文本...", font_size=16.0, line_height=19.2, height=19.2
  [TEXT HEIGHT] text: "删除线文本...", font_size=16.0, line_height=19.2, height=19.2
[LAYOUT] Child element: div (parent: body)
  parent.content: x=0.0, y=0.0
  parent.padding: left=20.0, top=20.0
  child.margin: left=0.0, top=0.0
  y (accumulated): 3282.5
  child.content: x=20.0 (was 0.0), y=3282.5 (was 0.0)
  [UPDATE Y] child: div, content_height=405.5, margin.bottom=0.0, total_height=405.5, y after=3688.0
[LAYOUT] Child element: text (parent: body)
  parent.content: x=0.0, y=0.0
  parent.padding: left=20.0, top=20.0
  child.margin: left=0.0, top=0.0
  y (accumulated): 3688.0
  child.content: x=20.0 (was 0.0), y=3688.0 (was 0.0)
  [UPDATE Y] child: text, content_height=0.0, margin.bottom=0.0, total_height=0.0, y after=3688.0
  [TEXT HEIGHT] text: "这是一个测试�...", font_size=16.0, line_height=25.6, height=25.6
  [TEXT HEIGHT] text: "這是一個測試�...", font_size=16.0, line_height=25.6, height=25.6
  [TEXT HEIGHT] text: "これはテスト�...", font_size=16.0, line_height=25.6, height=25.6
  [TEXT HEIGHT] text: "이것은 테스트 ...", font_size=16.0, line_height=25.6, height=25.6
  [TEXT HEIGHT] text: "This is a test page ...", font_size=16.0, line_height=25.6, height=25.6
  [TEXT HEIGHT] text: "混合文本 Mixed T...", font_size=16.0, line_height=25.6, height=25.6
[LAYOUT] Child element: div (parent: body)
  parent.content: x=0.0, y=0.0
  parent.padding: left=20.0, top=20.0
  child.margin: left=0.0, top=0.0
  y (accumulated): 3688.0
  child.content: x=20.0 (was 0.0), y=3688.0 (was 0.0)
  [UPDATE Y] child: div, content_height=610.3, margin.bottom=0.0, total_height=610.3, y after=4298.4
[LAYOUT] Child element: text (parent: body)
  parent.content: x=0.0, y=0.0
  parent.padding: left=20.0, top=20.0
  child.margin: left=0.0, top=0.0
  y (accumulated): 4298.4
  child.content: x=20.0 (was 0.0), y=4298.4 (was 0.0)
  [UPDATE Y] child: text, content_height=0.0, margin.bottom=0.0, total_height=0.0, y after=4298.4
  [TEXT HEIGHT] text: "这个区域有实�...", font_size=16.0, line_height=19.2, height=19.2
  [TEXT HEIGHT] text: "这个区域有虚�...", font_size=16.0, line_height=19.2, height=19.2
  [UPDATE Y] child: div, content_height=117.2, margin.bottom=0.0, total_height=117.2, y after=273.9
[LAYOUT] Child element: div (parent: body)
  parent.content: x=0.0, y=0.0
  parent.padding: left=20.0, top=20.0
  child.margin: left=0.0, top=0.0
  y (accumulated): 4298.4
  child.content: x=20.0 (was 0.0), y=4298.4 (was 0.0)
  [UPDATE Y] child: div, content_height=343.9, margin.bottom=0.0, total_height=343.9, y after=4642.3
[LAYOUT] Child element: text (parent: body)
  parent.content: x=0.0, y=0.0
  parent.padding: left=20.0, top=20.0
  child.margin: left=0.0, top=0.0
  y (accumulated): 4642.3
  child.content: x=20.0 (was 0.0), y=4642.3 (was 0.0)
  [UPDATE Y] child: text, content_height=0.0, margin.bottom=0.0, total_height=0.0, y after=4642.3
  [TEXT HEIGHT] text: "第一层嵌套...", font_size=16.0, line_height=19.2, height=19.2
  [TEXT HEIGHT] text: "第二层嵌套...", font_size=16.0, line_height=19.2, height=19.2
  [TEXT HEIGHT] text: "第三层嵌套...", font_size=16.0, line_height=19.2, height=19.2
  [UPDATE Y] child: div, content_height=71.2, margin.bottom=2.0, total_height=73.2, y after=132.4
  [UPDATE Y] child: div, content_height=160.4, margin.bottom=3.0, total_height=163.4, y after=224.6
  [UPDATE Y] child: div, content_height=258.6, margin.bottom=5.0, total_height=263.6, y after=364.1
[LAYOUT] Child element: div (parent: body)
  parent.content: x=0.0, y=0.0
  parent.padding: left=20.0, top=20.0
  child.margin: left=0.0, top=0.0
  y (accumulated): 4642.3
  child.content: x=20.0 (was 0.0), y=4642.3 (was 0.0)
  [UPDATE Y] child: div, content_height=413.1, margin.bottom=0.0, total_height=413.1, y after=5055.4
[LAYOUT] Child element: text (parent: body)
  parent.content: x=0.0, y=0.0
  parent.padding: left=20.0, top=20.0
  child.margin: left=0.0, top=0.0
  y (accumulated): 5055.4
  child.content: x=20.0 (was 0.0), y=5055.4 (was 0.0)
  [UPDATE Y] child: text, content_height=0.0, margin.bottom=0.0, total_height=0.0, y after=5055.4
  [TEXT HEIGHT] text: "HTML实体：<div> &...", font_size=16.0, line_height=19.2, height=19.2
  [TEXT HEIGHT] text: "Unicode字符：© �...", font_size=16.0, line_height=19.2, height=19.2
  [TEXT HEIGHT] text: "数学符号：∑ �...", font_size=16.0, line_height=19.2, height=19.2
  [TEXT HEIGHT] text: "箭头符号：← �...", font_size=16.0, line_height=19.2, height=19.2
  [TEXT HEIGHT] text: "Emoji：😀 😃 �...", font_size=16.0, line_height=19.2, height=19.2
[LAYOUT] Child element: div (parent: body)
  parent.content: x=0.0, y=0.0
  parent.padding: left=20.0, top=20.0
  child.margin: left=0.0, top=0.0
  y (accumulated): 5055.4
  child.content: x=20.0 (was 0.0), y=5055.4 (was 0.0)
  [UPDATE Y] child: div, content_height=405.5, margin.bottom=0.0, total_height=405.5, y after=5460.9
[LAYOUT] Child element: text (parent: body)
  parent.content: x=0.0, y=0.0
  parent.padding: left=20.0, top=20.0
  child.margin: left=0.0, top=0.0
  y (accumulated): 5460.9
  child.content: x=20.0 (was 0.0), y=5460.9 (was 0.0)
  [UPDATE Y] child: text, content_height=0.0, margin.bottom=0.0, total_height=0.0, y after=5460.9
  [TEXT HEIGHT] text: "包含块级和行�...", font_size=16.0, line_height=19.2, height=19.2
  [UPDATE Y] child: div, content_height=222.4, margin.bottom=0.0, total_height=222.4, y after=222.4
  [TEXT HEIGHT] text: "另一个Flex子项�...", font_size=16.0, line_height=19.2, height=19.2
  [TEXT HEIGHT] text: "嵌套的div...", font_size=16.0, line_height=19.2, height=19.2
  [UPDATE Y] child: div, content_height=91.2, margin.bottom=0.0, total_height=91.2, y after=245.4
  [UPDATE Y] child: div, content_height=294.4, margin.bottom=0.0, total_height=294.4, y after=516.8
  [UPDATE Y] child: div, content_height=516.8, margin.bottom=0.0, total_height=516.8, y after=622.3
  [TEXT HEIGHT] text: "相对定位容器...", font_size=16.0, line_height=19.2, height=19.2
  [UPDATE Y] child: div, content_height=115.2, margin.bottom=0.0, total_height=115.2, y after=737.5
[LAYOUT] Child element: div (parent: body)
  parent.content: x=0.0, y=0.0
  parent.padding: left=20.0, top=20.0
  child.margin: left=0.0, top=0.0
  y (accumulated): 5460.9
  child.content: x=20.0 (was 0.0), y=5460.9 (was 0.0)
  [UPDATE Y] child: div, content_height=803.5, margin.bottom=0.0, total_height=803.5, y after=6264.4
[LAYOUT] Child element: text (parent: body)
  parent.content: x=0.0, y=0.0
  parent.padding: left=20.0, top=20.0
  child.margin: left=0.0, top=0.0
  y (accumulated): 6264.4
  child.content: x=20.0 (was 0.0), y=6264.4 (was 0.0)
  [UPDATE Y] child: text, content_height=0.0, margin.bottom=0.0, total_height=0.0, y after=6264.4
  [TEXT HEIGHT] text: "ZBrowser功能测试...", font_size=16.0, line_height=19.2, height=19.2
  [TEXT HEIGHT] text: "包含：块级布�...", font_size=16.0, line_height=19.2, height=19.2
[LAYOUT] Child element: div (parent: body)
  parent.content: x=0.0, y=0.0
  parent.padding: left=20.0, top=20.0
  child.margin: left=0.0, top=30.0
  y (accumulated): 6264.4
  child.content: x=20.0 (was 0.0), y=6294.4 (was 0.0)
  [UPDATE Y] child: div, content_height=182.4, margin.bottom=0.0, total_height=182.4, y after=6446.8
[LAYOUT] Child element: body (parent: html)
  parent.content: x=0.0, y=0.0
  parent.padding: left=0.0, top=0.0
  child.margin: left=0.0, top=0.0
  y (accumulated): 0.0
  child.content: x=0.0 (was 0.0), y=0.0 (was 0.0)
  [UPDATE Y] child: body, content_height=6506.8, margin.bottom=0.0, total_height=6506.8, y after=6506.8
[LAYOUT] Element: body, is_root: false
  margin: top=0.0, right=0.0, bottom=0.0, left=0.0
  padding: top=20.0, right=20.0, bottom=20.0, left=20.0
  content: x=0.0, y=0.0, width=1160.0, height=6466.8
  containing_block: width=1200.0, height=6506.8
[LAYOUT] Body element position set: x=0.0, y=0.0 (margin: left=0.0, top=0.0)
[CONTAINING BLOCK] body.content.width=1160.0, child_containing_block.width=1160.0
[WIDTH DEBUG] h1: containing_block.width=1160.0, available_width=1160.0, calculated_width=1156.0
[LAYOUT] Child element: h1 (parent: body)
  parent.content: x=0.0, y=0.0
  parent.padding: left=20.0, top=20.0
  child.margin: left=0.0, top=21.4
  y (accumulated): 20.0
  child.content: x=20.0 (was 20.0), y=41.4 (was 41.4)
  [UPDATE Y] child: h1, content_height=50.0, margin.bottom=21.4, total_height=71.4, y after=91.4
[LAYOUT] Child element: text (parent: body)
  parent.content: x=0.0, y=0.0
  parent.padding: left=20.0, top=20.0
  child.margin: left=0.0, top=0.0
  y (accumulated): 91.4
  child.content: x=20.0 (was 20.0), y=91.4 (was 91.4)
  [UPDATE Y] child: text, content_height=0.0, margin.bottom=0.0, total_height=0.0, y after=91.4
[WIDTH DEBUG] h1: containing_block.width=1126.0, available_width=1126.0, calculated_width=1126.0
[LAYOUT] Child element: h1 (parent: div)
  parent.content: x=20.0, y=91.4
  parent.padding: left=15.0, top=15.0
  child.margin: left=0.0, top=16.1
  y (accumulated): 15.0
  child.content: x=15.0 (was 15.0), y=122.5 (was 31.1)
  [UPDATE Y] child: h1, content_height=62.1, margin.bottom=16.1, total_height=78.2, y after=93.2
  [UPDATE Y] child: div, content_height=96.0, margin.bottom=0.0, total_height=96.0, y after=301.2
[LAYOUT] Child element: div (parent: body)
  parent.content: x=0.0, y=0.0
  parent.padding: left=20.0, top=20.0
  child.margin: left=0.0, top=0.0
  y (accumulated): 91.4
  child.content: x=20.0 (was 20.0), y=91.4 (was 91.4)
  [UPDATE Y] child: div, content_height=350.2, margin.bottom=0.0, total_height=350.2, y after=441.6
[LAYOUT] Child element: text (parent: body)
  parent.content: x=0.0, y=0.0
  parent.padding: left=20.0, top=20.0
  child.margin: left=0.0, top=0.0
  y (accumulated): 441.6
  child.content: x=20.0 (was 20.0), y=441.6 (was 441.6)
  [UPDATE Y] child: text, content_height=0.0, margin.bottom=0.0, total_height=0.0, y after=441.6
[LAYOUT] Child element: div (parent: body)
  parent.content: x=0.0, y=0.0
  parent.padding: left=20.0, top=20.0
  child.margin: left=0.0, top=0.0
  y (accumulated): 441.6
  child.content: x=20.0 (was 20.0), y=441.6 (was 441.6)
  [UPDATE Y] child: div, content_height=329.4, margin.bottom=0.0, total_height=329.4, y after=771.0
[LAYOUT] Child element: text (parent: body)
  parent.content: x=0.0, y=0.0
  parent.padding: left=20.0, top=20.0
  child.margin: left=0.0, top=0.0
  y (accumulated): 771.0
  child.content: x=20.0 (was 20.0), y=771.0 (was 771.0)
  [UPDATE Y] child: text, content_height=0.0, margin.bottom=0.0, total_height=0.0, y after=771.0
  [UPDATE Y] child: div, content_height=59.2, margin.bottom=5.0, total_height=64.2, y after=138.2
  [UPDATE Y] child: div, content_height=59.2, margin.bottom=5.0, total_height=64.2, y after=202.4
[LAYOUT] Child element: div (parent: body)
  parent.content: x=0.0, y=0.0
  parent.padding: left=20.0, top=20.0
  child.margin: left=0.0, top=0.0
  y (accumulated): 771.0
  child.content: x=20.0 (was 20.0), y=771.0 (was 771.0)
  [UPDATE Y] child: div, content_height=334.0, margin.bottom=0.0, total_height=334.0, y after=1105.0
[LAYOUT] Child element: text (parent: body)
  parent.content: x=0.0, y=0.0
  parent.padding: left=20.0, top=20.0
  child.margin: left=0.0, top=0.0
  y (accumulated): 1105.0
  child.content: x=20.0 (was 20.0), y=1105.0 (was 1105.0)
  [UPDATE Y] child: text, content_height=0.0, margin.bottom=0.0, total_height=0.0, y after=1105.0
  [UPDATE Y] child: div, content_height=59.2, margin.bottom=0.0, total_height=59.2, y after=287.8
[LAYOUT] Child element: div (parent: body)
  parent.content: x=0.0, y=0.0
  parent.padding: left=20.0, top=20.0
  child.margin: left=0.0, top=0.0
  y (accumulated): 1105.0
  child.content: x=20.0 (was 20.0), y=1105.0 (was 1105.0)
  [UPDATE Y] child: div, content_height=336.8, margin.bottom=0.0, total_height=336.8, y after=1441.8
[LAYOUT] Child element: text (parent: body)
  parent.content: x=0.0, y=0.0
  parent.padding: left=20.0, top=20.0
  child.margin: left=0.0, top=0.0
  y (accumulated): 1441.8
  child.content: x=20.0 (was 20.0), y=1441.8 (was 1441.8)
  [UPDATE Y] child: text, content_height=0.0, margin.bottom=0.0, total_height=0.0, y after=1441.8
  [UPDATE Y] child: div, content_height=99.2, margin.bottom=5.0, total_height=104.2, y after=119.2
  [UPDATE Y] child: div, content_height=99.2, margin.bottom=5.0, total_height=104.2, y after=223.4
  [UPDATE Y] child: div, content_height=99.2, margin.bottom=5.0, total_height=104.2, y after=327.6
  [UPDATE Y] child: div, content_height=99.2, margin.bottom=5.0, total_height=104.2, y after=431.8
  [UPDATE Y] child: div, content_height=99.2, margin.bottom=5.0, total_height=104.2, y after=536.0
  [UPDATE Y] child: div, content_height=585.0, margin.bottom=0.0, total_height=585.0, y after=697.1
  [UPDATE Y] child: div, content_height=99.2, margin.bottom=5.0, total_height=104.2, y after=119.2
  [UPDATE Y] child: div, content_height=99.2, margin.bottom=5.0, total_height=104.2, y after=223.4
  [UPDATE Y] child: div, content_height=99.2, margin.bottom=5.0, total_height=104.2, y after=327.6
  [UPDATE Y] child: div, content_height=334.0, margin.bottom=0.0, total_height=334.0, y after=1031.1
[LAYOUT] Child element: div (parent: body)
  parent.content: x=0.0, y=0.0
  parent.padding: left=20.0, top=20.0
  child.margin: left=0.0, top=0.0
  y (accumulated): 1441.8
  child.content: x=20.0 (was 20.0), y=1441.8 (was 1441.8)
  [UPDATE Y] child: div, content_height=1031.1, margin.bottom=0.0, total_height=1031.1, y after=2472.8
[LAYOUT] Child element: text (parent: body)
  parent.content: x=0.0, y=0.0
  parent.padding: left=20.0, top=20.0
  child.margin: left=0.0, top=0.0
  y (accumulated): 2472.8
  child.content: x=20.0 (was 20.0), y=2472.8 (was 2472.8)
  [UPDATE Y] child: text, content_height=0.0, margin.bottom=0.0, total_height=0.0, y after=2472.8
  [UPDATE Y] child: div, content_height=79.2, margin.bottom=0.0, total_height=79.2, y after=94.2
  [UPDATE Y] child: div, content_height=79.2, margin.bottom=0.0, total_height=79.2, y after=173.4
  [UPDATE Y] child: div, content_height=79.2, margin.bottom=0.0, total_height=79.2, y after=252.6
  [UPDATE Y] child: div, content_height=79.2, margin.bottom=0.0, total_height=79.2, y after=331.8
  [UPDATE Y] child: div, content_height=79.2, margin.bottom=0.0, total_height=79.2, y after=411.0
  [UPDATE Y] child: div, content_height=79.2, margin.bottom=0.0, total_height=79.2, y after=490.2
  [UPDATE Y] child: div, content_height=79.2, margin.bottom=0.0, total_height=79.2, y after=569.4
  [UPDATE Y] child: div, content_height=79.2, margin.bottom=0.0, total_height=79.2, y after=648.6
  [UPDATE Y] child: div, content_height=697.6, margin.bottom=0.0, total_height=697.6, y after=809.7
[LAYOUT] Child element: div (parent: body)
  parent.content: x=0.0, y=0.0
  parent.padding: left=20.0, top=20.0
  child.margin: left=0.0, top=0.0
  y (accumulated): 2472.8
  child.content: x=20.0 (was 20.0), y=2472.8 (was 2472.8)
  [UPDATE Y] child: div, content_height=809.7, margin.bottom=0.0, total_height=809.7, y after=3282.5
[LAYOUT] Child element: text (parent: body)
  parent.content: x=0.0, y=0.0
  parent.padding: left=20.0, top=20.0
  child.margin: left=0.0, top=0.0
  y (accumulated): 3282.5
  child.content: x=20.0 (was 20.0), y=3282.5 (was 3282.5)
  [UPDATE Y] child: text, content_height=0.0, margin.bottom=0.0, total_height=0.0, y after=3282.5
[LAYOUT] Child element: div (parent: body)
  parent.content: x=0.0, y=0.0
  parent.padding: left=20.0, top=20.0
  child.margin: left=0.0, top=0.0
  y (accumulated): 3282.5
  child.content: x=20.0 (was 20.0), y=3282.5 (was 3282.5)
  [UPDATE Y] child: div, content_height=405.5, margin.bottom=0.0, total_height=405.5, y after=3688.0
[LAYOUT] Child element: text (parent: body)
  parent.content: x=0.0, y=0.0
  parent.padding: left=20.0, top=20.0
  child.margin: left=0.0, top=0.0
  y (accumulated): 3688.0
  child.content: x=20.0 (was 20.0), y=3688.0 (was 3688.0)
  [UPDATE Y] child: text, content_height=0.0, margin.bottom=0.0, total_height=0.0, y after=3688.0
[LAYOUT] Child element: div (parent: body)
  parent.content: x=0.0, y=0.0
  parent.padding: left=20.0, top=20.0
  child.margin: left=0.0, top=0.0
  y (accumulated): 3688.0
  child.content: x=20.0 (was 20.0), y=3688.0 (was 3688.0)
  [UPDATE Y] child: div, content_height=610.3, margin.bottom=0.0, total_height=610.3, y after=4298.4
[LAYOUT] Child element: text (parent: body)
  parent.content: x=0.0, y=0.0
  parent.padding: left=20.0, top=20.0
  child.margin: left=0.0, top=0.0
  y (accumulated): 4298.4
  child.content: x=20.0 (was 20.0), y=4298.4 (was 4298.4)
  [UPDATE Y] child: text, content_height=0.0, margin.bottom=0.0, total_height=0.0, y after=4298.4
  [UPDATE Y] child: div, content_height=117.2, margin.bottom=0.0, total_height=117.2, y after=273.9
[LAYOUT] Child element: div (parent: body)
  parent.content: x=0.0, y=0.0
  parent.padding: left=20.0, top=20.0
  child.margin: left=0.0, top=0.0
  y (accumulated): 4298.4
  child.content: x=20.0 (was 20.0), y=4298.4 (was 4298.4)
  [UPDATE Y] child: div, content_height=343.9, margin.bottom=0.0, total_height=343.9, y after=4642.3
[LAYOUT] Child element: text (parent: body)
  parent.content: x=0.0, y=0.0
  parent.padding: left=20.0, top=20.0
  child.margin: left=0.0, top=0.0
  y (accumulated): 4642.3
  child.content: x=20.0 (was 20.0), y=4642.3 (was 4642.3)
  [UPDATE Y] child: text, content_height=0.0, margin.bottom=0.0, total_height=0.0, y after=4642.3
  [UPDATE Y] child: div, content_height=71.2, margin.bottom=2.0, total_height=73.2, y after=132.4
  [UPDATE Y] child: div, content_height=160.4, margin.bottom=3.0, total_height=163.4, y after=224.6
  [UPDATE Y] child: div, content_height=258.6, margin.bottom=5.0, total_height=263.6, y after=364.1
[LAYOUT] Child element: div (parent: body)
  parent.content: x=0.0, y=0.0
  parent.padding: left=20.0, top=20.0
  child.margin: left=0.0, top=0.0
  y (accumulated): 4642.3
  child.content: x=20.0 (was 20.0), y=4642.3 (was 4642.3)
  [UPDATE Y] child: div, content_height=413.1, margin.bottom=0.0, total_height=413.1, y after=5055.4
[LAYOUT] Child element: text (parent: body)
  parent.content: x=0.0, y=0.0
  parent.padding: left=20.0, top=20.0
  child.margin: left=0.0, top=0.0
  y (accumulated): 5055.4
  child.content: x=20.0 (was 20.0), y=5055.4 (was 5055.4)
  [UPDATE Y] child: text, content_height=0.0, margin.bottom=0.0, total_height=0.0, y after=5055.4
[LAYOUT] Child element: div (parent: body)
  parent.content: x=0.0, y=0.0
  parent.padding: left=20.0, top=20.0
  child.margin: left=0.0, top=0.0
  y (accumulated): 5055.4
  child.content: x=20.0 (was 20.0), y=5055.4 (was 5055.4)
  [UPDATE Y] child: div, content_height=405.5, margin.bottom=0.0, total_height=405.5, y after=5460.9
[LAYOUT] Child element: text (parent: body)
  parent.content: x=0.0, y=0.0
  parent.padding: left=20.0, top=20.0
  child.margin: left=0.0, top=0.0
  y (accumulated): 5460.9
  child.content: x=20.0 (was 20.0), y=5460.9 (was 5460.9)
  [UPDATE Y] child: text, content_height=0.0, margin.bottom=0.0, total_height=0.0, y after=5460.9
  [UPDATE Y] child: div, content_height=222.4, margin.bottom=0.0, total_height=222.4, y after=222.4
  [UPDATE Y] child: div, content_height=91.2, margin.bottom=0.0, total_height=91.2, y after=245.4
  [UPDATE Y] child: div, content_height=294.4, margin.bottom=0.0, total_height=294.4, y after=516.8
  [UPDATE Y] child: div, content_height=516.8, margin.bottom=0.0, total_height=516.8, y after=622.3
  [UPDATE Y] child: div, content_height=115.2, margin.bottom=0.0, total_height=115.2, y after=737.5
[LAYOUT] Child element: div (parent: body)
  parent.content: x=0.0, y=0.0
  parent.padding: left=20.0, top=20.0
  child.margin: left=0.0, top=0.0
  y (accumulated): 5460.9
  child.content: x=20.0 (was 20.0), y=5460.9 (was 5460.9)
  [UPDATE Y] child: div, content_height=803.5, margin.bottom=0.0, total_height=803.5, y after=6264.4
[LAYOUT] Child element: text (parent: body)
  parent.content: x=0.0, y=0.0
  parent.padding: left=20.0, top=20.0
  child.margin: left=0.0, top=0.0
  y (accumulated): 6264.4
  child.content: x=20.0 (was 20.0), y=6264.4 (was 6264.4)
  [UPDATE Y] child: text, content_height=0.0, margin.bottom=0.0, total_height=0.0, y after=6264.4
[LAYOUT] Child element: div (parent: body)
  parent.content: x=0.0, y=0.0
  parent.padding: left=20.0, top=20.0
  child.margin: left=0.0, top=30.0
  y (accumulated): 6264.4
  child.content: x=20.0 (was 20.0), y=6294.4 (was 6294.4)
  [UPDATE Y] child: div, content_height=182.4, margin.bottom=0.0, total_height=182.4, y after=6446.8
[WIDTH DEBUG] h1: containing_block.width=1160.0, available_width=1160.0, calculated_width=1156.0
[WIDTH DEBUG] h1: containing_block.width=1126.0, available_width=1126.0, calculated_width=1126.0
[LAYOUT] Child element: h1 (parent: div)
  parent.content: x=20.0, y=91.4
  parent.padding: left=15.0, top=15.0
  child.margin: left=0.0, top=16.1
  y (accumulated): 15.0
  child.content: x=15.0 (was 15.0), y=122.5 (was 122.5)
  [UPDATE Y] child: h1, content_height=62.1, margin.bottom=16.1, total_height=78.2, y after=93.2
  [UPDATE Y] child: div, content_height=96.0, margin.bottom=0.0, total_height=96.0, y after=301.2
[WIDTH DEBUG] h1: containing_block.width=1126.0, available_width=1126.0, calculated_width=1126.0
  [UPDATE Y] child: div, content_height=59.2, margin.bottom=5.0, total_height=64.2, y after=138.2
  [UPDATE Y] child: div, content_height=59.2, margin.bottom=5.0, total_height=64.2, y after=202.4
  [UPDATE Y] child: div, content_height=59.2, margin.bottom=0.0, total_height=59.2, y after=287.8
  [UPDATE Y] child: div, content_height=99.2, margin.bottom=5.0, total_height=104.2, y after=119.2
  [UPDATE Y] child: div, content_height=99.2, margin.bottom=5.0, total_height=104.2, y after=223.4
  [UPDATE Y] child: div, content_height=99.2, margin.bottom=5.0, total_height=104.2, y after=327.6
  [UPDATE Y] child: div, content_height=99.2, margin.bottom=5.0, total_height=104.2, y after=431.8
  [UPDATE Y] child: div, content_height=99.2, margin.bottom=5.0, total_height=104.2, y after=536.0
  [UPDATE Y] child: div, content_height=585.0, margin.bottom=0.0, total_height=585.0, y after=697.1
  [UPDATE Y] child: div, content_height=99.2, margin.bottom=5.0, total_height=104.2, y after=119.2
  [UPDATE Y] child: div, content_height=99.2, margin.bottom=5.0, total_height=104.2, y after=223.4
  [UPDATE Y] child: div, content_height=99.2, margin.bottom=5.0, total_height=104.2, y after=327.6
  [UPDATE Y] child: div, content_height=334.0, margin.bottom=0.0, total_height=334.0, y after=1031.1
  [UPDATE Y] child: div, content_height=79.2, margin.bottom=0.0, total_height=79.2, y after=94.2
  [UPDATE Y] child: div, content_height=79.2, margin.bottom=0.0, total_height=79.2, y after=173.4
  [UPDATE Y] child: div, content_height=79.2, margin.bottom=0.0, total_height=79.2, y after=252.6
  [UPDATE Y] child: div, content_height=79.2, margin.bottom=0.0, total_height=79.2, y after=331.8
  [UPDATE Y] child: div, content_height=79.2, margin.bottom=0.0, total_height=79.2, y after=411.0
  [UPDATE Y] child: div, content_height=79.2, margin.bottom=0.0, total_height=79.2, y after=490.2
  [UPDATE Y] child: div, content_height=79.2, margin.bottom=0.0, total_height=79.2, y after=569.4
  [UPDATE Y] child: div, content_height=79.2, margin.bottom=0.0, total_height=79.2, y after=648.6
  [UPDATE Y] child: div, content_height=697.6, margin.bottom=0.0, total_height=697.6, y after=809.7
  [UPDATE Y] child: div, content_height=117.2, margin.bottom=0.0, total_height=117.2, y after=273.9
  [UPDATE Y] child: div, content_height=71.2, margin.bottom=2.0, total_height=73.2, y after=132.4
  [UPDATE Y] child: div, content_height=160.4, margin.bottom=3.0, total_height=163.4, y after=224.6
  [UPDATE Y] child: div, content_height=258.6, margin.bottom=5.0, total_height=263.6, y after=364.1
  [UPDATE Y] child: div, content_height=71.2, margin.bottom=2.0, total_height=73.2, y after=132.4
  [UPDATE Y] child: div, content_height=160.4, margin.bottom=3.0, total_height=163.4, y after=224.6
  [UPDATE Y] child: div, content_height=71.2, margin.bottom=2.0, total_height=73.2, y after=132.4
  [UPDATE Y] child: div, content_height=222.4, margin.bottom=0.0, total_height=222.4, y after=222.4
  [UPDATE Y] child: div, content_height=91.2, margin.bottom=0.0, total_height=91.2, y after=245.4
  [UPDATE Y] child: div, content_height=294.4, margin.bottom=0.0, total_height=294.4, y after=516.8
  [UPDATE Y] child: div, content_height=516.8, margin.bottom=0.0, total_height=516.8, y after=622.3
  [UPDATE Y] child: div, content_height=115.2, margin.bottom=0.0, total_height=115.2, y after=737.5
[STYLE] h1 font-size parsed: 32.0px
[STYLE] p font-size parsed: 32.0px
[LAYOUT] Element: html, is_root: true
  margin: top=0.0, right=0.0, bottom=0.0, left=0.0
  padding: top=0.0, right=0.0, bottom=0.0, left=0.0
  content: x=0.0, y=0.0, width=1200.0, height=0.0
  containing_block: width=1200.0, height=800.0
[LAYOUT] Root element (html) position set to (0, 0)
[LAYOUT] Element: body, is_root: false
  margin: top=0.0, right=0.0, bottom=0.0, left=0.0
  padding: top=20.0, right=20.0, bottom=20.0, left=20.0
  content: x=0.0, y=0.0, width=1160.0, height=0.0
  containing_block: width=1200.0, height=800.0
[LAYOUT] Body element position set: x=0.0, y=0.0 (margin: left=0.0, top=0.0)
[CONTAINING BLOCK] body.content.width=1160.0, child_containing_block.width=1160.0
[WIDTH DEBUG] h1: containing_block.width=1160.0, available_width=1160.0, calculated_width=1160.0
  [TEXT HEIGHT] text: "ZBrowser功能测试...", font_size=32.0, line_height=46.0, height=46.0
[LAYOUT] Child element: h1 (parent: body)
  parent.content: x=0.0, y=0.0
  parent.padding: left=20.0, top=20.0
  child.margin: left=0.0, top=21.4
  y (accumulated): 20.0
  child.content: x=20.0 (was 0.0), y=41.4 (was 0.0)
  [UPDATE Y] child: h1, content_height=50.0, margin.bottom=21.4, total_height=71.4, y after=91.4
[LAYOUT] Child element: text (parent: body)
  parent.content: x=0.0, y=0.0
  parent.padding: left=20.0, top=20.0
  child.margin: left=0.0, top=0.0
  y (accumulated): 91.4
  child.content: x=20.0 (was 0.0), y=91.4 (was 0.0)
  [UPDATE Y] child: text, content_height=0.0, margin.bottom=0.0, total_height=0.0, y after=91.4
[WIDTH DEBUG] h1: containing_block.width=1126.0, available_width=1126.0, calculated_width=1126.0
  [TEXT HEIGHT] text: "块级布局测试...", font_size=32.0, line_height=46.0, height=46.0
[LAYOUT] Child element: h1 (parent: div)
  parent.content: x=0.0, y=0.0
  parent.padding: left=15.0, top=15.0
  child.margin: left=0.0, top=16.1
  y (accumulated): 15.0
  child.content: x=15.0 (was 0.0), y=31.1 (was 0.0)
  [UPDATE Y] child: h1, content_height=62.1, margin.bottom=16.1, total_height=78.2, y after=93.2
  [TEXT HEIGHT] text: "这是一个块级�...", font_size=16.0, line_height=24.0, height=24.0
  [TEXT HEIGHT] text: "这是另一个段�...", font_size=16.0, line_height=24.0, height=24.0
  [TEXT HEIGHT] text: "嵌套的div块级�...", font_size=16.0, line_height=24.0, height=24.0
  [UPDATE Y] child: div, content_height=96.0, margin.bottom=0.0, total_height=96.0, y after=301.2
[LAYOUT] Child element: div (parent: body)
  parent.content: x=0.0, y=0.0
  parent.padding: left=20.0, top=20.0
  child.margin: left=0.0, top=0.0
  y (accumulated): 91.4
  child.content: x=20.0 (was 0.0), y=91.4 (was 0.0)
  [UPDATE Y] child: div, content_height=350.2, margin.bottom=0.0, total_height=350.2, y after=441.6
[LAYOUT] Child element: text (parent: body)
  parent.content: x=0.0, y=0.0
  parent.padding: left=20.0, top=20.0
  child.margin: left=0.0, top=0.0
  y (accumulated): 441.6
  child.content: x=20.0 (was 0.0), y=441.6 (was 0.0)
  [UPDATE Y] child: text, content_height=0.0, margin.bottom=0.0, total_height=0.0, y after=441.6
  [TEXT HEIGHT] text: "
      这是行内�...", font_size=16.0, line_height=19.2, height=19.2
  [TEXT HEIGHT] text: "行内元素不会�...", font_size=16.0, line_height=19.2, height=19.2
[LAYOUT] Child element: div (parent: body)
  parent.content: x=0.0, y=0.0
  parent.padding: left=20.0, top=20.0
  child.margin: left=0.0, top=0.0
  y (accumulated): 441.6
  child.content: x=20.0 (was 0.0), y=441.6 (was 0.0)
  [UPDATE Y] child: div, content_height=329.4, margin.bottom=0.0, total_height=329.4, y after=771.0
[LAYOUT] Child element: text (parent: body)
  parent.content: x=0.0, y=0.0
  parent.padding: left=20.0, top=20.0
  child.margin: left=0.0, top=0.0
  y (accumulated): 771.0
  child.content: x=20.0 (was 0.0), y=771.0 (was 0.0)
  [UPDATE Y] child: text, content_height=0.0, margin.bottom=0.0, total_height=0.0, y after=771.0
  [UPDATE Y] child: div, content_height=59.2, margin.bottom=5.0, total_height=64.2, y after=138.2
  [UPDATE Y] child: div, content_height=59.2, margin.bottom=5.0, total_height=64.2, y after=202.4
[LAYOUT] Child element: div (parent: body)
  parent.content: x=0.0, y=0.0
  parent.padding: left=20.0, top=20.0
  child.margin: left=0.0, top=0.0
  y (accumulated): 771.0
  child.content: x=20.0 (was 0.0), y=771.0 (was 0.0)
  [UPDATE Y] child: div, content_height=334.0, margin.bottom=0.0, total_height=334.0, y after=1105.0
[LAYOUT] Child element: text (parent: body)
  parent.content: x=0.0, y=0.0
  parent.padding: left=20.0, top=20.0
  child.margin: left=0.0, top=0.0
  y (accumulated): 1105.0
  child.content: x=20.0 (was 0.0), y=1105.0 (was 0.0)
  [UPDATE Y] child: text, content_height=0.0, margin.bottom=0.0, total_height=0.0, y after=1105.0
  [TEXT HEIGHT] text: "左浮动元素...", font_size=16.0, line_height=19.2, height=19.2
  [TEXT HEIGHT] text: "这个元素会浮�...", font_size=16.0, line_height=19.2, height=19.2
  [TEXT HEIGHT] text: "右浮动元素...", font_size=16.0, line_height=19.2, height=19.2
  [TEXT HEIGHT] text: "这个元素会浮�...", font_size=16.0, line_height=19.2, height=19.2
  [TEXT HEIGHT] text: "这是正常流中�...", font_size=16.0, line_height=19.2, height=19.2
  [UPDATE Y] child: div, content_height=59.2, margin.bottom=0.0, total_height=59.2, y after=287.8
[LAYOUT] Child element: div (parent: body)
  parent.content: x=0.0, y=0.0
  parent.padding: left=20.0, top=20.0
  child.margin: left=0.0, top=0.0
  y (accumulated): 1105.0
  child.content: x=20.0 (was 0.0), y=1105.0 (was 0.0)
  [UPDATE Y] child: div, content_height=336.8, margin.bottom=0.0, total_height=336.8, y after=1441.8
[LAYOUT] Child element: text (parent: body)
  parent.content: x=0.0, y=0.0
  parent.padding: left=20.0, top=20.0
  child.margin: left=0.0, top=0.0
  y (accumulated): 1441.8
  child.content: x=20.0 (was 0.0), y=1441.8 (was 0.0)
  [UPDATE Y] child: text, content_height=0.0, margin.bottom=0.0, total_height=0.0, y after=1441.8
  [UPDATE Y] child: div, content_height=99.2, margin.bottom=5.0, total_height=104.2, y after=119.2
  [UPDATE Y] child: div, content_height=99.2, margin.bottom=5.0, total_height=104.2, y after=223.4
  [UPDATE Y] child: div, content_height=99.2, margin.bottom=5.0, total_height=104.2, y after=327.6
  [UPDATE Y] child: div, content_height=99.2, margin.bottom=5.0, total_height=104.2, y after=431.8
  [UPDATE Y] child: div, content_height=99.2, margin.bottom=5.0, total_height=104.2, y after=536.0
  [UPDATE Y] child: div, content_height=585.0, margin.bottom=0.0, total_height=585.0, y after=697.1
  [UPDATE Y] child: div, content_height=99.2, margin.bottom=5.0, total_height=104.2, y after=119.2
  [UPDATE Y] child: div, content_height=99.2, margin.bottom=5.0, total_height=104.2, y after=223.4
  [UPDATE Y] child: div, content_height=99.2, margin.bottom=5.0, total_height=104.2, y after=327.6
  [UPDATE Y] child: div, content_height=334.0, margin.bottom=0.0, total_height=334.0, y after=1031.1
[LAYOUT] Child element: div (parent: body)
  parent.content: x=0.0, y=0.0
  parent.padding: left=20.0, top=20.0
  child.margin: left=0.0, top=0.0
  y (accumulated): 1441.8
  child.content: x=20.0 (was 0.0), y=1441.8 (was 0.0)
  [UPDATE Y] child: div, content_height=1031.1, margin.bottom=0.0, total_height=1031.1, y after=2472.8
[LAYOUT] Child element: text (parent: body)
  parent.content: x=0.0, y=0.0
  parent.padding: left=20.0, top=20.0
  child.margin: left=0.0, top=0.0
  y (accumulated): 2472.8
  child.content: x=20.0 (was 0.0), y=2472.8 (was 0.0)
  [UPDATE Y] child: text, content_height=0.0, margin.bottom=0.0, total_height=0.0, y after=2472.8
  [UPDATE Y] child: div, content_height=79.2, margin.bottom=0.0, total_height=79.2, y after=94.2
  [UPDATE Y] child: div, content_height=79.2, margin.bottom=0.0, total_height=79.2, y after=173.4
  [UPDATE Y] child: div, content_height=79.2, margin.bottom=0.0, total_height=79.2, y after=252.6
  [UPDATE Y] child: div, content_height=79.2, margin.bottom=0.0, total_height=79.2, y after=331.8
  [UPDATE Y] child: div, content_height=79.2, margin.bottom=0.0, total_height=79.2, y after=411.0
  [UPDATE Y] child: div, content_height=79.2, margin.bottom=0.0, total_height=79.2, y after=490.2
  [UPDATE Y] child: div, content_height=79.2, margin.bottom=0.0, total_height=79.2, y after=569.4
  [UPDATE Y] child: div, content_height=79.2, margin.bottom=0.0, total_height=79.2, y after=648.6
  [UPDATE Y] child: div, content_height=697.6, margin.bottom=0.0, total_height=697.6, y after=809.7
[LAYOUT] Child element: div (parent: body)
  parent.content: x=0.0, y=0.0
  parent.padding: left=20.0, top=20.0
  child.margin: left=0.0, top=0.0
  y (accumulated): 2472.8
  child.content: x=20.0 (was 0.0), y=2472.8 (was 0.0)
  [UPDATE Y] child: div, content_height=809.7, margin.bottom=0.0, total_height=809.7, y after=3282.5
[LAYOUT] Child element: text (parent: body)
  parent.content: x=0.0, y=0.0
  parent.padding: left=20.0, top=20.0
  child.margin: left=0.0, top=0.0
  y (accumulated): 3282.5
  child.content: x=20.0 (was 0.0), y=3282.5 (was 0.0)
  [UPDATE Y] child: text, content_height=0.0, margin.bottom=0.0, total_height=0.0, y after=3282.5
  [TEXT HEIGHT] text: "大号文本（32px�...", font_size=16.0, line_height=19.2, height=19.2
  [TEXT HEIGHT] text: "中等文本（20px�...", font_size=16.0, line_height=19.2, height=19.2
  [TEXT HEIGHT] text: "小号文本（12px�...", font_size=16.0, line_height=19.2, height=19.2
  [TEXT HEIGHT] text: "下划线文本...", font_size=16.0, line_height=19.2, height=19.2
  [TEXT HEIGHT] text: "删除线文本...", font_size=16.0, line_height=19.2, height=19.2
[LAYOUT] Child element: div (parent: body)
  parent.content: x=0.0, y=0.0
  parent.padding: left=20.0, top=20.0
  child.margin: left=0.0, top=0.0
  y (accumulated): 3282.5
  child.content: x=20.0 (was 0.0), y=3282.5 (was 0.0)
  [UPDATE Y] child: div, content_height=405.5, margin.bottom=0.0, total_height=405.5, y after=3688.0
[LAYOUT] Child element: text (parent: body)
  parent.content: x=0.0, y=0.0
  parent.padding: left=20.0, top=20.0
  child.margin: left=0.0, top=0.0
  y (accumulated): 3688.0
  child.content: x=20.0 (was 0.0), y=3688.0 (was 0.0)
  [UPDATE Y] child: text, content_height=0.0, margin.bottom=0.0, total_height=0.0, y after=3688.0
  [TEXT HEIGHT] text: "这是一个测试�...", font_size=16.0, line_height=25.6, height=25.6
  [TEXT HEIGHT] text: "這是一個測試�...", font_size=16.0, line_height=25.6, height=25.6
  [TEXT HEIGHT] text: "これはテスト�...", font_size=16.0, line_height=25.6, height=25.6
  [TEXT HEIGHT] text: "이것은 테스트 ...", font_size=16.0, line_height=25.6, height=25.6
  [TEXT HEIGHT] text: "This is a test page ...", font_size=16.0, line_height=25.6, height=25.6
  [TEXT HEIGHT] text: "混合文本 Mixed T...", font_size=16.0, line_height=25.6, height=25.6
[LAYOUT] Child element: div (parent: body)
  parent.content: x=0.0, y=0.0
  parent.padding: left=20.0, top=20.0
  child.margin: left=0.0, top=0.0
  y (accumulated): 3688.0
  child.content: x=20.0 (was 0.0), y=3688.0 (was 0.0)
  [UPDATE Y] child: div, content_height=610.3, margin.bottom=0.0, total_height=610.3, y after=4298.4
[LAYOUT] Child element: text (parent: body)
  parent.content: x=0.0, y=0.0
  parent.padding: left=20.0, top=20.0
  child.margin: left=0.0, top=0.0
  y (accumulated): 4298.4
  child.content: x=20.0 (was 0.0), y=4298.4 (was 0.0)
  [UPDATE Y] child: text, content_height=0.0, margin.bottom=0.0, total_height=0.0, y after=4298.4
  [TEXT HEIGHT] text: "这个区域有实�...", font_size=16.0, line_height=19.2, height=19.2
  [TEXT HEIGHT] text: "这个区域有虚�...", font_size=16.0, line_height=19.2, height=19.2
  [UPDATE Y] child: div, content_height=117.2, margin.bottom=0.0, total_height=117.2, y after=273.9
[LAYOUT] Child element: div (parent: body)
  parent.content: x=0.0, y=0.0
  parent.padding: left=20.0, top=20.0
  child.margin: left=0.0, top=0.0
  y (accumulated): 4298.4
  child.content: x=20.0 (was 0.0), y=4298.4 (was 0.0)
  [UPDATE Y] child: div, content_height=343.9, margin.bottom=0.0, total_height=343.9, y after=4642.3
[LAYOUT] Child element: text (parent: body)
  parent.content: x=0.0, y=0.0
  parent.padding: left=20.0, top=20.0
  child.margin: left=0.0, top=0.0
  y (accumulated): 4642.3
  child.content: x=20.0 (was 0.0), y=4642.3 (was 0.0)
  [UPDATE Y] child: text, content_height=0.0, margin.bottom=0.0, total_height=0.0, y after=4642.3
  [TEXT HEIGHT] text: "第一层嵌套...", font_size=16.0, line_height=19.2, height=19.2
  [TEXT HEIGHT] text: "第二层嵌套...", font_size=16.0, line_height=19.2, height=19.2
  [TEXT HEIGHT] text: "第三层嵌套...", font_size=16.0, line_height=19.2, height=19.2
  [UPDATE Y] child: div, content_height=71.2, margin.bottom=2.0, total_height=73.2, y after=132.4
  [UPDATE Y] child: div, content_height=160.4, margin.bottom=3.0, total_height=163.4, y after=224.6
  [UPDATE Y] child: div, content_height=258.6, margin.bottom=5.0, total_height=263.6, y after=364.1
[LAYOUT] Child element: div (parent: body)
  parent.content: x=0.0, y=0.0
  parent.padding: left=20.0, top=20.0
  child.margin: left=0.0, top=0.0
  y (accumulated): 4642.3
  child.content: x=20.0 (was 0.0), y=4642.3 (was 0.0)
  [UPDATE Y] child: div, content_height=413.1, margin.bottom=0.0, total_height=413.1, y after=5055.4
[LAYOUT] Child element: text (parent: body)
  parent.content: x=0.0, y=0.0
  parent.padding: left=20.0, top=20.0
  child.margin: left=0.0, top=0.0
  y (accumulated): 5055.4
  child.content: x=20.0 (was 0.0), y=5055.4 (was 0.0)
  [UPDATE Y] child: text, content_height=0.0, margin.bottom=0.0, total_height=0.0, y after=5055.4
  [TEXT HEIGHT] text: "HTML实体：<div> &...", font_size=16.0, line_height=19.2, height=19.2
  [TEXT HEIGHT] text: "Unicode字符：© �...", font_size=16.0, line_height=19.2, height=19.2
  [TEXT HEIGHT] text: "数学符号：∑ �...", font_size=16.0, line_height=19.2, height=19.2
  [TEXT HEIGHT] text: "箭头符号：← �...", font_size=16.0, line_height=19.2, height=19.2
  [TEXT HEIGHT] text: "Emoji：😀 😃 �...", font_size=16.0, line_height=19.2, height=19.2
[LAYOUT] Child element: div (parent: body)
  parent.content: x=0.0, y=0.0
  parent.padding: left=20.0, top=20.0
  child.margin: left=0.0, top=0.0
  y (accumulated): 5055.4
  child.content: x=20.0 (was 0.0), y=5055.4 (was 0.0)
  [UPDATE Y] child: div, content_height=405.5, margin.bottom=0.0, total_height=405.5, y after=5460.9
[LAYOUT] Child element: text (parent: body)
  parent.content: x=0.0, y=0.0
  parent.padding: left=20.0, top=20.0
  child.margin: left=0.0, top=0.0
  y (accumulated): 5460.9
  child.content: x=20.0 (was 0.0), y=5460.9 (was 0.0)
  [UPDATE Y] child: text, content_height=0.0, margin.bottom=0.0, total_height=0.0, y after=5460.9
  [TEXT HEIGHT] text: "包含块级和行�...", font_size=16.0, line_height=19.2, height=19.2
  [UPDATE Y] child: div, content_height=222.4, margin.bottom=0.0, total_height=222.4, y after=222.4
  [TEXT HEIGHT] text: "另一个Flex子项�...", font_size=16.0, line_height=19.2, height=19.2
  [TEXT HEIGHT] text: "嵌套的div...", font_size=16.0, line_height=19.2, height=19.2
  [UPDATE Y] child: div, content_height=91.2, margin.bottom=0.0, total_height=91.2, y after=245.4
  [UPDATE Y] child: div, content_height=294.4, margin.bottom=0.0, total_height=294.4, y after=516.8
  [UPDATE Y] child: div, content_height=516.8, margin.bottom=0.0, total_height=516.8, y after=622.3
  [TEXT HEIGHT] text: "相对定位容器...", font_size=16.0, line_height=19.2, height=19.2
  [UPDATE Y] child: div, content_height=115.2, margin.bottom=0.0, total_height=115.2, y after=737.5
[LAYOUT] Child element: div (parent: body)
  parent.content: x=0.0, y=0.0
  parent.padding: left=20.0, top=20.0
  child.margin: left=0.0, top=0.0
  y (accumulated): 5460.9
  child.content: x=20.0 (was 0.0), y=5460.9 (was 0.0)
  [UPDATE Y] child: div, content_height=803.5, margin.bottom=0.0, total_height=803.5, y after=6264.4
[LAYOUT] Child element: text (parent: body)
  parent.content: x=0.0, y=0.0
  parent.padding: left=20.0, top=20.0
  child.margin: left=0.0, top=0.0
  y (accumulated): 6264.4
  child.content: x=20.0 (was 0.0), y=6264.4 (was 0.0)
  [UPDATE Y] child: text, content_height=0.0, margin.bottom=0.0, total_height=0.0, y after=6264.4
  [TEXT HEIGHT] text: "ZBrowser功能测试...", font_size=16.0, line_height=19.2, height=19.2
  [TEXT HEIGHT] text: "包含：块级布�...", font_size=16.0, line_height=19.2, height=19.2
[LAYOUT] Child element: div (parent: body)
  parent.content: x=0.0, y=0.0
  parent.padding: left=20.0, top=20.0
  child.margin: left=0.0, top=30.0
  y (accumulated): 6264.4
  child.content: x=20.0 (was 0.0), y=6294.4 (was 0.0)
  [UPDATE Y] child: div, content_height=182.4, margin.bottom=0.0, total_height=182.4, y after=6446.8
[LAYOUT] Child element: body (parent: html)
  parent.content: x=0.0, y=0.0
  parent.padding: left=0.0, top=0.0
  child.margin: left=0.0, top=0.0
  y (accumulated): 0.0
  child.content: x=0.0 (was 0.0), y=0.0 (was 0.0)
  [UPDATE Y] child: body, content_height=6506.8, margin.bottom=0.0, total_height=6506.8, y after=6506.8
[LAYOUT] Element: body, is_root: false
  margin: top=0.0, right=0.0, bottom=0.0, left=0.0
  padding: top=20.0, right=20.0, bottom=20.0, left=20.0
  content: x=0.0, y=0.0, width=1160.0, height=6466.8
  containing_block: width=1200.0, height=6506.8
[LAYOUT] Body element position set: x=0.0, y=0.0 (margin: left=0.0, top=0.0)
[CONTAINING BLOCK] body.content.width=1160.0, child_containing_block.width=1160.0
[WIDTH DEBUG] h1: containing_block.width=1160.0, available_width=1160.0, calculated_width=1156.0
[LAYOUT] Child element: h1 (parent: body)
  parent.content: x=0.0, y=0.0
  parent.padding: left=20.0, top=20.0
  child.margin: left=0.0, top=21.4
  y (accumulated): 20.0
  child.content: x=20.0 (was 20.0), y=41.4 (was 41.4)
  [UPDATE Y] child: h1, content_height=50.0, margin.bottom=21.4, total_height=71.4, y after=91.4
[LAYOUT] Child element: text (parent: body)
  parent.content: x=0.0, y=0.0
  parent.padding: left=20.0, top=20.0
  child.margin: left=0.0, top=0.0
  y (accumulated): 91.4
  child.content: x=20.0 (was 20.0), y=91.4 (was 91.4)
  [UPDATE Y] child: text, content_height=0.0, margin.bottom=0.0, total_height=0.0, y after=91.4
[WIDTH DEBUG] h1: containing_block.width=1126.0, available_width=1126.0, calculated_width=1126.0
[LAYOUT] Child element: h1 (parent: div)
  parent.content: x=20.0, y=91.4
  parent.padding: left=15.0, top=15.0
  child.margin: left=0.0, top=16.1
  y (accumulated): 15.0
  child.content: x=15.0 (was 15.0), y=122.5 (was 31.1)
  [UPDATE Y] child: h1, content_height=62.1, margin.bottom=16.1, total_height=78.2, y after=93.2
  [UPDATE Y] child: div, content_height=96.0, margin.bottom=0.0, total_height=96.0, y after=301.2
[LAYOUT] Child element: div (parent: body)
  parent.content: x=0.0, y=0.0
  parent.padding: left=20.0, top=20.0
  child.margin: left=0.0, top=0.0
  y (accumulated): 91.4
  child.content: x=20.0 (was 20.0), y=91.4 (was 91.4)
  [UPDATE Y] child: div, content_height=350.2, margin.bottom=0.0, total_height=350.2, y after=441.6
[LAYOUT] Child element: text (parent: body)
  parent.content: x=0.0, y=0.0
  parent.padding: left=20.0, top=20.0
  child.margin: left=0.0, top=0.0
  y (accumulated): 441.6
  child.content: x=20.0 (was 20.0), y=441.6 (was 441.6)
  [UPDATE Y] child: text, content_height=0.0, margin.bottom=0.0, total_height=0.0, y after=441.6
[LAYOUT] Child element: div (parent: body)
  parent.content: x=0.0, y=0.0
  parent.padding: left=20.0, top=20.0
  child.margin: left=0.0, top=0.0
  y (accumulated): 441.6
  child.content: x=20.0 (was 20.0), y=441.6 (was 441.6)
  [UPDATE Y] child: div, content_height=329.4, margin.bottom=0.0, total_height=329.4, y after=771.0
[LAYOUT] Child element: text (parent: body)
  parent.content: x=0.0, y=0.0
  parent.padding: left=20.0, top=20.0
  child.margin: left=0.0, top=0.0
  y (accumulated): 771.0
  child.content: x=20.0 (was 20.0), y=771.0 (was 771.0)
  [UPDATE Y] child: text, content_height=0.0, margin.bottom=0.0, total_height=0.0, y after=771.0
  [UPDATE Y] child: div, content_height=59.2, margin.bottom=5.0, total_height=64.2, y after=138.2
  [UPDATE Y] child: div, content_height=59.2, margin.bottom=5.0, total_height=64.2, y after=202.4
[LAYOUT] Child element: div (parent: body)
  parent.content: x=0.0, y=0.0
  parent.padding: left=20.0, top=20.0
  child.margin: left=0.0, top=0.0
  y (accumulated): 771.0
  child.content: x=20.0 (was 20.0), y=771.0 (was 771.0)
  [UPDATE Y] child: div, content_height=334.0, margin.bottom=0.0, total_height=334.0, y after=1105.0
[LAYOUT] Child element: text (parent: body)
  parent.content: x=0.0, y=0.0
  parent.padding: left=20.0, top=20.0
  child.margin: left=0.0, top=0.0
  y (accumulated): 1105.0
  child.content: x=20.0 (was 20.0), y=1105.0 (was 1105.0)
  [UPDATE Y] child: text, content_height=0.0, margin.bottom=0.0, total_height=0.0, y after=1105.0
  [UPDATE Y] child: div, content_height=59.2, margin.bottom=0.0, total_height=59.2, y after=287.8
[LAYOUT] Child element: div (parent: body)
  parent.content: x=0.0, y=0.0
  parent.padding: left=20.0, top=20.0
  child.margin: left=0.0, top=0.0
  y (accumulated): 1105.0
  child.content: x=20.0 (was 20.0), y=1105.0 (was 1105.0)
  [UPDATE Y] child: div, content_height=336.8, margin.bottom=0.0, total_height=336.8, y after=1441.8
[LAYOUT] Child element: text (parent: body)
  parent.content: x=0.0, y=0.0
  parent.padding: left=20.0, top=20.0
  child.margin: left=0.0, top=0.0
  y (accumulated): 1441.8
  child.content: x=20.0 (was 20.0), y=1441.8 (was 1441.8)
  [UPDATE Y] child: text, content_height=0.0, margin.bottom=0.0, total_height=0.0, y after=1441.8
  [UPDATE Y] child: div, content_height=99.2, margin.bottom=5.0, total_height=104.2, y after=119.2
  [UPDATE Y] child: div, content_height=99.2, margin.bottom=5.0, total_height=104.2, y after=223.4
  [UPDATE Y] child: div, content_height=99.2, margin.bottom=5.0, total_height=104.2, y after=327.6
  [UPDATE Y] child: div, content_height=99.2, margin.bottom=5.0, total_height=104.2, y after=431.8
  [UPDATE Y] child: div, content_height=99.2, margin.bottom=5.0, total_height=104.2, y after=536.0
  [UPDATE Y] child: div, content_height=585.0, margin.bottom=0.0, total_height=585.0, y after=697.1
  [UPDATE Y] child: div, content_height=99.2, margin.bottom=5.0, total_height=104.2, y after=119.2
  [UPDATE Y] child: div, content_height=99.2, margin.bottom=5.0, total_height=104.2, y after=223.4
  [UPDATE Y] child: div, content_height=99.2, margin.bottom=5.0, total_height=104.2, y after=327.6
  [UPDATE Y] child: div, content_height=334.0, margin.bottom=0.0, total_height=334.0, y after=1031.1
[LAYOUT] Child element: div (parent: body)
  parent.content: x=0.0, y=0.0
  parent.padding: left=20.0, top=20.0
  child.margin: left=0.0, top=0.0
  y (accumulated): 1441.8
  child.content: x=20.0 (was 20.0), y=1441.8 (was 1441.8)
  [UPDATE Y] child: div, content_height=1031.1, margin.bottom=0.0, total_height=1031.1, y after=2472.8
[LAYOUT] Child element: text (parent: body)
  parent.content: x=0.0, y=0.0
  parent.padding: left=20.0, top=20.0
  child.margin: left=0.0, top=0.0
  y (accumulated): 2472.8
  child.content: x=20.0 (was 20.0), y=2472.8 (was 2472.8)
  [UPDATE Y] child: text, content_height=0.0, margin.bottom=0.0, total_height=0.0, y after=2472.8
  [UPDATE Y] child: div, content_height=79.2, margin.bottom=0.0, total_height=79.2, y after=94.2
  [UPDATE Y] child: div, content_height=79.2, margin.bottom=0.0, total_height=79.2, y after=173.4
  [UPDATE Y] child: div, content_height=79.2, margin.bottom=0.0, total_height=79.2, y after=252.6
  [UPDATE Y] child: div, content_height=79.2, margin.bottom=0.0, total_height=79.2, y after=331.8
  [UPDATE Y] child: div, content_height=79.2, margin.bottom=0.0, total_height=79.2, y after=411.0
  [UPDATE Y] child: div, content_height=79.2, margin.bottom=0.0, total_height=79.2, y after=490.2
  [UPDATE Y] child: div, content_height=79.2, margin.bottom=0.0, total_height=79.2, y after=569.4
  [UPDATE Y] child: div, content_height=79.2, margin.bottom=0.0, total_height=79.2, y after=648.6
  [UPDATE Y] child: div, content_height=697.6, margin.bottom=0.0, total_height=697.6, y after=809.7
[LAYOUT] Child element: div (parent: body)
  parent.content: x=0.0, y=0.0
  parent.padding: left=20.0, top=20.0
  child.margin: left=0.0, top=0.0
  y (accumulated): 2472.8
  child.content: x=20.0 (was 20.0), y=2472.8 (was 2472.8)
  [UPDATE Y] child: div, content_height=809.7, margin.bottom=0.0, total_height=809.7, y after=3282.5
[LAYOUT] Child element: text (parent: body)
  parent.content: x=0.0, y=0.0
  parent.padding: left=20.0, top=20.0
  child.margin: left=0.0, top=0.0
  y (accumulated): 3282.5
  child.content: x=20.0 (was 20.0), y=3282.5 (was 3282.5)
  [UPDATE Y] child: text, content_height=0.0, margin.bottom=0.0, total_height=0.0, y after=3282.5
[LAYOUT] Child element: div (parent: body)
  parent.content: x=0.0, y=0.0
  parent.padding: left=20.0, top=20.0
  child.margin: left=0.0, top=0.0
  y (accumulated): 3282.5
  child.content: x=20.0 (was 20.0), y=3282.5 (was 3282.5)
  [UPDATE Y] child: div, content_height=405.5, margin.bottom=0.0, total_height=405.5, y after=3688.0
[LAYOUT] Child element: text (parent: body)
  parent.content: x=0.0, y=0.0
  parent.padding: left=20.0, top=20.0
  child.margin: left=0.0, top=0.0
  y (accumulated): 3688.0
  child.content: x=20.0 (was 20.0), y=3688.0 (was 3688.0)
  [UPDATE Y] child: text, content_height=0.0, margin.bottom=0.0, total_height=0.0, y after=3688.0
[LAYOUT] Child element: div (parent: body)
  parent.content: x=0.0, y=0.0
  parent.padding: left=20.0, top=20.0
  child.margin: left=0.0, top=0.0
  y (accumulated): 3688.0
  child.content: x=20.0 (was 20.0), y=3688.0 (was 3688.0)
  [UPDATE Y] child: div, content_height=610.3, margin.bottom=0.0, total_height=610.3, y after=4298.4
[LAYOUT] Child element: text (parent: body)
  parent.content: x=0.0, y=0.0
  parent.padding: left=20.0, top=20.0
  child.margin: left=0.0, top=0.0
  y (accumulated): 4298.4
  child.content: x=20.0 (was 20.0), y=4298.4 (was 4298.4)
  [UPDATE Y] child: text, content_height=0.0, margin.bottom=0.0, total_height=0.0, y after=4298.4
  [UPDATE Y] child: div, content_height=117.2, margin.bottom=0.0, total_height=117.2, y after=273.9
[LAYOUT] Child element: div (parent: body)
  parent.content: x=0.0, y=0.0
  parent.padding: left=20.0, top=20.0
  child.margin: left=0.0, top=0.0
  y (accumulated): 4298.4
  child.content: x=20.0 (was 20.0), y=4298.4 (was 4298.4)
  [UPDATE Y] child: div, content_height=343.9, margin.bottom=0.0, total_height=343.9, y after=4642.3
[LAYOUT] Child element: text (parent: body)
  parent.content: x=0.0, y=0.0
  parent.padding: left=20.0, top=20.0
  child.margin: left=0.0, top=0.0
  y (accumulated): 4642.3
  child.content: x=20.0 (was 20.0), y=4642.3 (was 4642.3)
  [UPDATE Y] child: text, content_height=0.0, margin.bottom=0.0, total_height=0.0, y after=4642.3
  [UPDATE Y] child: div, content_height=71.2, margin.bottom=2.0, total_height=73.2, y after=132.4
  [UPDATE Y] child: div, content_height=160.4, margin.bottom=3.0, total_height=163.4, y after=224.6
  [UPDATE Y] child: div, content_height=258.6, margin.bottom=5.0, total_height=263.6, y after=364.1
[LAYOUT] Child element: div (parent: body)
  parent.content: x=0.0, y=0.0
  parent.padding: left=20.0, top=20.0
  child.margin: left=0.0, top=0.0
  y (accumulated): 4642.3
  child.content: x=20.0 (was 20.0), y=4642.3 (was 4642.3)
  [UPDATE Y] child: div, content_height=413.1, margin.bottom=0.0, total_height=413.1, y after=5055.4
[LAYOUT] Child element: text (parent: body)
  parent.content: x=0.0, y=0.0
  parent.padding: left=20.0, top=20.0
  child.margin: left=0.0, top=0.0
  y (accumulated): 5055.4
  child.content: x=20.0 (was 20.0), y=5055.4 (was 5055.4)
  [UPDATE Y] child: text, content_height=0.0, margin.bottom=0.0, total_height=0.0, y after=5055.4
[LAYOUT] Child element: div (parent: body)
  parent.content: x=0.0, y=0.0
  parent.padding: left=20.0, top=20.0
  child.margin: left=0.0, top=0.0
  y (accumulated): 5055.4
  child.content: x=20.0 (was 20.0), y=5055.4 (was 5055.4)
  [UPDATE Y] child: div, content_height=405.5, margin.bottom=0.0, total_height=405.5, y after=5460.9
[LAYOUT] Child element: text (parent: body)
  parent.content: x=0.0, y=0.0
  parent.padding: left=20.0, top=20.0
  child.margin: left=0.0, top=0.0
  y (accumulated): 5460.9
  child.content: x=20.0 (was 20.0), y=5460.9 (was 5460.9)
  [UPDATE Y] child: text, content_height=0.0, margin.bottom=0.0, total_height=0.0, y after=5460.9
  [UPDATE Y] child: div, content_height=222.4, margin.bottom=0.0, total_height=222.4, y after=222.4
  [UPDATE Y] child: div, content_height=91.2, margin.bottom=0.0, total_height=91.2, y after=245.4
  [UPDATE Y] child: div, content_height=294.4, margin.bottom=0.0, total_height=294.4, y after=516.8
  [UPDATE Y] child: div, content_height=516.8, margin.bottom=0.0, total_height=516.8, y after=622.3
  [UPDATE Y] child: div, content_height=115.2, margin.bottom=0.0, total_height=115.2, y after=737.5
[LAYOUT] Child element: div (parent: body)
  parent.content: x=0.0, y=0.0
  parent.padding: left=20.0, top=20.0
  child.margin: left=0.0, top=0.0
  y (accumulated): 5460.9
  child.content: x=20.0 (was 20.0), y=5460.9 (was 5460.9)
  [UPDATE Y] child: div, content_height=803.5, margin.bottom=0.0, total_height=803.5, y after=6264.4
[LAYOUT] Child element: text (parent: body)
  parent.content: x=0.0, y=0.0
  parent.padding: left=20.0, top=20.0
  child.margin: left=0.0, top=0.0
  y (accumulated): 6264.4
  child.content: x=20.0 (was 20.0), y=6264.4 (was 6264.4)
  [UPDATE Y] child: text, content_height=0.0, margin.bottom=0.0, total_height=0.0, y after=6264.4
[LAYOUT] Child element: div (parent: body)
  parent.content: x=0.0, y=0.0
  parent.padding: left=20.0, top=20.0
  child.margin: left=0.0, top=30.0
  y (accumulated): 6264.4
  child.content: x=20.0 (was 20.0), y=6294.4 (was 6294.4)
  [UPDATE Y] child: div, content_height=182.4, margin.bottom=0.0, total_height=182.4, y after=6446.8
[WIDTH DEBUG] h1: containing_block.width=1160.0, available_width=1160.0, calculated_width=1156.0
[WIDTH DEBUG] h1: containing_block.width=1126.0, available_width=1126.0, calculated_width=1126.0
[LAYOUT] Child element: h1 (parent: div)
  parent.content: x=20.0, y=91.4
  parent.padding: left=15.0, top=15.0
  child.margin: left=0.0, top=16.1
  y (accumulated): 15.0
  child.content: x=15.0 (was 15.0), y=122.5 (was 122.5)
  [UPDATE Y] child: h1, content_height=62.1, margin.bottom=16.1, total_height=78.2, y after=93.2
  [UPDATE Y] child: div, content_height=96.0, margin.bottom=0.0, total_height=96.0, y after=301.2
[WIDTH DEBUG] h1: containing_block.width=1126.0, available_width=1126.0, calculated_width=1126.0
  [UPDATE Y] child: div, content_height=59.2, margin.bottom=5.0, total_height=64.2, y after=138.2
  [UPDATE Y] child: div, content_height=59.2, margin.bottom=5.0, total_height=64.2, y after=202.4
  [UPDATE Y] child: div, content_height=59.2, margin.bottom=0.0, total_height=59.2, y after=287.8
  [UPDATE Y] child: div, content_height=99.2, margin.bottom=5.0, total_height=104.2, y after=119.2
  [UPDATE Y] child: div, content_height=99.2, margin.bottom=5.0, total_height=104.2, y after=223.4
  [UPDATE Y] child: div, content_height=99.2, margin.bottom=5.0, total_height=104.2, y after=327.6
  [UPDATE Y] child: div, content_height=99.2, margin.bottom=5.0, total_height=104.2, y after=431.8
  [UPDATE Y] child: div, content_height=99.2, margin.bottom=5.0, total_height=104.2, y after=536.0
  [UPDATE Y] child: div, content_height=585.0, margin.bottom=0.0, total_height=585.0, y after=697.1
  [UPDATE Y] child: div, content_height=99.2, margin.bottom=5.0, total_height=104.2, y after=119.2
  [UPDATE Y] child: div, content_height=99.2, margin.bottom=5.0, total_height=104.2, y after=223.4
  [UPDATE Y] child: div, content_height=99.2, margin.bottom=5.0, total_height=104.2, y after=327.6
  [UPDATE Y] child: div, content_height=334.0, margin.bottom=0.0, total_height=334.0, y after=1031.1
  [UPDATE Y] child: div, content_height=79.2, margin.bottom=0.0, total_height=79.2, y after=94.2
  [UPDATE Y] child: div, content_height=79.2, margin.bottom=0.0, total_height=79.2, y after=173.4
  [UPDATE Y] child: div, content_height=79.2, margin.bottom=0.0, total_height=79.2, y after=252.6
  [UPDATE Y] child: div, content_height=79.2, margin.bottom=0.0, total_height=79.2, y after=331.8
  [UPDATE Y] child: div, content_height=79.2, margin.bottom=0.0, total_height=79.2, y after=411.0
  [UPDATE Y] child: div, content_height=79.2, margin.bottom=0.0, total_height=79.2, y after=490.2
  [UPDATE Y] child: div, content_height=79.2, margin.bottom=0.0, total_height=79.2, y after=569.4
  [UPDATE Y] child: div, content_height=79.2, margin.bottom=0.0, total_height=79.2, y after=648.6
  [UPDATE Y] child: div, content_height=697.6, margin.bottom=0.0, total_height=697.6, y after=809.7
  [UPDATE Y] child: div, content_height=117.2, margin.bottom=0.0, total_height=117.2, y after=273.9
  [UPDATE Y] child: div, content_height=71.2, margin.bottom=2.0, total_height=73.2, y after=132.4
  [UPDATE Y] child: div, content_height=160.4, margin.bottom=3.0, total_height=163.4, y after=224.6
  [UPDATE Y] child: div, content_height=258.6, margin.bottom=5.0, total_height=263.6, y after=364.1
  [UPDATE Y] child: div, content_height=71.2, margin.bottom=2.0, total_height=73.2, y after=132.4
  [UPDATE Y] child: div, content_height=160.4, margin.bottom=3.0, total_height=163.4, y after=224.6
  [UPDATE Y] child: div, content_height=71.2, margin.bottom=2.0, total_height=73.2, y after=132.4
  [UPDATE Y] child: div, content_height=222.4, margin.bottom=0.0, total_height=222.4, y after=222.4
  [UPDATE Y] child: div, content_height=91.2, margin.bottom=0.0, total_height=91.2, y after=245.4
  [UPDATE Y] child: div, content_height=294.4, margin.bottom=0.0, total_height=294.4, y after=516.8
  [UPDATE Y] child: div, content_height=516.8, margin.bottom=0.0, total_height=516.8, y after=622.3
  [UPDATE Y] child: div, content_height=115.2, margin.bottom=0.0, total_height=115.2, y after=737.5
[STYLE] h1 font-size parsed: 32.0px
[STYLE] p font-size parsed: 32.0px
[LAYOUT] Element: html, is_root: true
  margin: top=0.0, right=0.0, bottom=0.0, left=0.0
  padding: top=0.0, right=0.0, bottom=0.0, left=0.0
  content: x=0.0, y=0.0, width=1200.0, height=0.0
  containing_block: width=1200.0, height=800.0
[LAYOUT] Root element (html) position set to (0, 0)
[LAYOUT] Element: body, is_root: false
  margin: top=0.0, right=0.0, bottom=0.0, left=0.0
  padding: top=20.0, right=20.0, bottom=20.0, left=20.0
  content: x=0.0, y=0.0, width=1160.0, height=0.0
  containing_block: width=1200.0, height=800.0
[LAYOUT] Body element position set: x=0.0, y=0.0 (margin: left=0.0, top=0.0)
[CONTAINING BLOCK] body.content.width=1160.0, child_containing_block.width=1160.0
[WIDTH DEBUG] h1: containing_block.width=1160.0, available_width=1160.0, calculated_width=1160.0
  [TEXT HEIGHT] text: "ZBrowser功能测试...", font_size=32.0, line_height=46.0, height=46.0
[LAYOUT] Child element: h1 (parent: body)
  parent.content: x=0.0, y=0.0
  parent.padding: left=20.0, top=20.0
  child.margin: left=0.0, top=21.4
  y (accumulated): 20.0
  child.content: x=20.0 (was 0.0), y=41.4 (was 0.0)
  [UPDATE Y] child: h1, content_height=50.0, margin.bottom=21.4, total_height=71.4, y after=91.4
[LAYOUT] Child element: text (parent: body)
  parent.content: x=0.0, y=0.0
  parent.padding: left=20.0, top=20.0
  child.margin: left=0.0, top=0.0
  y (accumulated): 91.4
  child.content: x=20.0 (was 0.0), y=91.4 (was 0.0)
  [UPDATE Y] child: text, content_height=0.0, margin.bottom=0.0, total_height=0.0, y after=91.4
[WIDTH DEBUG] h1: containing_block.width=1126.0, available_width=1126.0, calculated_width=1126.0
  [TEXT HEIGHT] text: "块级布局测试...", font_size=32.0, line_height=46.0, height=46.0
[LAYOUT] Child element: h1 (parent: div)
  parent.content: x=0.0, y=0.0
  parent.padding: left=15.0, top=15.0
  child.margin: left=0.0, top=16.1
  y (accumulated): 15.0
  child.content: x=15.0 (was 0.0), y=31.1 (was 0.0)
  [UPDATE Y] child: h1, content_height=62.1, margin.bottom=16.1, total_height=78.2, y after=93.2
  [TEXT HEIGHT] text: "这是一个块级�...", font_size=16.0, line_height=24.0, height=24.0
  [TEXT HEIGHT] text: "这是另一个段�...", font_size=16.0, line_height=24.0, height=24.0
  [TEXT HEIGHT] text: "嵌套的div块级�...", font_size=16.0, line_height=24.0, height=24.0
  [UPDATE Y] child: div, content_height=96.0, margin.bottom=0.0, total_height=96.0, y after=301.2
[LAYOUT] Child element: div (parent: body)
  parent.content: x=0.0, y=0.0
  parent.padding: left=20.0, top=20.0
  child.margin: left=0.0, top=0.0
  y (accumulated): 91.4
  child.content: x=20.0 (was 0.0), y=91.4 (was 0.0)
  [UPDATE Y] child: div, content_height=350.2, margin.bottom=0.0, total_height=350.2, y after=441.6
[LAYOUT] Child element: text (parent: body)
  parent.content: x=0.0, y=0.0
  parent.padding: left=20.0, top=20.0
  child.margin: left=0.0, top=0.0
  y (accumulated): 441.6
  child.content: x=20.0 (was 0.0), y=441.6 (was 0.0)
  [UPDATE Y] child: text, content_height=0.0, margin.bottom=0.0, total_height=0.0, y after=441.6
  [TEXT HEIGHT] text: "
      这是行内�...", font_size=16.0, line_height=19.2, height=19.2
  [TEXT HEIGHT] text: "行内元素不会�...", font_size=16.0, line_height=19.2, height=19.2
[LAYOUT] Child element: div (parent: body)
  parent.content: x=0.0, y=0.0
  parent.padding: left=20.0, top=20.0
  child.margin: left=0.0, top=0.0
  y (accumulated): 441.6
  child.content: x=20.0 (was 0.0), y=441.6 (was 0.0)
  [UPDATE Y] child: div, content_height=329.4, margin.bottom=0.0, total_height=329.4, y after=771.0
[LAYOUT] Child element: text (parent: body)
  parent.content: x=0.0, y=0.0
  parent.padding: left=20.0, top=20.0
  child.margin: left=0.0, top=0.0
  y (accumulated): 771.0
  child.content: x=20.0 (was 0.0), y=771.0 (was 0.0)
  [UPDATE Y] child: text, content_height=0.0, margin.bottom=0.0, total_height=0.0, y after=771.0
  [UPDATE Y] child: div, content_height=59.2, margin.bottom=5.0, total_height=64.2, y after=138.2
  [UPDATE Y] child: div, content_height=59.2, margin.bottom=5.0, total_height=64.2, y after=202.4
[LAYOUT] Child element: div (parent: body)
  parent.content: x=0.0, y=0.0
  parent.padding: left=20.0, top=20.0
  child.margin: left=0.0, top=0.0
  y (accumulated): 771.0
  child.content: x=20.0 (was 0.0), y=771.0 (was 0.0)
  [UPDATE Y] child: div, content_height=334.0, margin.bottom=0.0, total_height=334.0, y after=1105.0
[LAYOUT] Child element: text (parent: body)
  parent.content: x=0.0, y=0.0
  parent.padding: left=20.0, top=20.0
  child.margin: left=0.0, top=0.0
  y (accumulated): 1105.0
  child.content: x=20.0 (was 0.0), y=1105.0 (was 0.0)
  [UPDATE Y] child: text, content_height=0.0, margin.bottom=0.0, total_height=0.0, y after=1105.0
  [TEXT HEIGHT] text: "左浮动元素...", font_size=16.0, line_height=19.2, height=19.2
  [TEXT HEIGHT] text: "这个元素会浮�...", font_size=16.0, line_height=19.2, height=19.2
  [TEXT HEIGHT] text: "右浮动元素...", font_size=16.0, line_height=19.2, height=19.2
  [TEXT HEIGHT] text: "这个元素会浮�...", font_size=16.0, line_height=19.2, height=19.2
  [TEXT HEIGHT] text: "这是正常流中�...", font_size=16.0, line_height=19.2, height=19.2
  [UPDATE Y] child: div, content_height=59.2, margin.bottom=0.0, total_height=59.2, y after=287.8
[LAYOUT] Child element: div (parent: body)
  parent.content: x=0.0, y=0.0
  parent.padding: left=20.0, top=20.0
  child.margin: left=0.0, top=0.0
  y (accumulated): 1105.0
  child.content: x=20.0 (was 0.0), y=1105.0 (was 0.0)
  [UPDATE Y] child: div, content_height=336.8, margin.bottom=0.0, total_height=336.8, y after=1441.8
[LAYOUT] Child element: text (parent: body)
  parent.content: x=0.0, y=0.0
  parent.padding: left=20.0, top=20.0
  child.margin: left=0.0, top=0.0
  y (accumulated): 1441.8
  child.content: x=20.0 (was 0.0), y=1441.8 (was 0.0)
  [UPDATE Y] child: text, content_height=0.0, margin.bottom=0.0, total_height=0.0, y after=1441.8
  [UPDATE Y] child: div, content_height=99.2, margin.bottom=5.0, total_height=104.2, y after=119.2
  [UPDATE Y] child: div, content_height=99.2, margin.bottom=5.0, total_height=104.2, y after=223.4
  [UPDATE Y] child: div, content_height=99.2, margin.bottom=5.0, total_height=104.2, y after=327.6
  [UPDATE Y] child: div, content_height=99.2, margin.bottom=5.0, total_height=104.2, y after=431.8
  [UPDATE Y] child: div, content_height=99.2, margin.bottom=5.0, total_height=104.2, y after=536.0
  [UPDATE Y] child: div, content_height=585.0, margin.bottom=0.0, total_height=585.0, y after=697.1
  [UPDATE Y] child: div, content_height=99.2, margin.bottom=5.0, total_height=104.2, y after=119.2
  [UPDATE Y] child: div, content_height=99.2, margin.bottom=5.0, total_height=104.2, y after=223.4
  [UPDATE Y] child: div, content_height=99.2, margin.bottom=5.0, total_height=104.2, y after=327.6
  [UPDATE Y] child: div, content_height=334.0, margin.bottom=0.0, total_height=334.0, y after=1031.1
[LAYOUT] Child element: div (parent: body)
  parent.content: x=0.0, y=0.0
  parent.padding: left=20.0, top=20.0
  child.margin: left=0.0, top=0.0
  y (accumulated): 1441.8
  child.content: x=20.0 (was 0.0), y=1441.8 (was 0.0)
  [UPDATE Y] child: div, content_height=1031.1, margin.bottom=0.0, total_height=1031.1, y after=2472.8
[LAYOUT] Child element: text (parent: body)
  parent.content: x=0.0, y=0.0
  parent.padding: left=20.0, top=20.0
  child.margin: left=0.0, top=0.0
  y (accumulated): 2472.8
  child.content: x=20.0 (was 0.0), y=2472.8 (was 0.0)
  [UPDATE Y] child: text, content_height=0.0, margin.bottom=0.0, total_height=0.0, y after=2472.8
  [UPDATE Y] child: div, content_height=79.2, margin.bottom=0.0, total_height=79.2, y after=94.2
  [UPDATE Y] child: div, content_height=79.2, margin.bottom=0.0, total_height=79.2, y after=173.4
  [UPDATE Y] child: div, content_height=79.2, margin.bottom=0.0, total_height=79.2, y after=252.6
  [UPDATE Y] child: div, content_height=79.2, margin.bottom=0.0, total_height=79.2, y after=331.8
  [UPDATE Y] child: div, content_height=79.2, margin.bottom=0.0, total_height=79.2, y after=411.0
  [UPDATE Y] child: div, content_height=79.2, margin.bottom=0.0, total_height=79.2, y after=490.2
  [UPDATE Y] child: div, content_height=79.2, margin.bottom=0.0, total_height=79.2, y after=569.4
  [UPDATE Y] child: div, content_height=79.2, margin.bottom=0.0, total_height=79.2, y after=648.6
  [UPDATE Y] child: div, content_height=697.6, margin.bottom=0.0, total_height=697.6, y after=809.7
[LAYOUT] Child element: div (parent: body)
  parent.content: x=0.0, y=0.0
  parent.padding: left=20.0, top=20.0
  child.margin: left=0.0, top=0.0
  y (accumulated): 2472.8
  child.content: x=20.0 (was 0.0), y=2472.8 (was 0.0)
  [UPDATE Y] child: div, content_height=809.7, margin.bottom=0.0, total_height=809.7, y after=3282.5
[LAYOUT] Child element: text (parent: body)
  parent.content: x=0.0, y=0.0
  parent.padding: left=20.0, top=20.0
  child.margin: left=0.0, top=0.0
  y (accumulated): 3282.5
  child.content: x=20.0 (was 0.0), y=3282.5 (was 0.0)
  [UPDATE Y] child: text, content_height=0.0, margin.bottom=0.0, total_height=0.0, y after=3282.5
  [TEXT HEIGHT] text: "大号文本（32px�...", font_size=16.0, line_height=19.2, height=19.2
  [TEXT HEIGHT] text: "中等文本（20px�...", font_size=16.0, line_height=19.2, height=19.2
  [TEXT HEIGHT] text: "小号文本（12px�...", font_size=16.0, line_height=19.2, height=19.2
  [TEXT HEIGHT] text: "下划线文本...", font_size=16.0, line_height=19.2, height=19.2
  [TEXT HEIGHT] text: "删除线文本...", font_size=16.0, line_height=19.2, height=19.2
[LAYOUT] Child element: div (parent: body)
  parent.content: x=0.0, y=0.0
  parent.padding: left=20.0, top=20.0
  child.margin: left=0.0, top=0.0
  y (accumulated): 3282.5
  child.content: x=20.0 (was 0.0), y=3282.5 (was 0.0)
  [UPDATE Y] child: div, content_height=405.5, margin.bottom=0.0, total_height=405.5, y after=3688.0
[LAYOUT] Child element: text (parent: body)
  parent.content: x=0.0, y=0.0
  parent.padding: left=20.0, top=20.0
  child.margin: left=0.0, top=0.0
  y (accumulated): 3688.0
  child.content: x=20.0 (was 0.0), y=3688.0 (was 0.0)
  [UPDATE Y] child: text, content_height=0.0, margin.bottom=0.0, total_height=0.0, y after=3688.0
  [TEXT HEIGHT] text: "这是一个测试�...", font_size=16.0, line_height=25.6, height=25.6
  [TEXT HEIGHT] text: "這是一個測試�...", font_size=16.0, line_height=25.6, height=25.6
  [TEXT HEIGHT] text: "これはテスト�...", font_size=16.0, line_height=25.6, height=25.6
  [TEXT HEIGHT] text: "이것은 테스트 ...", font_size=16.0, line_height=25.6, height=25.6
  [TEXT HEIGHT] text: "This is a test page ...", font_size=16.0, line_height=25.6, height=25.6
  [TEXT HEIGHT] text: "混合文本 Mixed T...", font_size=16.0, line_height=25.6, height=25.6
[LAYOUT] Child element: div (parent: body)
  parent.content: x=0.0, y=0.0
  parent.padding: left=20.0, top=20.0
  child.margin: left=0.0, top=0.0
  y (accumulated): 3688.0
  child.content: x=20.0 (was 0.0), y=3688.0 (was 0.0)
  [UPDATE Y] child: div, content_height=610.3, margin.bottom=0.0, total_height=610.3, y after=4298.4
[LAYOUT] Child element: text (parent: body)
  parent.content: x=0.0, y=0.0
  parent.padding: left=20.0, top=20.0
  child.margin: left=0.0, top=0.0
  y (accumulated): 4298.4
  child.content: x=20.0 (was 0.0), y=4298.4 (was 0.0)
  [UPDATE Y] child: text, content_height=0.0, margin.bottom=0.0, total_height=0.0, y after=4298.4
  [TEXT HEIGHT] text: "这个区域有实�...", font_size=16.0, line_height=19.2, height=19.2
  [TEXT HEIGHT] text: "这个区域有虚�...", font_size=16.0, line_height=19.2, height=19.2
  [UPDATE Y] child: div, content_height=117.2, margin.bottom=0.0, total_height=117.2, y after=273.9
[LAYOUT] Child element: div (parent: body)
  parent.content: x=0.0, y=0.0
  parent.padding: left=20.0, top=20.0
  child.margin: left=0.0, top=0.0
  y (accumulated): 4298.4
  child.content: x=20.0 (was 0.0), y=4298.4 (was 0.0)
  [UPDATE Y] child: div, content_height=343.9, margin.bottom=0.0, total_height=343.9, y after=4642.3
[LAYOUT] Child element: text (parent: body)
  parent.content: x=0.0, y=0.0
  parent.padding: left=20.0, top=20.0
  child.margin: left=0.0, top=0.0
  y (accumulated): 4642.3
  child.content: x=20.0 (was 0.0), y=4642.3 (was 0.0)
  [UPDATE Y] child: text, content_height=0.0, margin.bottom=0.0, total_height=0.0, y after=4642.3
  [TEXT HEIGHT] text: "第一层嵌套...", font_size=16.0, line_height=19.2, height=19.2
  [TEXT HEIGHT] text: "第二层嵌套...", font_size=16.0, line_height=19.2, height=19.2
  [TEXT HEIGHT] text: "第三层嵌套...", font_size=16.0, line_height=19.2, height=19.2
  [UPDATE Y] child: div, content_height=71.2, margin.bottom=2.0, total_height=73.2, y after=132.4
  [UPDATE Y] child: div, content_height=160.4, margin.bottom=3.0, total_height=163.4, y after=224.6
  [UPDATE Y] child: div, content_height=258.6, margin.bottom=5.0, total_height=263.6, y after=364.1
[LAYOUT] Child element: div (parent: body)
  parent.content: x=0.0, y=0.0
  parent.padding: left=20.0, top=20.0
  child.margin: left=0.0, top=0.0
  y (accumulated): 4642.3
  child.content: x=20.0 (was 0.0), y=4642.3 (was 0.0)
  [UPDATE Y] child: div, content_height=413.1, margin.bottom=0.0, total_height=413.1, y after=5055.4
[LAYOUT] Child element: text (parent: body)
  parent.content: x=0.0, y=0.0
  parent.padding: left=20.0, top=20.0
  child.margin: left=0.0, top=0.0
  y (accumulated): 5055.4
  child.content: x=20.0 (was 0.0), y=5055.4 (was 0.0)
  [UPDATE Y] child: text, content_height=0.0, margin.bottom=0.0, total_height=0.0, y after=5055.4
  [TEXT HEIGHT] text: "HTML实体：<div> &...", font_size=16.0, line_height=19.2, height=19.2
  [TEXT HEIGHT] text: "Unicode字符：© �...", font_size=16.0, line_height=19.2, height=19.2
  [TEXT HEIGHT] text: "数学符号：∑ �...", font_size=16.0, line_height=19.2, height=19.2
  [TEXT HEIGHT] text: "箭头符号：← �...", font_size=16.0, line_height=19.2, height=19.2
  [TEXT HEIGHT] text: "Emoji：😀 😃 �...", font_size=16.0, line_height=19.2, height=19.2
[LAYOUT] Child element: div (parent: body)
  parent.content: x=0.0, y=0.0
  parent.padding: left=20.0, top=20.0
  child.margin: left=0.0, top=0.0
  y (accumulated): 5055.4
  child.content: x=20.0 (was 0.0), y=5055.4 (was 0.0)
  [UPDATE Y] child: div, content_height=405.5, margin.bottom=0.0, total_height=405.5, y after=5460.9
[LAYOUT] Child element: text (parent: body)
  parent.content: x=0.0, y=0.0
  parent.padding: left=20.0, top=20.0
  child.margin: left=0.0, top=0.0
  y (accumulated): 5460.9
  child.content: x=20.0 (was 0.0), y=5460.9 (was 0.0)
  [UPDATE Y] child: text, content_height=0.0, margin.bottom=0.0, total_height=0.0, y after=5460.9
  [TEXT HEIGHT] text: "包含块级和行�...", font_size=16.0, line_height=19.2, height=19.2
  [UPDATE Y] child: div, content_height=222.4, margin.bottom=0.0, total_height=222.4, y after=222.4
  [TEXT HEIGHT] text: "另一个Flex子项�...", font_size=16.0, line_height=19.2, height=19.2
  [TEXT HEIGHT] text: "嵌套的div...", font_size=16.0, line_height=19.2, height=19.2
  [UPDATE Y] child: div, content_height=91.2, margin.bottom=0.0, total_height=91.2, y after=245.4
  [UPDATE Y] child: div, content_height=294.4, margin.bottom=0.0, total_height=294.4, y after=516.8
  [UPDATE Y] child: div, content_height=516.8, margin.bottom=0.0, total_height=516.8, y after=622.3
  [TEXT HEIGHT] text: "相对定位容器...", font_size=16.0, line_height=19.2, height=19.2
  [UPDATE Y] child: div, content_height=115.2, margin.bottom=0.0, total_height=115.2, y after=737.5
[LAYOUT] Child element: div (parent: body)
  parent.content: x=0.0, y=0.0
  parent.padding: left=20.0, top=20.0
  child.margin: left=0.0, top=0.0
  y (accumulated): 5460.9
  child.content: x=20.0 (was 0.0), y=5460.9 (was 0.0)
  [UPDATE Y] child: div, content_height=803.5, margin.bottom=0.0, total_height=803.5, y after=6264.4
[LAYOUT] Child element: text (parent: body)
  parent.content: x=0.0, y=0.0
  parent.padding: left=20.0, top=20.0
  child.margin: left=0.0, top=0.0
  y (accumulated): 6264.4
  child.content: x=20.0 (was 0.0), y=6264.4 (was 0.0)
  [UPDATE Y] child: text, content_height=0.0, margin.bottom=0.0, total_height=0.0, y after=6264.4
  [TEXT HEIGHT] text: "ZBrowser功能测试...", font_size=16.0, line_height=19.2, height=19.2
  [TEXT HEIGHT] text: "包含：块级布�...", font_size=16.0, line_height=19.2, height=19.2
[LAYOUT] Child element: div (parent: body)
  parent.content: x=0.0, y=0.0
  parent.padding: left=20.0, top=20.0
  child.margin: left=0.0, top=30.0
  y (accumulated): 6264.4
  child.content: x=20.0 (was 0.0), y=6294.4 (was 0.0)
  [UPDATE Y] child: div, content_height=182.4, margin.bottom=0.0, total_height=182.4, y after=6446.8
[LAYOUT] Child element: body (parent: html)
  parent.content: x=0.0, y=0.0
  parent.padding: left=0.0, top=0.0
  child.margin: left=0.0, top=0.0
  y (accumulated): 0.0
  child.content: x=0.0 (was 0.0), y=0.0 (was 0.0)
  [UPDATE Y] child: body, content_height=6506.8, margin.bottom=0.0, total_height=6506.8, y after=6506.8
[LAYOUT] Element: body, is_root: false
  margin: top=0.0, right=0.0, bottom=0.0, left=0.0
  padding: top=20.0, right=20.0, bottom=20.0, left=20.0
  content: x=0.0, y=0.0, width=1160.0, height=6466.8
  containing_block: width=1200.0, height=6506.8
[LAYOUT] Body element position set: x=0.0, y=0.0 (margin: left=0.0, top=0.0)
[CONTAINING BLOCK] body.content.width=1160.0, child_containing_block.width=1160.0
[WIDTH DEBUG] h1: containing_block.width=1160.0, available_width=1160.0, calculated_width=1156.0
[LAYOUT] Child element: h1 (parent: body)
  parent.content: x=0.0, y=0.0
  parent.padding: left=20.0, top=20.0
  child.margin: left=0.0, top=21.4
  y (accumulated): 20.0
  child.content: x=20.0 (was 20.0), y=41.4 (was 41.4)
  [UPDATE Y] child: h1, content_height=50.0, margin.bottom=21.4, total_height=71.4, y after=91.4
[LAYOUT] Child element: text (parent: body)
  parent.content: x=0.0, y=0.0
  parent.padding: left=20.0, top=20.0
  child.margin: left=0.0, top=0.0
  y (accumulated): 91.4
  child.content: x=20.0 (was 20.0), y=91.4 (was 91.4)
  [UPDATE Y] child: text, content_height=0.0, margin.bottom=0.0, total_height=0.0, y after=91.4
[WIDTH DEBUG] h1: containing_block.width=1126.0, available_width=1126.0, calculated_width=1126.0
[LAYOUT] Child element: h1 (parent: div)
  parent.content: x=20.0, y=91.4
  parent.padding: left=15.0, top=15.0
  child.margin: left=0.0, top=16.1
  y (accumulated): 15.0
  child.content: x=15.0 (was 15.0), y=122.5 (was 31.1)
  [UPDATE Y] child: h1, content_height=62.1, margin.bottom=16.1, total_height=78.2, y after=93.2
  [UPDATE Y] child: div, content_height=96.0, margin.bottom=0.0, total_height=96.0, y after=301.2
[LAYOUT] Child element: div (parent: body)
  parent.content: x=0.0, y=0.0
  parent.padding: left=20.0, top=20.0
  child.margin: left=0.0, top=0.0
  y (accumulated): 91.4
  child.content: x=20.0 (was 20.0), y=91.4 (was 91.4)
  [UPDATE Y] child: div, content_height=350.2, margin.bottom=0.0, total_height=350.2, y after=441.6
[LAYOUT] Child element: text (parent: body)
  parent.content: x=0.0, y=0.0
  parent.padding: left=20.0, top=20.0
  child.margin: left=0.0, top=0.0
  y (accumulated): 441.6
  child.content: x=20.0 (was 20.0), y=441.6 (was 441.6)
  [UPDATE Y] child: text, content_height=0.0, margin.bottom=0.0, total_height=0.0, y after=441.6
[LAYOUT] Child element: div (parent: body)
  parent.content: x=0.0, y=0.0
  parent.padding: left=20.0, top=20.0
  child.margin: left=0.0, top=0.0
  y (accumulated): 441.6
  child.content: x=20.0 (was 20.0), y=441.6 (was 441.6)
  [UPDATE Y] child: div, content_height=329.4, margin.bottom=0.0, total_height=329.4, y after=771.0
[LAYOUT] Child element: text (parent: body)
  parent.content: x=0.0, y=0.0
  parent.padding: left=20.0, top=20.0
  child.margin: left=0.0, top=0.0
  y (accumulated): 771.0
  child.content: x=20.0 (was 20.0), y=771.0 (was 771.0)
  [UPDATE Y] child: text, content_height=0.0, margin.bottom=0.0, total_height=0.0, y after=771.0
  [UPDATE Y] child: div, content_height=59.2, margin.bottom=5.0, total_height=64.2, y after=138.2
  [UPDATE Y] child: div, content_height=59.2, margin.bottom=5.0, total_height=64.2, y after=202.4
[LAYOUT] Child element: div (parent: body)
  parent.content: x=0.0, y=0.0
  parent.padding: left=20.0, top=20.0
  child.margin: left=0.0, top=0.0
  y (accumulated): 771.0
  child.content: x=20.0 (was 20.0), y=771.0 (was 771.0)
  [UPDATE Y] child: div, content_height=334.0, margin.bottom=0.0, total_height=334.0, y after=1105.0
[LAYOUT] Child element: text (parent: body)
  parent.content: x=0.0, y=0.0
  parent.padding: left=20.0, top=20.0
  child.margin: left=0.0, top=0.0
  y (accumulated): 1105.0
  child.content: x=20.0 (was 20.0), y=1105.0 (was 1105.0)
  [UPDATE Y] child: text, content_height=0.0, margin.bottom=0.0, total_height=0.0, y after=1105.0
  [UPDATE Y] child: div, content_height=59.2, margin.bottom=0.0, total_height=59.2, y after=287.8
[LAYOUT] Child element: div (parent: body)
  parent.content: x=0.0, y=0.0
  parent.padding: left=20.0, top=20.0
  child.margin: left=0.0, top=0.0
  y (accumulated): 1105.0
  child.content: x=20.0 (was 20.0), y=1105.0 (was 1105.0)
  [UPDATE Y] child: div, content_height=336.8, margin.bottom=0.0, total_height=336.8, y after=1441.8
[LAYOUT] Child element: text (parent: body)
  parent.content: x=0.0, y=0.0
  parent.padding: left=20.0, top=20.0
  child.margin: left=0.0, top=0.0
  y (accumulated): 1441.8
  child.content: x=20.0 (was 20.0), y=1441.8 (was 1441.8)
  [UPDATE Y] child: text, content_height=0.0, margin.bottom=0.0, total_height=0.0, y after=1441.8
  [UPDATE Y] child: div, content_height=99.2, margin.bottom=5.0, total_height=104.2, y after=119.2
  [UPDATE Y] child: div, content_height=99.2, margin.bottom=5.0, total_height=104.2, y after=223.4
  [UPDATE Y] child: div, content_height=99.2, margin.bottom=5.0, total_height=104.2, y after=327.6
  [UPDATE Y] child: div, content_height=99.2, margin.bottom=5.0, total_height=104.2, y after=431.8
  [UPDATE Y] child: div, content_height=99.2, margin.bottom=5.0, total_height=104.2, y after=536.0
  [UPDATE Y] child: div, content_height=585.0, margin.bottom=0.0, total_height=585.0, y after=697.1
  [UPDATE Y] child: div, content_height=99.2, margin.bottom=5.0, total_height=104.2, y after=119.2
  [UPDATE Y] child: div, content_height=99.2, margin.bottom=5.0, total_height=104.2, y after=223.4
  [UPDATE Y] child: div, content_height=99.2, margin.bottom=5.0, total_height=104.2, y after=327.6
  [UPDATE Y] child: div, content_height=334.0, margin.bottom=0.0, total_height=334.0, y after=1031.1
[LAYOUT] Child element: div (parent: body)
  parent.content: x=0.0, y=0.0
  parent.padding: left=20.0, top=20.0
  child.margin: left=0.0, top=0.0
  y (accumulated): 1441.8
  child.content: x=20.0 (was 20.0), y=1441.8 (was 1441.8)
  [UPDATE Y] child: div, content_height=1031.1, margin.bottom=0.0, total_height=1031.1, y after=2472.8
[LAYOUT] Child element: text (parent: body)
  parent.content: x=0.0, y=0.0
  parent.padding: left=20.0, top=20.0
  child.margin: left=0.0, top=0.0
  y (accumulated): 2472.8
  child.content: x=20.0 (was 20.0), y=2472.8 (was 2472.8)
  [UPDATE Y] child: text, content_height=0.0, margin.bottom=0.0, total_height=0.0, y after=2472.8
  [UPDATE Y] child: div, content_height=79.2, margin.bottom=0.0, total_height=79.2, y after=94.2
  [UPDATE Y] child: div, content_height=79.2, margin.bottom=0.0, total_height=79.2, y after=173.4
  [UPDATE Y] child: div, content_height=79.2, margin.bottom=0.0, total_height=79.2, y after=252.6
  [UPDATE Y] child: div, content_height=79.2, margin.bottom=0.0, total_height=79.2, y after=331.8
  [UPDATE Y] child: div, content_height=79.2, margin.bottom=0.0, total_height=79.2, y after=411.0
  [UPDATE Y] child: div, content_height=79.2, margin.bottom=0.0, total_height=79.2, y after=490.2
  [UPDATE Y] child: div, content_height=79.2, margin.bottom=0.0, total_height=79.2, y after=569.4
  [UPDATE Y] child: div, content_height=79.2, margin.bottom=0.0, total_height=79.2, y after=648.6
  [UPDATE Y] child: div, content_height=697.6, margin.bottom=0.0, total_height=697.6, y after=809.7
[LAYOUT] Child element: div (parent: body)
  parent.content: x=0.0, y=0.0
  parent.padding: left=20.0, top=20.0
  child.margin: left=0.0, top=0.0
  y (accumulated): 2472.8
  child.content: x=20.0 (was 20.0), y=2472.8 (was 2472.8)
  [UPDATE Y] child: div, content_height=809.7, margin.bottom=0.0, total_height=809.7, y after=3282.5
[LAYOUT] Child element: text (parent: body)
  parent.content: x=0.0, y=0.0
  parent.padding: left=20.0, top=20.0
  child.margin: left=0.0, top=0.0
  y (accumulated): 3282.5
  child.content: x=20.0 (was 20.0), y=3282.5 (was 3282.5)
  [UPDATE Y] child: text, content_height=0.0, margin.bottom=0.0, total_height=0.0, y after=3282.5
[LAYOUT] Child element: div (parent: body)
  parent.content: x=0.0, y=0.0
  parent.padding: left=20.0, top=20.0
  child.margin: left=0.0, top=0.0
  y (accumulated): 3282.5
  child.content: x=20.0 (was 20.0), y=3282.5 (was 3282.5)
  [UPDATE Y] child: div, content_height=405.5, margin.bottom=0.0, total_height=405.5, y after=3688.0
[LAYOUT] Child element: text (parent: body)
  parent.content: x=0.0, y=0.0
  parent.padding: left=20.0, top=20.0
  child.margin: left=0.0, top=0.0
  y (accumulated): 3688.0
  child.content: x=20.0 (was 20.0), y=3688.0 (was 3688.0)
  [UPDATE Y] child: text, content_height=0.0, margin.bottom=0.0, total_height=0.0, y after=3688.0
[LAYOUT] Child element: div (parent: body)
  parent.content: x=0.0, y=0.0
  parent.padding: left=20.0, top=20.0
  child.margin: left=0.0, top=0.0
  y (accumulated): 3688.0
  child.content: x=20.0 (was 20.0), y=3688.0 (was 3688.0)
  [UPDATE Y] child: div, content_height=610.3, margin.bottom=0.0, total_height=610.3, y after=4298.4
[LAYOUT] Child element: text (parent: body)
  parent.content: x=0.0, y=0.0
  parent.padding: left=20.0, top=20.0
  child.margin: left=0.0, top=0.0
  y (accumulated): 4298.4
  child.content: x=20.0 (was 20.0), y=4298.4 (was 4298.4)
  [UPDATE Y] child: text, content_height=0.0, margin.bottom=0.0, total_height=0.0, y after=4298.4
  [UPDATE Y] child: div, content_height=117.2, margin.bottom=0.0, total_height=117.2, y after=273.9
[LAYOUT] Child element: div (parent: body)
  parent.content: x=0.0, y=0.0
  parent.padding: left=20.0, top=20.0
  child.margin: left=0.0, top=0.0
  y (accumulated): 4298.4
  child.content: x=20.0 (was 20.0), y=4298.4 (was 4298.4)
  [UPDATE Y] child: div, content_height=343.9, margin.bottom=0.0, total_height=343.9, y after=4642.3
[LAYOUT] Child element: text (parent: body)
  parent.content: x=0.0, y=0.0
  parent.padding: left=20.0, top=20.0
  child.margin: left=0.0, top=0.0
  y (accumulated): 4642.3
  child.content: x=20.0 (was 20.0), y=4642.3 (was 4642.3)
  [UPDATE Y] child: text, content_height=0.0, margin.bottom=0.0, total_height=0.0, y after=4642.3
  [UPDATE Y] child: div, content_height=71.2, margin.bottom=2.0, total_height=73.2, y after=132.4
  [UPDATE Y] child: div, content_height=160.4, margin.bottom=3.0, total_height=163.4, y after=224.6
  [UPDATE Y] child: div, content_height=258.6, margin.bottom=5.0, total_height=263.6, y after=364.1
[LAYOUT] Child element: div (parent: body)
  parent.content: x=0.0, y=0.0
  parent.padding: left=20.0, top=20.0
  child.margin: left=0.0, top=0.0
  y (accumulated): 4642.3
  child.content: x=20.0 (was 20.0), y=4642.3 (was 4642.3)
  [UPDATE Y] child: div, content_height=413.1, margin.bottom=0.0, total_height=413.1, y after=5055.4
[LAYOUT] Child element: text (parent: body)
  parent.content: x=0.0, y=0.0
  parent.padding: left=20.0, top=20.0
  child.margin: left=0.0, top=0.0
  y (accumulated): 5055.4
  child.content: x=20.0 (was 20.0), y=5055.4 (was 5055.4)
  [UPDATE Y] child: text, content_height=0.0, margin.bottom=0.0, total_height=0.0, y after=5055.4
[LAYOUT] Child element: div (parent: body)
  parent.content: x=0.0, y=0.0
  parent.padding: left=20.0, top=20.0
  child.margin: left=0.0, top=0.0
  y (accumulated): 5055.4
  child.content: x=20.0 (was 20.0), y=5055.4 (was 5055.4)
  [UPDATE Y] child: div, content_height=405.5, margin.bottom=0.0, total_height=405.5, y after=5460.9
[LAYOUT] Child element: text (parent: body)
  parent.content: x=0.0, y=0.0
  parent.padding: left=20.0, top=20.0
  child.margin: left=0.0, top=0.0
  y (accumulated): 5460.9
  child.content: x=20.0 (was 20.0), y=5460.9 (was 5460.9)
  [UPDATE Y] child: text, content_height=0.0, margin.bottom=0.0, total_height=0.0, y after=5460.9
  [UPDATE Y] child: div, content_height=222.4, margin.bottom=0.0, total_height=222.4, y after=222.4
  [UPDATE Y] child: div, content_height=91.2, margin.bottom=0.0, total_height=91.2, y after=245.4
  [UPDATE Y] child: div, content_height=294.4, margin.bottom=0.0, total_height=294.4, y after=516.8
  [UPDATE Y] child: div, content_height=516.8, margin.bottom=0.0, total_height=516.8, y after=622.3
  [UPDATE Y] child: div, content_height=115.2, margin.bottom=0.0, total_height=115.2, y after=737.5
[LAYOUT] Child element: div (parent: body)
  parent.content: x=0.0, y=0.0
  parent.padding: left=20.0, top=20.0
  child.margin: left=0.0, top=0.0
  y (accumulated): 5460.9
  child.content: x=20.0 (was 20.0), y=5460.9 (was 5460.9)
  [UPDATE Y] child: div, content_height=803.5, margin.bottom=0.0, total_height=803.5, y after=6264.4
[LAYOUT] Child element: text (parent: body)
  parent.content: x=0.0, y=0.0
  parent.padding: left=20.0, top=20.0
  child.margin: left=0.0, top=0.0
  y (accumulated): 6264.4
  child.content: x=20.0 (was 20.0), y=6264.4 (was 6264.4)
  [UPDATE Y] child: text, content_height=0.0, margin.bottom=0.0, total_height=0.0, y after=6264.4
[LAYOUT] Child element: div (parent: body)
  parent.content: x=0.0, y=0.0
  parent.padding: left=20.0, top=20.0
  child.margin: left=0.0, top=30.0
  y (accumulated): 6264.4
  child.content: x=20.0 (was 20.0), y=6294.4 (was 6294.4)
  [UPDATE Y] child: div, content_height=182.4, margin.bottom=0.0, total_height=182.4, y after=6446.8
[WIDTH DEBUG] h1: containing_block.width=1160.0, available_width=1160.0, calculated_width=1156.0
[WIDTH DEBUG] h1: containing_block.width=1126.0, available_width=1126.0, calculated_width=1126.0
[LAYOUT] Child element: h1 (parent: div)
  parent.content: x=20.0, y=91.4
  parent.padding: left=15.0, top=15.0
  child.margin: left=0.0, top=16.1
  y (accumulated): 15.0
  child.content: x=15.0 (was 15.0), y=122.5 (was 122.5)
  [UPDATE Y] child: h1, content_height=62.1, margin.bottom=16.1, total_height=78.2, y after=93.2
  [UPDATE Y] child: div, content_height=96.0, margin.bottom=0.0, total_height=96.0, y after=301.2
[WIDTH DEBUG] h1: containing_block.width=1126.0, available_width=1126.0, calculated_width=1126.0
  [UPDATE Y] child: div, content_height=59.2, margin.bottom=5.0, total_height=64.2, y after=138.2
  [UPDATE Y] child: div, content_height=59.2, margin.bottom=5.0, total_height=64.2, y after=202.4
  [UPDATE Y] child: div, content_height=59.2, margin.bottom=0.0, total_height=59.2, y after=287.8
  [UPDATE Y] child: div, content_height=99.2, margin.bottom=5.0, total_height=104.2, y after=119.2
  [UPDATE Y] child: div, content_height=99.2, margin.bottom=5.0, total_height=104.2, y after=223.4
  [UPDATE Y] child: div, content_height=99.2, margin.bottom=5.0, total_height=104.2, y after=327.6
  [UPDATE Y] child: div, content_height=99.2, margin.bottom=5.0, total_height=104.2, y after=431.8
  [UPDATE Y] child: div, content_height=99.2, margin.bottom=5.0, total_height=104.2, y after=536.0
  [UPDATE Y] child: div, content_height=585.0, margin.bottom=0.0, total_height=585.0, y after=697.1
  [UPDATE Y] child: div, content_height=99.2, margin.bottom=5.0, total_height=104.2, y after=119.2
  [UPDATE Y] child: div, content_height=99.2, margin.bottom=5.0, total_height=104.2, y after=223.4
  [UPDATE Y] child: div, content_height=99.2, margin.bottom=5.0, total_height=104.2, y after=327.6
  [UPDATE Y] child: div, content_height=334.0, margin.bottom=0.0, total_height=334.0, y after=1031.1
  [UPDATE Y] child: div, content_height=79.2, margin.bottom=0.0, total_height=79.2, y after=94.2
  [UPDATE Y] child: div, content_height=79.2, margin.bottom=0.0, total_height=79.2, y after=173.4
  [UPDATE Y] child: div, content_height=79.2, margin.bottom=0.0, total_height=79.2, y after=252.6
  [UPDATE Y] child: div, content_height=79.2, margin.bottom=0.0, total_height=79.2, y after=331.8
  [UPDATE Y] child: div, content_height=79.2, margin.bottom=0.0, total_height=79.2, y after=411.0
  [UPDATE Y] child: div, content_height=79.2, margin.bottom=0.0, total_height=79.2, y after=490.2
  [UPDATE Y] child: div, content_height=79.2, margin.bottom=0.0, total_height=79.2, y after=569.4
  [UPDATE Y] child: div, content_height=79.2, margin.bottom=0.0, total_height=79.2, y after=648.6
  [UPDATE Y] child: div, content_height=697.6, margin.bottom=0.0, total_height=697.6, y after=809.7
  [UPDATE Y] child: div, content_height=117.2, margin.bottom=0.0, total_height=117.2, y after=273.9
  [UPDATE Y] child: div, content_height=71.2, margin.bottom=2.0, total_height=73.2, y after=132.4
  [UPDATE Y] child: div, content_height=160.4, margin.bottom=3.0, total_height=163.4, y after=224.6
  [UPDATE Y] child: div, content_height=258.6, margin.bottom=5.0, total_height=263.6, y after=364.1
  [UPDATE Y] child: div, content_height=71.2, margin.bottom=2.0, total_height=73.2, y after=132.4
  [UPDATE Y] child: div, content_height=160.4, margin.bottom=3.0, total_height=163.4, y after=224.6
  [UPDATE Y] child: div, content_height=71.2, margin.bottom=2.0, total_height=73.2, y after=132.4
  [UPDATE Y] child: div, content_height=222.4, margin.bottom=0.0, total_height=222.4, y after=222.4
  [UPDATE Y] child: div, content_height=91.2, margin.bottom=0.0, total_height=91.2, y after=245.4
  [UPDATE Y] child: div, content_height=294.4, margin.bottom=0.0, total_height=294.4, y after=516.8
  [UPDATE Y] child: div, content_height=516.8, margin.bottom=0.0, total_height=516.8, y after=622.3
  [UPDATE Y] child: div, content_height=115.2, margin.bottom=0.0, total_height=115.2, y after=737.5

=== Element Layout Info ===
Tag: html

Box Model:
  Margin: top=0.00, right=0.00, bottom=0.00, left=0.00
  Border: top=0.00, right=0.00, bottom=0.00, left=0.00
  Padding: top=0.00, right=0.00, bottom=0.00, left=0.00
  Content: x=0.00, y=0.00, width=1200.00, height=6506.84
  Total Size: width=1200.00, height=6506.84
  Actual Position (content box): x=0.00, y=0.00
  Position (with margin): x=0.00, y=0.00

Computed Styles:
  display: block
==========================


=== DEBUG: Body children before printElementLayoutInfo ===
Body children count: 67
Body DOM node children:
  DOM Child[0]: text (node_type: .text)
  DOM Child[1]: text (node_type: .text)
  DOM Child[2]: text (node_type: .text)
  DOM Child[3]: meta (node_type: .element)
  DOM Child[4]: text (node_type: .text)
  DOM Child[5]: meta (node_type: .element)
  DOM Child[6]: text (node_type: .text)
  DOM Child[7]: title (node_type: .element)
  DOM Child[8]: text (node_type: .text)
  DOM Child[9]: style (node_type: .element)
  DOM Child[10]: text (node_type: .text)
  DOM Child[11]: text (node_type: .text)
  DOM Child[12]: text (node_type: .text)
  DOM Child[13]: h1 (node_type: .element)
  DOM Child[14]: text (node_type: .text)
  DOM Child[15]: unknown (node_type: .comment)
  DOM Child[16]: text (node_type: .text)
  DOM Child[17]: div (node_type: .element)
  DOM Child[18]: text (node_type: .text)
  DOM Child[19]: unknown (node_type: .comment)
  DOM Child[20]: text (node_type: .text)
  DOM Child[21]: div (node_type: .element)
  DOM Child[22]: text (node_type: .text)
  DOM Child[23]: unknown (node_type: .comment)
  DOM Child[24]: text (node_type: .text)
  DOM Child[25]: div (node_type: .element)
  DOM Child[26]: text (node_type: .text)
  DOM Child[27]: unknown (node_type: .comment)
  DOM Child[28]: text (node_type: .text)
  DOM Child[29]: div (node_type: .element)
  DOM Child[30]: text (node_type: .text)
  DOM Child[31]: unknown (node_type: .comment)
  DOM Child[32]: text (node_type: .text)
  DOM Child[33]: div (node_type: .element)
  DOM Child[34]: text (node_type: .text)
  DOM Child[35]: unknown (node_type: .comment)
  DOM Child[36]: text (node_type: .text)
  DOM Child[37]: div (node_type: .element)
  DOM Child[38]: text (node_type: .text)
  DOM Child[39]: unknown (node_type: .comment)
  DOM Child[40]: text (node_type: .text)
  DOM Child[41]: div (node_type: .element)
  DOM Child[42]: text (node_type: .text)
  DOM Child[43]: unknown (node_type: .comment)
  DOM Child[44]: text (node_type: .text)
  DOM Child[45]: div (node_type: .element)
  DOM Child[46]: text (node_type: .text)
  DOM Child[47]: unknown (node_type: .comment)
  DOM Child[48]: text (node_type: .text)
  DOM Child[49]: div (node_type: .element)
  DOM Child[50]: text (node_type: .text)
  DOM Child[51]: unknown (node_type: .comment)
  DOM Child[52]: text (node_type: .text)
  DOM Child[53]: div (node_type: .element)
  DOM Child[54]: text (node_type: .text)
  DOM Child[55]: unknown (node_type: .comment)
  DOM Child[56]: text (node_type: .text)
  DOM Child[57]: div (node_type: .element)
  DOM Child[58]: text (node_type: .text)
  DOM Child[59]: unknown (node_type: .comment)
  DOM Child[60]: text (node_type: .text)
  DOM Child[61]: div (node_type: .element)
  DOM Child[62]: text (node_type: .text)
  DOM Child[63]: unknown (node_type: .comment)
  DOM Child[64]: text (node_type: .text)
  DOM Child[65]: div (node_type: .element)
  DOM Child[66]: text (node_type: .text)
  Layout Child[0]: text (node_type: .text)
  Layout Child[1]: text (node_type: .text)
  Layout Child[2]: text (node_type: .text)
  Layout Child[3]: meta (node_type: .element)
  Layout Child[4]: text (node_type: .text)
  Layout Child[5]: meta (node_type: .element)
  Layout Child[6]: text (node_type: .text)
  Layout Child[7]: title (node_type: .element)
  Layout Child[8]: text (node_type: .text)
  Layout Child[9]: style (node_type: .element)
  Layout Child[10]: text (node_type: .text)
  Layout Child[11]: text (node_type: .text)
  Layout Child[12]: text (node_type: .text)
  Layout Child[13]: h1 (node_type: .element)
  Layout Child[14]: text (node_type: .text)
  Layout Child[15]: text (node_type: .comment)
  Layout Child[16]: text (node_type: .text)
  Layout Child[17]: div (node_type: .element)
  Layout Child[18]: text (node_type: .text)
  Layout Child[19]: text (node_type: .comment)
  Layout Child[20]: text (node_type: .text)
  Layout Child[21]: div (node_type: .element)
  Layout Child[22]: text (node_type: .text)
  Layout Child[23]: text (node_type: .comment)
  Layout Child[24]: text (node_type: .text)
  Layout Child[25]: div (node_type: .element)
  Layout Child[26]: text (node_type: .text)
  Layout Child[27]: text (node_type: .comment)
  Layout Child[28]: text (node_type: .text)
  Layout Child[29]: div (node_type: .element)
  Layout Child[30]: text (node_type: .text)
  Layout Child[31]: text (node_type: .comment)
  Layout Child[32]: text (node_type: .text)
  Layout Child[33]: div (node_type: .element)
  Layout Child[34]: text (node_type: .text)
  Layout Child[35]: text (node_type: .comment)
  Layout Child[36]: text (node_type: .text)
  Layout Child[37]: div (node_type: .element)
  Layout Child[38]: text (node_type: .text)
  Layout Child[39]: text (node_type: .comment)
  Layout Child[40]: text (node_type: .text)
  Layout Child[41]: div (node_type: .element)
  Layout Child[42]: text (node_type: .text)
  Layout Child[43]: text (node_type: .comment)
  Layout Child[44]: text (node_type: .text)
  Layout Child[45]: div (node_type: .element)
  Layout Child[46]: text (node_type: .text)
  Layout Child[47]: text (node_type: .comment)
  Layout Child[48]: text (node_type: .text)
  Layout Child[49]: div (node_type: .element)
  Layout Child[50]: text (node_type: .text)
  Layout Child[51]: text (node_type: .comment)
  Layout Child[52]: text (node_type: .text)
  Layout Child[53]: div (node_type: .element)
  Layout Child[54]: text (node_type: .text)
  Layout Child[55]: text (node_type: .comment)
  Layout Child[56]: text (node_type: .text)
  Layout Child[57]: div (node_type: .element)
  Layout Child[58]: text (node_type: .text)
  Layout Child[59]: text (node_type: .comment)
  Layout Child[60]: text (node_type: .text)
  Layout Child[61]: div (node_type: .element)
  Layout Child[62]: text (node_type: .text)
  Layout Child[63]: text (node_type: .comment)
  Layout Child[64]: text (node_type: .text)
  Layout Child[65]: div (node_type: .element)
  Layout Child[66]: text (node_type: .text)
=== END DEBUG ===


=== Element Layout Info ===
Tag: body

Box Model:
  Margin: top=0.00, right=0.00, bottom=0.00, left=0.00
  Border: top=0.00, right=0.00, bottom=0.00, left=0.00
  Padding: top=20.00, right=20.00, bottom=20.00, left=20.00
  Content: x=0.00, y=0.00, width=1160.00, height=6466.84
  Total Size: width=1200.00, height=6506.84
  Actual Position (content box): x=0.00, y=0.00
  Position (with margin): x=0.00, y=0.00

Computed Styles:
  display: block
==========================

DEBUG: Found h1 element!

=== Element Layout Info ===
Tag: h1

Box Model:
  Margin: top=21.44, right=0.00, bottom=21.44, left=0.00
  Border: top=2.00, right=2.00, bottom=2.00, left=2.00
  Padding: top=0.00, right=0.00, bottom=0.00, left=0.00
  Content: x=20.00, y=41.44, width=1156.00, height=46.00
  Total Size: width=1160.00, height=50.00
  Actual Position (content box): x=20.00, y=41.44
  Position (with margin): x=20.00, y=20.00

Computed Styles:
  display: block
==========================

[FONT] font-size parsed: 32.0px
[FONT] font-size parsed: 32.0px
[STYLE] h1 font-size parsed: 32.0px
[STYLE] p font-size parsed: 32.0px
[LAYOUT] Element: html, is_root: true
  margin: top=0.0, right=0.0, bottom=0.0, left=0.0
  padding: top=0.0, right=0.0, bottom=0.0, left=0.0
  content: x=0.0, y=0.0, width=1200.0, height=0.0
  containing_block: width=1200.0, height=800.0
[LAYOUT] Root element (html) position set to (0, 0)
[LAYOUT] Element: body, is_root: false
  margin: top=0.0, right=0.0, bottom=0.0, left=0.0
  padding: top=20.0, right=20.0, bottom=20.0, left=20.0
  content: x=0.0, y=0.0, width=1160.0, height=0.0
  containing_block: width=1200.0, height=800.0
[LAYOUT] Body element position set: x=0.0, y=0.0 (margin: left=0.0, top=0.0)
[CONTAINING BLOCK] body.content.width=1160.0, child_containing_block.width=1160.0
[WIDTH DEBUG] h1: containing_block.width=1160.0, available_width=1160.0, calculated_width=1160.0
  [TEXT HEIGHT] text: "ZBrowser功能测试...", font_size=32.0, line_height=46.0, height=46.0
[LAYOUT] Child element: h1 (parent: body)
  parent.content: x=0.0, y=0.0
  parent.padding: left=20.0, top=20.0
  child.margin: left=0.0, top=21.4
  y (accumulated): 20.0
  child.content: x=20.0 (was 0.0), y=41.4 (was 0.0)
  [UPDATE Y] child: h1, content_height=50.0, margin.bottom=21.4, total_height=71.4, y after=91.4
[LAYOUT] Child element: text (parent: body)
  parent.content: x=0.0, y=0.0
  parent.padding: left=20.0, top=20.0
  child.margin: left=0.0, top=0.0
  y (accumulated): 91.4
  child.content: x=20.0 (was 0.0), y=91.4 (was 0.0)
  [UPDATE Y] child: text, content_height=0.0, margin.bottom=0.0, total_height=0.0, y after=91.4
[WIDTH DEBUG] h1: containing_block.width=1126.0, available_width=1126.0, calculated_width=1126.0
  [TEXT HEIGHT] text: "块级布局测试...", font_size=32.0, line_height=46.0, height=46.0
[LAYOUT] Child element: h1 (parent: div)
  parent.content: x=0.0, y=0.0
  parent.padding: left=15.0, top=15.0
  child.margin: left=0.0, top=16.1
  y (accumulated): 15.0
  child.content: x=15.0 (was 0.0), y=31.1 (was 0.0)
  [UPDATE Y] child: h1, content_height=62.1, margin.bottom=16.1, total_height=78.2, y after=93.2
  [TEXT HEIGHT] text: "这是一个块级�...", font_size=16.0, line_height=24.0, height=24.0
  [TEXT HEIGHT] text: "这是另一个段�...", font_size=16.0, line_height=24.0, height=24.0
  [TEXT HEIGHT] text: "嵌套的div块级�...", font_size=16.0, line_height=24.0, height=24.0
  [UPDATE Y] child: div, content_height=96.0, margin.bottom=0.0, total_height=96.0, y after=301.2
[LAYOUT] Child element: div (parent: body)
  parent.content: x=0.0, y=0.0
  parent.padding: left=20.0, top=20.0
  child.margin: left=0.0, top=0.0
  y (accumulated): 91.4
  child.content: x=20.0 (was 0.0), y=91.4 (was 0.0)
  [UPDATE Y] child: div, content_height=350.2, margin.bottom=0.0, total_height=350.2, y after=441.6
[LAYOUT] Child element: text (parent: body)
  parent.content: x=0.0, y=0.0
  parent.padding: left=20.0, top=20.0
  child.margin: left=0.0, top=0.0
  y (accumulated): 441.6
  child.content: x=20.0 (was 0.0), y=441.6 (was 0.0)
  [UPDATE Y] child: text, content_height=0.0, margin.bottom=0.0, total_height=0.0, y after=441.6
  [TEXT HEIGHT] text: "
      这是行内�...", font_size=16.0, line_height=19.2, height=19.2
  [TEXT HEIGHT] text: "行内元素不会�...", font_size=16.0, line_height=19.2, height=19.2
[LAYOUT] Child element: div (parent: body)
  parent.content: x=0.0, y=0.0
  parent.padding: left=20.0, top=20.0
  child.margin: left=0.0, top=0.0
  y (accumulated): 441.6
  child.content: x=20.0 (was 0.0), y=441.6 (was 0.0)
  [UPDATE Y] child: div, content_height=329.4, margin.bottom=0.0, total_height=329.4, y after=771.0
[LAYOUT] Child element: text (parent: body)
  parent.content: x=0.0, y=0.0
  parent.padding: left=20.0, top=20.0
  child.margin: left=0.0, top=0.0
  y (accumulated): 771.0
  child.content: x=20.0 (was 0.0), y=771.0 (was 0.0)
  [UPDATE Y] child: text, content_height=0.0, margin.bottom=0.0, total_height=0.0, y after=771.0
  [UPDATE Y] child: div, content_height=59.2, margin.bottom=5.0, total_height=64.2, y after=138.2
  [UPDATE Y] child: div, content_height=59.2, margin.bottom=5.0, total_height=64.2, y after=202.4
[LAYOUT] Child element: div (parent: body)
  parent.content: x=0.0, y=0.0
  parent.padding: left=20.0, top=20.0
  child.margin: left=0.0, top=0.0
  y (accumulated): 771.0
  child.content: x=20.0 (was 0.0), y=771.0 (was 0.0)
  [UPDATE Y] child: div, content_height=334.0, margin.bottom=0.0, total_height=334.0, y after=1105.0
[LAYOUT] Child element: text (parent: body)
  parent.content: x=0.0, y=0.0
  parent.padding: left=20.0, top=20.0
  child.margin: left=0.0, top=0.0
  y (accumulated): 1105.0
  child.content: x=20.0 (was 0.0), y=1105.0 (was 0.0)
  [UPDATE Y] child: text, content_height=0.0, margin.bottom=0.0, total_height=0.0, y after=1105.0
  [TEXT HEIGHT] text: "左浮动元素...", font_size=16.0, line_height=19.2, height=19.2
  [TEXT HEIGHT] text: "这个元素会浮�...", font_size=16.0, line_height=19.2, height=19.2
  [TEXT HEIGHT] text: "右浮动元素...", font_size=16.0, line_height=19.2, height=19.2
  [TEXT HEIGHT] text: "这个元素会浮�...", font_size=16.0, line_height=19.2, height=19.2
  [TEXT HEIGHT] text: "这是正常流中�...", font_size=16.0, line_height=19.2, height=19.2
  [UPDATE Y] child: div, content_height=59.2, margin.bottom=0.0, total_height=59.2, y after=287.8
[LAYOUT] Child element: div (parent: body)
  parent.content: x=0.0, y=0.0
  parent.padding: left=20.0, top=20.0
  child.margin: left=0.0, top=0.0
  y (accumulated): 1105.0
  child.content: x=20.0 (was 0.0), y=1105.0 (was 0.0)
  [UPDATE Y] child: div, content_height=336.8, margin.bottom=0.0, total_height=336.8, y after=1441.8
[LAYOUT] Child element: text (parent: body)
  parent.content: x=0.0, y=0.0
  parent.padding: left=20.0, top=20.0
  child.margin: left=0.0, top=0.0
  y (accumulated): 1441.8
  child.content: x=20.0 (was 0.0), y=1441.8 (was 0.0)
  [UPDATE Y] child: text, content_height=0.0, margin.bottom=0.0, total_height=0.0, y after=1441.8
  [UPDATE Y] child: div, content_height=99.2, margin.bottom=5.0, total_height=104.2, y after=119.2
  [UPDATE Y] child: div, content_height=99.2, margin.bottom=5.0, total_height=104.2, y after=223.4
  [UPDATE Y] child: div, content_height=99.2, margin.bottom=5.0, total_height=104.2, y after=327.6
  [UPDATE Y] child: div, content_height=99.2, margin.bottom=5.0, total_height=104.2, y after=431.8
  [UPDATE Y] child: div, content_height=99.2, margin.bottom=5.0, total_height=104.2, y after=536.0
  [UPDATE Y] child: div, content_height=585.0, margin.bottom=0.0, total_height=585.0, y after=697.1
  [UPDATE Y] child: div, content_height=99.2, margin.bottom=5.0, total_height=104.2, y after=119.2
  [UPDATE Y] child: div, content_height=99.2, margin.bottom=5.0, total_height=104.2, y after=223.4
  [UPDATE Y] child: div, content_height=99.2, margin.bottom=5.0, total_height=104.2, y after=327.6
  [UPDATE Y] child: div, content_height=334.0, margin.bottom=0.0, total_height=334.0, y after=1031.1
[LAYOUT] Child element: div (parent: body)
  parent.content: x=0.0, y=0.0
  parent.padding: left=20.0, top=20.0
  child.margin: left=0.0, top=0.0
  y (accumulated): 1441.8
  child.content: x=20.0 (was 0.0), y=1441.8 (was 0.0)
  [UPDATE Y] child: div, content_height=1031.1, margin.bottom=0.0, total_height=1031.1, y after=2472.8
[LAYOUT] Child element: text (parent: body)
  parent.content: x=0.0, y=0.0
  parent.padding: left=20.0, top=20.0
  child.margin: left=0.0, top=0.0
  y (accumulated): 2472.8
  child.content: x=20.0 (was 0.0), y=2472.8 (was 0.0)
  [UPDATE Y] child: text, content_height=0.0, margin.bottom=0.0, total_height=0.0, y after=2472.8
  [UPDATE Y] child: div, content_height=79.2, margin.bottom=0.0, total_height=79.2, y after=94.2
  [UPDATE Y] child: div, content_height=79.2, margin.bottom=0.0, total_height=79.2, y after=173.4
  [UPDATE Y] child: div, content_height=79.2, margin.bottom=0.0, total_height=79.2, y after=252.6
  [UPDATE Y] child: div, content_height=79.2, margin.bottom=0.0, total_height=79.2, y after=331.8
  [UPDATE Y] child: div, content_height=79.2, margin.bottom=0.0, total_height=79.2, y after=411.0
  [UPDATE Y] child: div, content_height=79.2, margin.bottom=0.0, total_height=79.2, y after=490.2
  [UPDATE Y] child: div, content_height=79.2, margin.bottom=0.0, total_height=79.2, y after=569.4
  [UPDATE Y] child: div, content_height=79.2, margin.bottom=0.0, total_height=79.2, y after=648.6
  [UPDATE Y] child: div, content_height=697.6, margin.bottom=0.0, total_height=697.6, y after=809.7
[LAYOUT] Child element: div (parent: body)
  parent.content: x=0.0, y=0.0
  parent.padding: left=20.0, top=20.0
  child.margin: left=0.0, top=0.0
  y (accumulated): 2472.8
  child.content: x=20.0 (was 0.0), y=2472.8 (was 0.0)
  [UPDATE Y] child: div, content_height=809.7, margin.bottom=0.0, total_height=809.7, y after=3282.5
[LAYOUT] Child element: text (parent: body)
  parent.content: x=0.0, y=0.0
  parent.padding: left=20.0, top=20.0
  child.margin: left=0.0, top=0.0
  y (accumulated): 3282.5
  child.content: x=20.0 (was 0.0), y=3282.5 (was 0.0)
  [UPDATE Y] child: text, content_height=0.0, margin.bottom=0.0, total_height=0.0, y after=3282.5
  [TEXT HEIGHT] text: "大号文本（32px�...", font_size=16.0, line_height=19.2, height=19.2
  [TEXT HEIGHT] text: "中等文本（20px�...", font_size=16.0, line_height=19.2, height=19.2
  [TEXT HEIGHT] text: "小号文本（12px�...", font_size=16.0, line_height=19.2, height=19.2
  [TEXT HEIGHT] text: "下划线文本...", font_size=16.0, line_height=19.2, height=19.2
  [TEXT HEIGHT] text: "删除线文本...", font_size=16.0, line_height=19.2, height=19.2
[LAYOUT] Child element: div (parent: body)
  parent.content: x=0.0, y=0.0
  parent.padding: left=20.0, top=20.0
  child.margin: left=0.0, top=0.0
  y (accumulated): 3282.5
  child.content: x=20.0 (was 0.0), y=3282.5 (was 0.0)
  [UPDATE Y] child: div, content_height=405.5, margin.bottom=0.0, total_height=405.5, y after=3688.0
[LAYOUT] Child element: text (parent: body)
  parent.content: x=0.0, y=0.0
  parent.padding: left=20.0, top=20.0
  child.margin: left=0.0, top=0.0
  y (accumulated): 3688.0
  child.content: x=20.0 (was 0.0), y=3688.0 (was 0.0)
  [UPDATE Y] child: text, content_height=0.0, margin.bottom=0.0, total_height=0.0, y after=3688.0
  [TEXT HEIGHT] text: "这是一个测试�...", font_size=16.0, line_height=25.6, height=25.6
  [TEXT HEIGHT] text: "這是一個測試�...", font_size=16.0, line_height=25.6, height=25.6
  [TEXT HEIGHT] text: "これはテスト�...", font_size=16.0, line_height=25.6, height=25.6
  [TEXT HEIGHT] text: "이것은 테스트 ...", font_size=16.0, line_height=25.6, height=25.6
  [TEXT HEIGHT] text: "This is a test page ...", font_size=16.0, line_height=25.6, height=25.6
  [TEXT HEIGHT] text: "混合文本 Mixed T...", font_size=16.0, line_height=25.6, height=25.6
[LAYOUT] Child element: div (parent: body)
  parent.content: x=0.0, y=0.0
  parent.padding: left=20.0, top=20.0
  child.margin: left=0.0, top=0.0
  y (accumulated): 3688.0
  child.content: x=20.0 (was 0.0), y=3688.0 (was 0.0)
  [UPDATE Y] child: div, content_height=610.3, margin.bottom=0.0, total_height=610.3, y after=4298.4
[LAYOUT] Child element: text (parent: body)
  parent.content: x=0.0, y=0.0
  parent.padding: left=20.0, top=20.0
  child.margin: left=0.0, top=0.0
  y (accumulated): 4298.4
  child.content: x=20.0 (was 0.0), y=4298.4 (was 0.0)
  [UPDATE Y] child: text, content_height=0.0, margin.bottom=0.0, total_height=0.0, y after=4298.4
  [TEXT HEIGHT] text: "这个区域有实�...", font_size=16.0, line_height=19.2, height=19.2
  [TEXT HEIGHT] text: "这个区域有虚�...", font_size=16.0, line_height=19.2, height=19.2
  [UPDATE Y] child: div, content_height=117.2, margin.bottom=0.0, total_height=117.2, y after=273.9
[LAYOUT] Child element: div (parent: body)
  parent.content: x=0.0, y=0.0
  parent.padding: left=20.0, top=20.0
  child.margin: left=0.0, top=0.0
  y (accumulated): 4298.4
  child.content: x=20.0 (was 0.0), y=4298.4 (was 0.0)
  [UPDATE Y] child: div, content_height=343.9, margin.bottom=0.0, total_height=343.9, y after=4642.3
[LAYOUT] Child element: text (parent: body)
  parent.content: x=0.0, y=0.0
  parent.padding: left=20.0, top=20.0
  child.margin: left=0.0, top=0.0
  y (accumulated): 4642.3
  child.content: x=20.0 (was 0.0), y=4642.3 (was 0.0)
  [UPDATE Y] child: text, content_height=0.0, margin.bottom=0.0, total_height=0.0, y after=4642.3
  [TEXT HEIGHT] text: "第一层嵌套...", font_size=16.0, line_height=19.2, height=19.2
  [TEXT HEIGHT] text: "第二层嵌套...", font_size=16.0, line_height=19.2, height=19.2
  [TEXT HEIGHT] text: "第三层嵌套...", font_size=16.0, line_height=19.2, height=19.2
  [UPDATE Y] child: div, content_height=71.2, margin.bottom=2.0, total_height=73.2, y after=132.4
  [UPDATE Y] child: div, content_height=160.4, margin.bottom=3.0, total_height=163.4, y after=224.6
  [UPDATE Y] child: div, content_height=258.6, margin.bottom=5.0, total_height=263.6, y after=364.1
[LAYOUT] Child element: div (parent: body)
  parent.content: x=0.0, y=0.0
  parent.padding: left=20.0, top=20.0
  child.margin: left=0.0, top=0.0
  y (accumulated): 4642.3
  child.content: x=20.0 (was 0.0), y=4642.3 (was 0.0)
  [UPDATE Y] child: div, content_height=413.1, margin.bottom=0.0, total_height=413.1, y after=5055.4
[LAYOUT] Child element: text (parent: body)
  parent.content: x=0.0, y=0.0
  parent.padding: left=20.0, top=20.0
  child.margin: left=0.0, top=0.0
  y (accumulated): 5055.4
  child.content: x=20.0 (was 0.0), y=5055.4 (was 0.0)
  [UPDATE Y] child: text, content_height=0.0, margin.bottom=0.0, total_height=0.0, y after=5055.4
  [TEXT HEIGHT] text: "HTML实体：<div> &...", font_size=16.0, line_height=19.2, height=19.2
  [TEXT HEIGHT] text: "Unicode字符：© �...", font_size=16.0, line_height=19.2, height=19.2
  [TEXT HEIGHT] text: "数学符号：∑ �...", font_size=16.0, line_height=19.2, height=19.2
  [TEXT HEIGHT] text: "箭头符号：← �...", font_size=16.0, line_height=19.2, height=19.2
  [TEXT HEIGHT] text: "Emoji：😀 😃 �...", font_size=16.0, line_height=19.2, height=19.2
[LAYOUT] Child element: div (parent: body)
  parent.content: x=0.0, y=0.0
  parent.padding: left=20.0, top=20.0
  child.margin: left=0.0, top=0.0
  y (accumulated): 5055.4
  child.content: x=20.0 (was 0.0), y=5055.4 (was 0.0)
  [UPDATE Y] child: div, content_height=405.5, margin.bottom=0.0, total_height=405.5, y after=5460.9
[LAYOUT] Child element: text (parent: body)
  parent.content: x=0.0, y=0.0
  parent.padding: left=20.0, top=20.0
  child.margin: left=0.0, top=0.0
  y (accumulated): 5460.9
  child.content: x=20.0 (was 0.0), y=5460.9 (was 0.0)
  [UPDATE Y] child: text, content_height=0.0, margin.bottom=0.0, total_height=0.0, y after=5460.9
  [TEXT HEIGHT] text: "包含块级和行�...", font_size=16.0, line_height=19.2, height=19.2
  [UPDATE Y] child: div, content_height=222.4, margin.bottom=0.0, total_height=222.4, y after=222.4
  [TEXT HEIGHT] text: "另一个Flex子项�...", font_size=16.0, line_height=19.2, height=19.2
  [TEXT HEIGHT] text: "嵌套的div...", font_size=16.0, line_height=19.2, height=19.2
  [UPDATE Y] child: div, content_height=91.2, margin.bottom=0.0, total_height=91.2, y after=245.4
  [UPDATE Y] child: div, content_height=294.4, margin.bottom=0.0, total_height=294.4, y after=516.8
  [UPDATE Y] child: div, content_height=516.8, margin.bottom=0.0, total_height=516.8, y after=622.3
  [TEXT HEIGHT] text: "相对定位容器...", font_size=16.0, line_height=19.2, height=19.2
  [UPDATE Y] child: div, content_height=115.2, margin.bottom=0.0, total_height=115.2, y after=737.5
[LAYOUT] Child element: div (parent: body)
  parent.content: x=0.0, y=0.0
  parent.padding: left=20.0, top=20.0
  child.margin: left=0.0, top=0.0
  y (accumulated): 5460.9
  child.content: x=20.0 (was 0.0), y=5460.9 (was 0.0)
  [UPDATE Y] child: div, content_height=803.5, margin.bottom=0.0, total_height=803.5, y after=6264.4
[LAYOUT] Child element: text (parent: body)
  parent.content: x=0.0, y=0.0
  parent.padding: left=20.0, top=20.0
  child.margin: left=0.0, top=0.0
  y (accumulated): 6264.4
  child.content: x=20.0 (was 0.0), y=6264.4 (was 0.0)
  [UPDATE Y] child: text, content_height=0.0, margin.bottom=0.0, total_height=0.0, y after=6264.4
  [TEXT HEIGHT] text: "ZBrowser功能测试...", font_size=16.0, line_height=19.2, height=19.2
  [TEXT HEIGHT] text: "包含：块级布�...", font_size=16.0, line_height=19.2, height=19.2
[LAYOUT] Child element: div (parent: body)
  parent.content: x=0.0, y=0.0
  parent.padding: left=20.0, top=20.0
  child.margin: left=0.0, top=30.0
  y (accumulated): 6264.4
  child.content: x=20.0 (was 0.0), y=6294.4 (was 0.0)
  [UPDATE Y] child: div, content_height=182.4, margin.bottom=0.0, total_height=182.4, y after=6446.8
[LAYOUT] Child element: body (parent: html)
  parent.content: x=0.0, y=0.0
  parent.padding: left=0.0, top=0.0
  child.margin: left=0.0, top=0.0
  y (accumulated): 0.0
  child.content: x=0.0 (was 0.0), y=0.0 (was 0.0)
  [UPDATE Y] child: body, content_height=6506.8, margin.bottom=0.0, total_height=6506.8, y after=6506.8
[LAYOUT] Element: body, is_root: false
  margin: top=0.0, right=0.0, bottom=0.0, left=0.0
  padding: top=20.0, right=20.0, bottom=20.0, left=20.0
  content: x=0.0, y=0.0, width=1160.0, height=6466.8
  containing_block: width=1200.0, height=6506.8
[LAYOUT] Body element position set: x=0.0, y=0.0 (margin: left=0.0, top=0.0)
[CONTAINING BLOCK] body.content.width=1160.0, child_containing_block.width=1160.0
[WIDTH DEBUG] h1: containing_block.width=1160.0, available_width=1160.0, calculated_width=1156.0
[LAYOUT] Child element: h1 (parent: body)
  parent.content: x=0.0, y=0.0
  parent.padding: left=20.0, top=20.0
  child.margin: left=0.0, top=21.4
  y (accumulated): 20.0
  child.content: x=20.0 (was 20.0), y=41.4 (was 41.4)
  [UPDATE Y] child: h1, content_height=50.0, margin.bottom=21.4, total_height=71.4, y after=91.4
[LAYOUT] Child element: text (parent: body)
  parent.content: x=0.0, y=0.0
  parent.padding: left=20.0, top=20.0
  child.margin: left=0.0, top=0.0
  y (accumulated): 91.4
  child.content: x=20.0 (was 20.0), y=91.4 (was 91.4)
  [UPDATE Y] child: text, content_height=0.0, margin.bottom=0.0, total_height=0.0, y after=91.4
[WIDTH DEBUG] h1: containing_block.width=1126.0, available_width=1126.0, calculated_width=1126.0
[LAYOUT] Child element: h1 (parent: div)
  parent.content: x=20.0, y=91.4
  parent.padding: left=15.0, top=15.0
  child.margin: left=0.0, top=16.1
  y (accumulated): 15.0
  child.content: x=15.0 (was 15.0), y=122.5 (was 31.1)
  [UPDATE Y] child: h1, content_height=62.1, margin.bottom=16.1, total_height=78.2, y after=93.2
  [UPDATE Y] child: div, content_height=96.0, margin.bottom=0.0, total_height=96.0, y after=301.2
[LAYOUT] Child element: div (parent: body)
  parent.content: x=0.0, y=0.0
  parent.padding: left=20.0, top=20.0
  child.margin: left=0.0, top=0.0
  y (accumulated): 91.4
  child.content: x=20.0 (was 20.0), y=91.4 (was 91.4)
  [UPDATE Y] child: div, content_height=350.2, margin.bottom=0.0, total_height=350.2, y after=441.6
[LAYOUT] Child element: text (parent: body)
  parent.content: x=0.0, y=0.0
  parent.padding: left=20.0, top=20.0
  child.margin: left=0.0, top=0.0
  y (accumulated): 441.6
  child.content: x=20.0 (was 20.0), y=441.6 (was 441.6)
  [UPDATE Y] child: text, content_height=0.0, margin.bottom=0.0, total_height=0.0, y after=441.6
[LAYOUT] Child element: div (parent: body)
  parent.content: x=0.0, y=0.0
  parent.padding: left=20.0, top=20.0
  child.margin: left=0.0, top=0.0
  y (accumulated): 441.6
  child.content: x=20.0 (was 20.0), y=441.6 (was 441.6)
  [UPDATE Y] child: div, content_height=329.4, margin.bottom=0.0, total_height=329.4, y after=771.0
[LAYOUT] Child element: text (parent: body)
  parent.content: x=0.0, y=0.0
  parent.padding: left=20.0, top=20.0
  child.margin: left=0.0, top=0.0
  y (accumulated): 771.0
  child.content: x=20.0 (was 20.0), y=771.0 (was 771.0)
  [UPDATE Y] child: text, content_height=0.0, margin.bottom=0.0, total_height=0.0, y after=771.0
  [UPDATE Y] child: div, content_height=59.2, margin.bottom=5.0, total_height=64.2, y after=138.2
  [UPDATE Y] child: div, content_height=59.2, margin.bottom=5.0, total_height=64.2, y after=202.4
[LAYOUT] Child element: div (parent: body)
  parent.content: x=0.0, y=0.0
  parent.padding: left=20.0, top=20.0
  child.margin: left=0.0, top=0.0
  y (accumulated): 771.0
  child.content: x=20.0 (was 20.0), y=771.0 (was 771.0)
  [UPDATE Y] child: div, content_height=334.0, margin.bottom=0.0, total_height=334.0, y after=1105.0
[LAYOUT] Child element: text (parent: body)
  parent.content: x=0.0, y=0.0
  parent.padding: left=20.0, top=20.0
  child.margin: left=0.0, top=0.0
  y (accumulated): 1105.0
  child.content: x=20.0 (was 20.0), y=1105.0 (was 1105.0)
  [UPDATE Y] child: text, content_height=0.0, margin.bottom=0.0, total_height=0.0, y after=1105.0
  [UPDATE Y] child: div, content_height=59.2, margin.bottom=0.0, total_height=59.2, y after=287.8
[LAYOUT] Child element: div (parent: body)
  parent.content: x=0.0, y=0.0
  parent.padding: left=20.0, top=20.0
  child.margin: left=0.0, top=0.0
  y (accumulated): 1105.0
  child.content: x=20.0 (was 20.0), y=1105.0 (was 1105.0)
  [UPDATE Y] child: div, content_height=336.8, margin.bottom=0.0, total_height=336.8, y after=1441.8
[LAYOUT] Child element: text (parent: body)
  parent.content: x=0.0, y=0.0
  parent.padding: left=20.0, top=20.0
  child.margin: left=0.0, top=0.0
  y (accumulated): 1441.8
  child.content: x=20.0 (was 20.0), y=1441.8 (was 1441.8)
  [UPDATE Y] child: text, content_height=0.0, margin.bottom=0.0, total_height=0.0, y after=1441.8
  [UPDATE Y] child: div, content_height=99.2, margin.bottom=5.0, total_height=104.2, y after=119.2
  [UPDATE Y] child: div, content_height=99.2, margin.bottom=5.0, total_height=104.2, y after=223.4
  [UPDATE Y] child: div, content_height=99.2, margin.bottom=5.0, total_height=104.2, y after=327.6
  [UPDATE Y] child: div, content_height=99.2, margin.bottom=5.0, total_height=104.2, y after=431.8
  [UPDATE Y] child: div, content_height=99.2, margin.bottom=5.0, total_height=104.2, y after=536.0
  [UPDATE Y] child: div, content_height=585.0, margin.bottom=0.0, total_height=585.0, y after=697.1
  [UPDATE Y] child: div, content_height=99.2, margin.bottom=5.0, total_height=104.2, y after=119.2
  [UPDATE Y] child: div, content_height=99.2, margin.bottom=5.0, total_height=104.2, y after=223.4
  [UPDATE Y] child: div, content_height=99.2, margin.bottom=5.0, total_height=104.2, y after=327.6
  [UPDATE Y] child: div, content_height=334.0, margin.bottom=0.0, total_height=334.0, y after=1031.1
[LAYOUT] Child element: div (parent: body)
  parent.content: x=0.0, y=0.0
  parent.padding: left=20.0, top=20.0
  child.margin: left=0.0, top=0.0
  y (accumulated): 1441.8
  child.content: x=20.0 (was 20.0), y=1441.8 (was 1441.8)
  [UPDATE Y] child: div, content_height=1031.1, margin.bottom=0.0, total_height=1031.1, y after=2472.8
[LAYOUT] Child element: text (parent: body)
  parent.content: x=0.0, y=0.0
  parent.padding: left=20.0, top=20.0
  child.margin: left=0.0, top=0.0
  y (accumulated): 2472.8
  child.content: x=20.0 (was 20.0), y=2472.8 (was 2472.8)
  [UPDATE Y] child: text, content_height=0.0, margin.bottom=0.0, total_height=0.0, y after=2472.8
  [UPDATE Y] child: div, content_height=79.2, margin.bottom=0.0, total_height=79.2, y after=94.2
  [UPDATE Y] child: div, content_height=79.2, margin.bottom=0.0, total_height=79.2, y after=173.4
  [UPDATE Y] child: div, content_height=79.2, margin.bottom=0.0, total_height=79.2, y after=252.6
  [UPDATE Y] child: div, content_height=79.2, margin.bottom=0.0, total_height=79.2, y after=331.8
  [UPDATE Y] child: div, content_height=79.2, margin.bottom=0.0, total_height=79.2, y after=411.0
  [UPDATE Y] child: div, content_height=79.2, margin.bottom=0.0, total_height=79.2, y after=490.2
  [UPDATE Y] child: div, content_height=79.2, margin.bottom=0.0, total_height=79.2, y after=569.4
  [UPDATE Y] child: div, content_height=79.2, margin.bottom=0.0, total_height=79.2, y after=648.6
  [UPDATE Y] child: div, content_height=697.6, margin.bottom=0.0, total_height=697.6, y after=809.7
[LAYOUT] Child element: div (parent: body)
  parent.content: x=0.0, y=0.0
  parent.padding: left=20.0, top=20.0
  child.margin: left=0.0, top=0.0
  y (accumulated): 2472.8
  child.content: x=20.0 (was 20.0), y=2472.8 (was 2472.8)
  [UPDATE Y] child: div, content_height=809.7, margin.bottom=0.0, total_height=809.7, y after=3282.5
[LAYOUT] Child element: text (parent: body)
  parent.content: x=0.0, y=0.0
  parent.padding: left=20.0, top=20.0
  child.margin: left=0.0, top=0.0
  y (accumulated): 3282.5
  child.content: x=20.0 (was 20.0), y=3282.5 (was 3282.5)
  [UPDATE Y] child: text, content_height=0.0, margin.bottom=0.0, total_height=0.0, y after=3282.5
[LAYOUT] Child element: div (parent: body)
  parent.content: x=0.0, y=0.0
  parent.padding: left=20.0, top=20.0
  child.margin: left=0.0, top=0.0
  y (accumulated): 3282.5
  child.content: x=20.0 (was 20.0), y=3282.5 (was 3282.5)
  [UPDATE Y] child: div, content_height=405.5, margin.bottom=0.0, total_height=405.5, y after=3688.0
[LAYOUT] Child element: text (parent: body)
  parent.content: x=0.0, y=0.0
  parent.padding: left=20.0, top=20.0
  child.margin: left=0.0, top=0.0
  y (accumulated): 3688.0
  child.content: x=20.0 (was 20.0), y=3688.0 (was 3688.0)
  [UPDATE Y] child: text, content_height=0.0, margin.bottom=0.0, total_height=0.0, y after=3688.0
[LAYOUT] Child element: div (parent: body)
  parent.content: x=0.0, y=0.0
  parent.padding: left=20.0, top=20.0
  child.margin: left=0.0, top=0.0
  y (accumulated): 3688.0
  child.content: x=20.0 (was 20.0), y=3688.0 (was 3688.0)
  [UPDATE Y] child: div, content_height=610.3, margin.bottom=0.0, total_height=610.3, y after=4298.4
[LAYOUT] Child element: text (parent: body)
  parent.content: x=0.0, y=0.0
  parent.padding: left=20.0, top=20.0
  child.margin: left=0.0, top=0.0
  y (accumulated): 4298.4
  child.content: x=20.0 (was 20.0), y=4298.4 (was 4298.4)
  [UPDATE Y] child: text, content_height=0.0, margin.bottom=0.0, total_height=0.0, y after=4298.4
  [UPDATE Y] child: div, content_height=117.2, margin.bottom=0.0, total_height=117.2, y after=273.9
[LAYOUT] Child element: div (parent: body)
  parent.content: x=0.0, y=0.0
  parent.padding: left=20.0, top=20.0
  child.margin: left=0.0, top=0.0
  y (accumulated): 4298.4
  child.content: x=20.0 (was 20.0), y=4298.4 (was 4298.4)
  [UPDATE Y] child: div, content_height=343.9, margin.bottom=0.0, total_height=343.9, y after=4642.3
[LAYOUT] Child element: text (parent: body)
  parent.content: x=0.0, y=0.0
  parent.padding: left=20.0, top=20.0
  child.margin: left=0.0, top=0.0
  y (accumulated): 4642.3
  child.content: x=20.0 (was 20.0), y=4642.3 (was 4642.3)
  [UPDATE Y] child: text, content_height=0.0, margin.bottom=0.0, total_height=0.0, y after=4642.3
  [UPDATE Y] child: div, content_height=71.2, margin.bottom=2.0, total_height=73.2, y after=132.4
  [UPDATE Y] child: div, content_height=160.4, margin.bottom=3.0, total_height=163.4, y after=224.6
  [UPDATE Y] child: div, content_height=258.6, margin.bottom=5.0, total_height=263.6, y after=364.1
[LAYOUT] Child element: div (parent: body)
  parent.content: x=0.0, y=0.0
  parent.padding: left=20.0, top=20.0
  child.margin: left=0.0, top=0.0
  y (accumulated): 4642.3
  child.content: x=20.0 (was 20.0), y=4642.3 (was 4642.3)
  [UPDATE Y] child: div, content_height=413.1, margin.bottom=0.0, total_height=413.1, y after=5055.4
[LAYOUT] Child element: text (parent: body)
  parent.content: x=0.0, y=0.0
  parent.padding: left=20.0, top=20.0
  child.margin: left=0.0, top=0.0
  y (accumulated): 5055.4
  child.content: x=20.0 (was 20.0), y=5055.4 (was 5055.4)
  [UPDATE Y] child: text, content_height=0.0, margin.bottom=0.0, total_height=0.0, y after=5055.4
[LAYOUT] Child element: div (parent: body)
  parent.content: x=0.0, y=0.0
  parent.padding: left=20.0, top=20.0
  child.margin: left=0.0, top=0.0
  y (accumulated): 5055.4
  child.content: x=20.0 (was 20.0), y=5055.4 (was 5055.4)
  [UPDATE Y] child: div, content_height=405.5, margin.bottom=0.0, total_height=405.5, y after=5460.9
[LAYOUT] Child element: text (parent: body)
  parent.content: x=0.0, y=0.0
  parent.padding: left=20.0, top=20.0
  child.margin: left=0.0, top=0.0
  y (accumulated): 5460.9
  child.content: x=20.0 (was 20.0), y=5460.9 (was 5460.9)
  [UPDATE Y] child: text, content_height=0.0, margin.bottom=0.0, total_height=0.0, y after=5460.9
  [UPDATE Y] child: div, content_height=222.4, margin.bottom=0.0, total_height=222.4, y after=222.4
  [UPDATE Y] child: div, content_height=91.2, margin.bottom=0.0, total_height=91.2, y after=245.4
  [UPDATE Y] child: div, content_height=294.4, margin.bottom=0.0, total_height=294.4, y after=516.8
  [UPDATE Y] child: div, content_height=516.8, margin.bottom=0.0, total_height=516.8, y after=622.3
  [UPDATE Y] child: div, content_height=115.2, margin.bottom=0.0, total_height=115.2, y after=737.5
[LAYOUT] Child element: div (parent: body)
  parent.content: x=0.0, y=0.0
  parent.padding: left=20.0, top=20.0
  child.margin: left=0.0, top=0.0
  y (accumulated): 5460.9
  child.content: x=20.0 (was 20.0), y=5460.9 (was 5460.9)
  [UPDATE Y] child: div, content_height=803.5, margin.bottom=0.0, total_height=803.5, y after=6264.4
[LAYOUT] Child element: text (parent: body)
  parent.content: x=0.0, y=0.0
  parent.padding: left=20.0, top=20.0
  child.margin: left=0.0, top=0.0
  y (accumulated): 6264.4
  child.content: x=20.0 (was 20.0), y=6264.4 (was 6264.4)
  [UPDATE Y] child: text, content_height=0.0, margin.bottom=0.0, total_height=0.0, y after=6264.4
[LAYOUT] Child element: div (parent: body)
  parent.content: x=0.0, y=0.0
  parent.padding: left=20.0, top=20.0
  child.margin: left=0.0, top=30.0
  y (accumulated): 6264.4
  child.content: x=20.0 (was 20.0), y=6294.4 (was 6294.4)
  [UPDATE Y] child: div, content_height=182.4, margin.bottom=0.0, total_height=182.4, y after=6446.8
[WIDTH DEBUG] h1: containing_block.width=1160.0, available_width=1160.0, calculated_width=1156.0
[WIDTH DEBUG] h1: containing_block.width=1126.0, available_width=1126.0, calculated_width=1126.0
[LAYOUT] Child element: h1 (parent: div)
  parent.content: x=20.0, y=91.4
  parent.padding: left=15.0, top=15.0
  child.margin: left=0.0, top=16.1
  y (accumulated): 15.0
  child.content: x=15.0 (was 15.0), y=122.5 (was 122.5)
  [UPDATE Y] child: h1, content_height=62.1, margin.bottom=16.1, total_height=78.2, y after=93.2
  [UPDATE Y] child: div, content_height=96.0, margin.bottom=0.0, total_height=96.0, y after=301.2
[WIDTH DEBUG] h1: containing_block.width=1126.0, available_width=1126.0, calculated_width=1126.0
  [UPDATE Y] child: div, content_height=59.2, margin.bottom=5.0, total_height=64.2, y after=138.2
  [UPDATE Y] child: div, content_height=59.2, margin.bottom=5.0, total_height=64.2, y after=202.4
  [UPDATE Y] child: div, content_height=59.2, margin.bottom=0.0, total_height=59.2, y after=287.8
  [UPDATE Y] child: div, content_height=99.2, margin.bottom=5.0, total_height=104.2, y after=119.2
  [UPDATE Y] child: div, content_height=99.2, margin.bottom=5.0, total_height=104.2, y after=223.4
  [UPDATE Y] child: div, content_height=99.2, margin.bottom=5.0, total_height=104.2, y after=327.6
  [UPDATE Y] child: div, content_height=99.2, margin.bottom=5.0, total_height=104.2, y after=431.8
  [UPDATE Y] child: div, content_height=99.2, margin.bottom=5.0, total_height=104.2, y after=536.0
  [UPDATE Y] child: div, content_height=585.0, margin.bottom=0.0, total_height=585.0, y after=697.1
  [UPDATE Y] child: div, content_height=99.2, margin.bottom=5.0, total_height=104.2, y after=119.2
  [UPDATE Y] child: div, content_height=99.2, margin.bottom=5.0, total_height=104.2, y after=223.4
  [UPDATE Y] child: div, content_height=99.2, margin.bottom=5.0, total_height=104.2, y after=327.6
  [UPDATE Y] child: div, content_height=334.0, margin.bottom=0.0, total_height=334.0, y after=1031.1
  [UPDATE Y] child: div, content_height=79.2, margin.bottom=0.0, total_height=79.2, y after=94.2
  [UPDATE Y] child: div, content_height=79.2, margin.bottom=0.0, total_height=79.2, y after=173.4
  [UPDATE Y] child: div, content_height=79.2, margin.bottom=0.0, total_height=79.2, y after=252.6
  [UPDATE Y] child: div, content_height=79.2, margin.bottom=0.0, total_height=79.2, y after=331.8
  [UPDATE Y] child: div, content_height=79.2, margin.bottom=0.0, total_height=79.2, y after=411.0
  [UPDATE Y] child: div, content_height=79.2, margin.bottom=0.0, total_height=79.2, y after=490.2
  [UPDATE Y] child: div, content_height=79.2, margin.bottom=0.0, total_height=79.2, y after=569.4
  [UPDATE Y] child: div, content_height=79.2, margin.bottom=0.0, total_height=79.2, y after=648.6
  [UPDATE Y] child: div, content_height=697.6, margin.bottom=0.0, total_height=697.6, y after=809.7
  [UPDATE Y] child: div, content_height=117.2, margin.bottom=0.0, total_height=117.2, y after=273.9
  [UPDATE Y] child: div, content_height=71.2, margin.bottom=2.0, total_height=73.2, y after=132.4
  [UPDATE Y] child: div, content_height=160.4, margin.bottom=3.0, total_height=163.4, y after=224.6
  [UPDATE Y] child: div, content_height=258.6, margin.bottom=5.0, total_height=263.6, y after=364.1
  [UPDATE Y] child: div, content_height=71.2, margin.bottom=2.0, total_height=73.2, y after=132.4
  [UPDATE Y] child: div, content_height=160.4, margin.bottom=3.0, total_height=163.4, y after=224.6
  [UPDATE Y] child: div, content_height=71.2, margin.bottom=2.0, total_height=73.2, y after=132.4
  [UPDATE Y] child: div, content_height=222.4, margin.bottom=0.0, total_height=222.4, y after=222.4
  [UPDATE Y] child: div, content_height=91.2, margin.bottom=0.0, total_height=91.2, y after=245.4
  [UPDATE Y] child: div, content_height=294.4, margin.bottom=0.0, total_height=294.4, y after=516.8
  [UPDATE Y] child: div, content_height=516.8, margin.bottom=0.0, total_height=516.8, y after=622.3
  [UPDATE Y] child: div, content_height=115.2, margin.bottom=0.0, total_height=115.2, y after=737.5
[STYLE] h1 font-size parsed: 32.0px
[STYLE] p font-size parsed: 32.0px
[LAYOUT] Element: html, is_root: true
  margin: top=0.0, right=0.0, bottom=0.0, left=0.0
  padding: top=0.0, right=0.0, bottom=0.0, left=0.0
  content: x=0.0, y=0.0, width=1200.0, height=0.0
  containing_block: width=1200.0, height=800.0
[LAYOUT] Root element (html) position set to (0, 0)
[LAYOUT] Element: body, is_root: false
  margin: top=0.0, right=0.0, bottom=0.0, left=0.0
  padding: top=20.0, right=20.0, bottom=20.0, left=20.0
  content: x=0.0, y=0.0, width=1160.0, height=0.0
  containing_block: width=1200.0, height=800.0
[LAYOUT] Body element position set: x=0.0, y=0.0 (margin: left=0.0, top=0.0)
[CONTAINING BLOCK] body.content.width=1160.0, child_containing_block.width=1160.0
[WIDTH DEBUG] h1: containing_block.width=1160.0, available_width=1160.0, calculated_width=1160.0
  [TEXT HEIGHT] text: "ZBrowser功能测试...", font_size=32.0, line_height=46.0, height=46.0
[LAYOUT] Child element: h1 (parent: body)
  parent.content: x=0.0, y=0.0
  parent.padding: left=20.0, top=20.0
  child.margin: left=0.0, top=21.4
  y (accumulated): 20.0
  child.content: x=20.0 (was 0.0), y=41.4 (was 0.0)
  [UPDATE Y] child: h1, content_height=50.0, margin.bottom=21.4, total_height=71.4, y after=91.4
[LAYOUT] Child element: text (parent: body)
  parent.content: x=0.0, y=0.0
  parent.padding: left=20.0, top=20.0
  child.margin: left=0.0, top=0.0
  y (accumulated): 91.4
  child.content: x=20.0 (was 0.0), y=91.4 (was 0.0)
  [UPDATE Y] child: text, content_height=0.0, margin.bottom=0.0, total_height=0.0, y after=91.4
[WIDTH DEBUG] h1: containing_block.width=1126.0, available_width=1126.0, calculated_width=1126.0
  [TEXT HEIGHT] text: "块级布局测试...", font_size=32.0, line_height=46.0, height=46.0
[LAYOUT] Child element: h1 (parent: div)
  parent.content: x=0.0, y=0.0
  parent.padding: left=15.0, top=15.0
  child.margin: left=0.0, top=16.1
  y (accumulated): 15.0
  child.content: x=15.0 (was 0.0), y=31.1 (was 0.0)
  [UPDATE Y] child: h1, content_height=62.1, margin.bottom=16.1, total_height=78.2, y after=93.2
  [TEXT HEIGHT] text: "这是一个块级�...", font_size=16.0, line_height=24.0, height=24.0
  [TEXT HEIGHT] text: "这是另一个段�...", font_size=16.0, line_height=24.0, height=24.0
  [TEXT HEIGHT] text: "嵌套的div块级�...", font_size=16.0, line_height=24.0, height=24.0
  [UPDATE Y] child: div, content_height=96.0, margin.bottom=0.0, total_height=96.0, y after=301.2
[LAYOUT] Child element: div (parent: body)
  parent.content: x=0.0, y=0.0
  parent.padding: left=20.0, top=20.0
  child.margin: left=0.0, top=0.0
  y (accumulated): 91.4
  child.content: x=20.0 (was 0.0), y=91.4 (was 0.0)
  [UPDATE Y] child: div, content_height=350.2, margin.bottom=0.0, total_height=350.2, y after=441.6
[LAYOUT] Child element: text (parent: body)
  parent.content: x=0.0, y=0.0
  parent.padding: left=20.0, top=20.0
  child.margin: left=0.0, top=0.0
  y (accumulated): 441.6
  child.content: x=20.0 (was 0.0), y=441.6 (was 0.0)
  [UPDATE Y] child: text, content_height=0.0, margin.bottom=0.0, total_height=0.0, y after=441.6
  [TEXT HEIGHT] text: "
      这是行内�...", font_size=16.0, line_height=19.2, height=19.2
  [TEXT HEIGHT] text: "行内元素不会�...", font_size=16.0, line_height=19.2, height=19.2
[LAYOUT] Child element: div (parent: body)
  parent.content: x=0.0, y=0.0
  parent.padding: left=20.0, top=20.0
  child.margin: left=0.0, top=0.0
  y (accumulated): 441.6
  child.content: x=20.0 (was 0.0), y=441.6 (was 0.0)
  [UPDATE Y] child: div, content_height=329.4, margin.bottom=0.0, total_height=329.4, y after=771.0
[LAYOUT] Child element: text (parent: body)
  parent.content: x=0.0, y=0.0
  parent.padding: left=20.0, top=20.0
  child.margin: left=0.0, top=0.0
  y (accumulated): 771.0
  child.content: x=20.0 (was 0.0), y=771.0 (was 0.0)
  [UPDATE Y] child: text, content_height=0.0, margin.bottom=0.0, total_height=0.0, y after=771.0
  [UPDATE Y] child: div, content_height=59.2, margin.bottom=5.0, total_height=64.2, y after=138.2
  [UPDATE Y] child: div, content_height=59.2, margin.bottom=5.0, total_height=64.2, y after=202.4
[LAYOUT] Child element: div (parent: body)
  parent.content: x=0.0, y=0.0
  parent.padding: left=20.0, top=20.0
  child.margin: left=0.0, top=0.0
  y (accumulated): 771.0
  child.content: x=20.0 (was 0.0), y=771.0 (was 0.0)
  [UPDATE Y] child: div, content_height=334.0, margin.bottom=0.0, total_height=334.0, y after=1105.0
[LAYOUT] Child element: text (parent: body)
  parent.content: x=0.0, y=0.0
  parent.padding: left=20.0, top=20.0
  child.margin: left=0.0, top=0.0
  y (accumulated): 1105.0
  child.content: x=20.0 (was 0.0), y=1105.0 (was 0.0)
  [UPDATE Y] child: text, content_height=0.0, margin.bottom=0.0, total_height=0.0, y after=1105.0
  [TEXT HEIGHT] text: "左浮动元素...", font_size=16.0, line_height=19.2, height=19.2
  [TEXT HEIGHT] text: "这个元素会浮�...", font_size=16.0, line_height=19.2, height=19.2
  [TEXT HEIGHT] text: "右浮动元素...", font_size=16.0, line_height=19.2, height=19.2
  [TEXT HEIGHT] text: "这个元素会浮�...", font_size=16.0, line_height=19.2, height=19.2
  [TEXT HEIGHT] text: "这是正常流中�...", font_size=16.0, line_height=19.2, height=19.2
  [UPDATE Y] child: div, content_height=59.2, margin.bottom=0.0, total_height=59.2, y after=287.8
[LAYOUT] Child element: div (parent: body)
  parent.content: x=0.0, y=0.0
  parent.padding: left=20.0, top=20.0
  child.margin: left=0.0, top=0.0
  y (accumulated): 1105.0
  child.content: x=20.0 (was 0.0), y=1105.0 (was 0.0)
  [UPDATE Y] child: div, content_height=336.8, margin.bottom=0.0, total_height=336.8, y after=1441.8
[LAYOUT] Child element: text (parent: body)
  parent.content: x=0.0, y=0.0
  parent.padding: left=20.0, top=20.0
  child.margin: left=0.0, top=0.0
  y (accumulated): 1441.8
  child.content: x=20.0 (was 0.0), y=1441.8 (was 0.0)
  [UPDATE Y] child: text, content_height=0.0, margin.bottom=0.0, total_height=0.0, y after=1441.8
  [UPDATE Y] child: div, content_height=99.2, margin.bottom=5.0, total_height=104.2, y after=119.2
  [UPDATE Y] child: div, content_height=99.2, margin.bottom=5.0, total_height=104.2, y after=223.4
  [UPDATE Y] child: div, content_height=99.2, margin.bottom=5.0, total_height=104.2, y after=327.6
  [UPDATE Y] child: div, content_height=99.2, margin.bottom=5.0, total_height=104.2, y after=431.8
  [UPDATE Y] child: div, content_height=99.2, margin.bottom=5.0, total_height=104.2, y after=536.0
  [UPDATE Y] child: div, content_height=585.0, margin.bottom=0.0, total_height=585.0, y after=697.1
  [UPDATE Y] child: div, content_height=99.2, margin.bottom=5.0, total_height=104.2, y after=119.2
  [UPDATE Y] child: div, content_height=99.2, margin.bottom=5.0, total_height=104.2, y after=223.4
  [UPDATE Y] child: div, content_height=99.2, margin.bottom=5.0, total_height=104.2, y after=327.6
  [UPDATE Y] child: div, content_height=334.0, margin.bottom=0.0, total_height=334.0, y after=1031.1
[LAYOUT] Child element: div (parent: body)
  parent.content: x=0.0, y=0.0
  parent.padding: left=20.0, top=20.0
  child.margin: left=0.0, top=0.0
  y (accumulated): 1441.8
  child.content: x=20.0 (was 0.0), y=1441.8 (was 0.0)
  [UPDATE Y] child: div, content_height=1031.1, margin.bottom=0.0, total_height=1031.1, y after=2472.8
[LAYOUT] Child element: text (parent: body)
  parent.content: x=0.0, y=0.0
  parent.padding: left=20.0, top=20.0
  child.margin: left=0.0, top=0.0
  y (accumulated): 2472.8
  child.content: x=20.0 (was 0.0), y=2472.8 (was 0.0)
  [UPDATE Y] child: text, content_height=0.0, margin.bottom=0.0, total_height=0.0, y after=2472.8
  [UPDATE Y] child: div, content_height=79.2, margin.bottom=0.0, total_height=79.2, y after=94.2
  [UPDATE Y] child: div, content_height=79.2, margin.bottom=0.0, total_height=79.2, y after=173.4
  [UPDATE Y] child: div, content_height=79.2, margin.bottom=0.0, total_height=79.2, y after=252.6
  [UPDATE Y] child: div, content_height=79.2, margin.bottom=0.0, total_height=79.2, y after=331.8
  [UPDATE Y] child: div, content_height=79.2, margin.bottom=0.0, total_height=79.2, y after=411.0
  [UPDATE Y] child: div, content_height=79.2, margin.bottom=0.0, total_height=79.2, y after=490.2
  [UPDATE Y] child: div, content_height=79.2, margin.bottom=0.0, total_height=79.2, y after=569.4
  [UPDATE Y] child: div, content_height=79.2, margin.bottom=0.0, total_height=79.2, y after=648.6
  [UPDATE Y] child: div, content_height=697.6, margin.bottom=0.0, total_height=697.6, y after=809.7
[LAYOUT] Child element: div (parent: body)
  parent.content: x=0.0, y=0.0
  parent.padding: left=20.0, top=20.0
  child.margin: left=0.0, top=0.0
  y (accumulated): 2472.8
  child.content: x=20.0 (was 0.0), y=2472.8 (was 0.0)
  [UPDATE Y] child: div, content_height=809.7, margin.bottom=0.0, total_height=809.7, y after=3282.5
[LAYOUT] Child element: text (parent: body)
  parent.content: x=0.0, y=0.0
  parent.padding: left=20.0, top=20.0
  child.margin: left=0.0, top=0.0
  y (accumulated): 3282.5
  child.content: x=20.0 (was 0.0), y=3282.5 (was 0.0)
  [UPDATE Y] child: text, content_height=0.0, margin.bottom=0.0, total_height=0.0, y after=3282.5
  [TEXT HEIGHT] text: "大号文本（32px�...", font_size=16.0, line_height=19.2, height=19.2
  [TEXT HEIGHT] text: "中等文本（20px�...", font_size=16.0, line_height=19.2, height=19.2
  [TEXT HEIGHT] text: "小号文本（12px�...", font_size=16.0, line_height=19.2, height=19.2
  [TEXT HEIGHT] text: "下划线文本...", font_size=16.0, line_height=19.2, height=19.2
  [TEXT HEIGHT] text: "删除线文本...", font_size=16.0, line_height=19.2, height=19.2
[LAYOUT] Child element: div (parent: body)
  parent.content: x=0.0, y=0.0
  parent.padding: left=20.0, top=20.0
  child.margin: left=0.0, top=0.0
  y (accumulated): 3282.5
  child.content: x=20.0 (was 0.0), y=3282.5 (was 0.0)
  [UPDATE Y] child: div, content_height=405.5, margin.bottom=0.0, total_height=405.5, y after=3688.0
[LAYOUT] Child element: text (parent: body)
  parent.content: x=0.0, y=0.0
  parent.padding: left=20.0, top=20.0
  child.margin: left=0.0, top=0.0
  y (accumulated): 3688.0
  child.content: x=20.0 (was 0.0), y=3688.0 (was 0.0)
  [UPDATE Y] child: text, content_height=0.0, margin.bottom=0.0, total_height=0.0, y after=3688.0
  [TEXT HEIGHT] text: "这是一个测试�...", font_size=16.0, line_height=25.6, height=25.6
  [TEXT HEIGHT] text: "這是一個測試�...", font_size=16.0, line_height=25.6, height=25.6
  [TEXT HEIGHT] text: "これはテスト�...", font_size=16.0, line_height=25.6, height=25.6
  [TEXT HEIGHT] text: "이것은 테스트 ...", font_size=16.0, line_height=25.6, height=25.6
  [TEXT HEIGHT] text: "This is a test page ...", font_size=16.0, line_height=25.6, height=25.6
  [TEXT HEIGHT] text: "混合文本 Mixed T...", font_size=16.0, line_height=25.6, height=25.6
[LAYOUT] Child element: div (parent: body)
  parent.content: x=0.0, y=0.0
  parent.padding: left=20.0, top=20.0
  child.margin: left=0.0, top=0.0
  y (accumulated): 3688.0
  child.content: x=20.0 (was 0.0), y=3688.0 (was 0.0)
  [UPDATE Y] child: div, content_height=610.3, margin.bottom=0.0, total_height=610.3, y after=4298.4
[LAYOUT] Child element: text (parent: body)
  parent.content: x=0.0, y=0.0
  parent.padding: left=20.0, top=20.0
  child.margin: left=0.0, top=0.0
  y (accumulated): 4298.4
  child.content: x=20.0 (was 0.0), y=4298.4 (was 0.0)
  [UPDATE Y] child: text, content_height=0.0, margin.bottom=0.0, total_height=0.0, y after=4298.4
  [TEXT HEIGHT] text: "这个区域有实�...", font_size=16.0, line_height=19.2, height=19.2
  [TEXT HEIGHT] text: "这个区域有虚�...", font_size=16.0, line_height=19.2, height=19.2
  [UPDATE Y] child: div, content_height=117.2, margin.bottom=0.0, total_height=117.2, y after=273.9
[LAYOUT] Child element: div (parent: body)
  parent.content: x=0.0, y=0.0
  parent.padding: left=20.0, top=20.0
  child.margin: left=0.0, top=0.0
  y (accumulated): 4298.4
  child.content: x=20.0 (was 0.0), y=4298.4 (was 0.0)
  [UPDATE Y] child: div, content_height=343.9, margin.bottom=0.0, total_height=343.9, y after=4642.3
[LAYOUT] Child element: text (parent: body)
  parent.content: x=0.0, y=0.0
  parent.padding: left=20.0, top=20.0
  child.margin: left=0.0, top=0.0
  y (accumulated): 4642.3
  child.content: x=20.0 (was 0.0), y=4642.3 (was 0.0)
  [UPDATE Y] child: text, content_height=0.0, margin.bottom=0.0, total_height=0.0, y after=4642.3
  [TEXT HEIGHT] text: "第一层嵌套...", font_size=16.0, line_height=19.2, height=19.2
  [TEXT HEIGHT] text: "第二层嵌套...", font_size=16.0, line_height=19.2, height=19.2
  [TEXT HEIGHT] text: "第三层嵌套...", font_size=16.0, line_height=19.2, height=19.2
  [UPDATE Y] child: div, content_height=71.2, margin.bottom=2.0, total_height=73.2, y after=132.4
  [UPDATE Y] child: div, content_height=160.4, margin.bottom=3.0, total_height=163.4, y after=224.6
  [UPDATE Y] child: div, content_height=258.6, margin.bottom=5.0, total_height=263.6, y after=364.1
[LAYOUT] Child element: div (parent: body)
  parent.content: x=0.0, y=0.0
  parent.padding: left=20.0, top=20.0
  child.margin: left=0.0, top=0.0
  y (accumulated): 4642.3
  child.content: x=20.0 (was 0.0), y=4642.3 (was 0.0)
  [UPDATE Y] child: div, content_height=413.1, margin.bottom=0.0, total_height=413.1, y after=5055.4
[LAYOUT] Child element: text (parent: body)
  parent.content: x=0.0, y=0.0
  parent.padding: left=20.0, top=20.0
  child.margin: left=0.0, top=0.0
  y (accumulated): 5055.4
  child.content: x=20.0 (was 0.0), y=5055.4 (was 0.0)
  [UPDATE Y] child: text, content_height=0.0, margin.bottom=0.0, total_height=0.0, y after=5055.4
  [TEXT HEIGHT] text: "HTML实体：<div> &...", font_size=16.0, line_height=19.2, height=19.2
  [TEXT HEIGHT] text: "Unicode字符：© �...", font_size=16.0, line_height=19.2, height=19.2
  [TEXT HEIGHT] text: "数学符号：∑ �...", font_size=16.0, line_height=19.2, height=19.2
  [TEXT HEIGHT] text: "箭头符号：← �...", font_size=16.0, line_height=19.2, height=19.2
  [TEXT HEIGHT] text: "Emoji：😀 😃 �...", font_size=16.0, line_height=19.2, height=19.2
[LAYOUT] Child element: div (parent: body)
  parent.content: x=0.0, y=0.0
  parent.padding: left=20.0, top=20.0
  child.margin: left=0.0, top=0.0
  y (accumulated): 5055.4
  child.content: x=20.0 (was 0.0), y=5055.4 (was 0.0)
  [UPDATE Y] child: div, content_height=405.5, margin.bottom=0.0, total_height=405.5, y after=5460.9
[LAYOUT] Child element: text (parent: body)
  parent.content: x=0.0, y=0.0
  parent.padding: left=20.0, top=20.0
  child.margin: left=0.0, top=0.0
  y (accumulated): 5460.9
  child.content: x=20.0 (was 0.0), y=5460.9 (was 0.0)
  [UPDATE Y] child: text, content_height=0.0, margin.bottom=0.0, total_height=0.0, y after=5460.9
  [TEXT HEIGHT] text: "包含块级和行�...", font_size=16.0, line_height=19.2, height=19.2
  [UPDATE Y] child: div, content_height=222.4, margin.bottom=0.0, total_height=222.4, y after=222.4
  [TEXT HEIGHT] text: "另一个Flex子项�...", font_size=16.0, line_height=19.2, height=19.2
  [TEXT HEIGHT] text: "嵌套的div...", font_size=16.0, line_height=19.2, height=19.2
  [UPDATE Y] child: div, content_height=91.2, margin.bottom=0.0, total_height=91.2, y after=245.4
  [UPDATE Y] child: div, content_height=294.4, margin.bottom=0.0, total_height=294.4, y after=516.8
  [UPDATE Y] child: div, content_height=516.8, margin.bottom=0.0, total_height=516.8, y after=622.3
  [TEXT HEIGHT] text: "相对定位容器...", font_size=16.0, line_height=19.2, height=19.2
  [UPDATE Y] child: div, content_height=115.2, margin.bottom=0.0, total_height=115.2, y after=737.5
[LAYOUT] Child element: div (parent: body)
  parent.content: x=0.0, y=0.0
  parent.padding: left=20.0, top=20.0
  child.margin: left=0.0, top=0.0
  y (accumulated): 5460.9
  child.content: x=20.0 (was 0.0), y=5460.9 (was 0.0)
  [UPDATE Y] child: div, content_height=803.5, margin.bottom=0.0, total_height=803.5, y after=6264.4
[LAYOUT] Child element: text (parent: body)
  parent.content: x=0.0, y=0.0
  parent.padding: left=20.0, top=20.0
  child.margin: left=0.0, top=0.0
  y (accumulated): 6264.4
  child.content: x=20.0 (was 0.0), y=6264.4 (was 0.0)
  [UPDATE Y] child: text, content_height=0.0, margin.bottom=0.0, total_height=0.0, y after=6264.4
  [TEXT HEIGHT] text: "ZBrowser功能测试...", font_size=16.0, line_height=19.2, height=19.2
  [TEXT HEIGHT] text: "包含：块级布�...", font_size=16.0, line_height=19.2, height=19.2
[LAYOUT] Child element: div (parent: body)
  parent.content: x=0.0, y=0.0
  parent.padding: left=20.0, top=20.0
  child.margin: left=0.0, top=30.0
  y (accumulated): 6264.4
  child.content: x=20.0 (was 0.0), y=6294.4 (was 0.0)
  [UPDATE Y] child: div, content_height=182.4, margin.bottom=0.0, total_height=182.4, y after=6446.8
[LAYOUT] Child element: body (parent: html)
  parent.content: x=0.0, y=0.0
  parent.padding: left=0.0, top=0.0
  child.margin: left=0.0, top=0.0
  y (accumulated): 0.0
  child.content: x=0.0 (was 0.0), y=0.0 (was 0.0)
  [UPDATE Y] child: body, content_height=6506.8, margin.bottom=0.0, total_height=6506.8, y after=6506.8
[LAYOUT] Element: body, is_root: false
  margin: top=0.0, right=0.0, bottom=0.0, left=0.0
  padding: top=20.0, right=20.0, bottom=20.0, left=20.0
  content: x=0.0, y=0.0, width=1160.0, height=6466.8
  containing_block: width=1200.0, height=6506.8
[LAYOUT] Body element position set: x=0.0, y=0.0 (margin: left=0.0, top=0.0)
[CONTAINING BLOCK] body.content.width=1160.0, child_containing_block.width=1160.0
[WIDTH DEBUG] h1: containing_block.width=1160.0, available_width=1160.0, calculated_width=1156.0
[LAYOUT] Child element: h1 (parent: body)
  parent.content: x=0.0, y=0.0
  parent.padding: left=20.0, top=20.0
  child.margin: left=0.0, top=21.4
  y (accumulated): 20.0
  child.content: x=20.0 (was 20.0), y=41.4 (was 41.4)
  [UPDATE Y] child: h1, content_height=50.0, margin.bottom=21.4, total_height=71.4, y after=91.4
[LAYOUT] Child element: text (parent: body)
  parent.content: x=0.0, y=0.0
  parent.padding: left=20.0, top=20.0
  child.margin: left=0.0, top=0.0
  y (accumulated): 91.4
  child.content: x=20.0 (was 20.0), y=91.4 (was 91.4)
  [UPDATE Y] child: text, content_height=0.0, margin.bottom=0.0, total_height=0.0, y after=91.4
[WIDTH DEBUG] h1: containing_block.width=1126.0, available_width=1126.0, calculated_width=1126.0
[LAYOUT] Child element: h1 (parent: div)
  parent.content: x=20.0, y=91.4
  parent.padding: left=15.0, top=15.0
  child.margin: left=0.0, top=16.1
  y (accumulated): 15.0
  child.content: x=15.0 (was 15.0), y=122.5 (was 31.1)
  [UPDATE Y] child: h1, content_height=62.1, margin.bottom=16.1, total_height=78.2, y after=93.2
  [UPDATE Y] child: div, content_height=96.0, margin.bottom=0.0, total_height=96.0, y after=301.2
[LAYOUT] Child element: div (parent: body)
  parent.content: x=0.0, y=0.0
  parent.padding: left=20.0, top=20.0
  child.margin: left=0.0, top=0.0
  y (accumulated): 91.4
  child.content: x=20.0 (was 20.0), y=91.4 (was 91.4)
  [UPDATE Y] child: div, content_height=350.2, margin.bottom=0.0, total_height=350.2, y after=441.6
[LAYOUT] Child element: text (parent: body)
  parent.content: x=0.0, y=0.0
  parent.padding: left=20.0, top=20.0
  child.margin: left=0.0, top=0.0
  y (accumulated): 441.6
  child.content: x=20.0 (was 20.0), y=441.6 (was 441.6)
  [UPDATE Y] child: text, content_height=0.0, margin.bottom=0.0, total_height=0.0, y after=441.6
[LAYOUT] Child element: div (parent: body)
  parent.content: x=0.0, y=0.0
  parent.padding: left=20.0, top=20.0
  child.margin: left=0.0, top=0.0
  y (accumulated): 441.6
  child.content: x=20.0 (was 20.0), y=441.6 (was 441.6)
  [UPDATE Y] child: div, content_height=329.4, margin.bottom=0.0, total_height=329.4, y after=771.0
[LAYOUT] Child element: text (parent: body)
  parent.content: x=0.0, y=0.0
  parent.padding: left=20.0, top=20.0
  child.margin: left=0.0, top=0.0
  y (accumulated): 771.0
  child.content: x=20.0 (was 20.0), y=771.0 (was 771.0)
  [UPDATE Y] child: text, content_height=0.0, margin.bottom=0.0, total_height=0.0, y after=771.0
  [UPDATE Y] child: div, content_height=59.2, margin.bottom=5.0, total_height=64.2, y after=138.2
  [UPDATE Y] child: div, content_height=59.2, margin.bottom=5.0, total_height=64.2, y after=202.4
[LAYOUT] Child element: div (parent: body)
  parent.content: x=0.0, y=0.0
  parent.padding: left=20.0, top=20.0
  child.margin: left=0.0, top=0.0
  y (accumulated): 771.0
  child.content: x=20.0 (was 20.0), y=771.0 (was 771.0)
  [UPDATE Y] child: div, content_height=334.0, margin.bottom=0.0, total_height=334.0, y after=1105.0
[LAYOUT] Child element: text (parent: body)
  parent.content: x=0.0, y=0.0
  parent.padding: left=20.0, top=20.0
  child.margin: left=0.0, top=0.0
  y (accumulated): 1105.0
  child.content: x=20.0 (was 20.0), y=1105.0 (was 1105.0)
  [UPDATE Y] child: text, content_height=0.0, margin.bottom=0.0, total_height=0.0, y after=1105.0
  [UPDATE Y] child: div, content_height=59.2, margin.bottom=0.0, total_height=59.2, y after=287.8
[LAYOUT] Child element: div (parent: body)
  parent.content: x=0.0, y=0.0
  parent.padding: left=20.0, top=20.0
  child.margin: left=0.0, top=0.0
  y (accumulated): 1105.0
  child.content: x=20.0 (was 20.0), y=1105.0 (was 1105.0)
  [UPDATE Y] child: div, content_height=336.8, margin.bottom=0.0, total_height=336.8, y after=1441.8
[LAYOUT] Child element: text (parent: body)
  parent.content: x=0.0, y=0.0
  parent.padding: left=20.0, top=20.0
  child.margin: left=0.0, top=0.0
  y (accumulated): 1441.8
  child.content: x=20.0 (was 20.0), y=1441.8 (was 1441.8)
  [UPDATE Y] child: text, content_height=0.0, margin.bottom=0.0, total_height=0.0, y after=1441.8
  [UPDATE Y] child: div, content_height=99.2, margin.bottom=5.0, total_height=104.2, y after=119.2
  [UPDATE Y] child: div, content_height=99.2, margin.bottom=5.0, total_height=104.2, y after=223.4
  [UPDATE Y] child: div, content_height=99.2, margin.bottom=5.0, total_height=104.2, y after=327.6
  [UPDATE Y] child: div, content_height=99.2, margin.bottom=5.0, total_height=104.2, y after=431.8
  [UPDATE Y] child: div, content_height=99.2, margin.bottom=5.0, total_height=104.2, y after=536.0
  [UPDATE Y] child: div, content_height=585.0, margin.bottom=0.0, total_height=585.0, y after=697.1
  [UPDATE Y] child: div, content_height=99.2, margin.bottom=5.0, total_height=104.2, y after=119.2
  [UPDATE Y] child: div, content_height=99.2, margin.bottom=5.0, total_height=104.2, y after=223.4
  [UPDATE Y] child: div, content_height=99.2, margin.bottom=5.0, total_height=104.2, y after=327.6
  [UPDATE Y] child: div, content_height=334.0, margin.bottom=0.0, total_height=334.0, y after=1031.1
[LAYOUT] Child element: div (parent: body)
  parent.content: x=0.0, y=0.0
  parent.padding: left=20.0, top=20.0
  child.margin: left=0.0, top=0.0
  y (accumulated): 1441.8
  child.content: x=20.0 (was 20.0), y=1441.8 (was 1441.8)
  [UPDATE Y] child: div, content_height=1031.1, margin.bottom=0.0, total_height=1031.1, y after=2472.8
[LAYOUT] Child element: text (parent: body)
  parent.content: x=0.0, y=0.0
  parent.padding: left=20.0, top=20.0
  child.margin: left=0.0, top=0.0
  y (accumulated): 2472.8
  child.content: x=20.0 (was 20.0), y=2472.8 (was 2472.8)
  [UPDATE Y] child: text, content_height=0.0, margin.bottom=0.0, total_height=0.0, y after=2472.8
  [UPDATE Y] child: div, content_height=79.2, margin.bottom=0.0, total_height=79.2, y after=94.2
  [UPDATE Y] child: div, content_height=79.2, margin.bottom=0.0, total_height=79.2, y after=173.4
  [UPDATE Y] child: div, content_height=79.2, margin.bottom=0.0, total_height=79.2, y after=252.6
  [UPDATE Y] child: div, content_height=79.2, margin.bottom=0.0, total_height=79.2, y after=331.8
  [UPDATE Y] child: div, content_height=79.2, margin.bottom=0.0, total_height=79.2, y after=411.0
  [UPDATE Y] child: div, content_height=79.2, margin.bottom=0.0, total_height=79.2, y after=490.2
  [UPDATE Y] child: div, content_height=79.2, margin.bottom=0.0, total_height=79.2, y after=569.4
  [UPDATE Y] child: div, content_height=79.2, margin.bottom=0.0, total_height=79.2, y after=648.6
  [UPDATE Y] child: div, content_height=697.6, margin.bottom=0.0, total_height=697.6, y after=809.7
[LAYOUT] Child element: div (parent: body)
  parent.content: x=0.0, y=0.0
  parent.padding: left=20.0, top=20.0
  child.margin: left=0.0, top=0.0
  y (accumulated): 2472.8
  child.content: x=20.0 (was 20.0), y=2472.8 (was 2472.8)
  [UPDATE Y] child: div, content_height=809.7, margin.bottom=0.0, total_height=809.7, y after=3282.5
[LAYOUT] Child element: text (parent: body)
  parent.content: x=0.0, y=0.0
  parent.padding: left=20.0, top=20.0
  child.margin: left=0.0, top=0.0
  y (accumulated): 3282.5
  child.content: x=20.0 (was 20.0), y=3282.5 (was 3282.5)
  [UPDATE Y] child: text, content_height=0.0, margin.bottom=0.0, total_height=0.0, y after=3282.5
[LAYOUT] Child element: div (parent: body)
  parent.content: x=0.0, y=0.0
  parent.padding: left=20.0, top=20.0
  child.margin: left=0.0, top=0.0
  y (accumulated): 3282.5
  child.content: x=20.0 (was 20.0), y=3282.5 (was 3282.5)
  [UPDATE Y] child: div, content_height=405.5, margin.bottom=0.0, total_height=405.5, y after=3688.0
[LAYOUT] Child element: text (parent: body)
  parent.content: x=0.0, y=0.0
  parent.padding: left=20.0, top=20.0
  child.margin: left=0.0, top=0.0
  y (accumulated): 3688.0
  child.content: x=20.0 (was 20.0), y=3688.0 (was 3688.0)
  [UPDATE Y] child: text, content_height=0.0, margin.bottom=0.0, total_height=0.0, y after=3688.0
[LAYOUT] Child element: div (parent: body)
  parent.content: x=0.0, y=0.0
  parent.padding: left=20.0, top=20.0
  child.margin: left=0.0, top=0.0
  y (accumulated): 3688.0
  child.content: x=20.0 (was 20.0), y=3688.0 (was 3688.0)
  [UPDATE Y] child: div, content_height=610.3, margin.bottom=0.0, total_height=610.3, y after=4298.4
[LAYOUT] Child element: text (parent: body)
  parent.content: x=0.0, y=0.0
  parent.padding: left=20.0, top=20.0
  child.margin: left=0.0, top=0.0
  y (accumulated): 4298.4
  child.content: x=20.0 (was 20.0), y=4298.4 (was 4298.4)
  [UPDATE Y] child: text, content_height=0.0, margin.bottom=0.0, total_height=0.0, y after=4298.4
  [UPDATE Y] child: div, content_height=117.2, margin.bottom=0.0, total_height=117.2, y after=273.9
[LAYOUT] Child element: div (parent: body)
  parent.content: x=0.0, y=0.0
  parent.padding: left=20.0, top=20.0
  child.margin: left=0.0, top=0.0
  y (accumulated): 4298.4
  child.content: x=20.0 (was 20.0), y=4298.4 (was 4298.4)
  [UPDATE Y] child: div, content_height=343.9, margin.bottom=0.0, total_height=343.9, y after=4642.3
[LAYOUT] Child element: text (parent: body)
  parent.content: x=0.0, y=0.0
  parent.padding: left=20.0, top=20.0
  child.margin: left=0.0, top=0.0
  y (accumulated): 4642.3
  child.content: x=20.0 (was 20.0), y=4642.3 (was 4642.3)
  [UPDATE Y] child: text, content_height=0.0, margin.bottom=0.0, total_height=0.0, y after=4642.3
  [UPDATE Y] child: div, content_height=71.2, margin.bottom=2.0, total_height=73.2, y after=132.4
  [UPDATE Y] child: div, content_height=160.4, margin.bottom=3.0, total_height=163.4, y after=224.6
  [UPDATE Y] child: div, content_height=258.6, margin.bottom=5.0, total_height=263.6, y after=364.1
[LAYOUT] Child element: div (parent: body)
  parent.content: x=0.0, y=0.0
  parent.padding: left=20.0, top=20.0
  child.margin: left=0.0, top=0.0
  y (accumulated): 4642.3
  child.content: x=20.0 (was 20.0), y=4642.3 (was 4642.3)
  [UPDATE Y] child: div, content_height=413.1, margin.bottom=0.0, total_height=413.1, y after=5055.4
[LAYOUT] Child element: text (parent: body)
  parent.content: x=0.0, y=0.0
  parent.padding: left=20.0, top=20.0
  child.margin: left=0.0, top=0.0
  y (accumulated): 5055.4
  child.content: x=20.0 (was 20.0), y=5055.4 (was 5055.4)
  [UPDATE Y] child: text, content_height=0.0, margin.bottom=0.0, total_height=0.0, y after=5055.4
[LAYOUT] Child element: div (parent: body)
  parent.content: x=0.0, y=0.0
  parent.padding: left=20.0, top=20.0
  child.margin: left=0.0, top=0.0
  y (accumulated): 5055.4
  child.content: x=20.0 (was 20.0), y=5055.4 (was 5055.4)
  [UPDATE Y] child: div, content_height=405.5, margin.bottom=0.0, total_height=405.5, y after=5460.9
[LAYOUT] Child element: text (parent: body)
  parent.content: x=0.0, y=0.0
  parent.padding: left=20.0, top=20.0
  child.margin: left=0.0, top=0.0
  y (accumulated): 5460.9
  child.content: x=20.0 (was 20.0), y=5460.9 (was 5460.9)
  [UPDATE Y] child: text, content_height=0.0, margin.bottom=0.0, total_height=0.0, y after=5460.9
  [UPDATE Y] child: div, content_height=222.4, margin.bottom=0.0, total_height=222.4, y after=222.4
  [UPDATE Y] child: div, content_height=91.2, margin.bottom=0.0, total_height=91.2, y after=245.4
  [UPDATE Y] child: div, content_height=294.4, margin.bottom=0.0, total_height=294.4, y after=516.8
  [UPDATE Y] child: div, content_height=516.8, margin.bottom=0.0, total_height=516.8, y after=622.3
  [UPDATE Y] child: div, content_height=115.2, margin.bottom=0.0, total_height=115.2, y after=737.5
[LAYOUT] Child element: div (parent: body)
  parent.content: x=0.0, y=0.0
  parent.padding: left=20.0, top=20.0
  child.margin: left=0.0, top=0.0
  y (accumulated): 5460.9
  child.content: x=20.0 (was 20.0), y=5460.9 (was 5460.9)
  [UPDATE Y] child: div, content_height=803.5, margin.bottom=0.0, total_height=803.5, y after=6264.4
[LAYOUT] Child element: text (parent: body)
  parent.content: x=0.0, y=0.0
  parent.padding: left=20.0, top=20.0
  child.margin: left=0.0, top=0.0
  y (accumulated): 6264.4
  child.content: x=20.0 (was 20.0), y=6264.4 (was 6264.4)
  [UPDATE Y] child: text, content_height=0.0, margin.bottom=0.0, total_height=0.0, y after=6264.4
[LAYOUT] Child element: div (parent: body)
  parent.content: x=0.0, y=0.0
  parent.padding: left=20.0, top=20.0
  child.margin: left=0.0, top=30.0
  y (accumulated): 6264.4
  child.content: x=20.0 (was 20.0), y=6294.4 (was 6294.4)
  [UPDATE Y] child: div, content_height=182.4, margin.bottom=0.0, total_height=182.4, y after=6446.8
[WIDTH DEBUG] h1: containing_block.width=1160.0, available_width=1160.0, calculated_width=1156.0
[WIDTH DEBUG] h1: containing_block.width=1126.0, available_width=1126.0, calculated_width=1126.0
[LAYOUT] Child element: h1 (parent: div)
  parent.content: x=20.0, y=91.4
  parent.padding: left=15.0, top=15.0
  child.margin: left=0.0, top=16.1
  y (accumulated): 15.0
  child.content: x=15.0 (was 15.0), y=122.5 (was 122.5)
  [UPDATE Y] child: h1, content_height=62.1, margin.bottom=16.1, total_height=78.2, y after=93.2
  [UPDATE Y] child: div, content_height=96.0, margin.bottom=0.0, total_height=96.0, y after=301.2
[WIDTH DEBUG] h1: containing_block.width=1126.0, available_width=1126.0, calculated_width=1126.0
  [UPDATE Y] child: div, content_height=59.2, margin.bottom=5.0, total_height=64.2, y after=138.2
  [UPDATE Y] child: div, content_height=59.2, margin.bottom=5.0, total_height=64.2, y after=202.4
  [UPDATE Y] child: div, content_height=59.2, margin.bottom=0.0, total_height=59.2, y after=287.8
  [UPDATE Y] child: div, content_height=99.2, margin.bottom=5.0, total_height=104.2, y after=119.2
  [UPDATE Y] child: div, content_height=99.2, margin.bottom=5.0, total_height=104.2, y after=223.4
  [UPDATE Y] child: div, content_height=99.2, margin.bottom=5.0, total_height=104.2, y after=327.6
  [UPDATE Y] child: div, content_height=99.2, margin.bottom=5.0, total_height=104.2, y after=431.8
  [UPDATE Y] child: div, content_height=99.2, margin.bottom=5.0, total_height=104.2, y after=536.0
  [UPDATE Y] child: div, content_height=585.0, margin.bottom=0.0, total_height=585.0, y after=697.1
  [UPDATE Y] child: div, content_height=99.2, margin.bottom=5.0, total_height=104.2, y after=119.2
  [UPDATE Y] child: div, content_height=99.2, margin.bottom=5.0, total_height=104.2, y after=223.4
  [UPDATE Y] child: div, content_height=99.2, margin.bottom=5.0, total_height=104.2, y after=327.6
  [UPDATE Y] child: div, content_height=334.0, margin.bottom=0.0, total_height=334.0, y after=1031.1
  [UPDATE Y] child: div, content_height=79.2, margin.bottom=0.0, total_height=79.2, y after=94.2
  [UPDATE Y] child: div, content_height=79.2, margin.bottom=0.0, total_height=79.2, y after=173.4
  [UPDATE Y] child: div, content_height=79.2, margin.bottom=0.0, total_height=79.2, y after=252.6
  [UPDATE Y] child: div, content_height=79.2, margin.bottom=0.0, total_height=79.2, y after=331.8
  [UPDATE Y] child: div, content_height=79.2, margin.bottom=0.0, total_height=79.2, y after=411.0
  [UPDATE Y] child: div, content_height=79.2, margin.bottom=0.0, total_height=79.2, y after=490.2
  [UPDATE Y] child: div, content_height=79.2, margin.bottom=0.0, total_height=79.2, y after=569.4
  [UPDATE Y] child: div, content_height=79.2, margin.bottom=0.0, total_height=79.2, y after=648.6
  [UPDATE Y] child: div, content_height=697.6, margin.bottom=0.0, total_height=697.6, y after=809.7
  [UPDATE Y] child: div, content_height=117.2, margin.bottom=0.0, total_height=117.2, y after=273.9
  [UPDATE Y] child: div, content_height=71.2, margin.bottom=2.0, total_height=73.2, y after=132.4
  [UPDATE Y] child: div, content_height=160.4, margin.bottom=3.0, total_height=163.4, y after=224.6
  [UPDATE Y] child: div, content_height=258.6, margin.bottom=5.0, total_height=263.6, y after=364.1
  [UPDATE Y] child: div, content_height=71.2, margin.bottom=2.0, total_height=73.2, y after=132.4
  [UPDATE Y] child: div, content_height=160.4, margin.bottom=3.0, total_height=163.4, y after=224.6
  [UPDATE Y] child: div, content_height=71.2, margin.bottom=2.0, total_height=73.2, y after=132.4
  [UPDATE Y] child: div, content_height=222.4, margin.bottom=0.0, total_height=222.4, y after=222.4
  [UPDATE Y] child: div, content_height=91.2, margin.bottom=0.0, total_height=91.2, y after=245.4
  [UPDATE Y] child: div, content_height=294.4, margin.bottom=0.0, total_height=294.4, y after=516.8
  [UPDATE Y] child: div, content_height=516.8, margin.bottom=0.0, total_height=516.8, y after=622.3
  [UPDATE Y] child: div, content_height=115.2, margin.bottom=0.0, total_height=115.2, y after=737.5
[LAYOUT] Element: div, is_root: true
  margin: top=0.0, right=0.0, bottom=0.0, left=0.0
  padding: top=0.0, right=0.0, bottom=0.0, left=0.0
  content: x=0.0, y=0.0, width=800.0, height=0.0
  containing_block: width=800.0, height=600.0
  [UPDATE Y] child: div, content_height=50.0, margin.bottom=0.0, total_height=50.0, y after=50.0
[LAYOUT] Element: div, is_root: true
  margin: top=0.0, right=0.0, bottom=0.0, left=0.0
  padding: top=0.0, right=0.0, bottom=0.0, left=0.0
  content: x=0.0, y=0.0, width=800.0, height=0.0
  containing_block: width=800.0, height=600.0
  [UPDATE Y] child: div, content_height=50.0, margin.bottom=0.0, total_height=50.0, y after=50.0
  [UPDATE Y] child: div, content_height=60.0, margin.bottom=0.0, total_height=60.0, y after=110.0
  [UPDATE Y] child: div, content_height=40.0, margin.bottom=0.0, total_height=40.0, y after=150.0
[LAYOUT] Element: div, is_root: true
  margin: top=0.0, right=0.0, bottom=0.0, left=0.0
  padding: top=0.0, right=0.0, bottom=0.0, left=0.0
  content: x=0.0, y=0.0, width=800.0, height=0.0
  containing_block: width=800.0, height=600.0
  [UPDATE Y] child: div, content_height=50.0, margin.bottom=20.0, total_height=70.0, y after=80.0
[LAYOUT] Element: div, is_root: true
  margin: top=0.0, right=0.0, bottom=0.0, left=0.0
  padding: top=0.0, right=0.0, bottom=0.0, left=0.0
  content: x=0.0, y=0.0, width=800.0, height=0.0
  containing_block: width=800.0, height=600.0
[LAYOUT] Element: div, is_root: true
  margin: top=0.0, right=0.0, bottom=0.0, left=0.0
  padding: top=10.0, right=0.0, bottom=20.0, left=0.0
  content: x=0.0, y=0.0, width=800.0, height=0.0
  containing_block: width=800.0, height=600.0
  [UPDATE Y] child: div, content_height=50.0, margin.bottom=0.0, total_height=50.0, y after=60.0
[LAYOUT] Element: div, is_root: true
  margin: top=0.0, right=0.0, bottom=0.0, left=0.0
  padding: top=0.0, right=0.0, bottom=0.0, left=0.0
  content: x=0.0, y=0.0, width=800.0, height=0.0
  containing_block: width=800.0, height=600.0
[LAYOUT] Element: div, is_root: true
  margin: top=0.0, right=0.0, bottom=0.0, left=0.0
  padding: top=0.0, right=0.0, bottom=0.0, left=0.0
  content: x=0.0, y=0.0, width=800.0, height=0.0
  containing_block: width=800.0, height=600.0
  [UPDATE Y] child: div, content_height=0.0, margin.bottom=0.0, total_height=0.0, y after=0.0
  [UPDATE Y] child: div, content_height=0.0, margin.bottom=0.0, total_height=0.0, y after=0.0
[LAYOUT] Element: div, is_root: true
  margin: top=0.0, right=0.0, bottom=0.0, left=0.0
  padding: top=0.0, right=0.0, bottom=0.0, left=0.0
  content: x=0.0, y=0.0, width=0.0, height=0.0
  containing_block: width=0.0, height=0.0
[LAYOUT] Element: div, is_root: true
  margin: top=0.0, right=0.0, bottom=0.0, left=0.0
  padding: top=0.0, right=0.0, bottom=0.0, left=0.0
  content: x=0.0, y=0.0, width=10000.0, height=0.0
  containing_block: width=10000.0, height=10000.0
[LAYOUT] Element: html, is_root: true
  margin: top=0.0, right=0.0, bottom=0.0, left=0.0
  padding: top=0.0, right=0.0, bottom=0.0, left=0.0
  content: x=0.0, y=0.0, width=400.0, height=0.0
  containing_block: width=400.0, height=300.0
[LAYOUT] Root element (html) position set to (0, 0)
[LAYOUT] Element: body, is_root: false
  margin: top=0.0, right=0.0, bottom=0.0, left=0.0
  padding: top=0.0, right=0.0, bottom=0.0, left=0.0
  content: x=0.0, y=0.0, width=400.0, height=0.0
  containing_block: width=400.0, height=300.0
[LAYOUT] Body element position set: x=0.0, y=0.0 (margin: left=0.0, top=0.0)
[CONTAINING BLOCK] body.content.width=400.0, child_containing_block.width=400.0
[WIDTH DEBUG] h1: containing_block.width=400.0, available_width=400.0, calculated_width=400.0
  [TEXT HEIGHT] text: "Test Page...", font_size=32.0, line_height=46.0, height=46.0
[LAYOUT] Child element: h1 (parent: body)
  parent.content: x=0.0, y=0.0
  parent.padding: left=0.0, top=0.0
  child.margin: left=0.0, top=16.1
  y (accumulated): 16.1
  child.content: x=0.0 (was 0.0), y=16.1 (was 0.0)
  [UPDATE Y] child: h1, content_height=62.1, margin.bottom=16.1, total_height=78.2, y after=94.2
  [TEXT HEIGHT] text: "Hello, World!...", font_size=16.0, line_height=19.2, height=19.2
[LAYOUT] Child element: p (parent: body)
  parent.content: x=0.0, y=0.0
  parent.padding: left=0.0, top=0.0
  child.margin: left=0.0, top=16.0
  y (accumulated): 94.2
  child.content: x=0.0 (was 0.0), y=110.2 (was 0.0)
  [UPDATE Y] child: p, content_height=35.2, margin.bottom=16.0, total_height=51.2, y after=145.4
[LAYOUT] Child element: body (parent: html)
  parent.content: x=0.0, y=0.0
  parent.padding: left=0.0, top=0.0
  child.margin: left=0.0, top=0.0
  y (accumulated): 0.0
  child.content: x=0.0 (was 0.0), y=0.0 (was 0.0)
  [UPDATE Y] child: body, content_height=145.4, margin.bottom=0.0, total_height=145.4, y after=145.4
[LAYOUT] Element: body, is_root: false
  margin: top=0.0, right=0.0, bottom=0.0, left=0.0
  padding: top=0.0, right=0.0, bottom=0.0, left=0.0
  content: x=0.0, y=0.0, width=400.0, height=145.4
  containing_block: width=400.0, height=145.4
[LAYOUT] Body element position set: x=0.0, y=0.0 (margin: left=0.0, top=0.0)
[CONTAINING BLOCK] body.content.width=400.0, child_containing_block.width=400.0
[WIDTH DEBUG] h1: containing_block.width=400.0, available_width=400.0, calculated_width=400.0
[LAYOUT] Child element: h1 (parent: body)
  parent.content: x=0.0, y=0.0
  parent.padding: left=0.0, top=0.0
  child.margin: left=0.0, top=16.1
  y (accumulated): 16.1
  child.content: x=0.0 (was 0.0), y=16.1 (was 16.1)
  [UPDATE Y] child: h1, content_height=62.1, margin.bottom=16.1, total_height=78.2, y after=94.2
[LAYOUT] Child element: p (parent: body)
  parent.content: x=0.0, y=0.0
  parent.padding: left=0.0, top=0.0
  child.margin: left=0.0, top=16.0
  y (accumulated): 94.2
  child.content: x=0.0 (was 0.0), y=110.2 (was 110.2)
  [UPDATE Y] child: p, content_height=35.2, margin.bottom=16.0, total_height=51.2, y after=145.4
[WIDTH DEBUG] h1: containing_block.width=400.0, available_width=400.0, calculated_width=400.0

=== Element Layout Info ===
Tag: html

Box Model:
  Margin: top=0.00, right=0.00, bottom=0.00, left=0.00
  Border: top=0.00, right=0.00, bottom=0.00, left=0.00
  Padding: top=0.00, right=0.00, bottom=0.00, left=0.00
  Content: x=0.00, y=0.00, width=400.00, height=145.44
  Total Size: width=400.00, height=145.44
  Actual Position (content box): x=0.00, y=0.00
  Position (with margin): x=0.00, y=0.00

Computed Styles:
  display: block
==========================


=== DEBUG: Body children before printElementLayoutInfo ===
Body children count: 9
Body DOM node children:
  DOM Child[0]: text (node_type: .text)
  DOM Child[1]: text (node_type: .text)
  DOM Child[2]: title (node_type: .element)
  DOM Child[3]: text (node_type: .text)
  DOM Child[4]: text (node_type: .text)
  DOM Child[5]: h1 (node_type: .element)
  DOM Child[6]: text (node_type: .text)
  DOM Child[7]: p (node_type: .element)
  DOM Child[8]: text (node_type: .text)
  Layout Child[0]: text (node_type: .text)
  Layout Child[1]: text (node_type: .text)
  Layout Child[2]: title (node_type: .element)
  Layout Child[3]: text (node_type: .text)
  Layout Child[4]: text (node_type: .text)
  Layout Child[5]: h1 (node_type: .element)
  Layout Child[6]: text (node_type: .text)
  Layout Child[7]: p (node_type: .element)
  Layout Child[8]: text (node_type: .text)
=== END DEBUG ===


=== Element Layout Info ===
Tag: body

Box Model:
  Margin: top=0.00, right=0.00, bottom=0.00, left=0.00
  Border: top=0.00, right=0.00, bottom=0.00, left=0.00
  Padding: top=0.00, right=0.00, bottom=0.00, left=0.00
  Content: x=0.00, y=0.00, width=400.00, height=145.44
  Total Size: width=400.00, height=145.44
  Actual Position (content box): x=0.00, y=0.00
  Position (with margin): x=0.00, y=0.00

Computed Styles:
  display: block
==========================

DEBUG: Found h1 element!

=== Element Layout Info ===
Tag: h1

Box Model:
  Margin: top=16.08, right=0.00, bottom=16.08, left=0.00
  Border: top=0.00, right=0.00, bottom=0.00, left=0.00
  Padding: top=0.00, right=0.00, bottom=0.00, left=0.00
  Content: x=0.00, y=16.08, width=400.00, height=62.08
  Total Size: width=400.00, height=62.08
  Actual Position (content box): x=0.00, y=16.08
  Position (with margin): x=0.00, y=0.00

Computed Styles:
  display: block
==========================

[LAYOUT] Element: html, is_root: true
  margin: top=0.0, right=0.0, bottom=0.0, left=0.0
  padding: top=0.0, right=0.0, bottom=0.0, left=0.0
  content: x=0.0, y=0.0, width=100.0, height=0.0
  containing_block: width=100.0, height=100.0
[LAYOUT] Root element (html) position set to (0, 0)
[LAYOUT] Element: body, is_root: false
  margin: top=0.0, right=0.0, bottom=0.0, left=0.0
  padding: top=0.0, right=0.0, bottom=0.0, left=0.0
  content: x=0.0, y=0.0, width=100.0, height=0.0
  containing_block: width=100.0, height=100.0
[LAYOUT] Body element position set: x=0.0, y=0.0 (margin: left=0.0, top=0.0)
[LAYOUT] Child element: body (parent: html)
  parent.content: x=0.0, y=0.0
  parent.padding: left=0.0, top=0.0
  child.margin: left=0.0, top=0.0
  y (accumulated): 0.0
  child.content: x=0.0 (was 0.0), y=0.0 (was 0.0)
  [UPDATE Y] child: body, content_height=0.0, margin.bottom=0.0, total_height=0.0, y after=0.0
[LAYOUT] Element: body, is_root: false
  margin: top=0.0, right=0.0, bottom=0.0, left=0.0
  padding: top=0.0, right=0.0, bottom=0.0, left=0.0
  content: x=0.0, y=0.0, width=100.0, height=0.0
  containing_block: width=100.0, height=0.0
[LAYOUT] Body element position set: x=0.0, y=0.0 (margin: left=0.0, top=0.0)

=== Element Layout Info ===
Tag: html

Box Model:
  Margin: top=0.00, right=0.00, bottom=0.00, left=0.00
  Border: top=0.00, right=0.00, bottom=0.00, left=0.00
  Padding: top=0.00, right=0.00, bottom=0.00, left=0.00
  Content: x=0.00, y=0.00, width=100.00, height=0.00
  Total Size: width=100.00, height=0.00
  Actual Position (content box): x=0.00, y=0.00
  Position (with margin): x=0.00, y=0.00

Computed Styles:
  display: block
==========================


=== DEBUG: Body children before printElementLayoutInfo ===
Body children count: 3
Body DOM node children:
  DOM Child[0]: text (node_type: .text)
  DOM Child[1]: text (node_type: .text)
  DOM Child[2]: text (node_type: .text)
  Layout Child[0]: text (node_type: .text)
  Layout Child[1]: text (node_type: .text)
  Layout Child[2]: text (node_type: .text)
=== END DEBUG ===


=== Element Layout Info ===
Tag: body

Box Model:
  Margin: top=0.00, right=0.00, bottom=0.00, left=0.00
  Border: top=0.00, right=0.00, bottom=0.00, left=0.00
  Padding: top=0.00, right=0.00, bottom=0.00, left=0.00
  Content: x=0.00, y=0.00, width=100.00, height=0.00
  Total Size: width=100.00, height=0.00
  Actual Position (content box): x=0.00, y=0.00
  Position (with margin): x=0.00, y=0.00

Computed Styles:
  display: block
==========================

DEBUG: h1 element not found in body (children count: 3)
